{"level":"debug","Logging":"info","time":"2023-07-12T03:01:17Z","message":"Config"}
{"level":"debug","UseTLS":false,"time":"2023-07-12T03:01:17Z","message":"Config"}
{"level":"debug","CACertFile":"tls-data/ca.pem","time":"2023-07-12T03:01:17Z","message":"Config"}
{"level":"debug","KeyFile":"tls-data/auth.key","time":"2023-07-12T03:01:17Z","message":"Config"}
{"level":"debug","CertFile":"tls-data/auth.pem","time":"2023-07-12T03:01:17Z","message":"Config"}
{"level":"debug","PriorityConnections":2,"time":"2023-07-12T03:01:17Z","message":"Config"}
{"level":"debug","BasicConnections":2,"time":"2023-07-12T03:01:17Z","message":"Config"}
{"level":"debug","TestConnections":false,"time":"2023-07-12T03:01:17Z","message":"Config"}
{"level":"debug","ExcessConnections":1,"time":"2023-07-12T03:01:17Z","message":"Config"}
{"level":"debug","ConnectionTestMsgs":4,"time":"2023-07-12T03:01:17Z","message":"Config"}
{"level":"debug","ConnectionTestPayload":131072,"time":"2023-07-12T03:01:17Z","message":"Config"}
{"level":"debug","OutMessageBufsize":1024,"time":"2023-07-12T03:01:17Z","message":"Config"}
{"level":"debug","OutMessageBufsize":2,"time":"2023-07-12T03:01:17Z","message":"Config"}
{"level":"debug","ThroughputCap":131072000,"time":"2023-07-12T03:01:17Z","message":"Config"}
{"level":"debug","StragglerTolerance":1000,"time":"2023-07-12T03:01:17Z","message":"Config"}
{"level":"debug","BatchSizeIncrement":256,"time":"2023-07-12T03:01:17Z","message":"Config"}
{"level":"debug","Orderer":"Pbft","time":"2023-07-12T03:01:17Z","message":"Config"}
{"level":"debug","Manager":"Mir","time":"2023-07-12T03:01:17Z","message":"Config"}
{"level":"debug","Failures":0,"time":"2023-07-12T03:01:17Z","message":"Config"}
{"level":"debug","StragglerCnt":0,"time":"2023-07-12T03:01:17Z","message":"Config"}
{"level":"debug","PrivKeyCnt":10,"time":"2023-07-12T03:01:17Z","message":"Config"}
{"level":"debug","UseSig":false,"time":"2023-07-12T03:01:17Z","message":"Config"}
{"level":"debug","TnCheckpointCnt":3,"time":"2023-07-12T03:01:17Z","message":"Config"}
{"level":"debug","CrashTiming":"Straggler","time":"2023-07-12T03:01:17Z","message":"Config"}
{"level":"debug","CheckpointInterval":512,"time":"2023-07-12T03:01:17Z","message":"Config"}
{"level":"debug","WatermarkWindowSize":512,"time":"2023-07-12T03:01:17Z","message":"Config"}
{"level":"debug","EpochLength":512,"time":"2023-07-12T03:01:17Z","message":"Config"}
{"level":"debug","SegmentLength":64,"time":"2023-07-12T03:01:17Z","message":"Config"}
{"level":"debug","WaitForCheckpoints":true,"time":"2023-07-12T03:01:17Z","message":"Config"}
{"level":"debug","ClientWatermarkWindowSize":65536,"time":"2023-07-12T03:01:17Z","message":"Config"}
{"level":"debug","ClientRequestBacklogSize":65536,"time":"2023-07-12T03:01:17Z","message":"Config"}
{"level":"debug","RandomSeed":26901,"time":"2023-07-12T03:01:17Z","message":"Config"}
{"level":"debug","NodeToLeaderRatio":1,"time":"2023-07-12T03:01:17Z","message":"Config"}
{"level":"debug","LeaderPolicy":"Simple","time":"2023-07-12T03:01:17Z","message":"Config"}
{"level":"debug","DefaultLeaderBan":2,"time":"2023-07-12T03:01:17Z","message":"Config"}
{"level":"debug","NumBuckets":128,"time":"2023-07-12T03:01:17Z","message":"Config"}
{"level":"debug","BatchSize":1000,"time":"2023-07-12T03:01:17Z","message":"Config"}
{"level":"debug","DisabledViewChange":false,"time":"2023-07-12T03:01:17Z","message":"Config"}
{"level":"debug","ViewChangeTimeout":60000,"time":"2023-07-12T03:01:17Z","message":"Config"}
{"level":"debug","ClientTraceSampling":10,"time":"2023-07-12T03:01:17Z","message":"Config"}
{"level":"debug","EventBufferSize":2097152,"time":"2023-07-12T03:01:17Z","message":"Config"}
{"level":"debug","TraceSampling":1,"time":"2023-07-12T03:01:17Z","message":"Config"}
{"level":"debug","ClientsPerProcess":4,"time":"2023-07-12T03:01:17Z","message":"Config"}
{"level":"debug","RequestsPerClient":18750,"time":"2023-07-12T03:01:17Z","message":"Config"}
{"level":"debug","ClientRunTime":15000,"time":"2023-07-12T03:01:17Z","message":"Config"}
{"level":"debug","RequestRate":625,"time":"2023-07-12T03:01:17Z","message":"Config"}
{"level":"debug","HardRequestRateLimit":false,"time":"2023-07-12T03:01:17Z","message":"Config"}
{"level":"debug","RequestPayloadSize":500,"time":"2023-07-12T03:01:17Z","message":"Config"}
{"level":"debug","SignRequests":true,"time":"2023-07-12T03:01:17Z","message":"Config"}
{"level":"debug","ClientPrivKeyFile":"tls-data/client-ecdsa-256.key","time":"2023-07-12T03:01:17Z","message":"Config"}
{"level":"debug","ClientPubKeyFile":"tls-data/client-ecdsa-256.pem","time":"2023-07-12T03:01:17Z","message":"Config"}
{"level":"debug","PrecomputeRequests":false,"time":"2023-07-12T03:01:17Z","message":"Config"}
{"level":"debug","RequestHandlerThreads":32,"time":"2023-07-12T03:01:17Z","message":"Config"}
{"level":"debug","RequestInputChannelBuffer":8192,"time":"2023-07-12T03:01:17Z","message":"Config"}
{"level":"debug","BatchVerifier":"external","time":"2023-07-12T03:01:17Z","message":"Config"}
03:01:17.520 INF Registered with discovery server. numPeers=8 ownID=4
03:01:17.529 INF Profiling enabled.
03:01:17.529 INF Setting up profiling.
03:01:17.529 INF Started Profiler: CPU
03:01:17.529 INF Started Profiler: BLOCK
03:01:17.529 INF Started Profiler: MUTEX
03:01:17.529 INF Profiler will stop on signal. exit=true
03:01:17.531 INF Tracing will stop on signal. exit=false
03:01:17.532 INF Started tracing. traceFile=experiment-output/0001/slave-000/peer.trc
03:01:17.532 INF Listening for connections. port=10044 useTLS=false
03:01:17.532 INF Connecting to peer. addr=172.31.73.197:10044 basicConns=2 priorityConns=2
03:01:17.532 INF Connecting to peer. addr=172.31.71.78:10033 basicConns=2 priorityConns=2
03:01:17.532 INF Connecting to peer. addr=172.31.71.172:10055 basicConns=2 priorityConns=2
03:01:17.532 INF Connecting to peer. addr=172.31.73.225:10066 basicConns=2 priorityConns=2
03:01:17.532 INF Connecting to peer. addr=172.31.68.97:10000 basicConns=2 priorityConns=2
03:01:17.532 INF Connecting to peer. addr=172.31.65.108:10011 basicConns=2 priorityConns=2
03:01:17.532 INF Connecting to peer. addr=172.31.68.121:10022 basicConns=2 priorityConns=2
03:01:17.532 INF Connecting to peer. addr=172.31.70.121:10077 basicConns=2 priorityConns=2
03:01:17.534 INF Incoming connection for protocol messages. addr=172.31.73.197:55240
03:01:17.534 INF Incoming connection for protocol messages. addr=172.31.73.197:55236
03:01:17.534 INF Incoming connection for protocol messages. addr=172.31.73.197:55234
03:01:17.534 INF Incoming connection for protocol messages. addr=172.31.73.197:55238
03:01:17.746 INF Incoming connection for protocol messages. addr=172.31.73.225:33928
03:01:17.749 INF Incoming connection for protocol messages. addr=172.31.71.172:38978
03:01:17.751 INF Incoming connection for protocol messages. addr=172.31.71.78:50220
03:01:17.752 INF Incoming connection for protocol messages. addr=172.31.73.225:33932
03:01:17.759 INF Incoming connection for protocol messages. addr=172.31.68.97:47088
03:01:17.760 INF Incoming connection for protocol messages. addr=172.31.71.78:50218
03:01:17.760 INF Incoming connection for protocol messages. addr=172.31.70.121:40592
03:01:17.760 INF Incoming connection for protocol messages. addr=172.31.68.121:39332
03:01:17.762 INF Incoming connection for protocol messages. addr=172.31.70.121:40586
03:01:17.770 INF Incoming connection for protocol messages. addr=172.31.68.97:47086
03:01:17.770 INF Incoming connection for protocol messages. addr=172.31.65.108:54982
03:01:17.771 INF Connected to all peers.
03:01:17.772 INF Incoming connection for protocol messages. addr=172.31.65.108:54976
03:01:17.773 INF Incoming connection for protocol messages. addr=172.31.71.78:50214
03:01:17.774 INF Incoming connection for protocol messages. addr=172.31.71.172:38980
03:01:17.775 INF Incoming connection for protocol messages. addr=172.31.70.121:40590
03:01:17.775 INF Incoming connection for protocol messages. addr=172.31.71.172:38982
03:01:17.778 INF Incoming connection for protocol messages. addr=172.31.65.108:54980
03:01:17.786 INF Incoming connection for protocol messages. addr=172.31.68.121:39324
03:01:17.787 INF Incoming connection for protocol messages. addr=172.31.71.78:50216
03:01:17.788 INF Incoming connection for protocol messages. addr=172.31.71.172:38984
03:01:17.794 INF Incoming connection for protocol messages. addr=172.31.68.121:39326
03:01:17.802 INF Incoming connection for protocol messages. addr=172.31.65.108:54978
03:01:17.802 INF Incoming connection for protocol messages. addr=172.31.73.225:33930
03:01:17.805 INF Incoming connection for protocol messages. addr=172.31.68.121:39330
03:01:17.810 INF Incoming connection for protocol messages. addr=172.31.68.97:47090
03:01:17.823 INF Incoming connection for protocol messages. addr=172.31.68.97:47084
03:01:17.826 INF Incoming connection for protocol messages. addr=172.31.73.225:33926
03:01:17.828 INF Incoming connection for protocol messages. addr=172.31.70.121:40584
03:01:18.104 INF All peers finished connecting. Starting ISS.
03:01:18.105 INF PbftOrderer received a new segment: [6 14 22 30 38 46 54 62 70 78 86 94 102 110 118 126 134 142 150 158 166 174 182 190 198 206 214 222 230 238 246 254 262 270 278 286 294 302 310 318 326 334 342 350 358 366 374 382 390 398 406 414 422 430 438 446 454 462 470 478 486 494 502 510] first leader=6 firstSN=6 lastSN=510 len=64 length=64 segId=6
03:01:18.108 INF Starting new view. segID=6 timeout=60000 view=0
03:01:18.109 INF Starting PBFT instance. first=6 last=510 segID=6
03:01:18.109 INF PbftOrderer received a new segment: [7 15 23 31 39 47 55 63 71 79 87 95 103 111 119 127 135 143 151 159 167 175 183 191 199 207 215 223 231 239 247 255 263 271 279 287 295 303 311 319 327 335 343 351 359 367 375 383 391 399 407 415 423 431 439 447 455 463 471 479 487 495 503 511] first leader=7 firstSN=7 lastSN=511 len=64 length=64 segId=7
03:01:18.109 INF Starting new view. segID=7 timeout=60000 view=0
03:01:18.109 INF Starting serialized message processing. segID=6
03:01:18.109 INF Starting PBFT instance. first=7 last=511 segID=7
03:01:18.109 INF PbftOrderer received a new segment: [0 8 16 24 32 40 48 56 64 72 80 88 96 104 112 120 128 136 144 152 160 168 176 184 192 200 208 216 224 232 240 248 256 264 272 280 288 296 304 312 320 328 336 344 352 360 368 376 384 392 400 408 416 424 432 440 448 456 464 472 480 488 496 504] first leader=0 firstSN=0 lastSN=504 len=64 length=64 segId=0
03:01:18.109 INF Starting serialized message processing. segID=7
03:01:18.109 INF Starting new view. segID=0 timeout=60000 view=0
03:01:18.109 INF Starting PBFT instance. first=0 last=504 segID=0
03:01:18.109 INF PbftOrderer received a new segment: [1 9 17 25 33 41 49 57 65 73 81 89 97 105 113 121 129 137 145 153 161 169 177 185 193 201 209 217 225 233 241 249 257 265 273 281 289 297 305 313 321 329 337 345 353 361 369 377 385 393 401 409 417 425 433 441 449 457 465 473 481 489 497 505] first leader=1 firstSN=1 lastSN=505 len=64 length=64 segId=1
03:01:18.109 INF Starting serialized message processing. segID=0
03:01:18.109 INF Starting new view. segID=1 timeout=60000 view=0
03:01:18.109 INF Starting PBFT instance. first=1 last=505 segID=1
03:01:18.109 INF Starting serialized message processing. segID=1
03:01:18.109 INF PbftOrderer received a new segment: [2 10 18 26 34 42 50 58 66 74 82 90 98 106 114 122 130 138 146 154 162 170 178 186 194 202 210 218 226 234 242 250 258 266 274 282 290 298 306 314 322 330 338 346 354 362 370 378 386 394 402 410 418 426 434 442 450 458 466 474 482 490 498 506] first leader=2 firstSN=2 lastSN=506 len=64 length=64 segId=2
03:01:18.109 INF Starting new view. segID=2 timeout=60000 view=0
03:01:18.110 INF Starting PBFT instance. first=2 last=506 segID=2
03:01:18.110 INF PbftOrderer received a new segment: [3 11 19 27 35 43 51 59 67 75 83 91 99 107 115 123 131 139 147 155 163 171 179 187 195 203 211 219 227 235 243 251 259 267 275 283 291 299 307 315 323 331 339 347 355 363 371 379 387 395 403 411 419 427 435 443 451 459 467 475 483 491 499 507] first leader=3 firstSN=3 lastSN=507 len=64 length=64 segId=3
03:01:18.110 INF Starting serialized message processing. segID=2
03:01:18.110 INF Starting new view. segID=3 timeout=60000 view=0
03:01:18.110 INF Starting PBFT instance. first=3 last=507 segID=3
03:01:18.110 INF Starting serialized message processing. segID=3
03:01:18.110 INF PbftOrderer received a new segment: [4 12 20 28 36 44 52 60 68 76 84 92 100 108 116 124 132 140 148 156 164 172 180 188 196 204 212 220 228 236 244 252 260 268 276 284 292 300 308 316 324 332 340 348 356 364 372 380 388 396 404 412 420 428 436 444 452 460 468 476 484 492 500 508] first leader=4 firstSN=4 lastSN=508 len=64 length=64 segId=4
03:01:18.110 INF Starting new view. segID=4 timeout=60000 view=0
03:01:18.110 INF Starting PBFT instance. first=4 last=508 segID=4
03:01:18.110 INF PbftOrderer received a new segment: [5 13 21 29 37 45 53 61 69 77 85 93 101 109 117 125 133 141 149 157 165 173 181 189 197 205 213 221 229 237 245 253 261 269 277 285 293 301 309 317 325 333 341 349 357 365 373 381 389 397 405 413 421 429 437 445 453 461 469 477 485 493 501 509] first leader=5 firstSN=5 lastSN=509 len=64 length=64 segId=5
03:01:18.110 INF Starting serialized message processing. segID=4
03:01:18.110 INF Starting new view. segID=5 timeout=60000 view=0
03:01:18.110 INF Starting PBFT instance. first=5 last=509 segID=5
03:01:18.110 INF Starting serialized message processing. segID=5
03:01:18.801 INF Incoming connection for requests. addr=3.235.225.255:49356
03:01:18.806 INF Incoming connection for requests. addr=18.210.22.81:53136
03:01:18.809 INF Incoming connection for requests. addr=44.211.25.26:52342
03:01:18.809 INF Incoming connection for requests. addr=3.235.225.255:49358
03:01:18.810 INF Incoming connection for requests. addr=3.239.75.51:54822
03:01:18.810 INF Incoming connection for requests. addr=44.211.25.26:52344
03:01:18.813 INF Incoming connection for requests. addr=44.192.21.117:57650
03:01:18.815 INF Incoming connection for requests. addr=3.239.75.51:54826
03:01:18.817 INF Incoming connection for requests. addr=100.25.42.164:34376
03:01:18.820 INF Incoming connection for requests. addr=44.213.81.69:45430
03:01:18.821 INF Incoming connection for requests. addr=3.229.130.176:40106
03:01:18.825 INF Incoming connection for requests. addr=44.213.81.69:45428
03:01:18.828 INF Incoming connection for requests. addr=34.236.216.38:49362
03:01:18.832 INF Incoming connection for requests. addr=3.239.120.107:58294
03:01:18.834 INF Incoming connection for requests. addr=3.236.99.66:34000
03:01:18.835 INF Incoming connection for requests. addr=18.210.22.81:53132
03:01:18.837 INF Incoming connection for requests. addr=44.192.21.117:57646
03:01:18.839 INF Incoming connection for requests. addr=44.192.21.117:57648
03:01:18.841 INF Incoming connection for requests. addr=34.236.216.38:49366
03:01:18.843 INF Incoming connection for requests. addr=3.239.120.107:58292
03:01:18.847 INF Incoming connection for requests. addr=3.239.75.51:54820
03:01:18.847 INF Incoming connection for requests. addr=3.229.130.176:40108
03:01:18.848 INF Incoming connection for requests. addr=18.210.22.81:53130
03:01:18.849 INF Incoming connection for requests. addr=44.197.195.43:60588
03:01:18.849 INF Incoming connection for requests. addr=44.192.18.91:40388
03:01:18.849 INF Incoming connection for requests. addr=100.25.42.164:34370
03:01:18.850 INF Incoming connection for requests. addr=100.25.42.164:34374
03:01:18.851 INF Incoming connection for requests. addr=44.192.18.91:40386
03:01:18.852 INF Incoming connection for requests. addr=3.229.130.176:40110
03:01:18.853 INF Incoming connection for requests. addr=44.211.25.26:52346
03:01:18.853 INF Incoming connection for requests. addr=18.210.22.81:53134
03:01:18.854 INF Incoming connection for requests. addr=3.239.120.107:58296
03:01:18.855 INF Incoming connection for requests. addr=3.236.99.66:33994
03:01:18.856 INF Incoming connection for requests. addr=44.211.25.26:52340
03:01:18.857 INF Incoming connection for requests. addr=44.192.74.222:45614
03:01:18.857 INF Incoming connection for requests. addr=44.211.33.96:58786
03:01:18.857 INF Incoming connection for requests. addr=3.229.130.176:40112
03:01:18.861 INF Incoming connection for requests. addr=44.192.21.117:57644
03:01:18.864 INF Incoming connection for requests. addr=3.239.120.107:58298
03:01:18.865 INF Incoming connection for requests. addr=3.236.99.66:33996
03:01:18.867 INF Incoming connection for requests. addr=44.213.81.69:45424
03:01:18.870 INF Incoming connection for requests. addr=44.197.195.43:60590
03:01:18.874 INF Incoming connection for requests. addr=44.192.18.91:40382
03:01:18.875 INF Incoming connection for requests. addr=44.213.81.69:45426
03:01:18.879 INF Incoming connection for requests. addr=44.197.195.43:60592
03:01:18.881 INF Incoming connection for requests. addr=3.236.99.66:33998
03:01:18.882 INF Incoming connection for requests. addr=3.239.75.51:54824
03:01:18.886 INF Incoming connection for requests. addr=3.235.225.255:49364
03:01:18.887 INF Incoming connection for requests. addr=44.192.18.91:40384
03:01:18.888 INF Incoming connection for requests. addr=34.236.216.38:49364
03:01:18.889 INF Incoming connection for requests. addr=3.236.72.228:54474
03:01:18.889 INF Incoming connection for requests. addr=44.197.195.43:60594
03:01:18.891 INF Incoming connection for requests. addr=34.236.216.38:49368
03:01:18.897 INF Incoming connection for requests. addr=44.192.74.222:45612
03:01:18.898 INF Incoming connection for requests. addr=3.235.225.255:49360
03:01:18.901 INF Incoming connection for requests. addr=100.25.42.164:34378
03:01:18.907 INF Incoming connection for requests. addr=44.211.33.96:58788
03:01:18.909 INF Incoming connection for requests. addr=3.236.72.228:54478
03:01:18.934 INF Incoming connection for requests. addr=3.236.72.228:54480
03:01:18.934 INF Incoming connection for requests. addr=44.192.74.222:45624
03:01:18.943 INF Incoming connection for requests. addr=44.192.74.222:45620
03:01:18.949 INF Incoming connection for requests. addr=44.211.33.96:58784
03:01:18.951 INF Incoming connection for requests. addr=3.236.72.228:54476
03:01:18.975 INF Incoming connection for requests. addr=44.211.33.96:58782
03:01:19.110 INF enter big block cursn=4
03:01:19.123 INF Sending PREPREPARE. nReq=329 senderID=4 sn=4 view=0
03:01:19.282 INF Handling PREPREPARE. nReq=193 senderID=3 sn=3
03:01:19.358 INF Handling PREPREPARE. nReq=241 senderID=2 sn=2
03:01:19.369 INF Get logEntry.Sn from tn. SegID=3 Tn=1 logEntry.Sn=3 origin_sn=3
03:01:19.369 INF Committed entry. latency=0 nReq=193 sn=3
03:01:19.379 INF Handling PREPREPARE. nReq=255 senderID=7 sn=7
03:01:19.398 INF Handling PREPREPARE. nReq=255 senderID=6 sn=6
03:01:19.474 INF Handling PREPREPARE. nReq=337 senderID=0 sn=0
03:01:19.489 INF Get logEntry.Sn from tn. SegID=2 Tn=1 logEntry.Sn=2 origin_sn=2
03:01:19.489 INF Committed entry. latency=0 nReq=241 sn=2
03:01:19.504 INF Get logEntry.Sn from tn. SegID=7 Tn=1 logEntry.Sn=7 origin_sn=7
03:01:19.504 INF Committed entry. latency=0 nReq=255 sn=7
03:01:19.512 INF Handling PREPREPARE. nReq=345 senderID=1 sn=1
03:01:19.526 INF Get logEntry.Sn from tn. SegID=6 Tn=1 logEntry.Sn=6 origin_sn=6
03:01:19.526 INF Committed entry. latency=0 nReq=255 sn=6
03:01:19.527 INF Handling PREPREPARE. nReq=337 senderID=5 sn=5
03:01:19.613 INF Get logEntry.Sn from tn. SegID=1 Tn=1 logEntry.Sn=1 origin_sn=1
03:01:19.613 INF Committed entry. latency=0 nReq=345 sn=1
03:01:19.628 INF Get logEntry.Sn from tn. SegID=5 Tn=1 logEntry.Sn=5 origin_sn=5
03:01:19.628 INF Committed entry. latency=0 nReq=337 sn=5
03:01:19.631 INF Get logEntry.Sn from tn. SegID=4 Tn=1 logEntry.Sn=4 origin_sn=4
03:01:19.631 INF Committed entry. latency=0 nReq=329 sn=4
03:01:19.631 INF Set TRUE. preSn=4 sn=12
03:01:19.651 INF Get logEntry.Sn from tn. SegID=0 Tn=1 logEntry.Sn=0 origin_sn=0
03:01:19.651 INF Committed entry. latency=0 nReq=337 sn=0
03:01:19.651 INF Delivered batch. nReq=337 sn=0
03:01:19.651 INF Delivered batch. nReq=345 sn=1
03:01:19.651 INF Delivered batch. nReq=241 sn=2
03:01:19.651 INF Delivered batch. nReq=193 sn=3
03:01:19.651 INF Delivered batch. nReq=329 sn=4
03:01:19.651 INF Delivered batch. nReq=337 sn=5
03:01:19.651 INF Delivered batch. nReq=255 sn=6
03:01:19.651 INF Delivered batch. nReq=255 sn=7
03:01:19.918 INF enter big block cursn=12
03:01:20.077 INF Sending PREPREPARE. nReq=4096 senderID=4 sn=12 view=0
03:01:21.004 INF Handling PREPREPARE. nReq=4096 senderID=3 sn=11
03:01:21.109 INF Handling PREPREPARE. nReq=4096 senderID=2 sn=10
03:01:21.213 INF Handling PREPREPARE. nReq=4096 senderID=5 sn=13
03:01:21.273 INF Handling PREPREPARE. nReq=4096 senderID=1 sn=9
03:01:21.454 INF Handling PREPREPARE. nReq=4096 senderID=0 sn=8
03:01:21.586 INF Handling PREPREPARE. nReq=4096 senderID=7 sn=15
03:01:21.713 INF Handling PREPREPARE. nReq=4096 senderID=6 sn=14
03:01:22.206 INF Get logEntry.Sn from tn. SegID=1 Tn=2 logEntry.Sn=9 origin_sn=9
03:01:22.206 INF Committed entry. latency=0 nReq=4096 sn=9
03:01:22.215 INF Get logEntry.Sn from tn. SegID=0 Tn=2 logEntry.Sn=8 origin_sn=8
03:01:22.215 INF Committed entry. latency=0 nReq=4096 sn=8
03:01:22.215 INF Delivered batch. nReq=4096 sn=8
03:01:22.215 INF Delivered batch. nReq=4096 sn=9
03:01:22.223 INF Get logEntry.Sn from tn. SegID=3 Tn=2 logEntry.Sn=11 origin_sn=11
03:01:22.223 INF Committed entry. latency=0 nReq=4096 sn=11
03:01:22.224 INF Get logEntry.Sn from tn. SegID=7 Tn=2 logEntry.Sn=15 origin_sn=15
03:01:22.224 INF Committed entry. latency=0 nReq=4096 sn=15
03:01:22.224 INF Get logEntry.Sn from tn. SegID=2 Tn=2 logEntry.Sn=10 origin_sn=10
03:01:22.224 INF Committed entry. latency=0 nReq=4096 sn=10
03:01:22.224 INF Delivered batch. nReq=4096 sn=10
03:01:22.224 INF Delivered batch. nReq=4096 sn=11
03:01:22.286 INF Get logEntry.Sn from tn. SegID=5 Tn=2 logEntry.Sn=13 origin_sn=13
03:01:22.287 INF Committed entry. latency=0 nReq=4096 sn=13
03:01:22.297 INF Get logEntry.Sn from tn. SegID=4 Tn=2 logEntry.Sn=12 origin_sn=12
03:01:22.297 INF Committed entry. latency=0 nReq=4096 sn=12
03:01:22.297 INF Delivered batch. nReq=4096 sn=12
03:01:22.297 INF Delivered batch. nReq=4096 sn=13
03:01:22.297 INF Set TRUE. preSn=12 sn=20
03:01:22.304 INF Get logEntry.Sn from tn. SegID=6 Tn=2 logEntry.Sn=14 origin_sn=14
03:01:22.304 INF Committed entry. latency=0 nReq=4096 sn=14
03:01:22.304 INF Delivered batch. nReq=4096 sn=14
03:01:22.304 INF Delivered batch. nReq=4096 sn=15
03:01:22.368 INF enter big block cursn=20
03:01:22.523 INF Sending PREPREPARE. nReq=4096 senderID=4 sn=20 view=0
03:01:23.126 INF Handling PREPREPARE. nReq=4096 senderID=2 sn=18
03:01:23.294 INF Handling PREPREPARE. nReq=4096 senderID=1 sn=17
03:01:23.296 INF Handling PREPREPARE. nReq=4096 senderID=7 sn=23
03:01:23.336 INF Handling PREPREPARE. nReq=4096 senderID=3 sn=19
03:01:23.459 INF Handling PREPREPARE. nReq=4096 senderID=0 sn=16
03:01:23.622 INF Handling PREPREPARE. nReq=4096 senderID=5 sn=21
03:01:24.094 INF Get logEntry.Sn from tn. SegID=4 Tn=3 logEntry.Sn=20 origin_sn=20
03:01:24.094 INF Committed entry. latency=0 nReq=4096 sn=20
03:01:24.095 INF Set TRUE. preSn=20 sn=28
03:01:24.098 INF Handling PREPREPARE. nReq=4096 senderID=6 sn=22
03:01:24.117 INF Get logEntry.Sn from tn. SegID=0 Tn=3 logEntry.Sn=16 origin_sn=16
03:01:24.117 INF Committed entry. latency=0 nReq=4096 sn=16
03:01:24.117 INF Delivered batch. nReq=4096 sn=16
03:01:24.122 INF enter big block cursn=28
03:01:24.194 INF Get logEntry.Sn from tn. SegID=1 Tn=3 logEntry.Sn=17 origin_sn=17
03:01:24.194 INF Committed entry. latency=0 nReq=4096 sn=17
03:01:24.194 INF Delivered batch. nReq=4096 sn=17
03:01:24.367 INF Get logEntry.Sn from tn. SegID=7 Tn=3 logEntry.Sn=23 origin_sn=23
03:01:24.367 INF Committed entry. latency=0 nReq=4096 sn=23
03:01:24.439 INF Get logEntry.Sn from tn. SegID=2 Tn=3 logEntry.Sn=18 origin_sn=18
03:01:24.439 INF Committed entry. latency=0 nReq=4096 sn=18
03:01:24.439 INF Delivered batch. nReq=4096 sn=18
03:01:24.446 INF Sending PREPREPARE. nReq=4096 senderID=4 sn=28 view=0
03:01:24.449 INF Get logEntry.Sn from tn. SegID=5 Tn=3 logEntry.Sn=21 origin_sn=21
03:01:24.449 INF Committed entry. latency=0 nReq=4096 sn=21
03:01:24.450 INF Get logEntry.Sn from tn. SegID=3 Tn=3 logEntry.Sn=19 origin_sn=19
03:01:24.450 INF Committed entry. latency=0 nReq=4096 sn=19
03:01:24.450 INF Delivered batch. nReq=4096 sn=19
03:01:24.450 INF Delivered batch. nReq=4096 sn=20
03:01:24.450 INF Delivered batch. nReq=4096 sn=21
03:01:24.617 INF Get logEntry.Sn from tn. SegID=6 Tn=3 logEntry.Sn=22 origin_sn=22
03:01:24.618 INF Committed entry. latency=0 nReq=4096 sn=22
03:01:24.618 INF Delivered batch. nReq=4096 sn=22
03:01:24.618 INF Delivered batch. nReq=4096 sn=23
03:01:24.951 INF Handling PREPREPARE. nReq=4096 senderID=1 sn=25
03:01:25.136 INF Handling PREPREPARE. nReq=4096 senderID=2 sn=26
03:01:25.383 INF Handling PREPREPARE. nReq=4096 senderID=5 sn=29
03:01:25.470 INF Handling PREPREPARE. nReq=4096 senderID=0 sn=24
03:01:25.819 INF Get logEntry.Sn from tn. SegID=0 Tn=4 logEntry.Sn=24 origin_sn=24
03:01:25.819 INF Committed entry. latency=0 nReq=4096 sn=24
03:01:25.819 INF Delivered batch. nReq=4096 sn=24
03:01:25.975 INF Get logEntry.Sn from tn. SegID=4 Tn=4 logEntry.Sn=28 origin_sn=28
03:01:25.975 INF Committed entry. latency=0 nReq=4096 sn=28
03:01:25.975 INF Set TRUE. preSn=28 sn=36
03:01:25.989 INF enter big block cursn=36
03:01:26.119 INF Get logEntry.Sn from tn. SegID=5 Tn=4 logEntry.Sn=29 origin_sn=29
03:01:26.119 INF Committed entry. latency=0 nReq=4096 sn=29
03:01:26.128 INF Handling PREPREPARE. nReq=4096 senderID=6 sn=30
03:01:26.137 INF Get logEntry.Sn from tn. SegID=2 Tn=4 logEntry.Sn=26 origin_sn=26
03:01:26.137 INF Committed entry. latency=0 nReq=4096 sn=26
03:01:26.219 INF Get logEntry.Sn from tn. SegID=1 Tn=4 logEntry.Sn=25 origin_sn=25
03:01:26.219 INF Committed entry. latency=0 nReq=4096 sn=25
03:01:26.219 INF Delivered batch. nReq=4096 sn=25
03:01:26.219 INF Delivered batch. nReq=4096 sn=26
03:01:26.306 INF Sending PREPREPARE. nReq=4096 senderID=4 sn=36 view=0
03:01:26.569 INF Get logEntry.Sn from tn. SegID=6 Tn=4 logEntry.Sn=30 origin_sn=30
03:01:26.569 INF Committed entry. latency=0 nReq=4096 sn=30
03:01:26.787 INF Handling PREPREPARE. nReq=4096 senderID=3 sn=27
03:01:26.878 INF Handling PREPREPARE. nReq=4096 senderID=1 sn=33
03:01:26.965 INF Handling PREPREPARE. nReq=4096 senderID=5 sn=37
03:01:27.225 INF Handling PREPREPARE. nReq=4096 senderID=7 sn=31
03:01:27.267 INF Get logEntry.Sn from tn. SegID=3 Tn=4 logEntry.Sn=27 origin_sn=27
03:01:27.267 INF Committed entry. latency=0 nReq=4096 sn=27
03:01:27.267 INF Delivered batch. nReq=4096 sn=27
03:01:27.267 INF Delivered batch. nReq=4096 sn=28
03:01:27.267 INF Delivered batch. nReq=4096 sn=29
03:01:27.267 INF Delivered batch. nReq=4096 sn=30
03:01:27.417 INF Handling PREPREPARE. nReq=4096 senderID=3 sn=35
03:01:27.541 INF Handling PREPREPARE. nReq=4096 senderID=0 sn=32
03:01:27.847 INF Get logEntry.Sn from tn. SegID=5 Tn=5 logEntry.Sn=37 origin_sn=37
03:01:27.847 INF Committed entry. latency=0 nReq=4096 sn=37
03:01:27.854 INF Handling PREPREPARE. nReq=4096 senderID=6 sn=38
03:01:27.857 INF Get logEntry.Sn from tn. SegID=7 Tn=4 logEntry.Sn=31 origin_sn=31
03:01:27.857 INF Committed entry. latency=0 nReq=4096 sn=31
03:01:27.857 INF Delivered batch. nReq=4096 sn=31
03:01:27.860 INF Get logEntry.Sn from tn. SegID=1 Tn=5 logEntry.Sn=33 origin_sn=33
03:01:27.860 INF Committed entry. latency=0 nReq=4096 sn=33
03:01:27.873 INF Get logEntry.Sn from tn. SegID=3 Tn=5 logEntry.Sn=35 origin_sn=35
03:01:27.873 INF Committed entry. latency=0 nReq=4096 sn=35
03:01:28.028 INF Get logEntry.Sn from tn. SegID=0 Tn=5 logEntry.Sn=32 origin_sn=32
03:01:28.028 INF Committed entry. latency=0 nReq=4096 sn=32
03:01:28.028 INF Delivered batch. nReq=4096 sn=32
03:01:28.028 INF Delivered batch. nReq=4096 sn=33
03:01:28.194 INF Get logEntry.Sn from tn. SegID=6 Tn=5 logEntry.Sn=38 origin_sn=38
03:01:28.194 INF Committed entry. latency=0 nReq=4096 sn=38
03:01:28.194 INF Get logEntry.Sn from tn. SegID=4 Tn=5 logEntry.Sn=36 origin_sn=36
03:01:28.194 INF Committed entry. latency=0 nReq=4096 sn=36
03:01:28.194 INF Set TRUE. preSn=36 sn=44
03:01:28.225 INF enter big block cursn=44
03:01:28.381 INF Sending PREPREPARE. nReq=4096 senderID=4 sn=44 view=0
03:01:28.609 INF Handling PREPREPARE. nReq=4096 senderID=2 sn=34
03:01:28.782 INF Handling PREPREPARE. nReq=4096 senderID=1 sn=41
03:01:28.948 INF Handling PREPREPARE. nReq=4096 senderID=5 sn=45
03:01:28.953 INF Get logEntry.Sn from tn. SegID=2 Tn=5 logEntry.Sn=34 origin_sn=34
03:01:28.954 INF Committed entry. latency=0 nReq=4096 sn=34
03:01:28.954 INF Delivered batch. nReq=4096 sn=34
03:01:28.954 INF Delivered batch. nReq=4096 sn=35
03:01:28.954 INF Delivered batch. nReq=4096 sn=36
03:01:28.954 INF Delivered batch. nReq=4096 sn=37
03:01:28.954 INF Delivered batch. nReq=4096 sn=38
03:01:29.005 INF Handling PREPREPARE. nReq=4096 senderID=7 sn=47
03:01:29.292 INF Handling PREPREPARE. nReq=4096 senderID=0 sn=40
03:01:29.465 INF Committed entry. latency=0 nReq=0 sn=39
03:01:29.465 INF Delivered batch. nReq=0 sn=39
03:01:29.465 INF Get logEntry.Sn from tn. Nil Blocks. SegID=7 logEntry.Sn=39
03:01:29.465 INF Get logEntry.Sn from tn. SegID=7 Tn=6 logEntry.Sn=47 origin_sn=47
03:01:29.465 INF Committed entry. latency=0 nReq=4096 sn=47
03:01:29.565 INF Handling PREPREPARE. nReq=4096 senderID=6 sn=46
03:01:29.683 INF Get logEntry.Sn from tn. SegID=5 Tn=6 logEntry.Sn=45 origin_sn=45
03:01:29.684 INF Committed entry. latency=0 nReq=4096 sn=45
03:01:29.735 INF Get logEntry.Sn from tn. SegID=0 Tn=6 logEntry.Sn=40 origin_sn=40
03:01:29.735 INF Committed entry. latency=0 nReq=4096 sn=40
03:01:29.735 INF Delivered batch. nReq=4096 sn=40
03:01:29.819 INF Handling PREPREPARE. nReq=4096 senderID=3 sn=43
03:01:29.994 INF Get logEntry.Sn from tn. SegID=1 Tn=6 logEntry.Sn=41 origin_sn=41
03:01:29.994 INF Committed entry. latency=0 nReq=4096 sn=41
03:01:29.994 INF Delivered batch. nReq=4096 sn=41
03:01:30.006 INF Get logEntry.Sn from tn. SegID=3 Tn=6 logEntry.Sn=43 origin_sn=43
03:01:30.006 INF Committed entry. latency=0 nReq=4096 sn=43
03:01:30.054 INF Get logEntry.Sn from tn. SegID=4 Tn=6 logEntry.Sn=44 origin_sn=44
03:01:30.054 INF Committed entry. latency=0 nReq=4096 sn=44
03:01:30.054 INF Set TRUE. preSn=44 sn=52
03:01:30.061 INF Get logEntry.Sn from tn. SegID=6 Tn=6 logEntry.Sn=46 origin_sn=46
03:01:30.061 INF Committed entry. latency=0 nReq=4096 sn=46
03:01:30.111 INF enter big block cursn=52
03:01:30.320 INF Sending PREPREPARE. nReq=4096 senderID=4 sn=52 view=0
03:01:30.405 INF Handling PREPREPARE. nReq=4096 senderID=2 sn=42
03:01:30.512 INF Handling PREPREPARE. nReq=4096 senderID=5 sn=53
03:01:30.763 INF Handling PREPREPARE. nReq=4096 senderID=0 sn=48
03:01:30.933 INF Handling PREPREPARE. nReq=4096 senderID=1 sn=49
03:01:31.097 INF Get logEntry.Sn from tn. SegID=0 Tn=7 logEntry.Sn=48 origin_sn=48
03:01:31.098 INF Committed entry. latency=0 nReq=4096 sn=48
03:01:31.102 INF Handling PREPREPARE. nReq=4096 senderID=6 sn=54
03:01:31.105 INF Handling PREPREPARE. nReq=4096 senderID=3 sn=51
03:01:31.219 INF Get logEntry.Sn from tn. SegID=2 Tn=6 logEntry.Sn=42 origin_sn=42
03:01:31.219 INF Committed entry. latency=0 nReq=4096 sn=42
03:01:31.219 INF Delivered batch. nReq=4096 sn=42
03:01:31.219 INF Delivered batch. nReq=4096 sn=43
03:01:31.219 INF Delivered batch. nReq=4096 sn=44
03:01:31.219 INF Delivered batch. nReq=4096 sn=45
03:01:31.219 INF Delivered batch. nReq=4096 sn=46
03:01:31.219 INF Delivered batch. nReq=4096 sn=47
03:01:31.219 INF Delivered batch. nReq=4096 sn=48
03:01:31.643 INF Get logEntry.Sn from tn. SegID=6 Tn=7 logEntry.Sn=54 origin_sn=54
03:01:31.643 INF Committed entry. latency=0 nReq=4096 sn=54
03:01:31.755 INF Get logEntry.Sn from tn. SegID=1 Tn=7 logEntry.Sn=49 origin_sn=49
03:01:31.755 INF Committed entry. latency=0 nReq=4096 sn=49
03:01:31.755 INF Delivered batch. nReq=4096 sn=49
03:01:31.764 INF Get logEntry.Sn from tn. SegID=3 Tn=7 logEntry.Sn=51 origin_sn=51
03:01:31.764 INF Committed entry. latency=0 nReq=4096 sn=51
03:01:31.889 INF Get logEntry.Sn from tn. SegID=5 Tn=7 logEntry.Sn=53 origin_sn=53
03:01:31.889 INF Committed entry. latency=0 nReq=4096 sn=53
03:01:32.038 INF Get logEntry.Sn from tn. SegID=4 Tn=7 logEntry.Sn=52 origin_sn=52
03:01:32.038 INF Committed entry. latency=0 nReq=4096 sn=52
03:01:32.038 INF Set TRUE. preSn=52 sn=60
03:01:32.060 INF enter big block cursn=60
03:01:32.215 INF Sending PREPREPARE. nReq=4096 senderID=4 sn=60 view=0
03:01:32.427 INF Handling PREPREPARE. nReq=4096 senderID=7 sn=55
03:01:32.607 INF Get logEntry.Sn from tn. SegID=7 Tn=7 logEntry.Sn=55 origin_sn=55
03:01:32.607 INF Committed entry. latency=0 nReq=4096 sn=55
03:01:32.690 INF Handling PREPREPARE. nReq=4096 senderID=1 sn=57
03:01:32.903 INF Handling PREPREPARE. nReq=4096 senderID=6 sn=62
03:01:33.048 INF Handling PREPREPARE. nReq=4096 senderID=0 sn=56
03:01:33.237 INF Handling PREPREPARE. nReq=4096 senderID=5 sn=61
03:01:33.243 INF Handling PREPREPARE. nReq=4096 senderID=2 sn=58
03:01:33.369 INF Handling PREPREPARE. nReq=4096 senderID=3 sn=59
03:01:33.593 INF Handling PREPREPARE. nReq=4096 senderID=7 sn=63
03:01:33.993 INF Get logEntry.Sn from tn. SegID=0 Tn=8 logEntry.Sn=56 origin_sn=56
03:01:33.994 INF Committed entry. latency=0 nReq=4096 sn=56
03:01:33.995 INF Get logEntry.Sn from tn. SegID=1 Tn=8 logEntry.Sn=57 origin_sn=57
03:01:33.995 INF Committed entry. latency=0 nReq=4096 sn=57
03:01:34.002 INF Get logEntry.Sn from tn. SegID=6 Tn=8 logEntry.Sn=62 origin_sn=62
03:01:34.002 INF Committed entry. latency=0 nReq=4096 sn=62
03:01:34.009 INF Get logEntry.Sn from tn. SegID=5 Tn=8 logEntry.Sn=61 origin_sn=61
03:01:34.009 INF Committed entry. latency=0 nReq=4096 sn=61
03:01:34.013 INF Committed entry. latency=0 nReq=0 sn=50
03:01:34.013 INF Delivered batch. nReq=0 sn=50
03:01:34.013 INF Delivered batch. nReq=4096 sn=51
03:01:34.013 INF Delivered batch. nReq=4096 sn=52
03:01:34.013 INF Delivered batch. nReq=4096 sn=53
03:01:34.013 INF Delivered batch. nReq=4096 sn=54
03:01:34.013 INF Delivered batch. nReq=4096 sn=55
03:01:34.013 INF Delivered batch. nReq=4096 sn=56
03:01:34.013 INF Delivered batch. nReq=4096 sn=57
03:01:34.013 INF Get logEntry.Sn from tn. Nil Blocks. SegID=2 logEntry.Sn=50
03:01:34.013 INF Get logEntry.Sn from tn. SegID=2 Tn=8 logEntry.Sn=58 origin_sn=58
03:01:34.014 INF Committed entry. latency=0 nReq=4096 sn=58
03:01:34.014 INF Delivered batch. nReq=4096 sn=58
03:01:34.021 INF Get logEntry.Sn from tn. SegID=3 Tn=8 logEntry.Sn=59 origin_sn=59
03:01:34.021 INF Committed entry. latency=0 nReq=4096 sn=59
03:01:34.021 INF Delivered batch. nReq=4096 sn=59
03:01:34.054 INF Get logEntry.Sn from tn. SegID=7 Tn=8 logEntry.Sn=63 origin_sn=63
03:01:34.054 INF Committed entry. latency=0 nReq=4096 sn=63
03:01:34.060 INF Get logEntry.Sn from tn. SegID=4 Tn=8 logEntry.Sn=60 origin_sn=60
03:01:34.060 INF Committed entry. latency=0 nReq=4096 sn=60
03:01:34.060 INF Delivered batch. nReq=4096 sn=60
03:01:34.060 INF Delivered batch. nReq=4096 sn=61
03:01:34.060 INF Delivered batch. nReq=4096 sn=62
03:01:34.060 INF Delivered batch. nReq=4096 sn=63
03:01:34.060 INF Set TRUE. preSn=60 sn=68
03:01:34.149 INF enter big block cursn=68
03:01:34.291 INF Sending PREPREPARE. nReq=4096 senderID=4 sn=68 view=0
03:01:34.734 INF Handling PREPREPARE. nReq=4096 senderID=5 sn=69
03:01:34.874 INF Handling PREPREPARE. nReq=4096 senderID=1 sn=65
03:01:34.888 INF Handling PREPREPARE. nReq=4096 senderID=6 sn=70
03:01:34.989 INF Handling PREPREPARE. nReq=4096 senderID=2 sn=66
03:01:35.063 INF Handling PREPREPARE. nReq=4096 senderID=0 sn=64
03:01:35.467 INF Handling PREPREPARE. nReq=4096 senderID=3 sn=67
03:01:35.485 INF Get logEntry.Sn from tn. SegID=0 Tn=9 logEntry.Sn=64 origin_sn=64
03:01:35.485 INF Committed entry. latency=0 nReq=4096 sn=64
03:01:35.485 INF Delivered batch. nReq=4096 sn=64
03:01:35.488 INF Get logEntry.Sn from tn. SegID=6 Tn=9 logEntry.Sn=70 origin_sn=70
03:01:35.488 INF Committed entry. latency=0 nReq=4096 sn=70
03:01:35.627 INF Handling PREPREPARE. nReq=4096 senderID=7 sn=71
03:01:35.779 INF Get logEntry.Sn from tn. SegID=2 Tn=9 logEntry.Sn=66 origin_sn=66
03:01:35.779 INF Committed entry. latency=0 nReq=4096 sn=66
03:01:35.804 INF Get logEntry.Sn from tn. SegID=1 Tn=9 logEntry.Sn=65 origin_sn=65
03:01:35.804 INF Committed entry. latency=0 nReq=4096 sn=65
03:01:35.804 INF Delivered batch. nReq=4096 sn=65
03:01:35.804 INF Delivered batch. nReq=4096 sn=66
03:01:35.908 INF Get logEntry.Sn from tn. SegID=5 Tn=9 logEntry.Sn=69 origin_sn=69
03:01:35.908 INF Committed entry. latency=0 nReq=4096 sn=69
03:01:35.915 INF Get logEntry.Sn from tn. SegID=3 Tn=9 logEntry.Sn=67 origin_sn=67
03:01:35.915 INF Committed entry. latency=0 nReq=4096 sn=67
03:01:35.915 INF Delivered batch. nReq=4096 sn=67
03:01:35.943 INF Get logEntry.Sn from tn. SegID=4 Tn=9 logEntry.Sn=68 origin_sn=68
03:01:35.943 INF Committed entry. latency=0 nReq=4096 sn=68
03:01:35.943 INF Delivered batch. nReq=4096 sn=68
03:01:35.943 INF Delivered batch. nReq=4096 sn=69
03:01:35.943 INF Delivered batch. nReq=4096 sn=70
03:01:35.943 INF Set TRUE. preSn=68 sn=76
03:01:35.998 INF enter big block cursn=76
03:01:36.099 INF Get logEntry.Sn from tn. SegID=7 Tn=9 logEntry.Sn=71 origin_sn=71
03:01:36.099 INF Committed entry. latency=0 nReq=4096 sn=71
03:01:36.099 INF Delivered batch. nReq=4096 sn=71
03:01:36.142 INF Sending PREPREPARE. nReq=4096 senderID=4 sn=76 view=0
03:01:36.681 INF Handling PREPREPARE. nReq=4096 senderID=1 sn=73
03:01:36.832 INF Handling PREPREPARE. nReq=4096 senderID=6 sn=78
03:01:36.959 INF Handling PREPREPARE. nReq=4096 senderID=0 sn=72
03:01:37.130 INF Handling PREPREPARE. nReq=4096 senderID=5 sn=77
03:01:37.130 INF Handling PREPREPARE. nReq=4096 senderID=7 sn=79
03:01:37.146 INF Handling PREPREPARE. nReq=4096 senderID=3 sn=75
03:01:37.165 INF Handling PREPREPARE. nReq=4096 senderID=2 sn=74
03:01:37.720 INF Get logEntry.Sn from tn. SegID=0 Tn=10 logEntry.Sn=72 origin_sn=72
03:01:37.720 INF Committed entry. latency=0 nReq=4096 sn=72
03:01:37.720 INF Delivered batch. nReq=4096 sn=72
03:01:37.794 INF Get logEntry.Sn from tn. SegID=6 Tn=10 logEntry.Sn=78 origin_sn=78
03:01:37.794 INF Committed entry. latency=0 nReq=4096 sn=78
03:01:37.847 INF Get logEntry.Sn from tn. SegID=3 Tn=10 logEntry.Sn=75 origin_sn=75
03:01:37.847 INF Committed entry. latency=0 nReq=4096 sn=75
03:01:37.848 INF Get logEntry.Sn from tn. SegID=5 Tn=10 logEntry.Sn=77 origin_sn=77
03:01:37.848 INF Committed entry. latency=0 nReq=4096 sn=77
03:01:37.867 INF Get logEntry.Sn from tn. SegID=1 Tn=10 logEntry.Sn=73 origin_sn=73
03:01:37.867 INF Committed entry. latency=0 nReq=4096 sn=73
03:01:37.867 INF Delivered batch. nReq=4096 sn=73
03:01:37.880 INF Get logEntry.Sn from tn. SegID=7 Tn=10 logEntry.Sn=79 origin_sn=79
03:01:37.880 INF Committed entry. latency=0 nReq=4096 sn=79
03:01:37.880 INF Get logEntry.Sn from tn. SegID=2 Tn=10 logEntry.Sn=74 origin_sn=74
03:01:37.880 INF Committed entry. latency=0 nReq=4096 sn=74
03:01:37.880 INF Delivered batch. nReq=4096 sn=74
03:01:37.880 INF Delivered batch. nReq=4096 sn=75
03:01:37.909 INF Get logEntry.Sn from tn. SegID=4 Tn=10 logEntry.Sn=76 origin_sn=76
03:01:37.909 INF Committed entry. latency=0 nReq=4096 sn=76
03:01:37.909 INF Delivered batch. nReq=4096 sn=76
03:01:37.910 INF Delivered batch. nReq=4096 sn=77
03:01:37.910 INF Delivered batch. nReq=4096 sn=78
03:01:37.910 INF Delivered batch. nReq=4096 sn=79
03:01:37.910 INF Set TRUE. preSn=76 sn=84
03:01:38.007 INF enter big block cursn=84
03:01:38.153 INF Sending PREPREPARE. nReq=4096 senderID=4 sn=84 view=0
03:01:38.578 INF Handling PREPREPARE. nReq=4096 senderID=5 sn=85
03:01:38.698 INF Handling PREPREPARE. nReq=4096 senderID=2 sn=82
03:01:38.714 INF Handling PREPREPARE. nReq=4096 senderID=1 sn=81
03:01:38.748 INF Handling PREPREPARE. nReq=4096 senderID=6 sn=86
03:01:39.008 INF Handling PREPREPARE. nReq=4096 senderID=0 sn=80
03:01:39.379 INF Handling PREPREPARE. nReq=4096 senderID=7 sn=87
03:01:39.397 INF Get logEntry.Sn from tn. SegID=6 Tn=11 logEntry.Sn=86 origin_sn=86
03:01:39.398 INF Committed entry. latency=0 nReq=4096 sn=86
03:01:39.416 INF Get logEntry.Sn from tn. SegID=0 Tn=11 logEntry.Sn=80 origin_sn=80
03:01:39.416 INF Committed entry. latency=0 nReq=4096 sn=80
03:01:39.416 INF Delivered batch. nReq=4096 sn=80
03:01:39.457 INF Handling PREPREPARE. nReq=4096 senderID=3 sn=83
03:01:39.586 INF Get logEntry.Sn from tn. SegID=2 Tn=11 logEntry.Sn=82 origin_sn=82
03:01:39.586 INF Committed entry. latency=0 nReq=4096 sn=82
03:01:39.637 INF Get logEntry.Sn from tn. SegID=1 Tn=11 logEntry.Sn=81 origin_sn=81
03:01:39.637 INF Committed entry. latency=0 nReq=4096 sn=81
03:01:39.637 INF Delivered batch. nReq=4096 sn=81
03:01:39.637 INF Delivered batch. nReq=4096 sn=82
03:01:39.692 INF Get logEntry.Sn from tn. SegID=5 Tn=11 logEntry.Sn=85 origin_sn=85
03:01:39.692 INF Committed entry. latency=0 nReq=4096 sn=85
03:01:39.694 INF Get logEntry.Sn from tn. SegID=4 Tn=11 logEntry.Sn=84 origin_sn=84
03:01:39.694 INF Committed entry. latency=0 nReq=4096 sn=84
03:01:39.694 INF Set TRUE. preSn=84 sn=92
03:01:39.696 INF enter big block cursn=92
03:01:39.712 INF Get logEntry.Sn from tn. SegID=7 Tn=11 logEntry.Sn=87 origin_sn=87
03:01:39.712 INF Committed entry. latency=0 nReq=4096 sn=87
03:01:39.843 INF Get logEntry.Sn from tn. SegID=3 Tn=11 logEntry.Sn=83 origin_sn=83
03:01:39.843 INF Committed entry. latency=0 nReq=4096 sn=83
03:01:39.843 INF Delivered batch. nReq=4096 sn=83
03:01:39.843 INF Delivered batch. nReq=4096 sn=84
03:01:39.843 INF Delivered batch. nReq=4096 sn=85
03:01:39.843 INF Delivered batch. nReq=4096 sn=86
03:01:39.843 INF Delivered batch. nReq=4096 sn=87
03:01:39.844 INF Sending PREPREPARE. nReq=4096 senderID=4 sn=92 view=0
03:01:40.379 INF Handling PREPREPARE. nReq=4096 senderID=1 sn=89
03:01:40.505 INF Handling PREPREPARE. nReq=4096 senderID=0 sn=88
03:01:40.674 INF Handling PREPREPARE. nReq=4096 senderID=6 sn=94
03:01:40.724 INF Handling PREPREPARE. nReq=4096 senderID=7 sn=95
03:01:40.727 INF Handling PREPREPARE. nReq=4096 senderID=5 sn=93
03:01:40.868 INF Handling PREPREPARE. nReq=4096 senderID=3 sn=91
03:01:41.137 INF Handling PREPREPARE. nReq=4096 senderID=2 sn=90
03:01:41.413 INF Get logEntry.Sn from tn. SegID=0 Tn=12 logEntry.Sn=88 origin_sn=88
03:01:41.413 INF Committed entry. latency=0 nReq=4096 sn=88
03:01:41.413 INF Delivered batch. nReq=4096 sn=88
03:01:41.491 INF Get logEntry.Sn from tn. SegID=7 Tn=12 logEntry.Sn=95 origin_sn=95
03:01:41.491 INF Committed entry. latency=0 nReq=4096 sn=95
03:01:41.495 INF Get logEntry.Sn from tn. SegID=3 Tn=12 logEntry.Sn=91 origin_sn=91
03:01:41.495 INF Committed entry. latency=0 nReq=4096 sn=91
03:01:41.518 INF Get logEntry.Sn from tn. SegID=1 Tn=12 logEntry.Sn=89 origin_sn=89
03:01:41.518 INF Committed entry. latency=0 nReq=4096 sn=89
03:01:41.518 INF Delivered batch. nReq=4096 sn=89
03:01:41.519 INF Get logEntry.Sn from tn. SegID=4 Tn=12 logEntry.Sn=92 origin_sn=92
03:01:41.519 INF Committed entry. latency=0 nReq=4096 sn=92
03:01:41.519 INF Set TRUE. preSn=92 sn=100
03:01:41.521 INF Get logEntry.Sn from tn. SegID=2 Tn=12 logEntry.Sn=90 origin_sn=90
03:01:41.521 INF Committed entry. latency=0 nReq=4096 sn=90
03:01:41.521 INF Delivered batch. nReq=4096 sn=90
03:01:41.521 INF Delivered batch. nReq=4096 sn=91
03:01:41.521 INF Delivered batch. nReq=4096 sn=92
03:01:41.529 INF Get logEntry.Sn from tn. SegID=6 Tn=12 logEntry.Sn=94 origin_sn=94
03:01:41.529 INF Committed entry. latency=0 nReq=4096 sn=94
03:01:41.530 INF Get logEntry.Sn from tn. SegID=5 Tn=12 logEntry.Sn=93 origin_sn=93
03:01:41.530 INF Committed entry. latency=0 nReq=4096 sn=93
03:01:41.530 INF Delivered batch. nReq=4096 sn=93
03:01:41.530 INF Delivered batch. nReq=4096 sn=94
03:01:41.530 INF Delivered batch. nReq=4096 sn=95
03:01:41.581 INF enter big block cursn=100
03:01:41.725 INF Sending PREPREPARE. nReq=4096 senderID=4 sn=100 view=0
03:01:42.238 INF Handling PREPREPARE. nReq=4096 senderID=2 sn=98
03:01:42.345 INF Handling PREPREPARE. nReq=4096 senderID=5 sn=101
03:01:42.364 INF Handling PREPREPARE. nReq=4096 senderID=1 sn=97
03:01:42.443 INF Handling PREPREPARE. nReq=4096 senderID=6 sn=102
03:01:42.533 INF Handling PREPREPARE. nReq=4096 senderID=0 sn=96
03:01:42.687 INF Handling PREPREPARE. nReq=4096 senderID=3 sn=99
03:01:43.120 INF Handling PREPREPARE. nReq=4096 senderID=7 sn=103
03:01:43.131 INF Get logEntry.Sn from tn. SegID=0 Tn=13 logEntry.Sn=96 origin_sn=96
03:01:43.131 INF Committed entry. latency=0 nReq=4096 sn=96
03:01:43.131 INF Delivered batch. nReq=4096 sn=96
03:01:43.318 INF Get logEntry.Sn from tn. SegID=6 Tn=13 logEntry.Sn=102 origin_sn=102
03:01:43.318 INF Committed entry. latency=0 nReq=4096 sn=102
03:01:43.342 INF Get logEntry.Sn from tn. SegID=2 Tn=13 logEntry.Sn=98 origin_sn=98
03:01:43.342 INF Committed entry. latency=0 nReq=4096 sn=98
03:01:43.343 INF Get logEntry.Sn from tn. SegID=5 Tn=13 logEntry.Sn=101 origin_sn=101
03:01:43.343 INF Committed entry. latency=0 nReq=4096 sn=101
03:01:43.344 INF Get logEntry.Sn from tn. SegID=4 Tn=13 logEntry.Sn=100 origin_sn=100
03:01:43.344 INF Committed entry. latency=0 nReq=4096 sn=100
03:01:43.344 INF Set TRUE. preSn=100 sn=108
03:01:43.354 INF Get logEntry.Sn from tn. SegID=1 Tn=13 logEntry.Sn=97 origin_sn=97
03:01:43.354 INF Committed entry. latency=0 nReq=4096 sn=97
03:01:43.354 INF Delivered batch. nReq=4096 sn=97
03:01:43.354 INF Delivered batch. nReq=4096 sn=98
03:01:43.365 INF Get logEntry.Sn from tn. SegID=7 Tn=13 logEntry.Sn=103 origin_sn=103
03:01:43.366 INF Committed entry. latency=0 nReq=4096 sn=103
03:01:43.366 INF Get logEntry.Sn from tn. SegID=3 Tn=13 logEntry.Sn=99 origin_sn=99
03:01:43.366 INF Committed entry. latency=0 nReq=4096 sn=99
03:01:43.366 INF Delivered batch. nReq=4096 sn=99
03:01:43.366 INF Delivered batch. nReq=4096 sn=100
03:01:43.366 INF Delivered batch. nReq=4096 sn=101
03:01:43.366 INF Delivered batch. nReq=4096 sn=102
03:01:43.366 INF Delivered batch. nReq=4096 sn=103
03:01:43.430 INF enter big block cursn=108
03:01:43.576 INF Sending PREPREPARE. nReq=4096 senderID=4 sn=108 view=0
03:01:44.191 INF Handling PREPREPARE. nReq=4096 senderID=0 sn=104
03:01:44.277 INF Handling PREPREPARE. nReq=4096 senderID=1 sn=105
03:01:44.338 INF Handling PREPREPARE. nReq=4096 senderID=2 sn=106
03:01:44.423 INF Handling PREPREPARE. nReq=4096 senderID=6 sn=110
03:01:44.464 INF Handling PREPREPARE. nReq=4096 senderID=7 sn=111
03:01:44.510 INF Handling PREPREPARE. nReq=4096 senderID=3 sn=107
03:01:44.651 INF Handling PREPREPARE. nReq=4096 senderID=5 sn=109
03:01:45.304 INF Get logEntry.Sn from tn. SegID=2 Tn=14 logEntry.Sn=106 origin_sn=106
03:01:45.304 INF Committed entry. latency=0 nReq=4096 sn=106
03:01:45.305 INF Get logEntry.Sn from tn. SegID=7 Tn=14 logEntry.Sn=111 origin_sn=111
03:01:45.305 INF Committed entry. latency=0 nReq=4096 sn=111
03:01:45.306 INF Get logEntry.Sn from tn. SegID=4 Tn=14 logEntry.Sn=108 origin_sn=108
03:01:45.306 INF Committed entry. latency=0 nReq=4096 sn=108
03:01:45.306 INF Set TRUE. preSn=108 sn=116
03:01:45.322 INF Get logEntry.Sn from tn. SegID=0 Tn=14 logEntry.Sn=104 origin_sn=104
03:01:45.322 INF Committed entry. latency=0 nReq=4096 sn=104
03:01:45.322 INF Delivered batch. nReq=4096 sn=104
03:01:45.329 INF Get logEntry.Sn from tn. SegID=5 Tn=14 logEntry.Sn=109 origin_sn=109
03:01:45.329 INF Committed entry. latency=0 nReq=4096 sn=109
03:01:45.329 INF Get logEntry.Sn from tn. SegID=6 Tn=14 logEntry.Sn=110 origin_sn=110
03:01:45.329 INF Committed entry. latency=0 nReq=4096 sn=110
03:01:45.330 INF Get logEntry.Sn from tn. SegID=1 Tn=14 logEntry.Sn=105 origin_sn=105
03:01:45.330 INF Committed entry. latency=0 nReq=4096 sn=105
03:01:45.330 INF Delivered batch. nReq=4096 sn=105
03:01:45.330 INF Delivered batch. nReq=4096 sn=106
03:01:45.332 INF Get logEntry.Sn from tn. SegID=3 Tn=14 logEntry.Sn=107 origin_sn=107
03:01:45.332 INF Committed entry. latency=0 nReq=4096 sn=107
03:01:45.332 INF Delivered batch. nReq=4096 sn=107
03:01:45.332 INF Delivered batch. nReq=4096 sn=108
03:01:45.332 INF Delivered batch. nReq=4096 sn=109
03:01:45.332 INF Delivered batch. nReq=4096 sn=110
03:01:45.332 INF Delivered batch. nReq=4096 sn=111
03:01:45.373 INF enter big block cursn=116
03:01:45.517 INF Sending PREPREPARE. nReq=4096 senderID=4 sn=116 view=0
03:01:46.024 INF Handling PREPREPARE. nReq=4096 senderID=3 sn=115
03:01:46.134 INF Handling PREPREPARE. nReq=4096 senderID=6 sn=118
03:01:46.148 INF Handling PREPREPARE. nReq=4096 senderID=2 sn=114
03:01:46.212 INF Handling PREPREPARE. nReq=4096 senderID=1 sn=113
03:01:46.229 INF Handling PREPREPARE. nReq=4096 senderID=5 sn=117
03:01:46.434 INF Handling PREPREPARE. nReq=4096 senderID=0 sn=112
03:01:46.736 INF Handling PREPREPARE. nReq=4096 senderID=7 sn=119
03:01:47.079 INF Get logEntry.Sn from tn. SegID=0 Tn=15 logEntry.Sn=112 origin_sn=112
03:01:47.079 INF Committed entry. latency=0 nReq=4096 sn=112
03:01:47.079 INF Delivered batch. nReq=4096 sn=112
03:01:47.122 INF Get logEntry.Sn from tn. SegID=6 Tn=15 logEntry.Sn=118 origin_sn=118
03:01:47.122 INF Committed entry. latency=0 nReq=4096 sn=118
03:01:47.130 INF Get logEntry.Sn from tn. SegID=4 Tn=15 logEntry.Sn=116 origin_sn=116
03:01:47.130 INF Committed entry. latency=0 nReq=4096 sn=116
03:01:47.130 INF Set TRUE. preSn=116 sn=124
03:01:47.131 INF Get logEntry.Sn from tn. SegID=3 Tn=15 logEntry.Sn=115 origin_sn=115
03:01:47.131 INF Committed entry. latency=0 nReq=4096 sn=115
03:01:47.132 INF Get logEntry.Sn from tn. SegID=7 Tn=15 logEntry.Sn=119 origin_sn=119
03:01:47.132 INF Committed entry. latency=0 nReq=4096 sn=119
03:01:47.137 INF Get logEntry.Sn from tn. SegID=2 Tn=15 logEntry.Sn=114 origin_sn=114
03:01:47.137 INF Get logEntry.Sn from tn. SegID=1 Tn=15 logEntry.Sn=113 origin_sn=113
03:01:47.137 INF Committed entry. latency=0 nReq=4096 sn=113
03:01:47.137 INF Delivered batch. nReq=4096 sn=113
03:01:47.137 INF Delivered batch. nReq=4096 sn=114
03:01:47.137 INF Delivered batch. nReq=4096 sn=115
03:01:47.137 INF Delivered batch. nReq=4096 sn=116
03:01:47.137 INF Committed entry. latency=0 nReq=4096 sn=114
03:01:47.138 INF Get logEntry.Sn from tn. SegID=5 Tn=15 logEntry.Sn=117 origin_sn=117
03:01:47.138 INF Committed entry. latency=0 nReq=4096 sn=117
03:01:47.138 INF Delivered batch. nReq=4096 sn=117
03:01:47.139 INF Delivered batch. nReq=4096 sn=118
03:01:47.139 INF Delivered batch. nReq=4096 sn=119
03:01:47.146 INF enter big block cursn=124
03:01:47.299 INF Sending PREPREPARE. nReq=4096 senderID=4 sn=124 view=0
03:01:47.858 INF Handling PREPREPARE. nReq=4096 senderID=0 sn=120
03:01:48.012 INF Handling PREPREPARE. nReq=4096 senderID=1 sn=121
03:01:48.012 INF Handling PREPREPARE. nReq=4096 senderID=2 sn=122
03:01:48.025 INF Handling PREPREPARE. nReq=4096 senderID=6 sn=126
03:01:48.102 INF Handling PREPREPARE. nReq=4096 senderID=5 sn=125
03:01:48.152 INF Handling PREPREPARE. nReq=4096 senderID=7 sn=127
03:01:48.183 INF Handling PREPREPARE. nReq=4096 senderID=3 sn=123
03:01:49.013 INF Get logEntry.Sn from tn. SegID=6 Tn=16 logEntry.Sn=126 origin_sn=126
03:01:49.013 INF Committed entry. latency=0 nReq=4096 sn=126
03:01:49.020 INF Get logEntry.Sn from tn. SegID=0 Tn=16 logEntry.Sn=120 origin_sn=120
03:01:49.020 INF Committed entry. latency=0 nReq=4096 sn=120
03:01:49.020 INF Delivered batch. nReq=4096 sn=120
03:01:49.035 INF Get logEntry.Sn from tn. SegID=1 Tn=16 logEntry.Sn=121 origin_sn=121
03:01:49.035 INF Committed entry. latency=0 nReq=4096 sn=121
03:01:49.035 INF Delivered batch. nReq=4096 sn=121
03:01:49.039 INF Get logEntry.Sn from tn. SegID=3 Tn=16 logEntry.Sn=123 origin_sn=123
03:01:49.039 INF Committed entry. latency=0 nReq=4096 sn=123
03:01:49.040 INF Get logEntry.Sn from tn. SegID=5 Tn=16 logEntry.Sn=125 origin_sn=125
03:01:49.040 INF Committed entry. latency=0 nReq=4096 sn=125
03:01:49.051 INF Get logEntry.Sn from tn. SegID=2 Tn=16 logEntry.Sn=122 origin_sn=122
03:01:49.051 INF Committed entry. latency=0 nReq=4096 sn=122
03:01:49.051 INF Delivered batch. nReq=4096 sn=122
03:01:49.051 INF Delivered batch. nReq=4096 sn=123
03:01:49.057 INF Get logEntry.Sn from tn. SegID=4 Tn=16 logEntry.Sn=124 origin_sn=124
03:01:49.057 INF Committed entry. latency=0 nReq=4096 sn=124
03:01:49.057 INF Delivered batch. nReq=4096 sn=124
03:01:49.057 INF Delivered batch. nReq=4096 sn=125
03:01:49.057 INF Delivered batch. nReq=4096 sn=126
03:01:49.057 INF Set TRUE. preSn=124 sn=132
03:01:49.058 INF Get logEntry.Sn from tn. SegID=7 Tn=16 logEntry.Sn=127 origin_sn=127
03:01:49.058 INF Committed entry. latency=0 nReq=4096 sn=127
03:01:49.058 INF Delivered batch. nReq=4096 sn=127
03:01:49.087 INF enter big block cursn=132
03:01:49.234 INF Sending PREPREPARE. nReq=4096 senderID=4 sn=132 view=0
03:01:49.752 INF Handling PREPREPARE. nReq=4096 senderID=2 sn=130
03:01:49.868 INF Handling PREPREPARE. nReq=4096 senderID=6 sn=134
03:01:49.889 INF Handling PREPREPARE. nReq=4096 senderID=3 sn=131
03:01:49.903 INF Handling PREPREPARE. nReq=4096 senderID=1 sn=129
03:01:49.911 INF Handling PREPREPARE. nReq=4096 senderID=5 sn=133
03:01:50.464 INF Handling PREPREPARE. nReq=4096 senderID=0 sn=128
03:01:50.634 INF Handling PREPREPARE. nReq=4096 senderID=7 sn=135
03:01:50.824 INF Get logEntry.Sn from tn. SegID=0 Tn=17 logEntry.Sn=128 origin_sn=128
03:01:50.824 INF Committed entry. latency=0 nReq=4096 sn=128
03:01:50.824 INF Delivered batch. nReq=4096 sn=128
03:01:50.871 INF Get logEntry.Sn from tn. SegID=2 Tn=17 logEntry.Sn=130 origin_sn=130
03:01:50.871 INF Committed entry. latency=0 nReq=4096 sn=130
03:01:50.873 INF Get logEntry.Sn from tn. SegID=5 Tn=17 logEntry.Sn=133 origin_sn=133
03:01:50.873 INF Committed entry. latency=0 nReq=4096 sn=133
03:01:50.877 INF Get logEntry.Sn from tn. SegID=3 Tn=17 logEntry.Sn=131 origin_sn=131
03:01:50.877 INF Committed entry. latency=0 nReq=4096 sn=131
03:01:50.887 INF Get logEntry.Sn from tn. SegID=1 Tn=17 logEntry.Sn=129 origin_sn=129
03:01:50.888 INF Committed entry. latency=0 nReq=4096 sn=129
03:01:50.888 INF Delivered batch. nReq=4096 sn=129
03:01:50.888 INF Delivered batch. nReq=4096 sn=130
03:01:50.888 INF Delivered batch. nReq=4096 sn=131
03:01:50.893 INF Get logEntry.Sn from tn. SegID=4 Tn=17 logEntry.Sn=132 origin_sn=132
03:01:50.893 INF Committed entry. latency=0 nReq=4096 sn=132
03:01:50.893 INF Delivered batch. nReq=4096 sn=132
03:01:50.893 INF Delivered batch. nReq=4096 sn=133
03:01:50.893 INF Set TRUE. preSn=132 sn=140
03:01:50.897 INF Get logEntry.Sn from tn. SegID=6 Tn=17 logEntry.Sn=134 origin_sn=134
03:01:50.897 INF Committed entry. latency=0 nReq=4096 sn=134
03:01:50.897 INF Delivered batch. nReq=4096 sn=134
03:01:50.902 INF Get logEntry.Sn from tn. SegID=7 Tn=17 logEntry.Sn=135 origin_sn=135
03:01:50.902 INF Committed entry. latency=0 nReq=4096 sn=135
03:01:50.902 INF Delivered batch. nReq=4096 sn=135
03:01:50.927 INF enter big block cursn=140
03:01:51.120 INF Sending PREPREPARE. nReq=4096 senderID=4 sn=140 view=0
03:01:51.598 INF Handling PREPREPARE. nReq=4096 senderID=0 sn=136
03:01:51.635 INF Handling PREPREPARE. nReq=4096 senderID=2 sn=138
03:01:51.725 INF Handling PREPREPARE. nReq=4096 senderID=1 sn=137
03:01:51.856 INF Handling PREPREPARE. nReq=4096 senderID=6 sn=142
03:01:51.947 INF Handling PREPREPARE. nReq=4096 senderID=7 sn=143
03:01:52.015 INF Handling PREPREPARE. nReq=4096 senderID=3 sn=139
03:01:52.018 INF Handling PREPREPARE. nReq=4096 senderID=5 sn=141
03:01:52.726 INF Get logEntry.Sn from tn. SegID=2 Tn=18 logEntry.Sn=138 origin_sn=138
03:01:52.726 INF Committed entry. latency=0 nReq=4096 sn=138
03:01:52.736 INF Get logEntry.Sn from tn. SegID=1 Tn=18 logEntry.Sn=137 origin_sn=137
03:01:52.736 INF Committed entry. latency=0 nReq=4096 sn=137
03:01:52.737 INF Get logEntry.Sn from tn. SegID=5 Tn=18 logEntry.Sn=141 origin_sn=141
03:01:52.737 INF Committed entry. latency=0 nReq=4096 sn=141
03:01:52.745 INF Get logEntry.Sn from tn. SegID=0 Tn=18 logEntry.Sn=136 origin_sn=136
03:01:52.745 INF Committed entry. latency=0 nReq=4096 sn=136
03:01:52.745 INF Delivered batch. nReq=4096 sn=136
03:01:52.745 INF Delivered batch. nReq=4096 sn=137
03:01:52.745 INF Delivered batch. nReq=4096 sn=138
03:01:52.746 INF Get logEntry.Sn from tn. SegID=7 Tn=18 logEntry.Sn=143 origin_sn=143
03:01:52.746 INF Committed entry. latency=0 nReq=4096 sn=143
03:01:52.747 INF Get logEntry.Sn from tn. SegID=6 Tn=18 logEntry.Sn=142 origin_sn=142
03:01:52.747 INF Committed entry. latency=0 nReq=4096 sn=142
03:01:52.758 INF Get logEntry.Sn from tn. SegID=3 Tn=18 logEntry.Sn=139 origin_sn=139
03:01:52.758 INF Committed entry. latency=0 nReq=4096 sn=139
03:01:52.758 INF Delivered batch. nReq=4096 sn=139
03:01:52.761 INF Get logEntry.Sn from tn. SegID=4 Tn=18 logEntry.Sn=140 origin_sn=140
03:01:52.761 INF Committed entry. latency=0 nReq=4096 sn=140
03:01:52.761 INF Delivered batch. nReq=4096 sn=140
03:01:52.761 INF Delivered batch. nReq=4096 sn=141
03:01:52.761 INF Delivered batch. nReq=4096 sn=142
03:01:52.761 INF Delivered batch. nReq=4096 sn=143
03:01:52.761 INF Set TRUE. preSn=140 sn=148
03:01:52.802 INF enter big block cursn=148
03:01:52.948 INF Sending PREPREPARE. nReq=4096 senderID=4 sn=148 view=0
03:01:53.445 INF Handling PREPREPARE. nReq=4096 senderID=3 sn=147
03:01:53.448 INF Handling PREPREPARE. nReq=4096 senderID=1 sn=145
03:01:53.599 INF Handling PREPREPARE. nReq=4096 senderID=7 sn=151
03:01:53.616 INF Handling PREPREPARE. nReq=4096 senderID=6 sn=150
03:01:53.632 INF Handling PREPREPARE. nReq=4096 senderID=5 sn=149
03:01:53.647 INF Handling PREPREPARE. nReq=4096 senderID=2 sn=146
03:01:53.761 INF Handling PREPREPARE. nReq=4096 senderID=0 sn=144
03:01:54.519 INF Get logEntry.Sn from tn. SegID=0 Tn=19 logEntry.Sn=144 origin_sn=144
03:01:54.519 INF Committed entry. latency=0 nReq=4096 sn=144
03:01:54.519 INF Delivered batch. nReq=4096 sn=144
03:01:54.548 INF Get logEntry.Sn from tn. SegID=6 Tn=19 logEntry.Sn=150 origin_sn=150
03:01:54.548 INF Committed entry. latency=0 nReq=4096 sn=150
03:01:54.552 INF Get logEntry.Sn from tn. SegID=1 Tn=19 logEntry.Sn=145 origin_sn=145
03:01:54.552 INF Committed entry. latency=0 nReq=4096 sn=145
03:01:54.552 INF Delivered batch. nReq=4096 sn=145
03:01:54.567 INF Get logEntry.Sn from tn. SegID=5 Tn=19 logEntry.Sn=149 origin_sn=149
03:01:54.567 INF Committed entry. latency=0 nReq=4096 sn=149
03:01:54.567 INF Get logEntry.Sn from tn. SegID=4 Tn=19 logEntry.Sn=148 origin_sn=148
03:01:54.567 INF Committed entry. latency=0 nReq=4096 sn=148
03:01:54.567 INF Set TRUE. preSn=148 sn=156
03:01:54.570 INF Get logEntry.Sn from tn. SegID=2 Tn=19 logEntry.Sn=146 origin_sn=146
03:01:54.570 INF Committed entry. latency=0 nReq=4096 sn=146
03:01:54.570 INF Delivered batch. nReq=4096 sn=146
03:01:54.570 INF Get logEntry.Sn from tn. SegID=3 Tn=19 logEntry.Sn=147 origin_sn=147
03:01:54.570 INF Committed entry. latency=0 nReq=4096 sn=147
03:01:54.570 INF Delivered batch. nReq=4096 sn=147
03:01:54.570 INF Delivered batch. nReq=4096 sn=148
03:01:54.570 INF Delivered batch. nReq=4096 sn=149
03:01:54.570 INF Delivered batch. nReq=4096 sn=150
03:01:54.571 INF Get logEntry.Sn from tn. SegID=7 Tn=19 logEntry.Sn=151 origin_sn=151
03:01:54.571 INF Committed entry. latency=0 nReq=4096 sn=151
03:01:54.571 INF Delivered batch. nReq=4096 sn=151
03:01:55.223 INF Handling PREPREPARE. nReq=944 senderID=5 sn=157
03:01:55.265 INF Handling PREPREPARE. nReq=1026 senderID=6 sn=158
03:01:55.302 INF Handling PREPREPARE. nReq=935 senderID=1 sn=153
03:01:55.302 INF Handling PREPREPARE. nReq=943 senderID=0 sn=152
03:01:55.364 INF enter big block cursn=156
03:01:55.401 INF Sending PREPREPARE. nReq=953 senderID=4 sn=156 view=0
03:01:55.403 INF Handling PREPREPARE. nReq=4096 senderID=2 sn=154
03:01:55.406 INF Get logEntry.Sn from tn. SegID=5 Tn=20 logEntry.Sn=157 origin_sn=157
03:01:55.406 INF Committed entry. latency=0 nReq=944 sn=157
03:01:55.407 INF Handling PREPREPARE. nReq=1087 senderID=3 sn=155
03:01:55.548 INF Handling PREPREPARE. nReq=4096 senderID=7 sn=159
03:01:55.566 INF Get logEntry.Sn from tn. SegID=6 Tn=20 logEntry.Sn=158 origin_sn=158
03:01:55.566 INF Committed entry. latency=0 nReq=1026 sn=158
03:01:55.729 INF Get logEntry.Sn from tn. SegID=1 Tn=20 logEntry.Sn=153 origin_sn=153
03:01:55.729 INF Committed entry. latency=0 nReq=935 sn=153
03:01:55.729 INF Get logEntry.Sn from tn. SegID=0 Tn=20 logEntry.Sn=152 origin_sn=152
03:01:55.729 INF Committed entry. latency=0 nReq=943 sn=152
03:01:55.729 INF Delivered batch. nReq=943 sn=152
03:01:55.729 INF Delivered batch. nReq=935 sn=153
03:01:55.783 INF Get logEntry.Sn from tn. SegID=3 Tn=20 logEntry.Sn=155 origin_sn=155
03:01:55.783 INF Committed entry. latency=0 nReq=1087 sn=155
03:01:55.816 INF Get logEntry.Sn from tn. SegID=7 Tn=20 logEntry.Sn=159 origin_sn=159
03:01:55.816 INF Committed entry. latency=0 nReq=4096 sn=159
03:01:55.818 INF Get logEntry.Sn from tn. SegID=2 Tn=20 logEntry.Sn=154 origin_sn=154
03:01:55.818 INF Committed entry. latency=0 nReq=4096 sn=154
03:01:55.818 INF Delivered batch. nReq=4096 sn=154
03:01:55.818 INF Delivered batch. nReq=1087 sn=155
03:01:55.856 INF Get logEntry.Sn from tn. SegID=4 Tn=20 logEntry.Sn=156 origin_sn=156
03:01:55.856 INF Committed entry. latency=0 nReq=953 sn=156
03:01:55.856 INF Delivered batch. nReq=953 sn=156
03:01:55.856 INF Delivered batch. nReq=944 sn=157
03:01:55.856 INF Delivered batch. nReq=1026 sn=158
03:01:55.856 INF Delivered batch. nReq=4096 sn=159
03:01:55.856 INF Set TRUE. preSn=156 sn=164
03:01:55.965 INF Handling PREPREPARE. nReq=0 senderID=5 sn=165
03:01:55.988 INF Handling PREPREPARE. nReq=0 senderID=6 sn=166
03:01:56.041 INF Handling PREPREPARE. nReq=0 senderID=0 sn=160
03:01:56.054 INF Handling PREPREPARE. nReq=0 senderID=1 sn=161
03:01:56.054 INF Handling PREPREPARE. nReq=0 senderID=3 sn=163
03:01:56.095 INF Get logEntry.Sn from tn. SegID=5 Tn=21 logEntry.Sn=165 origin_sn=165
03:01:56.095 INF Committed entry. latency=0 nReq=0 sn=165
03:01:56.107 INF Get logEntry.Sn from tn. SegID=6 Tn=21 logEntry.Sn=166 origin_sn=166
03:01:56.107 INF Committed entry. latency=0 nReq=0 sn=166
03:01:56.141 INF Get logEntry.Sn from tn. SegID=0 Tn=21 logEntry.Sn=160 origin_sn=160
03:01:56.141 INF Committed entry. latency=0 nReq=0 sn=160
03:01:56.141 INF Delivered batch. nReq=0 sn=160
03:01:56.141 INF Get logEntry.Sn from tn. SegID=1 Tn=21 logEntry.Sn=161 origin_sn=161
03:01:56.141 INF Committed entry. latency=0 nReq=0 sn=161
03:01:56.141 INF Delivered batch. nReq=0 sn=161
03:01:56.145 INF Get logEntry.Sn from tn. SegID=3 Tn=21 logEntry.Sn=163 origin_sn=163
03:01:56.145 INF Committed entry. latency=0 nReq=0 sn=163
03:01:56.365 INF enter big block cursn=164
03:01:56.366 INF enter block2 cursn=164 snfromhtntopropose=172
03:01:56.366 INF Sending PREPREPARE. nReq=0 senderID=4 sn=172 view=0
03:01:56.521 INF Committed entry. latency=0 nReq=0 sn=164
03:01:56.521 INF Get logEntry.Sn from tn. Nil Blocks. SegID=4 logEntry.Sn=164
03:01:56.521 INF Get logEntry.Sn from tn. SegID=4 Tn=22 logEntry.Sn=172 origin_sn=172
03:01:56.521 INF Committed entry. latency=0 nReq=0 sn=172
03:01:56.521 INF Set TRUE. preSn=172 sn=180
03:01:56.977 INF Handling PREPREPARE. nReq=0 senderID=5 sn=181
03:01:56.994 INF Handling PREPREPARE. nReq=0 senderID=6 sn=182
03:01:57.022 INF Handling PREPREPARE. nReq=0 senderID=0 sn=176
03:01:57.044 INF Handling PREPREPARE. nReq=0 senderID=3 sn=179
03:01:57.061 INF Handling PREPREPARE. nReq=0 senderID=1 sn=177
03:01:57.073 INF Handling PREPREPARE. nReq=1039 senderID=2 sn=178
03:01:57.110 INF Committed entry. latency=0 nReq=0 sn=173
03:01:57.110 INF Get logEntry.Sn from tn. Nil Blocks. SegID=5 logEntry.Sn=173
03:01:57.110 INF Get logEntry.Sn from tn. SegID=5 Tn=23 logEntry.Sn=181 origin_sn=181
03:01:57.110 INF Committed entry. latency=0 nReq=0 sn=181
03:01:57.110 INF Handling PREPREPARE. nReq=1025 senderID=7 sn=183
03:01:57.147 INF Committed entry. latency=0 nReq=0 sn=174
03:01:57.147 INF Get logEntry.Sn from tn. Nil Blocks. SegID=6 logEntry.Sn=174
03:01:57.147 INF Get logEntry.Sn from tn. SegID=6 Tn=23 logEntry.Sn=182 origin_sn=182
03:01:57.147 INF Committed entry. latency=0 nReq=0 sn=182
03:01:57.152 INF Committed entry. latency=0 nReq=0 sn=168
03:01:57.152 INF Get logEntry.Sn from tn. Nil Blocks. SegID=0 logEntry.Sn=168
03:01:57.152 INF Get logEntry.Sn from tn. SegID=0 Tn=23 logEntry.Sn=176 origin_sn=176
03:01:57.152 INF Committed entry. latency=0 nReq=0 sn=176
03:01:57.154 INF Committed entry. latency=0 nReq=0 sn=171
03:01:57.154 INF Get logEntry.Sn from tn. Nil Blocks. SegID=3 logEntry.Sn=171
03:01:57.154 INF Get logEntry.Sn from tn. SegID=3 Tn=23 logEntry.Sn=179 origin_sn=179
03:01:57.154 INF Committed entry. latency=0 nReq=0 sn=179
03:01:57.155 INF Committed entry. latency=0 nReq=0 sn=169
03:01:57.155 INF Get logEntry.Sn from tn. Nil Blocks. SegID=1 logEntry.Sn=169
03:01:57.155 INF Get logEntry.Sn from tn. SegID=1 Tn=23 logEntry.Sn=177 origin_sn=177
03:01:57.155 INF Committed entry. latency=0 nReq=0 sn=177
03:01:57.236 INF Committed entry. latency=0 nReq=0 sn=167
03:01:57.236 INF Get logEntry.Sn from tn. Nil Blocks. SegID=7 logEntry.Sn=167
03:01:57.236 INF Committed entry. latency=0 nReq=0 sn=175
03:01:57.236 INF Get logEntry.Sn from tn. Nil Blocks. SegID=7 logEntry.Sn=175
03:01:57.236 INF Get logEntry.Sn from tn. SegID=7 Tn=23 logEntry.Sn=183 origin_sn=183
03:01:57.236 INF Committed entry. latency=0 nReq=1025 sn=183
03:01:57.253 INF Committed entry. latency=0 nReq=0 sn=162
03:01:57.253 INF Delivered batch. nReq=0 sn=162
03:01:57.253 INF Delivered batch. nReq=0 sn=163
03:01:57.253 INF Delivered batch. nReq=0 sn=164
03:01:57.253 INF Delivered batch. nReq=0 sn=165
03:01:57.253 INF Delivered batch. nReq=0 sn=166
03:01:57.253 INF Delivered batch. nReq=0 sn=167
03:01:57.253 INF Delivered batch. nReq=0 sn=168
03:01:57.253 INF Delivered batch. nReq=0 sn=169
03:01:57.253 INF Get logEntry.Sn from tn. Nil Blocks. SegID=2 logEntry.Sn=162
03:01:57.253 INF Committed entry. latency=0 nReq=0 sn=170
03:01:57.253 INF Delivered batch. nReq=0 sn=170
03:01:57.253 INF Delivered batch. nReq=0 sn=171
03:01:57.253 INF Delivered batch. nReq=0 sn=172
03:01:57.253 INF Delivered batch. nReq=0 sn=173
03:01:57.253 INF Delivered batch. nReq=0 sn=174
03:01:57.253 INF Delivered batch. nReq=0 sn=175
03:01:57.253 INF Delivered batch. nReq=0 sn=176
03:01:57.253 INF Delivered batch. nReq=0 sn=177
03:01:57.253 INF Get logEntry.Sn from tn. Nil Blocks. SegID=2 logEntry.Sn=170
03:01:57.253 INF Get logEntry.Sn from tn. SegID=2 Tn=23 logEntry.Sn=178 origin_sn=178
03:01:57.253 INF Committed entry. latency=0 nReq=1039 sn=178
03:01:57.253 INF Delivered batch. nReq=1039 sn=178
03:01:57.253 INF Delivered batch. nReq=0 sn=179
03:01:57.366 INF enter big block cursn=180
03:01:57.366 INF enter block2 cursn=180 snfromhtntopropose=188
03:01:57.366 INF Sending PREPREPARE. nReq=0 senderID=4 sn=188 view=0
03:01:57.521 INF Committed entry. latency=0 nReq=0 sn=180
03:01:57.521 INF Delivered batch. nReq=0 sn=180
03:01:57.521 INF Delivered batch. nReq=0 sn=181
03:01:57.521 INF Delivered batch. nReq=0 sn=182
03:01:57.521 INF Delivered batch. nReq=1025 sn=183
03:01:57.521 INF Get logEntry.Sn from tn. Nil Blocks. SegID=4 logEntry.Sn=180
03:01:57.521 INF Get logEntry.Sn from tn. SegID=4 Tn=24 logEntry.Sn=188 origin_sn=188
03:01:57.521 INF Committed entry. latency=0 nReq=0 sn=188
03:01:57.521 INF Set TRUE. preSn=188 sn=196
03:01:57.807 INF Handling PREPREPARE. nReq=0 senderID=2 sn=194
03:01:57.830 INF Handling PREPREPARE. nReq=0 senderID=7 sn=199
03:01:57.912 INF Committed entry. latency=0 nReq=0 sn=191
03:01:57.912 INF Get logEntry.Sn from tn. Nil Blocks. SegID=7 logEntry.Sn=191
03:01:57.912 INF Get logEntry.Sn from tn. SegID=7 Tn=25 logEntry.Sn=199 origin_sn=199
03:01:57.912 INF Committed entry. latency=0 nReq=0 sn=199
03:01:57.929 INF Committed entry. latency=0 nReq=0 sn=186
03:01:57.929 INF Get logEntry.Sn from tn. Nil Blocks. SegID=2 logEntry.Sn=186
03:01:57.929 INF Get logEntry.Sn from tn. SegID=2 Tn=25 logEntry.Sn=194 origin_sn=194
03:01:57.929 INF Committed entry. latency=0 nReq=0 sn=194
03:01:57.963 INF Connection terminated. error="rpc error: code = Canceled desc = context canceled" address=18.210.22.81:53130
03:01:57.970 INF Finished sending bucket assignments to client. clId=23
03:01:57.971 INF Handling PREPREPARE. nReq=0 senderID=5 sn=205
03:01:57.974 INF Finished sending bucket assignments to client. clId=34
03:01:57.983 INF Connection terminated. error="rpc error: code = Canceled desc = context canceled" address=100.25.42.164:34370
03:01:57.985 INF Finished sending bucket assignments to client. clId=30
03:01:57.988 INF Finished sending bucket assignments to client. clId=38
03:01:57.990 INF Finished sending bucket assignments to client. clId=45
03:01:57.992 INF Connection terminated. error="rpc error: code = Canceled desc = context canceled" address=3.239.120.107:58292
03:01:57.994 INF Connection terminated. error="rpc error: code = Canceled desc = context canceled" address=3.239.75.51:54820
03:01:57.995 INF Connection terminated. error="rpc error: code = Canceled desc = context canceled" address=3.239.120.107:58298
03:01:57.995 INF Connection terminated. error="rpc error: code = Canceled desc = context canceled" address=44.213.81.69:45426
03:01:57.995 INF Connection terminated. error="rpc error: code = Canceled desc = context canceled" address=3.239.75.51:54824
03:01:57.996 INF Finished sending bucket assignments to client. clId=49
03:01:57.997 INF Connection terminated. error="rpc error: code = Canceled desc = context canceled" address=3.229.130.176:40110
03:01:57.997 INF Finished sending bucket assignments to client. clId=37
03:01:58.000 INF Connection terminated. error="rpc error: code = Canceled desc = context canceled" address=100.25.42.164:34376
03:01:58.001 INF Finished sending bucket assignments to client. clId=19
03:01:58.002 INF Finished sending bucket assignments to client. clId=3
03:01:58.002 INF Connection terminated. error="rpc error: code = Canceled desc = context canceled" address=3.239.120.107:58296
03:01:58.005 INF Finished sending bucket assignments to client. clId=8
03:01:58.006 INF Connection terminated. error="rpc error: code = Canceled desc = context canceled" address=3.236.99.66:33996
03:01:58.007 INF Finished sending bucket assignments to client. clId=39
03:01:58.010 INF Connection terminated. error="rpc error: code = Canceled desc = context canceled" address=44.192.21.117:57646
03:01:58.010 INF Finished sending bucket assignments to client. clId=41
03:01:58.013 INF Connection terminated. error="rpc error: code = Canceled desc = context canceled" address=18.210.22.81:53136
03:01:58.014 INF Connection terminated. error="rpc error: code = Canceled desc = context canceled" address=34.236.216.38:49366
03:01:58.014 INF Finished sending bucket assignments to client. clId=28
03:01:58.015 INF Finished sending bucket assignments to client. clId=33
03:01:58.015 INF Finished sending bucket assignments to client. clId=11
03:01:58.017 INF Connection terminated. error="rpc error: code = Canceled desc = context canceled" address=18.210.22.81:53134
03:01:58.018 INF Connection terminated. error="rpc error: code = Canceled desc = context canceled" address=44.211.25.26:52346
03:01:58.019 INF Finished sending bucket assignments to client. clId=26
03:01:58.020 INF Connection terminated. error="rpc error: code = Canceled desc = context canceled" address=3.229.130.176:40112
03:01:58.020 INF Finished sending bucket assignments to client. clId=36
03:01:58.021 INF Finished sending bucket assignments to client. clId=62
03:01:58.023 INF Connection terminated. error="rpc error: code = Canceled desc = context canceled" address=44.211.25.26:52340
03:01:58.023 INF Connection terminated. error="rpc error: code = Canceled desc = context canceled" address=44.192.21.117:57648
03:01:58.024 INF Connection terminated. error="rpc error: code = Canceled desc = context canceled" address=3.229.130.176:40106
03:01:58.024 INF Finished sending bucket assignments to client. clId=13
03:01:58.024 INF Handling PREPREPARE. nReq=0 senderID=6 sn=206
03:01:58.026 INF Finished sending bucket assignments to client. clId=2
03:01:58.028 INF Finished sending bucket assignments to client. clId=35
03:01:58.028 INF Connection terminated. error="rpc error: code = Canceled desc = context canceled" address=44.192.18.91:40386
03:01:58.029 INF Finished sending bucket assignments to client. clId=25
03:01:58.029 INF Connection terminated. error="rpc error: code = Canceled desc = context canceled" address=44.213.81.69:45424
03:01:58.030 INF Connection terminated. error="rpc error: code = Canceled desc = context canceled" address=34.236.216.38:49368
03:01:58.031 INF Handling PREPREPARE. nReq=0 senderID=0 sn=200
03:01:58.031 INF Connection terminated. error="rpc error: code = Canceled desc = context canceled" address=3.235.225.255:49360
03:01:58.031 INF Finished sending bucket assignments to client. clId=21
03:01:58.033 INF Connection terminated. error="rpc error: code = Canceled desc = context canceled" address=3.239.75.51:54822
03:01:58.033 INF Handling PREPREPARE. nReq=0 senderID=1 sn=201
03:01:58.033 INF Connection terminated. error="rpc error: code = Canceled desc = context canceled" address=44.192.18.91:40382
03:01:58.034 INF Connection terminated. error="rpc error: code = Canceled desc = context canceled" address=44.192.74.222:45612
03:01:58.034 INF Finished sending bucket assignments to client. clId=20
03:01:58.035 INF Finished sending bucket assignments to client. clId=54
03:01:58.035 INF Finished sending bucket assignments to client. clId=40
03:01:58.036 INF Connection terminated. error="rpc error: code = Canceled desc = context canceled" address=100.25.42.164:34378
03:01:58.036 INF Connection terminated. error="rpc error: code = Canceled desc = context canceled" address=3.239.120.107:58294
03:01:58.037 INF Handling PREPREPARE. nReq=0 senderID=3 sn=203
03:01:58.037 INF Connection terminated. error="rpc error: code = Canceled desc = context canceled" address=44.192.18.91:40384
03:01:58.037 INF Connection terminated. error="rpc error: code = Canceled desc = context canceled" address=3.229.130.176:40108
03:01:58.037 INF Connection terminated. error="rpc error: code = Canceled desc = context canceled" address=44.192.74.222:45614
03:01:58.038 INF Finished sending bucket assignments to client. clId=9
03:01:58.038 INF Connection terminated. error="rpc error: code = Canceled desc = context canceled" address=3.235.225.255:49364
03:01:58.040 INF Finished sending bucket assignments to client. clId=5
03:01:58.040 INF Finished sending bucket assignments to client. clId=52
03:01:58.040 INF Connection terminated. error="rpc error: code = Canceled desc = context canceled" address=100.25.42.164:34374
03:01:58.041 INF Connection terminated. error="rpc error: code = Canceled desc = context canceled" address=44.211.25.26:52342
03:01:58.041 INF Connection terminated. error="rpc error: code = Canceled desc = context canceled" address=3.236.99.66:34000
03:01:58.042 INF Finished sending bucket assignments to client. clId=51
03:01:58.042 INF Finished sending bucket assignments to client. clId=10
03:01:58.043 INF Connection terminated. error="rpc error: code = Canceled desc = context canceled" address=3.239.75.51:54826
03:01:58.043 INF Connection terminated. error="rpc error: code = Canceled desc = context canceled" address=44.213.81.69:45430
03:01:58.043 INF Connection terminated. error="rpc error: code = Canceled desc = context canceled" address=44.197.195.43:60592
03:01:58.044 INF Finished sending bucket assignments to client. clId=12
03:01:58.044 INF Finished sending bucket assignments to client. clId=18
03:01:58.044 INF Connection terminated. error="rpc error: code = Canceled desc = context canceled" address=44.192.21.117:57650
03:01:58.046 INF Finished sending bucket assignments to client. clId=44
03:01:58.046 INF Connection terminated. error="rpc error: code = Canceled desc = context canceled" address=44.197.195.43:60594
03:01:58.046 INF Finished sending bucket assignments to client. clId=48
03:01:58.046 INF Finished sending bucket assignments to client. clId=7
03:01:58.050 INF Finished sending bucket assignments to client. clId=63
03:01:58.050 INF Connection terminated. error="rpc error: code = Canceled desc = context canceled" address=44.213.81.69:45428
03:01:58.050 INF Connection terminated. error="rpc error: code = Canceled desc = context canceled" address=3.236.72.228:54480
03:01:58.051 INF Finished sending bucket assignments to client. clId=14
03:01:58.051 INF Finished sending bucket assignments to client. clId=4
03:01:58.054 INF Connection terminated. error="rpc error: code = Canceled desc = context canceled" address=3.236.99.66:33994
03:01:58.054 INF Connection terminated. error="rpc error: code = Canceled desc = context canceled" address=34.236.216.38:49362
03:01:58.054 INF Finished sending bucket assignments to client. clId=16
03:01:58.055 INF Finished sending bucket assignments to client. clId=55
03:01:58.056 INF Connection terminated. error="rpc error: code = Canceled desc = context canceled" address=44.192.18.91:40388
03:01:58.058 INF Connection terminated. error="rpc error: code = Canceled desc = context canceled" address=3.235.225.255:49356
03:01:58.058 INF Finished sending bucket assignments to client. clId=46
03:01:58.058 INF Finished sending bucket assignments to client. clId=31
03:01:58.058 INF Finished sending bucket assignments to client. clId=43
03:01:58.058 INF Finished sending bucket assignments to client. clId=50
03:01:58.059 INF Finished sending bucket assignments to client. clId=61
03:01:58.059 INF Finished sending bucket assignments to client. clId=6
03:01:58.061 INF Connection terminated. error="rpc error: code = Canceled desc = context canceled" address=3.236.99.66:33998
03:01:58.061 INF Finished sending bucket assignments to client. clId=32
03:01:58.064 INF Connection terminated. error="rpc error: code = Canceled desc = context canceled" address=44.211.25.26:52344
03:01:58.064 INF Finished sending bucket assignments to client. clId=22
03:01:58.065 INF Finished sending bucket assignments to client. clId=15
03:01:58.065 INF Connection terminated. error="rpc error: code = Canceled desc = context canceled" address=44.211.33.96:58786
03:01:58.066 INF Finished sending bucket assignments to client. clId=56
03:01:58.071 INF Connection terminated. error="rpc error: code = Canceled desc = context canceled" address=18.210.22.81:53132
03:01:58.072 INF Finished sending bucket assignments to client. clId=53
03:01:58.072 INF Finished sending bucket assignments to client. clId=42
03:01:58.072 INF Connection terminated. error="rpc error: code = Canceled desc = context canceled" address=34.236.216.38:49364
03:01:58.073 INF Connection terminated. error="rpc error: code = Canceled desc = context canceled" address=44.197.195.43:60588
03:01:58.073 INF Finished sending bucket assignments to client. clId=0
03:01:58.074 INF Connection terminated. error="rpc error: code = Canceled desc = context canceled" address=44.192.74.222:45624
03:01:58.075 INF Finished sending bucket assignments to client. clId=17
03:01:58.075 INF Connection terminated. error="rpc error: code = Canceled desc = context canceled" address=44.211.33.96:58782
03:01:58.076 INF Connection terminated. error="rpc error: code = Canceled desc = context canceled" address=44.192.21.117:57644
03:01:58.077 INF Finished sending bucket assignments to client. clId=47
03:01:58.077 INF Finished sending bucket assignments to client. clId=57
03:01:58.078 INF Connection terminated. error="rpc error: code = Canceled desc = context canceled" address=3.235.225.255:49358
03:01:58.079 INF Committed entry. latency=0 nReq=0 sn=189
03:01:58.079 INF Get logEntry.Sn from tn. Nil Blocks. SegID=5 logEntry.Sn=189
03:01:58.079 INF Committed entry. latency=0 nReq=0 sn=197
03:01:58.079 INF Get logEntry.Sn from tn. Nil Blocks. SegID=5 logEntry.Sn=197
03:01:58.079 INF Get logEntry.Sn from tn. SegID=5 Tn=26 logEntry.Sn=205 origin_sn=205
03:01:58.079 INF Committed entry. latency=0 nReq=0 sn=205
03:01:58.082 INF Connection terminated. error="rpc error: code = Canceled desc = context canceled" address=3.236.72.228:54474
03:01:58.084 INF Finished sending bucket assignments to client. clId=59
03:01:58.085 INF Connection terminated. error="rpc error: code = Canceled desc = context canceled" address=44.197.195.43:60590
03:01:58.085 INF Connection terminated. error="rpc error: code = Canceled desc = context canceled" address=44.192.74.222:45620
03:01:58.089 INF Finished sending bucket assignments to client. clId=1
03:01:58.089 INF Finished sending bucket assignments to client. clId=58
03:01:58.096 INF Finished sending bucket assignments to client. clId=24
03:01:58.097 INF Connection terminated. error="rpc error: code = Canceled desc = context canceled" address=44.211.33.96:58784
03:01:58.105 INF Finished sending bucket assignments to client. clId=60
03:01:58.106 INF Finished sending bucket assignments to client. clId=29
03:01:58.106 INF Connection terminated. error="rpc error: code = Canceled desc = context canceled" address=44.211.33.96:58788
03:01:58.109 INF Connection terminated. error="rpc error: code = Canceled desc = context canceled" address=3.236.72.228:54476
03:01:58.119 INF Connection terminated. error="rpc error: code = Canceled desc = context canceled" address=3.236.72.228:54478
03:01:58.120 INF Committed entry. latency=0 nReq=0 sn=190
03:01:58.120 INF Get logEntry.Sn from tn. Nil Blocks. SegID=6 logEntry.Sn=190
03:01:58.120 INF Committed entry. latency=0 nReq=0 sn=198
03:01:58.120 INF Get logEntry.Sn from tn. Nil Blocks. SegID=6 logEntry.Sn=198
03:01:58.120 INF Get logEntry.Sn from tn. SegID=6 Tn=26 logEntry.Sn=206 origin_sn=206
03:01:58.120 INF Committed entry. latency=0 nReq=0 sn=206
03:01:58.120 INF Finished sending bucket assignments to client. clId=27
03:01:58.139 INF Committed entry. latency=0 nReq=0 sn=184
03:01:58.139 INF Delivered batch. nReq=0 sn=184
03:01:58.139 INF Get logEntry.Sn from tn. Nil Blocks. SegID=0 logEntry.Sn=184
03:01:58.139 INF Committed entry. latency=0 nReq=0 sn=192
03:01:58.139 INF Get logEntry.Sn from tn. Nil Blocks. SegID=0 logEntry.Sn=192
03:01:58.139 INF Get logEntry.Sn from tn. SegID=0 Tn=26 logEntry.Sn=200 origin_sn=200
03:01:58.139 INF Committed entry. latency=0 nReq=0 sn=200
03:01:58.144 INF Committed entry. latency=0 nReq=0 sn=187
03:01:58.144 INF Get logEntry.Sn from tn. Nil Blocks. SegID=3 logEntry.Sn=187
03:01:58.144 INF Committed entry. latency=0 nReq=0 sn=195
03:01:58.144 INF Get logEntry.Sn from tn. Nil Blocks. SegID=3 logEntry.Sn=195
03:01:58.144 INF Get logEntry.Sn from tn. SegID=3 Tn=26 logEntry.Sn=203 origin_sn=203
03:01:58.144 INF Committed entry. latency=0 nReq=0 sn=203
03:01:58.152 INF Committed entry. latency=0 nReq=0 sn=185
03:01:58.152 INF Delivered batch. nReq=0 sn=185
03:01:58.152 INF Delivered batch. nReq=0 sn=186
03:01:58.152 INF Delivered batch. nReq=0 sn=187
03:01:58.152 INF Delivered batch. nReq=0 sn=188
03:01:58.152 INF Delivered batch. nReq=0 sn=189
03:01:58.152 INF Delivered batch. nReq=0 sn=190
03:01:58.152 INF Delivered batch. nReq=0 sn=191
03:01:58.152 INF Delivered batch. nReq=0 sn=192
03:01:58.152 INF Get logEntry.Sn from tn. Nil Blocks. SegID=1 logEntry.Sn=185
03:01:58.152 INF Committed entry. latency=0 nReq=0 sn=193
03:01:58.152 INF Delivered batch. nReq=0 sn=193
03:01:58.152 INF Delivered batch. nReq=0 sn=194
03:01:58.152 INF Delivered batch. nReq=0 sn=195
03:01:58.152 INF Get logEntry.Sn from tn. Nil Blocks. SegID=1 logEntry.Sn=193
03:01:58.152 INF Get logEntry.Sn from tn. SegID=1 Tn=26 logEntry.Sn=201 origin_sn=201
03:01:58.152 INF Committed entry. latency=0 nReq=0 sn=201
03:01:58.367 INF enter big block cursn=196
03:01:58.367 INF enter block2 cursn=196 snfromhtntopropose=212
03:01:58.367 INF Sending PREPREPARE. nReq=0 senderID=4 sn=212 view=0
03:01:58.499 INF Stopping profiler.
03:01:58.499 INF Stopping Tracer. events=322 fileName=experiment-output/0001/slave-000/peer.trc
03:01:58.500 INF Trace data written.
03:01:58.513 INF Profile data written. filename=experiment-output/0001/slave-000/prof.cpu name=cpu
03:01:58.523 INF Committed entry. latency=0 nReq=0 sn=196
03:01:58.523 INF Delivered batch. nReq=0 sn=196
03:01:58.523 INF Delivered batch. nReq=0 sn=197
03:01:58.523 INF Delivered batch. nReq=0 sn=198
03:01:58.523 INF Delivered batch. nReq=0 sn=199
03:01:58.523 INF Delivered batch. nReq=0 sn=200
03:01:58.523 INF Delivered batch. nReq=0 sn=201
03:01:58.523 INF Get logEntry.Sn from tn. Nil Blocks. SegID=4 logEntry.Sn=196
03:01:58.523 INF Committed entry. latency=0 nReq=0 sn=204
03:01:58.523 INF Get logEntry.Sn from tn. Nil Blocks. SegID=4 logEntry.Sn=204
03:01:58.523 INF Get logEntry.Sn from tn. SegID=4 Tn=27 logEntry.Sn=212 origin_sn=212
03:01:58.523 INF Committed entry. latency=0 nReq=0 sn=212
03:01:58.523 INF Set TRUE. preSn=212 sn=220
03:01:58.541 INF Profile data written. filename=experiment-output/0001/slave-000/prof.block name=block
03:01:58.544 INF Profile data written. filename=experiment-output/0001/slave-000/prof.mutex name=mutex
