{"level":"debug","Logging":"info","time":"2023-03-25T04:31:04Z","message":"Config"}
{"level":"debug","UseTLS":false,"time":"2023-03-25T04:31:04Z","message":"Config"}
{"level":"debug","CACertFile":"tls-data/ca.pem","time":"2023-03-25T04:31:04Z","message":"Config"}
{"level":"debug","KeyFile":"tls-data/auth.key","time":"2023-03-25T04:31:04Z","message":"Config"}
{"level":"debug","CertFile":"tls-data/auth.pem","time":"2023-03-25T04:31:04Z","message":"Config"}
{"level":"debug","PriorityConnections":2,"time":"2023-03-25T04:31:04Z","message":"Config"}
{"level":"debug","BasicConnections":1,"time":"2023-03-25T04:31:04Z","message":"Config"}
{"level":"debug","TestConnections":false,"time":"2023-03-25T04:31:04Z","message":"Config"}
{"level":"debug","ExcessConnections":1,"time":"2023-03-25T04:31:04Z","message":"Config"}
{"level":"debug","ConnectionTestMsgs":4,"time":"2023-03-25T04:31:04Z","message":"Config"}
{"level":"debug","ConnectionTestPayload":131072,"time":"2023-03-25T04:31:04Z","message":"Config"}
{"level":"debug","OutMessageBufsize":1024,"time":"2023-03-25T04:31:04Z","message":"Config"}
{"level":"debug","OutMessageBufsize":4,"time":"2023-03-25T04:31:04Z","message":"Config"}
{"level":"debug","ThroughputCap":131072000,"time":"2023-03-25T04:31:04Z","message":"Config"}
{"level":"debug","StragglerTolerance":1000,"time":"2023-03-25T04:31:04Z","message":"Config"}
{"level":"debug","BatchSizeIncrement":256,"time":"2023-03-25T04:31:04Z","message":"Config"}
{"level":"debug","Orderer":"Pbft","time":"2023-03-25T04:31:04Z","message":"Config"}
{"level":"debug","Manager":"Mir","time":"2023-03-25T04:31:04Z","message":"Config"}
{"level":"debug","Failures":0,"time":"2023-03-25T04:31:04Z","message":"Config"}
{"level":"debug","StragglerCnt":0,"time":"2023-03-25T04:31:04Z","message":"Config"}
{"level":"debug","CrashTiming":"Straggler","time":"2023-03-25T04:31:04Z","message":"Config"}
{"level":"debug","CheckpointInterval":256,"time":"2023-03-25T04:31:04Z","message":"Config"}
{"level":"debug","WatermarkWindowSize":256,"time":"2023-03-25T04:31:04Z","message":"Config"}
{"level":"debug","EpochLength":256,"time":"2023-03-25T04:31:04Z","message":"Config"}
{"level":"debug","SegmentLength":16,"time":"2023-03-25T04:31:04Z","message":"Config"}
{"level":"debug","WaitForCheckpoints":true,"time":"2023-03-25T04:31:04Z","message":"Config"}
{"level":"debug","ClientWatermarkWindowSize":16384,"time":"2023-03-25T04:31:04Z","message":"Config"}
{"level":"debug","ClientRequestBacklogSize":16384,"time":"2023-03-25T04:31:04Z","message":"Config"}
{"level":"debug","RandomSeed":29346,"time":"2023-03-25T04:31:04Z","message":"Config"}
{"level":"debug","NodeToLeaderRatio":1,"time":"2023-03-25T04:31:04Z","message":"Config"}
{"level":"debug","LeaderPolicy":"Simple","time":"2023-03-25T04:31:04Z","message":"Config"}
{"level":"debug","DefaultLeaderBan":2,"time":"2023-03-25T04:31:04Z","message":"Config"}
{"level":"debug","NumBuckets":256,"time":"2023-03-25T04:31:04Z","message":"Config"}
{"level":"debug","BatchSize":2000,"time":"2023-03-25T04:31:04Z","message":"Config"}
{"level":"debug","DisabledViewChange":false,"time":"2023-03-25T04:31:04Z","message":"Config"}
{"level":"debug","ViewChangeTimeout":60000,"time":"2023-03-25T04:31:04Z","message":"Config"}
{"level":"debug","ClientTraceSampling":10,"time":"2023-03-25T04:31:04Z","message":"Config"}
{"level":"debug","EventBufferSize":2097152,"time":"2023-03-25T04:31:04Z","message":"Config"}
{"level":"debug","TraceSampling":1,"time":"2023-03-25T04:31:04Z","message":"Config"}
{"level":"debug","ClientsPerProcess":8,"time":"2023-03-25T04:31:04Z","message":"Config"}
{"level":"debug","RequestsPerClient":7680,"time":"2023-03-25T04:31:04Z","message":"Config"}
{"level":"debug","ClientRunTime":15000,"time":"2023-03-25T04:31:04Z","message":"Config"}
{"level":"debug","RequestRate":256,"time":"2023-03-25T04:31:04Z","message":"Config"}
{"level":"debug","HardRequestRateLimit":false,"time":"2023-03-25T04:31:04Z","message":"Config"}
{"level":"debug","RequestPayloadSize":500,"time":"2023-03-25T04:31:04Z","message":"Config"}
{"level":"debug","SignRequests":true,"time":"2023-03-25T04:31:04Z","message":"Config"}
{"level":"debug","ClientPrivKeyFile":"tls-data/client-ecdsa-256.key","time":"2023-03-25T04:31:04Z","message":"Config"}
{"level":"debug","ClientPubKeyFile":"tls-data/client-ecdsa-256.pem","time":"2023-03-25T04:31:04Z","message":"Config"}
{"level":"debug","PrecomputeRequests":false,"time":"2023-03-25T04:31:04Z","message":"Config"}
{"level":"debug","RequestHandlerThreads":32,"time":"2023-03-25T04:31:04Z","message":"Config"}
{"level":"debug","RequestInputChannelBuffer":8192,"time":"2023-03-25T04:31:04Z","message":"Config"}
{"level":"debug","BatchVerifier":"external","time":"2023-03-25T04:31:04Z","message":"Config"}
04:31:04.286 INF Started Profiler: CPU
04:31:04.286 INF Started Profiler: BLOCK
04:31:04.286 INF Started Profiler: MUTEX
04:31:04.286 INF Starting clients. numClients=8 numRequests=7680
04:31:04.286 INF Initilizing clients.
04:31:04.566 INF Registared with discovery server. numOrderers=16 ownClientId=79
04:31:04.566 INF Registared with discovery server. numOrderers=16 ownClientId=77
04:31:04.567 INF Registared with discovery server. numOrderers=16 ownClientId=80
04:31:04.567 INF Registared with discovery server. numOrderers=16 ownClientId=83
04:31:04.567 INF Registared with discovery server. numOrderers=16 ownClientId=81
04:31:04.567 INF Registared with discovery server. numOrderers=16 ownClientId=94
04:31:04.567 INF Registared with discovery server. numOrderers=16 ownClientId=95
04:31:04.567 INF Registared with discovery server. numOrderers=16 ownClientId=85
04:31:04.567 INF Clients initialized.
04:31:04.567 INF Launching clients.
04:31:04.567 INF Waiting for clients.
04:31:45.973 INF Stopping Tracer. events=1940 fileName=experiment-output/0001/slave-017/client-083.trc
zerolog: could not write event: write experiment-output/0001/slave-017/client-083.log: file already closed
zerolog: could not write event: write experiment-output/0001/slave-017/client-083.log: file already closed
zerolog: could not write event: write experiment-output/0001/slave-017/client-083.log: file already closed
zerolog: could not write event: write experiment-output/0001/slave-017/client-083.log: file already closed
04:31:45.976 INF Trace data written.
04:31:45.985 INF Stopping Tracer. events=1956 fileName=experiment-output/0001/slave-017/client-081.trc
zerolog: could not write event: write experiment-output/0001/slave-017/client-081.log: file already closed
zerolog: could not write event: write experiment-output/0001/slave-017/client-081.log: file already closed
zerolog: could not write event: write experiment-output/0001/slave-017/client-081.log: file already closed
zerolog: could not write event: write experiment-output/0001/slave-017/client-081.log: file already closed
04:31:45.987 INF Stopping Tracer. events=1921 fileName=experiment-output/0001/slave-017/client-077.trc
zerolog: could not write event: write experiment-output/0001/slave-017/client-077.log: file already closed
zerolog: could not write event: write experiment-output/0001/slave-017/client-077.log: file already closed
zerolog: could not write event: write experiment-output/0001/slave-017/client-077.log: file already closed
zerolog: could not write event: write experiment-output/0001/slave-017/client-077.log: file already closed
04:31:45.988 INF Trace data written.
04:31:45.990 INF Trace data written.
04:31:45.994 INF Stopping Tracer. events=1938 fileName=experiment-output/0001/slave-017/client-095.trc
zerolog: could not write event: write experiment-output/0001/slave-017/client-095.log: file already closed
zerolog: could not write event: write experiment-output/0001/slave-017/client-095.log: file already closed
zerolog: could not write event: write experiment-output/0001/slave-017/client-095.log: file already closed
zerolog: could not write event: write experiment-output/0001/slave-017/client-095.log: file already closed
04:31:45.997 INF Stopping Tracer. events=1935 fileName=experiment-output/0001/slave-017/client-079.trc
04:31:45.997 INF Stopping Tracer. events=1966 fileName=experiment-output/0001/slave-017/client-094.trc
04:31:45.997 INF Trace data written.
zerolog: could not write event: write experiment-output/0001/slave-017/client-094.log: file already closed
zerolog: could not write event: write experiment-output/0001/slave-017/client-094.log: file already closed
zerolog: could not write event: write experiment-output/0001/slave-017/client-079.log: file already closed
zerolog: could not write event: write experiment-output/0001/slave-017/client-079.log: file already closed
zerolog: could not write event: write experiment-output/0001/slave-017/client-094.log: file already closed
zerolog: could not write event: write experiment-output/0001/slave-017/client-079.log: file already closed
zerolog: could not write event: write experiment-output/0001/slave-017/client-094.log: file already closed
zerolog: could not write event: write experiment-output/0001/slave-017/client-079.log: file already closed
04:31:46.000 INF Trace data written.
04:31:46.000 INF Trace data written.
04:31:46.004 INF Stopping Tracer. events=1904 fileName=experiment-output/0001/slave-017/client-080.trc
zerolog: could not write event: write experiment-output/0001/slave-017/client-080.log: file already closed
zerolog: could not write event: write experiment-output/0001/slave-017/client-080.log: file already closed
zerolog: could not write event: write experiment-output/0001/slave-017/client-080.log: file already closed
zerolog: could not write event: write experiment-output/0001/slave-017/client-080.log: file already closed
04:31:46.007 INF Trace data written.
04:31:46.010 INF Stopping Tracer. events=1955 fileName=experiment-output/0001/slave-017/client-085.trc
zerolog: could not write event: write experiment-output/0001/slave-017/client-085.log: file already closed
zerolog: could not write event: write experiment-output/0001/slave-017/client-085.log: file already closed
zerolog: could not write event: write experiment-output/0001/slave-017/client-085.log: file already closed
zerolog: could not write event: write experiment-output/0001/slave-017/client-085.log: file already closed
04:31:46.013 INF Trace data written.
04:31:46.013 INF Done.
04:31:46.013 INF Stopping profiler.
zerolog: could not write event: write experiment-output/0001/slave-017/client-083.log: file already closed
zerolog: could not write event: write experiment-output/0001/slave-017/client-083.log: file already closed
zerolog: could not write event: write experiment-output/0001/slave-017/client-083.log: file already closed
zerolog: could not write event: write experiment-output/0001/slave-017/client-083.log: file already closed
zerolog: could not write event: write experiment-output/0001/slave-017/client-081.log: file already closed
zerolog: could not write event: write experiment-output/0001/slave-017/client-081.log: file already closed
zerolog: could not write event: write experiment-output/0001/slave-017/client-081.log: file already closed
zerolog: could not write event: write experiment-output/0001/slave-017/client-081.log: file already closed
zerolog: could not write event: write experiment-output/0001/slave-017/client-077.log: file already closed
zerolog: could not write event: write experiment-output/0001/slave-017/client-077.log: file already closed
zerolog: could not write event: write experiment-output/0001/slave-017/client-077.log: file already closed
zerolog: could not write event: write experiment-output/0001/slave-017/client-077.log: file already closed
zerolog: could not write event: write experiment-output/0001/slave-017/client-095.log: file already closed
zerolog: could not write event: write experiment-output/0001/slave-017/client-095.log: file already closed
zerolog: could not write event: write experiment-output/0001/slave-017/client-095.log: file already closed
zerolog: could not write event: write experiment-output/0001/slave-017/client-095.log: file already closed
zerolog: could not write event: write experiment-output/0001/slave-017/client-094.log: file already closed
zerolog: could not write event: write experiment-output/0001/slave-017/client-079.log: file already closed
zerolog: could not write event: write experiment-output/0001/slave-017/client-094.log: file already closed
zerolog: could not write event: write experiment-output/0001/slave-017/client-094.log: file already closed
zerolog: could not write event: write experiment-output/0001/slave-017/client-079.log: file already closed
zerolog: could not write event: write experiment-output/0001/slave-017/client-094.log: file already closed
zerolog: could not write event: write experiment-output/0001/slave-017/client-079.log: file already closed
zerolog: could not write event: write experiment-output/0001/slave-017/client-079.log: file already closed
zerolog: could not write event: write experiment-output/0001/slave-017/client-080.log: file already closed
zerolog: could not write event: write experiment-output/0001/slave-017/client-080.log: file already closed
zerolog: could not write event: write experiment-output/0001/slave-017/client-080.log: file already closed
zerolog: could not write event: write experiment-output/0001/slave-017/client-080.log: file already closed
zerolog: could not write event: write experiment-output/0001/slave-017/client-085.log: file already closed
zerolog: could not write event: write experiment-output/0001/slave-017/client-085.log: file already closed
zerolog: could not write event: write experiment-output/0001/slave-017/client-085.log: file already closed
zerolog: could not write event: write experiment-output/0001/slave-017/client-085.log: file already closed
zerolog: could not write event: write experiment-output/0001/slave-017/client-083.log: file already closed
zerolog: could not write event: write experiment-output/0001/slave-017/client-083.log: file already closed
zerolog: could not write event: write experiment-output/0001/slave-017/client-083.log: file already closed
zerolog: could not write event: write experiment-output/0001/slave-017/client-083.log: file already closed
zerolog: could not write event: write experiment-output/0001/slave-017/client-081.log: file already closed
zerolog: could not write event: write experiment-output/0001/slave-017/client-081.log: file already closed
zerolog: could not write event: write experiment-output/0001/slave-017/client-081.log: file already closed
zerolog: could not write event: write experiment-output/0001/slave-017/client-081.log: file already closed
zerolog: could not write event: write experiment-output/0001/slave-017/client-077.log: file already closed
zerolog: could not write event: write experiment-output/0001/slave-017/client-077.log: file already closed
zerolog: could not write event: write experiment-output/0001/slave-017/client-077.log: file already closed
zerolog: could not write event: write experiment-output/0001/slave-017/client-077.log: file already closed
04:31:46.204 INF Profile data written. filename=experiment-output/0001/slave-017/prof-client.cpu name=cpu
zerolog: could not write event: write experiment-output/0001/slave-017/client-095.log: file already closed
zerolog: could not write event: write experiment-output/0001/slave-017/client-095.log: file already closed
zerolog: could not write event: write experiment-output/0001/slave-017/client-095.log: file already closed
zerolog: could not write event: write experiment-output/0001/slave-017/client-095.log: file already closed
zerolog: could not write event: write experiment-output/0001/slave-017/client-094.log: file already closed
zerolog: could not write event: write experiment-output/0001/slave-017/client-094.log: file already closed
zerolog: could not write event: write experiment-output/0001/slave-017/client-079.log: file already closed
zerolog: could not write event: write experiment-output/0001/slave-017/client-094.log: file already closed
zerolog: could not write event: write experiment-output/0001/slave-017/client-079.log: file already closed
zerolog: could not write event: write experiment-output/0001/slave-017/client-094.log: file already closed
zerolog: could not write event: write experiment-output/0001/slave-017/client-079.log: file already closed
zerolog: could not write event: write experiment-output/0001/slave-017/client-079.log: file already closed
zerolog: could not write event: write experiment-output/0001/slave-017/client-080.log: file already closed
zerolog: could not write event: write experiment-output/0001/slave-017/client-080.log: file already closed
zerolog: could not write event: write experiment-output/0001/slave-017/client-080.log: file already closed
zerolog: could not write event: write experiment-output/0001/slave-017/client-080.log: file already closed
04:31:46.222 INF Profile data written. filename=experiment-output/0001/slave-017/prof-client.block name=block
zerolog: could not write event: write experiment-output/0001/slave-017/client-085.log: file already closed
zerolog: could not write event: write experiment-output/0001/slave-017/client-085.log: file already closed
zerolog: could not write event: write experiment-output/0001/slave-017/client-085.log: file already closed
zerolog: could not write event: write experiment-output/0001/slave-017/client-085.log: file already closed
04:31:46.229 INF Profile data written. filename=experiment-output/0001/slave-017/prof-client.mutex name=mutex
