{"level":"debug","Logging":"info","time":"2023-03-28T09:45:39Z","message":"Config"}
{"level":"debug","UseTLS":false,"time":"2023-03-28T09:45:39Z","message":"Config"}
{"level":"debug","CACertFile":"tls-data/ca.pem","time":"2023-03-28T09:45:39Z","message":"Config"}
{"level":"debug","KeyFile":"tls-data/auth.key","time":"2023-03-28T09:45:39Z","message":"Config"}
{"level":"debug","CertFile":"tls-data/auth.pem","time":"2023-03-28T09:45:39Z","message":"Config"}
{"level":"debug","PriorityConnections":2,"time":"2023-03-28T09:45:39Z","message":"Config"}
{"level":"debug","BasicConnections":1,"time":"2023-03-28T09:45:39Z","message":"Config"}
{"level":"debug","TestConnections":false,"time":"2023-03-28T09:45:39Z","message":"Config"}
{"level":"debug","ExcessConnections":1,"time":"2023-03-28T09:45:39Z","message":"Config"}
{"level":"debug","ConnectionTestMsgs":4,"time":"2023-03-28T09:45:39Z","message":"Config"}
{"level":"debug","ConnectionTestPayload":131072,"time":"2023-03-28T09:45:39Z","message":"Config"}
{"level":"debug","OutMessageBufsize":1024,"time":"2023-03-28T09:45:39Z","message":"Config"}
{"level":"debug","OutMessageBufsize":8,"time":"2023-03-28T09:45:39Z","message":"Config"}
{"level":"debug","ThroughputCap":131072000,"time":"2023-03-28T09:45:39Z","message":"Config"}
{"level":"debug","StragglerTolerance":1000,"time":"2023-03-28T09:45:39Z","message":"Config"}
{"level":"debug","BatchSizeIncrement":256,"time":"2023-03-28T09:45:39Z","message":"Config"}
{"level":"debug","Orderer":"Pbft","time":"2023-03-28T09:45:39Z","message":"Config"}
{"level":"debug","Manager":"Mir","time":"2023-03-28T09:45:39Z","message":"Config"}
{"level":"debug","Failures":0,"time":"2023-03-28T09:45:39Z","message":"Config"}
{"level":"debug","StragglerCnt":0,"time":"2023-03-28T09:45:39Z","message":"Config"}
{"level":"debug","CrashTiming":"Straggler","time":"2023-03-28T09:45:39Z","message":"Config"}
{"level":"debug","CheckpointInterval":512,"time":"2023-03-28T09:45:39Z","message":"Config"}
{"level":"debug","WatermarkWindowSize":512,"time":"2023-03-28T09:45:39Z","message":"Config"}
{"level":"debug","EpochLength":512,"time":"2023-03-28T09:45:39Z","message":"Config"}
{"level":"debug","SegmentLength":16,"time":"2023-03-28T09:45:39Z","message":"Config"}
{"level":"debug","WaitForCheckpoints":true,"time":"2023-03-28T09:45:39Z","message":"Config"}
{"level":"debug","ClientWatermarkWindowSize":16384,"time":"2023-03-28T09:45:39Z","message":"Config"}
{"level":"debug","ClientRequestBacklogSize":16384,"time":"2023-03-28T09:45:39Z","message":"Config"}
{"level":"debug","RandomSeed":25440,"time":"2023-03-28T09:45:39Z","message":"Config"}
{"level":"debug","NodeToLeaderRatio":1,"time":"2023-03-28T09:45:39Z","message":"Config"}
{"level":"debug","LeaderPolicy":"Simple","time":"2023-03-28T09:45:39Z","message":"Config"}
{"level":"debug","DefaultLeaderBan":2,"time":"2023-03-28T09:45:39Z","message":"Config"}
{"level":"debug","NumBuckets":512,"time":"2023-03-28T09:45:39Z","message":"Config"}
{"level":"debug","BatchSize":1000,"time":"2023-03-28T09:45:39Z","message":"Config"}
{"level":"debug","DisabledViewChange":false,"time":"2023-03-28T09:45:39Z","message":"Config"}
{"level":"debug","ViewChangeTimeout":60000,"time":"2023-03-28T09:45:39Z","message":"Config"}
{"level":"debug","ClientTraceSampling":10,"time":"2023-03-28T09:45:39Z","message":"Config"}
{"level":"debug","EventBufferSize":2097152,"time":"2023-03-28T09:45:39Z","message":"Config"}
{"level":"debug","TraceSampling":1,"time":"2023-03-28T09:45:39Z","message":"Config"}
{"level":"debug","ClientsPerProcess":8,"time":"2023-03-28T09:45:39Z","message":"Config"}
{"level":"debug","RequestsPerClient":7617,"time":"2023-03-28T09:45:39Z","message":"Config"}
{"level":"debug","ClientRunTime":15000,"time":"2023-03-28T09:45:39Z","message":"Config"}
{"level":"debug","RequestRate":253,"time":"2023-03-28T09:45:39Z","message":"Config"}
{"level":"debug","HardRequestRateLimit":false,"time":"2023-03-28T09:45:39Z","message":"Config"}
{"level":"debug","RequestPayloadSize":500,"time":"2023-03-28T09:45:39Z","message":"Config"}
{"level":"debug","SignRequests":true,"time":"2023-03-28T09:45:39Z","message":"Config"}
{"level":"debug","ClientPrivKeyFile":"tls-data/client-ecdsa-256.key","time":"2023-03-28T09:45:39Z","message":"Config"}
{"level":"debug","ClientPubKeyFile":"tls-data/client-ecdsa-256.pem","time":"2023-03-28T09:45:39Z","message":"Config"}
{"level":"debug","PrecomputeRequests":false,"time":"2023-03-28T09:45:39Z","message":"Config"}
{"level":"debug","RequestHandlerThreads":32,"time":"2023-03-28T09:45:39Z","message":"Config"}
{"level":"debug","RequestInputChannelBuffer":8192,"time":"2023-03-28T09:45:39Z","message":"Config"}
{"level":"debug","BatchVerifier":"external","time":"2023-03-28T09:45:39Z","message":"Config"}
09:45:39.752 INF Started Profiler: CPU
09:45:39.752 INF Started Profiler: BLOCK
09:45:39.752 INF Started Profiler: MUTEX
09:45:39.752 INF Starting clients. numClients=8 numRequests=7617
09:45:39.752 INF Initilizing clients.
09:45:40.033 INF Registared with discovery server. numOrderers=32 ownClientId=77
09:45:40.033 INF Registared with discovery server. numOrderers=32 ownClientId=72
09:45:40.033 INF Registared with discovery server. numOrderers=32 ownClientId=69
09:45:40.033 INF Registared with discovery server. numOrderers=32 ownClientId=93
09:45:40.033 INF Registared with discovery server. numOrderers=32 ownClientId=87
09:45:40.033 INF Registared with discovery server. numOrderers=32 ownClientId=99
09:45:40.033 INF Registared with discovery server. numOrderers=32 ownClientId=68
09:45:40.033 INF Registared with discovery server. numOrderers=32 ownClientId=92
09:45:40.033 INF Clients initialized.
09:45:40.033 INF Launching clients.
09:45:40.033 INF Waiting for clients.
09:46:15.484 INF Stopping Tracer. events=2288 fileName=experiment-output/0012/slave-035/client-087.trc
zerolog: could not write event: write experiment-output/0012/slave-035/client-087.log: file already closed
zerolog: could not write event: write experiment-output/0012/slave-035/client-087.log: file already closed
zerolog: could not write event: write experiment-output/0012/slave-035/client-087.log: file already closed
zerolog: could not write event: write experiment-output/0012/slave-035/client-087.log: file already closed
zerolog: could not write event: write experiment-output/0012/slave-035/client-087.log: file already closed
zerolog: could not write event: write experiment-output/0012/slave-035/client-087.log: file already closed
zerolog: could not write event: write experiment-output/0012/slave-035/client-087.log: file already closed
zerolog: could not write event: write experiment-output/0012/slave-035/client-087.log: file already closed
09:46:15.488 INF Trace data written.
09:46:15.490 INF Stopping Tracer. events=2282 fileName=experiment-output/0012/slave-035/client-069.trc
zerolog: could not write event: write experiment-output/0012/slave-035/client-069.log: file already closed
zerolog: could not write event: write experiment-output/0012/slave-035/client-069.log: file already closed
zerolog: could not write event: write experiment-output/0012/slave-035/client-069.log: file already closed
zerolog: could not write event: write experiment-output/0012/slave-035/client-069.log: file already closed
zerolog: could not write event: write experiment-output/0012/slave-035/client-069.log: file already closed
zerolog: could not write event: write experiment-output/0012/slave-035/client-069.log: file already closed
zerolog: could not write event: write experiment-output/0012/slave-035/client-069.log: file already closed
zerolog: could not write event: write experiment-output/0012/slave-035/client-069.log: file already closed
09:46:15.494 INF Trace data written.
09:46:15.503 INF Stopping Tracer. events=1536 fileName=experiment-output/0012/slave-035/client-072.trc
09:46:15.503 INF Stopping Tracer. events=1536 fileName=experiment-output/0012/slave-035/client-092.trc
zerolog: could not write event: write experiment-output/0012/slave-035/client-072.log: file already closed
zerolog: could not write event: write experiment-output/0012/slave-035/client-072.log: file already closed
zerolog: could not write event: write experiment-output/0012/slave-035/client-072.log: file already closed
zerolog: could not write event: write experiment-output/0012/slave-035/client-072.log: file already closed
zerolog: could not write event: write experiment-output/0012/slave-035/client-072.log: file already closed
zerolog: could not write event: write experiment-output/0012/slave-035/client-092.log: file already closed
zerolog: could not write event: write experiment-output/0012/slave-035/client-092.log: file already closed
zerolog: could not write event: write experiment-output/0012/slave-035/client-072.log: file already closed
zerolog: could not write event: write experiment-output/0012/slave-035/client-092.log: file already closed
zerolog: could not write event: write experiment-output/0012/slave-035/client-092.log: file already closed
zerolog: could not write event: write experiment-output/0012/slave-035/client-092.log: file already closed
zerolog: could not write event: write experiment-output/0012/slave-035/client-092.log: file already closed
zerolog: could not write event: write experiment-output/0012/slave-035/client-072.log: file already closed
zerolog: could not write event: write experiment-output/0012/slave-035/client-072.log: file already closed
zerolog: could not write event: write experiment-output/0012/slave-035/client-092.log: file already closed
zerolog: could not write event: write experiment-output/0012/slave-035/client-092.log: file already closed
09:46:15.505 INF Trace data written.
09:46:15.505 INF Trace data written.
09:46:15.523 INF Stopping Tracer. events=2252 fileName=experiment-output/0012/slave-035/client-093.trc
zerolog: could not write event: write experiment-output/0012/slave-035/client-093.log: file already closed
zerolog: could not write event: write experiment-output/0012/slave-035/client-093.log: file already closed
zerolog: could not write event: write experiment-output/0012/slave-035/client-093.log: file already closed
zerolog: could not write event: write experiment-output/0012/slave-035/client-093.log: file already closed
zerolog: could not write event: write experiment-output/0012/slave-035/client-093.log: file already closed
09:46:15.523 INF Stopping Tracer. events=2284 fileName=experiment-output/0012/slave-035/client-099.trc
zerolog: could not write event: write experiment-output/0012/slave-035/client-093.log: file already closed
zerolog: could not write event: write experiment-output/0012/slave-035/client-093.log: file already closed
zerolog: could not write event: write experiment-output/0012/slave-035/client-093.log: file already closed
zerolog: could not write event: write experiment-output/0012/slave-035/client-099.log: file already closed
zerolog: could not write event: write experiment-output/0012/slave-035/client-099.log: file already closed
zerolog: could not write event: write experiment-output/0012/slave-035/client-099.log: file already closed
zerolog: could not write event: write experiment-output/0012/slave-035/client-099.log: file already closed
09:46:15.524 INF Stopping Tracer. events=2284 fileName=experiment-output/0012/slave-035/client-077.trc
zerolog: could not write event: write experiment-output/0012/slave-035/client-099.log: file already closed
zerolog: could not write event: write experiment-output/0012/slave-035/client-099.log: file already closed
zerolog: could not write event: write experiment-output/0012/slave-035/client-077.log: file already closed
zerolog: could not write event: write experiment-output/0012/slave-035/client-077.log: file already closed
zerolog: could not write event: write experiment-output/0012/slave-035/client-077.log: file already closed
zerolog: could not write event: write experiment-output/0012/slave-035/client-077.log: file already closed
zerolog: could not write event: write experiment-output/0012/slave-035/client-077.log: file already closed
zerolog: could not write event: write experiment-output/0012/slave-035/client-077.log: file already closed
zerolog: could not write event: write experiment-output/0012/slave-035/client-077.log: file already closed
zerolog: could not write event: write experiment-output/0012/slave-035/client-099.log: file already closed
zerolog: could not write event: write experiment-output/0012/slave-035/client-099.log: file already closed
zerolog: could not write event: write experiment-output/0012/slave-035/client-077.log: file already closed
09:46:15.525 INF Stopping Tracer. events=1543 fileName=experiment-output/0012/slave-035/client-068.trc
zerolog: could not write event: write experiment-output/0012/slave-035/client-068.log: file already closed
zerolog: could not write event: write experiment-output/0012/slave-035/client-068.log: file already closed
zerolog: could not write event: write experiment-output/0012/slave-035/client-068.log: file already closed
zerolog: could not write event: write experiment-output/0012/slave-035/client-068.log: file already closed
zerolog: could not write event: write experiment-output/0012/slave-035/client-068.log: file already closed
zerolog: could not write event: write experiment-output/0012/slave-035/client-068.log: file already closed
zerolog: could not write event: write experiment-output/0012/slave-035/client-068.log: file already closed
zerolog: could not write event: write experiment-output/0012/slave-035/client-068.log: file already closed
09:46:15.527 INF Trace data written.
09:46:15.527 INF Trace data written.
09:46:15.528 INF Trace data written.
09:46:15.528 INF Trace data written.
09:46:15.528 INF Done.
09:46:15.528 INF Stopping profiler.
09:46:15.552 INF Profile data written. filename=experiment-output/0012/slave-035/prof-client.block name=block
09:46:15.558 INF Profile data written. filename=experiment-output/0012/slave-035/prof-client.mutex name=mutex
zerolog: could not write event: write experiment-output/0012/slave-035/client-087.log: file already closed
zerolog: could not write event: write experiment-output/0012/slave-035/client-087.log: file already closed
zerolog: could not write event: write experiment-output/0012/slave-035/client-087.log: file already closed
zerolog: could not write event: write experiment-output/0012/slave-035/client-087.log: file already closed
zerolog: could not write event: write experiment-output/0012/slave-035/client-087.log: file already closed
zerolog: could not write event: write experiment-output/0012/slave-035/client-087.log: file already closed
zerolog: could not write event: write experiment-output/0012/slave-035/client-087.log: file already closed
zerolog: could not write event: write experiment-output/0012/slave-035/client-087.log: file already closed
zerolog: could not write event: write experiment-output/0012/slave-035/client-069.log: file already closed
zerolog: could not write event: write experiment-output/0012/slave-035/client-069.log: file already closed
zerolog: could not write event: write experiment-output/0012/slave-035/client-069.log: file already closed
zerolog: could not write event: write experiment-output/0012/slave-035/client-069.log: file already closed
zerolog: could not write event: write experiment-output/0012/slave-035/client-069.log: file already closed
zerolog: could not write event: write experiment-output/0012/slave-035/client-069.log: file already closed
zerolog: could not write event: write experiment-output/0012/slave-035/client-069.log: file already closed
zerolog: could not write event: write experiment-output/0012/slave-035/client-069.log: file already closed
zerolog: could not write event: write experiment-output/0012/slave-035/client-072.log: file already closed
zerolog: could not write event: write experiment-output/0012/slave-035/client-092.log: file already closed
zerolog: could not write event: write experiment-output/0012/slave-035/client-072.log: file already closed
zerolog: could not write event: write experiment-output/0012/slave-035/client-072.log: file already closed
zerolog: could not write event: write experiment-output/0012/slave-035/client-092.log: file already closed
zerolog: could not write event: write experiment-output/0012/slave-035/client-092.log: file already closed
zerolog: could not write event: write experiment-output/0012/slave-035/client-072.log: file already closed
zerolog: could not write event: write experiment-output/0012/slave-035/client-072.log: file already closed
zerolog: could not write event: write experiment-output/0012/slave-035/client-092.log: file already closed
zerolog: could not write event: write experiment-output/0012/slave-035/client-072.log: file already closed
zerolog: could not write event: write experiment-output/0012/slave-035/client-072.log: file already closed
zerolog: could not write event: write experiment-output/0012/slave-035/client-072.log: file already closed
zerolog: could not write event: write experiment-output/0012/slave-035/client-092.log: file already closed
zerolog: could not write event: write experiment-output/0012/slave-035/client-092.log: file already closed
zerolog: could not write event: write experiment-output/0012/slave-035/client-092.log: file already closed
zerolog: could not write event: write experiment-output/0012/slave-035/client-092.log: file already closed
zerolog: could not write event: write experiment-output/0012/slave-035/client-093.log: file already closed
zerolog: could not write event: write experiment-output/0012/slave-035/client-093.log: file already closed
zerolog: could not write event: write experiment-output/0012/slave-035/client-093.log: file already closed
zerolog: could not write event: write experiment-output/0012/slave-035/client-093.log: file already closed
zerolog: could not write event: write experiment-output/0012/slave-035/client-093.log: file already closed
zerolog: could not write event: write experiment-output/0012/slave-035/client-093.log: file already closed
zerolog: could not write event: write experiment-output/0012/slave-035/client-093.log: file already closed
zerolog: could not write event: write experiment-output/0012/slave-035/client-093.log: file already closed
zerolog: could not write event: write experiment-output/0012/slave-035/client-099.log: file already closed
zerolog: could not write event: write experiment-output/0012/slave-035/client-099.log: file already closed
zerolog: could not write event: write experiment-output/0012/slave-035/client-099.log: file already closed
zerolog: could not write event: write experiment-output/0012/slave-035/client-099.log: file already closed
zerolog: could not write event: write experiment-output/0012/slave-035/client-077.log: file already closed
zerolog: could not write event: write experiment-output/0012/slave-035/client-099.log: file already closed
zerolog: could not write event: write experiment-output/0012/slave-035/client-099.log: file already closed
zerolog: could not write event: write experiment-output/0012/slave-035/client-077.log: file already closed
zerolog: could not write event: write experiment-output/0012/slave-035/client-099.log: file already closed
zerolog: could not write event: write experiment-output/0012/slave-035/client-077.log: file already closed
zerolog: could not write event: write experiment-output/0012/slave-035/client-099.log: file already closed
zerolog: could not write event: write experiment-output/0012/slave-035/client-077.log: file already closed
zerolog: could not write event: write experiment-output/0012/slave-035/client-077.log: file already closed
zerolog: could not write event: write experiment-output/0012/slave-035/client-077.log: file already closed
zerolog: could not write event: write experiment-output/0012/slave-035/client-077.log: file already closed
zerolog: could not write event: write experiment-output/0012/slave-035/client-077.log: file already closed
zerolog: could not write event: write experiment-output/0012/slave-035/client-068.log: file already closed
zerolog: could not write event: write experiment-output/0012/slave-035/client-068.log: file already closed
zerolog: could not write event: write experiment-output/0012/slave-035/client-068.log: file already closed
zerolog: could not write event: write experiment-output/0012/slave-035/client-068.log: file already closed
zerolog: could not write event: write experiment-output/0012/slave-035/client-068.log: file already closed
zerolog: could not write event: write experiment-output/0012/slave-035/client-068.log: file already closed
zerolog: could not write event: write experiment-output/0012/slave-035/client-068.log: file already closed
zerolog: could not write event: write experiment-output/0012/slave-035/client-068.log: file already closed
09:46:15.694 INF Profile data written. filename=experiment-output/0012/slave-035/prof-client.cpu name=cpu
