{"level":"debug","Logging":"info","time":"2023-03-24T02:48:57Z","message":"Config"}
{"level":"debug","UseTLS":false,"time":"2023-03-24T02:48:57Z","message":"Config"}
{"level":"debug","CACertFile":"tls-data/ca.pem","time":"2023-03-24T02:48:57Z","message":"Config"}
{"level":"debug","KeyFile":"tls-data/auth.key","time":"2023-03-24T02:48:57Z","message":"Config"}
{"level":"debug","CertFile":"tls-data/auth.pem","time":"2023-03-24T02:48:57Z","message":"Config"}
{"level":"debug","PriorityConnections":2,"time":"2023-03-24T02:48:57Z","message":"Config"}
{"level":"debug","BasicConnections":1,"time":"2023-03-24T02:48:57Z","message":"Config"}
{"level":"debug","TestConnections":false,"time":"2023-03-24T02:48:57Z","message":"Config"}
{"level":"debug","ExcessConnections":1,"time":"2023-03-24T02:48:57Z","message":"Config"}
{"level":"debug","ConnectionTestMsgs":4,"time":"2023-03-24T02:48:57Z","message":"Config"}
{"level":"debug","ConnectionTestPayload":131072,"time":"2023-03-24T02:48:57Z","message":"Config"}
{"level":"debug","OutMessageBufsize":1024,"time":"2023-03-24T02:48:57Z","message":"Config"}
{"level":"debug","OutMessageBufsize":4,"time":"2023-03-24T02:48:57Z","message":"Config"}
{"level":"debug","ThroughputCap":131072000,"time":"2023-03-24T02:48:57Z","message":"Config"}
{"level":"debug","StragglerTolerance":1000,"time":"2023-03-24T02:48:57Z","message":"Config"}
{"level":"debug","BatchSizeIncrement":256,"time":"2023-03-24T02:48:57Z","message":"Config"}
{"level":"debug","Orderer":"Pbft","time":"2023-03-24T02:48:57Z","message":"Config"}
{"level":"debug","Manager":"Mir","time":"2023-03-24T02:48:57Z","message":"Config"}
{"level":"debug","Failures":0,"time":"2023-03-24T02:48:57Z","message":"Config"}
{"level":"debug","StragglerCnt":1,"time":"2023-03-24T02:48:57Z","message":"Config"}
{"level":"debug","PrivKeyCnt":10,"time":"2023-03-24T02:48:57Z","message":"Config"}
{"level":"debug","UseSig":false,"time":"2023-03-24T02:48:57Z","message":"Config"}
{"level":"debug","CrashTiming":"Straggler","time":"2023-03-24T02:48:57Z","message":"Config"}
{"level":"debug","CheckpointInterval":512,"time":"2023-03-24T02:48:57Z","message":"Config"}
{"level":"debug","WatermarkWindowSize":512,"time":"2023-03-24T02:48:57Z","message":"Config"}
{"level":"debug","EpochLength":512,"time":"2023-03-24T02:48:57Z","message":"Config"}
{"level":"debug","SegmentLength":32,"time":"2023-03-24T02:48:57Z","message":"Config"}
{"level":"debug","WaitForCheckpoints":true,"time":"2023-03-24T02:48:57Z","message":"Config"}
{"level":"debug","ClientWatermarkWindowSize":16384,"time":"2023-03-24T02:48:57Z","message":"Config"}
{"level":"debug","ClientRequestBacklogSize":16384,"time":"2023-03-24T02:48:57Z","message":"Config"}
{"level":"debug","RandomSeed":477,"time":"2023-03-24T02:48:57Z","message":"Config"}
{"level":"debug","NodeToLeaderRatio":1,"time":"2023-03-24T02:48:57Z","message":"Config"}
{"level":"debug","LeaderPolicy":"Simple","time":"2023-03-24T02:48:57Z","message":"Config"}
{"level":"debug","DefaultLeaderBan":2,"time":"2023-03-24T02:48:57Z","message":"Config"}
{"level":"debug","NumBuckets":256,"time":"2023-03-24T02:48:57Z","message":"Config"}
{"level":"debug","BatchSize":2000,"time":"2023-03-24T02:48:57Z","message":"Config"}
{"level":"debug","DisabledViewChange":false,"time":"2023-03-24T02:48:57Z","message":"Config"}
{"level":"debug","ViewChangeTimeout":60000,"time":"2023-03-24T02:48:57Z","message":"Config"}
{"level":"debug","ClientTraceSampling":10,"time":"2023-03-24T02:48:57Z","message":"Config"}
{"level":"debug","EventBufferSize":2097152,"time":"2023-03-24T02:48:57Z","message":"Config"}
{"level":"debug","TraceSampling":1,"time":"2023-03-24T02:48:57Z","message":"Config"}
{"level":"debug","ClientsPerProcess":8,"time":"2023-03-24T02:48:57Z","message":"Config"}
{"level":"debug","RequestsPerClient":3840,"time":"2023-03-24T02:48:57Z","message":"Config"}
{"level":"debug","ClientRunTime":15000,"time":"2023-03-24T02:48:57Z","message":"Config"}
{"level":"debug","RequestRate":128,"time":"2023-03-24T02:48:57Z","message":"Config"}
{"level":"debug","HardRequestRateLimit":false,"time":"2023-03-24T02:48:57Z","message":"Config"}
{"level":"debug","RequestPayloadSize":500,"time":"2023-03-24T02:48:57Z","message":"Config"}
{"level":"debug","SignRequests":true,"time":"2023-03-24T02:48:57Z","message":"Config"}
{"level":"debug","ClientPrivKeyFile":"tls-data/client-ecdsa-256.key","time":"2023-03-24T02:48:57Z","message":"Config"}
{"level":"debug","ClientPubKeyFile":"tls-data/client-ecdsa-256.pem","time":"2023-03-24T02:48:57Z","message":"Config"}
{"level":"debug","PrecomputeRequests":false,"time":"2023-03-24T02:48:57Z","message":"Config"}
{"level":"debug","RequestHandlerThreads":32,"time":"2023-03-24T02:48:57Z","message":"Config"}
{"level":"debug","RequestInputChannelBuffer":8192,"time":"2023-03-24T02:48:57Z","message":"Config"}
{"level":"debug","BatchVerifier":"external","time":"2023-03-24T02:48:57Z","message":"Config"}
02:48:57.359 INF Started Profiler: CPU
02:48:57.359 INF Started Profiler: BLOCK
02:48:57.359 INF Started Profiler: MUTEX
02:48:57.359 INF Starting clients. numClients=8 numRequests=3840
02:48:57.359 INF Initilizing clients.
02:48:57.923 INF Registared with discovery server. numOrderers=16 ownClientId=203
02:48:57.923 INF Registared with discovery server. numOrderers=16 ownClientId=208
02:48:57.924 INF Registared with discovery server. numOrderers=16 ownClientId=209
02:48:57.924 INF Registared with discovery server. numOrderers=16 ownClientId=221
02:48:57.925 INF Registared with discovery server. numOrderers=16 ownClientId=239
02:48:57.925 INF Registared with discovery server. numOrderers=16 ownClientId=244
02:48:57.925 INF Registared with discovery server. numOrderers=16 ownClientId=234
02:48:57.926 INF Registared with discovery server. numOrderers=16 ownClientId=251
02:48:57.926 INF Clients initialized.
02:48:57.926 INF Launching clients.
02:48:57.926 INF Waiting for clients.
02:49:40.344 INF Stopping Tracer. events=774 fileName=experiment-output/0000/slave-022/client-239.trc
zerolog: could not write event: write experiment-output/0000/slave-022/client-239.log: file already closed
zerolog: could not write event: write experiment-output/0000/slave-022/client-239.log: file already closed
zerolog: could not write event: write experiment-output/0000/slave-022/client-239.log: file already closed
zerolog: could not write event: write experiment-output/0000/slave-022/client-239.log: file already closed
02:49:40.346 INF Trace data written.
02:49:40.362 INF Stopping Tracer. events=790 fileName=experiment-output/0000/slave-022/client-209.trc
zerolog: could not write event: write experiment-output/0000/slave-022/client-209.log: file already closed
zerolog: could not write event: write experiment-output/0000/slave-022/client-209.log: file already closed
zerolog: could not write event: write experiment-output/0000/slave-022/client-209.log: file already closed
zerolog: could not write event: write experiment-output/0000/slave-022/client-209.log: file already closed
02:49:40.363 INF Trace data written.
02:49:40.383 INF Stopping Tracer. events=1047 fileName=experiment-output/0000/slave-022/client-234.trc
zerolog: could not write event: write experiment-output/0000/slave-022/client-234.log: file already closed
zerolog: could not write event: write experiment-output/0000/slave-022/client-234.log: file already closed
zerolog: could not write event: write experiment-output/0000/slave-022/client-234.log: file already closed
zerolog: could not write event: write experiment-output/0000/slave-022/client-234.log: file already closed
02:49:40.385 INF Trace data written.
02:49:40.385 INF Stopping Tracer. events=1064 fileName=experiment-output/0000/slave-022/client-208.trc
02:49:40.386 INF Stopping Tracer. events=773 fileName=experiment-output/0000/slave-022/client-221.trc
02:49:40.386 INF Stopping Tracer. events=789 fileName=experiment-output/0000/slave-022/client-203.trc
zerolog: could not write event: write experiment-output/0000/slave-022/client-208.log: file already closed
zerolog: could not write event: write experiment-output/0000/slave-022/client-208.log: file already closed
zerolog: could not write event: write experiment-output/0000/slave-022/client-208.log: file already closed
zerolog: could not write event: write experiment-output/0000/slave-022/client-221.log: file already closed
zerolog: could not write event: write experiment-output/0000/slave-022/client-203.log: file already closed
zerolog: could not write event: write experiment-output/0000/slave-022/client-221.log: file already closed
zerolog: could not write event: write experiment-output/0000/slave-022/client-221.log: file already closed
zerolog: could not write event: write experiment-output/0000/slave-022/client-203.log: file already closed
zerolog: could not write event: write experiment-output/0000/slave-022/client-208.log: file already closed
zerolog: could not write event: write experiment-output/0000/slave-022/client-203.log: file already closed
zerolog: could not write event: write experiment-output/0000/slave-022/client-203.log: file already closed
02:49:40.386 INF Stopping Tracer. events=1031 fileName=experiment-output/0000/slave-022/client-244.trc
zerolog: could not write event: write experiment-output/0000/slave-022/client-221.log: file already closed
zerolog: could not write event: write experiment-output/0000/slave-022/client-244.log: file already closed
zerolog: could not write event: write experiment-output/0000/slave-022/client-244.log: file already closed
zerolog: could not write event: write experiment-output/0000/slave-022/client-244.log: file already closed
zerolog: could not write event: write experiment-output/0000/slave-022/client-244.log: file already closed
02:49:40.388 INF Trace data written.
02:49:40.388 INF Stopping Tracer. events=774 fileName=experiment-output/0000/slave-022/client-251.trc
zerolog: could not write event: write experiment-output/0000/slave-022/client-251.log: file already closed
02:49:40.388 INF Trace data written.
zerolog: could not write event: write experiment-output/0000/slave-022/client-251.log: file already closed
zerolog: could not write event: write experiment-output/0000/slave-022/client-251.log: file already closed
zerolog: could not write event: write experiment-output/0000/slave-022/client-251.log: file already closed
02:49:40.388 INF Trace data written.
02:49:40.389 INF Trace data written.
02:49:40.389 INF Trace data written.
02:49:40.389 INF Done.
02:49:40.389 INF Stopping profiler.
zerolog: could not write event: write experiment-output/0000/slave-022/client-239.log: file already closed
zerolog: could not write event: write experiment-output/0000/slave-022/client-239.log: file already closed
zerolog: could not write event: write experiment-output/0000/slave-022/client-239.log: file already closed
zerolog: could not write event: write experiment-output/0000/slave-022/client-239.log: file already closed
zerolog: could not write event: write experiment-output/0000/slave-022/client-209.log: file already closed
zerolog: could not write event: write experiment-output/0000/slave-022/client-209.log: file already closed
zerolog: could not write event: write experiment-output/0000/slave-022/client-209.log: file already closed
zerolog: could not write event: write experiment-output/0000/slave-022/client-209.log: file already closed
zerolog: could not write event: write experiment-output/0000/slave-022/client-234.log: file already closed
zerolog: could not write event: write experiment-output/0000/slave-022/client-234.log: file already closed
zerolog: could not write event: write experiment-output/0000/slave-022/client-234.log: file already closed
zerolog: could not write event: write experiment-output/0000/slave-022/client-221.log: file already closed
zerolog: could not write event: write experiment-output/0000/slave-022/client-208.log: file already closed
zerolog: could not write event: write experiment-output/0000/slave-022/client-221.log: file already closed
zerolog: could not write event: write experiment-output/0000/slave-022/client-203.log: file already closed
zerolog: could not write event: write experiment-output/0000/slave-022/client-251.log: file already closed
zerolog: could not write event: write experiment-output/0000/slave-022/client-244.log: file already closed
zerolog: could not write event: write experiment-output/0000/slave-022/client-234.log: file already closed
zerolog: could not write event: write experiment-output/0000/slave-022/client-208.log: file already closed
zerolog: could not write event: write experiment-output/0000/slave-022/client-221.log: file already closed
zerolog: could not write event: write experiment-output/0000/slave-022/client-203.log: file already closed
zerolog: could not write event: write experiment-output/0000/slave-022/client-203.log: file already closed
zerolog: could not write event: write experiment-output/0000/slave-022/client-221.log: file already closed
zerolog: could not write event: write experiment-output/0000/slave-022/client-208.log: file already closed
zerolog: could not write event: write experiment-output/0000/slave-022/client-244.log: file already closed
zerolog: could not write event: write experiment-output/0000/slave-022/client-203.log: file already closed
zerolog: could not write event: write experiment-output/0000/slave-022/client-251.log: file already closed
zerolog: could not write event: write experiment-output/0000/slave-022/client-244.log: file already closed
zerolog: could not write event: write experiment-output/0000/slave-022/client-244.log: file already closed
zerolog: could not write event: write experiment-output/0000/slave-022/client-208.log: file already closed
zerolog: could not write event: write experiment-output/0000/slave-022/client-251.log: file already closed
zerolog: could not write event: write experiment-output/0000/slave-022/client-251.log: file already closed
zerolog: could not write event: write experiment-output/0000/slave-022/client-239.log: file already closed
zerolog: could not write event: write experiment-output/0000/slave-022/client-239.log: file already closed
zerolog: could not write event: write experiment-output/0000/slave-022/client-239.log: file already closed
zerolog: could not write event: write experiment-output/0000/slave-022/client-239.log: file already closed
zerolog: could not write event: write experiment-output/0000/slave-022/client-209.log: file already closed
zerolog: could not write event: write experiment-output/0000/slave-022/client-209.log: file already closed
zerolog: could not write event: write experiment-output/0000/slave-022/client-209.log: file already closed
zerolog: could not write event: write experiment-output/0000/slave-022/client-209.log: file already closed
02:49:40.550 INF Profile data written. filename=experiment-output/0000/slave-022/prof-client.cpu name=cpu
02:49:40.569 INF Profile data written. filename=experiment-output/0000/slave-022/prof-client.block name=block
zerolog: could not write event: write experiment-output/0000/slave-022/client-234.log: file already closed
zerolog: could not write event: write experiment-output/0000/slave-022/client-234.log: file already closed
zerolog: could not write event: write experiment-output/0000/slave-022/client-234.log: file already closed
zerolog: could not write event: write experiment-output/0000/slave-022/client-234.log: file already closed
zerolog: could not write event: write experiment-output/0000/slave-022/client-208.log: file already closed
zerolog: could not write event: write experiment-output/0000/slave-022/client-208.log: file already closed
zerolog: could not write event: write experiment-output/0000/slave-022/client-244.log: file already closed
zerolog: could not write event: write experiment-output/0000/slave-022/client-221.log: file already closed
zerolog: could not write event: write experiment-output/0000/slave-022/client-203.log: file already closed
zerolog: could not write event: write experiment-output/0000/slave-022/client-208.log: file already closed
zerolog: could not write event: write experiment-output/0000/slave-022/client-244.log: file already closed
zerolog: could not write event: write experiment-output/0000/slave-022/client-208.log: file already closed
zerolog: could not write event: write experiment-output/0000/slave-022/client-221.log: file already closed
zerolog: could not write event: write experiment-output/0000/slave-022/client-221.log: file already closed
zerolog: could not write event: write experiment-output/0000/slave-022/client-221.log: file already closed
zerolog: could not write event: write experiment-output/0000/slave-022/client-203.log: file already closed
zerolog: could not write event: write experiment-output/0000/slave-022/client-203.log: file already closed
zerolog: could not write event: write experiment-output/0000/slave-022/client-244.log: file already closed
zerolog: could not write event: write experiment-output/0000/slave-022/client-203.log: file already closed
zerolog: could not write event: write experiment-output/0000/slave-022/client-244.log: file already closed
02:49:40.574 INF Profile data written. filename=experiment-output/0000/slave-022/prof-client.mutex name=mutex
