{"level":"debug","Logging":"info","time":"2023-03-19T10:32:05Z","message":"Config"}
{"level":"debug","UseTLS":false,"time":"2023-03-19T10:32:05Z","message":"Config"}
{"level":"debug","CACertFile":"tls-data/ca.pem","time":"2023-03-19T10:32:05Z","message":"Config"}
{"level":"debug","KeyFile":"tls-data/auth.key","time":"2023-03-19T10:32:05Z","message":"Config"}
{"level":"debug","CertFile":"tls-data/auth.pem","time":"2023-03-19T10:32:05Z","message":"Config"}
{"level":"debug","PriorityConnections":2,"time":"2023-03-19T10:32:05Z","message":"Config"}
{"level":"debug","BasicConnections":1,"time":"2023-03-19T10:32:05Z","message":"Config"}
{"level":"debug","TestConnections":false,"time":"2023-03-19T10:32:05Z","message":"Config"}
{"level":"debug","ExcessConnections":1,"time":"2023-03-19T10:32:05Z","message":"Config"}
{"level":"debug","ConnectionTestMsgs":4,"time":"2023-03-19T10:32:05Z","message":"Config"}
{"level":"debug","ConnectionTestPayload":131072,"time":"2023-03-19T10:32:05Z","message":"Config"}
{"level":"debug","OutMessageBufsize":1024,"time":"2023-03-19T10:32:05Z","message":"Config"}
{"level":"debug","OutMessageBufsize":4,"time":"2023-03-19T10:32:05Z","message":"Config"}
{"level":"debug","ThroughputCap":131072000,"time":"2023-03-19T10:32:05Z","message":"Config"}
{"level":"debug","StragglerTolerance":1000,"time":"2023-03-19T10:32:05Z","message":"Config"}
{"level":"debug","BatchSizeIncrement":256,"time":"2023-03-19T10:32:05Z","message":"Config"}
{"level":"debug","Orderer":"Pbft","time":"2023-03-19T10:32:05Z","message":"Config"}
{"level":"debug","Manager":"Mir","time":"2023-03-19T10:32:05Z","message":"Config"}
{"level":"debug","Failures":0,"time":"2023-03-19T10:32:05Z","message":"Config"}
{"level":"debug","StragglerCnt":1,"time":"2023-03-19T10:32:05Z","message":"Config"}
{"level":"debug","PrivKeyCnt":10,"time":"2023-03-19T10:32:05Z","message":"Config"}
{"level":"debug","UseSig":false,"time":"2023-03-19T10:32:05Z","message":"Config"}
{"level":"debug","CrashTiming":"Straggler","time":"2023-03-19T10:32:05Z","message":"Config"}
{"level":"debug","CheckpointInterval":512,"time":"2023-03-19T10:32:05Z","message":"Config"}
{"level":"debug","WatermarkWindowSize":512,"time":"2023-03-19T10:32:05Z","message":"Config"}
{"level":"debug","EpochLength":512,"time":"2023-03-19T10:32:05Z","message":"Config"}
{"level":"debug","SegmentLength":32,"time":"2023-03-19T10:32:05Z","message":"Config"}
{"level":"debug","WaitForCheckpoints":true,"time":"2023-03-19T10:32:05Z","message":"Config"}
{"level":"debug","ClientWatermarkWindowSize":16384,"time":"2023-03-19T10:32:05Z","message":"Config"}
{"level":"debug","ClientRequestBacklogSize":16384,"time":"2023-03-19T10:32:05Z","message":"Config"}
{"level":"debug","RandomSeed":19386,"time":"2023-03-19T10:32:05Z","message":"Config"}
{"level":"debug","NodeToLeaderRatio":1,"time":"2023-03-19T10:32:05Z","message":"Config"}
{"level":"debug","LeaderPolicy":"Simple","time":"2023-03-19T10:32:05Z","message":"Config"}
{"level":"debug","DefaultLeaderBan":2,"time":"2023-03-19T10:32:05Z","message":"Config"}
{"level":"debug","NumBuckets":256,"time":"2023-03-19T10:32:05Z","message":"Config"}
{"level":"debug","BatchSize":1000,"time":"2023-03-19T10:32:05Z","message":"Config"}
{"level":"debug","DisabledViewChange":false,"time":"2023-03-19T10:32:05Z","message":"Config"}
{"level":"debug","ViewChangeTimeout":60000,"time":"2023-03-19T10:32:05Z","message":"Config"}
{"level":"debug","ClientTraceSampling":10,"time":"2023-03-19T10:32:05Z","message":"Config"}
{"level":"debug","EventBufferSize":2097152,"time":"2023-03-19T10:32:05Z","message":"Config"}
{"level":"debug","TraceSampling":1,"time":"2023-03-19T10:32:05Z","message":"Config"}
{"level":"debug","ClientsPerProcess":8,"time":"2023-03-19T10:32:05Z","message":"Config"}
{"level":"debug","RequestsPerClient":7680,"time":"2023-03-19T10:32:05Z","message":"Config"}
{"level":"debug","ClientRunTime":15000,"time":"2023-03-19T10:32:05Z","message":"Config"}
{"level":"debug","RequestRate":256,"time":"2023-03-19T10:32:05Z","message":"Config"}
{"level":"debug","HardRequestRateLimit":false,"time":"2023-03-19T10:32:05Z","message":"Config"}
{"level":"debug","RequestPayloadSize":500,"time":"2023-03-19T10:32:05Z","message":"Config"}
{"level":"debug","SignRequests":true,"time":"2023-03-19T10:32:05Z","message":"Config"}
{"level":"debug","ClientPrivKeyFile":"tls-data/client-ecdsa-256.key","time":"2023-03-19T10:32:05Z","message":"Config"}
{"level":"debug","ClientPubKeyFile":"tls-data/client-ecdsa-256.pem","time":"2023-03-19T10:32:05Z","message":"Config"}
{"level":"debug","PrecomputeRequests":false,"time":"2023-03-19T10:32:05Z","message":"Config"}
{"level":"debug","RequestHandlerThreads":32,"time":"2023-03-19T10:32:05Z","message":"Config"}
{"level":"debug","RequestInputChannelBuffer":8192,"time":"2023-03-19T10:32:05Z","message":"Config"}
{"level":"debug","BatchVerifier":"external","time":"2023-03-19T10:32:05Z","message":"Config"}
10:32:05.636 INF Started Profiler: CPU
10:32:05.636 INF Started Profiler: BLOCK
10:32:05.636 INF Started Profiler: MUTEX
10:32:05.636 INF Starting clients. numClients=8 numRequests=7680
10:32:05.636 INF Initilizing clients.
10:32:06.032 INF Registared with discovery server. numOrderers=16 ownClientId=138
10:32:06.032 INF Registared with discovery server. numOrderers=16 ownClientId=145
10:32:06.032 INF Registared with discovery server. numOrderers=16 ownClientId=141
10:32:06.034 INF Registared with discovery server. numOrderers=16 ownClientId=159
10:32:06.035 INF Registared with discovery server. numOrderers=16 ownClientId=169
10:32:06.035 INF Registared with discovery server. numOrderers=16 ownClientId=165
10:32:06.039 INF Registared with discovery server. numOrderers=16 ownClientId=187
10:32:06.039 INF Registared with discovery server. numOrderers=16 ownClientId=190
10:32:06.040 INF Clients initialized.
10:32:06.040 INF Launching clients.
10:32:06.040 INF Waiting for clients.
10:33:09.177 INF Stopping Tracer. events=2437 fileName=experiment-output/0004/slave-026/client-190.trc
zerolog: could not write event: write experiment-output/0004/slave-026/client-190.log: file already closed
zerolog: could not write event: write experiment-output/0004/slave-026/client-190.log: file already closed
zerolog: could not write event: write experiment-output/0004/slave-026/client-190.log: file already closed
zerolog: could not write event: write experiment-output/0004/slave-026/client-190.log: file already closed
10:33:09.181 INF Trace data written.
10:33:09.197 INF Stopping Tracer. events=1542 fileName=experiment-output/0004/slave-026/client-165.trc
zerolog: could not write event: write experiment-output/0004/slave-026/client-165.log: file already closed
zerolog: could not write event: write experiment-output/0004/slave-026/client-165.log: file already closed
zerolog: could not write event: write experiment-output/0004/slave-026/client-165.log: file already closed
zerolog: could not write event: write experiment-output/0004/slave-026/client-165.log: file already closed
10:33:09.200 INF Trace data written.
10:33:09.201 INF Stopping Tracer. events=1541 fileName=experiment-output/0004/slave-026/client-141.trc
zerolog: could not write event: write experiment-output/0004/slave-026/client-141.log: file already closed
zerolog: could not write event: write experiment-output/0004/slave-026/client-141.log: file already closed
zerolog: could not write event: write experiment-output/0004/slave-026/client-141.log: file already closed
zerolog: could not write event: write experiment-output/0004/slave-026/client-141.log: file already closed
10:33:09.204 INF Trace data written.
10:33:09.211 INF Stopping Tracer. events=1541 fileName=experiment-output/0004/slave-026/client-169.trc
10:33:09.211 INF Stopping Tracer. events=1541 fileName=experiment-output/0004/slave-026/client-187.trc
10:33:09.211 INF Stopping Tracer. events=1541 fileName=experiment-output/0004/slave-026/client-159.trc
10:33:09.211 INF Stopping Tracer. events=2273 fileName=experiment-output/0004/slave-026/client-138.trc
10:33:09.211 INF Stopping Tracer. events=1542 fileName=experiment-output/0004/slave-026/client-145.trc
zerolog: could not write event: write experiment-output/0004/slave-026/client-159.log: file already closed
zerolog: could not write event: write experiment-output/0004/slave-026/client-138.log: file already closed
zerolog: could not write event: write experiment-output/0004/slave-026/client-187.log: file already closed
zerolog: could not write event: write experiment-output/0004/slave-026/client-159.log: file already closed
zerolog: could not write event: write experiment-output/0004/slave-026/client-169.log: file already closed
zerolog: could not write event: write experiment-output/0004/slave-026/client-169.log: file already closed
zerolog: could not write event: write experiment-output/0004/slave-026/client-187.log: file already closed
zerolog: could not write event: write experiment-output/0004/slave-026/client-169.log: file already closed
zerolog: could not write event: write experiment-output/0004/slave-026/client-145.log: file already closed
zerolog: could not write event: write experiment-output/0004/slave-026/client-187.log: file already closed
zerolog: could not write event: write experiment-output/0004/slave-026/client-145.log: file already closed
zerolog: could not write event: write experiment-output/0004/slave-026/client-187.log: file already closed
zerolog: could not write event: write experiment-output/0004/slave-026/client-145.log: file already closed
zerolog: could not write event: write experiment-output/0004/slave-026/client-169.log: file already closed
zerolog: could not write event: write experiment-output/0004/slave-026/client-138.log: file already closed
zerolog: could not write event: write experiment-output/0004/slave-026/client-145.log: file already closed
zerolog: could not write event: write experiment-output/0004/slave-026/client-138.log: file already closed
zerolog: could not write event: write experiment-output/0004/slave-026/client-159.log: file already closed
zerolog: could not write event: write experiment-output/0004/slave-026/client-138.log: file already closed
zerolog: could not write event: write experiment-output/0004/slave-026/client-159.log: file already closed
10:33:09.215 INF Trace data written.
10:33:09.215 INF Trace data written.
10:33:09.215 INF Trace data written.
10:33:09.215 INF Trace data written.
10:33:09.215 INF Trace data written.
10:33:09.215 INF Done.
10:33:09.215 INF Stopping profiler.
zerolog: could not write event: write experiment-output/0004/slave-026/client-190.log: file already closed
zerolog: could not write event: write experiment-output/0004/slave-026/client-190.log: file already closed
zerolog: could not write event: write experiment-output/0004/slave-026/client-190.log: file already closed
zerolog: could not write event: write experiment-output/0004/slave-026/client-190.log: file already closed
zerolog: could not write event: write experiment-output/0004/slave-026/client-165.log: file already closed
zerolog: could not write event: write experiment-output/0004/slave-026/client-165.log: file already closed
zerolog: could not write event: write experiment-output/0004/slave-026/client-165.log: file already closed
zerolog: could not write event: write experiment-output/0004/slave-026/client-190.log: file already closed
zerolog: could not write event: write experiment-output/0004/slave-026/client-190.log: file already closed
zerolog: could not write event: write experiment-output/0004/slave-026/client-190.log: file already closed
zerolog: could not write event: write experiment-output/0004/slave-026/client-190.log: file already closed
zerolog: could not write event: write experiment-output/0004/slave-026/client-187.log: file already closed
zerolog: could not write event: write experiment-output/0004/slave-026/client-169.log: file already closed
zerolog: could not write event: write experiment-output/0004/slave-026/client-159.log: file already closed
zerolog: could not write event: write experiment-output/0004/slave-026/client-138.log: file already closed
zerolog: could not write event: write experiment-output/0004/slave-026/client-187.log: file already closed
zerolog: could not write event: write experiment-output/0004/slave-026/client-145.log: file already closed
zerolog: could not write event: write experiment-output/0004/slave-026/client-187.log: file already closed
zerolog: could not write event: write experiment-output/0004/slave-026/client-165.log: file already closed
zerolog: could not write event: write experiment-output/0004/slave-026/client-138.log: file already closed
zerolog: could not write event: write experiment-output/0004/slave-026/client-138.log: file already closed
zerolog: could not write event: write experiment-output/0004/slave-026/client-159.log: file already closed
zerolog: could not write event: write experiment-output/0004/slave-026/client-145.log: file already closed
zerolog: could not write event: write experiment-output/0004/slave-026/client-141.log: file already closed
zerolog: could not write event: write experiment-output/0004/slave-026/client-141.log: file already closed
zerolog: could not write event: write experiment-output/0004/slave-026/client-141.log: file already closed
zerolog: could not write event: write experiment-output/0004/slave-026/client-141.log: file already closed
zerolog: could not write event: write experiment-output/0004/slave-026/client-159.log: file already closed
zerolog: could not write event: write experiment-output/0004/slave-026/client-169.log: file already closed
zerolog: could not write event: write experiment-output/0004/slave-026/client-145.log: file already closed
zerolog: could not write event: write experiment-output/0004/slave-026/client-187.log: file already closed
zerolog: could not write event: write experiment-output/0004/slave-026/client-169.log: file already closed
zerolog: could not write event: write experiment-output/0004/slave-026/client-138.log: file already closed
zerolog: could not write event: write experiment-output/0004/slave-026/client-145.log: file already closed
zerolog: could not write event: write experiment-output/0004/slave-026/client-159.log: file already closed
zerolog: could not write event: write experiment-output/0004/slave-026/client-169.log: file already closed
zerolog: could not write event: write experiment-output/0004/slave-026/client-165.log: file already closed
zerolog: could not write event: write experiment-output/0004/slave-026/client-165.log: file already closed
zerolog: could not write event: write experiment-output/0004/slave-026/client-165.log: file already closed
zerolog: could not write event: write experiment-output/0004/slave-026/client-165.log: file already closed
zerolog: could not write event: write experiment-output/0004/slave-026/client-141.log: file already closed
zerolog: could not write event: write experiment-output/0004/slave-026/client-141.log: file already closed
zerolog: could not write event: write experiment-output/0004/slave-026/client-141.log: file already closed
zerolog: could not write event: write experiment-output/0004/slave-026/client-141.log: file already closed
zerolog: could not write event: write experiment-output/0004/slave-026/client-187.log: file already closed
zerolog: could not write event: write experiment-output/0004/slave-026/client-187.log: file already closed
zerolog: could not write event: write experiment-output/0004/slave-026/client-169.log: file already closed
zerolog: could not write event: write experiment-output/0004/slave-026/client-169.log: file already closed
zerolog: could not write event: write experiment-output/0004/slave-026/client-159.log: file already closed
zerolog: could not write event: write experiment-output/0004/slave-026/client-159.log: file already closed
zerolog: could not write event: write experiment-output/0004/slave-026/client-169.log: file already closed
zerolog: could not write event: write experiment-output/0004/slave-026/client-159.log: file already closed
zerolog: could not write event: write experiment-output/0004/slave-026/client-145.log: file already closed
zerolog: could not write event: write experiment-output/0004/slave-026/client-138.log: file already closed
zerolog: could not write event: write experiment-output/0004/slave-026/client-145.log: file already closed
zerolog: could not write event: write experiment-output/0004/slave-026/client-187.log: file already closed
zerolog: could not write event: write experiment-output/0004/slave-026/client-159.log: file already closed
zerolog: could not write event: write experiment-output/0004/slave-026/client-169.log: file already closed
zerolog: could not write event: write experiment-output/0004/slave-026/client-138.log: file already closed
zerolog: could not write event: write experiment-output/0004/slave-026/client-145.log: file already closed
zerolog: could not write event: write experiment-output/0004/slave-026/client-138.log: file already closed
zerolog: could not write event: write experiment-output/0004/slave-026/client-138.log: file already closed
zerolog: could not write event: write experiment-output/0004/slave-026/client-145.log: file already closed
zerolog: could not write event: write experiment-output/0004/slave-026/client-187.log: file already closed
10:33:09.385 INF Profile data written. filename=experiment-output/0004/slave-026/prof-client.cpu name=cpu
zerolog: could not write event: write experiment-output/0004/slave-026/client-190.log: file already closed
zerolog: could not write event: write experiment-output/0004/slave-026/client-190.log: file already closed
zerolog: could not write event: write experiment-output/0004/slave-026/client-190.log: file already closed
zerolog: could not write event: write experiment-output/0004/slave-026/client-190.log: file already closed
10:33:09.403 INF Profile data written. filename=experiment-output/0004/slave-026/prof-client.block name=block
10:33:09.410 INF Profile data written. filename=experiment-output/0004/slave-026/prof-client.mutex name=mutex
