{"level":"debug","Logging":"info","time":"2023-03-26T05:49:43Z","message":"Config"}
{"level":"debug","UseTLS":false,"time":"2023-03-26T05:49:43Z","message":"Config"}
{"level":"debug","CACertFile":"tls-data/ca.pem","time":"2023-03-26T05:49:43Z","message":"Config"}
{"level":"debug","KeyFile":"tls-data/auth.key","time":"2023-03-26T05:49:43Z","message":"Config"}
{"level":"debug","CertFile":"tls-data/auth.pem","time":"2023-03-26T05:49:43Z","message":"Config"}
{"level":"debug","PriorityConnections":2,"time":"2023-03-26T05:49:43Z","message":"Config"}
{"level":"debug","BasicConnections":1,"time":"2023-03-26T05:49:43Z","message":"Config"}
{"level":"debug","TestConnections":false,"time":"2023-03-26T05:49:43Z","message":"Config"}
{"level":"debug","ExcessConnections":1,"time":"2023-03-26T05:49:43Z","message":"Config"}
{"level":"debug","ConnectionTestMsgs":4,"time":"2023-03-26T05:49:43Z","message":"Config"}
{"level":"debug","ConnectionTestPayload":131072,"time":"2023-03-26T05:49:43Z","message":"Config"}
{"level":"debug","OutMessageBufsize":1024,"time":"2023-03-26T05:49:43Z","message":"Config"}
{"level":"debug","OutMessageBufsize":4,"time":"2023-03-26T05:49:43Z","message":"Config"}
{"level":"debug","ThroughputCap":131072000,"time":"2023-03-26T05:49:43Z","message":"Config"}
{"level":"debug","StragglerTolerance":1000,"time":"2023-03-26T05:49:43Z","message":"Config"}
{"level":"debug","BatchSizeIncrement":256,"time":"2023-03-26T05:49:43Z","message":"Config"}
{"level":"debug","Orderer":"Pbft","time":"2023-03-26T05:49:43Z","message":"Config"}
{"level":"debug","Manager":"Mir","time":"2023-03-26T05:49:43Z","message":"Config"}
{"level":"debug","Failures":0,"time":"2023-03-26T05:49:43Z","message":"Config"}
{"level":"debug","StragglerCnt":0,"time":"2023-03-26T05:49:43Z","message":"Config"}
{"level":"debug","CrashTiming":"Straggler","time":"2023-03-26T05:49:43Z","message":"Config"}
{"level":"debug","CheckpointInterval":2048,"time":"2023-03-26T05:49:43Z","message":"Config"}
{"level":"debug","WatermarkWindowSize":2048,"time":"2023-03-26T05:49:43Z","message":"Config"}
{"level":"debug","EpochLength":2048,"time":"2023-03-26T05:49:43Z","message":"Config"}
{"level":"debug","SegmentLength":128,"time":"2023-03-26T05:49:43Z","message":"Config"}
{"level":"debug","WaitForCheckpoints":true,"time":"2023-03-26T05:49:43Z","message":"Config"}
{"level":"debug","ClientWatermarkWindowSize":49152,"time":"2023-03-26T05:49:43Z","message":"Config"}
{"level":"debug","ClientRequestBacklogSize":49152,"time":"2023-03-26T05:49:43Z","message":"Config"}
{"level":"debug","RandomSeed":4907,"time":"2023-03-26T05:49:43Z","message":"Config"}
{"level":"debug","NodeToLeaderRatio":1,"time":"2023-03-26T05:49:43Z","message":"Config"}
{"level":"debug","LeaderPolicy":"Simple","time":"2023-03-26T05:49:43Z","message":"Config"}
{"level":"debug","DefaultLeaderBan":2,"time":"2023-03-26T05:49:43Z","message":"Config"}
{"level":"debug","NumBuckets":256,"time":"2023-03-26T05:49:43Z","message":"Config"}
{"level":"debug","BatchSize":1000,"time":"2023-03-26T05:49:43Z","message":"Config"}
{"level":"debug","DisabledViewChange":false,"time":"2023-03-26T05:49:43Z","message":"Config"}
{"level":"debug","ViewChangeTimeout":60000,"time":"2023-03-26T05:49:43Z","message":"Config"}
{"level":"debug","ClientTraceSampling":10,"time":"2023-03-26T05:49:43Z","message":"Config"}
{"level":"debug","EventBufferSize":2097152,"time":"2023-03-26T05:49:43Z","message":"Config"}
{"level":"debug","TraceSampling":1,"time":"2023-03-26T05:49:43Z","message":"Config"}
{"level":"debug","ClientsPerProcess":8,"time":"2023-03-26T05:49:43Z","message":"Config"}
{"level":"debug","RequestsPerClient":3515,"time":"2023-03-26T05:49:43Z","message":"Config"}
{"level":"debug","ClientRunTime":15000,"time":"2023-03-26T05:49:43Z","message":"Config"}
{"level":"debug","RequestRate":117,"time":"2023-03-26T05:49:43Z","message":"Config"}
{"level":"debug","HardRequestRateLimit":false,"time":"2023-03-26T05:49:43Z","message":"Config"}
{"level":"debug","RequestPayloadSize":500,"time":"2023-03-26T05:49:43Z","message":"Config"}
{"level":"debug","SignRequests":true,"time":"2023-03-26T05:49:43Z","message":"Config"}
{"level":"debug","ClientPrivKeyFile":"tls-data/client-ecdsa-256.key","time":"2023-03-26T05:49:43Z","message":"Config"}
{"level":"debug","ClientPubKeyFile":"tls-data/client-ecdsa-256.pem","time":"2023-03-26T05:49:43Z","message":"Config"}
{"level":"debug","PrecomputeRequests":false,"time":"2023-03-26T05:49:43Z","message":"Config"}
{"level":"debug","RequestHandlerThreads":32,"time":"2023-03-26T05:49:43Z","message":"Config"}
{"level":"debug","RequestInputChannelBuffer":8192,"time":"2023-03-26T05:49:43Z","message":"Config"}
{"level":"debug","BatchVerifier":"external","time":"2023-03-26T05:49:43Z","message":"Config"}
05:49:43.870 INF Started Profiler: CPU
05:49:43.870 INF Started Profiler: BLOCK
05:49:43.870 INF Started Profiler: MUTEX
05:49:43.870 INF Starting clients. numClients=8 numRequests=3515
05:49:43.870 INF Initilizing clients.
05:49:44.149 INF Registared with discovery server. numOrderers=16 ownClientId=64
05:49:44.149 INF Registared with discovery server. numOrderers=16 ownClientId=65
05:49:44.149 INF Registared with discovery server. numOrderers=16 ownClientId=66
05:49:44.150 INF Registared with discovery server. numOrderers=16 ownClientId=68
05:49:44.150 INF Registared with discovery server. numOrderers=16 ownClientId=69
05:49:44.150 INF Registared with discovery server. numOrderers=16 ownClientId=70
05:49:44.150 INF Registared with discovery server. numOrderers=16 ownClientId=71
05:49:44.150 INF Registared with discovery server. numOrderers=16 ownClientId=77
05:49:44.151 INF Clients initialized.
05:49:44.151 INF Launching clients.
05:49:44.151 INF Waiting for clients.
05:50:02.574 INF Stopping Tracer. events=711 fileName=experiment-output/0000/slave-028/client-066.trc
zerolog: could not write event: write experiment-output/0000/slave-028/client-066.log: file already closed
zerolog: could not write event: write experiment-output/0000/slave-028/client-066.log: file already closed
zerolog: could not write event: write experiment-output/0000/slave-028/client-066.log: file already closed
zerolog: could not write event: write experiment-output/0000/slave-028/client-066.log: file already closed
05:50:02.575 INF Trace data written.
05:50:02.588 INF Stopping Tracer. events=711 fileName=experiment-output/0000/slave-028/client-070.trc
05:50:02.588 INF Stopping Tracer. events=1026 fileName=experiment-output/0000/slave-028/client-077.trc
zerolog: could not write event: write experiment-output/0000/slave-028/client-077.log: file already closed
zerolog: could not write event: write experiment-output/0000/slave-028/client-077.log: file already closed
zerolog: could not write event: write experiment-output/0000/slave-028/client-077.log: file already closed
zerolog: could not write event: write experiment-output/0000/slave-028/client-070.log: file already closed
zerolog: could not write event: write experiment-output/0000/slave-028/client-070.log: file already closed
zerolog: could not write event: write experiment-output/0000/slave-028/client-077.log: file already closed
zerolog: could not write event: write experiment-output/0000/slave-028/client-070.log: file already closed
zerolog: could not write event: write experiment-output/0000/slave-028/client-070.log: file already closed
05:50:02.590 INF Trace data written.
05:50:02.590 INF Trace data written.
05:50:02.593 INF Stopping Tracer. events=986 fileName=experiment-output/0000/slave-028/client-069.trc
05:50:02.593 INF Stopping Tracer. events=711 fileName=experiment-output/0000/slave-028/client-064.trc
zerolog: could not write event: write experiment-output/0000/slave-028/client-069.log: file already closed
zerolog: could not write event: write experiment-output/0000/slave-028/client-069.log: file already closed
05:50:02.593 INF Stopping Tracer. events=709 fileName=experiment-output/0000/slave-028/client-068.trc
zerolog: could not write event: write experiment-output/0000/slave-028/client-069.log: file already closed
zerolog: could not write event: write experiment-output/0000/slave-028/client-068.log: file already closed
zerolog: could not write event: write experiment-output/0000/slave-028/client-068.log: file already closed
zerolog: could not write event: write experiment-output/0000/slave-028/client-068.log: file already closed
zerolog: could not write event: write experiment-output/0000/slave-028/client-064.log: file already closed
zerolog: could not write event: write experiment-output/0000/slave-028/client-064.log: file already closed
zerolog: could not write event: write experiment-output/0000/slave-028/client-068.log: file already closed
zerolog: could not write event: write experiment-output/0000/slave-028/client-069.log: file already closed
zerolog: could not write event: write experiment-output/0000/slave-028/client-064.log: file already closed
zerolog: could not write event: write experiment-output/0000/slave-028/client-064.log: file already closed
05:50:02.595 INF Trace data written.
05:50:02.595 INF Trace data written.
05:50:02.595 INF Trace data written.
05:50:02.595 INF Stopping Tracer. events=1146 fileName=experiment-output/0000/slave-028/client-065.trc
zerolog: could not write event: write experiment-output/0000/slave-028/client-065.log: file already closed
zerolog: could not write event: write experiment-output/0000/slave-028/client-065.log: file already closed
zerolog: could not write event: write experiment-output/0000/slave-028/client-065.log: file already closed
zerolog: could not write event: write experiment-output/0000/slave-028/client-065.log: file already closed
05:50:02.597 INF Trace data written.
05:50:02.602 INF Stopping Tracer. events=1090 fileName=experiment-output/0000/slave-028/client-071.trc
zerolog: could not write event: write experiment-output/0000/slave-028/client-071.log: file already closed
zerolog: could not write event: write experiment-output/0000/slave-028/client-071.log: file already closed
zerolog: could not write event: write experiment-output/0000/slave-028/client-071.log: file already closed
zerolog: could not write event: write experiment-output/0000/slave-028/client-071.log: file already closed
05:50:02.604 INF Trace data written.
05:50:02.604 INF Done.
05:50:02.604 INF Stopping profiler.
zerolog: could not write event: write experiment-output/0000/slave-028/client-066.log: file already closed
zerolog: could not write event: write experiment-output/0000/slave-028/client-066.log: file already closed
zerolog: could not write event: write experiment-output/0000/slave-028/client-066.log: file already closed
zerolog: could not write event: write experiment-output/0000/slave-028/client-066.log: file already closed
zerolog: could not write event: write experiment-output/0000/slave-028/client-077.log: file already closed
zerolog: could not write event: write experiment-output/0000/slave-028/client-077.log: file already closed
zerolog: could not write event: write experiment-output/0000/slave-028/client-070.log: file already closed
zerolog: could not write event: write experiment-output/0000/slave-028/client-070.log: file already closed
zerolog: could not write event: write experiment-output/0000/slave-028/client-077.log: file already closed
zerolog: could not write event: write experiment-output/0000/slave-028/client-070.log: file already closed
zerolog: could not write event: write experiment-output/0000/slave-028/client-077.log: file already closed
zerolog: could not write event: write experiment-output/0000/slave-028/client-070.log: file already closed
zerolog: could not write event: write experiment-output/0000/slave-028/client-068.log: file already closed
zerolog: could not write event: write experiment-output/0000/slave-028/client-069.log: file already closed
zerolog: could not write event: write experiment-output/0000/slave-028/client-069.log: file already closed
zerolog: could not write event: write experiment-output/0000/slave-028/client-069.log: file already closed
zerolog: could not write event: write experiment-output/0000/slave-028/client-069.log: file already closed
zerolog: could not write event: write experiment-output/0000/slave-028/client-068.log: file already closed
zerolog: could not write event: write experiment-output/0000/slave-028/client-064.log: file already closed
zerolog: could not write event: write experiment-output/0000/slave-028/client-064.log: file already closed
zerolog: could not write event: write experiment-output/0000/slave-028/client-064.log: file already closed
zerolog: could not write event: write experiment-output/0000/slave-028/client-068.log: file already closed
zerolog: could not write event: write experiment-output/0000/slave-028/client-068.log: file already closed
zerolog: could not write event: write experiment-output/0000/slave-028/client-064.log: file already closed
zerolog: could not write event: write experiment-output/0000/slave-028/client-065.log: file already closed
zerolog: could not write event: write experiment-output/0000/slave-028/client-065.log: file already closed
zerolog: could not write event: write experiment-output/0000/slave-028/client-065.log: file already closed
zerolog: could not write event: write experiment-output/0000/slave-028/client-065.log: file already closed
zerolog: could not write event: write experiment-output/0000/slave-028/client-071.log: file already closed
zerolog: could not write event: write experiment-output/0000/slave-028/client-071.log: file already closed
zerolog: could not write event: write experiment-output/0000/slave-028/client-071.log: file already closed
05:50:02.696 INF Profile data written. filename=experiment-output/0000/slave-028/prof-client.cpu name=cpu
zerolog: could not write event: write experiment-output/0000/slave-028/client-071.log: file already closed
05:50:02.715 INF Profile data written. filename=experiment-output/0000/slave-028/prof-client.block name=block
05:50:02.720 INF Profile data written. filename=experiment-output/0000/slave-028/prof-client.mutex name=mutex
