{"level":"debug","Logging":"info","time":"2023-07-15T15:16:53Z","message":"Config"}
{"level":"debug","UseTLS":false,"time":"2023-07-15T15:16:53Z","message":"Config"}
{"level":"debug","CACertFile":"tls-data/ca.pem","time":"2023-07-15T15:16:53Z","message":"Config"}
{"level":"debug","KeyFile":"tls-data/auth.key","time":"2023-07-15T15:16:53Z","message":"Config"}
{"level":"debug","CertFile":"tls-data/auth.pem","time":"2023-07-15T15:16:53Z","message":"Config"}
{"level":"debug","PriorityConnections":2,"time":"2023-07-15T15:16:53Z","message":"Config"}
{"level":"debug","BasicConnections":1,"time":"2023-07-15T15:16:53Z","message":"Config"}
{"level":"debug","TestConnections":false,"time":"2023-07-15T15:16:53Z","message":"Config"}
{"level":"debug","ExcessConnections":1,"time":"2023-07-15T15:16:53Z","message":"Config"}
{"level":"debug","ConnectionTestMsgs":4,"time":"2023-07-15T15:16:53Z","message":"Config"}
{"level":"debug","ConnectionTestPayload":131072,"time":"2023-07-15T15:16:53Z","message":"Config"}
{"level":"debug","OutMessageBufsize":1024,"time":"2023-07-15T15:16:53Z","message":"Config"}
{"level":"debug","OutMessageBufsize":4,"time":"2023-07-15T15:16:53Z","message":"Config"}
{"level":"debug","ThroughputCap":131072000,"time":"2023-07-15T15:16:53Z","message":"Config"}
{"level":"debug","StragglerTolerance":1000,"time":"2023-07-15T15:16:53Z","message":"Config"}
{"level":"debug","BatchSizeIncrement":256,"time":"2023-07-15T15:16:53Z","message":"Config"}
{"level":"debug","Orderer":"HotStuff","time":"2023-07-15T15:16:53Z","message":"Config"}
{"level":"debug","Manager":"Mir","time":"2023-07-15T15:16:53Z","message":"Config"}
{"level":"debug","Failures":0,"time":"2023-07-15T15:16:53Z","message":"Config"}
{"level":"debug","StragglerCnt":4,"time":"2023-07-15T15:16:53Z","message":"Config"}
{"level":"debug","CrashTiming":"Straggler","time":"2023-07-15T15:16:53Z","message":"Config"}
{"level":"debug","CheckpointInterval":512,"time":"2023-07-15T15:16:53Z","message":"Config"}
{"level":"debug","WatermarkWindowSize":512,"time":"2023-07-15T15:16:53Z","message":"Config"}
{"level":"debug","EpochLength":512,"time":"2023-07-15T15:16:53Z","message":"Config"}
{"level":"debug","SegmentLength":32,"time":"2023-07-15T15:16:53Z","message":"Config"}
{"level":"debug","WaitForCheckpoints":true,"time":"2023-07-15T15:16:53Z","message":"Config"}
{"level":"debug","ClientWatermarkWindowSize":16384,"time":"2023-07-15T15:16:53Z","message":"Config"}
{"level":"debug","ClientRequestBacklogSize":16384,"time":"2023-07-15T15:16:53Z","message":"Config"}
{"level":"debug","RandomSeed":29372,"time":"2023-07-15T15:16:53Z","message":"Config"}
{"level":"debug","NodeToLeaderRatio":1,"time":"2023-07-15T15:16:53Z","message":"Config"}
{"level":"debug","LeaderPolicy":"Simple","time":"2023-07-15T15:16:53Z","message":"Config"}
{"level":"debug","DefaultLeaderBan":2,"time":"2023-07-15T15:16:53Z","message":"Config"}
{"level":"debug","NumBuckets":256,"time":"2023-07-15T15:16:53Z","message":"Config"}
{"level":"debug","BatchSize":2000,"time":"2023-07-15T15:16:53Z","message":"Config"}
{"level":"debug","DisabledViewChange":false,"time":"2023-07-15T15:16:53Z","message":"Config"}
{"level":"debug","ViewChangeTimeout":60000,"time":"2023-07-15T15:16:53Z","message":"Config"}
{"level":"debug","ClientTraceSampling":10,"time":"2023-07-15T15:16:53Z","message":"Config"}
{"level":"debug","EventBufferSize":2097152,"time":"2023-07-15T15:16:53Z","message":"Config"}
{"level":"debug","TraceSampling":1,"time":"2023-07-15T15:16:53Z","message":"Config"}
{"level":"debug","ClientsPerProcess":8,"time":"2023-07-15T15:16:53Z","message":"Config"}
{"level":"debug","RequestsPerClient":4101,"time":"2023-07-15T15:16:53Z","message":"Config"}
{"level":"debug","ClientRunTime":15000,"time":"2023-07-15T15:16:53Z","message":"Config"}
{"level":"debug","RequestRate":136,"time":"2023-07-15T15:16:53Z","message":"Config"}
{"level":"debug","HardRequestRateLimit":false,"time":"2023-07-15T15:16:53Z","message":"Config"}
{"level":"debug","RequestPayloadSize":500,"time":"2023-07-15T15:16:53Z","message":"Config"}
{"level":"debug","SignRequests":true,"time":"2023-07-15T15:16:53Z","message":"Config"}
{"level":"debug","ClientPrivKeyFile":"tls-data/client-ecdsa-256.key","time":"2023-07-15T15:16:53Z","message":"Config"}
{"level":"debug","ClientPubKeyFile":"tls-data/client-ecdsa-256.pem","time":"2023-07-15T15:16:53Z","message":"Config"}
{"level":"debug","PrecomputeRequests":false,"time":"2023-07-15T15:16:53Z","message":"Config"}
{"level":"debug","RequestHandlerThreads":32,"time":"2023-07-15T15:16:53Z","message":"Config"}
{"level":"debug","RequestInputChannelBuffer":8192,"time":"2023-07-15T15:16:53Z","message":"Config"}
{"level":"debug","BatchVerifier":"external","time":"2023-07-15T15:16:53Z","message":"Config"}
15:16:53.260 INF Started Profiler: CPU
15:16:53.260 INF Started Profiler: BLOCK
15:16:53.260 INF Started Profiler: MUTEX
15:16:53.260 INF Starting clients. numClients=8 numRequests=4101
15:16:53.260 INF Initilizing clients.
15:16:53.500 INF Registared with discovery server. numOrderers=16 ownClientId=15
15:16:53.531 INF Registared with discovery server. numOrderers=16 ownClientId=53
15:16:53.537 INF Registared with discovery server. numOrderers=16 ownClientId=39
15:16:53.552 INF Registared with discovery server. numOrderers=16 ownClientId=58
15:16:53.571 INF Registared with discovery server. numOrderers=16 ownClientId=168
15:16:53.573 INF Registared with discovery server. numOrderers=16 ownClientId=155
15:16:53.585 INF Registared with discovery server. numOrderers=16 ownClientId=231
15:16:53.597 INF Registared with discovery server. numOrderers=16 ownClientId=247
15:16:53.597 INF Clients initialized.
15:16:53.597 INF Launching clients.
15:16:53.597 INF Waiting for clients.
15:18:46.216 INF Stopping Tracer. events=828 fileName=experiment-output/0001/slave-038/client-058.trc
15:18:46.218 INF Trace data written.
15:18:46.226 INF Stopping Tracer. events=1140 fileName=experiment-output/0001/slave-038/client-053.trc
15:18:46.226 INF Stopping Tracer. events=828 fileName=experiment-output/0001/slave-038/client-168.trc
15:18:46.228 INF Trace data written.
15:18:46.228 INF Trace data written.
15:18:46.249 INF Stopping Tracer. events=1266 fileName=experiment-output/0001/slave-038/client-231.trc
15:18:46.249 INF Stopping Tracer. events=1326 fileName=experiment-output/0001/slave-038/client-015.trc
15:18:46.250 INF Stopping Tracer. events=1259 fileName=experiment-output/0001/slave-038/client-155.trc
15:18:46.252 INF Trace data written.
15:18:46.252 INF Trace data written.
15:18:46.253 INF Trace data written.
15:18:46.261 INF Stopping Tracer. events=1247 fileName=experiment-output/0001/slave-038/client-247.trc
15:18:46.263 INF Trace data written.
15:18:46.286 INF Stopping Tracer. events=1158 fileName=experiment-output/0001/slave-038/client-039.trc
zerolog: could not write event: write experiment-output/0001/slave-038/client-058.log: file already closed
15:18:46.288 INF Trace data written.
15:18:46.288 INF Done.
15:18:46.288 INF Stopping profiler.
zerolog: could not write event: write experiment-output/0001/slave-038/client-058.log: file already closed
zerolog: could not write event: write experiment-output/0001/slave-038/client-168.log: file already closed
zerolog: could not write event: write experiment-output/0001/slave-038/client-058.log: file already closed
zerolog: could not write event: write experiment-output/0001/slave-038/client-053.log: file already closed
zerolog: could not write event: write experiment-output/0001/slave-038/client-058.log: file already closed
zerolog: could not write event: write experiment-output/0001/slave-038/client-053.log: file already closed
zerolog: could not write event: write experiment-output/0001/slave-038/client-058.log: file already closed
zerolog: could not write event: write experiment-output/0001/slave-038/client-058.log: file already closed
zerolog: could not write event: write experiment-output/0001/slave-038/client-053.log: file already closed
zerolog: could not write event: write experiment-output/0001/slave-038/client-053.log: file already closed
zerolog: could not write event: write experiment-output/0001/slave-038/client-053.log: file already closed
zerolog: could not write event: write experiment-output/0001/slave-038/client-058.log: file already closed
zerolog: could not write event: write experiment-output/0001/slave-038/client-058.log: file already closed
zerolog: could not write event: write experiment-output/0001/slave-038/client-015.log: file already closed
zerolog: could not write event: write experiment-output/0001/slave-038/client-168.log: file already closed
zerolog: could not write event: write experiment-output/0001/slave-038/client-058.log: file already closed
zerolog: could not write event: write experiment-output/0001/slave-038/client-053.log: file already closed
zerolog: could not write event: write experiment-output/0001/slave-038/client-058.log: file already closed
zerolog: could not write event: write experiment-output/0001/slave-038/client-168.log: file already closed
zerolog: could not write event: write experiment-output/0001/slave-038/client-053.log: file already closed
zerolog: could not write event: write experiment-output/0001/slave-038/client-053.log: file already closed
zerolog: could not write event: write experiment-output/0001/slave-038/client-058.log: file already closed
zerolog: could not write event: write experiment-output/0001/slave-038/client-058.log: file already closed
zerolog: could not write event: write experiment-output/0001/slave-038/client-168.log: file already closed
zerolog: could not write event: write experiment-output/0001/slave-038/client-168.log: file already closed
zerolog: could not write event: write experiment-output/0001/slave-038/client-168.log: file already closed
zerolog: could not write event: write experiment-output/0001/slave-038/client-015.log: file already closed
zerolog: could not write event: write experiment-output/0001/slave-038/client-053.log: file already closed
zerolog: could not write event: write experiment-output/0001/slave-038/client-231.log: file already closed
zerolog: could not write event: write experiment-output/0001/slave-038/client-168.log: file already closed
zerolog: could not write event: write experiment-output/0001/slave-038/client-168.log: file already closed
zerolog: could not write event: write experiment-output/0001/slave-038/client-053.log: file already closed
zerolog: could not write event: write experiment-output/0001/slave-038/client-155.log: file already closed
zerolog: could not write event: write experiment-output/0001/slave-038/client-058.log: file already closed
zerolog: could not write event: write experiment-output/0001/slave-038/client-015.log: file already closed
zerolog: could not write event: write experiment-output/0001/slave-038/client-058.log: file already closed
zerolog: could not write event: write experiment-output/0001/slave-038/client-168.log: file already closed
zerolog: could not write event: write experiment-output/0001/slave-038/client-053.log: file already closed
zerolog: could not write event: write experiment-output/0001/slave-038/client-053.log: file already closed
zerolog: could not write event: write experiment-output/0001/slave-038/client-053.log: file already closed
zerolog: could not write event: write experiment-output/0001/slave-038/client-168.log: file already closed
zerolog: could not write event: write experiment-output/0001/slave-038/client-168.log: file already closed
zerolog: could not write event: write experiment-output/0001/slave-038/client-231.log: file already closed
zerolog: could not write event: write experiment-output/0001/slave-038/client-015.log: file already closed
zerolog: could not write event: write experiment-output/0001/slave-038/client-168.log: file already closed
zerolog: could not write event: write experiment-output/0001/slave-038/client-053.log: file already closed
zerolog: could not write event: write experiment-output/0001/slave-038/client-168.log: file already closed
zerolog: could not write event: write experiment-output/0001/slave-038/client-231.log: file already closed
zerolog: could not write event: write experiment-output/0001/slave-038/client-247.log: file already closed
zerolog: could not write event: write experiment-output/0001/slave-038/client-058.log: file already closed
zerolog: could not write event: write experiment-output/0001/slave-038/client-168.log: file already closed
zerolog: could not write event: write experiment-output/0001/slave-038/client-053.log: file already closed
zerolog: could not write event: write experiment-output/0001/slave-038/client-015.log: file already closed
zerolog: could not write event: write experiment-output/0001/slave-038/client-015.log: file already closed
zerolog: could not write event: write experiment-output/0001/slave-038/client-053.log: file already closed
zerolog: could not write event: write experiment-output/0001/slave-038/client-015.log: file already closed
zerolog: could not write event: write experiment-output/0001/slave-038/client-247.log: file already closed
zerolog: could not write event: write experiment-output/0001/slave-038/client-231.log: file already closed
zerolog: could not write event: write experiment-output/0001/slave-038/client-155.log: file already closed
zerolog: could not write event: write experiment-output/0001/slave-038/client-015.log: file already closed
zerolog: could not write event: write experiment-output/0001/slave-038/client-015.log: file already closed
zerolog: could not write event: write experiment-output/0001/slave-038/client-155.log: file already closed
zerolog: could not write event: write experiment-output/0001/slave-038/client-231.log: file already closed
zerolog: could not write event: write experiment-output/0001/slave-038/client-058.log: file already closed
zerolog: could not write event: write experiment-output/0001/slave-038/client-155.log: file already closed
zerolog: could not write event: write experiment-output/0001/slave-038/client-015.log: file already closed
zerolog: could not write event: write experiment-output/0001/slave-038/client-231.log: file already closed
zerolog: could not write event: write experiment-output/0001/slave-038/client-231.log: file already closed
zerolog: could not write event: write experiment-output/0001/slave-038/client-015.log: file already closed
zerolog: could not write event: write experiment-output/0001/slave-038/client-155.log: file already closed
zerolog: could not write event: write experiment-output/0001/slave-038/client-247.log: file already closed
zerolog: could not write event: write experiment-output/0001/slave-038/client-231.log: file already closed
zerolog: could not write event: write experiment-output/0001/slave-038/client-231.log: file already closed
zerolog: could not write event: write experiment-output/0001/slave-038/client-168.log: file already closed
zerolog: could not write event: write experiment-output/0001/slave-038/client-168.log: file already closed
zerolog: could not write event: write experiment-output/0001/slave-038/client-155.log: file already closed
zerolog: could not write event: write experiment-output/0001/slave-038/client-015.log: file already closed
zerolog: could not write event: write experiment-output/0001/slave-038/client-247.log: file already closed
zerolog: could not write event: write experiment-output/0001/slave-038/client-247.log: file already closed
zerolog: could not write event: write experiment-output/0001/slave-038/client-155.log: file already closed
zerolog: could not write event: write experiment-output/0001/slave-038/client-155.log: file already closed
zerolog: could not write event: write experiment-output/0001/slave-038/client-247.log: file already closed
zerolog: could not write event: write experiment-output/0001/slave-038/client-231.log: file already closed
zerolog: could not write event: write experiment-output/0001/slave-038/client-247.log: file already closed
zerolog: could not write event: write experiment-output/0001/slave-038/client-155.log: file already closed
zerolog: could not write event: write experiment-output/0001/slave-038/client-247.log: file already closed
zerolog: could not write event: write experiment-output/0001/slave-038/client-231.log: file already closed
zerolog: could not write event: write experiment-output/0001/slave-038/client-231.log: file already closed
zerolog: could not write event: write experiment-output/0001/slave-038/client-015.log: file already closed
zerolog: could not write event: write experiment-output/0001/slave-038/client-247.log: file already closed
zerolog: could not write event: write experiment-output/0001/slave-038/client-155.log: file already closed
zerolog: could not write event: write experiment-output/0001/slave-038/client-155.log: file already closed
zerolog: could not write event: write experiment-output/0001/slave-038/client-247.log: file already closed
zerolog: could not write event: write experiment-output/0001/slave-038/client-155.log: file already closed
zerolog: could not write event: write experiment-output/0001/slave-038/client-155.log: file already closed
zerolog: could not write event: write experiment-output/0001/slave-038/client-247.log: file already closed
zerolog: could not write event: write experiment-output/0001/slave-038/client-039.log: file already closed
zerolog: could not write event: write experiment-output/0001/slave-038/client-231.log: file already closed
zerolog: could not write event: write experiment-output/0001/slave-038/client-155.log: file already closed
zerolog: could not write event: write experiment-output/0001/slave-038/client-015.log: file already closed
zerolog: could not write event: write experiment-output/0001/slave-038/client-039.log: file already closed
zerolog: could not write event: write experiment-output/0001/slave-038/client-015.log: file already closed
zerolog: could not write event: write experiment-output/0001/slave-038/client-247.log: file already closed
zerolog: could not write event: write experiment-output/0001/slave-038/client-155.log: file already closed
zerolog: could not write event: write experiment-output/0001/slave-038/client-231.log: file already closed
zerolog: could not write event: write experiment-output/0001/slave-038/client-247.log: file already closed
zerolog: could not write event: write experiment-output/0001/slave-038/client-039.log: file already closed
zerolog: could not write event: write experiment-output/0001/slave-038/client-247.log: file already closed
zerolog: could not write event: write experiment-output/0001/slave-038/client-231.log: file already closed
zerolog: could not write event: write experiment-output/0001/slave-038/client-015.log: file already closed
zerolog: could not write event: write experiment-output/0001/slave-038/client-039.log: file already closed
zerolog: could not write event: write experiment-output/0001/slave-038/client-247.log: file already closed
zerolog: could not write event: write experiment-output/0001/slave-038/client-231.log: file already closed
zerolog: could not write event: write experiment-output/0001/slave-038/client-155.log: file already closed
zerolog: could not write event: write experiment-output/0001/slave-038/client-039.log: file already closed
zerolog: could not write event: write experiment-output/0001/slave-038/client-247.log: file already closed
zerolog: could not write event: write experiment-output/0001/slave-038/client-039.log: file already closed
zerolog: could not write event: write experiment-output/0001/slave-038/client-039.log: file already closed
zerolog: could not write event: write experiment-output/0001/slave-038/client-039.log: file already closed
zerolog: could not write event: write experiment-output/0001/slave-038/client-039.log: file already closed
zerolog: could not write event: write experiment-output/0001/slave-038/client-039.log: file already closed
zerolog: could not write event: write experiment-output/0001/slave-038/client-039.log: file already closed
zerolog: could not write event: write experiment-output/0001/slave-038/client-039.log: file already closed
zerolog: could not write event: write experiment-output/0001/slave-038/client-039.log: file already closed
zerolog: could not write event: write experiment-output/0001/slave-038/client-039.log: file already closed
zerolog: could not write event: write experiment-output/0001/slave-038/client-039.log: file already closed
zerolog: could not write event: write experiment-output/0001/slave-038/client-039.log: file already closed
15:18:46.430 INF Profile data written. filename=experiment-output/0001/slave-038/prof-client.cpu name=cpu
15:18:46.438 INF Profile data written. filename=experiment-output/0001/slave-038/prof-client.block name=block
15:18:46.441 INF Profile data written. filename=experiment-output/0001/slave-038/prof-client.mutex name=mutex
