{"level":"debug","Logging":"info","time":"2023-07-11T07:16:30Z","message":"Config"}
{"level":"debug","UseTLS":false,"time":"2023-07-11T07:16:30Z","message":"Config"}
{"level":"debug","CACertFile":"tls-data/ca.pem","time":"2023-07-11T07:16:30Z","message":"Config"}
{"level":"debug","KeyFile":"tls-data/auth.key","time":"2023-07-11T07:16:30Z","message":"Config"}
{"level":"debug","CertFile":"tls-data/auth.pem","time":"2023-07-11T07:16:30Z","message":"Config"}
{"level":"debug","PriorityConnections":2,"time":"2023-07-11T07:16:30Z","message":"Config"}
{"level":"debug","BasicConnections":1,"time":"2023-07-11T07:16:30Z","message":"Config"}
{"level":"debug","TestConnections":false,"time":"2023-07-11T07:16:30Z","message":"Config"}
{"level":"debug","ExcessConnections":1,"time":"2023-07-11T07:16:30Z","message":"Config"}
{"level":"debug","ConnectionTestMsgs":4,"time":"2023-07-11T07:16:30Z","message":"Config"}
{"level":"debug","ConnectionTestPayload":131072,"time":"2023-07-11T07:16:30Z","message":"Config"}
{"level":"debug","OutMessageBufsize":1024,"time":"2023-07-11T07:16:30Z","message":"Config"}
{"level":"debug","OutMessageBufsize":8,"time":"2023-07-11T07:16:30Z","message":"Config"}
{"level":"debug","ThroughputCap":131072000,"time":"2023-07-11T07:16:30Z","message":"Config"}
{"level":"debug","StragglerTolerance":1000,"time":"2023-07-11T07:16:30Z","message":"Config"}
{"level":"debug","BatchSizeIncrement":256,"time":"2023-07-11T07:16:30Z","message":"Config"}
{"level":"debug","Orderer":"Pbft","time":"2023-07-11T07:16:30Z","message":"Config"}
{"level":"debug","Manager":"Mir","time":"2023-07-11T07:16:30Z","message":"Config"}
{"level":"debug","Failures":0,"time":"2023-07-11T07:16:30Z","message":"Config"}
{"level":"debug","StragglerCnt":1,"time":"2023-07-11T07:16:30Z","message":"Config"}
{"level":"debug","CrashTiming":"Straggler","time":"2023-07-11T07:16:30Z","message":"Config"}
{"level":"debug","CheckpointInterval":2048,"time":"2023-07-11T07:16:30Z","message":"Config"}
{"level":"debug","WatermarkWindowSize":2048,"time":"2023-07-11T07:16:30Z","message":"Config"}
{"level":"debug","EpochLength":2048,"time":"2023-07-11T07:16:30Z","message":"Config"}
{"level":"debug","SegmentLength":64,"time":"2023-07-11T07:16:30Z","message":"Config"}
{"level":"debug","WaitForCheckpoints":true,"time":"2023-07-11T07:16:30Z","message":"Config"}
{"level":"debug","ClientWatermarkWindowSize":49152,"time":"2023-07-11T07:16:30Z","message":"Config"}
{"level":"debug","ClientRequestBacklogSize":49152,"time":"2023-07-11T07:16:30Z","message":"Config"}
{"level":"debug","RandomSeed":14525,"time":"2023-07-11T07:16:30Z","message":"Config"}
{"level":"debug","NodeToLeaderRatio":1,"time":"2023-07-11T07:16:30Z","message":"Config"}
{"level":"debug","LeaderPolicy":"Simple","time":"2023-07-11T07:16:30Z","message":"Config"}
{"level":"debug","DefaultLeaderBan":2,"time":"2023-07-11T07:16:30Z","message":"Config"}
{"level":"debug","NumBuckets":512,"time":"2023-07-11T07:16:30Z","message":"Config"}
{"level":"debug","BatchSize":4000,"time":"2023-07-11T07:16:30Z","message":"Config"}
{"level":"debug","DisabledViewChange":false,"time":"2023-07-11T07:16:30Z","message":"Config"}
{"level":"debug","ViewChangeTimeout":60000,"time":"2023-07-11T07:16:30Z","message":"Config"}
{"level":"debug","ClientTraceSampling":10,"time":"2023-07-11T07:16:30Z","message":"Config"}
{"level":"debug","EventBufferSize":2097152,"time":"2023-07-11T07:16:30Z","message":"Config"}
{"level":"debug","TraceSampling":1,"time":"2023-07-11T07:16:30Z","message":"Config"}
{"level":"debug","ClientsPerProcess":8,"time":"2023-07-11T07:16:30Z","message":"Config"}
{"level":"debug","RequestsPerClient":3515,"time":"2023-07-11T07:16:30Z","message":"Config"}
{"level":"debug","ClientRunTime":15000,"time":"2023-07-11T07:16:30Z","message":"Config"}
{"level":"debug","RequestRate":117,"time":"2023-07-11T07:16:30Z","message":"Config"}
{"level":"debug","HardRequestRateLimit":false,"time":"2023-07-11T07:16:30Z","message":"Config"}
{"level":"debug","RequestPayloadSize":500,"time":"2023-07-11T07:16:30Z","message":"Config"}
{"level":"debug","SignRequests":true,"time":"2023-07-11T07:16:30Z","message":"Config"}
{"level":"debug","ClientPrivKeyFile":"tls-data/client-ecdsa-256.key","time":"2023-07-11T07:16:30Z","message":"Config"}
{"level":"debug","ClientPubKeyFile":"tls-data/client-ecdsa-256.pem","time":"2023-07-11T07:16:30Z","message":"Config"}
{"level":"debug","PrecomputeRequests":false,"time":"2023-07-11T07:16:30Z","message":"Config"}
{"level":"debug","RequestHandlerThreads":32,"time":"2023-07-11T07:16:30Z","message":"Config"}
{"level":"debug","RequestInputChannelBuffer":8192,"time":"2023-07-11T07:16:30Z","message":"Config"}
{"level":"debug","BatchVerifier":"external","time":"2023-07-11T07:16:30Z","message":"Config"}
07:16:30.252 INF Started Profiler: CPU
07:16:30.252 INF Started Profiler: BLOCK
07:16:30.252 INF Started Profiler: MUTEX
07:16:30.252 INF Starting clients. numClients=8 numRequests=3515
07:16:30.252 INF Initilizing clients.
07:16:30.544 INF Registared with discovery server. numOrderers=32 ownClientId=102
07:16:30.546 INF Registared with discovery server. numOrderers=32 ownClientId=138
07:16:30.550 INF Registared with discovery server. numOrderers=32 ownClientId=116
07:16:30.563 INF Registared with discovery server. numOrderers=32 ownClientId=202
07:16:30.567 INF Registared with discovery server. numOrderers=32 ownClientId=179
07:16:30.577 INF Registared with discovery server. numOrderers=32 ownClientId=165
07:16:30.581 INF Registared with discovery server. numOrderers=32 ownClientId=197
07:16:30.590 INF Registared with discovery server. numOrderers=32 ownClientId=210
07:16:30.591 INF Clients initialized.
07:16:30.591 INF Launching clients.
07:16:30.591 INF Waiting for clients.
07:17:51.221 INF Stopping Tracer. events=747 fileName=experiment-output/0000/slave-029/client-138.trc
07:17:51.222 INF Trace data written.
07:17:51.253 INF Stopping Tracer. events=1000 fileName=experiment-output/0000/slave-029/client-202.trc
07:17:51.253 INF Stopping Tracer. events=946 fileName=experiment-output/0000/slave-029/client-179.trc
07:17:51.254 INF Trace data written.
07:17:51.254 INF Trace data written.
07:17:51.258 INF Stopping Tracer. events=936 fileName=experiment-output/0000/slave-029/client-197.trc
07:17:51.258 INF Stopping Tracer. events=776 fileName=experiment-output/0000/slave-029/client-210.trc
07:17:51.260 INF Trace data written.
07:17:51.260 INF Trace data written.
07:17:51.261 INF Stopping Tracer. events=743 fileName=experiment-output/0000/slave-029/client-116.trc
07:17:51.262 INF Trace data written.
zerolog: could not write event: write experiment-output/0000/slave-029/client-138.log: file already closed
zerolog: could not write event: write experiment-output/0000/slave-029/client-138.log: file already closed
zerolog: could not write event: write experiment-output/0000/slave-029/client-138.log: file already closed
zerolog: could not write event: write experiment-output/0000/slave-029/client-138.log: file already closed
zerolog: could not write event: write experiment-output/0000/slave-029/client-138.log: file already closed
07:17:51.314 INF Stopping Tracer. events=971 fileName=experiment-output/0000/slave-029/client-165.trc
07:17:51.316 INF Trace data written.
zerolog: could not write event: write experiment-output/0000/slave-029/client-138.log: file already closed
zerolog: could not write event: write experiment-output/0000/slave-029/client-138.log: file already closed
zerolog: could not write event: write experiment-output/0000/slave-029/client-138.log: file already closed
zerolog: could not write event: write experiment-output/0000/slave-029/client-138.log: file already closed
zerolog: could not write event: write experiment-output/0000/slave-029/client-138.log: file already closed
zerolog: could not write event: write experiment-output/0000/slave-029/client-138.log: file already closed
zerolog: could not write event: write experiment-output/0000/slave-029/client-138.log: file already closed
zerolog: could not write event: write experiment-output/0000/slave-029/client-138.log: file already closed
zerolog: could not write event: write experiment-output/0000/slave-029/client-138.log: file already closed
zerolog: could not write event: write experiment-output/0000/slave-029/client-138.log: file already closed
zerolog: could not write event: write experiment-output/0000/slave-029/client-179.log: file already closed
zerolog: could not write event: write experiment-output/0000/slave-029/client-138.log: file already closed
zerolog: could not write event: write experiment-output/0000/slave-029/client-197.log: file already closed
zerolog: could not write event: write experiment-output/0000/slave-029/client-202.log: file already closed
zerolog: could not write event: write experiment-output/0000/slave-029/client-202.log: file already closed
zerolog: could not write event: write experiment-output/0000/slave-029/client-210.log: file already closed
zerolog: could not write event: write experiment-output/0000/slave-029/client-210.log: file already closed
zerolog: could not write event: write experiment-output/0000/slave-029/client-210.log: file already closed
zerolog: could not write event: write experiment-output/0000/slave-029/client-138.log: file already closed
zerolog: could not write event: write experiment-output/0000/slave-029/client-197.log: file already closed
zerolog: could not write event: write experiment-output/0000/slave-029/client-138.log: file already closed
zerolog: could not write event: write experiment-output/0000/slave-029/client-179.log: file already closed
zerolog: could not write event: write experiment-output/0000/slave-029/client-202.log: file already closed
zerolog: could not write event: write experiment-output/0000/slave-029/client-197.log: file already closed
zerolog: could not write event: write experiment-output/0000/slave-029/client-202.log: file already closed
zerolog: could not write event: write experiment-output/0000/slave-029/client-116.log: file already closed
zerolog: could not write event: write experiment-output/0000/slave-029/client-138.log: file already closed
zerolog: could not write event: write experiment-output/0000/slave-029/client-179.log: file already closed
zerolog: could not write event: write experiment-output/0000/slave-029/client-116.log: file already closed
zerolog: could not write event: write experiment-output/0000/slave-029/client-138.log: file already closed
zerolog: could not write event: write experiment-output/0000/slave-029/client-138.log: file already closed
zerolog: could not write event: write experiment-output/0000/slave-029/client-179.log: file already closed
zerolog: could not write event: write experiment-output/0000/slave-029/client-179.log: file already closed
zerolog: could not write event: write experiment-output/0000/slave-029/client-197.log: file already closed
zerolog: could not write event: write experiment-output/0000/slave-029/client-138.log: file already closed
zerolog: could not write event: write experiment-output/0000/slave-029/client-210.log: file already closed
zerolog: could not write event: write experiment-output/0000/slave-029/client-179.log: file already closed
zerolog: could not write event: write experiment-output/0000/slave-029/client-138.log: file already closed
zerolog: could not write event: write experiment-output/0000/slave-029/client-116.log: file already closed
zerolog: could not write event: write experiment-output/0000/slave-029/client-197.log: file already closed
zerolog: could not write event: write experiment-output/0000/slave-029/client-179.log: file already closed
zerolog: could not write event: write experiment-output/0000/slave-029/client-179.log: file already closed
zerolog: could not write event: write experiment-output/0000/slave-029/client-202.log: file already closed
zerolog: could not write event: write experiment-output/0000/slave-029/client-202.log: file already closed
zerolog: could not write event: write experiment-output/0000/slave-029/client-138.log: file already closed
zerolog: could not write event: write experiment-output/0000/slave-029/client-179.log: file already closed
zerolog: could not write event: write experiment-output/0000/slave-029/client-197.log: file already closed
zerolog: could not write event: write experiment-output/0000/slave-029/client-116.log: file already closed
zerolog: could not write event: write experiment-output/0000/slave-029/client-202.log: file already closed
zerolog: could not write event: write experiment-output/0000/slave-029/client-179.log: file already closed
zerolog: could not write event: write experiment-output/0000/slave-029/client-179.log: file already closed
zerolog: could not write event: write experiment-output/0000/slave-029/client-202.log: file already closed
zerolog: could not write event: write experiment-output/0000/slave-029/client-202.log: file already closed
zerolog: could not write event: write experiment-output/0000/slave-029/client-138.log: file already closed
zerolog: could not write event: write experiment-output/0000/slave-029/client-138.log: file already closed
zerolog: could not write event: write experiment-output/0000/slave-029/client-210.log: file already closed
zerolog: could not write event: write experiment-output/0000/slave-029/client-116.log: file already closed
zerolog: could not write event: write experiment-output/0000/slave-029/client-210.log: file already closed
zerolog: could not write event: write experiment-output/0000/slave-029/client-116.log: file already closed
zerolog: could not write event: write experiment-output/0000/slave-029/client-138.log: file already closed
zerolog: could not write event: write experiment-output/0000/slave-029/client-138.log: file already closed
zerolog: could not write event: write experiment-output/0000/slave-029/client-116.log: file already closed
zerolog: could not write event: write experiment-output/0000/slave-029/client-179.log: file already closed
zerolog: could not write event: write experiment-output/0000/slave-029/client-138.log: file already closed
zerolog: could not write event: write experiment-output/0000/slave-029/client-179.log: file already closed
zerolog: could not write event: write experiment-output/0000/slave-029/client-210.log: file already closed
zerolog: could not write event: write experiment-output/0000/slave-029/client-138.log: file already closed
zerolog: could not write event: write experiment-output/0000/slave-029/client-202.log: file already closed
zerolog: could not write event: write experiment-output/0000/slave-029/client-138.log: file already closed
zerolog: could not write event: write experiment-output/0000/slave-029/client-202.log: file already closed
zerolog: could not write event: write experiment-output/0000/slave-029/client-202.log: file already closed
zerolog: could not write event: write experiment-output/0000/slave-029/client-210.log: file already closed
zerolog: could not write event: write experiment-output/0000/slave-029/client-202.log: file already closed
zerolog: could not write event: write experiment-output/0000/slave-029/client-202.log: file already closed
zerolog: could not write event: write experiment-output/0000/slave-029/client-202.log: file already closed
zerolog: could not write event: write experiment-output/0000/slave-029/client-116.log: file already closed
zerolog: could not write event: write experiment-output/0000/slave-029/client-116.log: file already closed
zerolog: could not write event: write experiment-output/0000/slave-029/client-197.log: file already closed
zerolog: could not write event: write experiment-output/0000/slave-029/client-197.log: file already closed
zerolog: could not write event: write experiment-output/0000/slave-029/client-179.log: file already closed
zerolog: could not write event: write experiment-output/0000/slave-029/client-179.log: file already closed
zerolog: could not write event: write experiment-output/0000/slave-029/client-179.log: file already closed
zerolog: could not write event: write experiment-output/0000/slave-029/client-202.log: file already closed
zerolog: could not write event: write experiment-output/0000/slave-029/client-116.log: file already closed
zerolog: could not write event: write experiment-output/0000/slave-029/client-179.log: file already closed
zerolog: could not write event: write experiment-output/0000/slave-029/client-197.log: file already closed
zerolog: could not write event: write experiment-output/0000/slave-029/client-210.log: file already closed
zerolog: could not write event: write experiment-output/0000/slave-029/client-116.log: file already closed
zerolog: could not write event: write experiment-output/0000/slave-029/client-210.log: file already closed
zerolog: could not write event: write experiment-output/0000/slave-029/client-197.log: file already closed
zerolog: could not write event: write experiment-output/0000/slave-029/client-210.log: file already closed
zerolog: could not write event: write experiment-output/0000/slave-029/client-138.log: file already closed
zerolog: could not write event: write experiment-output/0000/slave-029/client-197.log: file already closed
zerolog: could not write event: write experiment-output/0000/slave-029/client-210.log: file already closed
zerolog: could not write event: write experiment-output/0000/slave-029/client-202.log: file already closed
zerolog: could not write event: write experiment-output/0000/slave-029/client-179.log: file already closed
zerolog: could not write event: write experiment-output/0000/slave-029/client-202.log: file already closed
zerolog: could not write event: write experiment-output/0000/slave-029/client-179.log: file already closed
zerolog: could not write event: write experiment-output/0000/slave-029/client-197.log: file already closed
zerolog: could not write event: write experiment-output/0000/slave-029/client-116.log: file already closed
zerolog: could not write event: write experiment-output/0000/slave-029/client-197.log: file already closed
zerolog: could not write event: write experiment-output/0000/slave-029/client-179.log: file already closed
zerolog: could not write event: write experiment-output/0000/slave-029/client-210.log: file already closed
zerolog: could not write event: write experiment-output/0000/slave-029/client-197.log: file already closed
zerolog: could not write event: write experiment-output/0000/slave-029/client-202.log: file already closed
zerolog: could not write event: write experiment-output/0000/slave-029/client-179.log: file already closed
zerolog: could not write event: write experiment-output/0000/slave-029/client-116.log: file already closed
zerolog: could not write event: write experiment-output/0000/slave-029/client-179.log: file already closed
zerolog: could not write event: write experiment-output/0000/slave-029/client-116.log: file already closed
zerolog: could not write event: write experiment-output/0000/slave-029/client-210.log: file already closed
zerolog: could not write event: write experiment-output/0000/slave-029/client-116.log: file already closed
zerolog: could not write event: write experiment-output/0000/slave-029/client-197.log: file already closed
zerolog: could not write event: write experiment-output/0000/slave-029/client-210.log: file already closed
zerolog: could not write event: write experiment-output/0000/slave-029/client-202.log: file already closed
zerolog: could not write event: write experiment-output/0000/slave-029/client-197.log: file already closed
zerolog: could not write event: write experiment-output/0000/slave-029/client-202.log: file already closed
zerolog: could not write event: write experiment-output/0000/slave-029/client-116.log: file already closed
zerolog: could not write event: write experiment-output/0000/slave-029/client-197.log: file already closed
zerolog: could not write event: write experiment-output/0000/slave-029/client-197.log: file already closed
zerolog: could not write event: write experiment-output/0000/slave-029/client-179.log: file already closed
zerolog: could not write event: write experiment-output/0000/slave-029/client-179.log: file already closed
zerolog: could not write event: write experiment-output/0000/slave-029/client-202.log: file already closed
zerolog: could not write event: write experiment-output/0000/slave-029/client-197.log: file already closed
zerolog: could not write event: write experiment-output/0000/slave-029/client-197.log: file already closed
zerolog: could not write event: write experiment-output/0000/slave-029/client-197.log: file already closed
zerolog: could not write event: write experiment-output/0000/slave-029/client-197.log: file already closed
zerolog: could not write event: write experiment-output/0000/slave-029/client-116.log: file already closed
zerolog: could not write event: write experiment-output/0000/slave-029/client-197.log: file already closed
zerolog: could not write event: write experiment-output/0000/slave-029/client-116.log: file already closed
zerolog: could not write event: write experiment-output/0000/slave-029/client-179.log: file already closed
zerolog: could not write event: write experiment-output/0000/slave-029/client-197.log: file already closed
zerolog: could not write event: write experiment-output/0000/slave-029/client-179.log: file already closed
zerolog: could not write event: write experiment-output/0000/slave-029/client-116.log: file already closed
zerolog: could not write event: write experiment-output/0000/slave-029/client-202.log: file already closed
zerolog: could not write event: write experiment-output/0000/slave-029/client-197.log: file already closed
zerolog: could not write event: write experiment-output/0000/slave-029/client-179.log: file already closed
zerolog: could not write event: write experiment-output/0000/slave-029/client-210.log: file already closed
zerolog: could not write event: write experiment-output/0000/slave-029/client-202.log: file already closed
zerolog: could not write event: write experiment-output/0000/slave-029/client-197.log: file already closed
zerolog: could not write event: write experiment-output/0000/slave-029/client-179.log: file already closed
zerolog: could not write event: write experiment-output/0000/slave-029/client-202.log: file already closed
zerolog: could not write event: write experiment-output/0000/slave-029/client-210.log: file already closed
zerolog: could not write event: write experiment-output/0000/slave-029/client-179.log: file already closed
zerolog: could not write event: write experiment-output/0000/slave-029/client-116.log: file already closed
zerolog: could not write event: write experiment-output/0000/slave-029/client-197.log: file already closed
zerolog: could not write event: write experiment-output/0000/slave-029/client-210.log: file already closed
zerolog: could not write event: write experiment-output/0000/slave-029/client-210.log: file already closed
zerolog: could not write event: write experiment-output/0000/slave-029/client-116.log: file already closed
zerolog: could not write event: write experiment-output/0000/slave-029/client-202.log: file already closed
zerolog: could not write event: write experiment-output/0000/slave-029/client-116.log: file already closed
zerolog: could not write event: write experiment-output/0000/slave-029/client-210.log: file already closed
zerolog: could not write event: write experiment-output/0000/slave-029/client-210.log: file already closed
zerolog: could not write event: write experiment-output/0000/slave-029/client-202.log: file already closed
zerolog: could not write event: write experiment-output/0000/slave-029/client-210.log: file already closed
zerolog: could not write event: write experiment-output/0000/slave-029/client-116.log: file already closed
zerolog: could not write event: write experiment-output/0000/slave-029/client-116.log: file already closed
zerolog: could not write event: write experiment-output/0000/slave-029/client-202.log: file already closed
zerolog: could not write event: write experiment-output/0000/slave-029/client-202.log: file already closed
zerolog: could not write event: write experiment-output/0000/slave-029/client-116.log: file already closed
zerolog: could not write event: write experiment-output/0000/slave-029/client-202.log: file already closed
zerolog: could not write event: write experiment-output/0000/slave-029/client-197.log: file already closed
zerolog: could not write event: write experiment-output/0000/slave-029/client-210.log: file already closed
zerolog: could not write event: write experiment-output/0000/slave-029/client-116.log: file already closed
zerolog: could not write event: write experiment-output/0000/slave-029/client-210.log: file already closed
zerolog: could not write event: write experiment-output/0000/slave-029/client-197.log: file already closed
zerolog: could not write event: write experiment-output/0000/slave-029/client-179.log: file already closed
zerolog: could not write event: write experiment-output/0000/slave-029/client-210.log: file already closed
zerolog: could not write event: write experiment-output/0000/slave-029/client-116.log: file already closed
zerolog: could not write event: write experiment-output/0000/slave-029/client-210.log: file already closed
zerolog: could not write event: write experiment-output/0000/slave-029/client-179.log: file already closed
zerolog: could not write event: write experiment-output/0000/slave-029/client-197.log: file already closed
zerolog: could not write event: write experiment-output/0000/slave-029/client-210.log: file already closed
zerolog: could not write event: write experiment-output/0000/slave-029/client-197.log: file already closed
zerolog: could not write event: write experiment-output/0000/slave-029/client-179.log: file already closed
zerolog: could not write event: write experiment-output/0000/slave-029/client-210.log: file already closed
zerolog: could not write event: write experiment-output/0000/slave-029/client-202.log: file already closed
zerolog: could not write event: write experiment-output/0000/slave-029/client-210.log: file already closed
zerolog: could not write event: write experiment-output/0000/slave-029/client-202.log: file already closed
zerolog: could not write event: write experiment-output/0000/slave-029/client-210.log: file already closed
zerolog: could not write event: write experiment-output/0000/slave-029/client-165.log: file already closed
zerolog: could not write event: write experiment-output/0000/slave-029/client-197.log: file already closed
zerolog: could not write event: write experiment-output/0000/slave-029/client-165.log: file already closed
zerolog: could not write event: write experiment-output/0000/slave-029/client-116.log: file already closed
zerolog: could not write event: write experiment-output/0000/slave-029/client-210.log: file already closed
zerolog: could not write event: write experiment-output/0000/slave-029/client-116.log: file already closed
zerolog: could not write event: write experiment-output/0000/slave-029/client-116.log: file already closed
zerolog: could not write event: write experiment-output/0000/slave-029/client-116.log: file already closed
zerolog: could not write event: write experiment-output/0000/slave-029/client-165.log: file already closed
zerolog: could not write event: write experiment-output/0000/slave-029/client-210.log: file already closed
zerolog: could not write event: write experiment-output/0000/slave-029/client-116.log: file already closed
zerolog: could not write event: write experiment-output/0000/slave-029/client-165.log: file already closed
zerolog: could not write event: write experiment-output/0000/slave-029/client-165.log: file already closed
zerolog: could not write event: write experiment-output/0000/slave-029/client-165.log: file already closed
zerolog: could not write event: write experiment-output/0000/slave-029/client-165.log: file already closed
zerolog: could not write event: write experiment-output/0000/slave-029/client-165.log: file already closed
zerolog: could not write event: write experiment-output/0000/slave-029/client-165.log: file already closed
zerolog: could not write event: write experiment-output/0000/slave-029/client-165.log: file already closed
zerolog: could not write event: write experiment-output/0000/slave-029/client-165.log: file already closed
zerolog: could not write event: write experiment-output/0000/slave-029/client-165.log: file already closed
zerolog: could not write event: write experiment-output/0000/slave-029/client-165.log: file already closed
zerolog: could not write event: write experiment-output/0000/slave-029/client-165.log: file already closed
zerolog: could not write event: write experiment-output/0000/slave-029/client-165.log: file already closed
zerolog: could not write event: write experiment-output/0000/slave-029/client-165.log: file already closed
zerolog: could not write event: write experiment-output/0000/slave-029/client-165.log: file already closed
zerolog: could not write event: write experiment-output/0000/slave-029/client-165.log: file already closed
zerolog: could not write event: write experiment-output/0000/slave-029/client-165.log: file already closed
zerolog: could not write event: write experiment-output/0000/slave-029/client-165.log: file already closed
zerolog: could not write event: write experiment-output/0000/slave-029/client-165.log: file already closed
zerolog: could not write event: write experiment-output/0000/slave-029/client-165.log: file already closed
zerolog: could not write event: write experiment-output/0000/slave-029/client-165.log: file already closed
zerolog: could not write event: write experiment-output/0000/slave-029/client-165.log: file already closed
zerolog: could not write event: write experiment-output/0000/slave-029/client-165.log: file already closed
zerolog: could not write event: write experiment-output/0000/slave-029/client-165.log: file already closed
zerolog: could not write event: write experiment-output/0000/slave-029/client-165.log: file already closed
zerolog: could not write event: write experiment-output/0000/slave-029/client-165.log: file already closed
zerolog: could not write event: write experiment-output/0000/slave-029/client-165.log: file already closed
zerolog: could not write event: write experiment-output/0000/slave-029/client-165.log: file already closed
zerolog: could not write event: write experiment-output/0000/slave-029/client-165.log: file already closed
zerolog: could not write event: write experiment-output/0000/slave-029/client-165.log: file already closed
07:17:51.485 INF Stopping Tracer. events=844 fileName=experiment-output/0000/slave-029/client-102.trc
07:17:51.486 INF Trace data written.
07:17:51.486 INF Done.
07:17:51.486 INF Stopping profiler.
zerolog: could not write event: write experiment-output/0000/slave-029/client-102.log: file already closed
07:17:51.560 INF Profile data written. filename=experiment-output/0000/slave-029/prof-client.cpu name=cpu
zerolog: could not write event: write experiment-output/0000/slave-029/client-102.log: file already closed
zerolog: could not write event: write experiment-output/0000/slave-029/client-102.log: file already closed
zerolog: could not write event: write experiment-output/0000/slave-029/client-102.log: file already closed
zerolog: could not write event: write experiment-output/0000/slave-029/client-102.log: file already closed
zerolog: could not write event: write experiment-output/0000/slave-029/client-102.log: file already closed
zerolog: could not write event: write experiment-output/0000/slave-029/client-102.log: file already closed
07:17:51.579 INF Profile data written. filename=experiment-output/0000/slave-029/prof-client.block name=block
zerolog: could not write event: write experiment-output/0000/slave-029/client-102.log: file already closed
zerolog: could not write event: write experiment-output/0000/slave-029/client-102.log: file already closed
zerolog: could not write event: write experiment-output/0000/slave-029/client-102.log: file already closed
zerolog: could not write event: write experiment-output/0000/slave-029/client-102.log: file already closed
zerolog: could not write event: write experiment-output/0000/slave-029/client-102.log: file already closed
zerolog: could not write event: write experiment-output/0000/slave-029/client-102.log: file already closed
07:17:51.584 INF Profile data written. filename=experiment-output/0000/slave-029/prof-client.mutex name=mutex
