{"level":"debug","Logging":"info","time":"2023-03-30T08:45:26Z","message":"Config"}
{"level":"debug","UseTLS":false,"time":"2023-03-30T08:45:26Z","message":"Config"}
{"level":"debug","CACertFile":"tls-data/ca.pem","time":"2023-03-30T08:45:26Z","message":"Config"}
{"level":"debug","KeyFile":"tls-data/auth.key","time":"2023-03-30T08:45:26Z","message":"Config"}
{"level":"debug","CertFile":"tls-data/auth.pem","time":"2023-03-30T08:45:26Z","message":"Config"}
{"level":"debug","PriorityConnections":2,"time":"2023-03-30T08:45:26Z","message":"Config"}
{"level":"debug","BasicConnections":1,"time":"2023-03-30T08:45:26Z","message":"Config"}
{"level":"debug","TestConnections":false,"time":"2023-03-30T08:45:26Z","message":"Config"}
{"level":"debug","ExcessConnections":1,"time":"2023-03-30T08:45:26Z","message":"Config"}
{"level":"debug","ConnectionTestMsgs":4,"time":"2023-03-30T08:45:26Z","message":"Config"}
{"level":"debug","ConnectionTestPayload":131072,"time":"2023-03-30T08:45:26Z","message":"Config"}
{"level":"debug","OutMessageBufsize":1024,"time":"2023-03-30T08:45:26Z","message":"Config"}
{"level":"debug","OutMessageBufsize":4,"time":"2023-03-30T08:45:26Z","message":"Config"}
{"level":"debug","ThroughputCap":131072000,"time":"2023-03-30T08:45:26Z","message":"Config"}
{"level":"debug","StragglerTolerance":1000,"time":"2023-03-30T08:45:26Z","message":"Config"}
{"level":"debug","BatchSizeIncrement":256,"time":"2023-03-30T08:45:26Z","message":"Config"}
{"level":"debug","Orderer":"Pbft","time":"2023-03-30T08:45:26Z","message":"Config"}
{"level":"debug","Manager":"Mir","time":"2023-03-30T08:45:26Z","message":"Config"}
{"level":"debug","Failures":0,"time":"2023-03-30T08:45:26Z","message":"Config"}
{"level":"debug","StragglerCnt":1,"time":"2023-03-30T08:45:26Z","message":"Config"}
{"level":"debug","CrashTiming":"Straggler","time":"2023-03-30T08:45:26Z","message":"Config"}
{"level":"debug","CheckpointInterval":512,"time":"2023-03-30T08:45:26Z","message":"Config"}
{"level":"debug","WatermarkWindowSize":512,"time":"2023-03-30T08:45:26Z","message":"Config"}
{"level":"debug","EpochLength":512,"time":"2023-03-30T08:45:26Z","message":"Config"}
{"level":"debug","SegmentLength":32,"time":"2023-03-30T08:45:26Z","message":"Config"}
{"level":"debug","WaitForCheckpoints":true,"time":"2023-03-30T08:45:26Z","message":"Config"}
{"level":"debug","ClientWatermarkWindowSize":16384,"time":"2023-03-30T08:45:26Z","message":"Config"}
{"level":"debug","ClientRequestBacklogSize":16384,"time":"2023-03-30T08:45:26Z","message":"Config"}
{"level":"debug","RandomSeed":27333,"time":"2023-03-30T08:45:26Z","message":"Config"}
{"level":"debug","NodeToLeaderRatio":1,"time":"2023-03-30T08:45:26Z","message":"Config"}
{"level":"debug","LeaderPolicy":"Simple","time":"2023-03-30T08:45:26Z","message":"Config"}
{"level":"debug","DefaultLeaderBan":2,"time":"2023-03-30T08:45:26Z","message":"Config"}
{"level":"debug","NumBuckets":256,"time":"2023-03-30T08:45:26Z","message":"Config"}
{"level":"debug","BatchSize":1000,"time":"2023-03-30T08:45:26Z","message":"Config"}
{"level":"debug","DisabledViewChange":false,"time":"2023-03-30T08:45:26Z","message":"Config"}
{"level":"debug","ViewChangeTimeout":60000,"time":"2023-03-30T08:45:26Z","message":"Config"}
{"level":"debug","ClientTraceSampling":10,"time":"2023-03-30T08:45:26Z","message":"Config"}
{"level":"debug","EventBufferSize":2097152,"time":"2023-03-30T08:45:26Z","message":"Config"}
{"level":"debug","TraceSampling":1,"time":"2023-03-30T08:45:26Z","message":"Config"}
{"level":"debug","ClientsPerProcess":8,"time":"2023-03-30T08:45:26Z","message":"Config"}
{"level":"debug","RequestsPerClient":5859,"time":"2023-03-30T08:45:26Z","message":"Config"}
{"level":"debug","ClientRunTime":15000,"time":"2023-03-30T08:45:26Z","message":"Config"}
{"level":"debug","RequestRate":195,"time":"2023-03-30T08:45:26Z","message":"Config"}
{"level":"debug","HardRequestRateLimit":false,"time":"2023-03-30T08:45:26Z","message":"Config"}
{"level":"debug","RequestPayloadSize":500,"time":"2023-03-30T08:45:26Z","message":"Config"}
{"level":"debug","SignRequests":true,"time":"2023-03-30T08:45:26Z","message":"Config"}
{"level":"debug","ClientPrivKeyFile":"tls-data/client-ecdsa-256.key","time":"2023-03-30T08:45:26Z","message":"Config"}
{"level":"debug","ClientPubKeyFile":"tls-data/client-ecdsa-256.pem","time":"2023-03-30T08:45:26Z","message":"Config"}
{"level":"debug","PrecomputeRequests":false,"time":"2023-03-30T08:45:26Z","message":"Config"}
{"level":"debug","RequestHandlerThreads":32,"time":"2023-03-30T08:45:26Z","message":"Config"}
{"level":"debug","RequestInputChannelBuffer":8192,"time":"2023-03-30T08:45:26Z","message":"Config"}
{"level":"debug","BatchVerifier":"external","time":"2023-03-30T08:45:26Z","message":"Config"}
08:45:26.690 INF Started Profiler: CPU
08:45:26.690 INF Started Profiler: BLOCK
08:45:26.690 INF Started Profiler: MUTEX
08:45:26.690 INF Starting clients. numClients=8 numRequests=5859
08:45:26.690 INF Initilizing clients.
08:45:27.254 INF Registared with discovery server. numOrderers=16 ownClientId=229
08:45:27.255 INF Registared with discovery server. numOrderers=16 ownClientId=236
08:45:27.255 INF Registared with discovery server. numOrderers=16 ownClientId=232
08:45:27.255 INF Registared with discovery server. numOrderers=16 ownClientId=237
08:45:27.255 INF Registared with discovery server. numOrderers=16 ownClientId=231
08:45:27.255 INF Registared with discovery server. numOrderers=16 ownClientId=244
08:45:27.255 INF Registared with discovery server. numOrderers=16 ownClientId=245
08:45:27.256 INF Registared with discovery server. numOrderers=16 ownClientId=249
08:45:27.256 INF Clients initialized.
08:45:27.256 INF Launching clients.
08:45:27.256 INF Waiting for clients.
08:48:19.789 INF Stopping Tracer. events=1173 fileName=experiment-output/0000/slave-045/client-249.trc
zerolog: could not write event: write experiment-output/0000/slave-045/client-249.log: file already closed
zerolog: could not write event: write experiment-output/0000/slave-045/client-249.log: file already closed
zerolog: could not write event: write experiment-output/0000/slave-045/client-249.log: file already closed
zerolog: could not write event: write experiment-output/0000/slave-045/client-249.log: file already closed
08:48:19.791 INF Trace data written.
08:48:19.800 INF Stopping Tracer. events=1173 fileName=experiment-output/0000/slave-045/client-237.trc
08:48:19.800 INF Stopping Tracer. events=1925 fileName=experiment-output/0000/slave-045/client-244.trc
08:48:19.801 INF Stopping Tracer. events=1173 fileName=experiment-output/0000/slave-045/client-229.trc
08:48:19.801 INF Stopping Tracer. events=1685 fileName=experiment-output/0000/slave-045/client-236.trc
08:48:19.801 INF Stopping Tracer. events=1701 fileName=experiment-output/0000/slave-045/client-232.trc
zerolog: could not write event: write experiment-output/0000/slave-045/client-244.log: file already closed
zerolog: could not write event: write experiment-output/0000/slave-045/client-229.log: file already closed
zerolog: could not write event: write experiment-output/0000/slave-045/client-244.log: file already closed
zerolog: could not write event: write experiment-output/0000/slave-045/client-244.log: file already closed
zerolog: could not write event: write experiment-output/0000/slave-045/client-236.log: file already closed
zerolog: could not write event: write experiment-output/0000/slave-045/client-244.log: file already closed
zerolog: could not write event: write experiment-output/0000/slave-045/client-236.log: file already closed
zerolog: could not write event: write experiment-output/0000/slave-045/client-229.log: file already closed
zerolog: could not write event: write experiment-output/0000/slave-045/client-236.log: file already closed
zerolog: could not write event: write experiment-output/0000/slave-045/client-237.log: file already closed
zerolog: could not write event: write experiment-output/0000/slave-045/client-229.log: file already closed
zerolog: could not write event: write experiment-output/0000/slave-045/client-229.log: file already closed
zerolog: could not write event: write experiment-output/0000/slave-045/client-237.log: file already closed
zerolog: could not write event: write experiment-output/0000/slave-045/client-237.log: file already closed
zerolog: could not write event: write experiment-output/0000/slave-045/client-232.log: file already closed
zerolog: could not write event: write experiment-output/0000/slave-045/client-237.log: file already closed
zerolog: could not write event: write experiment-output/0000/slave-045/client-236.log: file already closed
zerolog: could not write event: write experiment-output/0000/slave-045/client-232.log: file already closed
zerolog: could not write event: write experiment-output/0000/slave-045/client-232.log: file already closed
zerolog: could not write event: write experiment-output/0000/slave-045/client-232.log: file already closed
08:48:19.803 INF Trace data written.
08:48:19.803 INF Trace data written.
08:48:19.805 INF Trace data written.
08:48:19.805 INF Trace data written.
08:48:19.805 INF Trace data written.
zerolog: could not write event: write experiment-output/0000/slave-045/client-249.log: file already closed
zerolog: could not write event: write experiment-output/0000/slave-045/client-249.log: file already closed
zerolog: could not write event: write experiment-output/0000/slave-045/client-237.log: file already closed
zerolog: could not write event: write experiment-output/0000/slave-045/client-236.log: file already closed
zerolog: could not write event: write experiment-output/0000/slave-045/client-232.log: file already closed
zerolog: could not write event: write experiment-output/0000/slave-045/client-229.log: file already closed
zerolog: could not write event: write experiment-output/0000/slave-045/client-232.log: file already closed
zerolog: could not write event: write experiment-output/0000/slave-045/client-237.log: file already closed
zerolog: could not write event: write experiment-output/0000/slave-045/client-249.log: file already closed
zerolog: could not write event: write experiment-output/0000/slave-045/client-244.log: file already closed
zerolog: could not write event: write experiment-output/0000/slave-045/client-229.log: file already closed
zerolog: could not write event: write experiment-output/0000/slave-045/client-232.log: file already closed
zerolog: could not write event: write experiment-output/0000/slave-045/client-244.log: file already closed
zerolog: could not write event: write experiment-output/0000/slave-045/client-244.log: file already closed
zerolog: could not write event: write experiment-output/0000/slave-045/client-244.log: file already closed
zerolog: could not write event: write experiment-output/0000/slave-045/client-249.log: file already closed
zerolog: could not write event: write experiment-output/0000/slave-045/client-237.log: file already closed
zerolog: could not write event: write experiment-output/0000/slave-045/client-236.log: file already closed
zerolog: could not write event: write experiment-output/0000/slave-045/client-229.log: file already closed
zerolog: could not write event: write experiment-output/0000/slave-045/client-236.log: file already closed
zerolog: could not write event: write experiment-output/0000/slave-045/client-229.log: file already closed
zerolog: could not write event: write experiment-output/0000/slave-045/client-237.log: file already closed
zerolog: could not write event: write experiment-output/0000/slave-045/client-236.log: file already closed
zerolog: could not write event: write experiment-output/0000/slave-045/client-232.log: file already closed
zerolog: could not write event: write experiment-output/0000/slave-045/client-249.log: file already closed
zerolog: could not write event: write experiment-output/0000/slave-045/client-249.log: file already closed
zerolog: could not write event: write experiment-output/0000/slave-045/client-249.log: file already closed
zerolog: could not write event: write experiment-output/0000/slave-045/client-249.log: file already closed
zerolog: could not write event: write experiment-output/0000/slave-045/client-237.log: file already closed
zerolog: could not write event: write experiment-output/0000/slave-045/client-237.log: file already closed
zerolog: could not write event: write experiment-output/0000/slave-045/client-237.log: file already closed
zerolog: could not write event: write experiment-output/0000/slave-045/client-244.log: file already closed
zerolog: could not write event: write experiment-output/0000/slave-045/client-237.log: file already closed
zerolog: could not write event: write experiment-output/0000/slave-045/client-244.log: file already closed
zerolog: could not write event: write experiment-output/0000/slave-045/client-229.log: file already closed
zerolog: could not write event: write experiment-output/0000/slave-045/client-229.log: file already closed
zerolog: could not write event: write experiment-output/0000/slave-045/client-244.log: file already closed
zerolog: could not write event: write experiment-output/0000/slave-045/client-236.log: file already closed
zerolog: could not write event: write experiment-output/0000/slave-045/client-232.log: file already closed
zerolog: could not write event: write experiment-output/0000/slave-045/client-229.log: file already closed
zerolog: could not write event: write experiment-output/0000/slave-045/client-236.log: file already closed
zerolog: could not write event: write experiment-output/0000/slave-045/client-244.log: file already closed
zerolog: could not write event: write experiment-output/0000/slave-045/client-236.log: file already closed
zerolog: could not write event: write experiment-output/0000/slave-045/client-232.log: file already closed
zerolog: could not write event: write experiment-output/0000/slave-045/client-232.log: file already closed
zerolog: could not write event: write experiment-output/0000/slave-045/client-229.log: file already closed
zerolog: could not write event: write experiment-output/0000/slave-045/client-232.log: file already closed
zerolog: could not write event: write experiment-output/0000/slave-045/client-236.log: file already closed
zerolog: could not write event: write experiment-output/0000/slave-045/client-249.log: file already closed
zerolog: could not write event: write experiment-output/0000/slave-045/client-249.log: file already closed
zerolog: could not write event: write experiment-output/0000/slave-045/client-249.log: file already closed
zerolog: could not write event: write experiment-output/0000/slave-045/client-249.log: file already closed
zerolog: could not write event: write experiment-output/0000/slave-045/client-237.log: file already closed
zerolog: could not write event: write experiment-output/0000/slave-045/client-237.log: file already closed
zerolog: could not write event: write experiment-output/0000/slave-045/client-244.log: file already closed
zerolog: could not write event: write experiment-output/0000/slave-045/client-244.log: file already closed
zerolog: could not write event: write experiment-output/0000/slave-045/client-232.log: file already closed
zerolog: could not write event: write experiment-output/0000/slave-045/client-244.log: file already closed
zerolog: could not write event: write experiment-output/0000/slave-045/client-237.log: file already closed
zerolog: could not write event: write experiment-output/0000/slave-045/client-229.log: file already closed
zerolog: could not write event: write experiment-output/0000/slave-045/client-244.log: file already closed
zerolog: could not write event: write experiment-output/0000/slave-045/client-229.log: file already closed
zerolog: could not write event: write experiment-output/0000/slave-045/client-229.log: file already closed
zerolog: could not write event: write experiment-output/0000/slave-045/client-236.log: file already closed
zerolog: could not write event: write experiment-output/0000/slave-045/client-229.log: file already closed
zerolog: could not write event: write experiment-output/0000/slave-045/client-232.log: file already closed
zerolog: could not write event: write experiment-output/0000/slave-045/client-236.log: file already closed
zerolog: could not write event: write experiment-output/0000/slave-045/client-232.log: file already closed
zerolog: could not write event: write experiment-output/0000/slave-045/client-237.log: file already closed
zerolog: could not write event: write experiment-output/0000/slave-045/client-236.log: file already closed
zerolog: could not write event: write experiment-output/0000/slave-045/client-232.log: file already closed
zerolog: could not write event: write experiment-output/0000/slave-045/client-236.log: file already closed
08:48:20.760 INF Stopping Tracer. events=1173 fileName=experiment-output/0000/slave-045/client-231.trc
zerolog: could not write event: write experiment-output/0000/slave-045/client-231.log: file already closed
zerolog: could not write event: write experiment-output/0000/slave-045/client-231.log: file already closed
zerolog: could not write event: write experiment-output/0000/slave-045/client-231.log: file already closed
zerolog: could not write event: write experiment-output/0000/slave-045/client-231.log: file already closed
08:48:20.763 INF Trace data written.
08:48:20.774 INF Stopping Tracer. events=1173 fileName=experiment-output/0000/slave-045/client-245.trc
zerolog: could not write event: write experiment-output/0000/slave-045/client-245.log: file already closed
zerolog: could not write event: write experiment-output/0000/slave-045/client-245.log: file already closed
zerolog: could not write event: write experiment-output/0000/slave-045/client-245.log: file already closed
zerolog: could not write event: write experiment-output/0000/slave-045/client-245.log: file already closed
08:48:20.776 INF Trace data written.
08:48:20.776 INF Done.
08:48:20.776 INF Stopping profiler.
zerolog: could not write event: write experiment-output/0000/slave-045/client-231.log: file already closed
zerolog: could not write event: write experiment-output/0000/slave-045/client-231.log: file already closed
08:48:20.865 INF Profile data written. filename=experiment-output/0000/slave-045/prof-client.cpu name=cpu
zerolog: could not write event: write experiment-output/0000/slave-045/client-231.log: file already closed
zerolog: could not write event: write experiment-output/0000/slave-045/client-231.log: file already closed
zerolog: could not write event: write experiment-output/0000/slave-045/client-245.log: file already closed
zerolog: could not write event: write experiment-output/0000/slave-045/client-245.log: file already closed
zerolog: could not write event: write experiment-output/0000/slave-045/client-245.log: file already closed
08:48:20.888 INF Profile data written. filename=experiment-output/0000/slave-045/prof-client.block name=block
zerolog: could not write event: write experiment-output/0000/slave-045/client-245.log: file already closed
08:48:20.894 INF Profile data written. filename=experiment-output/0000/slave-045/prof-client.mutex name=mutex
