{"level":"debug","Logging":"info","time":"2023-03-19T09:44:38Z","message":"Config"}
{"level":"debug","UseTLS":false,"time":"2023-03-19T09:44:38Z","message":"Config"}
{"level":"debug","CACertFile":"tls-data/ca.pem","time":"2023-03-19T09:44:38Z","message":"Config"}
{"level":"debug","KeyFile":"tls-data/auth.key","time":"2023-03-19T09:44:38Z","message":"Config"}
{"level":"debug","CertFile":"tls-data/auth.pem","time":"2023-03-19T09:44:38Z","message":"Config"}
{"level":"debug","PriorityConnections":2,"time":"2023-03-19T09:44:38Z","message":"Config"}
{"level":"debug","BasicConnections":1,"time":"2023-03-19T09:44:38Z","message":"Config"}
{"level":"debug","TestConnections":false,"time":"2023-03-19T09:44:38Z","message":"Config"}
{"level":"debug","ExcessConnections":1,"time":"2023-03-19T09:44:38Z","message":"Config"}
{"level":"debug","ConnectionTestMsgs":4,"time":"2023-03-19T09:44:38Z","message":"Config"}
{"level":"debug","ConnectionTestPayload":131072,"time":"2023-03-19T09:44:38Z","message":"Config"}
{"level":"debug","OutMessageBufsize":1024,"time":"2023-03-19T09:44:38Z","message":"Config"}
{"level":"debug","OutMessageBufsize":4,"time":"2023-03-19T09:44:38Z","message":"Config"}
{"level":"debug","ThroughputCap":131072000,"time":"2023-03-19T09:44:38Z","message":"Config"}
{"level":"debug","StragglerTolerance":1000,"time":"2023-03-19T09:44:38Z","message":"Config"}
{"level":"debug","BatchSizeIncrement":256,"time":"2023-03-19T09:44:38Z","message":"Config"}
{"level":"debug","Orderer":"Pbft","time":"2023-03-19T09:44:38Z","message":"Config"}
{"level":"debug","Manager":"Mir","time":"2023-03-19T09:44:38Z","message":"Config"}
{"level":"debug","Failures":0,"time":"2023-03-19T09:44:38Z","message":"Config"}
{"level":"debug","StragglerCnt":1,"time":"2023-03-19T09:44:38Z","message":"Config"}
{"level":"debug","PrivKeyCnt":10,"time":"2023-03-19T09:44:38Z","message":"Config"}
{"level":"debug","UseSig":false,"time":"2023-03-19T09:44:38Z","message":"Config"}
{"level":"debug","CrashTiming":"Straggler","time":"2023-03-19T09:44:38Z","message":"Config"}
{"level":"debug","CheckpointInterval":512,"time":"2023-03-19T09:44:38Z","message":"Config"}
{"level":"debug","WatermarkWindowSize":512,"time":"2023-03-19T09:44:38Z","message":"Config"}
{"level":"debug","EpochLength":512,"time":"2023-03-19T09:44:38Z","message":"Config"}
{"level":"debug","SegmentLength":32,"time":"2023-03-19T09:44:38Z","message":"Config"}
{"level":"debug","WaitForCheckpoints":true,"time":"2023-03-19T09:44:38Z","message":"Config"}
{"level":"debug","ClientWatermarkWindowSize":16384,"time":"2023-03-19T09:44:38Z","message":"Config"}
{"level":"debug","ClientRequestBacklogSize":16384,"time":"2023-03-19T09:44:38Z","message":"Config"}
{"level":"debug","RandomSeed":12486,"time":"2023-03-19T09:44:38Z","message":"Config"}
{"level":"debug","NodeToLeaderRatio":1,"time":"2023-03-19T09:44:38Z","message":"Config"}
{"level":"debug","LeaderPolicy":"Simple","time":"2023-03-19T09:44:38Z","message":"Config"}
{"level":"debug","DefaultLeaderBan":2,"time":"2023-03-19T09:44:38Z","message":"Config"}
{"level":"debug","NumBuckets":256,"time":"2023-03-19T09:44:38Z","message":"Config"}
{"level":"debug","BatchSize":1000,"time":"2023-03-19T09:44:38Z","message":"Config"}
{"level":"debug","DisabledViewChange":false,"time":"2023-03-19T09:44:38Z","message":"Config"}
{"level":"debug","ViewChangeTimeout":60000,"time":"2023-03-19T09:44:38Z","message":"Config"}
{"level":"debug","ClientTraceSampling":10,"time":"2023-03-19T09:44:38Z","message":"Config"}
{"level":"debug","EventBufferSize":2097152,"time":"2023-03-19T09:44:38Z","message":"Config"}
{"level":"debug","TraceSampling":1,"time":"2023-03-19T09:44:38Z","message":"Config"}
{"level":"debug","ClientsPerProcess":8,"time":"2023-03-19T09:44:38Z","message":"Config"}
{"level":"debug","RequestsPerClient":14062,"time":"2023-03-19T09:44:38Z","message":"Config"}
{"level":"debug","ClientRunTime":15000,"time":"2023-03-19T09:44:38Z","message":"Config"}
{"level":"debug","RequestRate":468,"time":"2023-03-19T09:44:38Z","message":"Config"}
{"level":"debug","HardRequestRateLimit":false,"time":"2023-03-19T09:44:38Z","message":"Config"}
{"level":"debug","RequestPayloadSize":500,"time":"2023-03-19T09:44:38Z","message":"Config"}
{"level":"debug","SignRequests":true,"time":"2023-03-19T09:44:38Z","message":"Config"}
{"level":"debug","ClientPrivKeyFile":"tls-data/client-ecdsa-256.key","time":"2023-03-19T09:44:38Z","message":"Config"}
{"level":"debug","ClientPubKeyFile":"tls-data/client-ecdsa-256.pem","time":"2023-03-19T09:44:38Z","message":"Config"}
{"level":"debug","PrecomputeRequests":false,"time":"2023-03-19T09:44:38Z","message":"Config"}
{"level":"debug","RequestHandlerThreads":32,"time":"2023-03-19T09:44:38Z","message":"Config"}
{"level":"debug","RequestInputChannelBuffer":8192,"time":"2023-03-19T09:44:38Z","message":"Config"}
{"level":"debug","BatchVerifier":"external","time":"2023-03-19T09:44:38Z","message":"Config"}
09:44:38.491 INF Started Profiler: CPU
09:44:38.491 INF Started Profiler: BLOCK
09:44:38.491 INF Started Profiler: MUTEX
09:44:38.491 INF Starting clients. numClients=8 numRequests=14062
09:44:38.492 INF Initilizing clients.
09:44:38.497 INF Registared with discovery server. numOrderers=16 ownClientId=8
09:44:38.500 INF Registared with discovery server. numOrderers=16 ownClientId=48
09:44:38.501 INF Registared with discovery server. numOrderers=16 ownClientId=56
09:44:38.503 INF Registared with discovery server. numOrderers=16 ownClientId=101
09:44:38.503 INF Registared with discovery server. numOrderers=16 ownClientId=105
09:44:38.507 INF Registared with discovery server. numOrderers=16 ownClientId=171
09:44:38.507 INF Registared with discovery server. numOrderers=16 ownClientId=176
09:44:38.509 INF Registared with discovery server. numOrderers=16 ownClientId=124
09:44:38.509 INF Clients initialized.
09:44:38.509 INF Launching clients.
09:44:38.509 INF Waiting for clients.
09:45:36.619 INF Stopping Tracer. events=4381 fileName=experiment-output/0001/slave-018/client-124.trc
zerolog: could not write event: write experiment-output/0001/slave-018/client-124.log: file already closed
zerolog: could not write event: write experiment-output/0001/slave-018/client-124.log: file already closed
zerolog: could not write event: write experiment-output/0001/slave-018/client-124.log: file already closed
zerolog: could not write event: write experiment-output/0001/slave-018/client-124.log: file already closed
zerolog: could not write event: write experiment-output/0001/slave-018/client-124.log: file already closed
zerolog: could not write event: write experiment-output/0001/slave-018/client-124.log: file already closed
zerolog: could not write event: write experiment-output/0001/slave-018/client-124.log: file already closed
zerolog: could not write event: write experiment-output/0001/slave-018/client-124.log: file already closed
zerolog: could not write event: write experiment-output/0001/slave-018/client-124.log: file already closed
zerolog: could not write event: write experiment-output/0001/slave-018/client-124.log: file already closed
zerolog: could not write event: write experiment-output/0001/slave-018/client-124.log: file already closed
zerolog: could not write event: write experiment-output/0001/slave-018/client-124.log: file already closed
zerolog: could not write event: write experiment-output/0001/slave-018/client-124.log: file already closed
zerolog: could not write event: write experiment-output/0001/slave-018/client-124.log: file already closed
zerolog: could not write event: write experiment-output/0001/slave-018/client-124.log: file already closed
zerolog: could not write event: write experiment-output/0001/slave-018/client-124.log: file already closed
09:45:36.621 INF Stopping Tracer. events=2813 fileName=experiment-output/0001/slave-018/client-105.trc
zerolog: could not write event: write experiment-output/0001/slave-018/client-105.log: file already closed
zerolog: could not write event: write experiment-output/0001/slave-018/client-105.log: file already closed
zerolog: could not write event: write experiment-output/0001/slave-018/client-105.log: file already closed
zerolog: could not write event: write experiment-output/0001/slave-018/client-105.log: file already closed
zerolog: could not write event: write experiment-output/0001/slave-018/client-105.log: file already closed
zerolog: could not write event: write experiment-output/0001/slave-018/client-105.log: file already closed
zerolog: could not write event: write experiment-output/0001/slave-018/client-105.log: file already closed
zerolog: could not write event: write experiment-output/0001/slave-018/client-105.log: file already closed
zerolog: could not write event: write experiment-output/0001/slave-018/client-105.log: file already closed
zerolog: could not write event: write experiment-output/0001/slave-018/client-105.log: file already closed
zerolog: could not write event: write experiment-output/0001/slave-018/client-105.log: file already closed
zerolog: could not write event: write experiment-output/0001/slave-018/client-105.log: file already closed
zerolog: could not write event: write experiment-output/0001/slave-018/client-105.log: file already closed
zerolog: could not write event: write experiment-output/0001/slave-018/client-105.log: file already closed
zerolog: could not write event: write experiment-output/0001/slave-018/client-105.log: file already closed
zerolog: could not write event: write experiment-output/0001/slave-018/client-105.log: file already closed
09:45:36.625 INF Trace data written.
09:45:36.626 INF Trace data written.
09:45:36.636 INF Stopping Tracer. events=4268 fileName=experiment-output/0001/slave-018/client-176.trc
zerolog: could not write event: write experiment-output/0001/slave-018/client-176.log: file already closed
zerolog: could not write event: write experiment-output/0001/slave-018/client-176.log: file already closed
zerolog: could not write event: write experiment-output/0001/slave-018/client-176.log: file already closed
zerolog: could not write event: write experiment-output/0001/slave-018/client-176.log: file already closed
zerolog: could not write event: write experiment-output/0001/slave-018/client-176.log: file already closed
zerolog: could not write event: write experiment-output/0001/slave-018/client-176.log: file already closed
zerolog: could not write event: write experiment-output/0001/slave-018/client-176.log: file already closed
zerolog: could not write event: write experiment-output/0001/slave-018/client-176.log: file already closed
zerolog: could not write event: write experiment-output/0001/slave-018/client-176.log: file already closed
zerolog: could not write event: write experiment-output/0001/slave-018/client-176.log: file already closed
zerolog: could not write event: write experiment-output/0001/slave-018/client-176.log: file already closed
zerolog: could not write event: write experiment-output/0001/slave-018/client-176.log: file already closed
zerolog: could not write event: write experiment-output/0001/slave-018/client-176.log: file already closed
zerolog: could not write event: write experiment-output/0001/slave-018/client-176.log: file already closed
zerolog: could not write event: write experiment-output/0001/slave-018/client-176.log: file already closed
zerolog: could not write event: write experiment-output/0001/slave-018/client-176.log: file already closed
09:45:36.640 INF Stopping Tracer. events=2814 fileName=experiment-output/0001/slave-018/client-101.trc
zerolog: could not write event: write experiment-output/0001/slave-018/client-101.log: file already closed
zerolog: could not write event: write experiment-output/0001/slave-018/client-101.log: file already closed
zerolog: could not write event: write experiment-output/0001/slave-018/client-101.log: file already closed
zerolog: could not write event: write experiment-output/0001/slave-018/client-101.log: file already closed
zerolog: could not write event: write experiment-output/0001/slave-018/client-101.log: file already closed
zerolog: could not write event: write experiment-output/0001/slave-018/client-101.log: file already closed
zerolog: could not write event: write experiment-output/0001/slave-018/client-101.log: file already closed
zerolog: could not write event: write experiment-output/0001/slave-018/client-101.log: file already closed
zerolog: could not write event: write experiment-output/0001/slave-018/client-101.log: file already closed
zerolog: could not write event: write experiment-output/0001/slave-018/client-101.log: file already closed
zerolog: could not write event: write experiment-output/0001/slave-018/client-101.log: file already closed
zerolog: could not write event: write experiment-output/0001/slave-018/client-101.log: file already closed
zerolog: could not write event: write experiment-output/0001/slave-018/client-101.log: file already closed
zerolog: could not write event: write experiment-output/0001/slave-018/client-101.log: file already closed
zerolog: could not write event: write experiment-output/0001/slave-018/client-101.log: file already closed
zerolog: could not write event: write experiment-output/0001/slave-018/client-101.log: file already closed
09:45:36.644 INF Trace data written.
09:45:36.646 INF Trace data written.
09:45:36.650 INF Stopping Tracer. events=2813 fileName=experiment-output/0001/slave-018/client-171.trc
zerolog: could not write event: write experiment-output/0001/slave-018/client-171.log: file already closed
zerolog: could not write event: write experiment-output/0001/slave-018/client-171.log: file already closed
09:45:36.651 INF Stopping Tracer. events=4141 fileName=experiment-output/0001/slave-018/client-008.trc
zerolog: could not write event: write experiment-output/0001/slave-018/client-171.log: file already closed
zerolog: could not write event: write experiment-output/0001/slave-018/client-171.log: file already closed
zerolog: could not write event: write experiment-output/0001/slave-018/client-171.log: file already closed
zerolog: could not write event: write experiment-output/0001/slave-018/client-171.log: file already closed
zerolog: could not write event: write experiment-output/0001/slave-018/client-171.log: file already closed
zerolog: could not write event: write experiment-output/0001/slave-018/client-171.log: file already closed
zerolog: could not write event: write experiment-output/0001/slave-018/client-171.log: file already closed
zerolog: could not write event: write experiment-output/0001/slave-018/client-171.log: file already closed
zerolog: could not write event: write experiment-output/0001/slave-018/client-171.log: file already closed
zerolog: could not write event: write experiment-output/0001/slave-018/client-171.log: file already closed
zerolog: could not write event: write experiment-output/0001/slave-018/client-171.log: file already closed
zerolog: could not write event: write experiment-output/0001/slave-018/client-171.log: file already closed
zerolog: could not write event: write experiment-output/0001/slave-018/client-171.log: file already closed
zerolog: could not write event: write experiment-output/0001/slave-018/client-171.log: file already closed
zerolog: could not write event: write experiment-output/0001/slave-018/client-008.log: file already closed
zerolog: could not write event: write experiment-output/0001/slave-018/client-008.log: file already closed
zerolog: could not write event: write experiment-output/0001/slave-018/client-008.log: file already closed
zerolog: could not write event: write experiment-output/0001/slave-018/client-008.log: file already closed
zerolog: could not write event: write experiment-output/0001/slave-018/client-008.log: file already closed
zerolog: could not write event: write experiment-output/0001/slave-018/client-008.log: file already closed
zerolog: could not write event: write experiment-output/0001/slave-018/client-008.log: file already closed
zerolog: could not write event: write experiment-output/0001/slave-018/client-008.log: file already closed
zerolog: could not write event: write experiment-output/0001/slave-018/client-008.log: file already closed
zerolog: could not write event: write experiment-output/0001/slave-018/client-008.log: file already closed
zerolog: could not write event: write experiment-output/0001/slave-018/client-008.log: file already closed
zerolog: could not write event: write experiment-output/0001/slave-018/client-008.log: file already closed
zerolog: could not write event: write experiment-output/0001/slave-018/client-008.log: file already closed
zerolog: could not write event: write experiment-output/0001/slave-018/client-008.log: file already closed
zerolog: could not write event: write experiment-output/0001/slave-018/client-008.log: file already closed
zerolog: could not write event: write experiment-output/0001/slave-018/client-008.log: file already closed
09:45:36.652 INF Stopping Tracer. events=4140 fileName=experiment-output/0001/slave-018/client-048.trc
zerolog: could not write event: write experiment-output/0001/slave-018/client-048.log: file already closed
zerolog: could not write event: write experiment-output/0001/slave-018/client-048.log: file already closed
zerolog: could not write event: write experiment-output/0001/slave-018/client-048.log: file already closed
zerolog: could not write event: write experiment-output/0001/slave-018/client-048.log: file already closed
zerolog: could not write event: write experiment-output/0001/slave-018/client-048.log: file already closed
zerolog: could not write event: write experiment-output/0001/slave-018/client-048.log: file already closed
zerolog: could not write event: write experiment-output/0001/slave-018/client-048.log: file already closed
zerolog: could not write event: write experiment-output/0001/slave-018/client-048.log: file already closed
zerolog: could not write event: write experiment-output/0001/slave-018/client-048.log: file already closed
zerolog: could not write event: write experiment-output/0001/slave-018/client-048.log: file already closed
zerolog: could not write event: write experiment-output/0001/slave-018/client-048.log: file already closed
zerolog: could not write event: write experiment-output/0001/slave-018/client-048.log: file already closed
zerolog: could not write event: write experiment-output/0001/slave-018/client-048.log: file already closed
zerolog: could not write event: write experiment-output/0001/slave-018/client-048.log: file already closed
zerolog: could not write event: write experiment-output/0001/slave-018/client-048.log: file already closed
zerolog: could not write event: write experiment-output/0001/slave-018/client-048.log: file already closed
09:45:36.653 INF Stopping Tracer. events=4301 fileName=experiment-output/0001/slave-018/client-056.trc
zerolog: could not write event: write experiment-output/0001/slave-018/client-056.log: file already closed
zerolog: could not write event: write experiment-output/0001/slave-018/client-056.log: file already closed
zerolog: could not write event: write experiment-output/0001/slave-018/client-056.log: file already closed
zerolog: could not write event: write experiment-output/0001/slave-018/client-056.log: file already closed
zerolog: could not write event: write experiment-output/0001/slave-018/client-056.log: file already closed
zerolog: could not write event: write experiment-output/0001/slave-018/client-056.log: file already closed
zerolog: could not write event: write experiment-output/0001/slave-018/client-056.log: file already closed
zerolog: could not write event: write experiment-output/0001/slave-018/client-056.log: file already closed
zerolog: could not write event: write experiment-output/0001/slave-018/client-056.log: file already closed
zerolog: could not write event: write experiment-output/0001/slave-018/client-056.log: file already closed
zerolog: could not write event: write experiment-output/0001/slave-018/client-056.log: file already closed
zerolog: could not write event: write experiment-output/0001/slave-018/client-056.log: file already closed
zerolog: could not write event: write experiment-output/0001/slave-018/client-056.log: file already closed
zerolog: could not write event: write experiment-output/0001/slave-018/client-056.log: file already closed
zerolog: could not write event: write experiment-output/0001/slave-018/client-056.log: file already closed
zerolog: could not write event: write experiment-output/0001/slave-018/client-056.log: file already closed
09:45:36.656 INF Trace data written.
09:45:36.659 INF Trace data written.
09:45:36.661 INF Trace data written.
09:45:36.662 INF Trace data written.
09:45:36.663 INF Done.
09:45:36.663 INF Stopping profiler.
09:45:36.676 INF Profile data written. filename=experiment-output/0001/slave-018/prof-client.mutex name=mutex
09:45:36.828 INF Profile data written. filename=experiment-output/0001/slave-018/prof-client.cpu name=cpu
09:45:36.838 INF Profile data written. filename=experiment-output/0001/slave-018/prof-client.block name=block
