{"level":"debug","Logging":"info","time":"2023-03-24T03:13:58Z","message":"Config"}
{"level":"debug","UseTLS":false,"time":"2023-03-24T03:13:58Z","message":"Config"}
{"level":"debug","CACertFile":"tls-data/ca.pem","time":"2023-03-24T03:13:58Z","message":"Config"}
{"level":"debug","KeyFile":"tls-data/auth.key","time":"2023-03-24T03:13:58Z","message":"Config"}
{"level":"debug","CertFile":"tls-data/auth.pem","time":"2023-03-24T03:13:58Z","message":"Config"}
{"level":"debug","PriorityConnections":2,"time":"2023-03-24T03:13:58Z","message":"Config"}
{"level":"debug","BasicConnections":1,"time":"2023-03-24T03:13:58Z","message":"Config"}
{"level":"debug","TestConnections":false,"time":"2023-03-24T03:13:58Z","message":"Config"}
{"level":"debug","ExcessConnections":1,"time":"2023-03-24T03:13:58Z","message":"Config"}
{"level":"debug","ConnectionTestMsgs":4,"time":"2023-03-24T03:13:58Z","message":"Config"}
{"level":"debug","ConnectionTestPayload":131072,"time":"2023-03-24T03:13:58Z","message":"Config"}
{"level":"debug","OutMessageBufsize":1024,"time":"2023-03-24T03:13:58Z","message":"Config"}
{"level":"debug","OutMessageBufsize":4,"time":"2023-03-24T03:13:58Z","message":"Config"}
{"level":"debug","ThroughputCap":131072000,"time":"2023-03-24T03:13:58Z","message":"Config"}
{"level":"debug","StragglerTolerance":1000,"time":"2023-03-24T03:13:58Z","message":"Config"}
{"level":"debug","BatchSizeIncrement":256,"time":"2023-03-24T03:13:58Z","message":"Config"}
{"level":"debug","Orderer":"Pbft","time":"2023-03-24T03:13:58Z","message":"Config"}
{"level":"debug","Manager":"Mir","time":"2023-03-24T03:13:58Z","message":"Config"}
{"level":"debug","Failures":0,"time":"2023-03-24T03:13:58Z","message":"Config"}
{"level":"debug","StragglerCnt":1,"time":"2023-03-24T03:13:58Z","message":"Config"}
{"level":"debug","PrivKeyCnt":10,"time":"2023-03-24T03:13:58Z","message":"Config"}
{"level":"debug","UseSig":false,"time":"2023-03-24T03:13:58Z","message":"Config"}
{"level":"debug","CrashTiming":"Straggler","time":"2023-03-24T03:13:58Z","message":"Config"}
{"level":"debug","CheckpointInterval":512,"time":"2023-03-24T03:13:58Z","message":"Config"}
{"level":"debug","WatermarkWindowSize":512,"time":"2023-03-24T03:13:58Z","message":"Config"}
{"level":"debug","EpochLength":512,"time":"2023-03-24T03:13:58Z","message":"Config"}
{"level":"debug","SegmentLength":32,"time":"2023-03-24T03:13:58Z","message":"Config"}
{"level":"debug","WaitForCheckpoints":true,"time":"2023-03-24T03:13:58Z","message":"Config"}
{"level":"debug","ClientWatermarkWindowSize":16384,"time":"2023-03-24T03:13:58Z","message":"Config"}
{"level":"debug","ClientRequestBacklogSize":16384,"time":"2023-03-24T03:13:58Z","message":"Config"}
{"level":"debug","RandomSeed":21955,"time":"2023-03-24T03:13:58Z","message":"Config"}
{"level":"debug","NodeToLeaderRatio":1,"time":"2023-03-24T03:13:58Z","message":"Config"}
{"level":"debug","LeaderPolicy":"Simple","time":"2023-03-24T03:13:58Z","message":"Config"}
{"level":"debug","DefaultLeaderBan":2,"time":"2023-03-24T03:13:58Z","message":"Config"}
{"level":"debug","NumBuckets":256,"time":"2023-03-24T03:13:58Z","message":"Config"}
{"level":"debug","BatchSize":2500,"time":"2023-03-24T03:13:58Z","message":"Config"}
{"level":"debug","DisabledViewChange":false,"time":"2023-03-24T03:13:58Z","message":"Config"}
{"level":"debug","ViewChangeTimeout":60000,"time":"2023-03-24T03:13:58Z","message":"Config"}
{"level":"debug","ClientTraceSampling":10,"time":"2023-03-24T03:13:58Z","message":"Config"}
{"level":"debug","EventBufferSize":2097152,"time":"2023-03-24T03:13:58Z","message":"Config"}
{"level":"debug","TraceSampling":1,"time":"2023-03-24T03:13:58Z","message":"Config"}
{"level":"debug","ClientsPerProcess":8,"time":"2023-03-24T03:13:58Z","message":"Config"}
{"level":"debug","RequestsPerClient":5859,"time":"2023-03-24T03:13:58Z","message":"Config"}
{"level":"debug","ClientRunTime":15000,"time":"2023-03-24T03:13:58Z","message":"Config"}
{"level":"debug","RequestRate":195,"time":"2023-03-24T03:13:58Z","message":"Config"}
{"level":"debug","HardRequestRateLimit":false,"time":"2023-03-24T03:13:58Z","message":"Config"}
{"level":"debug","RequestPayloadSize":500,"time":"2023-03-24T03:13:58Z","message":"Config"}
{"level":"debug","SignRequests":true,"time":"2023-03-24T03:13:58Z","message":"Config"}
{"level":"debug","ClientPrivKeyFile":"tls-data/client-ecdsa-256.key","time":"2023-03-24T03:13:58Z","message":"Config"}
{"level":"debug","ClientPubKeyFile":"tls-data/client-ecdsa-256.pem","time":"2023-03-24T03:13:58Z","message":"Config"}
{"level":"debug","PrecomputeRequests":false,"time":"2023-03-24T03:13:58Z","message":"Config"}
{"level":"debug","RequestHandlerThreads":32,"time":"2023-03-24T03:13:58Z","message":"Config"}
{"level":"debug","RequestInputChannelBuffer":8192,"time":"2023-03-24T03:13:58Z","message":"Config"}
{"level":"debug","BatchVerifier":"external","time":"2023-03-24T03:13:58Z","message":"Config"}
03:13:58.607 INF Started Profiler: CPU
03:13:58.607 INF Started Profiler: BLOCK
03:13:58.607 INF Started Profiler: MUTEX
03:13:58.607 INF Starting clients. numClients=8 numRequests=5859
03:13:58.607 INF Initilizing clients.
03:13:58.613 INF Registared with discovery server. numOrderers=16 ownClientId=8
03:13:58.613 INF Registared with discovery server. numOrderers=16 ownClientId=10
03:13:58.613 INF Registared with discovery server. numOrderers=16 ownClientId=15
03:13:58.614 INF Registared with discovery server. numOrderers=16 ownClientId=28
03:13:58.614 INF Registared with discovery server. numOrderers=16 ownClientId=42
03:13:58.615 INF Registared with discovery server. numOrderers=16 ownClientId=52
03:13:58.616 INF Registared with discovery server. numOrderers=16 ownClientId=60
03:13:58.616 INF Registared with discovery server. numOrderers=16 ownClientId=62
03:13:58.616 INF Clients initialized.
03:13:58.616 INF Launching clients.
03:13:58.616 INF Waiting for clients.
03:14:46.604 INF Stopping Tracer. events=1862 fileName=experiment-output/0001/slave-001/client-060.trc
zerolog: could not write event: write experiment-output/0001/slave-001/client-060.log: file already closed
zerolog: could not write event: write experiment-output/0001/slave-001/client-060.log: file already closed
zerolog: could not write event: write experiment-output/0001/slave-001/client-060.log: file already closed
zerolog: could not write event: write experiment-output/0001/slave-001/client-060.log: file already closed
03:14:46.607 INF Trace data written.
03:14:46.619 INF Stopping Tracer. events=1574 fileName=experiment-output/0001/slave-001/client-062.trc
zerolog: could not write event: write experiment-output/0001/slave-001/client-062.log: file already closed
zerolog: could not write event: write experiment-output/0001/slave-001/client-062.log: file already closed
zerolog: could not write event: write experiment-output/0001/slave-001/client-062.log: file already closed
zerolog: could not write event: write experiment-output/0001/slave-001/client-062.log: file already closed
03:14:46.622 INF Trace data written.
03:14:46.631 INF Stopping Tracer. events=1685 fileName=experiment-output/0001/slave-001/client-042.trc
zerolog: could not write event: write experiment-output/0001/slave-001/client-042.log: file already closed
zerolog: could not write event: write experiment-output/0001/slave-001/client-042.log: file already closed
zerolog: could not write event: write experiment-output/0001/slave-001/client-042.log: file already closed
zerolog: could not write event: write experiment-output/0001/slave-001/client-042.log: file already closed
03:14:46.635 INF Trace data written.
03:14:46.635 INF Stopping Tracer. events=1686 fileName=experiment-output/0001/slave-001/client-052.trc
zerolog: could not write event: write experiment-output/0001/slave-001/client-052.log: file already closed
zerolog: could not write event: write experiment-output/0001/slave-001/client-052.log: file already closed
zerolog: could not write event: write experiment-output/0001/slave-001/client-052.log: file already closed
zerolog: could not write event: write experiment-output/0001/slave-001/client-052.log: file already closed
03:14:46.638 INF Trace data written.
zerolog: could not write event: write experiment-output/0001/slave-001/client-060.log: file already closed
zerolog: could not write event: write experiment-output/0001/slave-001/client-060.log: file already closed
zerolog: could not write event: write experiment-output/0001/slave-001/client-060.log: file already closed
zerolog: could not write event: write experiment-output/0001/slave-001/client-060.log: file already closed
zerolog: could not write event: write experiment-output/0001/slave-001/client-062.log: file already closed
zerolog: could not write event: write experiment-output/0001/slave-001/client-062.log: file already closed
zerolog: could not write event: write experiment-output/0001/slave-001/client-062.log: file already closed
zerolog: could not write event: write experiment-output/0001/slave-001/client-062.log: file already closed
zerolog: could not write event: write experiment-output/0001/slave-001/client-042.log: file already closed
zerolog: could not write event: write experiment-output/0001/slave-001/client-042.log: file already closed
zerolog: could not write event: write experiment-output/0001/slave-001/client-042.log: file already closed
zerolog: could not write event: write experiment-output/0001/slave-001/client-042.log: file already closed
zerolog: could not write event: write experiment-output/0001/slave-001/client-052.log: file already closed
zerolog: could not write event: write experiment-output/0001/slave-001/client-052.log: file already closed
zerolog: could not write event: write experiment-output/0001/slave-001/client-052.log: file already closed
zerolog: could not write event: write experiment-output/0001/slave-001/client-052.log: file already closed
zerolog: could not write event: write experiment-output/0001/slave-001/client-060.log: file already closed
zerolog: could not write event: write experiment-output/0001/slave-001/client-060.log: file already closed
zerolog: could not write event: write experiment-output/0001/slave-001/client-060.log: file already closed
zerolog: could not write event: write experiment-output/0001/slave-001/client-060.log: file already closed
zerolog: could not write event: write experiment-output/0001/slave-001/client-062.log: file already closed
zerolog: could not write event: write experiment-output/0001/slave-001/client-062.log: file already closed
zerolog: could not write event: write experiment-output/0001/slave-001/client-062.log: file already closed
zerolog: could not write event: write experiment-output/0001/slave-001/client-062.log: file already closed
zerolog: could not write event: write experiment-output/0001/slave-001/client-042.log: file already closed
zerolog: could not write event: write experiment-output/0001/slave-001/client-042.log: file already closed
zerolog: could not write event: write experiment-output/0001/slave-001/client-042.log: file already closed
zerolog: could not write event: write experiment-output/0001/slave-001/client-042.log: file already closed
zerolog: could not write event: write experiment-output/0001/slave-001/client-052.log: file already closed
zerolog: could not write event: write experiment-output/0001/slave-001/client-052.log: file already closed
zerolog: could not write event: write experiment-output/0001/slave-001/client-052.log: file already closed
zerolog: could not write event: write experiment-output/0001/slave-001/client-052.log: file already closed
zerolog: could not write event: write experiment-output/0001/slave-001/client-060.log: file already closed
zerolog: could not write event: write experiment-output/0001/slave-001/client-060.log: file already closed
zerolog: could not write event: write experiment-output/0001/slave-001/client-060.log: file already closed
zerolog: could not write event: write experiment-output/0001/slave-001/client-060.log: file already closed
zerolog: could not write event: write experiment-output/0001/slave-001/client-062.log: file already closed
zerolog: could not write event: write experiment-output/0001/slave-001/client-062.log: file already closed
zerolog: could not write event: write experiment-output/0001/slave-001/client-062.log: file already closed
zerolog: could not write event: write experiment-output/0001/slave-001/client-062.log: file already closed
zerolog: could not write event: write experiment-output/0001/slave-001/client-042.log: file already closed
zerolog: could not write event: write experiment-output/0001/slave-001/client-042.log: file already closed
zerolog: could not write event: write experiment-output/0001/slave-001/client-042.log: file already closed
zerolog: could not write event: write experiment-output/0001/slave-001/client-042.log: file already closed
zerolog: could not write event: write experiment-output/0001/slave-001/client-052.log: file already closed
zerolog: could not write event: write experiment-output/0001/slave-001/client-052.log: file already closed
zerolog: could not write event: write experiment-output/0001/slave-001/client-052.log: file already closed
zerolog: could not write event: write experiment-output/0001/slave-001/client-052.log: file already closed
03:14:51.627 INF Stopping Tracer. events=1767 fileName=experiment-output/0001/slave-001/client-010.trc
zerolog: could not write event: write experiment-output/0001/slave-001/client-010.log: file already closed
zerolog: could not write event: write experiment-output/0001/slave-001/client-010.log: file already closed
zerolog: could not write event: write experiment-output/0001/slave-001/client-010.log: file already closed
zerolog: could not write event: write experiment-output/0001/slave-001/client-010.log: file already closed
03:14:51.630 INF Trace data written.
03:14:51.631 INF Stopping Tracer. events=1191 fileName=experiment-output/0001/slave-001/client-015.trc
zerolog: could not write event: write experiment-output/0001/slave-001/client-015.log: file already closed
zerolog: could not write event: write experiment-output/0001/slave-001/client-015.log: file already closed
zerolog: could not write event: write experiment-output/0001/slave-001/client-015.log: file already closed
zerolog: could not write event: write experiment-output/0001/slave-001/client-015.log: file already closed
03:14:51.633 INF Trace data written.
03:14:51.638 INF Stopping Tracer. events=1708 fileName=experiment-output/0001/slave-001/client-008.trc
03:14:51.638 INF Stopping Tracer. events=1718 fileName=experiment-output/0001/slave-001/client-028.trc
zerolog: could not write event: write experiment-output/0001/slave-001/client-008.log: file already closed
zerolog: could not write event: write experiment-output/0001/slave-001/client-008.log: file already closed
zerolog: could not write event: write experiment-output/0001/slave-001/client-008.log: file already closed
zerolog: could not write event: write experiment-output/0001/slave-001/client-008.log: file already closed
zerolog: could not write event: write experiment-output/0001/slave-001/client-028.log: file already closed
zerolog: could not write event: write experiment-output/0001/slave-001/client-028.log: file already closed
zerolog: could not write event: write experiment-output/0001/slave-001/client-028.log: file already closed
zerolog: could not write event: write experiment-output/0001/slave-001/client-028.log: file already closed
03:14:51.641 INF Trace data written.
03:14:51.641 INF Trace data written.
03:14:51.641 INF Done.
03:14:51.642 INF Stopping profiler.
03:14:51.663 INF Profile data written. filename=experiment-output/0001/slave-001/prof-client.mutex name=mutex
zerolog: could not write event: write experiment-output/0001/slave-001/client-010.log: file already closed
zerolog: could not write event: write experiment-output/0001/slave-001/client-010.log: file already closed
zerolog: could not write event: write experiment-output/0001/slave-001/client-010.log: file already closed
zerolog: could not write event: write experiment-output/0001/slave-001/client-010.log: file already closed
zerolog: could not write event: write experiment-output/0001/slave-001/client-015.log: file already closed
zerolog: could not write event: write experiment-output/0001/slave-001/client-015.log: file already closed
zerolog: could not write event: write experiment-output/0001/slave-001/client-015.log: file already closed
zerolog: could not write event: write experiment-output/0001/slave-001/client-015.log: file already closed
zerolog: could not write event: write experiment-output/0001/slave-001/client-028.log: file already closed
zerolog: could not write event: write experiment-output/0001/slave-001/client-008.log: file already closed
zerolog: could not write event: write experiment-output/0001/slave-001/client-028.log: file already closed
zerolog: could not write event: write experiment-output/0001/slave-001/client-028.log: file already closed
zerolog: could not write event: write experiment-output/0001/slave-001/client-008.log: file already closed
zerolog: could not write event: write experiment-output/0001/slave-001/client-008.log: file already closed
zerolog: could not write event: write experiment-output/0001/slave-001/client-028.log: file already closed
zerolog: could not write event: write experiment-output/0001/slave-001/client-008.log: file already closed
zerolog: could not write event: write experiment-output/0001/slave-001/client-010.log: file already closed
zerolog: could not write event: write experiment-output/0001/slave-001/client-010.log: file already closed
zerolog: could not write event: write experiment-output/0001/slave-001/client-010.log: file already closed
zerolog: could not write event: write experiment-output/0001/slave-001/client-010.log: file already closed
zerolog: could not write event: write experiment-output/0001/slave-001/client-015.log: file already closed
zerolog: could not write event: write experiment-output/0001/slave-001/client-015.log: file already closed
zerolog: could not write event: write experiment-output/0001/slave-001/client-015.log: file already closed
zerolog: could not write event: write experiment-output/0001/slave-001/client-015.log: file already closed
zerolog: could not write event: write experiment-output/0001/slave-001/client-008.log: file already closed
zerolog: could not write event: write experiment-output/0001/slave-001/client-028.log: file already closed
zerolog: could not write event: write experiment-output/0001/slave-001/client-008.log: file already closed
zerolog: could not write event: write experiment-output/0001/slave-001/client-008.log: file already closed
zerolog: could not write event: write experiment-output/0001/slave-001/client-028.log: file already closed
zerolog: could not write event: write experiment-output/0001/slave-001/client-008.log: file already closed
zerolog: could not write event: write experiment-output/0001/slave-001/client-028.log: file already closed
zerolog: could not write event: write experiment-output/0001/slave-001/client-028.log: file already closed
zerolog: could not write event: write experiment-output/0001/slave-001/client-010.log: file already closed
zerolog: could not write event: write experiment-output/0001/slave-001/client-010.log: file already closed
zerolog: could not write event: write experiment-output/0001/slave-001/client-010.log: file already closed
zerolog: could not write event: write experiment-output/0001/slave-001/client-010.log: file already closed
zerolog: could not write event: write experiment-output/0001/slave-001/client-015.log: file already closed
zerolog: could not write event: write experiment-output/0001/slave-001/client-015.log: file already closed
zerolog: could not write event: write experiment-output/0001/slave-001/client-015.log: file already closed
zerolog: could not write event: write experiment-output/0001/slave-001/client-015.log: file already closed
zerolog: could not write event: write experiment-output/0001/slave-001/client-008.log: file already closed
zerolog: could not write event: write experiment-output/0001/slave-001/client-028.log: file already closed
zerolog: could not write event: write experiment-output/0001/slave-001/client-028.log: file already closed
zerolog: could not write event: write experiment-output/0001/slave-001/client-028.log: file already closed
zerolog: could not write event: write experiment-output/0001/slave-001/client-008.log: file already closed
zerolog: could not write event: write experiment-output/0001/slave-001/client-028.log: file already closed
zerolog: could not write event: write experiment-output/0001/slave-001/client-008.log: file already closed
zerolog: could not write event: write experiment-output/0001/slave-001/client-008.log: file already closed
03:14:51.847 INF Profile data written. filename=experiment-output/0001/slave-001/prof-client.cpu name=cpu
03:14:51.858 INF Profile data written. filename=experiment-output/0001/slave-001/prof-client.block name=block
