{"level":"debug","Logging":"info","time":"2023-03-30T03:07:46Z","message":"Config"}
{"level":"debug","UseTLS":false,"time":"2023-03-30T03:07:46Z","message":"Config"}
{"level":"debug","CACertFile":"tls-data/ca.pem","time":"2023-03-30T03:07:46Z","message":"Config"}
{"level":"debug","KeyFile":"tls-data/auth.key","time":"2023-03-30T03:07:46Z","message":"Config"}
{"level":"debug","CertFile":"tls-data/auth.pem","time":"2023-03-30T03:07:46Z","message":"Config"}
{"level":"debug","PriorityConnections":2,"time":"2023-03-30T03:07:46Z","message":"Config"}
{"level":"debug","BasicConnections":1,"time":"2023-03-30T03:07:46Z","message":"Config"}
{"level":"debug","TestConnections":false,"time":"2023-03-30T03:07:46Z","message":"Config"}
{"level":"debug","ExcessConnections":1,"time":"2023-03-30T03:07:46Z","message":"Config"}
{"level":"debug","ConnectionTestMsgs":4,"time":"2023-03-30T03:07:46Z","message":"Config"}
{"level":"debug","ConnectionTestPayload":131072,"time":"2023-03-30T03:07:46Z","message":"Config"}
{"level":"debug","OutMessageBufsize":1024,"time":"2023-03-30T03:07:46Z","message":"Config"}
{"level":"debug","OutMessageBufsize":4,"time":"2023-03-30T03:07:46Z","message":"Config"}
{"level":"debug","ThroughputCap":131072000,"time":"2023-03-30T03:07:46Z","message":"Config"}
{"level":"debug","StragglerTolerance":1000,"time":"2023-03-30T03:07:46Z","message":"Config"}
{"level":"debug","BatchSizeIncrement":256,"time":"2023-03-30T03:07:46Z","message":"Config"}
{"level":"debug","Orderer":"Pbft","time":"2023-03-30T03:07:46Z","message":"Config"}
{"level":"debug","Manager":"Mir","time":"2023-03-30T03:07:46Z","message":"Config"}
{"level":"debug","Failures":0,"time":"2023-03-30T03:07:46Z","message":"Config"}
{"level":"debug","StragglerCnt":0,"time":"2023-03-30T03:07:46Z","message":"Config"}
{"level":"debug","PrivKeyCnt":10,"time":"2023-03-30T03:07:46Z","message":"Config"}
{"level":"debug","UseSig":false,"time":"2023-03-30T03:07:46Z","message":"Config"}
{"level":"debug","CrashTiming":"Straggler","time":"2023-03-30T03:07:46Z","message":"Config"}
{"level":"debug","CheckpointInterval":1024,"time":"2023-03-30T03:07:46Z","message":"Config"}
{"level":"debug","WatermarkWindowSize":1024,"time":"2023-03-30T03:07:46Z","message":"Config"}
{"level":"debug","EpochLength":1024,"time":"2023-03-30T03:07:46Z","message":"Config"}
{"level":"debug","SegmentLength":64,"time":"2023-03-30T03:07:46Z","message":"Config"}
{"level":"debug","WaitForCheckpoints":true,"time":"2023-03-30T03:07:46Z","message":"Config"}
{"level":"debug","ClientWatermarkWindowSize":24576,"time":"2023-03-30T03:07:46Z","message":"Config"}
{"level":"debug","ClientRequestBacklogSize":24576,"time":"2023-03-30T03:07:46Z","message":"Config"}
{"level":"debug","RandomSeed":29003,"time":"2023-03-30T03:07:46Z","message":"Config"}
{"level":"debug","NodeToLeaderRatio":1,"time":"2023-03-30T03:07:46Z","message":"Config"}
{"level":"debug","LeaderPolicy":"Simple","time":"2023-03-30T03:07:46Z","message":"Config"}
{"level":"debug","DefaultLeaderBan":2,"time":"2023-03-30T03:07:46Z","message":"Config"}
{"level":"debug","NumBuckets":256,"time":"2023-03-30T03:07:46Z","message":"Config"}
{"level":"debug","BatchSize":1000,"time":"2023-03-30T03:07:46Z","message":"Config"}
{"level":"debug","DisabledViewChange":false,"time":"2023-03-30T03:07:46Z","message":"Config"}
{"level":"debug","ViewChangeTimeout":60000,"time":"2023-03-30T03:07:46Z","message":"Config"}
{"level":"debug","ClientTraceSampling":10,"time":"2023-03-30T03:07:46Z","message":"Config"}
{"level":"debug","EventBufferSize":2097152,"time":"2023-03-30T03:07:46Z","message":"Config"}
{"level":"debug","TraceSampling":1,"time":"2023-03-30T03:07:46Z","message":"Config"}
{"level":"debug","ClientsPerProcess":8,"time":"2023-03-30T03:07:46Z","message":"Config"}
{"level":"debug","RequestsPerClient":4687,"time":"2023-03-30T03:07:46Z","message":"Config"}
{"level":"debug","ClientRunTime":15000,"time":"2023-03-30T03:07:46Z","message":"Config"}
{"level":"debug","RequestRate":156,"time":"2023-03-30T03:07:46Z","message":"Config"}
{"level":"debug","HardRequestRateLimit":false,"time":"2023-03-30T03:07:46Z","message":"Config"}
{"level":"debug","RequestPayloadSize":500,"time":"2023-03-30T03:07:46Z","message":"Config"}
{"level":"debug","SignRequests":true,"time":"2023-03-30T03:07:46Z","message":"Config"}
{"level":"debug","ClientPrivKeyFile":"tls-data/client-ecdsa-256.key","time":"2023-03-30T03:07:46Z","message":"Config"}
{"level":"debug","ClientPubKeyFile":"tls-data/client-ecdsa-256.pem","time":"2023-03-30T03:07:46Z","message":"Config"}
{"level":"debug","PrecomputeRequests":false,"time":"2023-03-30T03:07:46Z","message":"Config"}
{"level":"debug","RequestHandlerThreads":32,"time":"2023-03-30T03:07:46Z","message":"Config"}
{"level":"debug","RequestInputChannelBuffer":8192,"time":"2023-03-30T03:07:46Z","message":"Config"}
{"level":"debug","BatchVerifier":"external","time":"2023-03-30T03:07:46Z","message":"Config"}
03:07:46.135 INF Started Profiler: CPU
03:07:46.135 INF Started Profiler: BLOCK
03:07:46.135 INF Started Profiler: MUTEX
03:07:46.135 INF Starting clients. numClients=8 numRequests=4687
03:07:46.135 INF Initilizing clients.
03:07:46.416 INF Registared with discovery server. numOrderers=16 ownClientId=67
03:07:46.417 INF Registared with discovery server. numOrderers=16 ownClientId=74
03:07:46.417 INF Registared with discovery server. numOrderers=16 ownClientId=94
03:07:46.418 INF Registared with discovery server. numOrderers=16 ownClientId=93
03:07:46.418 INF Registared with discovery server. numOrderers=16 ownClientId=97
03:07:46.418 INF Registared with discovery server. numOrderers=16 ownClientId=104
03:07:46.418 INF Registared with discovery server. numOrderers=16 ownClientId=106
03:07:46.418 INF Registared with discovery server. numOrderers=16 ownClientId=109
03:07:46.418 INF Clients initialized.
03:07:46.418 INF Launching clients.
03:07:46.418 INF Waiting for clients.
03:08:13.847 INF Stopping Tracer. events=1330 fileName=experiment-output/0000/slave-010/client-106.trc
zerolog: could not write event: write experiment-output/0000/slave-010/client-106.log: file already closed
zerolog: could not write event: write experiment-output/0000/slave-010/client-106.log: file already closed
zerolog: could not write event: write experiment-output/0000/slave-010/client-106.log: file already closed
zerolog: could not write event: write experiment-output/0000/slave-010/client-106.log: file already closed
03:08:13.850 INF Trace data written.
03:08:13.864 INF Stopping Tracer. events=1017 fileName=experiment-output/0000/slave-010/client-067.trc
zerolog: could not write event: write experiment-output/0000/slave-010/client-067.log: file already closed
zerolog: could not write event: write experiment-output/0000/slave-010/client-067.log: file already closed
zerolog: could not write event: write experiment-output/0000/slave-010/client-067.log: file already closed
zerolog: could not write event: write experiment-output/0000/slave-010/client-067.log: file already closed
03:08:13.866 INF Trace data written.
03:08:13.868 INF Stopping Tracer. events=1029 fileName=experiment-output/0000/slave-010/client-109.trc
zerolog: could not write event: write experiment-output/0000/slave-010/client-109.log: file already closed
zerolog: could not write event: write experiment-output/0000/slave-010/client-109.log: file already closed
zerolog: could not write event: write experiment-output/0000/slave-010/client-109.log: file already closed
zerolog: could not write event: write experiment-output/0000/slave-010/client-109.log: file already closed
03:08:13.870 INF Trace data written.
03:08:13.874 INF Stopping Tracer. events=1288 fileName=experiment-output/0000/slave-010/client-104.trc
03:08:13.874 INF Stopping Tracer. events=1029 fileName=experiment-output/0000/slave-010/client-093.trc
zerolog: could not write event: write experiment-output/0000/slave-010/client-104.log: file already closed
zerolog: could not write event: write experiment-output/0000/slave-010/client-104.log: file already closed
zerolog: could not write event: write experiment-output/0000/slave-010/client-104.log: file already closed
zerolog: could not write event: write experiment-output/0000/slave-010/client-104.log: file already closed
zerolog: could not write event: write experiment-output/0000/slave-010/client-093.log: file already closed
zerolog: could not write event: write experiment-output/0000/slave-010/client-093.log: file already closed
zerolog: could not write event: write experiment-output/0000/slave-010/client-093.log: file already closed
zerolog: could not write event: write experiment-output/0000/slave-010/client-093.log: file already closed
03:08:13.877 INF Trace data written.
03:08:13.878 INF Trace data written.
03:08:13.880 INF Stopping Tracer. events=1046 fileName=experiment-output/0000/slave-010/client-097.trc
03:08:13.880 INF Stopping Tracer. events=1294 fileName=experiment-output/0000/slave-010/client-094.trc
zerolog: could not write event: write experiment-output/0000/slave-010/client-094.log: file already closed
zerolog: could not write event: write experiment-output/0000/slave-010/client-094.log: file already closed
zerolog: could not write event: write experiment-output/0000/slave-010/client-097.log: file already closed
zerolog: could not write event: write experiment-output/0000/slave-010/client-097.log: file already closed
zerolog: could not write event: write experiment-output/0000/slave-010/client-097.log: file already closed
zerolog: could not write event: write experiment-output/0000/slave-010/client-094.log: file already closed
zerolog: could not write event: write experiment-output/0000/slave-010/client-097.log: file already closed
zerolog: could not write event: write experiment-output/0000/slave-010/client-094.log: file already closed
03:08:13.881 INF Stopping Tracer. events=1317 fileName=experiment-output/0000/slave-010/client-074.trc
zerolog: could not write event: write experiment-output/0000/slave-010/client-074.log: file already closed
zerolog: could not write event: write experiment-output/0000/slave-010/client-074.log: file already closed
zerolog: could not write event: write experiment-output/0000/slave-010/client-074.log: file already closed
zerolog: could not write event: write experiment-output/0000/slave-010/client-074.log: file already closed
03:08:13.883 INF Trace data written.
03:08:13.883 INF Trace data written.
03:08:13.884 INF Trace data written.
03:08:13.884 INF Done.
03:08:13.884 INF Stopping profiler.
03:08:13.906 INF Profile data written. filename=experiment-output/0000/slave-010/prof-client.block name=block
03:08:13.914 INF Profile data written. filename=experiment-output/0000/slave-010/prof-client.mutex name=mutex
zerolog: could not write event: write experiment-output/0000/slave-010/client-106.log: file already closed
zerolog: could not write event: write experiment-output/0000/slave-010/client-106.log: file already closed
zerolog: could not write event: write experiment-output/0000/slave-010/client-106.log: file already closed
zerolog: could not write event: write experiment-output/0000/slave-010/client-106.log: file already closed
zerolog: could not write event: write experiment-output/0000/slave-010/client-067.log: file already closed
zerolog: could not write event: write experiment-output/0000/slave-010/client-067.log: file already closed
zerolog: could not write event: write experiment-output/0000/slave-010/client-067.log: file already closed
zerolog: could not write event: write experiment-output/0000/slave-010/client-067.log: file already closed
zerolog: could not write event: write experiment-output/0000/slave-010/client-109.log: file already closed
zerolog: could not write event: write experiment-output/0000/slave-010/client-109.log: file already closed
zerolog: could not write event: write experiment-output/0000/slave-010/client-109.log: file already closed
zerolog: could not write event: write experiment-output/0000/slave-010/client-109.log: file already closed
zerolog: could not write event: write experiment-output/0000/slave-010/client-104.log: file already closed
zerolog: could not write event: write experiment-output/0000/slave-010/client-104.log: file already closed
zerolog: could not write event: write experiment-output/0000/slave-010/client-093.log: file already closed
zerolog: could not write event: write experiment-output/0000/slave-010/client-093.log: file already closed
zerolog: could not write event: write experiment-output/0000/slave-010/client-104.log: file already closed
zerolog: could not write event: write experiment-output/0000/slave-010/client-093.log: file already closed
zerolog: could not write event: write experiment-output/0000/slave-010/client-104.log: file already closed
zerolog: could not write event: write experiment-output/0000/slave-010/client-093.log: file already closed
zerolog: could not write event: write experiment-output/0000/slave-010/client-094.log: file already closed
zerolog: could not write event: write experiment-output/0000/slave-010/client-097.log: file already closed
zerolog: could not write event: write experiment-output/0000/slave-010/client-094.log: file already closed
zerolog: could not write event: write experiment-output/0000/slave-010/client-097.log: file already closed
zerolog: could not write event: write experiment-output/0000/slave-010/client-094.log: file already closed
zerolog: could not write event: write experiment-output/0000/slave-010/client-097.log: file already closed
zerolog: could not write event: write experiment-output/0000/slave-010/client-097.log: file already closed
zerolog: could not write event: write experiment-output/0000/slave-010/client-094.log: file already closed
zerolog: could not write event: write experiment-output/0000/slave-010/client-074.log: file already closed
zerolog: could not write event: write experiment-output/0000/slave-010/client-074.log: file already closed
zerolog: could not write event: write experiment-output/0000/slave-010/client-074.log: file already closed
zerolog: could not write event: write experiment-output/0000/slave-010/client-074.log: file already closed
03:08:14.055 INF Profile data written. filename=experiment-output/0000/slave-010/prof-client.cpu name=cpu
