{"level":"debug","Logging":"info","time":"2023-03-25T07:15:02Z","message":"Config"}
{"level":"debug","UseTLS":false,"time":"2023-03-25T07:15:02Z","message":"Config"}
{"level":"debug","CACertFile":"tls-data/ca.pem","time":"2023-03-25T07:15:02Z","message":"Config"}
{"level":"debug","KeyFile":"tls-data/auth.key","time":"2023-03-25T07:15:02Z","message":"Config"}
{"level":"debug","CertFile":"tls-data/auth.pem","time":"2023-03-25T07:15:02Z","message":"Config"}
{"level":"debug","PriorityConnections":2,"time":"2023-03-25T07:15:02Z","message":"Config"}
{"level":"debug","BasicConnections":1,"time":"2023-03-25T07:15:02Z","message":"Config"}
{"level":"debug","TestConnections":false,"time":"2023-03-25T07:15:02Z","message":"Config"}
{"level":"debug","ExcessConnections":1,"time":"2023-03-25T07:15:02Z","message":"Config"}
{"level":"debug","ConnectionTestMsgs":4,"time":"2023-03-25T07:15:02Z","message":"Config"}
{"level":"debug","ConnectionTestPayload":131072,"time":"2023-03-25T07:15:02Z","message":"Config"}
{"level":"debug","OutMessageBufsize":1024,"time":"2023-03-25T07:15:02Z","message":"Config"}
{"level":"debug","OutMessageBufsize":4,"time":"2023-03-25T07:15:02Z","message":"Config"}
{"level":"debug","ThroughputCap":131072000,"time":"2023-03-25T07:15:02Z","message":"Config"}
{"level":"debug","StragglerTolerance":1000,"time":"2023-03-25T07:15:02Z","message":"Config"}
{"level":"debug","BatchSizeIncrement":256,"time":"2023-03-25T07:15:02Z","message":"Config"}
{"level":"debug","Orderer":"Pbft","time":"2023-03-25T07:15:02Z","message":"Config"}
{"level":"debug","Manager":"Mir","time":"2023-03-25T07:15:02Z","message":"Config"}
{"level":"debug","Failures":0,"time":"2023-03-25T07:15:02Z","message":"Config"}
{"level":"debug","StragglerCnt":0,"time":"2023-03-25T07:15:02Z","message":"Config"}
{"level":"debug","PrivKeyCnt":10,"time":"2023-03-25T07:15:02Z","message":"Config"}
{"level":"debug","UseSig":false,"time":"2023-03-25T07:15:02Z","message":"Config"}
{"level":"debug","CrashTiming":"Straggler","time":"2023-03-25T07:15:02Z","message":"Config"}
{"level":"debug","CheckpointInterval":512,"time":"2023-03-25T07:15:02Z","message":"Config"}
{"level":"debug","WatermarkWindowSize":512,"time":"2023-03-25T07:15:02Z","message":"Config"}
{"level":"debug","EpochLength":512,"time":"2023-03-25T07:15:02Z","message":"Config"}
{"level":"debug","SegmentLength":32,"time":"2023-03-25T07:15:02Z","message":"Config"}
{"level":"debug","WaitForCheckpoints":true,"time":"2023-03-25T07:15:02Z","message":"Config"}
{"level":"debug","ClientWatermarkWindowSize":16384,"time":"2023-03-25T07:15:02Z","message":"Config"}
{"level":"debug","ClientRequestBacklogSize":16384,"time":"2023-03-25T07:15:02Z","message":"Config"}
{"level":"debug","RandomSeed":16331,"time":"2023-03-25T07:15:02Z","message":"Config"}
{"level":"debug","NodeToLeaderRatio":1,"time":"2023-03-25T07:15:02Z","message":"Config"}
{"level":"debug","LeaderPolicy":"Simple","time":"2023-03-25T07:15:02Z","message":"Config"}
{"level":"debug","DefaultLeaderBan":2,"time":"2023-03-25T07:15:02Z","message":"Config"}
{"level":"debug","NumBuckets":256,"time":"2023-03-25T07:15:02Z","message":"Config"}
{"level":"debug","BatchSize":2500,"time":"2023-03-25T07:15:02Z","message":"Config"}
{"level":"debug","DisabledViewChange":false,"time":"2023-03-25T07:15:02Z","message":"Config"}
{"level":"debug","ViewChangeTimeout":60000,"time":"2023-03-25T07:15:02Z","message":"Config"}
{"level":"debug","ClientTraceSampling":10,"time":"2023-03-25T07:15:02Z","message":"Config"}
{"level":"debug","EventBufferSize":2097152,"time":"2023-03-25T07:15:02Z","message":"Config"}
{"level":"debug","TraceSampling":1,"time":"2023-03-25T07:15:02Z","message":"Config"}
{"level":"debug","ClientsPerProcess":8,"time":"2023-03-25T07:15:02Z","message":"Config"}
{"level":"debug","RequestsPerClient":8203,"time":"2023-03-25T07:15:02Z","message":"Config"}
{"level":"debug","ClientRunTime":15000,"time":"2023-03-25T07:15:02Z","message":"Config"}
{"level":"debug","RequestRate":273,"time":"2023-03-25T07:15:02Z","message":"Config"}
{"level":"debug","HardRequestRateLimit":false,"time":"2023-03-25T07:15:02Z","message":"Config"}
{"level":"debug","RequestPayloadSize":500,"time":"2023-03-25T07:15:02Z","message":"Config"}
{"level":"debug","SignRequests":true,"time":"2023-03-25T07:15:02Z","message":"Config"}
{"level":"debug","ClientPrivKeyFile":"tls-data/client-ecdsa-256.key","time":"2023-03-25T07:15:02Z","message":"Config"}
{"level":"debug","ClientPubKeyFile":"tls-data/client-ecdsa-256.pem","time":"2023-03-25T07:15:02Z","message":"Config"}
{"level":"debug","PrecomputeRequests":false,"time":"2023-03-25T07:15:02Z","message":"Config"}
{"level":"debug","RequestHandlerThreads":32,"time":"2023-03-25T07:15:02Z","message":"Config"}
{"level":"debug","RequestInputChannelBuffer":8192,"time":"2023-03-25T07:15:02Z","message":"Config"}
{"level":"debug","BatchVerifier":"external","time":"2023-03-25T07:15:02Z","message":"Config"}
07:15:02.916 INF Started Profiler: CPU
07:15:02.916 INF Started Profiler: BLOCK
07:15:02.916 INF Started Profiler: MUTEX
07:15:02.916 INF Starting clients. numClients=8 numRequests=8203
07:15:02.916 INF Initilizing clients.
07:15:03.311 INF Registared with discovery server. numOrderers=16 ownClientId=128
07:15:03.311 INF Registared with discovery server. numOrderers=16 ownClientId=129
07:15:03.314 INF Registared with discovery server. numOrderers=16 ownClientId=140
07:15:03.314 INF Registared with discovery server. numOrderers=16 ownClientId=136
07:15:03.316 INF Registared with discovery server. numOrderers=16 ownClientId=154
07:15:03.318 INF Registared with discovery server. numOrderers=16 ownClientId=172
07:15:03.318 INF Registared with discovery server. numOrderers=16 ownClientId=171
07:15:03.319 INF Registared with discovery server. numOrderers=16 ownClientId=181
07:15:03.320 INF Clients initialized.
07:15:03.320 INF Launching clients.
07:15:03.320 INF Waiting for clients.
07:16:21.445 INF Stopping Tracer. events=1648 fileName=experiment-output/0004/slave-014/client-171.trc
zerolog: could not write event: write experiment-output/0004/slave-014/client-171.log: file already closed
zerolog: could not write event: write experiment-output/0004/slave-014/client-171.log: file already closed
zerolog: could not write event: write experiment-output/0004/slave-014/client-171.log: file already closed
zerolog: could not write event: write experiment-output/0004/slave-014/client-171.log: file already closed
07:16:21.448 INF Trace data written.
07:16:21.480 INF Stopping Tracer. events=2459 fileName=experiment-output/0004/slave-014/client-128.trc
zerolog: could not write event: write experiment-output/0004/slave-014/client-128.log: file already closed
zerolog: could not write event: write experiment-output/0004/slave-014/client-128.log: file already closed
zerolog: could not write event: write experiment-output/0004/slave-014/client-128.log: file already closed
zerolog: could not write event: write experiment-output/0004/slave-014/client-128.log: file already closed
07:16:21.480 INF Stopping Tracer. events=2442 fileName=experiment-output/0004/slave-014/client-154.trc
zerolog: could not write event: write experiment-output/0004/slave-014/client-154.log: file already closed
zerolog: could not write event: write experiment-output/0004/slave-014/client-154.log: file already closed
zerolog: could not write event: write experiment-output/0004/slave-014/client-154.log: file already closed
zerolog: could not write event: write experiment-output/0004/slave-014/client-154.log: file already closed
07:16:21.484 INF Trace data written.
07:16:21.485 INF Trace data written.
07:16:21.488 INF Stopping Tracer. events=1644 fileName=experiment-output/0004/slave-014/client-129.trc
07:16:21.488 INF Stopping Tracer. events=2552 fileName=experiment-output/0004/slave-014/client-140.trc
07:16:21.488 INF Stopping Tracer. events=2431 fileName=experiment-output/0004/slave-014/client-136.trc
07:16:21.488 INF Stopping Tracer. events=2398 fileName=experiment-output/0004/slave-014/client-172.trc
zerolog: could not write event: write experiment-output/0004/slave-014/client-140.log: file already closed
zerolog: could not write event: write experiment-output/0004/slave-014/client-140.log: file already closed
zerolog: could not write event: write experiment-output/0004/slave-014/client-136.log: file already closed
zerolog: could not write event: write experiment-output/0004/slave-014/client-136.log: file already closed
zerolog: could not write event: write experiment-output/0004/slave-014/client-140.log: file already closed
zerolog: could not write event: write experiment-output/0004/slave-014/client-129.log: file already closed
zerolog: could not write event: write experiment-output/0004/slave-014/client-129.log: file already closed
zerolog: could not write event: write experiment-output/0004/slave-014/client-129.log: file already closed
zerolog: could not write event: write experiment-output/0004/slave-014/client-129.log: file already closed
zerolog: could not write event: write experiment-output/0004/slave-014/client-140.log: file already closed
zerolog: could not write event: write experiment-output/0004/slave-014/client-172.log: file already closed
zerolog: could not write event: write experiment-output/0004/slave-014/client-172.log: file already closed
zerolog: could not write event: write experiment-output/0004/slave-014/client-136.log: file already closed
zerolog: could not write event: write experiment-output/0004/slave-014/client-136.log: file already closed
zerolog: could not write event: write experiment-output/0004/slave-014/client-172.log: file already closed
zerolog: could not write event: write experiment-output/0004/slave-014/client-172.log: file already closed
07:16:21.492 INF Trace data written.
07:16:21.493 INF Trace data written.
07:16:21.493 INF Trace data written.
07:16:21.493 INF Trace data written.
07:16:21.494 INF Stopping Tracer. events=1649 fileName=experiment-output/0004/slave-014/client-181.trc
zerolog: could not write event: write experiment-output/0004/slave-014/client-181.log: file already closed
zerolog: could not write event: write experiment-output/0004/slave-014/client-181.log: file already closed
zerolog: could not write event: write experiment-output/0004/slave-014/client-181.log: file already closed
zerolog: could not write event: write experiment-output/0004/slave-014/client-181.log: file already closed
07:16:21.496 INF Trace data written.
07:16:21.496 INF Done.
07:16:21.496 INF Stopping profiler.
07:16:21.521 INF Profile data written. filename=experiment-output/0004/slave-014/prof-client.block name=block
07:16:21.527 INF Profile data written. filename=experiment-output/0004/slave-014/prof-client.mutex name=mutex
zerolog: could not write event: write experiment-output/0004/slave-014/client-171.log: file already closed
zerolog: could not write event: write experiment-output/0004/slave-014/client-171.log: file already closed
zerolog: could not write event: write experiment-output/0004/slave-014/client-171.log: file already closed
zerolog: could not write event: write experiment-output/0004/slave-014/client-171.log: file already closed
zerolog: could not write event: write experiment-output/0004/slave-014/client-171.log: file already closed
zerolog: could not write event: write experiment-output/0004/slave-014/client-171.log: file already closed
zerolog: could not write event: write experiment-output/0004/slave-014/client-171.log: file already closed
zerolog: could not write event: write experiment-output/0004/slave-014/client-171.log: file already closed
zerolog: could not write event: write experiment-output/0004/slave-014/client-128.log: file already closed
zerolog: could not write event: write experiment-output/0004/slave-014/client-154.log: file already closed
zerolog: could not write event: write experiment-output/0004/slave-014/client-172.log: file already closed
zerolog: could not write event: write experiment-output/0004/slave-014/client-140.log: file already closed
zerolog: could not write event: write experiment-output/0004/slave-014/client-136.log: file already closed
zerolog: could not write event: write experiment-output/0004/slave-014/client-172.log: file already closed
zerolog: could not write event: write experiment-output/0004/slave-014/client-172.log: file already closed
zerolog: could not write event: write experiment-output/0004/slave-014/client-129.log: file already closed
zerolog: could not write event: write experiment-output/0004/slave-014/client-129.log: file already closed
zerolog: could not write event: write experiment-output/0004/slave-014/client-140.log: file already closed
zerolog: could not write event: write experiment-output/0004/slave-014/client-136.log: file already closed
zerolog: could not write event: write experiment-output/0004/slave-014/client-128.log: file already closed
zerolog: could not write event: write experiment-output/0004/slave-014/client-128.log: file already closed
zerolog: could not write event: write experiment-output/0004/slave-014/client-154.log: file already closed
zerolog: could not write event: write experiment-output/0004/slave-014/client-128.log: file already closed
zerolog: could not write event: write experiment-output/0004/slave-014/client-154.log: file already closed
zerolog: could not write event: write experiment-output/0004/slave-014/client-181.log: file already closed
zerolog: could not write event: write experiment-output/0004/slave-014/client-154.log: file already closed
zerolog: could not write event: write experiment-output/0004/slave-014/client-181.log: file already closed
zerolog: could not write event: write experiment-output/0004/slave-014/client-129.log: file already closed
zerolog: could not write event: write experiment-output/0004/slave-014/client-140.log: file already closed
zerolog: could not write event: write experiment-output/0004/slave-014/client-140.log: file already closed
zerolog: could not write event: write experiment-output/0004/slave-014/client-136.log: file already closed
zerolog: could not write event: write experiment-output/0004/slave-014/client-172.log: file already closed
zerolog: could not write event: write experiment-output/0004/slave-014/client-136.log: file already closed
zerolog: could not write event: write experiment-output/0004/slave-014/client-129.log: file already closed
zerolog: could not write event: write experiment-output/0004/slave-014/client-181.log: file already closed
zerolog: could not write event: write experiment-output/0004/slave-014/client-181.log: file already closed
zerolog: could not write event: write experiment-output/0004/slave-014/client-128.log: file already closed
zerolog: could not write event: write experiment-output/0004/slave-014/client-154.log: file already closed
zerolog: could not write event: write experiment-output/0004/slave-014/client-128.log: file already closed
zerolog: could not write event: write experiment-output/0004/slave-014/client-154.log: file already closed
zerolog: could not write event: write experiment-output/0004/slave-014/client-154.log: file already closed
zerolog: could not write event: write experiment-output/0004/slave-014/client-128.log: file already closed
zerolog: could not write event: write experiment-output/0004/slave-014/client-128.log: file already closed
zerolog: could not write event: write experiment-output/0004/slave-014/client-154.log: file already closed
zerolog: could not write event: write experiment-output/0004/slave-014/client-129.log: file already closed
zerolog: could not write event: write experiment-output/0004/slave-014/client-140.log: file already closed
zerolog: could not write event: write experiment-output/0004/slave-014/client-172.log: file already closed
zerolog: could not write event: write experiment-output/0004/slave-014/client-172.log: file already closed
zerolog: could not write event: write experiment-output/0004/slave-014/client-129.log: file already closed
zerolog: could not write event: write experiment-output/0004/slave-014/client-172.log: file already closed
zerolog: could not write event: write experiment-output/0004/slave-014/client-140.log: file already closed
zerolog: could not write event: write experiment-output/0004/slave-014/client-140.log: file already closed
zerolog: could not write event: write experiment-output/0004/slave-014/client-129.log: file already closed
zerolog: could not write event: write experiment-output/0004/slave-014/client-136.log: file already closed
zerolog: could not write event: write experiment-output/0004/slave-014/client-136.log: file already closed
zerolog: could not write event: write experiment-output/0004/slave-014/client-136.log: file already closed
zerolog: could not write event: write experiment-output/0004/slave-014/client-172.log: file already closed
zerolog: could not write event: write experiment-output/0004/slave-014/client-140.log: file already closed
zerolog: could not write event: write experiment-output/0004/slave-014/client-129.log: file already closed
zerolog: could not write event: write experiment-output/0004/slave-014/client-136.log: file already closed
zerolog: could not write event: write experiment-output/0004/slave-014/client-181.log: file already closed
zerolog: could not write event: write experiment-output/0004/slave-014/client-181.log: file already closed
zerolog: could not write event: write experiment-output/0004/slave-014/client-181.log: file already closed
zerolog: could not write event: write experiment-output/0004/slave-014/client-181.log: file already closed
zerolog: could not write event: write experiment-output/0004/slave-014/client-171.log: file already closed
zerolog: could not write event: write experiment-output/0004/slave-014/client-171.log: file already closed
zerolog: could not write event: write experiment-output/0004/slave-014/client-171.log: file already closed
zerolog: could not write event: write experiment-output/0004/slave-014/client-171.log: file already closed
07:16:21.690 INF Profile data written. filename=experiment-output/0004/slave-014/prof-client.cpu name=cpu
