{"level":"debug","Logging":"info","time":"2023-03-30T04:27:15Z","message":"Config"}
{"level":"debug","UseTLS":false,"time":"2023-03-30T04:27:15Z","message":"Config"}
{"level":"debug","CACertFile":"tls-data/ca.pem","time":"2023-03-30T04:27:15Z","message":"Config"}
{"level":"debug","KeyFile":"tls-data/auth.key","time":"2023-03-30T04:27:15Z","message":"Config"}
{"level":"debug","CertFile":"tls-data/auth.pem","time":"2023-03-30T04:27:15Z","message":"Config"}
{"level":"debug","PriorityConnections":2,"time":"2023-03-30T04:27:15Z","message":"Config"}
{"level":"debug","BasicConnections":1,"time":"2023-03-30T04:27:15Z","message":"Config"}
{"level":"debug","TestConnections":false,"time":"2023-03-30T04:27:15Z","message":"Config"}
{"level":"debug","ExcessConnections":1,"time":"2023-03-30T04:27:15Z","message":"Config"}
{"level":"debug","ConnectionTestMsgs":4,"time":"2023-03-30T04:27:15Z","message":"Config"}
{"level":"debug","ConnectionTestPayload":131072,"time":"2023-03-30T04:27:15Z","message":"Config"}
{"level":"debug","OutMessageBufsize":1024,"time":"2023-03-30T04:27:15Z","message":"Config"}
{"level":"debug","OutMessageBufsize":4,"time":"2023-03-30T04:27:15Z","message":"Config"}
{"level":"debug","ThroughputCap":131072000,"time":"2023-03-30T04:27:15Z","message":"Config"}
{"level":"debug","StragglerTolerance":1000,"time":"2023-03-30T04:27:15Z","message":"Config"}
{"level":"debug","BatchSizeIncrement":256,"time":"2023-03-30T04:27:15Z","message":"Config"}
{"level":"debug","Orderer":"Pbft","time":"2023-03-30T04:27:15Z","message":"Config"}
{"level":"debug","Manager":"Mir","time":"2023-03-30T04:27:15Z","message":"Config"}
{"level":"debug","Failures":0,"time":"2023-03-30T04:27:15Z","message":"Config"}
{"level":"debug","StragglerCnt":3,"time":"2023-03-30T04:27:15Z","message":"Config"}
{"level":"debug","CrashTiming":"Straggler","time":"2023-03-30T04:27:15Z","message":"Config"}
{"level":"debug","CheckpointInterval":512,"time":"2023-03-30T04:27:15Z","message":"Config"}
{"level":"debug","WatermarkWindowSize":512,"time":"2023-03-30T04:27:15Z","message":"Config"}
{"level":"debug","EpochLength":512,"time":"2023-03-30T04:27:15Z","message":"Config"}
{"level":"debug","SegmentLength":32,"time":"2023-03-30T04:27:15Z","message":"Config"}
{"level":"debug","WaitForCheckpoints":true,"time":"2023-03-30T04:27:15Z","message":"Config"}
{"level":"debug","ClientWatermarkWindowSize":16384,"time":"2023-03-30T04:27:15Z","message":"Config"}
{"level":"debug","ClientRequestBacklogSize":16384,"time":"2023-03-30T04:27:15Z","message":"Config"}
{"level":"debug","RandomSeed":10783,"time":"2023-03-30T04:27:15Z","message":"Config"}
{"level":"debug","NodeToLeaderRatio":1,"time":"2023-03-30T04:27:15Z","message":"Config"}
{"level":"debug","LeaderPolicy":"Simple","time":"2023-03-30T04:27:15Z","message":"Config"}
{"level":"debug","DefaultLeaderBan":2,"time":"2023-03-30T04:27:15Z","message":"Config"}
{"level":"debug","NumBuckets":256,"time":"2023-03-30T04:27:15Z","message":"Config"}
{"level":"debug","BatchSize":1000,"time":"2023-03-30T04:27:15Z","message":"Config"}
{"level":"debug","DisabledViewChange":false,"time":"2023-03-30T04:27:15Z","message":"Config"}
{"level":"debug","ViewChangeTimeout":60000,"time":"2023-03-30T04:27:15Z","message":"Config"}
{"level":"debug","ClientTraceSampling":10,"time":"2023-03-30T04:27:15Z","message":"Config"}
{"level":"debug","EventBufferSize":2097152,"time":"2023-03-30T04:27:15Z","message":"Config"}
{"level":"debug","TraceSampling":1,"time":"2023-03-30T04:27:15Z","message":"Config"}
{"level":"debug","ClientsPerProcess":8,"time":"2023-03-30T04:27:15Z","message":"Config"}
{"level":"debug","RequestsPerClient":5859,"time":"2023-03-30T04:27:15Z","message":"Config"}
{"level":"debug","ClientRunTime":15000,"time":"2023-03-30T04:27:15Z","message":"Config"}
{"level":"debug","RequestRate":195,"time":"2023-03-30T04:27:15Z","message":"Config"}
{"level":"debug","HardRequestRateLimit":false,"time":"2023-03-30T04:27:15Z","message":"Config"}
{"level":"debug","RequestPayloadSize":500,"time":"2023-03-30T04:27:15Z","message":"Config"}
{"level":"debug","SignRequests":true,"time":"2023-03-30T04:27:15Z","message":"Config"}
{"level":"debug","ClientPrivKeyFile":"tls-data/client-ecdsa-256.key","time":"2023-03-30T04:27:15Z","message":"Config"}
{"level":"debug","ClientPubKeyFile":"tls-data/client-ecdsa-256.pem","time":"2023-03-30T04:27:15Z","message":"Config"}
{"level":"debug","PrecomputeRequests":false,"time":"2023-03-30T04:27:15Z","message":"Config"}
{"level":"debug","RequestHandlerThreads":32,"time":"2023-03-30T04:27:15Z","message":"Config"}
{"level":"debug","RequestInputChannelBuffer":8192,"time":"2023-03-30T04:27:15Z","message":"Config"}
{"level":"debug","BatchVerifier":"external","time":"2023-03-30T04:27:15Z","message":"Config"}
04:27:15.308 INF Started Profiler: CPU
04:27:15.308 INF Started Profiler: BLOCK
04:27:15.308 INF Started Profiler: MUTEX
04:27:15.308 INF Starting clients. numClients=8 numRequests=5859
04:27:15.308 INF Initilizing clients.
04:27:15.589 INF Registared with discovery server. numOrderers=16 ownClientId=80
04:27:15.589 INF Registared with discovery server. numOrderers=16 ownClientId=95
04:27:15.589 INF Registared with discovery server. numOrderers=16 ownClientId=103
04:27:15.589 INF Registared with discovery server. numOrderers=16 ownClientId=98
04:27:15.589 INF Registared with discovery server. numOrderers=16 ownClientId=110
04:27:15.589 INF Registared with discovery server. numOrderers=16 ownClientId=106
04:27:15.589 INF Registared with discovery server. numOrderers=16 ownClientId=121
04:27:15.589 INF Registared with discovery server. numOrderers=16 ownClientId=109
04:27:15.589 INF Clients initialized.
04:27:15.589 INF Launching clients.
04:27:15.589 INF Waiting for clients.
04:33:43.244 INF Stopping Tracer. events=1753 fileName=experiment-output/0001/slave-012/client-098.trc
zerolog: could not write event: write experiment-output/0001/slave-012/client-098.log: file already closed
zerolog: could not write event: write experiment-output/0001/slave-012/client-098.log: file already closed
zerolog: could not write event: write experiment-output/0001/slave-012/client-098.log: file already closed
zerolog: could not write event: write experiment-output/0001/slave-012/client-098.log: file already closed
04:33:43.247 INF Trace data written.
04:33:43.252 INF Stopping Tracer. events=1797 fileName=experiment-output/0001/slave-012/client-110.trc
zerolog: could not write event: write experiment-output/0001/slave-012/client-110.log: file already closed
zerolog: could not write event: write experiment-output/0001/slave-012/client-110.log: file already closed
zerolog: could not write event: write experiment-output/0001/slave-012/client-110.log: file already closed
zerolog: could not write event: write experiment-output/0001/slave-012/client-110.log: file already closed
04:33:43.256 INF Trace data written.
04:33:43.259 INF Stopping Tracer. events=1733 fileName=experiment-output/0001/slave-012/client-106.trc
zerolog: could not write event: write experiment-output/0001/slave-012/client-106.log: file already closed
zerolog: could not write event: write experiment-output/0001/slave-012/client-106.log: file already closed
zerolog: could not write event: write experiment-output/0001/slave-012/client-106.log: file already closed
zerolog: could not write event: write experiment-output/0001/slave-012/client-106.log: file already closed
04:33:43.260 INF Stopping Tracer. events=1776 fileName=experiment-output/0001/slave-012/client-080.trc
zerolog: could not write event: write experiment-output/0001/slave-012/client-080.log: file already closed
zerolog: could not write event: write experiment-output/0001/slave-012/client-080.log: file already closed
zerolog: could not write event: write experiment-output/0001/slave-012/client-080.log: file already closed
zerolog: could not write event: write experiment-output/0001/slave-012/client-080.log: file already closed
04:33:43.263 INF Trace data written.
04:33:43.264 INF Trace data written.
04:33:43.264 INF Stopping Tracer. events=1173 fileName=experiment-output/0001/slave-012/client-121.trc
04:33:43.265 INF Stopping Tracer. events=1173 fileName=experiment-output/0001/slave-012/client-103.trc
04:33:43.265 INF Stopping Tracer. events=1173 fileName=experiment-output/0001/slave-012/client-095.trc
04:33:43.265 INF Stopping Tracer. events=1173 fileName=experiment-output/0001/slave-012/client-109.trc
zerolog: could not write event: write experiment-output/0001/slave-012/client-103.log: file already closed
zerolog: could not write event: write experiment-output/0001/slave-012/client-121.log: file already closed
zerolog: could not write event: write experiment-output/0001/slave-012/client-121.log: file already closed
zerolog: could not write event: write experiment-output/0001/slave-012/client-095.log: file already closed
zerolog: could not write event: write experiment-output/0001/slave-012/client-095.log: file already closed
zerolog: could not write event: write experiment-output/0001/slave-012/client-121.log: file already closed
zerolog: could not write event: write experiment-output/0001/slave-012/client-103.log: file already closed
zerolog: could not write event: write experiment-output/0001/slave-012/client-121.log: file already closed
zerolog: could not write event: write experiment-output/0001/slave-012/client-103.log: file already closed
zerolog: could not write event: write experiment-output/0001/slave-012/client-095.log: file already closed
zerolog: could not write event: write experiment-output/0001/slave-012/client-103.log: file already closed
zerolog: could not write event: write experiment-output/0001/slave-012/client-095.log: file already closed
zerolog: could not write event: write experiment-output/0001/slave-012/client-109.log: file already closed
zerolog: could not write event: write experiment-output/0001/slave-012/client-109.log: file already closed
zerolog: could not write event: write experiment-output/0001/slave-012/client-109.log: file already closed
zerolog: could not write event: write experiment-output/0001/slave-012/client-109.log: file already closed
04:33:43.268 INF Trace data written.
04:33:43.268 INF Trace data written.
04:33:43.268 INF Trace data written.
04:33:43.269 INF Trace data written.
04:33:43.269 INF Done.
04:33:43.269 INF Stopping profiler.
zerolog: could not write event: write experiment-output/0001/slave-012/client-098.log: file already closed
zerolog: could not write event: write experiment-output/0001/slave-012/client-098.log: file already closed
zerolog: could not write event: write experiment-output/0001/slave-012/client-098.log: file already closed
zerolog: could not write event: write experiment-output/0001/slave-012/client-098.log: file already closed
zerolog: could not write event: write experiment-output/0001/slave-012/client-110.log: file already closed
zerolog: could not write event: write experiment-output/0001/slave-012/client-110.log: file already closed
zerolog: could not write event: write experiment-output/0001/slave-012/client-110.log: file already closed
zerolog: could not write event: write experiment-output/0001/slave-012/client-110.log: file already closed
zerolog: could not write event: write experiment-output/0001/slave-012/client-106.log: file already closed
zerolog: could not write event: write experiment-output/0001/slave-012/client-106.log: file already closed
zerolog: could not write event: write experiment-output/0001/slave-012/client-106.log: file already closed
zerolog: could not write event: write experiment-output/0001/slave-012/client-106.log: file already closed
zerolog: could not write event: write experiment-output/0001/slave-012/client-080.log: file already closed
zerolog: could not write event: write experiment-output/0001/slave-012/client-080.log: file already closed
zerolog: could not write event: write experiment-output/0001/slave-012/client-080.log: file already closed
zerolog: could not write event: write experiment-output/0001/slave-012/client-080.log: file already closed
zerolog: could not write event: write experiment-output/0001/slave-012/client-121.log: file already closed
zerolog: could not write event: write experiment-output/0001/slave-012/client-121.log: file already closed
zerolog: could not write event: write experiment-output/0001/slave-012/client-121.log: file already closed
zerolog: could not write event: write experiment-output/0001/slave-012/client-095.log: file already closed
zerolog: could not write event: write experiment-output/0001/slave-012/client-103.log: file already closed
zerolog: could not write event: write experiment-output/0001/slave-012/client-103.log: file already closed
zerolog: could not write event: write experiment-output/0001/slave-012/client-095.log: file already closed
zerolog: could not write event: write experiment-output/0001/slave-012/client-095.log: file already closed
zerolog: could not write event: write experiment-output/0001/slave-012/client-103.log: file already closed
zerolog: could not write event: write experiment-output/0001/slave-012/client-121.log: file already closed
zerolog: could not write event: write experiment-output/0001/slave-012/client-095.log: file already closed
zerolog: could not write event: write experiment-output/0001/slave-012/client-109.log: file already closed
zerolog: could not write event: write experiment-output/0001/slave-012/client-103.log: file already closed
zerolog: could not write event: write experiment-output/0001/slave-012/client-109.log: file already closed
zerolog: could not write event: write experiment-output/0001/slave-012/client-109.log: file already closed
zerolog: could not write event: write experiment-output/0001/slave-012/client-109.log: file already closed
zerolog: could not write event: write experiment-output/0001/slave-012/client-098.log: file already closed
zerolog: could not write event: write experiment-output/0001/slave-012/client-098.log: file already closed
zerolog: could not write event: write experiment-output/0001/slave-012/client-098.log: file already closed
zerolog: could not write event: write experiment-output/0001/slave-012/client-098.log: file already closed
04:33:43.460 INF Profile data written. filename=experiment-output/0001/slave-012/prof-client.cpu name=cpu
zerolog: could not write event: write experiment-output/0001/slave-012/client-110.log: file already closed
zerolog: could not write event: write experiment-output/0001/slave-012/client-110.log: file already closed
zerolog: could not write event: write experiment-output/0001/slave-012/client-110.log: file already closed
zerolog: could not write event: write experiment-output/0001/slave-012/client-110.log: file already closed
zerolog: could not write event: write experiment-output/0001/slave-012/client-106.log: file already closed
zerolog: could not write event: write experiment-output/0001/slave-012/client-080.log: file already closed
zerolog: could not write event: write experiment-output/0001/slave-012/client-080.log: file already closed
zerolog: could not write event: write experiment-output/0001/slave-012/client-106.log: file already closed
zerolog: could not write event: write experiment-output/0001/slave-012/client-106.log: file already closed
zerolog: could not write event: write experiment-output/0001/slave-012/client-080.log: file already closed
zerolog: could not write event: write experiment-output/0001/slave-012/client-080.log: file already closed
zerolog: could not write event: write experiment-output/0001/slave-012/client-106.log: file already closed
zerolog: could not write event: write experiment-output/0001/slave-012/client-121.log: file already closed
zerolog: could not write event: write experiment-output/0001/slave-012/client-121.log: file already closed
zerolog: could not write event: write experiment-output/0001/slave-012/client-103.log: file already closed
zerolog: could not write event: write experiment-output/0001/slave-012/client-109.log: file already closed
zerolog: could not write event: write experiment-output/0001/slave-012/client-095.log: file already closed
zerolog: could not write event: write experiment-output/0001/slave-012/client-121.log: file already closed
zerolog: could not write event: write experiment-output/0001/slave-012/client-103.log: file already closed
zerolog: could not write event: write experiment-output/0001/slave-012/client-095.log: file already closed
zerolog: could not write event: write experiment-output/0001/slave-012/client-109.log: file already closed
zerolog: could not write event: write experiment-output/0001/slave-012/client-109.log: file already closed
zerolog: could not write event: write experiment-output/0001/slave-012/client-095.log: file already closed
zerolog: could not write event: write experiment-output/0001/slave-012/client-095.log: file already closed
zerolog: could not write event: write experiment-output/0001/slave-012/client-121.log: file already closed
zerolog: could not write event: write experiment-output/0001/slave-012/client-103.log: file already closed
zerolog: could not write event: write experiment-output/0001/slave-012/client-103.log: file already closed
zerolog: could not write event: write experiment-output/0001/slave-012/client-109.log: file already closed
04:33:43.482 INF Profile data written. filename=experiment-output/0001/slave-012/prof-client.block name=block
04:33:43.491 INF Profile data written. filename=experiment-output/0001/slave-012/prof-client.mutex name=mutex
