{"level":"debug","Logging":"info","time":"2023-03-25T07:11:45Z","message":"Config"}
{"level":"debug","UseTLS":false,"time":"2023-03-25T07:11:45Z","message":"Config"}
{"level":"debug","CACertFile":"tls-data/ca.pem","time":"2023-03-25T07:11:45Z","message":"Config"}
{"level":"debug","KeyFile":"tls-data/auth.key","time":"2023-03-25T07:11:45Z","message":"Config"}
{"level":"debug","CertFile":"tls-data/auth.pem","time":"2023-03-25T07:11:45Z","message":"Config"}
{"level":"debug","PriorityConnections":2,"time":"2023-03-25T07:11:45Z","message":"Config"}
{"level":"debug","BasicConnections":1,"time":"2023-03-25T07:11:45Z","message":"Config"}
{"level":"debug","TestConnections":false,"time":"2023-03-25T07:11:45Z","message":"Config"}
{"level":"debug","ExcessConnections":1,"time":"2023-03-25T07:11:45Z","message":"Config"}
{"level":"debug","ConnectionTestMsgs":4,"time":"2023-03-25T07:11:45Z","message":"Config"}
{"level":"debug","ConnectionTestPayload":131072,"time":"2023-03-25T07:11:45Z","message":"Config"}
{"level":"debug","OutMessageBufsize":1024,"time":"2023-03-25T07:11:45Z","message":"Config"}
{"level":"debug","OutMessageBufsize":4,"time":"2023-03-25T07:11:45Z","message":"Config"}
{"level":"debug","ThroughputCap":131072000,"time":"2023-03-25T07:11:45Z","message":"Config"}
{"level":"debug","StragglerTolerance":1000,"time":"2023-03-25T07:11:45Z","message":"Config"}
{"level":"debug","BatchSizeIncrement":256,"time":"2023-03-25T07:11:45Z","message":"Config"}
{"level":"debug","Orderer":"Pbft","time":"2023-03-25T07:11:45Z","message":"Config"}
{"level":"debug","Manager":"Mir","time":"2023-03-25T07:11:45Z","message":"Config"}
{"level":"debug","Failures":0,"time":"2023-03-25T07:11:45Z","message":"Config"}
{"level":"debug","StragglerCnt":0,"time":"2023-03-25T07:11:45Z","message":"Config"}
{"level":"debug","PrivKeyCnt":10,"time":"2023-03-25T07:11:45Z","message":"Config"}
{"level":"debug","UseSig":false,"time":"2023-03-25T07:11:45Z","message":"Config"}
{"level":"debug","CrashTiming":"Straggler","time":"2023-03-25T07:11:45Z","message":"Config"}
{"level":"debug","CheckpointInterval":512,"time":"2023-03-25T07:11:45Z","message":"Config"}
{"level":"debug","WatermarkWindowSize":512,"time":"2023-03-25T07:11:45Z","message":"Config"}
{"level":"debug","EpochLength":512,"time":"2023-03-25T07:11:45Z","message":"Config"}
{"level":"debug","SegmentLength":32,"time":"2023-03-25T07:11:45Z","message":"Config"}
{"level":"debug","WaitForCheckpoints":true,"time":"2023-03-25T07:11:45Z","message":"Config"}
{"level":"debug","ClientWatermarkWindowSize":16384,"time":"2023-03-25T07:11:45Z","message":"Config"}
{"level":"debug","ClientRequestBacklogSize":16384,"time":"2023-03-25T07:11:45Z","message":"Config"}
{"level":"debug","RandomSeed":16331,"time":"2023-03-25T07:11:45Z","message":"Config"}
{"level":"debug","NodeToLeaderRatio":1,"time":"2023-03-25T07:11:45Z","message":"Config"}
{"level":"debug","LeaderPolicy":"Simple","time":"2023-03-25T07:11:45Z","message":"Config"}
{"level":"debug","DefaultLeaderBan":2,"time":"2023-03-25T07:11:45Z","message":"Config"}
{"level":"debug","NumBuckets":256,"time":"2023-03-25T07:11:45Z","message":"Config"}
{"level":"debug","BatchSize":2500,"time":"2023-03-25T07:11:45Z","message":"Config"}
{"level":"debug","DisabledViewChange":false,"time":"2023-03-25T07:11:45Z","message":"Config"}
{"level":"debug","ViewChangeTimeout":60000,"time":"2023-03-25T07:11:45Z","message":"Config"}
{"level":"debug","ClientTraceSampling":10,"time":"2023-03-25T07:11:45Z","message":"Config"}
{"level":"debug","EventBufferSize":2097152,"time":"2023-03-25T07:11:45Z","message":"Config"}
{"level":"debug","TraceSampling":1,"time":"2023-03-25T07:11:45Z","message":"Config"}
{"level":"debug","ClientsPerProcess":8,"time":"2023-03-25T07:11:45Z","message":"Config"}
{"level":"debug","RequestsPerClient":5859,"time":"2023-03-25T07:11:45Z","message":"Config"}
{"level":"debug","ClientRunTime":15000,"time":"2023-03-25T07:11:45Z","message":"Config"}
{"level":"debug","RequestRate":195,"time":"2023-03-25T07:11:45Z","message":"Config"}
{"level":"debug","HardRequestRateLimit":false,"time":"2023-03-25T07:11:45Z","message":"Config"}
{"level":"debug","RequestPayloadSize":500,"time":"2023-03-25T07:11:45Z","message":"Config"}
{"level":"debug","SignRequests":true,"time":"2023-03-25T07:11:45Z","message":"Config"}
{"level":"debug","ClientPrivKeyFile":"tls-data/client-ecdsa-256.key","time":"2023-03-25T07:11:45Z","message":"Config"}
{"level":"debug","ClientPubKeyFile":"tls-data/client-ecdsa-256.pem","time":"2023-03-25T07:11:45Z","message":"Config"}
{"level":"debug","PrecomputeRequests":false,"time":"2023-03-25T07:11:45Z","message":"Config"}
{"level":"debug","RequestHandlerThreads":32,"time":"2023-03-25T07:11:45Z","message":"Config"}
{"level":"debug","RequestInputChannelBuffer":8192,"time":"2023-03-25T07:11:45Z","message":"Config"}
{"level":"debug","BatchVerifier":"external","time":"2023-03-25T07:11:45Z","message":"Config"}
07:11:45.546 INF Started Profiler: CPU
07:11:45.546 INF Started Profiler: BLOCK
07:11:45.546 INF Started Profiler: MUTEX
07:11:45.546 INF Starting clients. numClients=8 numRequests=5859
07:11:45.546 INF Initilizing clients.
07:11:45.552 INF Registared with discovery server. numOrderers=16 ownClientId=23
07:11:45.552 INF Registared with discovery server. numOrderers=16 ownClientId=31
07:11:45.552 INF Registared with discovery server. numOrderers=16 ownClientId=17
07:11:45.552 INF Registared with discovery server. numOrderers=16 ownClientId=21
07:11:45.552 INF Registared with discovery server. numOrderers=16 ownClientId=25
07:11:45.553 INF Registared with discovery server. numOrderers=16 ownClientId=43
07:11:45.553 INF Registared with discovery server. numOrderers=16 ownClientId=41
07:11:45.553 INF Registared with discovery server. numOrderers=16 ownClientId=52
07:11:45.553 INF Clients initialized.
07:11:45.553 INF Launching clients.
07:11:45.553 INF Waiting for clients.
07:12:42.521 INF Stopping Tracer. events=1255 fileName=experiment-output/0002/slave-004/client-021.trc
07:12:42.523 INF Trace data written.
zerolog: could not write event: write experiment-output/0002/slave-004/client-021.log: file already closed
07:12:42.556 INF Stopping Tracer. events=1253 fileName=experiment-output/0002/slave-004/client-031.trc
zerolog: could not write event: write experiment-output/0002/slave-004/client-021.log: file already closed
07:12:42.558 INF Trace data written.
zerolog: could not write event: write experiment-output/0002/slave-004/client-031.log: file already closed
zerolog: could not write event: write experiment-output/0002/slave-004/client-021.log: file already closed
07:12:42.564 INF Stopping Tracer. events=1271 fileName=experiment-output/0002/slave-004/client-043.trc
zerolog: could not write event: write experiment-output/0002/slave-004/client-043.log: file already closed
zerolog: could not write event: write experiment-output/0002/slave-004/client-031.log: file already closed
zerolog: could not write event: write experiment-output/0002/slave-004/client-043.log: file already closed
07:12:42.566 INF Trace data written.
07:12:42.567 INF Stopping Tracer. events=1254 fileName=experiment-output/0002/slave-004/client-041.trc
07:12:42.567 INF Stopping Tracer. events=1223 fileName=experiment-output/0002/slave-004/client-023.trc
07:12:42.567 INF Stopping Tracer. events=1253 fileName=experiment-output/0002/slave-004/client-025.trc
zerolog: could not write event: write experiment-output/0002/slave-004/client-041.log: file already closed
zerolog: could not write event: write experiment-output/0002/slave-004/client-025.log: file already closed
zerolog: could not write event: write experiment-output/0002/slave-004/client-023.log: file already closed
zerolog: could not write event: write experiment-output/0002/slave-004/client-043.log: file already closed
zerolog: could not write event: write experiment-output/0002/slave-004/client-031.log: file already closed
07:12:42.570 INF Trace data written.
07:12:42.570 INF Trace data written.
zerolog: could not write event: write experiment-output/0002/slave-004/client-025.log: file already closed
zerolog: could not write event: write experiment-output/0002/slave-004/client-023.log: file already closed
zerolog: could not write event: write experiment-output/0002/slave-004/client-041.log: file already closed
07:12:42.570 INF Trace data written.
zerolog: could not write event: write experiment-output/0002/slave-004/client-041.log: file already closed
zerolog: could not write event: write experiment-output/0002/slave-004/client-025.log: file already closed
zerolog: could not write event: write experiment-output/0002/slave-004/client-023.log: file already closed
07:12:42.570 INF Stopping Tracer. events=1228 fileName=experiment-output/0002/slave-004/client-017.trc
zerolog: could not write event: write experiment-output/0002/slave-004/client-017.log: file already closed
zerolog: could not write event: write experiment-output/0002/slave-004/client-017.log: file already closed
07:12:42.572 INF Stopping Tracer. events=1566 fileName=experiment-output/0002/slave-004/client-052.trc
zerolog: could not write event: write experiment-output/0002/slave-004/client-017.log: file already closed
zerolog: could not write event: write experiment-output/0002/slave-004/client-052.log: file already closed
07:12:42.573 INF Trace data written.
07:12:42.575 INF Trace data written.
07:12:42.575 INF Done.
07:12:42.575 INF Stopping profiler.
zerolog: could not write event: write experiment-output/0002/slave-004/client-052.log: file already closed
zerolog: could not write event: write experiment-output/0002/slave-004/client-052.log: file already closed
zerolog: could not write event: write experiment-output/0002/slave-004/client-021.log: file already closed
zerolog: could not write event: write experiment-output/0002/slave-004/client-021.log: file already closed
zerolog: could not write event: write experiment-output/0002/slave-004/client-017.log: file already closed
zerolog: could not write event: write experiment-output/0002/slave-004/client-025.log: file already closed
zerolog: could not write event: write experiment-output/0002/slave-004/client-041.log: file already closed
zerolog: could not write event: write experiment-output/0002/slave-004/client-043.log: file already closed
zerolog: could not write event: write experiment-output/0002/slave-004/client-023.log: file already closed
zerolog: could not write event: write experiment-output/0002/slave-004/client-021.log: file already closed
zerolog: could not write event: write experiment-output/0002/slave-004/client-052.log: file already closed
zerolog: could not write event: write experiment-output/0002/slave-004/client-031.log: file already closed
zerolog: could not write event: write experiment-output/0002/slave-004/client-021.log: file already closed
zerolog: could not write event: write experiment-output/0002/slave-004/client-031.log: file already closed
zerolog: could not write event: write experiment-output/0002/slave-004/client-021.log: file already closed
zerolog: could not write event: write experiment-output/0002/slave-004/client-021.log: file already closed
zerolog: could not write event: write experiment-output/0002/slave-004/client-031.log: file already closed
zerolog: could not write event: write experiment-output/0002/slave-004/client-021.log: file already closed
zerolog: could not write event: write experiment-output/0002/slave-004/client-021.log: file already closed
zerolog: could not write event: write experiment-output/0002/slave-004/client-025.log: file already closed
zerolog: could not write event: write experiment-output/0002/slave-004/client-041.log: file already closed
zerolog: could not write event: write experiment-output/0002/slave-004/client-023.log: file already closed
zerolog: could not write event: write experiment-output/0002/slave-004/client-043.log: file already closed
zerolog: could not write event: write experiment-output/0002/slave-004/client-052.log: file already closed
zerolog: could not write event: write experiment-output/0002/slave-004/client-017.log: file already closed
zerolog: could not write event: write experiment-output/0002/slave-004/client-043.log: file already closed
zerolog: could not write event: write experiment-output/0002/slave-004/client-017.log: file already closed
zerolog: could not write event: write experiment-output/0002/slave-004/client-031.log: file already closed
zerolog: could not write event: write experiment-output/0002/slave-004/client-052.log: file already closed
zerolog: could not write event: write experiment-output/0002/slave-004/client-025.log: file already closed
zerolog: could not write event: write experiment-output/0002/slave-004/client-041.log: file already closed
zerolog: could not write event: write experiment-output/0002/slave-004/client-023.log: file already closed
zerolog: could not write event: write experiment-output/0002/slave-004/client-043.log: file already closed
zerolog: could not write event: write experiment-output/0002/slave-004/client-023.log: file already closed
zerolog: could not write event: write experiment-output/0002/slave-004/client-017.log: file already closed
zerolog: could not write event: write experiment-output/0002/slave-004/client-052.log: file already closed
zerolog: could not write event: write experiment-output/0002/slave-004/client-041.log: file already closed
zerolog: could not write event: write experiment-output/0002/slave-004/client-025.log: file already closed
zerolog: could not write event: write experiment-output/0002/slave-004/client-021.log: file already closed
zerolog: could not write event: write experiment-output/0002/slave-004/client-052.log: file already closed
zerolog: could not write event: write experiment-output/0002/slave-004/client-031.log: file already closed
zerolog: could not write event: write experiment-output/0002/slave-004/client-025.log: file already closed
zerolog: could not write event: write experiment-output/0002/slave-004/client-017.log: file already closed
zerolog: could not write event: write experiment-output/0002/slave-004/client-043.log: file already closed
zerolog: could not write event: write experiment-output/0002/slave-004/client-023.log: file already closed
zerolog: could not write event: write experiment-output/0002/slave-004/client-041.log: file already closed
zerolog: could not write event: write experiment-output/0002/slave-004/client-031.log: file already closed
zerolog: could not write event: write experiment-output/0002/slave-004/client-031.log: file already closed
zerolog: could not write event: write experiment-output/0002/slave-004/client-031.log: file already closed
zerolog: could not write event: write experiment-output/0002/slave-004/client-043.log: file already closed
zerolog: could not write event: write experiment-output/0002/slave-004/client-041.log: file already closed
zerolog: could not write event: write experiment-output/0002/slave-004/client-025.log: file already closed
zerolog: could not write event: write experiment-output/0002/slave-004/client-023.log: file already closed
zerolog: could not write event: write experiment-output/0002/slave-004/client-021.log: file already closed
zerolog: could not write event: write experiment-output/0002/slave-004/client-041.log: file already closed
zerolog: could not write event: write experiment-output/0002/slave-004/client-023.log: file already closed
zerolog: could not write event: write experiment-output/0002/slave-004/client-017.log: file already closed
zerolog: could not write event: write experiment-output/0002/slave-004/client-017.log: file already closed
zerolog: could not write event: write experiment-output/0002/slave-004/client-025.log: file already closed
zerolog: could not write event: write experiment-output/0002/slave-004/client-043.log: file already closed
zerolog: could not write event: write experiment-output/0002/slave-004/client-023.log: file already closed
zerolog: could not write event: write experiment-output/0002/slave-004/client-052.log: file already closed
zerolog: could not write event: write experiment-output/0002/slave-004/client-043.log: file already closed
zerolog: could not write event: write experiment-output/0002/slave-004/client-041.log: file already closed
zerolog: could not write event: write experiment-output/0002/slave-004/client-025.log: file already closed
zerolog: could not write event: write experiment-output/0002/slave-004/client-021.log: file already closed
zerolog: could not write event: write experiment-output/0002/slave-004/client-023.log: file already closed
zerolog: could not write event: write experiment-output/0002/slave-004/client-031.log: file already closed
zerolog: could not write event: write experiment-output/0002/slave-004/client-052.log: file already closed
zerolog: could not write event: write experiment-output/0002/slave-004/client-017.log: file already closed
zerolog: could not write event: write experiment-output/0002/slave-004/client-043.log: file already closed
zerolog: could not write event: write experiment-output/0002/slave-004/client-025.log: file already closed
zerolog: could not write event: write experiment-output/0002/slave-004/client-041.log: file already closed
zerolog: could not write event: write experiment-output/0002/slave-004/client-052.log: file already closed
zerolog: could not write event: write experiment-output/0002/slave-004/client-017.log: file already closed
zerolog: could not write event: write experiment-output/0002/slave-004/client-021.log: file already closed
zerolog: could not write event: write experiment-output/0002/slave-004/client-021.log: file already closed
zerolog: could not write event: write experiment-output/0002/slave-004/client-031.log: file already closed
zerolog: could not write event: write experiment-output/0002/slave-004/client-031.log: file already closed
zerolog: could not write event: write experiment-output/0002/slave-004/client-031.log: file already closed
zerolog: could not write event: write experiment-output/0002/slave-004/client-043.log: file already closed
zerolog: could not write event: write experiment-output/0002/slave-004/client-041.log: file already closed
zerolog: could not write event: write experiment-output/0002/slave-004/client-017.log: file already closed
zerolog: could not write event: write experiment-output/0002/slave-004/client-023.log: file already closed
07:12:42.761 INF Profile data written. filename=experiment-output/0002/slave-004/prof-client.cpu name=cpu
zerolog: could not write event: write experiment-output/0002/slave-004/client-025.log: file already closed
zerolog: could not write event: write experiment-output/0002/slave-004/client-052.log: file already closed
zerolog: could not write event: write experiment-output/0002/slave-004/client-023.log: file already closed
zerolog: could not write event: write experiment-output/0002/slave-004/client-041.log: file already closed
zerolog: could not write event: write experiment-output/0002/slave-004/client-043.log: file already closed
zerolog: could not write event: write experiment-output/0002/slave-004/client-025.log: file already closed
zerolog: could not write event: write experiment-output/0002/slave-004/client-043.log: file already closed
zerolog: could not write event: write experiment-output/0002/slave-004/client-052.log: file already closed
zerolog: could not write event: write experiment-output/0002/slave-004/client-023.log: file already closed
zerolog: could not write event: write experiment-output/0002/slave-004/client-017.log: file already closed
zerolog: could not write event: write experiment-output/0002/slave-004/client-041.log: file already closed
zerolog: could not write event: write experiment-output/0002/slave-004/client-043.log: file already closed
zerolog: could not write event: write experiment-output/0002/slave-004/client-025.log: file already closed
zerolog: could not write event: write experiment-output/0002/slave-004/client-023.log: file already closed
zerolog: could not write event: write experiment-output/0002/slave-004/client-041.log: file already closed
zerolog: could not write event: write experiment-output/0002/slave-004/client-017.log: file already closed
zerolog: could not write event: write experiment-output/0002/slave-004/client-052.log: file already closed
zerolog: could not write event: write experiment-output/0002/slave-004/client-031.log: file already closed
zerolog: could not write event: write experiment-output/0002/slave-004/client-025.log: file already closed
zerolog: could not write event: write experiment-output/0002/slave-004/client-017.log: file already closed
zerolog: could not write event: write experiment-output/0002/slave-004/client-052.log: file already closed
07:12:42.781 INF Profile data written. filename=experiment-output/0002/slave-004/prof-client.block name=block
07:12:42.787 INF Profile data written. filename=experiment-output/0002/slave-004/prof-client.mutex name=mutex
