{"level":"debug","Logging":"info","time":"2023-07-11T07:40:44Z","message":"Config"}
{"level":"debug","UseTLS":false,"time":"2023-07-11T07:40:44Z","message":"Config"}
{"level":"debug","CACertFile":"tls-data/ca.pem","time":"2023-07-11T07:40:44Z","message":"Config"}
{"level":"debug","KeyFile":"tls-data/auth.key","time":"2023-07-11T07:40:44Z","message":"Config"}
{"level":"debug","CertFile":"tls-data/auth.pem","time":"2023-07-11T07:40:44Z","message":"Config"}
{"level":"debug","PriorityConnections":2,"time":"2023-07-11T07:40:44Z","message":"Config"}
{"level":"debug","BasicConnections":1,"time":"2023-07-11T07:40:44Z","message":"Config"}
{"level":"debug","TestConnections":false,"time":"2023-07-11T07:40:44Z","message":"Config"}
{"level":"debug","ExcessConnections":1,"time":"2023-07-11T07:40:44Z","message":"Config"}
{"level":"debug","ConnectionTestMsgs":4,"time":"2023-07-11T07:40:44Z","message":"Config"}
{"level":"debug","ConnectionTestPayload":131072,"time":"2023-07-11T07:40:44Z","message":"Config"}
{"level":"debug","OutMessageBufsize":1024,"time":"2023-07-11T07:40:44Z","message":"Config"}
{"level":"debug","OutMessageBufsize":16,"time":"2023-07-11T07:40:44Z","message":"Config"}
{"level":"debug","ThroughputCap":131072000,"time":"2023-07-11T07:40:44Z","message":"Config"}
{"level":"debug","StragglerTolerance":1000,"time":"2023-07-11T07:40:44Z","message":"Config"}
{"level":"debug","BatchSizeIncrement":256,"time":"2023-07-11T07:40:44Z","message":"Config"}
{"level":"debug","Orderer":"Pbft","time":"2023-07-11T07:40:44Z","message":"Config"}
{"level":"debug","Manager":"Mir","time":"2023-07-11T07:40:44Z","message":"Config"}
{"level":"debug","Failures":0,"time":"2023-07-11T07:40:44Z","message":"Config"}
{"level":"debug","StragglerCnt":0,"time":"2023-07-11T07:40:44Z","message":"Config"}
{"level":"debug","CrashTiming":"Straggler","time":"2023-07-11T07:40:44Z","message":"Config"}
{"level":"debug","CheckpointInterval":2048,"time":"2023-07-11T07:40:44Z","message":"Config"}
{"level":"debug","WatermarkWindowSize":2048,"time":"2023-07-11T07:40:44Z","message":"Config"}
{"level":"debug","EpochLength":2048,"time":"2023-07-11T07:40:44Z","message":"Config"}
{"level":"debug","SegmentLength":32,"time":"2023-07-11T07:40:44Z","message":"Config"}
{"level":"debug","WaitForCheckpoints":true,"time":"2023-07-11T07:40:44Z","message":"Config"}
{"level":"debug","ClientWatermarkWindowSize":49152,"time":"2023-07-11T07:40:44Z","message":"Config"}
{"level":"debug","ClientRequestBacklogSize":49152,"time":"2023-07-11T07:40:44Z","message":"Config"}
{"level":"debug","RandomSeed":20617,"time":"2023-07-11T07:40:44Z","message":"Config"}
{"level":"debug","NodeToLeaderRatio":1,"time":"2023-07-11T07:40:44Z","message":"Config"}
{"level":"debug","LeaderPolicy":"Simple","time":"2023-07-11T07:40:44Z","message":"Config"}
{"level":"debug","DefaultLeaderBan":2,"time":"2023-07-11T07:40:44Z","message":"Config"}
{"level":"debug","NumBuckets":1024,"time":"2023-07-11T07:40:44Z","message":"Config"}
{"level":"debug","BatchSize":8000,"time":"2023-07-11T07:40:44Z","message":"Config"}
{"level":"debug","DisabledViewChange":false,"time":"2023-07-11T07:40:44Z","message":"Config"}
{"level":"debug","ViewChangeTimeout":60000,"time":"2023-07-11T07:40:44Z","message":"Config"}
{"level":"debug","ClientTraceSampling":10,"time":"2023-07-11T07:40:44Z","message":"Config"}
{"level":"debug","EventBufferSize":2097152,"time":"2023-07-11T07:40:44Z","message":"Config"}
{"level":"debug","TraceSampling":1,"time":"2023-07-11T07:40:44Z","message":"Config"}
{"level":"debug","ClientsPerProcess":8,"time":"2023-07-11T07:40:44Z","message":"Config"}
{"level":"debug","RequestsPerClient":4101,"time":"2023-07-11T07:40:44Z","message":"Config"}
{"level":"debug","ClientRunTime":15000,"time":"2023-07-11T07:40:44Z","message":"Config"}
{"level":"debug","RequestRate":136,"time":"2023-07-11T07:40:44Z","message":"Config"}
{"level":"debug","HardRequestRateLimit":false,"time":"2023-07-11T07:40:44Z","message":"Config"}
{"level":"debug","RequestPayloadSize":500,"time":"2023-07-11T07:40:44Z","message":"Config"}
{"level":"debug","SignRequests":true,"time":"2023-07-11T07:40:44Z","message":"Config"}
{"level":"debug","ClientPrivKeyFile":"tls-data/client-ecdsa-256.key","time":"2023-07-11T07:40:44Z","message":"Config"}
{"level":"debug","ClientPubKeyFile":"tls-data/client-ecdsa-256.pem","time":"2023-07-11T07:40:44Z","message":"Config"}
{"level":"debug","PrecomputeRequests":false,"time":"2023-07-11T07:40:44Z","message":"Config"}
{"level":"debug","RequestHandlerThreads":32,"time":"2023-07-11T07:40:44Z","message":"Config"}
{"level":"debug","RequestInputChannelBuffer":8192,"time":"2023-07-11T07:40:44Z","message":"Config"}
{"level":"debug","BatchVerifier":"external","time":"2023-07-11T07:40:44Z","message":"Config"}
07:40:44.581 INF Started Profiler: CPU
07:40:44.581 INF Started Profiler: BLOCK
07:40:44.581 INF Started Profiler: MUTEX
07:40:44.581 INF Starting clients. numClients=8 numRequests=4101
07:40:44.581 INF Initilizing clients.
07:40:44.863 INF Registared with discovery server. numOrderers=64 ownClientId=24
07:40:44.868 INF Registared with discovery server. numOrderers=64 ownClientId=66
07:40:44.871 INF Registared with discovery server. numOrderers=64 ownClientId=32
07:40:44.873 INF Registared with discovery server. numOrderers=64 ownClientId=29
07:40:44.884 INF Registared with discovery server. numOrderers=64 ownClientId=36
07:40:44.901 INF Registared with discovery server. numOrderers=64 ownClientId=159
07:40:44.903 INF Registared with discovery server. numOrderers=64 ownClientId=108
07:40:44.919 INF Registared with discovery server. numOrderers=64 ownClientId=227
07:40:44.919 INF Clients initialized.
07:40:44.919 INF Launching clients.
07:40:44.919 INF Waiting for clients.
07:41:09.574 INF Stopping Tracer. events=1090 fileName=experiment-output/0001/slave-031/client-029.trc
07:41:09.577 INF Stopping Tracer. events=834 fileName=experiment-output/0001/slave-031/client-032.trc
07:41:09.577 INF Trace data written.
07:41:09.578 INF Trace data written.
07:41:09.588 INF Stopping Tracer. events=832 fileName=experiment-output/0001/slave-031/client-036.trc
07:41:09.590 INF Trace data written.
07:41:09.618 INF Stopping Tracer. events=831 fileName=experiment-output/0001/slave-031/client-108.trc
07:41:09.620 INF Trace data written.
07:41:09.620 INF Stopping Tracer. events=1165 fileName=experiment-output/0001/slave-031/client-227.trc
07:41:09.622 INF Trace data written.
zerolog: could not write event: write experiment-output/0001/slave-031/client-029.log: file already closed
zerolog: could not write event: write experiment-output/0001/slave-031/client-029.log: file already closed
zerolog: could not write event: write experiment-output/0001/slave-031/client-029.log: file already closed
zerolog: could not write event: write experiment-output/0001/slave-031/client-032.log: file already closed
07:41:09.652 INF Stopping Tracer. events=832 fileName=experiment-output/0001/slave-031/client-066.trc
07:41:09.654 INF Trace data written.
zerolog: could not write event: write experiment-output/0001/slave-031/client-029.log: file already closed
zerolog: could not write event: write experiment-output/0001/slave-031/client-029.log: file already closed
zerolog: could not write event: write experiment-output/0001/slave-031/client-029.log: file already closed
zerolog: could not write event: write experiment-output/0001/slave-031/client-032.log: file already closed
zerolog: could not write event: write experiment-output/0001/slave-031/client-029.log: file already closed
zerolog: could not write event: write experiment-output/0001/slave-031/client-032.log: file already closed
zerolog: could not write event: write experiment-output/0001/slave-031/client-029.log: file already closed
zerolog: could not write event: write experiment-output/0001/slave-031/client-032.log: file already closed
zerolog: could not write event: write experiment-output/0001/slave-031/client-029.log: file already closed
zerolog: could not write event: write experiment-output/0001/slave-031/client-029.log: file already closed
zerolog: could not write event: write experiment-output/0001/slave-031/client-032.log: file already closed
zerolog: could not write event: write experiment-output/0001/slave-031/client-032.log: file already closed
zerolog: could not write event: write experiment-output/0001/slave-031/client-029.log: file already closed
zerolog: could not write event: write experiment-output/0001/slave-031/client-036.log: file already closed
zerolog: could not write event: write experiment-output/0001/slave-031/client-032.log: file already closed
zerolog: could not write event: write experiment-output/0001/slave-031/client-032.log: file already closed
zerolog: could not write event: write experiment-output/0001/slave-031/client-029.log: file already closed
07:41:09.665 INF Stopping Tracer. events=825 fileName=experiment-output/0001/slave-031/client-024.trc
zerolog: could not write event: write experiment-output/0001/slave-031/client-032.log: file already closed
zerolog: could not write event: write experiment-output/0001/slave-031/client-032.log: file already closed
07:41:09.666 INF Trace data written.
zerolog: could not write event: write experiment-output/0001/slave-031/client-029.log: file already closed
zerolog: could not write event: write experiment-output/0001/slave-031/client-032.log: file already closed
zerolog: could not write event: write experiment-output/0001/slave-031/client-029.log: file already closed
zerolog: could not write event: write experiment-output/0001/slave-031/client-032.log: file already closed
zerolog: could not write event: write experiment-output/0001/slave-031/client-029.log: file already closed
zerolog: could not write event: write experiment-output/0001/slave-031/client-032.log: file already closed
zerolog: could not write event: write experiment-output/0001/slave-031/client-032.log: file already closed
zerolog: could not write event: write experiment-output/0001/slave-031/client-032.log: file already closed
zerolog: could not write event: write experiment-output/0001/slave-031/client-032.log: file already closed
zerolog: could not write event: write experiment-output/0001/slave-031/client-029.log: file already closed
zerolog: could not write event: write experiment-output/0001/slave-031/client-029.log: file already closed
zerolog: could not write event: write experiment-output/0001/slave-031/client-032.log: file already closed
zerolog: could not write event: write experiment-output/0001/slave-031/client-029.log: file already closed
zerolog: could not write event: write experiment-output/0001/slave-031/client-029.log: file already closed
zerolog: could not write event: write experiment-output/0001/slave-031/client-036.log: file already closed
zerolog: could not write event: write experiment-output/0001/slave-031/client-032.log: file already closed
zerolog: could not write event: write experiment-output/0001/slave-031/client-029.log: file already closed
zerolog: could not write event: write experiment-output/0001/slave-031/client-029.log: file already closed
zerolog: could not write event: write experiment-output/0001/slave-031/client-029.log: file already closed
zerolog: could not write event: write experiment-output/0001/slave-031/client-032.log: file already closed
zerolog: could not write event: write experiment-output/0001/slave-031/client-036.log: file already closed
zerolog: could not write event: write experiment-output/0001/slave-031/client-029.log: file already closed
zerolog: could not write event: write experiment-output/0001/slave-031/client-032.log: file already closed
zerolog: could not write event: write experiment-output/0001/slave-031/client-029.log: file already closed
zerolog: could not write event: write experiment-output/0001/slave-031/client-029.log: file already closed
zerolog: could not write event: write experiment-output/0001/slave-031/client-029.log: file already closed
zerolog: could not write event: write experiment-output/0001/slave-031/client-036.log: file already closed
zerolog: could not write event: write experiment-output/0001/slave-031/client-032.log: file already closed
zerolog: could not write event: write experiment-output/0001/slave-031/client-032.log: file already closed
zerolog: could not write event: write experiment-output/0001/slave-031/client-029.log: file already closed
zerolog: could not write event: write experiment-output/0001/slave-031/client-036.log: file already closed
zerolog: could not write event: write experiment-output/0001/slave-031/client-029.log: file already closed
zerolog: could not write event: write experiment-output/0001/slave-031/client-032.log: file already closed
zerolog: could not write event: write experiment-output/0001/slave-031/client-029.log: file already closed
zerolog: could not write event: write experiment-output/0001/slave-031/client-029.log: file already closed
zerolog: could not write event: write experiment-output/0001/slave-031/client-029.log: file already closed
zerolog: could not write event: write experiment-output/0001/slave-031/client-032.log: file already closed
zerolog: could not write event: write experiment-output/0001/slave-031/client-032.log: file already closed
zerolog: could not write event: write experiment-output/0001/slave-031/client-036.log: file already closed
zerolog: could not write event: write experiment-output/0001/slave-031/client-036.log: file already closed
zerolog: could not write event: write experiment-output/0001/slave-031/client-036.log: file already closed
zerolog: could not write event: write experiment-output/0001/slave-031/client-029.log: file already closed
zerolog: could not write event: write experiment-output/0001/slave-031/client-029.log: file already closed
zerolog: could not write event: write experiment-output/0001/slave-031/client-032.log: file already closed
zerolog: could not write event: write experiment-output/0001/slave-031/client-029.log: file already closed
zerolog: could not write event: write experiment-output/0001/slave-031/client-029.log: file already closed
zerolog: could not write event: write experiment-output/0001/slave-031/client-029.log: file already closed
zerolog: could not write event: write experiment-output/0001/slave-031/client-029.log: file already closed
zerolog: could not write event: write experiment-output/0001/slave-031/client-029.log: file already closed
zerolog: could not write event: write experiment-output/0001/slave-031/client-036.log: file already closed
zerolog: could not write event: write experiment-output/0001/slave-031/client-036.log: file already closed
zerolog: could not write event: write experiment-output/0001/slave-031/client-036.log: file already closed
zerolog: could not write event: write experiment-output/0001/slave-031/client-029.log: file already closed
zerolog: could not write event: write experiment-output/0001/slave-031/client-032.log: file already closed
zerolog: could not write event: write experiment-output/0001/slave-031/client-036.log: file already closed
zerolog: could not write event: write experiment-output/0001/slave-031/client-032.log: file already closed
zerolog: could not write event: write experiment-output/0001/slave-031/client-036.log: file already closed
zerolog: could not write event: write experiment-output/0001/slave-031/client-029.log: file already closed
zerolog: could not write event: write experiment-output/0001/slave-031/client-032.log: file already closed
zerolog: could not write event: write experiment-output/0001/slave-031/client-032.log: file already closed
zerolog: could not write event: write experiment-output/0001/slave-031/client-036.log: file already closed
zerolog: could not write event: write experiment-output/0001/slave-031/client-029.log: file already closed
zerolog: could not write event: write experiment-output/0001/slave-031/client-029.log: file already closed
zerolog: could not write event: write experiment-output/0001/slave-031/client-032.log: file already closed
zerolog: could not write event: write experiment-output/0001/slave-031/client-032.log: file already closed
zerolog: could not write event: write experiment-output/0001/slave-031/client-036.log: file already closed
zerolog: could not write event: write experiment-output/0001/slave-031/client-032.log: file already closed
zerolog: could not write event: write experiment-output/0001/slave-031/client-029.log: file already closed
zerolog: could not write event: write experiment-output/0001/slave-031/client-032.log: file already closed
zerolog: could not write event: write experiment-output/0001/slave-031/client-032.log: file already closed
zerolog: could not write event: write experiment-output/0001/slave-031/client-036.log: file already closed
zerolog: could not write event: write experiment-output/0001/slave-031/client-029.log: file already closed
zerolog: could not write event: write experiment-output/0001/slave-031/client-032.log: file already closed
zerolog: could not write event: write experiment-output/0001/slave-031/client-029.log: file already closed
zerolog: could not write event: write experiment-output/0001/slave-031/client-036.log: file already closed
zerolog: could not write event: write experiment-output/0001/slave-031/client-029.log: file already closed
zerolog: could not write event: write experiment-output/0001/slave-031/client-032.log: file already closed
zerolog: could not write event: write experiment-output/0001/slave-031/client-032.log: file already closed
zerolog: could not write event: write experiment-output/0001/slave-031/client-227.log: file already closed
zerolog: could not write event: write experiment-output/0001/slave-031/client-029.log: file already closed
zerolog: could not write event: write experiment-output/0001/slave-031/client-036.log: file already closed
zerolog: could not write event: write experiment-output/0001/slave-031/client-036.log: file already closed
zerolog: could not write event: write experiment-output/0001/slave-031/client-036.log: file already closed
zerolog: could not write event: write experiment-output/0001/slave-031/client-036.log: file already closed
zerolog: could not write event: write experiment-output/0001/slave-031/client-032.log: file already closed
zerolog: could not write event: write experiment-output/0001/slave-031/client-036.log: file already closed
zerolog: could not write event: write experiment-output/0001/slave-031/client-036.log: file already closed
zerolog: could not write event: write experiment-output/0001/slave-031/client-227.log: file already closed
zerolog: could not write event: write experiment-output/0001/slave-031/client-032.log: file already closed
zerolog: could not write event: write experiment-output/0001/slave-031/client-036.log: file already closed
zerolog: could not write event: write experiment-output/0001/slave-031/client-036.log: file already closed
zerolog: could not write event: write experiment-output/0001/slave-031/client-036.log: file already closed
zerolog: could not write event: write experiment-output/0001/slave-031/client-029.log: file already closed
zerolog: could not write event: write experiment-output/0001/slave-031/client-036.log: file already closed
zerolog: could not write event: write experiment-output/0001/slave-031/client-036.log: file already closed
zerolog: could not write event: write experiment-output/0001/slave-031/client-036.log: file already closed
zerolog: could not write event: write experiment-output/0001/slave-031/client-036.log: file already closed
zerolog: could not write event: write experiment-output/0001/slave-031/client-029.log: file already closed
zerolog: could not write event: write experiment-output/0001/slave-031/client-032.log: file already closed
zerolog: could not write event: write experiment-output/0001/slave-031/client-036.log: file already closed
zerolog: could not write event: write experiment-output/0001/slave-031/client-029.log: file already closed
zerolog: could not write event: write experiment-output/0001/slave-031/client-032.log: file already closed
zerolog: could not write event: write experiment-output/0001/slave-031/client-108.log: file already closed
zerolog: could not write event: write experiment-output/0001/slave-031/client-036.log: file already closed
zerolog: could not write event: write experiment-output/0001/slave-031/client-029.log: file already closed
zerolog: could not write event: write experiment-output/0001/slave-031/client-029.log: file already closed
zerolog: could not write event: write experiment-output/0001/slave-031/client-036.log: file already closed
zerolog: could not write event: write experiment-output/0001/slave-031/client-036.log: file already closed
zerolog: could not write event: write experiment-output/0001/slave-031/client-036.log: file already closed
zerolog: could not write event: write experiment-output/0001/slave-031/client-032.log: file already closed
zerolog: could not write event: write experiment-output/0001/slave-031/client-036.log: file already closed
zerolog: could not write event: write experiment-output/0001/slave-031/client-036.log: file already closed
zerolog: could not write event: write experiment-output/0001/slave-031/client-032.log: file already closed
zerolog: could not write event: write experiment-output/0001/slave-031/client-029.log: file already closed
zerolog: could not write event: write experiment-output/0001/slave-031/client-227.log: file already closed
zerolog: could not write event: write experiment-output/0001/slave-031/client-108.log: file already closed
zerolog: could not write event: write experiment-output/0001/slave-031/client-036.log: file already closed
zerolog: could not write event: write experiment-output/0001/slave-031/client-032.log: file already closed
zerolog: could not write event: write experiment-output/0001/slave-031/client-227.log: file already closed
zerolog: could not write event: write experiment-output/0001/slave-031/client-036.log: file already closed
zerolog: could not write event: write experiment-output/0001/slave-031/client-036.log: file already closed
zerolog: could not write event: write experiment-output/0001/slave-031/client-036.log: file already closed
zerolog: could not write event: write experiment-output/0001/slave-031/client-036.log: file already closed
zerolog: could not write event: write experiment-output/0001/slave-031/client-032.log: file already closed
zerolog: could not write event: write experiment-output/0001/slave-031/client-032.log: file already closed
zerolog: could not write event: write experiment-output/0001/slave-031/client-029.log: file already closed
zerolog: could not write event: write experiment-output/0001/slave-031/client-032.log: file already closed
zerolog: could not write event: write experiment-output/0001/slave-031/client-032.log: file already closed
zerolog: could not write event: write experiment-output/0001/slave-031/client-032.log: file already closed
zerolog: could not write event: write experiment-output/0001/slave-031/client-227.log: file already closed
zerolog: could not write event: write experiment-output/0001/slave-031/client-036.log: file already closed
zerolog: could not write event: write experiment-output/0001/slave-031/client-108.log: file already closed
zerolog: could not write event: write experiment-output/0001/slave-031/client-029.log: file already closed
zerolog: could not write event: write experiment-output/0001/slave-031/client-108.log: file already closed
zerolog: could not write event: write experiment-output/0001/slave-031/client-029.log: file already closed
zerolog: could not write event: write experiment-output/0001/slave-031/client-108.log: file already closed
zerolog: could not write event: write experiment-output/0001/slave-031/client-036.log: file already closed
zerolog: could not write event: write experiment-output/0001/slave-031/client-227.log: file already closed
zerolog: could not write event: write experiment-output/0001/slave-031/client-032.log: file already closed
zerolog: could not write event: write experiment-output/0001/slave-031/client-108.log: file already closed
zerolog: could not write event: write experiment-output/0001/slave-031/client-032.log: file already closed
zerolog: could not write event: write experiment-output/0001/slave-031/client-108.log: file already closed
07:41:09.701 INF Stopping Tracer. events=1016 fileName=experiment-output/0001/slave-031/client-159.trc
zerolog: could not write event: write experiment-output/0001/slave-031/client-036.log: file already closed
zerolog: could not write event: write experiment-output/0001/slave-031/client-032.log: file already closed
zerolog: could not write event: write experiment-output/0001/slave-031/client-036.log: file already closed
zerolog: could not write event: write experiment-output/0001/slave-031/client-032.log: file already closed
zerolog: could not write event: write experiment-output/0001/slave-031/client-032.log: file already closed
zerolog: could not write event: write experiment-output/0001/slave-031/client-032.log: file already closed
zerolog: could not write event: write experiment-output/0001/slave-031/client-029.log: file already closed
zerolog: could not write event: write experiment-output/0001/slave-031/client-108.log: file already closed
zerolog: could not write event: write experiment-output/0001/slave-031/client-036.log: file already closed
zerolog: could not write event: write experiment-output/0001/slave-031/client-029.log: file already closed
07:41:09.703 INF Trace data written.
zerolog: could not write event: write experiment-output/0001/slave-031/client-108.log: file already closed
07:41:09.703 INF Done.
07:41:09.703 INF Stopping profiler.
zerolog: could not write event: write experiment-output/0001/slave-031/client-036.log: file already closed
zerolog: could not write event: write experiment-output/0001/slave-031/client-029.log: file already closed
zerolog: could not write event: write experiment-output/0001/slave-031/client-227.log: file already closed
zerolog: could not write event: write experiment-output/0001/slave-031/client-032.log: file already closed
zerolog: could not write event: write experiment-output/0001/slave-031/client-029.log: file already closed
zerolog: could not write event: write experiment-output/0001/slave-031/client-036.log: file already closed
zerolog: could not write event: write experiment-output/0001/slave-031/client-036.log: file already closed
zerolog: could not write event: write experiment-output/0001/slave-031/client-227.log: file already closed
zerolog: could not write event: write experiment-output/0001/slave-031/client-029.log: file already closed
zerolog: could not write event: write experiment-output/0001/slave-031/client-029.log: file already closed
zerolog: could not write event: write experiment-output/0001/slave-031/client-032.log: file already closed
zerolog: could not write event: write experiment-output/0001/slave-031/client-108.log: file already closed
zerolog: could not write event: write experiment-output/0001/slave-031/client-227.log: file already closed
zerolog: could not write event: write experiment-output/0001/slave-031/client-032.log: file already closed
zerolog: could not write event: write experiment-output/0001/slave-031/client-108.log: file already closed
zerolog: could not write event: write experiment-output/0001/slave-031/client-036.log: file already closed
zerolog: could not write event: write experiment-output/0001/slave-031/client-032.log: file already closed
zerolog: could not write event: write experiment-output/0001/slave-031/client-036.log: file already closed
zerolog: could not write event: write experiment-output/0001/slave-031/client-036.log: file already closed
zerolog: could not write event: write experiment-output/0001/slave-031/client-029.log: file already closed
zerolog: could not write event: write experiment-output/0001/slave-031/client-108.log: file already closed
zerolog: could not write event: write experiment-output/0001/slave-031/client-029.log: file already closed
zerolog: could not write event: write experiment-output/0001/slave-031/client-108.log: file already closed
zerolog: could not write event: write experiment-output/0001/slave-031/client-036.log: file already closed
zerolog: could not write event: write experiment-output/0001/slave-031/client-036.log: file already closed
zerolog: could not write event: write experiment-output/0001/slave-031/client-227.log: file already closed
zerolog: could not write event: write experiment-output/0001/slave-031/client-036.log: file already closed
zerolog: could not write event: write experiment-output/0001/slave-031/client-108.log: file already closed
zerolog: could not write event: write experiment-output/0001/slave-031/client-036.log: file already closed
zerolog: could not write event: write experiment-output/0001/slave-031/client-108.log: file already closed
zerolog: could not write event: write experiment-output/0001/slave-031/client-032.log: file already closed
zerolog: could not write event: write experiment-output/0001/slave-031/client-108.log: file already closed
zerolog: could not write event: write experiment-output/0001/slave-031/client-032.log: file already closed
zerolog: could not write event: write experiment-output/0001/slave-031/client-036.log: file already closed
zerolog: could not write event: write experiment-output/0001/slave-031/client-032.log: file already closed
zerolog: could not write event: write experiment-output/0001/slave-031/client-108.log: file already closed
zerolog: could not write event: write experiment-output/0001/slave-031/client-036.log: file already closed
zerolog: could not write event: write experiment-output/0001/slave-031/client-032.log: file already closed
zerolog: could not write event: write experiment-output/0001/slave-031/client-036.log: file already closed
zerolog: could not write event: write experiment-output/0001/slave-031/client-227.log: file already closed
zerolog: could not write event: write experiment-output/0001/slave-031/client-227.log: file already closed
zerolog: could not write event: write experiment-output/0001/slave-031/client-108.log: file already closed
zerolog: could not write event: write experiment-output/0001/slave-031/client-227.log: file already closed
zerolog: could not write event: write experiment-output/0001/slave-031/client-227.log: file already closed
zerolog: could not write event: write experiment-output/0001/slave-031/client-108.log: file already closed
zerolog: could not write event: write experiment-output/0001/slave-031/client-227.log: file already closed
zerolog: could not write event: write experiment-output/0001/slave-031/client-227.log: file already closed
zerolog: could not write event: write experiment-output/0001/slave-031/client-227.log: file already closed
zerolog: could not write event: write experiment-output/0001/slave-031/client-227.log: file already closed
zerolog: could not write event: write experiment-output/0001/slave-031/client-108.log: file already closed
zerolog: could not write event: write experiment-output/0001/slave-031/client-227.log: file already closed
zerolog: could not write event: write experiment-output/0001/slave-031/client-108.log: file already closed
zerolog: could not write event: write experiment-output/0001/slave-031/client-227.log: file already closed
zerolog: could not write event: write experiment-output/0001/slave-031/client-108.log: file already closed
zerolog: could not write event: write experiment-output/0001/slave-031/client-108.log: file already closed
zerolog: could not write event: write experiment-output/0001/slave-031/client-227.log: file already closed
zerolog: could not write event: write experiment-output/0001/slave-031/client-108.log: file already closed
zerolog: could not write event: write experiment-output/0001/slave-031/client-108.log: file already closed
zerolog: could not write event: write experiment-output/0001/slave-031/client-227.log: file already closed
zerolog: could not write event: write experiment-output/0001/slave-031/client-036.log: file already closed
zerolog: could not write event: write experiment-output/0001/slave-031/client-227.log: file already closed
zerolog: could not write event: write experiment-output/0001/slave-031/client-108.log: file already closed
zerolog: could not write event: write experiment-output/0001/slave-031/client-227.log: file already closed
zerolog: could not write event: write experiment-output/0001/slave-031/client-227.log: file already closed
zerolog: could not write event: write experiment-output/0001/slave-031/client-036.log: file already closed
zerolog: could not write event: write experiment-output/0001/slave-031/client-227.log: file already closed
zerolog: could not write event: write experiment-output/0001/slave-031/client-227.log: file already closed
zerolog: could not write event: write experiment-output/0001/slave-031/client-108.log: file already closed
zerolog: could not write event: write experiment-output/0001/slave-031/client-036.log: file already closed
zerolog: could not write event: write experiment-output/0001/slave-031/client-227.log: file already closed
zerolog: could not write event: write experiment-output/0001/slave-031/client-108.log: file already closed
zerolog: could not write event: write experiment-output/0001/slave-031/client-108.log: file already closed
zerolog: could not write event: write experiment-output/0001/slave-031/client-227.log: file already closed
zerolog: could not write event: write experiment-output/0001/slave-031/client-108.log: file already closed
zerolog: could not write event: write experiment-output/0001/slave-031/client-227.log: file already closed
zerolog: could not write event: write experiment-output/0001/slave-031/client-227.log: file already closed
zerolog: could not write event: write experiment-output/0001/slave-031/client-227.log: file already closed
07:41:09.726 INF Profile data written. filename=experiment-output/0001/slave-031/prof-client.block name=block
zerolog: could not write event: write experiment-output/0001/slave-031/client-108.log: file already closed
zerolog: could not write event: write experiment-output/0001/slave-031/client-108.log: file already closed
zerolog: could not write event: write experiment-output/0001/slave-031/client-036.log: file already closed
zerolog: could not write event: write experiment-output/0001/slave-031/client-227.log: file already closed
zerolog: could not write event: write experiment-output/0001/slave-031/client-108.log: file already closed
zerolog: could not write event: write experiment-output/0001/slave-031/client-227.log: file already closed
zerolog: could not write event: write experiment-output/0001/slave-031/client-227.log: file already closed
zerolog: could not write event: write experiment-output/0001/slave-031/client-108.log: file already closed
zerolog: could not write event: write experiment-output/0001/slave-031/client-108.log: file already closed
zerolog: could not write event: write experiment-output/0001/slave-031/client-108.log: file already closed
zerolog: could not write event: write experiment-output/0001/slave-031/client-227.log: file already closed
zerolog: could not write event: write experiment-output/0001/slave-031/client-227.log: file already closed
zerolog: could not write event: write experiment-output/0001/slave-031/client-108.log: file already closed
zerolog: could not write event: write experiment-output/0001/slave-031/client-066.log: file already closed
zerolog: could not write event: write experiment-output/0001/slave-031/client-108.log: file already closed
zerolog: could not write event: write experiment-output/0001/slave-031/client-227.log: file already closed
zerolog: could not write event: write experiment-output/0001/slave-031/client-227.log: file already closed
zerolog: could not write event: write experiment-output/0001/slave-031/client-108.log: file already closed
zerolog: could not write event: write experiment-output/0001/slave-031/client-108.log: file already closed
zerolog: could not write event: write experiment-output/0001/slave-031/client-227.log: file already closed
zerolog: could not write event: write experiment-output/0001/slave-031/client-066.log: file already closed
zerolog: could not write event: write experiment-output/0001/slave-031/client-066.log: file already closed
zerolog: could not write event: write experiment-output/0001/slave-031/client-108.log: file already closed
zerolog: could not write event: write experiment-output/0001/slave-031/client-108.log: file already closed
07:41:09.732 INF Profile data written. filename=experiment-output/0001/slave-031/prof-client.mutex name=mutex
zerolog: could not write event: write experiment-output/0001/slave-031/client-227.log: file already closed
zerolog: could not write event: write experiment-output/0001/slave-031/client-227.log: file already closed
zerolog: could not write event: write experiment-output/0001/slave-031/client-066.log: file already closed
zerolog: could not write event: write experiment-output/0001/slave-031/client-227.log: file already closed
zerolog: could not write event: write experiment-output/0001/slave-031/client-227.log: file already closed
zerolog: could not write event: write experiment-output/0001/slave-031/client-108.log: file already closed
zerolog: could not write event: write experiment-output/0001/slave-031/client-024.log: file already closed
zerolog: could not write event: write experiment-output/0001/slave-031/client-108.log: file already closed
zerolog: could not write event: write experiment-output/0001/slave-031/client-066.log: file already closed
zerolog: could not write event: write experiment-output/0001/slave-031/client-024.log: file already closed
zerolog: could not write event: write experiment-output/0001/slave-031/client-024.log: file already closed
zerolog: could not write event: write experiment-output/0001/slave-031/client-108.log: file already closed
zerolog: could not write event: write experiment-output/0001/slave-031/client-227.log: file already closed
zerolog: could not write event: write experiment-output/0001/slave-031/client-108.log: file already closed
zerolog: could not write event: write experiment-output/0001/slave-031/client-108.log: file already closed
zerolog: could not write event: write experiment-output/0001/slave-031/client-227.log: file already closed
zerolog: could not write event: write experiment-output/0001/slave-031/client-108.log: file already closed
zerolog: could not write event: write experiment-output/0001/slave-031/client-108.log: file already closed
zerolog: could not write event: write experiment-output/0001/slave-031/client-227.log: file already closed
zerolog: could not write event: write experiment-output/0001/slave-031/client-066.log: file already closed
zerolog: could not write event: write experiment-output/0001/slave-031/client-108.log: file already closed
zerolog: could not write event: write experiment-output/0001/slave-031/client-066.log: file already closed
zerolog: could not write event: write experiment-output/0001/slave-031/client-108.log: file already closed
zerolog: could not write event: write experiment-output/0001/slave-031/client-227.log: file already closed
zerolog: could not write event: write experiment-output/0001/slave-031/client-108.log: file already closed
zerolog: could not write event: write experiment-output/0001/slave-031/client-227.log: file already closed
zerolog: could not write event: write experiment-output/0001/slave-031/client-024.log: file already closed
zerolog: could not write event: write experiment-output/0001/slave-031/client-108.log: file already closed
zerolog: could not write event: write experiment-output/0001/slave-031/client-024.log: file already closed
zerolog: could not write event: write experiment-output/0001/slave-031/client-227.log: file already closed
zerolog: could not write event: write experiment-output/0001/slave-031/client-108.log: file already closed
zerolog: could not write event: write experiment-output/0001/slave-031/client-108.log: file already closed
zerolog: could not write event: write experiment-output/0001/slave-031/client-066.log: file already closed
zerolog: could not write event: write experiment-output/0001/slave-031/client-227.log: file already closed
zerolog: could not write event: write experiment-output/0001/slave-031/client-108.log: file already closed
zerolog: could not write event: write experiment-output/0001/slave-031/client-066.log: file already closed
zerolog: could not write event: write experiment-output/0001/slave-031/client-066.log: file already closed
zerolog: could not write event: write experiment-output/0001/slave-031/client-066.log: file already closed
zerolog: could not write event: write experiment-output/0001/slave-031/client-108.log: file already closed
zerolog: could not write event: write experiment-output/0001/slave-031/client-066.log: file already closed
zerolog: could not write event: write experiment-output/0001/slave-031/client-066.log: file already closed
zerolog: could not write event: write experiment-output/0001/slave-031/client-227.log: file already closed
zerolog: could not write event: write experiment-output/0001/slave-031/client-227.log: file already closed
zerolog: could not write event: write experiment-output/0001/slave-031/client-024.log: file already closed
zerolog: could not write event: write experiment-output/0001/slave-031/client-108.log: file already closed
zerolog: could not write event: write experiment-output/0001/slave-031/client-066.log: file already closed
zerolog: could not write event: write experiment-output/0001/slave-031/client-108.log: file already closed
zerolog: could not write event: write experiment-output/0001/slave-031/client-227.log: file already closed
zerolog: could not write event: write experiment-output/0001/slave-031/client-227.log: file already closed
zerolog: could not write event: write experiment-output/0001/slave-031/client-066.log: file already closed
zerolog: could not write event: write experiment-output/0001/slave-031/client-108.log: file already closed
zerolog: could not write event: write experiment-output/0001/slave-031/client-066.log: file already closed
zerolog: could not write event: write experiment-output/0001/slave-031/client-108.log: file already closed
zerolog: could not write event: write experiment-output/0001/slave-031/client-227.log: file already closed
zerolog: could not write event: write experiment-output/0001/slave-031/client-066.log: file already closed
zerolog: could not write event: write experiment-output/0001/slave-031/client-227.log: file already closed
zerolog: could not write event: write experiment-output/0001/slave-031/client-108.log: file already closed
zerolog: could not write event: write experiment-output/0001/slave-031/client-227.log: file already closed
zerolog: could not write event: write experiment-output/0001/slave-031/client-066.log: file already closed
zerolog: could not write event: write experiment-output/0001/slave-031/client-066.log: file already closed
zerolog: could not write event: write experiment-output/0001/slave-031/client-108.log: file already closed
zerolog: could not write event: write experiment-output/0001/slave-031/client-066.log: file already closed
zerolog: could not write event: write experiment-output/0001/slave-031/client-066.log: file already closed
zerolog: could not write event: write experiment-output/0001/slave-031/client-024.log: file already closed
zerolog: could not write event: write experiment-output/0001/slave-031/client-024.log: file already closed
zerolog: could not write event: write experiment-output/0001/slave-031/client-108.log: file already closed
zerolog: could not write event: write experiment-output/0001/slave-031/client-227.log: file already closed
zerolog: could not write event: write experiment-output/0001/slave-031/client-227.log: file already closed
zerolog: could not write event: write experiment-output/0001/slave-031/client-227.log: file already closed
zerolog: could not write event: write experiment-output/0001/slave-031/client-227.log: file already closed
zerolog: could not write event: write experiment-output/0001/slave-031/client-066.log: file already closed
zerolog: could not write event: write experiment-output/0001/slave-031/client-024.log: file already closed
zerolog: could not write event: write experiment-output/0001/slave-031/client-066.log: file already closed
zerolog: could not write event: write experiment-output/0001/slave-031/client-227.log: file already closed
zerolog: could not write event: write experiment-output/0001/slave-031/client-024.log: file already closed
zerolog: could not write event: write experiment-output/0001/slave-031/client-066.log: file already closed
zerolog: could not write event: write experiment-output/0001/slave-031/client-066.log: file already closed
zerolog: could not write event: write experiment-output/0001/slave-031/client-024.log: file already closed
zerolog: could not write event: write experiment-output/0001/slave-031/client-066.log: file already closed
zerolog: could not write event: write experiment-output/0001/slave-031/client-024.log: file already closed
zerolog: could not write event: write experiment-output/0001/slave-031/client-066.log: file already closed
zerolog: could not write event: write experiment-output/0001/slave-031/client-024.log: file already closed
zerolog: could not write event: write experiment-output/0001/slave-031/client-066.log: file already closed
zerolog: could not write event: write experiment-output/0001/slave-031/client-066.log: file already closed
zerolog: could not write event: write experiment-output/0001/slave-031/client-024.log: file already closed
zerolog: could not write event: write experiment-output/0001/slave-031/client-024.log: file already closed
zerolog: could not write event: write experiment-output/0001/slave-031/client-066.log: file already closed
zerolog: could not write event: write experiment-output/0001/slave-031/client-066.log: file already closed
zerolog: could not write event: write experiment-output/0001/slave-031/client-066.log: file already closed
zerolog: could not write event: write experiment-output/0001/slave-031/client-024.log: file already closed
zerolog: could not write event: write experiment-output/0001/slave-031/client-066.log: file already closed
zerolog: could not write event: write experiment-output/0001/slave-031/client-066.log: file already closed
zerolog: could not write event: write experiment-output/0001/slave-031/client-066.log: file already closed
zerolog: could not write event: write experiment-output/0001/slave-031/client-024.log: file already closed
zerolog: could not write event: write experiment-output/0001/slave-031/client-024.log: file already closed
zerolog: could not write event: write experiment-output/0001/slave-031/client-227.log: file already closed
zerolog: could not write event: write experiment-output/0001/slave-031/client-066.log: file already closed
zerolog: could not write event: write experiment-output/0001/slave-031/client-024.log: file already closed
zerolog: could not write event: write experiment-output/0001/slave-031/client-066.log: file already closed
zerolog: could not write event: write experiment-output/0001/slave-031/client-066.log: file already closed
zerolog: could not write event: write experiment-output/0001/slave-031/client-024.log: file already closed
zerolog: could not write event: write experiment-output/0001/slave-031/client-066.log: file already closed
zerolog: could not write event: write experiment-output/0001/slave-031/client-024.log: file already closed
zerolog: could not write event: write experiment-output/0001/slave-031/client-066.log: file already closed
zerolog: could not write event: write experiment-output/0001/slave-031/client-066.log: file already closed
zerolog: could not write event: write experiment-output/0001/slave-031/client-066.log: file already closed
zerolog: could not write event: write experiment-output/0001/slave-031/client-066.log: file already closed
zerolog: could not write event: write experiment-output/0001/slave-031/client-066.log: file already closed
zerolog: could not write event: write experiment-output/0001/slave-031/client-066.log: file already closed
zerolog: could not write event: write experiment-output/0001/slave-031/client-024.log: file already closed
zerolog: could not write event: write experiment-output/0001/slave-031/client-066.log: file already closed
zerolog: could not write event: write experiment-output/0001/slave-031/client-066.log: file already closed
zerolog: could not write event: write experiment-output/0001/slave-031/client-024.log: file already closed
zerolog: could not write event: write experiment-output/0001/slave-031/client-066.log: file already closed
zerolog: could not write event: write experiment-output/0001/slave-031/client-024.log: file already closed
zerolog: could not write event: write experiment-output/0001/slave-031/client-024.log: file already closed
zerolog: could not write event: write experiment-output/0001/slave-031/client-024.log: file already closed
zerolog: could not write event: write experiment-output/0001/slave-031/client-066.log: file already closed
zerolog: could not write event: write experiment-output/0001/slave-031/client-066.log: file already closed
zerolog: could not write event: write experiment-output/0001/slave-031/client-024.log: file already closed
zerolog: could not write event: write experiment-output/0001/slave-031/client-024.log: file already closed
zerolog: could not write event: write experiment-output/0001/slave-031/client-066.log: file already closed
zerolog: could not write event: write experiment-output/0001/slave-031/client-024.log: file already closed
zerolog: could not write event: write experiment-output/0001/slave-031/client-066.log: file already closed
zerolog: could not write event: write experiment-output/0001/slave-031/client-024.log: file already closed
zerolog: could not write event: write experiment-output/0001/slave-031/client-024.log: file already closed
zerolog: could not write event: write experiment-output/0001/slave-031/client-024.log: file already closed
zerolog: could not write event: write experiment-output/0001/slave-031/client-066.log: file already closed
zerolog: could not write event: write experiment-output/0001/slave-031/client-066.log: file already closed
zerolog: could not write event: write experiment-output/0001/slave-031/client-024.log: file already closed
zerolog: could not write event: write experiment-output/0001/slave-031/client-024.log: file already closed
zerolog: could not write event: write experiment-output/0001/slave-031/client-024.log: file already closed
zerolog: could not write event: write experiment-output/0001/slave-031/client-024.log: file already closed
zerolog: could not write event: write experiment-output/0001/slave-031/client-159.log: file already closed
zerolog: could not write event: write experiment-output/0001/slave-031/client-066.log: file already closed
zerolog: could not write event: write experiment-output/0001/slave-031/client-024.log: file already closed
zerolog: could not write event: write experiment-output/0001/slave-031/client-066.log: file already closed
zerolog: could not write event: write experiment-output/0001/slave-031/client-024.log: file already closed
zerolog: could not write event: write experiment-output/0001/slave-031/client-024.log: file already closed
zerolog: could not write event: write experiment-output/0001/slave-031/client-024.log: file already closed
zerolog: could not write event: write experiment-output/0001/slave-031/client-159.log: file already closed
zerolog: could not write event: write experiment-output/0001/slave-031/client-066.log: file already closed
zerolog: could not write event: write experiment-output/0001/slave-031/client-024.log: file already closed
zerolog: could not write event: write experiment-output/0001/slave-031/client-024.log: file already closed
zerolog: could not write event: write experiment-output/0001/slave-031/client-066.log: file already closed
zerolog: could not write event: write experiment-output/0001/slave-031/client-024.log: file already closed
zerolog: could not write event: write experiment-output/0001/slave-031/client-024.log: file already closed
zerolog: could not write event: write experiment-output/0001/slave-031/client-159.log: file already closed
zerolog: could not write event: write experiment-output/0001/slave-031/client-066.log: file already closed
zerolog: could not write event: write experiment-output/0001/slave-031/client-066.log: file already closed
zerolog: could not write event: write experiment-output/0001/slave-031/client-024.log: file already closed
zerolog: could not write event: write experiment-output/0001/slave-031/client-066.log: file already closed
zerolog: could not write event: write experiment-output/0001/slave-031/client-159.log: file already closed
zerolog: could not write event: write experiment-output/0001/slave-031/client-024.log: file already closed
zerolog: could not write event: write experiment-output/0001/slave-031/client-066.log: file already closed
zerolog: could not write event: write experiment-output/0001/slave-031/client-024.log: file already closed
zerolog: could not write event: write experiment-output/0001/slave-031/client-024.log: file already closed
zerolog: could not write event: write experiment-output/0001/slave-031/client-066.log: file already closed
zerolog: could not write event: write experiment-output/0001/slave-031/client-024.log: file already closed
zerolog: could not write event: write experiment-output/0001/slave-031/client-024.log: file already closed
zerolog: could not write event: write experiment-output/0001/slave-031/client-066.log: file already closed
zerolog: could not write event: write experiment-output/0001/slave-031/client-024.log: file already closed
zerolog: could not write event: write experiment-output/0001/slave-031/client-024.log: file already closed
zerolog: could not write event: write experiment-output/0001/slave-031/client-159.log: file already closed
zerolog: could not write event: write experiment-output/0001/slave-031/client-024.log: file already closed
zerolog: could not write event: write experiment-output/0001/slave-031/client-159.log: file already closed
zerolog: could not write event: write experiment-output/0001/slave-031/client-024.log: file already closed
zerolog: could not write event: write experiment-output/0001/slave-031/client-159.log: file already closed
zerolog: could not write event: write experiment-output/0001/slave-031/client-024.log: file already closed
zerolog: could not write event: write experiment-output/0001/slave-031/client-159.log: file already closed
zerolog: could not write event: write experiment-output/0001/slave-031/client-024.log: file already closed
zerolog: could not write event: write experiment-output/0001/slave-031/client-024.log: file already closed
zerolog: could not write event: write experiment-output/0001/slave-031/client-159.log: file already closed
zerolog: could not write event: write experiment-output/0001/slave-031/client-024.log: file already closed
zerolog: could not write event: write experiment-output/0001/slave-031/client-159.log: file already closed
zerolog: could not write event: write experiment-output/0001/slave-031/client-159.log: file already closed
zerolog: could not write event: write experiment-output/0001/slave-031/client-024.log: file already closed
zerolog: could not write event: write experiment-output/0001/slave-031/client-159.log: file already closed
zerolog: could not write event: write experiment-output/0001/slave-031/client-024.log: file already closed
zerolog: could not write event: write experiment-output/0001/slave-031/client-159.log: file already closed
zerolog: could not write event: write experiment-output/0001/slave-031/client-159.log: file already closed
zerolog: could not write event: write experiment-output/0001/slave-031/client-024.log: file already closed
zerolog: could not write event: write experiment-output/0001/slave-031/client-159.log: file already closed
zerolog: could not write event: write experiment-output/0001/slave-031/client-159.log: file already closed
zerolog: could not write event: write experiment-output/0001/slave-031/client-159.log: file already closed
zerolog: could not write event: write experiment-output/0001/slave-031/client-159.log: file already closed
zerolog: could not write event: write experiment-output/0001/slave-031/client-159.log: file already closed
zerolog: could not write event: write experiment-output/0001/slave-031/client-159.log: file already closed
zerolog: could not write event: write experiment-output/0001/slave-031/client-024.log: file already closed
zerolog: could not write event: write experiment-output/0001/slave-031/client-024.log: file already closed
zerolog: could not write event: write experiment-output/0001/slave-031/client-024.log: file already closed
zerolog: could not write event: write experiment-output/0001/slave-031/client-159.log: file already closed
zerolog: could not write event: write experiment-output/0001/slave-031/client-159.log: file already closed
zerolog: could not write event: write experiment-output/0001/slave-031/client-159.log: file already closed
zerolog: could not write event: write experiment-output/0001/slave-031/client-159.log: file already closed
zerolog: could not write event: write experiment-output/0001/slave-031/client-159.log: file already closed
zerolog: could not write event: write experiment-output/0001/slave-031/client-159.log: file already closed
zerolog: could not write event: write experiment-output/0001/slave-031/client-159.log: file already closed
zerolog: could not write event: write experiment-output/0001/slave-031/client-159.log: file already closed
zerolog: could not write event: write experiment-output/0001/slave-031/client-159.log: file already closed
zerolog: could not write event: write experiment-output/0001/slave-031/client-159.log: file already closed
zerolog: could not write event: write experiment-output/0001/slave-031/client-159.log: file already closed
zerolog: could not write event: write experiment-output/0001/slave-031/client-159.log: file already closed
zerolog: could not write event: write experiment-output/0001/slave-031/client-159.log: file already closed
zerolog: could not write event: write experiment-output/0001/slave-031/client-159.log: file already closed
zerolog: could not write event: write experiment-output/0001/slave-031/client-159.log: file already closed
zerolog: could not write event: write experiment-output/0001/slave-031/client-159.log: file already closed
zerolog: could not write event: write experiment-output/0001/slave-031/client-159.log: file already closed
zerolog: could not write event: write experiment-output/0001/slave-031/client-159.log: file already closed
zerolog: could not write event: write experiment-output/0001/slave-031/client-159.log: file already closed
zerolog: could not write event: write experiment-output/0001/slave-031/client-159.log: file already closed
zerolog: could not write event: write experiment-output/0001/slave-031/client-159.log: file already closed
zerolog: could not write event: write experiment-output/0001/slave-031/client-159.log: file already closed
zerolog: could not write event: write experiment-output/0001/slave-031/client-159.log: file already closed
zerolog: could not write event: write experiment-output/0001/slave-031/client-159.log: file already closed
zerolog: could not write event: write experiment-output/0001/slave-031/client-159.log: file already closed
zerolog: could not write event: write experiment-output/0001/slave-031/client-159.log: file already closed
zerolog: could not write event: write experiment-output/0001/slave-031/client-159.log: file already closed
zerolog: could not write event: write experiment-output/0001/slave-031/client-159.log: file already closed
zerolog: could not write event: write experiment-output/0001/slave-031/client-159.log: file already closed
zerolog: could not write event: write experiment-output/0001/slave-031/client-159.log: file already closed
zerolog: could not write event: write experiment-output/0001/slave-031/client-159.log: file already closed
zerolog: could not write event: write experiment-output/0001/slave-031/client-159.log: file already closed
zerolog: could not write event: write experiment-output/0001/slave-031/client-159.log: file already closed
zerolog: could not write event: write experiment-output/0001/slave-031/client-159.log: file already closed
zerolog: could not write event: write experiment-output/0001/slave-031/client-159.log: file already closed
zerolog: could not write event: write experiment-output/0001/slave-031/client-159.log: file already closed
zerolog: could not write event: write experiment-output/0001/slave-031/client-159.log: file already closed
zerolog: could not write event: write experiment-output/0001/slave-031/client-159.log: file already closed
zerolog: could not write event: write experiment-output/0001/slave-031/client-159.log: file already closed
zerolog: could not write event: write experiment-output/0001/slave-031/client-159.log: file already closed
zerolog: could not write event: write experiment-output/0001/slave-031/client-159.log: file already closed
zerolog: could not write event: write experiment-output/0001/slave-031/client-159.log: file already closed
zerolog: could not write event: write experiment-output/0001/slave-031/client-159.log: file already closed
zerolog: could not write event: write experiment-output/0001/slave-031/client-159.log: file already closed
07:41:09.840 INF Profile data written. filename=experiment-output/0001/slave-031/prof-client.cpu name=cpu
