{"level":"debug","Logging":"info","time":"2023-03-19T10:42:01Z","message":"Config"}
{"level":"debug","UseTLS":false,"time":"2023-03-19T10:42:01Z","message":"Config"}
{"level":"debug","CACertFile":"tls-data/ca.pem","time":"2023-03-19T10:42:01Z","message":"Config"}
{"level":"debug","KeyFile":"tls-data/auth.key","time":"2023-03-19T10:42:01Z","message":"Config"}
{"level":"debug","CertFile":"tls-data/auth.pem","time":"2023-03-19T10:42:01Z","message":"Config"}
{"level":"debug","PriorityConnections":2,"time":"2023-03-19T10:42:01Z","message":"Config"}
{"level":"debug","BasicConnections":1,"time":"2023-03-19T10:42:01Z","message":"Config"}
{"level":"debug","TestConnections":false,"time":"2023-03-19T10:42:01Z","message":"Config"}
{"level":"debug","ExcessConnections":1,"time":"2023-03-19T10:42:01Z","message":"Config"}
{"level":"debug","ConnectionTestMsgs":4,"time":"2023-03-19T10:42:01Z","message":"Config"}
{"level":"debug","ConnectionTestPayload":131072,"time":"2023-03-19T10:42:01Z","message":"Config"}
{"level":"debug","OutMessageBufsize":1024,"time":"2023-03-19T10:42:01Z","message":"Config"}
{"level":"debug","OutMessageBufsize":4,"time":"2023-03-19T10:42:01Z","message":"Config"}
{"level":"debug","ThroughputCap":131072000,"time":"2023-03-19T10:42:01Z","message":"Config"}
{"level":"debug","StragglerTolerance":1000,"time":"2023-03-19T10:42:01Z","message":"Config"}
{"level":"debug","BatchSizeIncrement":256,"time":"2023-03-19T10:42:01Z","message":"Config"}
{"level":"debug","Orderer":"Pbft","time":"2023-03-19T10:42:01Z","message":"Config"}
{"level":"debug","Manager":"Mir","time":"2023-03-19T10:42:01Z","message":"Config"}
{"level":"debug","Failures":0,"time":"2023-03-19T10:42:01Z","message":"Config"}
{"level":"debug","StragglerCnt":1,"time":"2023-03-19T10:42:01Z","message":"Config"}
{"level":"debug","PrivKeyCnt":10,"time":"2023-03-19T10:42:01Z","message":"Config"}
{"level":"debug","UseSig":false,"time":"2023-03-19T10:42:01Z","message":"Config"}
{"level":"debug","CrashTiming":"Straggler","time":"2023-03-19T10:42:01Z","message":"Config"}
{"level":"debug","CheckpointInterval":512,"time":"2023-03-19T10:42:01Z","message":"Config"}
{"level":"debug","WatermarkWindowSize":512,"time":"2023-03-19T10:42:01Z","message":"Config"}
{"level":"debug","EpochLength":512,"time":"2023-03-19T10:42:01Z","message":"Config"}
{"level":"debug","SegmentLength":32,"time":"2023-03-19T10:42:01Z","message":"Config"}
{"level":"debug","WaitForCheckpoints":true,"time":"2023-03-19T10:42:01Z","message":"Config"}
{"level":"debug","ClientWatermarkWindowSize":16384,"time":"2023-03-19T10:42:01Z","message":"Config"}
{"level":"debug","ClientRequestBacklogSize":16384,"time":"2023-03-19T10:42:01Z","message":"Config"}
{"level":"debug","RandomSeed":19386,"time":"2023-03-19T10:42:01Z","message":"Config"}
{"level":"debug","NodeToLeaderRatio":1,"time":"2023-03-19T10:42:01Z","message":"Config"}
{"level":"debug","LeaderPolicy":"Simple","time":"2023-03-19T10:42:01Z","message":"Config"}
{"level":"debug","DefaultLeaderBan":2,"time":"2023-03-19T10:42:01Z","message":"Config"}
{"level":"debug","NumBuckets":256,"time":"2023-03-19T10:42:01Z","message":"Config"}
{"level":"debug","BatchSize":1000,"time":"2023-03-19T10:42:01Z","message":"Config"}
{"level":"debug","DisabledViewChange":false,"time":"2023-03-19T10:42:01Z","message":"Config"}
{"level":"debug","ViewChangeTimeout":60000,"time":"2023-03-19T10:42:01Z","message":"Config"}
{"level":"debug","ClientTraceSampling":10,"time":"2023-03-19T10:42:01Z","message":"Config"}
{"level":"debug","EventBufferSize":2097152,"time":"2023-03-19T10:42:01Z","message":"Config"}
{"level":"debug","TraceSampling":1,"time":"2023-03-19T10:42:01Z","message":"Config"}
{"level":"debug","ClientsPerProcess":8,"time":"2023-03-19T10:42:01Z","message":"Config"}
{"level":"debug","RequestsPerClient":15234,"time":"2023-03-19T10:42:01Z","message":"Config"}
{"level":"debug","ClientRunTime":15000,"time":"2023-03-19T10:42:01Z","message":"Config"}
{"level":"debug","RequestRate":507,"time":"2023-03-19T10:42:01Z","message":"Config"}
{"level":"debug","HardRequestRateLimit":false,"time":"2023-03-19T10:42:01Z","message":"Config"}
{"level":"debug","RequestPayloadSize":500,"time":"2023-03-19T10:42:01Z","message":"Config"}
{"level":"debug","SignRequests":true,"time":"2023-03-19T10:42:01Z","message":"Config"}
{"level":"debug","ClientPrivKeyFile":"tls-data/client-ecdsa-256.key","time":"2023-03-19T10:42:01Z","message":"Config"}
{"level":"debug","ClientPubKeyFile":"tls-data/client-ecdsa-256.pem","time":"2023-03-19T10:42:01Z","message":"Config"}
{"level":"debug","PrecomputeRequests":false,"time":"2023-03-19T10:42:01Z","message":"Config"}
{"level":"debug","RequestHandlerThreads":32,"time":"2023-03-19T10:42:01Z","message":"Config"}
{"level":"debug","RequestInputChannelBuffer":8192,"time":"2023-03-19T10:42:01Z","message":"Config"}
{"level":"debug","BatchVerifier":"external","time":"2023-03-19T10:42:01Z","message":"Config"}
10:42:01.626 INF Started Profiler: CPU
10:42:01.627 INF Started Profiler: BLOCK
10:42:01.627 INF Started Profiler: MUTEX
10:42:01.627 INF Starting clients. numClients=8 numRequests=15234
10:42:01.627 INF Initilizing clients.
10:42:01.633 INF Registared with discovery server. numOrderers=16 ownClientId=15
10:42:01.633 INF Registared with discovery server. numOrderers=16 ownClientId=9
10:42:01.633 INF Registared with discovery server. numOrderers=16 ownClientId=13
10:42:01.633 INF Registared with discovery server. numOrderers=16 ownClientId=10
10:42:01.635 INF Registared with discovery server. numOrderers=16 ownClientId=40
10:42:01.636 INF Registared with discovery server. numOrderers=16 ownClientId=52
10:42:01.636 INF Registared with discovery server. numOrderers=16 ownClientId=53
10:42:01.636 INF Registared with discovery server. numOrderers=16 ownClientId=46
10:42:01.636 INF Clients initialized.
10:42:01.636 INF Launching clients.
10:42:01.636 INF Waiting for clients.
10:43:42.664 INF Stopping Tracer. events=4613 fileName=experiment-output/0009/slave-008/client-010.trc
zerolog: could not write event: write experiment-output/0009/slave-008/client-010.log: file already closed
zerolog: could not write event: write experiment-output/0009/slave-008/client-010.log: file already closed
zerolog: could not write event: write experiment-output/0009/slave-008/client-010.log: file already closed
zerolog: could not write event: write experiment-output/0009/slave-008/client-010.log: file already closed
10:43:42.671 INF Trace data written.
10:43:42.677 INF Stopping Tracer. events=4422 fileName=experiment-output/0009/slave-008/client-052.trc
zerolog: could not write event: write experiment-output/0009/slave-008/client-052.log: file already closed
zerolog: could not write event: write experiment-output/0009/slave-008/client-052.log: file already closed
zerolog: could not write event: write experiment-output/0009/slave-008/client-052.log: file already closed
zerolog: could not write event: write experiment-output/0009/slave-008/client-052.log: file already closed
10:43:42.684 INF Trace data written.
10:43:42.684 INF Stopping Tracer. events=4581 fileName=experiment-output/0009/slave-008/client-040.trc
zerolog: could not write event: write experiment-output/0009/slave-008/client-040.log: file already closed
zerolog: could not write event: write experiment-output/0009/slave-008/client-040.log: file already closed
zerolog: could not write event: write experiment-output/0009/slave-008/client-040.log: file already closed
zerolog: could not write event: write experiment-output/0009/slave-008/client-040.log: file already closed
10:43:42.685 INF Stopping Tracer. events=3046 fileName=experiment-output/0009/slave-008/client-053.trc
10:43:42.685 INF Stopping Tracer. events=3045 fileName=experiment-output/0009/slave-008/client-009.trc
zerolog: could not write event: write experiment-output/0009/slave-008/client-053.log: file already closed
10:43:42.686 INF Stopping Tracer. events=4597 fileName=experiment-output/0009/slave-008/client-046.trc
zerolog: could not write event: write experiment-output/0009/slave-008/client-053.log: file already closed
10:43:42.686 INF Stopping Tracer. events=3045 fileName=experiment-output/0009/slave-008/client-013.trc
zerolog: could not write event: write experiment-output/0009/slave-008/client-053.log: file already closed
zerolog: could not write event: write experiment-output/0009/slave-008/client-053.log: file already closed
10:43:42.686 INF Stopping Tracer. events=3045 fileName=experiment-output/0009/slave-008/client-015.trc
zerolog: could not write event: write experiment-output/0009/slave-008/client-013.log: file already closed
zerolog: could not write event: write experiment-output/0009/slave-008/client-013.log: file already closed
zerolog: could not write event: write experiment-output/0009/slave-008/client-046.log: file already closed
zerolog: could not write event: write experiment-output/0009/slave-008/client-013.log: file already closed
zerolog: could not write event: write experiment-output/0009/slave-008/client-046.log: file already closed
zerolog: could not write event: write experiment-output/0009/slave-008/client-046.log: file already closed
zerolog: could not write event: write experiment-output/0009/slave-008/client-015.log: file already closed
zerolog: could not write event: write experiment-output/0009/slave-008/client-009.log: file already closed
zerolog: could not write event: write experiment-output/0009/slave-008/client-009.log: file already closed
zerolog: could not write event: write experiment-output/0009/slave-008/client-015.log: file already closed
zerolog: could not write event: write experiment-output/0009/slave-008/client-015.log: file already closed
zerolog: could not write event: write experiment-output/0009/slave-008/client-009.log: file already closed
zerolog: could not write event: write experiment-output/0009/slave-008/client-046.log: file already closed
zerolog: could not write event: write experiment-output/0009/slave-008/client-009.log: file already closed
zerolog: could not write event: write experiment-output/0009/slave-008/client-013.log: file already closed
zerolog: could not write event: write experiment-output/0009/slave-008/client-015.log: file already closed
10:43:42.691 INF Trace data written.
10:43:42.692 INF Trace data written.
10:43:42.693 INF Trace data written.
10:43:42.693 INF Trace data written.
10:43:42.694 INF Trace data written.
10:43:42.695 INF Trace data written.
10:43:42.695 INF Done.
10:43:42.695 INF Stopping profiler.
zerolog: could not write event: write experiment-output/0009/slave-008/client-010.log: file already closed
zerolog: could not write event: write experiment-output/0009/slave-008/client-010.log: file already closed
zerolog: could not write event: write experiment-output/0009/slave-008/client-010.log: file already closed
zerolog: could not write event: write experiment-output/0009/slave-008/client-010.log: file already closed
zerolog: could not write event: write experiment-output/0009/slave-008/client-052.log: file already closed
zerolog: could not write event: write experiment-output/0009/slave-008/client-052.log: file already closed
zerolog: could not write event: write experiment-output/0009/slave-008/client-052.log: file already closed
zerolog: could not write event: write experiment-output/0009/slave-008/client-052.log: file already closed
zerolog: could not write event: write experiment-output/0009/slave-008/client-040.log: file already closed
zerolog: could not write event: write experiment-output/0009/slave-008/client-040.log: file already closed
zerolog: could not write event: write experiment-output/0009/slave-008/client-040.log: file already closed
zerolog: could not write event: write experiment-output/0009/slave-008/client-053.log: file already closed
zerolog: could not write event: write experiment-output/0009/slave-008/client-053.log: file already closed
zerolog: could not write event: write experiment-output/0009/slave-008/client-053.log: file already closed
zerolog: could not write event: write experiment-output/0009/slave-008/client-053.log: file already closed
zerolog: could not write event: write experiment-output/0009/slave-008/client-046.log: file already closed
zerolog: could not write event: write experiment-output/0009/slave-008/client-013.log: file already closed
zerolog: could not write event: write experiment-output/0009/slave-008/client-009.log: file already closed
zerolog: could not write event: write experiment-output/0009/slave-008/client-046.log: file already closed
zerolog: could not write event: write experiment-output/0009/slave-008/client-015.log: file already closed
zerolog: could not write event: write experiment-output/0009/slave-008/client-013.log: file already closed
zerolog: could not write event: write experiment-output/0009/slave-008/client-015.log: file already closed
zerolog: could not write event: write experiment-output/0009/slave-008/client-015.log: file already closed
zerolog: could not write event: write experiment-output/0009/slave-008/client-013.log: file already closed
zerolog: could not write event: write experiment-output/0009/slave-008/client-009.log: file already closed
zerolog: could not write event: write experiment-output/0009/slave-008/client-046.log: file already closed
zerolog: could not write event: write experiment-output/0009/slave-008/client-009.log: file already closed
zerolog: could not write event: write experiment-output/0009/slave-008/client-046.log: file already closed
zerolog: could not write event: write experiment-output/0009/slave-008/client-013.log: file already closed
zerolog: could not write event: write experiment-output/0009/slave-008/client-009.log: file already closed
zerolog: could not write event: write experiment-output/0009/slave-008/client-015.log: file already closed
zerolog: could not write event: write experiment-output/0009/slave-008/client-040.log: file already closed
zerolog: could not write event: write experiment-output/0009/slave-008/client-010.log: file already closed
zerolog: could not write event: write experiment-output/0009/slave-008/client-010.log: file already closed
zerolog: could not write event: write experiment-output/0009/slave-008/client-010.log: file already closed
zerolog: could not write event: write experiment-output/0009/slave-008/client-010.log: file already closed
zerolog: could not write event: write experiment-output/0009/slave-008/client-052.log: file already closed
zerolog: could not write event: write experiment-output/0009/slave-008/client-052.log: file already closed
zerolog: could not write event: write experiment-output/0009/slave-008/client-052.log: file already closed
zerolog: could not write event: write experiment-output/0009/slave-008/client-052.log: file already closed
zerolog: could not write event: write experiment-output/0009/slave-008/client-040.log: file already closed
zerolog: could not write event: write experiment-output/0009/slave-008/client-040.log: file already closed
zerolog: could not write event: write experiment-output/0009/slave-008/client-046.log: file already closed
zerolog: could not write event: write experiment-output/0009/slave-008/client-040.log: file already closed
zerolog: could not write event: write experiment-output/0009/slave-008/client-013.log: file already closed
zerolog: could not write event: write experiment-output/0009/slave-008/client-053.log: file already closed
zerolog: could not write event: write experiment-output/0009/slave-008/client-053.log: file already closed
zerolog: could not write event: write experiment-output/0009/slave-008/client-015.log: file already closed
zerolog: could not write event: write experiment-output/0009/slave-008/client-053.log: file already closed
zerolog: could not write event: write experiment-output/0009/slave-008/client-040.log: file already closed
zerolog: could not write event: write experiment-output/0009/slave-008/client-053.log: file already closed
zerolog: could not write event: write experiment-output/0009/slave-008/client-013.log: file already closed
zerolog: could not write event: write experiment-output/0009/slave-008/client-013.log: file already closed
zerolog: could not write event: write experiment-output/0009/slave-008/client-015.log: file already closed
zerolog: could not write event: write experiment-output/0009/slave-008/client-046.log: file already closed
zerolog: could not write event: write experiment-output/0009/slave-008/client-015.log: file already closed
zerolog: could not write event: write experiment-output/0009/slave-008/client-009.log: file already closed
zerolog: could not write event: write experiment-output/0009/slave-008/client-015.log: file already closed
zerolog: could not write event: write experiment-output/0009/slave-008/client-009.log: file already closed
zerolog: could not write event: write experiment-output/0009/slave-008/client-009.log: file already closed
zerolog: could not write event: write experiment-output/0009/slave-008/client-013.log: file already closed
zerolog: could not write event: write experiment-output/0009/slave-008/client-046.log: file already closed
zerolog: could not write event: write experiment-output/0009/slave-008/client-046.log: file already closed
zerolog: could not write event: write experiment-output/0009/slave-008/client-009.log: file already closed
zerolog: could not write event: write experiment-output/0009/slave-008/client-010.log: file already closed
zerolog: could not write event: write experiment-output/0009/slave-008/client-010.log: file already closed
zerolog: could not write event: write experiment-output/0009/slave-008/client-010.log: file already closed
zerolog: could not write event: write experiment-output/0009/slave-008/client-010.log: file already closed
zerolog: could not write event: write experiment-output/0009/slave-008/client-052.log: file already closed
zerolog: could not write event: write experiment-output/0009/slave-008/client-052.log: file already closed
zerolog: could not write event: write experiment-output/0009/slave-008/client-052.log: file already closed
zerolog: could not write event: write experiment-output/0009/slave-008/client-052.log: file already closed
zerolog: could not write event: write experiment-output/0009/slave-008/client-040.log: file already closed
zerolog: could not write event: write experiment-output/0009/slave-008/client-040.log: file already closed
zerolog: could not write event: write experiment-output/0009/slave-008/client-040.log: file already closed
zerolog: could not write event: write experiment-output/0009/slave-008/client-040.log: file already closed
zerolog: could not write event: write experiment-output/0009/slave-008/client-053.log: file already closed
zerolog: could not write event: write experiment-output/0009/slave-008/client-015.log: file already closed
zerolog: could not write event: write experiment-output/0009/slave-008/client-053.log: file already closed
zerolog: could not write event: write experiment-output/0009/slave-008/client-046.log: file already closed
zerolog: could not write event: write experiment-output/0009/slave-008/client-053.log: file already closed
zerolog: could not write event: write experiment-output/0009/slave-008/client-015.log: file already closed
zerolog: could not write event: write experiment-output/0009/slave-008/client-009.log: file already closed
zerolog: could not write event: write experiment-output/0009/slave-008/client-009.log: file already closed
zerolog: could not write event: write experiment-output/0009/slave-008/client-046.log: file already closed
zerolog: could not write event: write experiment-output/0009/slave-008/client-046.log: file already closed
zerolog: could not write event: write experiment-output/0009/slave-008/client-015.log: file already closed
zerolog: could not write event: write experiment-output/0009/slave-008/client-013.log: file already closed
zerolog: could not write event: write experiment-output/0009/slave-008/client-015.log: file already closed
zerolog: could not write event: write experiment-output/0009/slave-008/client-009.log: file already closed
zerolog: could not write event: write experiment-output/0009/slave-008/client-013.log: file already closed
zerolog: could not write event: write experiment-output/0009/slave-008/client-046.log: file already closed
zerolog: could not write event: write experiment-output/0009/slave-008/client-013.log: file already closed
zerolog: could not write event: write experiment-output/0009/slave-008/client-013.log: file already closed
zerolog: could not write event: write experiment-output/0009/slave-008/client-009.log: file already closed
zerolog: could not write event: write experiment-output/0009/slave-008/client-053.log: file already closed
10:43:42.877 INF Profile data written. filename=experiment-output/0009/slave-008/prof-client.cpu name=cpu
10:43:42.904 INF Profile data written. filename=experiment-output/0009/slave-008/prof-client.block name=block
10:43:42.912 INF Profile data written. filename=experiment-output/0009/slave-008/prof-client.mutex name=mutex
