{"level":"debug","Logging":"info","time":"2023-03-19T09:30:17Z","message":"Config"}
{"level":"debug","UseTLS":false,"time":"2023-03-19T09:30:17Z","message":"Config"}
{"level":"debug","CACertFile":"tls-data/ca.pem","time":"2023-03-19T09:30:17Z","message":"Config"}
{"level":"debug","KeyFile":"tls-data/auth.key","time":"2023-03-19T09:30:17Z","message":"Config"}
{"level":"debug","CertFile":"tls-data/auth.pem","time":"2023-03-19T09:30:17Z","message":"Config"}
{"level":"debug","PriorityConnections":2,"time":"2023-03-19T09:30:17Z","message":"Config"}
{"level":"debug","BasicConnections":1,"time":"2023-03-19T09:30:17Z","message":"Config"}
{"level":"debug","TestConnections":false,"time":"2023-03-19T09:30:17Z","message":"Config"}
{"level":"debug","ExcessConnections":1,"time":"2023-03-19T09:30:17Z","message":"Config"}
{"level":"debug","ConnectionTestMsgs":4,"time":"2023-03-19T09:30:17Z","message":"Config"}
{"level":"debug","ConnectionTestPayload":131072,"time":"2023-03-19T09:30:17Z","message":"Config"}
{"level":"debug","OutMessageBufsize":1024,"time":"2023-03-19T09:30:17Z","message":"Config"}
{"level":"debug","OutMessageBufsize":4,"time":"2023-03-19T09:30:17Z","message":"Config"}
{"level":"debug","ThroughputCap":131072000,"time":"2023-03-19T09:30:17Z","message":"Config"}
{"level":"debug","StragglerTolerance":1000,"time":"2023-03-19T09:30:17Z","message":"Config"}
{"level":"debug","BatchSizeIncrement":256,"time":"2023-03-19T09:30:17Z","message":"Config"}
{"level":"debug","Orderer":"Pbft","time":"2023-03-19T09:30:17Z","message":"Config"}
{"level":"debug","Manager":"Mir","time":"2023-03-19T09:30:17Z","message":"Config"}
{"level":"debug","Failures":0,"time":"2023-03-19T09:30:17Z","message":"Config"}
{"level":"debug","StragglerCnt":1,"time":"2023-03-19T09:30:17Z","message":"Config"}
{"level":"debug","PrivKeyCnt":10,"time":"2023-03-19T09:30:17Z","message":"Config"}
{"level":"debug","UseSig":false,"time":"2023-03-19T09:30:17Z","message":"Config"}
{"level":"debug","CrashTiming":"Straggler","time":"2023-03-19T09:30:17Z","message":"Config"}
{"level":"debug","CheckpointInterval":512,"time":"2023-03-19T09:30:17Z","message":"Config"}
{"level":"debug","WatermarkWindowSize":512,"time":"2023-03-19T09:30:17Z","message":"Config"}
{"level":"debug","EpochLength":512,"time":"2023-03-19T09:30:17Z","message":"Config"}
{"level":"debug","SegmentLength":32,"time":"2023-03-19T09:30:17Z","message":"Config"}
{"level":"debug","WaitForCheckpoints":true,"time":"2023-03-19T09:30:17Z","message":"Config"}
{"level":"debug","ClientWatermarkWindowSize":16384,"time":"2023-03-19T09:30:17Z","message":"Config"}
{"level":"debug","ClientRequestBacklogSize":16384,"time":"2023-03-19T09:30:17Z","message":"Config"}
{"level":"debug","RandomSeed":25377,"time":"2023-03-19T09:30:17Z","message":"Config"}
{"level":"debug","NodeToLeaderRatio":1,"time":"2023-03-19T09:30:17Z","message":"Config"}
{"level":"debug","LeaderPolicy":"Simple","time":"2023-03-19T09:30:17Z","message":"Config"}
{"level":"debug","DefaultLeaderBan":2,"time":"2023-03-19T09:30:17Z","message":"Config"}
{"level":"debug","NumBuckets":256,"time":"2023-03-19T09:30:17Z","message":"Config"}
{"level":"debug","BatchSize":1000,"time":"2023-03-19T09:30:17Z","message":"Config"}
{"level":"debug","DisabledViewChange":false,"time":"2023-03-19T09:30:17Z","message":"Config"}
{"level":"debug","ViewChangeTimeout":60000,"time":"2023-03-19T09:30:17Z","message":"Config"}
{"level":"debug","ClientTraceSampling":10,"time":"2023-03-19T09:30:17Z","message":"Config"}
{"level":"debug","EventBufferSize":2097152,"time":"2023-03-19T09:30:17Z","message":"Config"}
{"level":"debug","TraceSampling":1,"time":"2023-03-19T09:30:17Z","message":"Config"}
{"level":"debug","ClientsPerProcess":8,"time":"2023-03-19T09:30:17Z","message":"Config"}
{"level":"debug","RequestsPerClient":9375,"time":"2023-03-19T09:30:17Z","message":"Config"}
{"level":"debug","ClientRunTime":15000,"time":"2023-03-19T09:30:17Z","message":"Config"}
{"level":"debug","RequestRate":312,"time":"2023-03-19T09:30:17Z","message":"Config"}
{"level":"debug","HardRequestRateLimit":false,"time":"2023-03-19T09:30:17Z","message":"Config"}
{"level":"debug","RequestPayloadSize":500,"time":"2023-03-19T09:30:17Z","message":"Config"}
{"level":"debug","SignRequests":true,"time":"2023-03-19T09:30:17Z","message":"Config"}
{"level":"debug","ClientPrivKeyFile":"tls-data/client-ecdsa-256.key","time":"2023-03-19T09:30:17Z","message":"Config"}
{"level":"debug","ClientPubKeyFile":"tls-data/client-ecdsa-256.pem","time":"2023-03-19T09:30:17Z","message":"Config"}
{"level":"debug","PrecomputeRequests":false,"time":"2023-03-19T09:30:17Z","message":"Config"}
{"level":"debug","RequestHandlerThreads":32,"time":"2023-03-19T09:30:17Z","message":"Config"}
{"level":"debug","RequestInputChannelBuffer":8192,"time":"2023-03-19T09:30:17Z","message":"Config"}
{"level":"debug","BatchVerifier":"external","time":"2023-03-19T09:30:17Z","message":"Config"}
09:30:17.543 INF Started Profiler: CPU
09:30:17.543 INF Started Profiler: BLOCK
09:30:17.543 INF Started Profiler: MUTEX
09:30:17.543 INF Starting clients. numClients=8 numRequests=9375
09:30:17.543 INF Initilizing clients.
09:30:17.578 INF Registared with discovery server. numOrderers=16 ownClientId=244
09:30:17.578 INF Registared with discovery server. numOrderers=16 ownClientId=241
09:30:17.578 INF Registared with discovery server. numOrderers=16 ownClientId=242
09:30:17.578 INF Registared with discovery server. numOrderers=16 ownClientId=240
09:30:17.578 INF Registared with discovery server. numOrderers=16 ownClientId=248
09:30:17.578 INF Registared with discovery server. numOrderers=16 ownClientId=245
09:30:17.578 INF Registared with discovery server. numOrderers=16 ownClientId=243
09:30:17.578 INF Registared with discovery server. numOrderers=16 ownClientId=246
09:30:17.579 INF Clients initialized.
09:30:17.579 INF Launching clients.
09:30:17.579 INF Waiting for clients.
09:31:04.693 INF Stopping Tracer. events=2535 fileName=experiment-output/0001/slave-007/client-242.trc
zerolog: could not write event: write experiment-output/0001/slave-007/client-242.log: file already closed
zerolog: could not write event: write experiment-output/0001/slave-007/client-242.log: file already closed
zerolog: could not write event: write experiment-output/0001/slave-007/client-242.log: file already closed
zerolog: could not write event: write experiment-output/0001/slave-007/client-242.log: file already closed
zerolog: could not write event: write experiment-output/0001/slave-007/client-242.log: file already closed
zerolog: could not write event: write experiment-output/0001/slave-007/client-242.log: file already closed
zerolog: could not write event: write experiment-output/0001/slave-007/client-242.log: file already closed
zerolog: could not write event: write experiment-output/0001/slave-007/client-242.log: file already closed
zerolog: could not write event: write experiment-output/0001/slave-007/client-242.log: file already closed
zerolog: could not write event: write experiment-output/0001/slave-007/client-242.log: file already closed
zerolog: could not write event: write experiment-output/0001/slave-007/client-242.log: file already closed
zerolog: could not write event: write experiment-output/0001/slave-007/client-242.log: file already closed
zerolog: could not write event: write experiment-output/0001/slave-007/client-242.log: file already closed
zerolog: could not write event: write experiment-output/0001/slave-007/client-242.log: file already closed
zerolog: could not write event: write experiment-output/0001/slave-007/client-242.log: file already closed
zerolog: could not write event: write experiment-output/0001/slave-007/client-242.log: file already closed
09:31:04.697 INF Trace data written.
09:31:04.701 INF Stopping Tracer. events=2150 fileName=experiment-output/0001/slave-007/client-243.trc
09:31:04.701 INF Stopping Tracer. events=2692 fileName=experiment-output/0001/slave-007/client-240.trc
09:31:04.701 INF Stopping Tracer. events=2758 fileName=experiment-output/0001/slave-007/client-244.trc
09:31:04.702 INF Stopping Tracer. events=2789 fileName=experiment-output/0001/slave-007/client-248.trc
zerolog: could not write event: write experiment-output/0001/slave-007/client-240.log: file already closed
zerolog: could not write event: write experiment-output/0001/slave-007/client-240.log: file already closed
zerolog: could not write event: write experiment-output/0001/slave-007/client-240.log: file already closed
zerolog: could not write event: write experiment-output/0001/slave-007/client-240.log: file already closed
09:31:04.702 INF Stopping Tracer. events=2006 fileName=experiment-output/0001/slave-007/client-245.trc
09:31:04.702 INF Stopping Tracer. events=2246 fileName=experiment-output/0001/slave-007/client-241.trc
zerolog: could not write event: write experiment-output/0001/slave-007/client-248.log: file already closed
zerolog: could not write event: write experiment-output/0001/slave-007/client-245.log: file already closed
zerolog: could not write event: write experiment-output/0001/slave-007/client-248.log: file already closed
zerolog: could not write event: write experiment-output/0001/slave-007/client-248.log: file already closed
zerolog: could not write event: write experiment-output/0001/slave-007/client-248.log: file already closed
zerolog: could not write event: write experiment-output/0001/slave-007/client-243.log: file already closed
zerolog: could not write event: write experiment-output/0001/slave-007/client-248.log: file already closed
zerolog: could not write event: write experiment-output/0001/slave-007/client-243.log: file already closed
zerolog: could not write event: write experiment-output/0001/slave-007/client-243.log: file already closed
zerolog: could not write event: write experiment-output/0001/slave-007/client-245.log: file already closed
zerolog: could not write event: write experiment-output/0001/slave-007/client-245.log: file already closed
zerolog: could not write event: write experiment-output/0001/slave-007/client-243.log: file already closed
zerolog: could not write event: write experiment-output/0001/slave-007/client-245.log: file already closed
zerolog: could not write event: write experiment-output/0001/slave-007/client-245.log: file already closed
zerolog: could not write event: write experiment-output/0001/slave-007/client-245.log: file already closed
zerolog: could not write event: write experiment-output/0001/slave-007/client-240.log: file already closed
zerolog: could not write event: write experiment-output/0001/slave-007/client-240.log: file already closed
zerolog: could not write event: write experiment-output/0001/slave-007/client-240.log: file already closed
zerolog: could not write event: write experiment-output/0001/slave-007/client-248.log: file already closed
zerolog: could not write event: write experiment-output/0001/slave-007/client-248.log: file already closed
zerolog: could not write event: write experiment-output/0001/slave-007/client-248.log: file already closed
zerolog: could not write event: write experiment-output/0001/slave-007/client-240.log: file already closed
zerolog: could not write event: write experiment-output/0001/slave-007/client-240.log: file already closed
zerolog: could not write event: write experiment-output/0001/slave-007/client-245.log: file already closed
zerolog: could not write event: write experiment-output/0001/slave-007/client-240.log: file already closed
zerolog: could not write event: write experiment-output/0001/slave-007/client-245.log: file already closed
zerolog: could not write event: write experiment-output/0001/slave-007/client-240.log: file already closed
zerolog: could not write event: write experiment-output/0001/slave-007/client-248.log: file already closed
zerolog: could not write event: write experiment-output/0001/slave-007/client-248.log: file already closed
zerolog: could not write event: write experiment-output/0001/slave-007/client-240.log: file already closed
zerolog: could not write event: write experiment-output/0001/slave-007/client-248.log: file already closed
zerolog: could not write event: write experiment-output/0001/slave-007/client-245.log: file already closed
09:31:04.704 INF Stopping Tracer. events=2501 fileName=experiment-output/0001/slave-007/client-246.trc
zerolog: could not write event: write experiment-output/0001/slave-007/client-245.log: file already closed
zerolog: could not write event: write experiment-output/0001/slave-007/client-241.log: file already closed
zerolog: could not write event: write experiment-output/0001/slave-007/client-241.log: file already closed
zerolog: could not write event: write experiment-output/0001/slave-007/client-245.log: file already closed
zerolog: could not write event: write experiment-output/0001/slave-007/client-243.log: file already closed
zerolog: could not write event: write experiment-output/0001/slave-007/client-243.log: file already closed
zerolog: could not write event: write experiment-output/0001/slave-007/client-243.log: file already closed
zerolog: could not write event: write experiment-output/0001/slave-007/client-241.log: file already closed
zerolog: could not write event: write experiment-output/0001/slave-007/client-241.log: file already closed
zerolog: could not write event: write experiment-output/0001/slave-007/client-241.log: file already closed
zerolog: could not write event: write experiment-output/0001/slave-007/client-241.log: file already closed
zerolog: could not write event: write experiment-output/0001/slave-007/client-241.log: file already closed
zerolog: could not write event: write experiment-output/0001/slave-007/client-241.log: file already closed
zerolog: could not write event: write experiment-output/0001/slave-007/client-248.log: file already closed
zerolog: could not write event: write experiment-output/0001/slave-007/client-241.log: file already closed
zerolog: could not write event: write experiment-output/0001/slave-007/client-241.log: file already closed
zerolog: could not write event: write experiment-output/0001/slave-007/client-244.log: file already closed
zerolog: could not write event: write experiment-output/0001/slave-007/client-244.log: file already closed
zerolog: could not write event: write experiment-output/0001/slave-007/client-241.log: file already closed
zerolog: could not write event: write experiment-output/0001/slave-007/client-244.log: file already closed
zerolog: could not write event: write experiment-output/0001/slave-007/client-246.log: file already closed
zerolog: could not write event: write experiment-output/0001/slave-007/client-246.log: file already closed
zerolog: could not write event: write experiment-output/0001/slave-007/client-244.log: file already closed
zerolog: could not write event: write experiment-output/0001/slave-007/client-246.log: file already closed
zerolog: could not write event: write experiment-output/0001/slave-007/client-246.log: file already closed
zerolog: could not write event: write experiment-output/0001/slave-007/client-246.log: file already closed
zerolog: could not write event: write experiment-output/0001/slave-007/client-244.log: file already closed
zerolog: could not write event: write experiment-output/0001/slave-007/client-244.log: file already closed
zerolog: could not write event: write experiment-output/0001/slave-007/client-244.log: file already closed
zerolog: could not write event: write experiment-output/0001/slave-007/client-248.log: file already closed
zerolog: could not write event: write experiment-output/0001/slave-007/client-244.log: file already closed
zerolog: could not write event: write experiment-output/0001/slave-007/client-244.log: file already closed
zerolog: could not write event: write experiment-output/0001/slave-007/client-244.log: file already closed
zerolog: could not write event: write experiment-output/0001/slave-007/client-244.log: file already closed
zerolog: could not write event: write experiment-output/0001/slave-007/client-246.log: file already closed
zerolog: could not write event: write experiment-output/0001/slave-007/client-246.log: file already closed
zerolog: could not write event: write experiment-output/0001/slave-007/client-243.log: file already closed
zerolog: could not write event: write experiment-output/0001/slave-007/client-246.log: file already closed
zerolog: could not write event: write experiment-output/0001/slave-007/client-246.log: file already closed
zerolog: could not write event: write experiment-output/0001/slave-007/client-244.log: file already closed
zerolog: could not write event: write experiment-output/0001/slave-007/client-241.log: file already closed
zerolog: could not write event: write experiment-output/0001/slave-007/client-243.log: file already closed
zerolog: could not write event: write experiment-output/0001/slave-007/client-243.log: file already closed
zerolog: could not write event: write experiment-output/0001/slave-007/client-241.log: file already closed
zerolog: could not write event: write experiment-output/0001/slave-007/client-240.log: file already closed
zerolog: could not write event: write experiment-output/0001/slave-007/client-243.log: file already closed
09:31:04.707 INF Trace data written.
09:31:04.707 INF Trace data written.
zerolog: could not write event: write experiment-output/0001/slave-007/client-246.log: file already closed
zerolog: could not write event: write experiment-output/0001/slave-007/client-246.log: file already closed
zerolog: could not write event: write experiment-output/0001/slave-007/client-243.log: file already closed
zerolog: could not write event: write experiment-output/0001/slave-007/client-246.log: file already closed
zerolog: could not write event: write experiment-output/0001/slave-007/client-240.log: file already closed
zerolog: could not write event: write experiment-output/0001/slave-007/client-245.log: file already closed
zerolog: could not write event: write experiment-output/0001/slave-007/client-240.log: file already closed
zerolog: could not write event: write experiment-output/0001/slave-007/client-243.log: file already closed
zerolog: could not write event: write experiment-output/0001/slave-007/client-246.log: file already closed
zerolog: could not write event: write experiment-output/0001/slave-007/client-244.log: file already closed
zerolog: could not write event: write experiment-output/0001/slave-007/client-246.log: file already closed
zerolog: could not write event: write experiment-output/0001/slave-007/client-241.log: file already closed
zerolog: could not write event: write experiment-output/0001/slave-007/client-243.log: file already closed
zerolog: could not write event: write experiment-output/0001/slave-007/client-243.log: file already closed
zerolog: could not write event: write experiment-output/0001/slave-007/client-248.log: file already closed
zerolog: could not write event: write experiment-output/0001/slave-007/client-246.log: file already closed
zerolog: could not write event: write experiment-output/0001/slave-007/client-248.log: file already closed
zerolog: could not write event: write experiment-output/0001/slave-007/client-240.log: file already closed
zerolog: could not write event: write experiment-output/0001/slave-007/client-248.log: file already closed
zerolog: could not write event: write experiment-output/0001/slave-007/client-245.log: file already closed
zerolog: could not write event: write experiment-output/0001/slave-007/client-244.log: file already closed
zerolog: could not write event: write experiment-output/0001/slave-007/client-245.log: file already closed
zerolog: could not write event: write experiment-output/0001/slave-007/client-246.log: file already closed
zerolog: could not write event: write experiment-output/0001/slave-007/client-245.log: file already closed
09:31:04.708 INF Trace data written.
zerolog: could not write event: write experiment-output/0001/slave-007/client-244.log: file already closed
zerolog: could not write event: write experiment-output/0001/slave-007/client-245.log: file already closed
zerolog: could not write event: write experiment-output/0001/slave-007/client-241.log: file already closed
zerolog: could not write event: write experiment-output/0001/slave-007/client-244.log: file already closed
zerolog: could not write event: write experiment-output/0001/slave-007/client-241.log: file already closed
zerolog: could not write event: write experiment-output/0001/slave-007/client-243.log: file already closed
09:31:04.709 INF Trace data written.
09:31:04.709 INF Trace data written.
09:31:04.710 INF Trace data written.
09:31:04.711 INF Trace data written.
09:31:04.711 INF Done.
09:31:04.711 INF Stopping profiler.
09:31:04.900 INF Profile data written. filename=experiment-output/0001/slave-007/prof-client.cpu name=cpu
09:31:04.915 INF Profile data written. filename=experiment-output/0001/slave-007/prof-client.block name=block
09:31:04.923 INF Profile data written. filename=experiment-output/0001/slave-007/prof-client.mutex name=mutex
