{"level":"debug","Logging":"info","time":"2023-03-10T11:57:08Z","message":"Config"}
{"level":"debug","UseTLS":false,"time":"2023-03-10T11:57:08Z","message":"Config"}
{"level":"debug","CACertFile":"tls-data/ca.pem","time":"2023-03-10T11:57:08Z","message":"Config"}
{"level":"debug","KeyFile":"tls-data/auth.key","time":"2023-03-10T11:57:08Z","message":"Config"}
{"level":"debug","CertFile":"tls-data/auth.pem","time":"2023-03-10T11:57:08Z","message":"Config"}
{"level":"debug","PriorityConnections":2,"time":"2023-03-10T11:57:08Z","message":"Config"}
{"level":"debug","BasicConnections":4,"time":"2023-03-10T11:57:08Z","message":"Config"}
{"level":"debug","TestConnections":false,"time":"2023-03-10T11:57:08Z","message":"Config"}
{"level":"debug","ExcessConnections":1,"time":"2023-03-10T11:57:08Z","message":"Config"}
{"level":"debug","ConnectionTestMsgs":4,"time":"2023-03-10T11:57:08Z","message":"Config"}
{"level":"debug","ConnectionTestPayload":131072,"time":"2023-03-10T11:57:08Z","message":"Config"}
{"level":"debug","OutMessageBufsize":1024,"time":"2023-03-10T11:57:08Z","message":"Config"}
{"level":"debug","OutMessageBufsize":1,"time":"2023-03-10T11:57:08Z","message":"Config"}
{"level":"debug","ThroughputCap":131072000,"time":"2023-03-10T11:57:08Z","message":"Config"}
{"level":"debug","StragglerTolerance":1000,"time":"2023-03-10T11:57:08Z","message":"Config"}
{"level":"debug","BatchSizeIncrement":256,"time":"2023-03-10T11:57:08Z","message":"Config"}
{"level":"debug","Orderer":"Pbft","time":"2023-03-10T11:57:08Z","message":"Config"}
{"level":"debug","Manager":"Mir","time":"2023-03-10T11:57:08Z","message":"Config"}
{"level":"debug","Failures":0,"time":"2023-03-10T11:57:08Z","message":"Config"}
{"level":"debug","StragglerCnt":0,"time":"2023-03-10T11:57:08Z","message":"Config"}
{"level":"debug","CrashTiming":"Straggler","time":"2023-03-10T11:57:08Z","message":"Config"}
{"level":"debug","CheckpointInterval":256,"time":"2023-03-10T11:57:08Z","message":"Config"}
{"level":"debug","WatermarkWindowSize":256,"time":"2023-03-10T11:57:08Z","message":"Config"}
{"level":"debug","EpochLength":256,"time":"2023-03-10T11:57:08Z","message":"Config"}
{"level":"debug","SegmentLength":64,"time":"2023-03-10T11:57:08Z","message":"Config"}
{"level":"debug","WaitForCheckpoints":true,"time":"2023-03-10T11:57:08Z","message":"Config"}
{"level":"debug","ClientWatermarkWindowSize":4194304,"time":"2023-03-10T11:57:08Z","message":"Config"}
{"level":"debug","ClientRequestBacklogSize":4194304,"time":"2023-03-10T11:57:08Z","message":"Config"}
{"level":"debug","RandomSeed":16625,"time":"2023-03-10T11:57:08Z","message":"Config"}
{"level":"debug","NodeToLeaderRatio":1,"time":"2023-03-10T11:57:08Z","message":"Config"}
{"level":"debug","LeaderPolicy":"Simple","time":"2023-03-10T11:57:08Z","message":"Config"}
{"level":"debug","DefaultLeaderBan":2,"time":"2023-03-10T11:57:08Z","message":"Config"}
{"level":"debug","NumBuckets":64,"time":"2023-03-10T11:57:08Z","message":"Config"}
{"level":"debug","BatchSize":1000,"time":"2023-03-10T11:57:08Z","message":"Config"}
{"level":"debug","DisabledViewChange":false,"time":"2023-03-10T11:57:08Z","message":"Config"}
{"level":"debug","ViewChangeTimeout":60000,"time":"2023-03-10T11:57:08Z","message":"Config"}
{"level":"debug","ClientTraceSampling":10,"time":"2023-03-10T11:57:08Z","message":"Config"}
{"level":"debug","EventBufferSize":2097152,"time":"2023-03-10T11:57:08Z","message":"Config"}
{"level":"debug","TraceSampling":1,"time":"2023-03-10T11:57:08Z","message":"Config"}
{"level":"debug","ClientsPerProcess":1,"time":"2023-03-10T11:57:08Z","message":"Config"}
{"level":"debug","RequestsPerClient":3840,"time":"2023-03-10T11:57:08Z","message":"Config"}
{"level":"debug","ClientRunTime":15000,"time":"2023-03-10T11:57:08Z","message":"Config"}
{"level":"debug","RequestRate":128,"time":"2023-03-10T11:57:08Z","message":"Config"}
{"level":"debug","HardRequestRateLimit":false,"time":"2023-03-10T11:57:08Z","message":"Config"}
{"level":"debug","RequestPayloadSize":500,"time":"2023-03-10T11:57:08Z","message":"Config"}
{"level":"debug","SignRequests":true,"time":"2023-03-10T11:57:08Z","message":"Config"}
{"level":"debug","ClientPrivKeyFile":"tls-data/client-ecdsa-256.key","time":"2023-03-10T11:57:08Z","message":"Config"}
{"level":"debug","ClientPubKeyFile":"tls-data/client-ecdsa-256.pem","time":"2023-03-10T11:57:08Z","message":"Config"}
{"level":"debug","PrecomputeRequests":false,"time":"2023-03-10T11:57:08Z","message":"Config"}
{"level":"debug","RequestHandlerThreads":32,"time":"2023-03-10T11:57:08Z","message":"Config"}
{"level":"debug","RequestInputChannelBuffer":8192,"time":"2023-03-10T11:57:08Z","message":"Config"}
{"level":"debug","BatchVerifier":"external","time":"2023-03-10T11:57:08Z","message":"Config"}
11:57:08.244 INF Registered with discovery server. numPeers=4 ownID=1
11:57:08.244 INF Profiling enabled.
11:57:08.244 INF Setting up profiling.
11:57:08.244 INF Started Profiler: CPU
11:57:08.244 INF Started Profiler: BLOCK
11:57:08.244 INF Started Profiler: MUTEX
11:57:08.244 INF Profiler will stop on signal. exit=true
11:57:08.246 INF Tracing will stop on signal. exit=false
11:57:08.246 INF Started tracing. traceFile=experiment-output/0000/slave-000/peer.trc
11:57:08.248 INF Connecting to peer. addr=172.31.56.244:10000 basicConns=4 priorityConns=2
11:57:08.249 INF Listening for connections. port=10011 useTLS=false
11:57:08.249 INF Connecting to peer. addr=172.31.48.110:10011 basicConns=4 priorityConns=2
11:57:08.249 INF Connecting to peer. addr=172.31.61.147:10022 basicConns=4 priorityConns=2
11:57:08.249 INF Connecting to peer. addr=172.31.52.191:10033 basicConns=4 priorityConns=2
11:57:08.263 INF Incoming connection for protocol messages. addr=172.31.48.110:34010
11:57:08.263 INF Incoming connection for protocol messages. addr=172.31.48.110:34012
11:57:08.263 INF Incoming connection for protocol messages. addr=172.31.48.110:34014
11:57:08.263 INF Incoming connection for protocol messages. addr=172.31.48.110:34016
11:57:08.263 INF Incoming connection for protocol messages. addr=172.31.48.110:34018
11:57:08.263 INF Incoming connection for protocol messages. addr=172.31.48.110:34020
11:57:08.263 INF Incoming connection for protocol messages. addr=172.31.56.244:47064
11:57:08.263 INF Incoming connection for protocol messages. addr=172.31.56.244:47066
11:57:08.263 INF Incoming connection for protocol messages. addr=172.31.56.244:47062
11:57:08.263 INF Incoming connection for protocol messages. addr=172.31.56.244:47068
11:57:08.264 INF Incoming connection for protocol messages. addr=172.31.56.244:47070
11:57:08.264 INF Incoming connection for protocol messages. addr=172.31.56.244:47072
11:57:08.273 INF Incoming connection for protocol messages. addr=172.31.61.147:52092
11:57:08.273 INF Incoming connection for protocol messages. addr=172.31.61.147:52094
11:57:08.273 INF Incoming connection for protocol messages. addr=172.31.61.147:52098
11:57:08.273 INF Incoming connection for protocol messages. addr=172.31.61.147:52100
11:57:08.273 INF Incoming connection for protocol messages. addr=172.31.61.147:52102
11:57:08.273 INF Incoming connection for protocol messages. addr=172.31.61.147:52104
11:57:08.276 INF Incoming connection for protocol messages. addr=172.31.52.191:50402
11:57:08.283 INF Incoming connection for protocol messages. addr=172.31.52.191:50408
11:57:08.283 INF Incoming connection for protocol messages. addr=172.31.52.191:50404
11:57:08.283 INF Incoming connection for protocol messages. addr=172.31.52.191:50406
11:57:08.283 INF Incoming connection for protocol messages. addr=172.31.52.191:50410
11:57:08.283 INF Incoming connection for protocol messages. addr=172.31.52.191:50412
11:57:09.264 INF Connected to all peers.
11:57:09.267 INF All peers finished connecting. Starting ISS.
11:57:09.267 INF PbftOrderer received a new segment: [0 4 8 12 16 20 24 28 32 36 40 44 48 52 56 60 64 68 72 76 80 84 88 92 96 100 104 108 112 116 120 124 128 132 136 140 144 148 152 156 160 164 168 172 176 180 184 188 192 196 200 204 208 212 216 220 224 228 232 236 240 244 248 252] first leader=0 firstSN=0 lastSN=252 len=64 length=64 segId=0
11:57:09.267 INF Starting new view. segID=0 timeout=60000 view=0
11:57:09.267 INF Starting PBFT instance. first=0 last=252 segID=0
11:57:09.267 INF PbftOrderer received a new segment: [1 5 9 13 17 21 25 29 33 37 41 45 49 53 57 61 65 69 73 77 81 85 89 93 97 101 105 109 113 117 121 125 129 133 137 141 145 149 153 157 161 165 169 173 177 181 185 189 193 197 201 205 209 213 217 221 225 229 233 237 241 245 249 253] first leader=1 firstSN=1 lastSN=253 len=64 length=64 segId=1
11:57:09.267 INF Starting new view. segID=1 timeout=60000 view=0
11:57:09.267 INF Starting PBFT instance. first=1 last=253 segID=1
11:57:09.267 INF Starting serialized message processing. segID=0
11:57:09.267 INF PbftOrderer received a new segment: [2 6 10 14 18 22 26 30 34 38 42 46 50 54 58 62 66 70 74 78 82 86 90 94 98 102 106 110 114 118 122 126 130 134 138 142 146 150 154 158 162 166 170 174 178 182 186 190 194 198 202 206 210 214 218 222 226 230 234 238 242 246 250 254] first leader=2 firstSN=2 lastSN=254 len=64 length=64 segId=2
11:57:09.267 INF Starting new view. segID=2 timeout=60000 view=0
11:57:09.267 INF Starting PBFT instance. first=2 last=254 segID=2
11:57:09.267 INF PbftOrderer received a new segment: [3 7 11 15 19 23 27 31 35 39 43 47 51 55 59 63 67 71 75 79 83 87 91 95 99 103 107 111 115 119 123 127 131 135 139 143 147 151 155 159 163 167 171 175 179 183 187 191 195 199 203 207 211 215 219 223 227 231 235 239 243 247 251 255] first leader=3 firstSN=3 lastSN=255 len=64 length=64 segId=3
11:57:09.267 INF Starting new view. segID=3 timeout=60000 view=0
11:57:09.268 INF Starting PBFT instance. first=3 last=255 segID=3
11:57:09.268 INF Starting serialized message processing. segID=1
11:57:09.268 INF Starting serialized message processing. segID=2
11:57:09.268 INF Starting serialized message processing. segID=3
11:57:09.288 INF Incoming connection for requests. addr=100.25.149.4:47432
11:57:10.269 INF Sending PREPREPARE. nReq=28 senderID=1 sn=1 view=0
11:57:10.271 INF Handling PREPREPARE. nReq=28 senderID=2 sn=2
11:57:10.271 INF Handling PREPREPARE. nReq=29 senderID=0 sn=0
11:57:10.272 INF Handling PREPREPARE. nReq=28 senderID=3 sn=3
11:57:10.277 INF Get logEntry.Sn from tn. (Origin ISS Mode) SegID=0 logEntry.Sn=0 origin_sn=0
11:57:10.277 INF Committed entry. latency=0 nReq=29 sn=0
11:57:10.277 INF Delivered batch. nReq=29 sn=0
11:57:10.277 INF Get logEntry.Sn from tn. (Origin ISS Mode) SegID=2 logEntry.Sn=2 origin_sn=2
11:57:10.277 INF Committed entry. latency=0 nReq=28 sn=2
11:57:10.278 INF Get logEntry.Sn from tn. (Origin ISS Mode) SegID=3 logEntry.Sn=3 origin_sn=3
11:57:10.278 INF Committed entry. latency=0 nReq=28 sn=3
11:57:10.278 INF Get logEntry.Sn from tn. (Origin ISS Mode) SegID=1 logEntry.Sn=1 origin_sn=1
11:57:10.278 INF Committed entry. latency=0 nReq=28 sn=1
11:57:10.278 INF Delivered batch. nReq=28 sn=1
11:57:10.279 INF Delivered batch. nReq=28 sn=2
11:57:10.279 INF Delivered batch. nReq=28 sn=3
11:57:11.269 INF Sending PREPREPARE. nReq=32 senderID=1 sn=5 view=0
11:57:11.271 INF Handling PREPREPARE. nReq=32 senderID=2 sn=6
11:57:11.271 INF Handling PREPREPARE. nReq=32 senderID=0 sn=4
11:57:11.272 INF Handling PREPREPARE. nReq=32 senderID=3 sn=7
11:57:11.273 INF Get logEntry.Sn from tn. (Origin ISS Mode) SegID=2 logEntry.Sn=6 origin_sn=6
11:57:11.274 INF Committed entry. latency=0 nReq=32 sn=6
11:57:11.274 INF Get logEntry.Sn from tn. (Origin ISS Mode) SegID=0 logEntry.Sn=4 origin_sn=4
11:57:11.274 INF Committed entry. latency=0 nReq=32 sn=4
11:57:11.274 INF Delivered batch. nReq=32 sn=4
11:57:11.279 INF Get logEntry.Sn from tn. (Origin ISS Mode) SegID=3 logEntry.Sn=7 origin_sn=7
11:57:11.279 INF Committed entry. latency=0 nReq=32 sn=7
11:57:11.279 INF Get logEntry.Sn from tn. (Origin ISS Mode) SegID=1 logEntry.Sn=5 origin_sn=5
11:57:11.279 INF Committed entry. latency=0 nReq=32 sn=5
11:57:11.279 INF Delivered batch. nReq=32 sn=5
11:57:11.279 INF Delivered batch. nReq=32 sn=6
11:57:11.279 INF Delivered batch. nReq=32 sn=7
11:57:12.270 INF Sending PREPREPARE. nReq=32 senderID=1 sn=9 view=0
11:57:12.270 INF Handling PREPREPARE. nReq=32 senderID=0 sn=8
11:57:12.271 INF Handling PREPREPARE. nReq=32 senderID=2 sn=10
11:57:12.273 INF Handling PREPREPARE. nReq=32 senderID=3 sn=11
11:57:12.275 INF Get logEntry.Sn from tn. (Origin ISS Mode) SegID=1 logEntry.Sn=9 origin_sn=9
11:57:12.275 INF Committed entry. latency=0 nReq=32 sn=9
11:57:12.275 INF Get logEntry.Sn from tn. (Origin ISS Mode) SegID=0 logEntry.Sn=8 origin_sn=8
11:57:12.275 INF Committed entry. latency=0 nReq=32 sn=8
11:57:12.275 INF Delivered batch. nReq=32 sn=8
11:57:12.275 INF Delivered batch. nReq=32 sn=9
11:57:12.276 INF Get logEntry.Sn from tn. (Origin ISS Mode) SegID=3 logEntry.Sn=11 origin_sn=11
11:57:12.276 INF Committed entry. latency=0 nReq=32 sn=11
11:57:12.276 INF Get logEntry.Sn from tn. (Origin ISS Mode) SegID=2 logEntry.Sn=10 origin_sn=10
11:57:12.276 INF Committed entry. latency=0 nReq=32 sn=10
11:57:12.276 INF Delivered batch. nReq=32 sn=10
11:57:12.276 INF Delivered batch. nReq=32 sn=11
11:57:13.270 INF Handling PREPREPARE. nReq=32 senderID=0 sn=12
11:57:13.271 INF Sending PREPREPARE. nReq=32 senderID=1 sn=13 view=0
11:57:13.272 INF Handling PREPREPARE. nReq=32 senderID=3 sn=15
11:57:13.273 INF Handling PREPREPARE. nReq=32 senderID=2 sn=14
11:57:13.274 INF Get logEntry.Sn from tn. (Origin ISS Mode) SegID=2 logEntry.Sn=14 origin_sn=14
11:57:13.275 INF Committed entry. latency=0 nReq=32 sn=14
11:57:13.275 INF Get logEntry.Sn from tn. (Origin ISS Mode) SegID=0 logEntry.Sn=12 origin_sn=12
11:57:13.275 INF Committed entry. latency=0 nReq=32 sn=12
11:57:13.275 INF Delivered batch. nReq=32 sn=12
11:57:13.278 INF Get logEntry.Sn from tn. (Origin ISS Mode) SegID=1 logEntry.Sn=13 origin_sn=13
11:57:13.278 INF Committed entry. latency=0 nReq=32 sn=13
11:57:13.278 INF Delivered batch. nReq=32 sn=13
11:57:13.278 INF Delivered batch. nReq=32 sn=14
11:57:13.278 INF Get logEntry.Sn from tn. (Origin ISS Mode) SegID=3 logEntry.Sn=15 origin_sn=15
11:57:13.278 INF Committed entry. latency=0 nReq=32 sn=15
11:57:13.278 INF Delivered batch. nReq=32 sn=15
11:57:14.271 INF Handling PREPREPARE. nReq=32 senderID=0 sn=16
11:57:14.272 INF Sending PREPREPARE. nReq=32 senderID=1 sn=17 view=0
11:57:14.273 INF Handling PREPREPARE. nReq=32 senderID=3 sn=19
11:57:14.274 INF Handling PREPREPARE. nReq=32 senderID=2 sn=18
11:57:14.275 INF Get logEntry.Sn from tn. (Origin ISS Mode) SegID=0 logEntry.Sn=16 origin_sn=16
11:57:14.276 INF Committed entry. latency=0 nReq=32 sn=16
11:57:14.276 INF Delivered batch. nReq=32 sn=16
11:57:14.276 INF Get logEntry.Sn from tn. (Origin ISS Mode) SegID=2 logEntry.Sn=18 origin_sn=18
11:57:14.276 INF Committed entry. latency=0 nReq=32 sn=18
11:57:14.277 INF Get logEntry.Sn from tn. (Origin ISS Mode) SegID=3 logEntry.Sn=19 origin_sn=19
11:57:14.277 INF Committed entry. latency=0 nReq=32 sn=19
11:57:14.278 INF Get logEntry.Sn from tn. (Origin ISS Mode) SegID=1 logEntry.Sn=17 origin_sn=17
11:57:14.278 INF Committed entry. latency=0 nReq=32 sn=17
11:57:14.278 INF Delivered batch. nReq=32 sn=17
11:57:14.279 INF Delivered batch. nReq=32 sn=18
11:57:14.279 INF Delivered batch. nReq=32 sn=19
11:57:15.272 INF Sending PREPREPARE. nReq=32 senderID=1 sn=21 view=0
11:57:15.273 INF Handling PREPREPARE. nReq=32 senderID=0 sn=20
11:57:15.274 INF Handling PREPREPARE. nReq=32 senderID=2 sn=22
11:57:15.275 INF Handling PREPREPARE. nReq=32 senderID=3 sn=23
11:57:15.276 INF Get logEntry.Sn from tn. (Origin ISS Mode) SegID=0 logEntry.Sn=20 origin_sn=20
11:57:15.276 INF Committed entry. latency=0 nReq=32 sn=20
11:57:15.276 INF Delivered batch. nReq=32 sn=20
11:57:15.278 INF Get logEntry.Sn from tn. (Origin ISS Mode) SegID=1 logEntry.Sn=21 origin_sn=21
11:57:15.278 INF Committed entry. latency=0 nReq=32 sn=21
11:57:15.278 INF Delivered batch. nReq=32 sn=21
11:57:15.278 INF Get logEntry.Sn from tn. (Origin ISS Mode) SegID=2 logEntry.Sn=22 origin_sn=22
11:57:15.278 INF Committed entry. latency=0 nReq=32 sn=22
11:57:15.278 INF Delivered batch. nReq=32 sn=22
11:57:15.278 INF Get logEntry.Sn from tn. (Origin ISS Mode) SegID=3 logEntry.Sn=23 origin_sn=23
11:57:15.278 INF Committed entry. latency=0 nReq=32 sn=23
11:57:15.278 INF Delivered batch. nReq=32 sn=23
11:57:16.273 INF Sending PREPREPARE. nReq=33 senderID=1 sn=25 view=0
11:57:16.273 INF Handling PREPREPARE. nReq=32 senderID=0 sn=24
11:57:16.275 INF Handling PREPREPARE. nReq=32 senderID=3 sn=27
11:57:16.275 INF Handling PREPREPARE. nReq=32 senderID=2 sn=26
11:57:16.279 INF Get logEntry.Sn from tn. (Origin ISS Mode) SegID=3 logEntry.Sn=27 origin_sn=27
11:57:16.279 INF Committed entry. latency=0 nReq=32 sn=27
11:57:16.279 INF Get logEntry.Sn from tn. (Origin ISS Mode) SegID=0 logEntry.Sn=24 origin_sn=24
11:57:16.279 INF Committed entry. latency=0 nReq=32 sn=24
11:57:16.279 INF Delivered batch. nReq=32 sn=24
11:57:16.279 INF Get logEntry.Sn from tn. (Origin ISS Mode) SegID=2 logEntry.Sn=26 origin_sn=26
11:57:16.279 INF Committed entry. latency=0 nReq=32 sn=26
11:57:16.281 INF Get logEntry.Sn from tn. (Origin ISS Mode) SegID=1 logEntry.Sn=25 origin_sn=25
11:57:16.281 INF Committed entry. latency=0 nReq=33 sn=25
11:57:16.281 INF Delivered batch. nReq=33 sn=25
11:57:16.281 INF Delivered batch. nReq=32 sn=26
11:57:16.281 INF Delivered batch. nReq=32 sn=27
11:57:17.274 INF Handling PREPREPARE. nReq=32 senderID=0 sn=28
11:57:17.274 INF Sending PREPREPARE. nReq=32 senderID=1 sn=29 view=0
11:57:17.276 INF Handling PREPREPARE. nReq=32 senderID=2 sn=30
11:57:17.276 INF Handling PREPREPARE. nReq=32 senderID=3 sn=31
11:57:17.278 INF Get logEntry.Sn from tn. (Origin ISS Mode) SegID=0 logEntry.Sn=28 origin_sn=28
11:57:17.278 INF Committed entry. latency=0 nReq=32 sn=28
11:57:17.278 INF Delivered batch. nReq=32 sn=28
11:57:17.279 INF Get logEntry.Sn from tn. (Origin ISS Mode) SegID=3 logEntry.Sn=31 origin_sn=31
11:57:17.279 INF Committed entry. latency=0 nReq=32 sn=31
11:57:17.279 INF Get logEntry.Sn from tn. (Origin ISS Mode) SegID=1 logEntry.Sn=29 origin_sn=29
11:57:17.279 INF Committed entry. latency=0 nReq=32 sn=29
11:57:17.279 INF Delivered batch. nReq=32 sn=29
11:57:17.280 INF Get logEntry.Sn from tn. (Origin ISS Mode) SegID=2 logEntry.Sn=30 origin_sn=30
11:57:17.280 INF Committed entry. latency=0 nReq=32 sn=30
11:57:17.280 INF Delivered batch. nReq=32 sn=30
11:57:17.280 INF Delivered batch. nReq=32 sn=31
11:57:18.275 INF Sending PREPREPARE. nReq=32 senderID=1 sn=33 view=0
11:57:18.275 INF Handling PREPREPARE. nReq=32 senderID=0 sn=32
11:57:18.277 INF Handling PREPREPARE. nReq=32 senderID=2 sn=34
11:57:18.278 INF Handling PREPREPARE. nReq=32 senderID=3 sn=35
11:57:18.279 INF Get logEntry.Sn from tn. (Origin ISS Mode) SegID=0 logEntry.Sn=32 origin_sn=32
11:57:18.279 INF Committed entry. latency=0 nReq=32 sn=32
11:57:18.279 INF Delivered batch. nReq=32 sn=32
11:57:18.284 INF Get logEntry.Sn from tn. (Origin ISS Mode) SegID=2 logEntry.Sn=34 origin_sn=34
11:57:18.284 INF Committed entry. latency=0 nReq=32 sn=34
11:57:18.284 INF Get logEntry.Sn from tn. (Origin ISS Mode) SegID=1 logEntry.Sn=33 origin_sn=33
11:57:18.284 INF Committed entry. latency=0 nReq=32 sn=33
11:57:18.284 INF Delivered batch. nReq=32 sn=33
11:57:18.284 INF Delivered batch. nReq=32 sn=34
11:57:18.284 INF Get logEntry.Sn from tn. (Origin ISS Mode) SegID=3 logEntry.Sn=35 origin_sn=35
11:57:18.284 INF Committed entry. latency=0 nReq=32 sn=35
11:57:18.284 INF Delivered batch. nReq=32 sn=35
11:57:19.275 INF Handling PREPREPARE. nReq=32 senderID=0 sn=36
11:57:19.275 INF Sending PREPREPARE. nReq=32 senderID=1 sn=37 view=0
11:57:19.277 INF Handling PREPREPARE. nReq=32 senderID=2 sn=38
11:57:19.278 INF Handling PREPREPARE. nReq=32 senderID=3 sn=39
11:57:19.280 INF Get logEntry.Sn from tn. (Origin ISS Mode) SegID=0 logEntry.Sn=36 origin_sn=36
11:57:19.280 INF Committed entry. latency=0 nReq=32 sn=36
11:57:19.280 INF Delivered batch. nReq=32 sn=36
11:57:19.284 INF Get logEntry.Sn from tn. (Origin ISS Mode) SegID=1 logEntry.Sn=37 origin_sn=37
11:57:19.284 INF Committed entry. latency=0 nReq=32 sn=37
11:57:19.284 INF Delivered batch. nReq=32 sn=37
11:57:19.285 INF Get logEntry.Sn from tn. (Origin ISS Mode) SegID=2 logEntry.Sn=38 origin_sn=38
11:57:19.285 INF Committed entry. latency=0 nReq=32 sn=38
11:57:19.285 INF Delivered batch. nReq=32 sn=38
11:57:19.285 INF Get logEntry.Sn from tn. (Origin ISS Mode) SegID=3 logEntry.Sn=39 origin_sn=39
11:57:19.285 INF Committed entry. latency=0 nReq=32 sn=39
11:57:19.285 INF Delivered batch. nReq=32 sn=39
11:57:20.275 INF Handling PREPREPARE. nReq=32 senderID=0 sn=40
11:57:20.276 INF Sending PREPREPARE. nReq=32 senderID=1 sn=41 view=0
11:57:20.277 INF Handling PREPREPARE. nReq=32 senderID=3 sn=43
11:57:20.278 INF Handling PREPREPARE. nReq=32 senderID=2 sn=42
11:57:20.280 INF Get logEntry.Sn from tn. (Origin ISS Mode) SegID=0 logEntry.Sn=40 origin_sn=40
11:57:20.280 INF Committed entry. latency=0 nReq=32 sn=40
11:57:20.280 INF Delivered batch. nReq=32 sn=40
11:57:20.281 INF Get logEntry.Sn from tn. (Origin ISS Mode) SegID=1 logEntry.Sn=41 origin_sn=41
11:57:20.281 INF Committed entry. latency=0 nReq=32 sn=41
11:57:20.281 INF Delivered batch. nReq=32 sn=41
11:57:20.281 INF Get logEntry.Sn from tn. (Origin ISS Mode) SegID=3 logEntry.Sn=43 origin_sn=43
11:57:20.281 INF Committed entry. latency=0 nReq=32 sn=43
11:57:20.282 INF Get logEntry.Sn from tn. (Origin ISS Mode) SegID=2 logEntry.Sn=42 origin_sn=42
11:57:20.282 INF Committed entry. latency=0 nReq=32 sn=42
11:57:20.282 INF Delivered batch. nReq=32 sn=42
11:57:20.282 INF Delivered batch. nReq=32 sn=43
11:57:21.276 INF Handling PREPREPARE. nReq=32 senderID=0 sn=44
11:57:21.276 INF Sending PREPREPARE. nReq=32 senderID=1 sn=45 view=0
11:57:21.278 INF Handling PREPREPARE. nReq=32 senderID=3 sn=47
11:57:21.279 INF Handling PREPREPARE. nReq=32 senderID=2 sn=46
11:57:21.280 INF Get logEntry.Sn from tn. (Origin ISS Mode) SegID=0 logEntry.Sn=44 origin_sn=44
11:57:21.280 INF Committed entry. latency=0 nReq=32 sn=44
11:57:21.280 INF Delivered batch. nReq=32 sn=44
11:57:21.282 INF Get logEntry.Sn from tn. (Origin ISS Mode) SegID=3 logEntry.Sn=47 origin_sn=47
11:57:21.282 INF Committed entry. latency=0 nReq=32 sn=47
11:57:21.282 INF Get logEntry.Sn from tn. (Origin ISS Mode) SegID=2 logEntry.Sn=46 origin_sn=46
11:57:21.282 INF Committed entry. latency=0 nReq=32 sn=46
11:57:21.284 INF Get logEntry.Sn from tn. (Origin ISS Mode) SegID=1 logEntry.Sn=45 origin_sn=45
11:57:21.284 INF Committed entry. latency=0 nReq=32 sn=45
11:57:21.284 INF Delivered batch. nReq=32 sn=45
11:57:21.284 INF Delivered batch. nReq=32 sn=46
11:57:21.284 INF Delivered batch. nReq=32 sn=47
11:57:22.277 INF Handling PREPREPARE. nReq=32 senderID=0 sn=48
11:57:22.277 INF Sending PREPREPARE. nReq=32 senderID=1 sn=49 view=0
11:57:22.278 INF Handling PREPREPARE. nReq=32 senderID=2 sn=50
11:57:22.279 INF Handling PREPREPARE. nReq=32 senderID=3 sn=51
11:57:22.282 INF Get logEntry.Sn from tn. (Origin ISS Mode) SegID=0 logEntry.Sn=48 origin_sn=48
11:57:22.282 INF Committed entry. latency=0 nReq=32 sn=48
11:57:22.282 INF Delivered batch. nReq=32 sn=48
11:57:22.290 INF Get logEntry.Sn from tn. (Origin ISS Mode) SegID=1 logEntry.Sn=49 origin_sn=49
11:57:22.290 INF Committed entry. latency=0 nReq=32 sn=49
11:57:22.290 INF Delivered batch. nReq=32 sn=49
11:57:22.290 INF Get logEntry.Sn from tn. (Origin ISS Mode) SegID=3 logEntry.Sn=51 origin_sn=51
11:57:22.291 INF Committed entry. latency=0 nReq=32 sn=51
11:57:22.291 INF Get logEntry.Sn from tn. (Origin ISS Mode) SegID=2 logEntry.Sn=50 origin_sn=50
11:57:22.291 INF Committed entry. latency=0 nReq=32 sn=50
11:57:22.291 INF Delivered batch. nReq=32 sn=50
11:57:22.291 INF Delivered batch. nReq=32 sn=51
11:57:23.278 INF Sending PREPREPARE. nReq=32 senderID=1 sn=53 view=0
11:57:23.279 INF Handling PREPREPARE. nReq=32 senderID=2 sn=54
11:57:23.279 INF Handling PREPREPARE. nReq=32 senderID=0 sn=52
11:57:23.279 INF Handling PREPREPARE. nReq=32 senderID=3 sn=55
11:57:23.285 INF Get logEntry.Sn from tn. (Origin ISS Mode) SegID=2 logEntry.Sn=54 origin_sn=54
11:57:23.285 INF Committed entry. latency=0 nReq=32 sn=54
11:57:23.286 INF Get logEntry.Sn from tn. (Origin ISS Mode) SegID=3 logEntry.Sn=55 origin_sn=55
11:57:23.286 INF Committed entry. latency=0 nReq=32 sn=55
11:57:23.286 INF Get logEntry.Sn from tn. (Origin ISS Mode) SegID=0 logEntry.Sn=52 origin_sn=52
11:57:23.286 INF Committed entry. latency=0 nReq=32 sn=52
11:57:23.286 INF Delivered batch. nReq=32 sn=52
11:57:23.291 INF Get logEntry.Sn from tn. (Origin ISS Mode) SegID=1 logEntry.Sn=53 origin_sn=53
11:57:23.291 INF Committed entry. latency=0 nReq=32 sn=53
11:57:23.291 INF Delivered batch. nReq=32 sn=53
11:57:23.291 INF Delivered batch. nReq=32 sn=54
11:57:23.291 INF Delivered batch. nReq=32 sn=55
11:57:24.279 INF Handling PREPREPARE. nReq=32 senderID=0 sn=56
11:57:24.279 INF Sending PREPREPARE. nReq=32 senderID=1 sn=57 view=0
11:57:24.280 INF Handling PREPREPARE. nReq=32 senderID=3 sn=59
11:57:24.281 INF Handling PREPREPARE. nReq=32 senderID=2 sn=58
11:57:24.283 INF Get logEntry.Sn from tn. (Origin ISS Mode) SegID=0 logEntry.Sn=56 origin_sn=56
11:57:24.283 INF Committed entry. latency=0 nReq=32 sn=56
11:57:24.283 INF Delivered batch. nReq=32 sn=56
11:57:24.283 INF Get logEntry.Sn from tn. (Origin ISS Mode) SegID=2 logEntry.Sn=58 origin_sn=58
11:57:24.283 INF Committed entry. latency=0 nReq=32 sn=58
11:57:24.284 INF Get logEntry.Sn from tn. (Origin ISS Mode) SegID=1 logEntry.Sn=57 origin_sn=57
11:57:24.284 INF Committed entry. latency=0 nReq=32 sn=57
11:57:24.284 INF Delivered batch. nReq=32 sn=57
11:57:24.284 INF Delivered batch. nReq=32 sn=58
11:57:24.286 INF Get logEntry.Sn from tn. (Origin ISS Mode) SegID=3 logEntry.Sn=59 origin_sn=59
11:57:24.286 INF Committed entry. latency=0 nReq=32 sn=59
11:57:24.286 INF Delivered batch. nReq=32 sn=59
11:57:25.279 INF Handling PREPREPARE. nReq=4 senderID=0 sn=60
11:57:25.279 INF Handling PREPREPARE. nReq=4 senderID=2 sn=62
11:57:25.280 INF Sending PREPREPARE. nReq=4 senderID=1 sn=61 view=0
11:57:25.280 INF Get logEntry.Sn from tn. (Origin ISS Mode) SegID=0 logEntry.Sn=60 origin_sn=60
11:57:25.281 INF Committed entry. latency=0 nReq=4 sn=60
11:57:25.281 INF Delivered batch. nReq=4 sn=60
11:57:25.281 INF Handling PREPREPARE. nReq=4 senderID=3 sn=63
11:57:25.282 INF Get logEntry.Sn from tn. (Origin ISS Mode) SegID=3 logEntry.Sn=63 origin_sn=63
11:57:25.282 INF Committed entry. latency=0 nReq=4 sn=63
11:57:25.283 INF Get logEntry.Sn from tn. (Origin ISS Mode) SegID=2 logEntry.Sn=62 origin_sn=62
11:57:25.283 INF Committed entry. latency=0 nReq=4 sn=62
11:57:25.283 INF Get logEntry.Sn from tn. (Origin ISS Mode) SegID=1 logEntry.Sn=61 origin_sn=61
11:57:25.283 INF Committed entry. latency=0 nReq=4 sn=61
11:57:25.283 INF Delivered batch. nReq=4 sn=61
11:57:25.283 INF Delivered batch. nReq=4 sn=62
11:57:25.283 INF Delivered batch. nReq=4 sn=63
11:57:25.398 INF Connection terminated. error="rpc error: code = Canceled desc = context canceled" address=100.25.149.4:47432
11:57:25.414 INF Finished sending bucket assignments to client. clId=0
11:57:25.525 INF Stopping profiler.
11:57:25.539 INF Stopping Tracer. events=118 fileName=experiment-output/0000/slave-000/peer.trc
11:57:25.539 INF Trace data written.
11:57:25.539 INF Profile data written. filename=experiment-output/0000/slave-000/prof.mutex name=mutex
11:57:25.541 INF Profile data written. filename=experiment-output/0000/slave-000/prof.cpu name=cpu
11:57:25.547 INF Profile data written. filename=experiment-output/0000/slave-000/prof.block name=block
