{"level":"debug","Logging":"info","time":"2023-07-15T15:59:35Z","message":"Config"}
{"level":"debug","UseTLS":false,"time":"2023-07-15T15:59:35Z","message":"Config"}
{"level":"debug","CACertFile":"tls-data/ca.pem","time":"2023-07-15T15:59:35Z","message":"Config"}
{"level":"debug","KeyFile":"tls-data/auth.key","time":"2023-07-15T15:59:35Z","message":"Config"}
{"level":"debug","CertFile":"tls-data/auth.pem","time":"2023-07-15T15:59:35Z","message":"Config"}
{"level":"debug","PriorityConnections":2,"time":"2023-07-15T15:59:35Z","message":"Config"}
{"level":"debug","BasicConnections":1,"time":"2023-07-15T15:59:35Z","message":"Config"}
{"level":"debug","TestConnections":false,"time":"2023-07-15T15:59:35Z","message":"Config"}
{"level":"debug","ExcessConnections":1,"time":"2023-07-15T15:59:35Z","message":"Config"}
{"level":"debug","ConnectionTestMsgs":4,"time":"2023-07-15T15:59:35Z","message":"Config"}
{"level":"debug","ConnectionTestPayload":131072,"time":"2023-07-15T15:59:35Z","message":"Config"}
{"level":"debug","OutMessageBufsize":1024,"time":"2023-07-15T15:59:35Z","message":"Config"}
{"level":"debug","OutMessageBufsize":4,"time":"2023-07-15T15:59:35Z","message":"Config"}
{"level":"debug","ThroughputCap":131072000,"time":"2023-07-15T15:59:35Z","message":"Config"}
{"level":"debug","StragglerTolerance":1000,"time":"2023-07-15T15:59:35Z","message":"Config"}
{"level":"debug","BatchSizeIncrement":256,"time":"2023-07-15T15:59:35Z","message":"Config"}
{"level":"debug","Orderer":"HotStuff","time":"2023-07-15T15:59:35Z","message":"Config"}
{"level":"debug","Manager":"Mir","time":"2023-07-15T15:59:35Z","message":"Config"}
{"level":"debug","Failures":0,"time":"2023-07-15T15:59:35Z","message":"Config"}
{"level":"debug","StragglerCnt":1,"time":"2023-07-15T15:59:35Z","message":"Config"}
{"level":"debug","CrashTiming":"Straggler","time":"2023-07-15T15:59:35Z","message":"Config"}
{"level":"debug","CheckpointInterval":512,"time":"2023-07-15T15:59:35Z","message":"Config"}
{"level":"debug","WatermarkWindowSize":512,"time":"2023-07-15T15:59:35Z","message":"Config"}
{"level":"debug","EpochLength":512,"time":"2023-07-15T15:59:35Z","message":"Config"}
{"level":"debug","SegmentLength":32,"time":"2023-07-15T15:59:35Z","message":"Config"}
{"level":"debug","WaitForCheckpoints":true,"time":"2023-07-15T15:59:35Z","message":"Config"}
{"level":"debug","ClientWatermarkWindowSize":16384,"time":"2023-07-15T15:59:35Z","message":"Config"}
{"level":"debug","ClientRequestBacklogSize":16384,"time":"2023-07-15T15:59:35Z","message":"Config"}
{"level":"debug","RandomSeed":5061,"time":"2023-07-15T15:59:35Z","message":"Config"}
{"level":"debug","NodeToLeaderRatio":1,"time":"2023-07-15T15:59:35Z","message":"Config"}
{"level":"debug","LeaderPolicy":"Simple","time":"2023-07-15T15:59:35Z","message":"Config"}
{"level":"debug","DefaultLeaderBan":2,"time":"2023-07-15T15:59:35Z","message":"Config"}
{"level":"debug","NumBuckets":256,"time":"2023-07-15T15:59:35Z","message":"Config"}
{"level":"debug","BatchSize":2000,"time":"2023-07-15T15:59:35Z","message":"Config"}
{"level":"debug","DisabledViewChange":false,"time":"2023-07-15T15:59:35Z","message":"Config"}
{"level":"debug","ViewChangeTimeout":60000,"time":"2023-07-15T15:59:35Z","message":"Config"}
{"level":"debug","ClientTraceSampling":10,"time":"2023-07-15T15:59:35Z","message":"Config"}
{"level":"debug","EventBufferSize":2097152,"time":"2023-07-15T15:59:35Z","message":"Config"}
{"level":"debug","TraceSampling":1,"time":"2023-07-15T15:59:35Z","message":"Config"}
{"level":"debug","ClientsPerProcess":8,"time":"2023-07-15T15:59:35Z","message":"Config"}
{"level":"debug","RequestsPerClient":4101,"time":"2023-07-15T15:59:35Z","message":"Config"}
{"level":"debug","ClientRunTime":15000,"time":"2023-07-15T15:59:35Z","message":"Config"}
{"level":"debug","RequestRate":136,"time":"2023-07-15T15:59:35Z","message":"Config"}
{"level":"debug","HardRequestRateLimit":false,"time":"2023-07-15T15:59:35Z","message":"Config"}
{"level":"debug","RequestPayloadSize":500,"time":"2023-07-15T15:59:35Z","message":"Config"}
{"level":"debug","SignRequests":true,"time":"2023-07-15T15:59:35Z","message":"Config"}
{"level":"debug","ClientPrivKeyFile":"tls-data/client-ecdsa-256.key","time":"2023-07-15T15:59:35Z","message":"Config"}
{"level":"debug","ClientPubKeyFile":"tls-data/client-ecdsa-256.pem","time":"2023-07-15T15:59:35Z","message":"Config"}
{"level":"debug","PrecomputeRequests":false,"time":"2023-07-15T15:59:35Z","message":"Config"}
{"level":"debug","RequestHandlerThreads":32,"time":"2023-07-15T15:59:35Z","message":"Config"}
{"level":"debug","RequestInputChannelBuffer":8192,"time":"2023-07-15T15:59:35Z","message":"Config"}
{"level":"debug","BatchVerifier":"external","time":"2023-07-15T15:59:35Z","message":"Config"}
15:59:35.421 INF Started Profiler: CPU
15:59:35.421 INF Started Profiler: BLOCK
15:59:35.421 INF Started Profiler: MUTEX
15:59:35.421 INF Starting clients. numClients=8 numRequests=4101
15:59:35.421 INF Initilizing clients.
15:59:35.677 INF Registared with discovery server. numOrderers=16 ownClientId=32
15:59:35.716 INF Registared with discovery server. numOrderers=16 ownClientId=159
15:59:35.721 INF Registared with discovery server. numOrderers=16 ownClientId=133
15:59:35.723 INF Registared with discovery server. numOrderers=16 ownClientId=141
15:59:35.728 INF Registared with discovery server. numOrderers=16 ownClientId=166
15:59:35.734 INF Registared with discovery server. numOrderers=16 ownClientId=192
15:59:35.768 INF Registared with discovery server. numOrderers=16 ownClientId=253
15:59:35.775 INF Registared with discovery server. numOrderers=16 ownClientId=251
15:59:35.775 INF Clients initialized.
15:59:35.775 INF Launching clients.
15:59:35.776 INF Waiting for clients.
16:01:06.395 INF Stopping Tracer. events=1291 fileName=experiment-output/0001/slave-006/client-251.trc
16:01:06.397 INF Trace data written.
16:01:06.401 INF Stopping Tracer. events=1221 fileName=experiment-output/0001/slave-006/client-133.trc
16:01:06.401 INF Stopping Tracer. events=827 fileName=experiment-output/0001/slave-006/client-192.trc
16:01:06.403 INF Trace data written.
16:01:06.403 INF Trace data written.
16:01:06.414 INF Stopping Tracer. events=827 fileName=experiment-output/0001/slave-006/client-032.trc
16:01:06.414 INF Stopping Tracer. events=824 fileName=experiment-output/0001/slave-006/client-166.trc
16:01:06.416 INF Trace data written.
16:01:06.416 INF Trace data written.
16:01:06.417 INF Stopping Tracer. events=1122 fileName=experiment-output/0001/slave-006/client-253.trc
16:01:06.419 INF Trace data written.
16:01:06.420 INF Stopping Tracer. events=1216 fileName=experiment-output/0001/slave-006/client-159.trc
16:01:06.421 INF Trace data written.
16:01:06.428 INF Stopping Tracer. events=1205 fileName=experiment-output/0001/slave-006/client-141.trc
16:01:06.430 INF Trace data written.
16:01:06.430 INF Done.
16:01:06.430 INF Stopping profiler.
zerolog: could not write event: write experiment-output/0001/slave-006/client-251.log: file already closed
zerolog: could not write event: write experiment-output/0001/slave-006/client-192.log: file already closed
zerolog: could not write event: write experiment-output/0001/slave-006/client-192.log: file already closed
zerolog: could not write event: write experiment-output/0001/slave-006/client-251.log: file already closed
zerolog: could not write event: write experiment-output/0001/slave-006/client-133.log: file already closed
zerolog: could not write event: write experiment-output/0001/slave-006/client-133.log: file already closed
zerolog: could not write event: write experiment-output/0001/slave-006/client-251.log: file already closed
zerolog: could not write event: write experiment-output/0001/slave-006/client-253.log: file already closed
zerolog: could not write event: write experiment-output/0001/slave-006/client-133.log: file already closed
zerolog: could not write event: write experiment-output/0001/slave-006/client-133.log: file already closed
zerolog: could not write event: write experiment-output/0001/slave-006/client-251.log: file already closed
zerolog: could not write event: write experiment-output/0001/slave-006/client-251.log: file already closed
zerolog: could not write event: write experiment-output/0001/slave-006/client-251.log: file already closed
zerolog: could not write event: write experiment-output/0001/slave-006/client-133.log: file already closed
zerolog: could not write event: write experiment-output/0001/slave-006/client-192.log: file already closed
zerolog: could not write event: write experiment-output/0001/slave-006/client-192.log: file already closed
zerolog: could not write event: write experiment-output/0001/slave-006/client-133.log: file already closed
zerolog: could not write event: write experiment-output/0001/slave-006/client-166.log: file already closed
zerolog: could not write event: write experiment-output/0001/slave-006/client-166.log: file already closed
zerolog: could not write event: write experiment-output/0001/slave-006/client-253.log: file already closed
zerolog: could not write event: write experiment-output/0001/slave-006/client-192.log: file already closed
zerolog: could not write event: write experiment-output/0001/slave-006/client-192.log: file already closed
zerolog: could not write event: write experiment-output/0001/slave-006/client-251.log: file already closed
zerolog: could not write event: write experiment-output/0001/slave-006/client-032.log: file already closed
zerolog: could not write event: write experiment-output/0001/slave-006/client-032.log: file already closed
zerolog: could not write event: write experiment-output/0001/slave-006/client-253.log: file already closed
zerolog: could not write event: write experiment-output/0001/slave-006/client-032.log: file already closed
zerolog: could not write event: write experiment-output/0001/slave-006/client-251.log: file already closed
zerolog: could not write event: write experiment-output/0001/slave-006/client-192.log: file already closed
zerolog: could not write event: write experiment-output/0001/slave-006/client-251.log: file already closed
zerolog: could not write event: write experiment-output/0001/slave-006/client-192.log: file already closed
zerolog: could not write event: write experiment-output/0001/slave-006/client-251.log: file already closed
zerolog: could not write event: write experiment-output/0001/slave-006/client-253.log: file already closed
zerolog: could not write event: write experiment-output/0001/slave-006/client-251.log: file already closed
zerolog: could not write event: write experiment-output/0001/slave-006/client-166.log: file already closed
zerolog: could not write event: write experiment-output/0001/slave-006/client-166.log: file already closed
zerolog: could not write event: write experiment-output/0001/slave-006/client-159.log: file already closed
zerolog: could not write event: write experiment-output/0001/slave-006/client-192.log: file already closed
zerolog: could not write event: write experiment-output/0001/slave-006/client-133.log: file already closed
zerolog: could not write event: write experiment-output/0001/slave-006/client-253.log: file already closed
zerolog: could not write event: write experiment-output/0001/slave-006/client-032.log: file already closed
zerolog: could not write event: write experiment-output/0001/slave-006/client-253.log: file already closed
zerolog: could not write event: write experiment-output/0001/slave-006/client-251.log: file already closed
zerolog: could not write event: write experiment-output/0001/slave-006/client-166.log: file already closed
zerolog: could not write event: write experiment-output/0001/slave-006/client-166.log: file already closed
zerolog: could not write event: write experiment-output/0001/slave-006/client-133.log: file already closed
zerolog: could not write event: write experiment-output/0001/slave-006/client-159.log: file already closed
zerolog: could not write event: write experiment-output/0001/slave-006/client-192.log: file already closed
zerolog: could not write event: write experiment-output/0001/slave-006/client-166.log: file already closed
zerolog: could not write event: write experiment-output/0001/slave-006/client-253.log: file already closed
zerolog: could not write event: write experiment-output/0001/slave-006/client-133.log: file already closed
zerolog: could not write event: write experiment-output/0001/slave-006/client-032.log: file already closed
zerolog: could not write event: write experiment-output/0001/slave-006/client-032.log: file already closed
zerolog: could not write event: write experiment-output/0001/slave-006/client-253.log: file already closed
zerolog: could not write event: write experiment-output/0001/slave-006/client-159.log: file already closed
zerolog: could not write event: write experiment-output/0001/slave-006/client-166.log: file already closed
zerolog: could not write event: write experiment-output/0001/slave-006/client-133.log: file already closed
zerolog: could not write event: write experiment-output/0001/slave-006/client-251.log: file already closed
zerolog: could not write event: write experiment-output/0001/slave-006/client-253.log: file already closed
zerolog: could not write event: write experiment-output/0001/slave-006/client-253.log: file already closed
zerolog: could not write event: write experiment-output/0001/slave-006/client-253.log: file already closed
zerolog: could not write event: write experiment-output/0001/slave-006/client-159.log: file already closed
zerolog: could not write event: write experiment-output/0001/slave-006/client-141.log: file already closed
zerolog: could not write event: write experiment-output/0001/slave-006/client-133.log: file already closed
zerolog: could not write event: write experiment-output/0001/slave-006/client-166.log: file already closed
zerolog: could not write event: write experiment-output/0001/slave-006/client-141.log: file already closed
zerolog: could not write event: write experiment-output/0001/slave-006/client-133.log: file already closed
zerolog: could not write event: write experiment-output/0001/slave-006/client-141.log: file already closed
zerolog: could not write event: write experiment-output/0001/slave-006/client-251.log: file already closed
zerolog: could not write event: write experiment-output/0001/slave-006/client-141.log: file already closed
zerolog: could not write event: write experiment-output/0001/slave-006/client-192.log: file already closed
zerolog: could not write event: write experiment-output/0001/slave-006/client-141.log: file already closed
zerolog: could not write event: write experiment-output/0001/slave-006/client-159.log: file already closed
zerolog: could not write event: write experiment-output/0001/slave-006/client-032.log: file already closed
zerolog: could not write event: write experiment-output/0001/slave-006/client-253.log: file already closed
zerolog: could not write event: write experiment-output/0001/slave-006/client-032.log: file already closed
zerolog: could not write event: write experiment-output/0001/slave-006/client-032.log: file already closed
zerolog: could not write event: write experiment-output/0001/slave-006/client-251.log: file already closed
zerolog: could not write event: write experiment-output/0001/slave-006/client-192.log: file already closed
zerolog: could not write event: write experiment-output/0001/slave-006/client-159.log: file already closed
zerolog: could not write event: write experiment-output/0001/slave-006/client-159.log: file already closed
zerolog: could not write event: write experiment-output/0001/slave-006/client-141.log: file already closed
zerolog: could not write event: write experiment-output/0001/slave-006/client-192.log: file already closed
zerolog: could not write event: write experiment-output/0001/slave-006/client-133.log: file already closed
zerolog: could not write event: write experiment-output/0001/slave-006/client-159.log: file already closed
zerolog: could not write event: write experiment-output/0001/slave-006/client-032.log: file already closed
zerolog: could not write event: write experiment-output/0001/slave-006/client-133.log: file already closed
zerolog: could not write event: write experiment-output/0001/slave-006/client-166.log: file already closed
zerolog: could not write event: write experiment-output/0001/slave-006/client-159.log: file already closed
zerolog: could not write event: write experiment-output/0001/slave-006/client-253.log: file already closed
zerolog: could not write event: write experiment-output/0001/slave-006/client-133.log: file already closed
zerolog: could not write event: write experiment-output/0001/slave-006/client-133.log: file already closed
zerolog: could not write event: write experiment-output/0001/slave-006/client-166.log: file already closed
zerolog: could not write event: write experiment-output/0001/slave-006/client-166.log: file already closed
zerolog: could not write event: write experiment-output/0001/slave-006/client-251.log: file already closed
zerolog: could not write event: write experiment-output/0001/slave-006/client-166.log: file already closed
zerolog: could not write event: write experiment-output/0001/slave-006/client-253.log: file already closed
zerolog: could not write event: write experiment-output/0001/slave-006/client-032.log: file already closed
zerolog: could not write event: write experiment-output/0001/slave-006/client-192.log: file already closed
zerolog: could not write event: write experiment-output/0001/slave-006/client-032.log: file already closed
zerolog: could not write event: write experiment-output/0001/slave-006/client-166.log: file already closed
zerolog: could not write event: write experiment-output/0001/slave-006/client-192.log: file already closed
zerolog: could not write event: write experiment-output/0001/slave-006/client-032.log: file already closed
zerolog: could not write event: write experiment-output/0001/slave-006/client-032.log: file already closed
zerolog: could not write event: write experiment-output/0001/slave-006/client-032.log: file already closed
zerolog: could not write event: write experiment-output/0001/slave-006/client-192.log: file already closed
zerolog: could not write event: write experiment-output/0001/slave-006/client-141.log: file already closed
zerolog: could not write event: write experiment-output/0001/slave-006/client-141.log: file already closed
zerolog: could not write event: write experiment-output/0001/slave-006/client-141.log: file already closed
zerolog: could not write event: write experiment-output/0001/slave-006/client-159.log: file already closed
zerolog: could not write event: write experiment-output/0001/slave-006/client-032.log: file already closed
zerolog: could not write event: write experiment-output/0001/slave-006/client-159.log: file already closed
zerolog: could not write event: write experiment-output/0001/slave-006/client-159.log: file already closed
zerolog: could not write event: write experiment-output/0001/slave-006/client-166.log: file already closed
zerolog: could not write event: write experiment-output/0001/slave-006/client-159.log: file already closed
zerolog: could not write event: write experiment-output/0001/slave-006/client-253.log: file already closed
zerolog: could not write event: write experiment-output/0001/slave-006/client-159.log: file already closed
zerolog: could not write event: write experiment-output/0001/slave-006/client-253.log: file already closed
zerolog: could not write event: write experiment-output/0001/slave-006/client-166.log: file already closed
zerolog: could not write event: write experiment-output/0001/slave-006/client-141.log: file already closed
zerolog: could not write event: write experiment-output/0001/slave-006/client-159.log: file already closed
zerolog: could not write event: write experiment-output/0001/slave-006/client-141.log: file already closed
zerolog: could not write event: write experiment-output/0001/slave-006/client-141.log: file already closed
zerolog: could not write event: write experiment-output/0001/slave-006/client-159.log: file already closed
zerolog: could not write event: write experiment-output/0001/slave-006/client-141.log: file already closed
zerolog: could not write event: write experiment-output/0001/slave-006/client-141.log: file already closed
zerolog: could not write event: write experiment-output/0001/slave-006/client-141.log: file already closed
zerolog: could not write event: write experiment-output/0001/slave-006/client-141.log: file already closed
16:01:06.600 INF Profile data written. filename=experiment-output/0001/slave-006/prof-client.cpu name=cpu
16:01:06.617 INF Profile data written. filename=experiment-output/0001/slave-006/prof-client.block name=block
16:01:06.621 INF Profile data written. filename=experiment-output/0001/slave-006/prof-client.mutex name=mutex
