{"level":"debug","Logging":"info","time":"2023-03-21T08:19:54Z","message":"Config"}
{"level":"debug","UseTLS":false,"time":"2023-03-21T08:19:54Z","message":"Config"}
{"level":"debug","CACertFile":"tls-data/ca.pem","time":"2023-03-21T08:19:54Z","message":"Config"}
{"level":"debug","KeyFile":"tls-data/auth.key","time":"2023-03-21T08:19:54Z","message":"Config"}
{"level":"debug","CertFile":"tls-data/auth.pem","time":"2023-03-21T08:19:54Z","message":"Config"}
{"level":"debug","PriorityConnections":2,"time":"2023-03-21T08:19:54Z","message":"Config"}
{"level":"debug","BasicConnections":1,"time":"2023-03-21T08:19:54Z","message":"Config"}
{"level":"debug","TestConnections":false,"time":"2023-03-21T08:19:54Z","message":"Config"}
{"level":"debug","ExcessConnections":1,"time":"2023-03-21T08:19:54Z","message":"Config"}
{"level":"debug","ConnectionTestMsgs":4,"time":"2023-03-21T08:19:54Z","message":"Config"}
{"level":"debug","ConnectionTestPayload":131072,"time":"2023-03-21T08:19:54Z","message":"Config"}
{"level":"debug","OutMessageBufsize":1024,"time":"2023-03-21T08:19:54Z","message":"Config"}
{"level":"debug","OutMessageBufsize":4,"time":"2023-03-21T08:19:54Z","message":"Config"}
{"level":"debug","ThroughputCap":131072000,"time":"2023-03-21T08:19:54Z","message":"Config"}
{"level":"debug","StragglerTolerance":1000,"time":"2023-03-21T08:19:54Z","message":"Config"}
{"level":"debug","BatchSizeIncrement":256,"time":"2023-03-21T08:19:54Z","message":"Config"}
{"level":"debug","Orderer":"Pbft","time":"2023-03-21T08:19:54Z","message":"Config"}
{"level":"debug","Manager":"Mir","time":"2023-03-21T08:19:54Z","message":"Config"}
{"level":"debug","Failures":0,"time":"2023-03-21T08:19:54Z","message":"Config"}
{"level":"debug","StragglerCnt":1,"time":"2023-03-21T08:19:54Z","message":"Config"}
{"level":"debug","PrivKeyCnt":10,"time":"2023-03-21T08:19:54Z","message":"Config"}
{"level":"debug","UseSig":false,"time":"2023-03-21T08:19:54Z","message":"Config"}
{"level":"debug","TnCheckpointCnt":3,"time":"2023-03-21T08:19:54Z","message":"Config"}
{"level":"debug","CrashTiming":"Straggler","time":"2023-03-21T08:19:54Z","message":"Config"}
{"level":"debug","CheckpointInterval":256,"time":"2023-03-21T08:19:54Z","message":"Config"}
{"level":"debug","WatermarkWindowSize":256,"time":"2023-03-21T08:19:54Z","message":"Config"}
{"level":"debug","EpochLength":256,"time":"2023-03-21T08:19:54Z","message":"Config"}
{"level":"debug","SegmentLength":16,"time":"2023-03-21T08:19:54Z","message":"Config"}
{"level":"debug","WaitForCheckpoints":true,"time":"2023-03-21T08:19:54Z","message":"Config"}
{"level":"debug","ClientWatermarkWindowSize":16384,"time":"2023-03-21T08:19:54Z","message":"Config"}
{"level":"debug","ClientRequestBacklogSize":16384,"time":"2023-03-21T08:19:54Z","message":"Config"}
{"level":"debug","RandomSeed":23281,"time":"2023-03-21T08:19:54Z","message":"Config"}
{"level":"debug","NodeToLeaderRatio":1,"time":"2023-03-21T08:19:54Z","message":"Config"}
{"level":"debug","LeaderPolicy":"Simple","time":"2023-03-21T08:19:54Z","message":"Config"}
{"level":"debug","DefaultLeaderBan":2,"time":"2023-03-21T08:19:54Z","message":"Config"}
{"level":"debug","NumBuckets":256,"time":"2023-03-21T08:19:54Z","message":"Config"}
{"level":"debug","BatchSize":1000,"time":"2023-03-21T08:19:54Z","message":"Config"}
{"level":"debug","DisabledViewChange":false,"time":"2023-03-21T08:19:54Z","message":"Config"}
{"level":"debug","ViewChangeTimeout":60000,"time":"2023-03-21T08:19:54Z","message":"Config"}
{"level":"debug","ClientTraceSampling":10,"time":"2023-03-21T08:19:54Z","message":"Config"}
{"level":"debug","EventBufferSize":2097152,"time":"2023-03-21T08:19:54Z","message":"Config"}
{"level":"debug","TraceSampling":1,"time":"2023-03-21T08:19:54Z","message":"Config"}
{"level":"debug","ClientsPerProcess":8,"time":"2023-03-21T08:19:54Z","message":"Config"}
{"level":"debug","RequestsPerClient":9375,"time":"2023-03-21T08:19:54Z","message":"Config"}
{"level":"debug","ClientRunTime":15000,"time":"2023-03-21T08:19:54Z","message":"Config"}
{"level":"debug","RequestRate":312,"time":"2023-03-21T08:19:54Z","message":"Config"}
{"level":"debug","HardRequestRateLimit":false,"time":"2023-03-21T08:19:54Z","message":"Config"}
{"level":"debug","RequestPayloadSize":500,"time":"2023-03-21T08:19:54Z","message":"Config"}
{"level":"debug","SignRequests":true,"time":"2023-03-21T08:19:54Z","message":"Config"}
{"level":"debug","ClientPrivKeyFile":"tls-data/client-ecdsa-256.key","time":"2023-03-21T08:19:54Z","message":"Config"}
{"level":"debug","ClientPubKeyFile":"tls-data/client-ecdsa-256.pem","time":"2023-03-21T08:19:54Z","message":"Config"}
{"level":"debug","PrecomputeRequests":false,"time":"2023-03-21T08:19:54Z","message":"Config"}
{"level":"debug","RequestHandlerThreads":32,"time":"2023-03-21T08:19:54Z","message":"Config"}
{"level":"debug","RequestInputChannelBuffer":8192,"time":"2023-03-21T08:19:54Z","message":"Config"}
{"level":"debug","BatchVerifier":"external","time":"2023-03-21T08:19:54Z","message":"Config"}
08:19:54.348 INF Started Profiler: CPU
08:19:54.348 INF Started Profiler: BLOCK
08:19:54.349 INF Started Profiler: MUTEX
08:19:54.349 INF Starting clients. numClients=8 numRequests=9375
08:19:54.349 INF Initilizing clients.
08:19:54.630 INF Registared with discovery server. numOrderers=16 ownClientId=101
08:19:54.630 INF Registared with discovery server. numOrderers=16 ownClientId=103
08:19:54.631 INF Registared with discovery server. numOrderers=16 ownClientId=120
08:19:54.631 INF Registared with discovery server. numOrderers=16 ownClientId=119
08:19:54.631 INF Registared with discovery server. numOrderers=16 ownClientId=113
08:19:54.631 INF Registared with discovery server. numOrderers=16 ownClientId=125
08:19:54.632 INF Registared with discovery server. numOrderers=16 ownClientId=127
08:19:54.632 INF Registared with discovery server. numOrderers=16 ownClientId=126
08:19:54.632 INF Clients initialized.
08:19:54.632 INF Launching clients.
08:19:54.632 INF Waiting for clients.
08:21:32.072 INF Stopping Tracer. events=2152 fileName=experiment-output/0001/slave-038/client-120.trc
zerolog: could not write event: write experiment-output/0001/slave-038/client-120.log: file already closed
zerolog: could not write event: write experiment-output/0001/slave-038/client-120.log: file already closed
zerolog: could not write event: write experiment-output/0001/slave-038/client-120.log: file already closed
zerolog: could not write event: write experiment-output/0001/slave-038/client-120.log: file already closed
08:21:32.075 INF Trace data written.
08:21:32.114 INF Stopping Tracer. events=2507 fileName=experiment-output/0001/slave-038/client-125.trc
08:21:32.114 INF Stopping Tracer. events=2258 fileName=experiment-output/0001/slave-038/client-113.trc
zerolog: could not write event: write experiment-output/0001/slave-038/client-113.log: file already closed
zerolog: could not write event: write experiment-output/0001/slave-038/client-113.log: file already closed
zerolog: could not write event: write experiment-output/0001/slave-038/client-113.log: file already closed
zerolog: could not write event: write experiment-output/0001/slave-038/client-125.log: file already closed
zerolog: could not write event: write experiment-output/0001/slave-038/client-125.log: file already closed
zerolog: could not write event: write experiment-output/0001/slave-038/client-125.log: file already closed
zerolog: could not write event: write experiment-output/0001/slave-038/client-113.log: file already closed
zerolog: could not write event: write experiment-output/0001/slave-038/client-125.log: file already closed
08:21:32.115 INF Stopping Tracer. events=2379 fileName=experiment-output/0001/slave-038/client-119.trc
08:21:32.115 INF Stopping Tracer. events=2231 fileName=experiment-output/0001/slave-038/client-126.trc
zerolog: could not write event: write experiment-output/0001/slave-038/client-119.log: file already closed
zerolog: could not write event: write experiment-output/0001/slave-038/client-126.log: file already closed
zerolog: could not write event: write experiment-output/0001/slave-038/client-119.log: file already closed
zerolog: could not write event: write experiment-output/0001/slave-038/client-126.log: file already closed
zerolog: could not write event: write experiment-output/0001/slave-038/client-126.log: file already closed
zerolog: could not write event: write experiment-output/0001/slave-038/client-126.log: file already closed
zerolog: could not write event: write experiment-output/0001/slave-038/client-119.log: file already closed
zerolog: could not write event: write experiment-output/0001/slave-038/client-119.log: file already closed
08:21:32.116 INF Stopping Tracer. events=2278 fileName=experiment-output/0001/slave-038/client-101.trc
08:21:32.116 INF Stopping Tracer. events=2284 fileName=experiment-output/0001/slave-038/client-127.trc
08:21:32.117 INF Stopping Tracer. events=2277 fileName=experiment-output/0001/slave-038/client-103.trc
zerolog: could not write event: write experiment-output/0001/slave-038/client-101.log: file already closed
zerolog: could not write event: write experiment-output/0001/slave-038/client-101.log: file already closed
zerolog: could not write event: write experiment-output/0001/slave-038/client-127.log: file already closed
zerolog: could not write event: write experiment-output/0001/slave-038/client-127.log: file already closed
zerolog: could not write event: write experiment-output/0001/slave-038/client-127.log: file already closed
zerolog: could not write event: write experiment-output/0001/slave-038/client-103.log: file already closed
zerolog: could not write event: write experiment-output/0001/slave-038/client-103.log: file already closed
zerolog: could not write event: write experiment-output/0001/slave-038/client-101.log: file already closed
zerolog: could not write event: write experiment-output/0001/slave-038/client-101.log: file already closed
zerolog: could not write event: write experiment-output/0001/slave-038/client-127.log: file already closed
zerolog: could not write event: write experiment-output/0001/slave-038/client-103.log: file already closed
zerolog: could not write event: write experiment-output/0001/slave-038/client-103.log: file already closed
08:21:32.120 INF Trace data written.
08:21:32.120 INF Trace data written.
08:21:32.120 INF Trace data written.
08:21:32.120 INF Trace data written.
08:21:32.120 INF Trace data written.
08:21:32.122 INF Trace data written.
08:21:32.122 INF Trace data written.
08:21:32.122 INF Done.
08:21:32.122 INF Stopping profiler.
zerolog: could not write event: write experiment-output/0001/slave-038/client-120.log: file already closed
zerolog: could not write event: write experiment-output/0001/slave-038/client-120.log: file already closed
zerolog: could not write event: write experiment-output/0001/slave-038/client-120.log: file already closed
zerolog: could not write event: write experiment-output/0001/slave-038/client-120.log: file already closed
zerolog: could not write event: write experiment-output/0001/slave-038/client-113.log: file already closed
zerolog: could not write event: write experiment-output/0001/slave-038/client-125.log: file already closed
zerolog: could not write event: write experiment-output/0001/slave-038/client-125.log: file already closed
zerolog: could not write event: write experiment-output/0001/slave-038/client-113.log: file already closed
zerolog: could not write event: write experiment-output/0001/slave-038/client-113.log: file already closed
zerolog: could not write event: write experiment-output/0001/slave-038/client-113.log: file already closed
zerolog: could not write event: write experiment-output/0001/slave-038/client-125.log: file already closed
zerolog: could not write event: write experiment-output/0001/slave-038/client-125.log: file already closed
zerolog: could not write event: write experiment-output/0001/slave-038/client-119.log: file already closed
zerolog: could not write event: write experiment-output/0001/slave-038/client-126.log: file already closed
zerolog: could not write event: write experiment-output/0001/slave-038/client-126.log: file already closed
zerolog: could not write event: write experiment-output/0001/slave-038/client-119.log: file already closed
zerolog: could not write event: write experiment-output/0001/slave-038/client-126.log: file already closed
zerolog: could not write event: write experiment-output/0001/slave-038/client-126.log: file already closed
zerolog: could not write event: write experiment-output/0001/slave-038/client-119.log: file already closed
zerolog: could not write event: write experiment-output/0001/slave-038/client-119.log: file already closed
zerolog: could not write event: write experiment-output/0001/slave-038/client-101.log: file already closed
zerolog: could not write event: write experiment-output/0001/slave-038/client-101.log: file already closed
zerolog: could not write event: write experiment-output/0001/slave-038/client-101.log: file already closed
zerolog: could not write event: write experiment-output/0001/slave-038/client-127.log: file already closed
zerolog: could not write event: write experiment-output/0001/slave-038/client-127.log: file already closed
zerolog: could not write event: write experiment-output/0001/slave-038/client-127.log: file already closed
zerolog: could not write event: write experiment-output/0001/slave-038/client-103.log: file already closed
zerolog: could not write event: write experiment-output/0001/slave-038/client-103.log: file already closed
zerolog: could not write event: write experiment-output/0001/slave-038/client-127.log: file already closed
zerolog: could not write event: write experiment-output/0001/slave-038/client-103.log: file already closed
zerolog: could not write event: write experiment-output/0001/slave-038/client-101.log: file already closed
zerolog: could not write event: write experiment-output/0001/slave-038/client-103.log: file already closed
zerolog: could not write event: write experiment-output/0001/slave-038/client-120.log: file already closed
zerolog: could not write event: write experiment-output/0001/slave-038/client-120.log: file already closed
zerolog: could not write event: write experiment-output/0001/slave-038/client-120.log: file already closed
zerolog: could not write event: write experiment-output/0001/slave-038/client-120.log: file already closed
08:21:32.322 INF Profile data written. filename=experiment-output/0001/slave-038/prof-client.cpu name=cpu
zerolog: could not write event: write experiment-output/0001/slave-038/client-113.log: file already closed
zerolog: could not write event: write experiment-output/0001/slave-038/client-125.log: file already closed
zerolog: could not write event: write experiment-output/0001/slave-038/client-125.log: file already closed
zerolog: could not write event: write experiment-output/0001/slave-038/client-113.log: file already closed
zerolog: could not write event: write experiment-output/0001/slave-038/client-125.log: file already closed
zerolog: could not write event: write experiment-output/0001/slave-038/client-126.log: file already closed
zerolog: could not write event: write experiment-output/0001/slave-038/client-126.log: file already closed
zerolog: could not write event: write experiment-output/0001/slave-038/client-119.log: file already closed
zerolog: could not write event: write experiment-output/0001/slave-038/client-119.log: file already closed
zerolog: could not write event: write experiment-output/0001/slave-038/client-126.log: file already closed
zerolog: could not write event: write experiment-output/0001/slave-038/client-113.log: file already closed
zerolog: could not write event: write experiment-output/0001/slave-038/client-127.log: file already closed
zerolog: could not write event: write experiment-output/0001/slave-038/client-113.log: file already closed
zerolog: could not write event: write experiment-output/0001/slave-038/client-119.log: file already closed
zerolog: could not write event: write experiment-output/0001/slave-038/client-125.log: file already closed
zerolog: could not write event: write experiment-output/0001/slave-038/client-126.log: file already closed
zerolog: could not write event: write experiment-output/0001/slave-038/client-119.log: file already closed
zerolog: could not write event: write experiment-output/0001/slave-038/client-127.log: file already closed
zerolog: could not write event: write experiment-output/0001/slave-038/client-103.log: file already closed
zerolog: could not write event: write experiment-output/0001/slave-038/client-127.log: file already closed
zerolog: could not write event: write experiment-output/0001/slave-038/client-101.log: file already closed
zerolog: could not write event: write experiment-output/0001/slave-038/client-101.log: file already closed
zerolog: could not write event: write experiment-output/0001/slave-038/client-103.log: file already closed
zerolog: could not write event: write experiment-output/0001/slave-038/client-101.log: file already closed
zerolog: could not write event: write experiment-output/0001/slave-038/client-103.log: file already closed
zerolog: could not write event: write experiment-output/0001/slave-038/client-127.log: file already closed
zerolog: could not write event: write experiment-output/0001/slave-038/client-103.log: file already closed
zerolog: could not write event: write experiment-output/0001/slave-038/client-101.log: file already closed
08:21:32.341 INF Profile data written. filename=experiment-output/0001/slave-038/prof-client.block name=block
08:21:32.348 INF Profile data written. filename=experiment-output/0001/slave-038/prof-client.mutex name=mutex
