{"level":"debug","Logging":"info","time":"2023-03-30T03:30:09Z","message":"Config"}
{"level":"debug","UseTLS":false,"time":"2023-03-30T03:30:09Z","message":"Config"}
{"level":"debug","CACertFile":"tls-data/ca.pem","time":"2023-03-30T03:30:09Z","message":"Config"}
{"level":"debug","KeyFile":"tls-data/auth.key","time":"2023-03-30T03:30:09Z","message":"Config"}
{"level":"debug","CertFile":"tls-data/auth.pem","time":"2023-03-30T03:30:09Z","message":"Config"}
{"level":"debug","PriorityConnections":2,"time":"2023-03-30T03:30:09Z","message":"Config"}
{"level":"debug","BasicConnections":1,"time":"2023-03-30T03:30:09Z","message":"Config"}
{"level":"debug","TestConnections":false,"time":"2023-03-30T03:30:09Z","message":"Config"}
{"level":"debug","ExcessConnections":1,"time":"2023-03-30T03:30:09Z","message":"Config"}
{"level":"debug","ConnectionTestMsgs":4,"time":"2023-03-30T03:30:09Z","message":"Config"}
{"level":"debug","ConnectionTestPayload":131072,"time":"2023-03-30T03:30:09Z","message":"Config"}
{"level":"debug","OutMessageBufsize":1024,"time":"2023-03-30T03:30:09Z","message":"Config"}
{"level":"debug","OutMessageBufsize":4,"time":"2023-03-30T03:30:09Z","message":"Config"}
{"level":"debug","ThroughputCap":131072000,"time":"2023-03-30T03:30:09Z","message":"Config"}
{"level":"debug","StragglerTolerance":1000,"time":"2023-03-30T03:30:09Z","message":"Config"}
{"level":"debug","BatchSizeIncrement":256,"time":"2023-03-30T03:30:09Z","message":"Config"}
{"level":"debug","Orderer":"Pbft","time":"2023-03-30T03:30:09Z","message":"Config"}
{"level":"debug","Manager":"Mir","time":"2023-03-30T03:30:09Z","message":"Config"}
{"level":"debug","Failures":0,"time":"2023-03-30T03:30:09Z","message":"Config"}
{"level":"debug","StragglerCnt":4,"time":"2023-03-30T03:30:09Z","message":"Config"}
{"level":"debug","PrivKeyCnt":10,"time":"2023-03-30T03:30:09Z","message":"Config"}
{"level":"debug","UseSig":false,"time":"2023-03-30T03:30:09Z","message":"Config"}
{"level":"debug","CrashTiming":"Straggler","time":"2023-03-30T03:30:09Z","message":"Config"}
{"level":"debug","CheckpointInterval":1024,"time":"2023-03-30T03:30:09Z","message":"Config"}
{"level":"debug","WatermarkWindowSize":1024,"time":"2023-03-30T03:30:09Z","message":"Config"}
{"level":"debug","EpochLength":1024,"time":"2023-03-30T03:30:09Z","message":"Config"}
{"level":"debug","SegmentLength":64,"time":"2023-03-30T03:30:09Z","message":"Config"}
{"level":"debug","WaitForCheckpoints":true,"time":"2023-03-30T03:30:09Z","message":"Config"}
{"level":"debug","ClientWatermarkWindowSize":24576,"time":"2023-03-30T03:30:09Z","message":"Config"}
{"level":"debug","ClientRequestBacklogSize":24576,"time":"2023-03-30T03:30:09Z","message":"Config"}
{"level":"debug","RandomSeed":10089,"time":"2023-03-30T03:30:09Z","message":"Config"}
{"level":"debug","NodeToLeaderRatio":1,"time":"2023-03-30T03:30:09Z","message":"Config"}
{"level":"debug","LeaderPolicy":"Simple","time":"2023-03-30T03:30:09Z","message":"Config"}
{"level":"debug","DefaultLeaderBan":2,"time":"2023-03-30T03:30:09Z","message":"Config"}
{"level":"debug","NumBuckets":256,"time":"2023-03-30T03:30:09Z","message":"Config"}
{"level":"debug","BatchSize":1000,"time":"2023-03-30T03:30:09Z","message":"Config"}
{"level":"debug","DisabledViewChange":false,"time":"2023-03-30T03:30:09Z","message":"Config"}
{"level":"debug","ViewChangeTimeout":60000,"time":"2023-03-30T03:30:09Z","message":"Config"}
{"level":"debug","ClientTraceSampling":10,"time":"2023-03-30T03:30:09Z","message":"Config"}
{"level":"debug","EventBufferSize":2097152,"time":"2023-03-30T03:30:09Z","message":"Config"}
{"level":"debug","TraceSampling":1,"time":"2023-03-30T03:30:09Z","message":"Config"}
{"level":"debug","ClientsPerProcess":8,"time":"2023-03-30T03:30:09Z","message":"Config"}
{"level":"debug","RequestsPerClient":5859,"time":"2023-03-30T03:30:09Z","message":"Config"}
{"level":"debug","ClientRunTime":15000,"time":"2023-03-30T03:30:09Z","message":"Config"}
{"level":"debug","RequestRate":195,"time":"2023-03-30T03:30:09Z","message":"Config"}
{"level":"debug","HardRequestRateLimit":false,"time":"2023-03-30T03:30:09Z","message":"Config"}
{"level":"debug","RequestPayloadSize":500,"time":"2023-03-30T03:30:09Z","message":"Config"}
{"level":"debug","SignRequests":true,"time":"2023-03-30T03:30:09Z","message":"Config"}
{"level":"debug","ClientPrivKeyFile":"tls-data/client-ecdsa-256.key","time":"2023-03-30T03:30:09Z","message":"Config"}
{"level":"debug","ClientPubKeyFile":"tls-data/client-ecdsa-256.pem","time":"2023-03-30T03:30:09Z","message":"Config"}
{"level":"debug","PrecomputeRequests":false,"time":"2023-03-30T03:30:09Z","message":"Config"}
{"level":"debug","RequestHandlerThreads":32,"time":"2023-03-30T03:30:09Z","message":"Config"}
{"level":"debug","RequestInputChannelBuffer":8192,"time":"2023-03-30T03:30:09Z","message":"Config"}
{"level":"debug","BatchVerifier":"external","time":"2023-03-30T03:30:09Z","message":"Config"}
03:30:09.519 INF Started Profiler: CPU
03:30:09.519 INF Started Profiler: BLOCK
03:30:09.519 INF Started Profiler: MUTEX
03:30:09.519 INF Starting clients. numClients=8 numRequests=5859
03:30:09.519 INF Initilizing clients.
03:30:09.803 INF Registared with discovery server. numOrderers=16 ownClientId=81
03:30:09.803 INF Registared with discovery server. numOrderers=16 ownClientId=90
03:30:09.803 INF Registared with discovery server. numOrderers=16 ownClientId=87
03:30:09.804 INF Registared with discovery server. numOrderers=16 ownClientId=93
03:30:09.804 INF Registared with discovery server. numOrderers=16 ownClientId=97
03:30:09.804 INF Registared with discovery server. numOrderers=16 ownClientId=121
03:30:09.804 INF Registared with discovery server. numOrderers=16 ownClientId=105
03:30:09.804 INF Registared with discovery server. numOrderers=16 ownClientId=127
03:30:09.805 INF Clients initialized.
03:30:09.805 INF Launching clients.
03:30:09.805 INF Waiting for clients.
03:31:31.261 INF Stopping Tracer. events=1179 fileName=experiment-output/0001/slave-018/client-105.trc
zerolog: could not write event: write experiment-output/0001/slave-018/client-105.log: file already closed
zerolog: could not write event: write experiment-output/0001/slave-018/client-105.log: file already closed
zerolog: could not write event: write experiment-output/0001/slave-018/client-105.log: file already closed
zerolog: could not write event: write experiment-output/0001/slave-018/client-105.log: file already closed
03:31:31.263 INF Trace data written.
03:31:31.288 INF Stopping Tracer. events=1176 fileName=experiment-output/0001/slave-018/client-097.trc
03:31:31.288 INF Stopping Tracer. events=1173 fileName=experiment-output/0001/slave-018/client-081.trc
zerolog: could not write event: write experiment-output/0001/slave-018/client-097.log: file already closed
zerolog: could not write event: write experiment-output/0001/slave-018/client-097.log: file already closed
03:31:31.289 INF Stopping Tracer. events=1186 fileName=experiment-output/0001/slave-018/client-087.trc
03:31:31.289 INF Stopping Tracer. events=1181 fileName=experiment-output/0001/slave-018/client-093.trc
zerolog: could not write event: write experiment-output/0001/slave-018/client-081.log: file already closed
zerolog: could not write event: write experiment-output/0001/slave-018/client-081.log: file already closed
zerolog: could not write event: write experiment-output/0001/slave-018/client-081.log: file already closed
zerolog: could not write event: write experiment-output/0001/slave-018/client-087.log: file already closed
zerolog: could not write event: write experiment-output/0001/slave-018/client-087.log: file already closed
zerolog: could not write event: write experiment-output/0001/slave-018/client-093.log: file already closed
zerolog: could not write event: write experiment-output/0001/slave-018/client-097.log: file already closed
zerolog: could not write event: write experiment-output/0001/slave-018/client-097.log: file already closed
zerolog: could not write event: write experiment-output/0001/slave-018/client-093.log: file already closed
zerolog: could not write event: write experiment-output/0001/slave-018/client-081.log: file already closed
zerolog: could not write event: write experiment-output/0001/slave-018/client-093.log: file already closed
zerolog: could not write event: write experiment-output/0001/slave-018/client-087.log: file already closed
zerolog: could not write event: write experiment-output/0001/slave-018/client-093.log: file already closed
zerolog: could not write event: write experiment-output/0001/slave-018/client-087.log: file already closed
03:31:31.292 INF Trace data written.
03:31:31.292 INF Trace data written.
03:31:31.292 INF Trace data written.
03:31:31.292 INF Stopping Tracer. events=1179 fileName=experiment-output/0001/slave-018/client-127.trc
03:31:31.292 INF Stopping Tracer. events=1771 fileName=experiment-output/0001/slave-018/client-090.trc
03:31:31.293 INF Stopping Tracer. events=1179 fileName=experiment-output/0001/slave-018/client-121.trc
zerolog: could not write event: write experiment-output/0001/slave-018/client-090.log: file already closed
zerolog: could not write event: write experiment-output/0001/slave-018/client-127.log: file already closed
zerolog: could not write event: write experiment-output/0001/slave-018/client-090.log: file already closed
03:31:31.293 INF Trace data written.
zerolog: could not write event: write experiment-output/0001/slave-018/client-127.log: file already closed
zerolog: could not write event: write experiment-output/0001/slave-018/client-127.log: file already closed
zerolog: could not write event: write experiment-output/0001/slave-018/client-127.log: file already closed
zerolog: could not write event: write experiment-output/0001/slave-018/client-121.log: file already closed
zerolog: could not write event: write experiment-output/0001/slave-018/client-121.log: file already closed
zerolog: could not write event: write experiment-output/0001/slave-018/client-090.log: file already closed
zerolog: could not write event: write experiment-output/0001/slave-018/client-121.log: file already closed
zerolog: could not write event: write experiment-output/0001/slave-018/client-090.log: file already closed
zerolog: could not write event: write experiment-output/0001/slave-018/client-121.log: file already closed
03:31:31.295 INF Trace data written.
03:31:31.295 INF Trace data written.
03:31:31.296 INF Trace data written.
03:31:31.296 INF Done.
03:31:31.296 INF Stopping profiler.
zerolog: could not write event: write experiment-output/0001/slave-018/client-105.log: file already closed
zerolog: could not write event: write experiment-output/0001/slave-018/client-105.log: file already closed
zerolog: could not write event: write experiment-output/0001/slave-018/client-105.log: file already closed
zerolog: could not write event: write experiment-output/0001/slave-018/client-105.log: file already closed
zerolog: could not write event: write experiment-output/0001/slave-018/client-097.log: file already closed
zerolog: could not write event: write experiment-output/0001/slave-018/client-097.log: file already closed
zerolog: could not write event: write experiment-output/0001/slave-018/client-081.log: file already closed
zerolog: could not write event: write experiment-output/0001/slave-018/client-081.log: file already closed
zerolog: could not write event: write experiment-output/0001/slave-018/client-097.log: file already closed
zerolog: could not write event: write experiment-output/0001/slave-018/client-097.log: file already closed
zerolog: could not write event: write experiment-output/0001/slave-018/client-087.log: file already closed
zerolog: could not write event: write experiment-output/0001/slave-018/client-093.log: file already closed
zerolog: could not write event: write experiment-output/0001/slave-018/client-087.log: file already closed
zerolog: could not write event: write experiment-output/0001/slave-018/client-081.log: file already closed
zerolog: could not write event: write experiment-output/0001/slave-018/client-081.log: file already closed
zerolog: could not write event: write experiment-output/0001/slave-018/client-093.log: file already closed
zerolog: could not write event: write experiment-output/0001/slave-018/client-093.log: file already closed
zerolog: could not write event: write experiment-output/0001/slave-018/client-087.log: file already closed
zerolog: could not write event: write experiment-output/0001/slave-018/client-087.log: file already closed
zerolog: could not write event: write experiment-output/0001/slave-018/client-093.log: file already closed
zerolog: could not write event: write experiment-output/0001/slave-018/client-090.log: file already closed
zerolog: could not write event: write experiment-output/0001/slave-018/client-127.log: file already closed
zerolog: could not write event: write experiment-output/0001/slave-018/client-127.log: file already closed
zerolog: could not write event: write experiment-output/0001/slave-018/client-090.log: file already closed
zerolog: could not write event: write experiment-output/0001/slave-018/client-127.log: file already closed
zerolog: could not write event: write experiment-output/0001/slave-018/client-121.log: file already closed
zerolog: could not write event: write experiment-output/0001/slave-018/client-090.log: file already closed
zerolog: could not write event: write experiment-output/0001/slave-018/client-127.log: file already closed
zerolog: could not write event: write experiment-output/0001/slave-018/client-121.log: file already closed
zerolog: could not write event: write experiment-output/0001/slave-018/client-090.log: file already closed
zerolog: could not write event: write experiment-output/0001/slave-018/client-121.log: file already closed
zerolog: could not write event: write experiment-output/0001/slave-018/client-121.log: file already closed
03:31:31.470 INF Profile data written. filename=experiment-output/0001/slave-018/prof-client.cpu name=cpu
zerolog: could not write event: write experiment-output/0001/slave-018/client-105.log: file already closed
zerolog: could not write event: write experiment-output/0001/slave-018/client-105.log: file already closed
zerolog: could not write event: write experiment-output/0001/slave-018/client-105.log: file already closed
zerolog: could not write event: write experiment-output/0001/slave-018/client-105.log: file already closed
03:31:31.489 INF Profile data written. filename=experiment-output/0001/slave-018/prof-client.block name=block
03:31:31.496 INF Profile data written. filename=experiment-output/0001/slave-018/prof-client.mutex name=mutex
