{"level":"debug","Logging":"info","time":"2023-03-24T02:37:27Z","message":"Config"}
{"level":"debug","UseTLS":false,"time":"2023-03-24T02:37:27Z","message":"Config"}
{"level":"debug","CACertFile":"tls-data/ca.pem","time":"2023-03-24T02:37:27Z","message":"Config"}
{"level":"debug","KeyFile":"tls-data/auth.key","time":"2023-03-24T02:37:27Z","message":"Config"}
{"level":"debug","CertFile":"tls-data/auth.pem","time":"2023-03-24T02:37:27Z","message":"Config"}
{"level":"debug","PriorityConnections":2,"time":"2023-03-24T02:37:27Z","message":"Config"}
{"level":"debug","BasicConnections":1,"time":"2023-03-24T02:37:27Z","message":"Config"}
{"level":"debug","TestConnections":false,"time":"2023-03-24T02:37:27Z","message":"Config"}
{"level":"debug","ExcessConnections":1,"time":"2023-03-24T02:37:27Z","message":"Config"}
{"level":"debug","ConnectionTestMsgs":4,"time":"2023-03-24T02:37:27Z","message":"Config"}
{"level":"debug","ConnectionTestPayload":131072,"time":"2023-03-24T02:37:27Z","message":"Config"}
{"level":"debug","OutMessageBufsize":1024,"time":"2023-03-24T02:37:27Z","message":"Config"}
{"level":"debug","OutMessageBufsize":4,"time":"2023-03-24T02:37:27Z","message":"Config"}
{"level":"debug","ThroughputCap":131072000,"time":"2023-03-24T02:37:27Z","message":"Config"}
{"level":"debug","StragglerTolerance":1000,"time":"2023-03-24T02:37:27Z","message":"Config"}
{"level":"debug","BatchSizeIncrement":256,"time":"2023-03-24T02:37:27Z","message":"Config"}
{"level":"debug","Orderer":"Pbft","time":"2023-03-24T02:37:27Z","message":"Config"}
{"level":"debug","Manager":"Mir","time":"2023-03-24T02:37:27Z","message":"Config"}
{"level":"debug","Failures":0,"time":"2023-03-24T02:37:27Z","message":"Config"}
{"level":"debug","StragglerCnt":1,"time":"2023-03-24T02:37:27Z","message":"Config"}
{"level":"debug","PrivKeyCnt":10,"time":"2023-03-24T02:37:27Z","message":"Config"}
{"level":"debug","UseSig":false,"time":"2023-03-24T02:37:27Z","message":"Config"}
{"level":"debug","CrashTiming":"Straggler","time":"2023-03-24T02:37:27Z","message":"Config"}
{"level":"debug","CheckpointInterval":512,"time":"2023-03-24T02:37:27Z","message":"Config"}
{"level":"debug","WatermarkWindowSize":512,"time":"2023-03-24T02:37:27Z","message":"Config"}
{"level":"debug","EpochLength":512,"time":"2023-03-24T02:37:27Z","message":"Config"}
{"level":"debug","SegmentLength":32,"time":"2023-03-24T02:37:27Z","message":"Config"}
{"level":"debug","WaitForCheckpoints":true,"time":"2023-03-24T02:37:27Z","message":"Config"}
{"level":"debug","ClientWatermarkWindowSize":16384,"time":"2023-03-24T02:37:27Z","message":"Config"}
{"level":"debug","ClientRequestBacklogSize":16384,"time":"2023-03-24T02:37:27Z","message":"Config"}
{"level":"debug","RandomSeed":26897,"time":"2023-03-24T02:37:27Z","message":"Config"}
{"level":"debug","NodeToLeaderRatio":1,"time":"2023-03-24T02:37:27Z","message":"Config"}
{"level":"debug","LeaderPolicy":"Simple","time":"2023-03-24T02:37:27Z","message":"Config"}
{"level":"debug","DefaultLeaderBan":2,"time":"2023-03-24T02:37:27Z","message":"Config"}
{"level":"debug","NumBuckets":256,"time":"2023-03-24T02:37:27Z","message":"Config"}
{"level":"debug","BatchSize":4000,"time":"2023-03-24T02:37:27Z","message":"Config"}
{"level":"debug","DisabledViewChange":false,"time":"2023-03-24T02:37:27Z","message":"Config"}
{"level":"debug","ViewChangeTimeout":60000,"time":"2023-03-24T02:37:27Z","message":"Config"}
{"level":"debug","ClientTraceSampling":10,"time":"2023-03-24T02:37:27Z","message":"Config"}
{"level":"debug","EventBufferSize":2097152,"time":"2023-03-24T02:37:27Z","message":"Config"}
{"level":"debug","TraceSampling":1,"time":"2023-03-24T02:37:27Z","message":"Config"}
{"level":"debug","ClientsPerProcess":8,"time":"2023-03-24T02:37:27Z","message":"Config"}
{"level":"debug","RequestsPerClient":12890,"time":"2023-03-24T02:37:27Z","message":"Config"}
{"level":"debug","ClientRunTime":15000,"time":"2023-03-24T02:37:27Z","message":"Config"}
{"level":"debug","RequestRate":429,"time":"2023-03-24T02:37:27Z","message":"Config"}
{"level":"debug","HardRequestRateLimit":false,"time":"2023-03-24T02:37:27Z","message":"Config"}
{"level":"debug","RequestPayloadSize":500,"time":"2023-03-24T02:37:27Z","message":"Config"}
{"level":"debug","SignRequests":true,"time":"2023-03-24T02:37:27Z","message":"Config"}
{"level":"debug","ClientPrivKeyFile":"tls-data/client-ecdsa-256.key","time":"2023-03-24T02:37:27Z","message":"Config"}
{"level":"debug","ClientPubKeyFile":"tls-data/client-ecdsa-256.pem","time":"2023-03-24T02:37:27Z","message":"Config"}
{"level":"debug","PrecomputeRequests":false,"time":"2023-03-24T02:37:27Z","message":"Config"}
{"level":"debug","RequestHandlerThreads":32,"time":"2023-03-24T02:37:27Z","message":"Config"}
{"level":"debug","RequestInputChannelBuffer":8192,"time":"2023-03-24T02:37:27Z","message":"Config"}
{"level":"debug","BatchVerifier":"external","time":"2023-03-24T02:37:27Z","message":"Config"}
02:37:27.229 INF Started Profiler: CPU
02:37:27.229 INF Started Profiler: BLOCK
02:37:27.229 INF Started Profiler: MUTEX
02:37:27.229 INF Starting clients. numClients=8 numRequests=12890
02:37:27.229 INF Initilizing clients.
02:37:27.627 INF Registared with discovery server. numOrderers=16 ownClientId=138
02:37:27.629 INF Registared with discovery server. numOrderers=16 ownClientId=157
02:37:27.629 INF Registared with discovery server. numOrderers=16 ownClientId=149
02:37:27.630 INF Registared with discovery server. numOrderers=16 ownClientId=174
02:37:27.631 INF Registared with discovery server. numOrderers=16 ownClientId=159
02:37:27.632 INF Registared with discovery server. numOrderers=16 ownClientId=163
02:37:27.632 INF Registared with discovery server. numOrderers=16 ownClientId=185
02:37:27.633 INF Registared with discovery server. numOrderers=16 ownClientId=186
02:37:27.633 INF Clients initialized.
02:37:27.633 INF Launching clients.
02:37:27.633 INF Waiting for clients.
02:38:46.745 INF Stopping Tracer. events=2577 fileName=experiment-output/0007/slave-021/client-157.trc
zerolog: could not write event: write experiment-output/0007/slave-021/client-157.log: file already closed
zerolog: could not write event: write experiment-output/0007/slave-021/client-157.log: file already closed
zerolog: could not write event: write experiment-output/0007/slave-021/client-157.log: file already closed
zerolog: could not write event: write experiment-output/0007/slave-021/client-157.log: file already closed
02:38:46.750 INF Trace data written.
02:38:46.793 INF Stopping Tracer. events=3891 fileName=experiment-output/0007/slave-021/client-174.trc
zerolog: could not write event: write experiment-output/0007/slave-021/client-174.log: file already closed
zerolog: could not write event: write experiment-output/0007/slave-021/client-174.log: file already closed
zerolog: could not write event: write experiment-output/0007/slave-021/client-174.log: file already closed
zerolog: could not write event: write experiment-output/0007/slave-021/client-174.log: file already closed
02:38:46.799 INF Trace data written.
02:38:46.799 INF Stopping Tracer. events=3881 fileName=experiment-output/0007/slave-021/client-186.trc
zerolog: could not write event: write experiment-output/0007/slave-021/client-186.log: file already closed
zerolog: could not write event: write experiment-output/0007/slave-021/client-186.log: file already closed
zerolog: could not write event: write experiment-output/0007/slave-021/client-186.log: file already closed
zerolog: could not write event: write experiment-output/0007/slave-021/client-186.log: file already closed
02:38:46.804 INF Stopping Tracer. events=2577 fileName=experiment-output/0007/slave-021/client-159.trc
zerolog: could not write event: write experiment-output/0007/slave-021/client-159.log: file already closed
zerolog: could not write event: write experiment-output/0007/slave-021/client-159.log: file already closed
zerolog: could not write event: write experiment-output/0007/slave-021/client-159.log: file already closed
zerolog: could not write event: write experiment-output/0007/slave-021/client-159.log: file already closed
02:38:46.806 INF Trace data written.
02:38:46.808 INF Trace data written.
02:38:46.809 INF Stopping Tracer. events=2587 fileName=experiment-output/0007/slave-021/client-163.trc
02:38:46.809 INF Stopping Tracer. events=3858 fileName=experiment-output/0007/slave-021/client-138.trc
02:38:46.810 INF Stopping Tracer. events=2586 fileName=experiment-output/0007/slave-021/client-185.trc
zerolog: could not write event: write experiment-output/0007/slave-021/client-163.log: file already closed
zerolog: could not write event: write experiment-output/0007/slave-021/client-163.log: file already closed
zerolog: could not write event: write experiment-output/0007/slave-021/client-138.log: file already closed
zerolog: could not write event: write experiment-output/0007/slave-021/client-185.log: file already closed
zerolog: could not write event: write experiment-output/0007/slave-021/client-138.log: file already closed
zerolog: could not write event: write experiment-output/0007/slave-021/client-185.log: file already closed
zerolog: could not write event: write experiment-output/0007/slave-021/client-163.log: file already closed
zerolog: could not write event: write experiment-output/0007/slave-021/client-138.log: file already closed
zerolog: could not write event: write experiment-output/0007/slave-021/client-185.log: file already closed
zerolog: could not write event: write experiment-output/0007/slave-021/client-138.log: file already closed
zerolog: could not write event: write experiment-output/0007/slave-021/client-163.log: file already closed
zerolog: could not write event: write experiment-output/0007/slave-021/client-185.log: file already closed
02:38:46.813 INF Stopping Tracer. events=2578 fileName=experiment-output/0007/slave-021/client-149.trc
zerolog: could not write event: write experiment-output/0007/slave-021/client-149.log: file already closed
zerolog: could not write event: write experiment-output/0007/slave-021/client-149.log: file already closed
zerolog: could not write event: write experiment-output/0007/slave-021/client-149.log: file already closed
zerolog: could not write event: write experiment-output/0007/slave-021/client-149.log: file already closed
02:38:46.814 INF Trace data written.
02:38:46.815 INF Trace data written.
02:38:46.816 INF Trace data written.
02:38:46.817 INF Trace data written.
02:38:46.817 INF Done.
02:38:46.817 INF Stopping profiler.
zerolog: could not write event: write experiment-output/0007/slave-021/client-157.log: file already closed
zerolog: could not write event: write experiment-output/0007/slave-021/client-157.log: file already closed
zerolog: could not write event: write experiment-output/0007/slave-021/client-157.log: file already closed
zerolog: could not write event: write experiment-output/0007/slave-021/client-157.log: file already closed
zerolog: could not write event: write experiment-output/0007/slave-021/client-157.log: file already closed
zerolog: could not write event: write experiment-output/0007/slave-021/client-157.log: file already closed
zerolog: could not write event: write experiment-output/0007/slave-021/client-157.log: file already closed
zerolog: could not write event: write experiment-output/0007/slave-021/client-157.log: file already closed
zerolog: could not write event: write experiment-output/0007/slave-021/client-174.log: file already closed
zerolog: could not write event: write experiment-output/0007/slave-021/client-174.log: file already closed
zerolog: could not write event: write experiment-output/0007/slave-021/client-174.log: file already closed
zerolog: could not write event: write experiment-output/0007/slave-021/client-186.log: file already closed
zerolog: could not write event: write experiment-output/0007/slave-021/client-186.log: file already closed
zerolog: could not write event: write experiment-output/0007/slave-021/client-174.log: file already closed
zerolog: could not write event: write experiment-output/0007/slave-021/client-185.log: file already closed
zerolog: could not write event: write experiment-output/0007/slave-021/client-138.log: file already closed
zerolog: could not write event: write experiment-output/0007/slave-021/client-186.log: file already closed
zerolog: could not write event: write experiment-output/0007/slave-021/client-149.log: file already closed
zerolog: could not write event: write experiment-output/0007/slave-021/client-186.log: file already closed
zerolog: could not write event: write experiment-output/0007/slave-021/client-159.log: file already closed
zerolog: could not write event: write experiment-output/0007/slave-021/client-159.log: file already closed
zerolog: could not write event: write experiment-output/0007/slave-021/client-159.log: file already closed
zerolog: could not write event: write experiment-output/0007/slave-021/client-159.log: file already closed
zerolog: could not write event: write experiment-output/0007/slave-021/client-185.log: file already closed
zerolog: could not write event: write experiment-output/0007/slave-021/client-163.log: file already closed
zerolog: could not write event: write experiment-output/0007/slave-021/client-185.log: file already closed
zerolog: could not write event: write experiment-output/0007/slave-021/client-163.log: file already closed
zerolog: could not write event: write experiment-output/0007/slave-021/client-138.log: file already closed
zerolog: could not write event: write experiment-output/0007/slave-021/client-138.log: file already closed
zerolog: could not write event: write experiment-output/0007/slave-021/client-163.log: file already closed
zerolog: could not write event: write experiment-output/0007/slave-021/client-174.log: file already closed
zerolog: could not write event: write experiment-output/0007/slave-021/client-163.log: file already closed
zerolog: could not write event: write experiment-output/0007/slave-021/client-174.log: file already closed
zerolog: could not write event: write experiment-output/0007/slave-021/client-174.log: file already closed
zerolog: could not write event: write experiment-output/0007/slave-021/client-185.log: file already closed
zerolog: could not write event: write experiment-output/0007/slave-021/client-149.log: file already closed
zerolog: could not write event: write experiment-output/0007/slave-021/client-138.log: file already closed
zerolog: could not write event: write experiment-output/0007/slave-021/client-174.log: file already closed
zerolog: could not write event: write experiment-output/0007/slave-021/client-149.log: file already closed
zerolog: could not write event: write experiment-output/0007/slave-021/client-149.log: file already closed
zerolog: could not write event: write experiment-output/0007/slave-021/client-186.log: file already closed
zerolog: could not write event: write experiment-output/0007/slave-021/client-186.log: file already closed
zerolog: could not write event: write experiment-output/0007/slave-021/client-186.log: file already closed
zerolog: could not write event: write experiment-output/0007/slave-021/client-186.log: file already closed
zerolog: could not write event: write experiment-output/0007/slave-021/client-159.log: file already closed
zerolog: could not write event: write experiment-output/0007/slave-021/client-159.log: file already closed
zerolog: could not write event: write experiment-output/0007/slave-021/client-159.log: file already closed
zerolog: could not write event: write experiment-output/0007/slave-021/client-159.log: file already closed
zerolog: could not write event: write experiment-output/0007/slave-021/client-185.log: file already closed
zerolog: could not write event: write experiment-output/0007/slave-021/client-163.log: file already closed
zerolog: could not write event: write experiment-output/0007/slave-021/client-138.log: file already closed
zerolog: could not write event: write experiment-output/0007/slave-021/client-185.log: file already closed
zerolog: could not write event: write experiment-output/0007/slave-021/client-163.log: file already closed
zerolog: could not write event: write experiment-output/0007/slave-021/client-163.log: file already closed
zerolog: could not write event: write experiment-output/0007/slave-021/client-185.log: file already closed
zerolog: could not write event: write experiment-output/0007/slave-021/client-185.log: file already closed
zerolog: could not write event: write experiment-output/0007/slave-021/client-138.log: file already closed
zerolog: could not write event: write experiment-output/0007/slave-021/client-138.log: file already closed
zerolog: could not write event: write experiment-output/0007/slave-021/client-138.log: file already closed
zerolog: could not write event: write experiment-output/0007/slave-021/client-163.log: file already closed
zerolog: could not write event: write experiment-output/0007/slave-021/client-149.log: file already closed
zerolog: could not write event: write experiment-output/0007/slave-021/client-149.log: file already closed
zerolog: could not write event: write experiment-output/0007/slave-021/client-149.log: file already closed
zerolog: could not write event: write experiment-output/0007/slave-021/client-149.log: file already closed
zerolog: could not write event: write experiment-output/0007/slave-021/client-157.log: file already closed
zerolog: could not write event: write experiment-output/0007/slave-021/client-157.log: file already closed
zerolog: could not write event: write experiment-output/0007/slave-021/client-157.log: file already closed
zerolog: could not write event: write experiment-output/0007/slave-021/client-157.log: file already closed
02:38:47.005 INF Profile data written. filename=experiment-output/0007/slave-021/prof-client.cpu name=cpu
zerolog: could not write event: write experiment-output/0007/slave-021/client-174.log: file already closed
zerolog: could not write event: write experiment-output/0007/slave-021/client-174.log: file already closed
zerolog: could not write event: write experiment-output/0007/slave-021/client-174.log: file already closed
zerolog: could not write event: write experiment-output/0007/slave-021/client-174.log: file already closed
zerolog: could not write event: write experiment-output/0007/slave-021/client-186.log: file already closed
zerolog: could not write event: write experiment-output/0007/slave-021/client-186.log: file already closed
zerolog: could not write event: write experiment-output/0007/slave-021/client-186.log: file already closed
zerolog: could not write event: write experiment-output/0007/slave-021/client-186.log: file already closed
zerolog: could not write event: write experiment-output/0007/slave-021/client-159.log: file already closed
zerolog: could not write event: write experiment-output/0007/slave-021/client-159.log: file already closed
zerolog: could not write event: write experiment-output/0007/slave-021/client-159.log: file already closed
zerolog: could not write event: write experiment-output/0007/slave-021/client-159.log: file already closed
02:38:47.022 INF Profile data written. filename=experiment-output/0007/slave-021/prof-client.block name=block
zerolog: could not write event: write experiment-output/0007/slave-021/client-163.log: file already closed
zerolog: could not write event: write experiment-output/0007/slave-021/client-138.log: file already closed
zerolog: could not write event: write experiment-output/0007/slave-021/client-138.log: file already closed
zerolog: could not write event: write experiment-output/0007/slave-021/client-185.log: file already closed
zerolog: could not write event: write experiment-output/0007/slave-021/client-185.log: file already closed
zerolog: could not write event: write experiment-output/0007/slave-021/client-163.log: file already closed
zerolog: could not write event: write experiment-output/0007/slave-021/client-163.log: file already closed
zerolog: could not write event: write experiment-output/0007/slave-021/client-163.log: file already closed
zerolog: could not write event: write experiment-output/0007/slave-021/client-138.log: file already closed
zerolog: could not write event: write experiment-output/0007/slave-021/client-149.log: file already closed
zerolog: could not write event: write experiment-output/0007/slave-021/client-138.log: file already closed
zerolog: could not write event: write experiment-output/0007/slave-021/client-149.log: file already closed
zerolog: could not write event: write experiment-output/0007/slave-021/client-185.log: file already closed
zerolog: could not write event: write experiment-output/0007/slave-021/client-185.log: file already closed
zerolog: could not write event: write experiment-output/0007/slave-021/client-149.log: file already closed
zerolog: could not write event: write experiment-output/0007/slave-021/client-149.log: file already closed
02:38:47.029 INF Profile data written. filename=experiment-output/0007/slave-021/prof-client.mutex name=mutex
