{"level":"debug","Logging":"info","time":"2023-03-25T18:30:31Z","message":"Config"}
{"level":"debug","UseTLS":false,"time":"2023-03-25T18:30:31Z","message":"Config"}
{"level":"debug","CACertFile":"tls-data/ca.pem","time":"2023-03-25T18:30:31Z","message":"Config"}
{"level":"debug","KeyFile":"tls-data/auth.key","time":"2023-03-25T18:30:31Z","message":"Config"}
{"level":"debug","CertFile":"tls-data/auth.pem","time":"2023-03-25T18:30:31Z","message":"Config"}
{"level":"debug","PriorityConnections":2,"time":"2023-03-25T18:30:31Z","message":"Config"}
{"level":"debug","BasicConnections":1,"time":"2023-03-25T18:30:31Z","message":"Config"}
{"level":"debug","TestConnections":false,"time":"2023-03-25T18:30:31Z","message":"Config"}
{"level":"debug","ExcessConnections":1,"time":"2023-03-25T18:30:31Z","message":"Config"}
{"level":"debug","ConnectionTestMsgs":4,"time":"2023-03-25T18:30:31Z","message":"Config"}
{"level":"debug","ConnectionTestPayload":131072,"time":"2023-03-25T18:30:31Z","message":"Config"}
{"level":"debug","OutMessageBufsize":1024,"time":"2023-03-25T18:30:31Z","message":"Config"}
{"level":"debug","OutMessageBufsize":4,"time":"2023-03-25T18:30:31Z","message":"Config"}
{"level":"debug","ThroughputCap":131072000,"time":"2023-03-25T18:30:31Z","message":"Config"}
{"level":"debug","StragglerTolerance":1000,"time":"2023-03-25T18:30:31Z","message":"Config"}
{"level":"debug","BatchSizeIncrement":256,"time":"2023-03-25T18:30:31Z","message":"Config"}
{"level":"debug","Orderer":"Pbft","time":"2023-03-25T18:30:31Z","message":"Config"}
{"level":"debug","Manager":"Mir","time":"2023-03-25T18:30:31Z","message":"Config"}
{"level":"debug","Failures":0,"time":"2023-03-25T18:30:31Z","message":"Config"}
{"level":"debug","StragglerCnt":0,"time":"2023-03-25T18:30:31Z","message":"Config"}
{"level":"debug","CrashTiming":"Straggler","time":"2023-03-25T18:30:31Z","message":"Config"}
{"level":"debug","CheckpointInterval":512,"time":"2023-03-25T18:30:31Z","message":"Config"}
{"level":"debug","WatermarkWindowSize":512,"time":"2023-03-25T18:30:31Z","message":"Config"}
{"level":"debug","EpochLength":512,"time":"2023-03-25T18:30:31Z","message":"Config"}
{"level":"debug","SegmentLength":32,"time":"2023-03-25T18:30:31Z","message":"Config"}
{"level":"debug","WaitForCheckpoints":true,"time":"2023-03-25T18:30:31Z","message":"Config"}
{"level":"debug","ClientWatermarkWindowSize":16384,"time":"2023-03-25T18:30:31Z","message":"Config"}
{"level":"debug","ClientRequestBacklogSize":16384,"time":"2023-03-25T18:30:31Z","message":"Config"}
{"level":"debug","RandomSeed":30962,"time":"2023-03-25T18:30:31Z","message":"Config"}
{"level":"debug","NodeToLeaderRatio":1,"time":"2023-03-25T18:30:31Z","message":"Config"}
{"level":"debug","LeaderPolicy":"Simple","time":"2023-03-25T18:30:31Z","message":"Config"}
{"level":"debug","DefaultLeaderBan":2,"time":"2023-03-25T18:30:31Z","message":"Config"}
{"level":"debug","NumBuckets":256,"time":"2023-03-25T18:30:31Z","message":"Config"}
{"level":"debug","BatchSize":2500,"time":"2023-03-25T18:30:31Z","message":"Config"}
{"level":"debug","DisabledViewChange":false,"time":"2023-03-25T18:30:31Z","message":"Config"}
{"level":"debug","ViewChangeTimeout":60000,"time":"2023-03-25T18:30:31Z","message":"Config"}
{"level":"debug","ClientTraceSampling":10,"time":"2023-03-25T18:30:31Z","message":"Config"}
{"level":"debug","EventBufferSize":2097152,"time":"2023-03-25T18:30:31Z","message":"Config"}
{"level":"debug","TraceSampling":1,"time":"2023-03-25T18:30:31Z","message":"Config"}
{"level":"debug","ClientsPerProcess":8,"time":"2023-03-25T18:30:31Z","message":"Config"}
{"level":"debug","RequestsPerClient":10546,"time":"2023-03-25T18:30:31Z","message":"Config"}
{"level":"debug","ClientRunTime":15000,"time":"2023-03-25T18:30:31Z","message":"Config"}
{"level":"debug","RequestRate":351,"time":"2023-03-25T18:30:31Z","message":"Config"}
{"level":"debug","HardRequestRateLimit":false,"time":"2023-03-25T18:30:31Z","message":"Config"}
{"level":"debug","RequestPayloadSize":500,"time":"2023-03-25T18:30:31Z","message":"Config"}
{"level":"debug","SignRequests":true,"time":"2023-03-25T18:30:31Z","message":"Config"}
{"level":"debug","ClientPrivKeyFile":"tls-data/client-ecdsa-256.key","time":"2023-03-25T18:30:31Z","message":"Config"}
{"level":"debug","ClientPubKeyFile":"tls-data/client-ecdsa-256.pem","time":"2023-03-25T18:30:31Z","message":"Config"}
{"level":"debug","PrecomputeRequests":false,"time":"2023-03-25T18:30:31Z","message":"Config"}
{"level":"debug","RequestHandlerThreads":32,"time":"2023-03-25T18:30:31Z","message":"Config"}
{"level":"debug","RequestInputChannelBuffer":8192,"time":"2023-03-25T18:30:31Z","message":"Config"}
{"level":"debug","BatchVerifier":"external","time":"2023-03-25T18:30:31Z","message":"Config"}
18:30:31.813 INF Started Profiler: CPU
18:30:31.813 INF Started Profiler: BLOCK
18:30:31.813 INF Started Profiler: MUTEX
18:30:31.813 INF Starting clients. numClients=8 numRequests=10546
18:30:31.813 INF Initilizing clients.
18:30:32.092 INF Registared with discovery server. numOrderers=16 ownClientId=64
18:30:32.093 INF Registared with discovery server. numOrderers=16 ownClientId=71
18:30:32.093 INF Registared with discovery server. numOrderers=16 ownClientId=81
18:30:32.093 INF Registared with discovery server. numOrderers=16 ownClientId=82
18:30:32.094 INF Registared with discovery server. numOrderers=16 ownClientId=89
18:30:32.094 INF Registared with discovery server. numOrderers=16 ownClientId=97
18:30:32.094 INF Registared with discovery server. numOrderers=16 ownClientId=107
18:30:32.095 INF Registared with discovery server. numOrderers=16 ownClientId=119
18:30:32.095 INF Clients initialized.
18:30:32.095 INF Launching clients.
18:30:32.095 INF Waiting for clients.
18:31:26.545 INF Stopping Tracer. events=2123 fileName=experiment-output/0003/slave-030/client-064.trc
zerolog: could not write event: write experiment-output/0003/slave-030/client-064.log: file already closed
zerolog: could not write event: write experiment-output/0003/slave-030/client-064.log: file already closed
zerolog: could not write event: write experiment-output/0003/slave-030/client-064.log: file already closed
zerolog: could not write event: write experiment-output/0003/slave-030/client-064.log: file already closed
18:31:26.548 INF Stopping Tracer. events=3157 fileName=experiment-output/0003/slave-030/client-119.trc
18:31:26.549 INF Trace data written.
zerolog: could not write event: write experiment-output/0003/slave-030/client-119.log: file already closed
zerolog: could not write event: write experiment-output/0003/slave-030/client-119.log: file already closed
zerolog: could not write event: write experiment-output/0003/slave-030/client-119.log: file already closed
18:31:26.549 INF Stopping Tracer. events=3154 fileName=experiment-output/0003/slave-030/client-097.trc
zerolog: could not write event: write experiment-output/0003/slave-030/client-119.log: file already closed
18:31:26.549 INF Stopping Tracer. events=3157 fileName=experiment-output/0003/slave-030/client-081.trc
18:31:26.549 INF Stopping Tracer. events=3146 fileName=experiment-output/0003/slave-030/client-089.trc
18:31:26.549 INF Stopping Tracer. events=2126 fileName=experiment-output/0003/slave-030/client-082.trc
zerolog: could not write event: write experiment-output/0003/slave-030/client-097.log: file already closed
zerolog: could not write event: write experiment-output/0003/slave-030/client-097.log: file already closed
zerolog: could not write event: write experiment-output/0003/slave-030/client-097.log: file already closed
zerolog: could not write event: write experiment-output/0003/slave-030/client-081.log: file already closed
zerolog: could not write event: write experiment-output/0003/slave-030/client-097.log: file already closed
zerolog: could not write event: write experiment-output/0003/slave-030/client-081.log: file already closed
zerolog: could not write event: write experiment-output/0003/slave-030/client-081.log: file already closed
zerolog: could not write event: write experiment-output/0003/slave-030/client-089.log: file already closed
zerolog: could not write event: write experiment-output/0003/slave-030/client-089.log: file already closed
zerolog: could not write event: write experiment-output/0003/slave-030/client-089.log: file already closed
zerolog: could not write event: write experiment-output/0003/slave-030/client-089.log: file already closed
zerolog: could not write event: write experiment-output/0003/slave-030/client-081.log: file already closed
18:31:26.550 INF Stopping Tracer. events=3206 fileName=experiment-output/0003/slave-030/client-071.trc
zerolog: could not write event: write experiment-output/0003/slave-030/client-082.log: file already closed
zerolog: could not write event: write experiment-output/0003/slave-030/client-082.log: file already closed
zerolog: could not write event: write experiment-output/0003/slave-030/client-082.log: file already closed
zerolog: could not write event: write experiment-output/0003/slave-030/client-082.log: file already closed
zerolog: could not write event: write experiment-output/0003/slave-030/client-071.log: file already closed
zerolog: could not write event: write experiment-output/0003/slave-030/client-071.log: file already closed
zerolog: could not write event: write experiment-output/0003/slave-030/client-071.log: file already closed
zerolog: could not write event: write experiment-output/0003/slave-030/client-071.log: file already closed
18:31:26.553 INF Stopping Tracer. events=3161 fileName=experiment-output/0003/slave-030/client-107.trc
zerolog: could not write event: write experiment-output/0003/slave-030/client-107.log: file already closed
zerolog: could not write event: write experiment-output/0003/slave-030/client-107.log: file already closed
zerolog: could not write event: write experiment-output/0003/slave-030/client-107.log: file already closed
zerolog: could not write event: write experiment-output/0003/slave-030/client-107.log: file already closed
18:31:26.555 INF Trace data written.
18:31:26.556 INF Trace data written.
18:31:26.557 INF Trace data written.
18:31:26.557 INF Trace data written.
18:31:26.557 INF Trace data written.
18:31:26.557 INF Trace data written.
18:31:26.559 INF Trace data written.
18:31:26.559 INF Done.
18:31:26.559 INF Stopping profiler.
zerolog: could not write event: write experiment-output/0003/slave-030/client-064.log: file already closed
zerolog: could not write event: write experiment-output/0003/slave-030/client-064.log: file already closed
zerolog: could not write event: write experiment-output/0003/slave-030/client-064.log: file already closed
zerolog: could not write event: write experiment-output/0003/slave-030/client-064.log: file already closed
zerolog: could not write event: write experiment-output/0003/slave-030/client-119.log: file already closed
zerolog: could not write event: write experiment-output/0003/slave-030/client-119.log: file already closed
zerolog: could not write event: write experiment-output/0003/slave-030/client-119.log: file already closed
zerolog: could not write event: write experiment-output/0003/slave-030/client-119.log: file already closed
zerolog: could not write event: write experiment-output/0003/slave-030/client-097.log: file already closed
zerolog: could not write event: write experiment-output/0003/slave-030/client-097.log: file already closed
zerolog: could not write event: write experiment-output/0003/slave-030/client-097.log: file already closed
zerolog: could not write event: write experiment-output/0003/slave-030/client-081.log: file already closed
zerolog: could not write event: write experiment-output/0003/slave-030/client-089.log: file already closed
zerolog: could not write event: write experiment-output/0003/slave-030/client-089.log: file already closed
zerolog: could not write event: write experiment-output/0003/slave-030/client-081.log: file already closed
zerolog: could not write event: write experiment-output/0003/slave-030/client-089.log: file already closed
zerolog: could not write event: write experiment-output/0003/slave-030/client-082.log: file already closed
zerolog: could not write event: write experiment-output/0003/slave-030/client-089.log: file already closed
zerolog: could not write event: write experiment-output/0003/slave-030/client-081.log: file already closed
zerolog: could not write event: write experiment-output/0003/slave-030/client-082.log: file already closed
zerolog: could not write event: write experiment-output/0003/slave-030/client-082.log: file already closed
zerolog: could not write event: write experiment-output/0003/slave-030/client-082.log: file already closed
zerolog: could not write event: write experiment-output/0003/slave-030/client-081.log: file already closed
zerolog: could not write event: write experiment-output/0003/slave-030/client-097.log: file already closed
zerolog: could not write event: write experiment-output/0003/slave-030/client-071.log: file already closed
zerolog: could not write event: write experiment-output/0003/slave-030/client-071.log: file already closed
zerolog: could not write event: write experiment-output/0003/slave-030/client-071.log: file already closed
zerolog: could not write event: write experiment-output/0003/slave-030/client-071.log: file already closed
zerolog: could not write event: write experiment-output/0003/slave-030/client-107.log: file already closed
zerolog: could not write event: write experiment-output/0003/slave-030/client-107.log: file already closed
zerolog: could not write event: write experiment-output/0003/slave-030/client-107.log: file already closed
zerolog: could not write event: write experiment-output/0003/slave-030/client-107.log: file already closed
zerolog: could not write event: write experiment-output/0003/slave-030/client-064.log: file already closed
zerolog: could not write event: write experiment-output/0003/slave-030/client-064.log: file already closed
zerolog: could not write event: write experiment-output/0003/slave-030/client-064.log: file already closed
zerolog: could not write event: write experiment-output/0003/slave-030/client-064.log: file already closed
18:31:26.759 INF Profile data written. filename=experiment-output/0003/slave-030/prof-client.cpu name=cpu
zerolog: could not write event: write experiment-output/0003/slave-030/client-119.log: file already closed
zerolog: could not write event: write experiment-output/0003/slave-030/client-097.log: file already closed
zerolog: could not write event: write experiment-output/0003/slave-030/client-089.log: file already closed
zerolog: could not write event: write experiment-output/0003/slave-030/client-097.log: file already closed
zerolog: could not write event: write experiment-output/0003/slave-030/client-097.log: file already closed
zerolog: could not write event: write experiment-output/0003/slave-030/client-119.log: file already closed
zerolog: could not write event: write experiment-output/0003/slave-030/client-081.log: file already closed
zerolog: could not write event: write experiment-output/0003/slave-030/client-089.log: file already closed
zerolog: could not write event: write experiment-output/0003/slave-030/client-082.log: file already closed
zerolog: could not write event: write experiment-output/0003/slave-030/client-119.log: file already closed
zerolog: could not write event: write experiment-output/0003/slave-030/client-089.log: file already closed
zerolog: could not write event: write experiment-output/0003/slave-030/client-089.log: file already closed
zerolog: could not write event: write experiment-output/0003/slave-030/client-071.log: file already closed
zerolog: could not write event: write experiment-output/0003/slave-030/client-071.log: file already closed
zerolog: could not write event: write experiment-output/0003/slave-030/client-082.log: file already closed
zerolog: could not write event: write experiment-output/0003/slave-030/client-081.log: file already closed
zerolog: could not write event: write experiment-output/0003/slave-030/client-097.log: file already closed
zerolog: could not write event: write experiment-output/0003/slave-030/client-071.log: file already closed
zerolog: could not write event: write experiment-output/0003/slave-030/client-107.log: file already closed
zerolog: could not write event: write experiment-output/0003/slave-030/client-071.log: file already closed
zerolog: could not write event: write experiment-output/0003/slave-030/client-081.log: file already closed
zerolog: could not write event: write experiment-output/0003/slave-030/client-082.log: file already closed
zerolog: could not write event: write experiment-output/0003/slave-030/client-107.log: file already closed
zerolog: could not write event: write experiment-output/0003/slave-030/client-081.log: file already closed
zerolog: could not write event: write experiment-output/0003/slave-030/client-119.log: file already closed
zerolog: could not write event: write experiment-output/0003/slave-030/client-107.log: file already closed
zerolog: could not write event: write experiment-output/0003/slave-030/client-082.log: file already closed
zerolog: could not write event: write experiment-output/0003/slave-030/client-107.log: file already closed
18:31:26.775 INF Profile data written. filename=experiment-output/0003/slave-030/prof-client.block name=block
18:31:26.780 INF Profile data written. filename=experiment-output/0003/slave-030/prof-client.mutex name=mutex
