{"level":"debug","Logging":"info","time":"2023-07-15T15:47:02Z","message":"Config"}
{"level":"debug","UseTLS":false,"time":"2023-07-15T15:47:02Z","message":"Config"}
{"level":"debug","CACertFile":"tls-data/ca.pem","time":"2023-07-15T15:47:02Z","message":"Config"}
{"level":"debug","KeyFile":"tls-data/auth.key","time":"2023-07-15T15:47:02Z","message":"Config"}
{"level":"debug","CertFile":"tls-data/auth.pem","time":"2023-07-15T15:47:02Z","message":"Config"}
{"level":"debug","PriorityConnections":2,"time":"2023-07-15T15:47:02Z","message":"Config"}
{"level":"debug","BasicConnections":1,"time":"2023-07-15T15:47:02Z","message":"Config"}
{"level":"debug","TestConnections":false,"time":"2023-07-15T15:47:02Z","message":"Config"}
{"level":"debug","ExcessConnections":1,"time":"2023-07-15T15:47:02Z","message":"Config"}
{"level":"debug","ConnectionTestMsgs":4,"time":"2023-07-15T15:47:02Z","message":"Config"}
{"level":"debug","ConnectionTestPayload":131072,"time":"2023-07-15T15:47:02Z","message":"Config"}
{"level":"debug","OutMessageBufsize":1024,"time":"2023-07-15T15:47:02Z","message":"Config"}
{"level":"debug","OutMessageBufsize":4,"time":"2023-07-15T15:47:02Z","message":"Config"}
{"level":"debug","ThroughputCap":131072000,"time":"2023-07-15T15:47:02Z","message":"Config"}
{"level":"debug","StragglerTolerance":1000,"time":"2023-07-15T15:47:02Z","message":"Config"}
{"level":"debug","BatchSizeIncrement":256,"time":"2023-07-15T15:47:02Z","message":"Config"}
{"level":"debug","Orderer":"HotStuff","time":"2023-07-15T15:47:02Z","message":"Config"}
{"level":"debug","Manager":"Mir","time":"2023-07-15T15:47:02Z","message":"Config"}
{"level":"debug","Failures":0,"time":"2023-07-15T15:47:02Z","message":"Config"}
{"level":"debug","StragglerCnt":1,"time":"2023-07-15T15:47:02Z","message":"Config"}
{"level":"debug","CrashTiming":"Straggler","time":"2023-07-15T15:47:02Z","message":"Config"}
{"level":"debug","CheckpointInterval":512,"time":"2023-07-15T15:47:02Z","message":"Config"}
{"level":"debug","WatermarkWindowSize":512,"time":"2023-07-15T15:47:02Z","message":"Config"}
{"level":"debug","EpochLength":512,"time":"2023-07-15T15:47:02Z","message":"Config"}
{"level":"debug","SegmentLength":32,"time":"2023-07-15T15:47:02Z","message":"Config"}
{"level":"debug","WaitForCheckpoints":true,"time":"2023-07-15T15:47:02Z","message":"Config"}
{"level":"debug","ClientWatermarkWindowSize":16384,"time":"2023-07-15T15:47:02Z","message":"Config"}
{"level":"debug","ClientRequestBacklogSize":16384,"time":"2023-07-15T15:47:02Z","message":"Config"}
{"level":"debug","RandomSeed":9438,"time":"2023-07-15T15:47:02Z","message":"Config"}
{"level":"debug","NodeToLeaderRatio":1,"time":"2023-07-15T15:47:02Z","message":"Config"}
{"level":"debug","LeaderPolicy":"Simple","time":"2023-07-15T15:47:02Z","message":"Config"}
{"level":"debug","DefaultLeaderBan":2,"time":"2023-07-15T15:47:02Z","message":"Config"}
{"level":"debug","NumBuckets":256,"time":"2023-07-15T15:47:02Z","message":"Config"}
{"level":"debug","BatchSize":2000,"time":"2023-07-15T15:47:02Z","message":"Config"}
{"level":"debug","DisabledViewChange":false,"time":"2023-07-15T15:47:02Z","message":"Config"}
{"level":"debug","ViewChangeTimeout":60000,"time":"2023-07-15T15:47:02Z","message":"Config"}
{"level":"debug","ClientTraceSampling":10,"time":"2023-07-15T15:47:02Z","message":"Config"}
{"level":"debug","EventBufferSize":2097152,"time":"2023-07-15T15:47:02Z","message":"Config"}
{"level":"debug","TraceSampling":1,"time":"2023-07-15T15:47:02Z","message":"Config"}
{"level":"debug","ClientsPerProcess":8,"time":"2023-07-15T15:47:02Z","message":"Config"}
{"level":"debug","RequestsPerClient":3515,"time":"2023-07-15T15:47:02Z","message":"Config"}
{"level":"debug","ClientRunTime":15000,"time":"2023-07-15T15:47:02Z","message":"Config"}
{"level":"debug","RequestRate":117,"time":"2023-07-15T15:47:02Z","message":"Config"}
{"level":"debug","HardRequestRateLimit":false,"time":"2023-07-15T15:47:02Z","message":"Config"}
{"level":"debug","RequestPayloadSize":500,"time":"2023-07-15T15:47:02Z","message":"Config"}
{"level":"debug","SignRequests":true,"time":"2023-07-15T15:47:02Z","message":"Config"}
{"level":"debug","ClientPrivKeyFile":"tls-data/client-ecdsa-256.key","time":"2023-07-15T15:47:02Z","message":"Config"}
{"level":"debug","ClientPubKeyFile":"tls-data/client-ecdsa-256.pem","time":"2023-07-15T15:47:02Z","message":"Config"}
{"level":"debug","PrecomputeRequests":false,"time":"2023-07-15T15:47:02Z","message":"Config"}
{"level":"debug","RequestHandlerThreads":32,"time":"2023-07-15T15:47:02Z","message":"Config"}
{"level":"debug","RequestInputChannelBuffer":8192,"time":"2023-07-15T15:47:02Z","message":"Config"}
{"level":"debug","BatchVerifier":"external","time":"2023-07-15T15:47:02Z","message":"Config"}
15:47:02.264 INF Started Profiler: CPU
15:47:02.264 INF Started Profiler: BLOCK
15:47:02.264 INF Started Profiler: MUTEX
15:47:02.264 INF Starting clients. numClients=8 numRequests=3515
15:47:02.264 INF Initilizing clients.
15:47:02.564 INF Registared with discovery server. numOrderers=16 ownClientId=40
15:47:02.577 INF Registared with discovery server. numOrderers=16 ownClientId=60
15:47:02.578 INF Registared with discovery server. numOrderers=16 ownClientId=54
15:47:02.584 INF Registared with discovery server. numOrderers=16 ownClientId=105
15:47:02.594 INF Registared with discovery server. numOrderers=16 ownClientId=102
15:47:02.595 INF Registared with discovery server. numOrderers=16 ownClientId=119
15:47:02.597 INF Registared with discovery server. numOrderers=16 ownClientId=85
15:47:02.601 INF Registared with discovery server. numOrderers=16 ownClientId=110
15:47:02.601 INF Clients initialized.
15:47:02.601 INF Launching clients.
15:47:02.601 INF Waiting for clients.
15:48:25.180 INF Stopping Tracer. events=709 fileName=experiment-output/0000/slave-034/client-110.trc
15:48:25.181 INF Trace data written.
15:48:25.188 INF Stopping Tracer. events=709 fileName=experiment-output/0000/slave-034/client-102.trc
15:48:25.189 INF Trace data written.
15:48:25.193 INF Stopping Tracer. events=711 fileName=experiment-output/0000/slave-034/client-054.trc
15:48:25.194 INF Trace data written.
15:48:25.218 INF Stopping Tracer. events=989 fileName=experiment-output/0000/slave-034/client-119.trc
15:48:25.220 INF Trace data written.
15:48:25.224 INF Stopping Tracer. events=710 fileName=experiment-output/0000/slave-034/client-060.trc
15:48:25.225 INF Trace data written.
15:48:25.234 INF Stopping Tracer. events=1145 fileName=experiment-output/0000/slave-034/client-085.trc
15:48:25.236 INF Trace data written.
15:48:25.247 INF Stopping Tracer. events=710 fileName=experiment-output/0000/slave-034/client-040.trc
15:48:25.248 INF Trace data written.
15:48:25.253 INF Stopping Tracer. events=1131 fileName=experiment-output/0000/slave-034/client-105.trc
15:48:25.254 INF Trace data written.
15:48:25.254 INF Done.
15:48:25.254 INF Stopping profiler.
zerolog: could not write event: write experiment-output/0000/slave-034/client-110.log: file already closed
zerolog: could not write event: write experiment-output/0000/slave-034/client-102.log: file already closed
zerolog: could not write event: write experiment-output/0000/slave-034/client-102.log: file already closed
zerolog: could not write event: write experiment-output/0000/slave-034/client-054.log: file already closed
zerolog: could not write event: write experiment-output/0000/slave-034/client-110.log: file already closed
zerolog: could not write event: write experiment-output/0000/slave-034/client-110.log: file already closed
zerolog: could not write event: write experiment-output/0000/slave-034/client-102.log: file already closed
zerolog: could not write event: write experiment-output/0000/slave-034/client-110.log: file already closed
zerolog: could not write event: write experiment-output/0000/slave-034/client-102.log: file already closed
zerolog: could not write event: write experiment-output/0000/slave-034/client-102.log: file already closed
zerolog: could not write event: write experiment-output/0000/slave-034/client-119.log: file already closed
zerolog: could not write event: write experiment-output/0000/slave-034/client-054.log: file already closed
zerolog: could not write event: write experiment-output/0000/slave-034/client-110.log: file already closed
zerolog: could not write event: write experiment-output/0000/slave-034/client-102.log: file already closed
zerolog: could not write event: write experiment-output/0000/slave-034/client-054.log: file already closed
zerolog: could not write event: write experiment-output/0000/slave-034/client-054.log: file already closed
zerolog: could not write event: write experiment-output/0000/slave-034/client-102.log: file already closed
zerolog: could not write event: write experiment-output/0000/slave-034/client-102.log: file already closed
zerolog: could not write event: write experiment-output/0000/slave-034/client-110.log: file already closed
zerolog: could not write event: write experiment-output/0000/slave-034/client-054.log: file already closed
zerolog: could not write event: write experiment-output/0000/slave-034/client-110.log: file already closed
zerolog: could not write event: write experiment-output/0000/slave-034/client-054.log: file already closed
zerolog: could not write event: write experiment-output/0000/slave-034/client-054.log: file already closed
zerolog: could not write event: write experiment-output/0000/slave-034/client-110.log: file already closed
zerolog: could not write event: write experiment-output/0000/slave-034/client-110.log: file already closed
zerolog: could not write event: write experiment-output/0000/slave-034/client-102.log: file already closed
zerolog: could not write event: write experiment-output/0000/slave-034/client-110.log: file already closed
zerolog: could not write event: write experiment-output/0000/slave-034/client-110.log: file already closed
zerolog: could not write event: write experiment-output/0000/slave-034/client-054.log: file already closed
zerolog: could not write event: write experiment-output/0000/slave-034/client-102.log: file already closed
zerolog: could not write event: write experiment-output/0000/slave-034/client-110.log: file already closed
zerolog: could not write event: write experiment-output/0000/slave-034/client-102.log: file already closed
zerolog: could not write event: write experiment-output/0000/slave-034/client-102.log: file already closed
zerolog: could not write event: write experiment-output/0000/slave-034/client-110.log: file already closed
zerolog: could not write event: write experiment-output/0000/slave-034/client-060.log: file already closed
zerolog: could not write event: write experiment-output/0000/slave-034/client-110.log: file already closed
zerolog: could not write event: write experiment-output/0000/slave-034/client-110.log: file already closed
zerolog: could not write event: write experiment-output/0000/slave-034/client-054.log: file already closed
zerolog: could not write event: write experiment-output/0000/slave-034/client-102.log: file already closed
zerolog: could not write event: write experiment-output/0000/slave-034/client-119.log: file already closed
zerolog: could not write event: write experiment-output/0000/slave-034/client-119.log: file already closed
zerolog: could not write event: write experiment-output/0000/slave-034/client-119.log: file already closed
zerolog: could not write event: write experiment-output/0000/slave-034/client-119.log: file already closed
zerolog: could not write event: write experiment-output/0000/slave-034/client-119.log: file already closed
zerolog: could not write event: write experiment-output/0000/slave-034/client-110.log: file already closed
zerolog: could not write event: write experiment-output/0000/slave-034/client-054.log: file already closed
zerolog: could not write event: write experiment-output/0000/slave-034/client-102.log: file already closed
zerolog: could not write event: write experiment-output/0000/slave-034/client-054.log: file already closed
zerolog: could not write event: write experiment-output/0000/slave-034/client-102.log: file already closed
zerolog: could not write event: write experiment-output/0000/slave-034/client-102.log: file already closed
zerolog: could not write event: write experiment-output/0000/slave-034/client-060.log: file already closed
zerolog: could not write event: write experiment-output/0000/slave-034/client-085.log: file already closed
zerolog: could not write event: write experiment-output/0000/slave-034/client-119.log: file already closed
zerolog: could not write event: write experiment-output/0000/slave-034/client-060.log: file already closed
zerolog: could not write event: write experiment-output/0000/slave-034/client-054.log: file already closed
zerolog: could not write event: write experiment-output/0000/slave-034/client-054.log: file already closed
zerolog: could not write event: write experiment-output/0000/slave-034/client-060.log: file already closed
zerolog: could not write event: write experiment-output/0000/slave-034/client-054.log: file already closed
zerolog: could not write event: write experiment-output/0000/slave-034/client-060.log: file already closed
zerolog: could not write event: write experiment-output/0000/slave-034/client-054.log: file already closed
zerolog: could not write event: write experiment-output/0000/slave-034/client-060.log: file already closed
zerolog: could not write event: write experiment-output/0000/slave-034/client-119.log: file already closed
zerolog: could not write event: write experiment-output/0000/slave-034/client-060.log: file already closed
zerolog: could not write event: write experiment-output/0000/slave-034/client-060.log: file already closed
zerolog: could not write event: write experiment-output/0000/slave-034/client-085.log: file already closed
zerolog: could not write event: write experiment-output/0000/slave-034/client-119.log: file already closed
zerolog: could not write event: write experiment-output/0000/slave-034/client-119.log: file already closed
zerolog: could not write event: write experiment-output/0000/slave-034/client-054.log: file already closed
zerolog: could not write event: write experiment-output/0000/slave-034/client-040.log: file already closed
zerolog: could not write event: write experiment-output/0000/slave-034/client-060.log: file already closed
zerolog: could not write event: write experiment-output/0000/slave-034/client-119.log: file already closed
zerolog: could not write event: write experiment-output/0000/slave-034/client-119.log: file already closed
zerolog: could not write event: write experiment-output/0000/slave-034/client-085.log: file already closed
zerolog: could not write event: write experiment-output/0000/slave-034/client-060.log: file already closed
zerolog: could not write event: write experiment-output/0000/slave-034/client-060.log: file already closed
zerolog: could not write event: write experiment-output/0000/slave-034/client-085.log: file already closed
zerolog: could not write event: write experiment-output/0000/slave-034/client-085.log: file already closed
zerolog: could not write event: write experiment-output/0000/slave-034/client-060.log: file already closed
zerolog: could not write event: write experiment-output/0000/slave-034/client-060.log: file already closed
zerolog: could not write event: write experiment-output/0000/slave-034/client-085.log: file already closed
zerolog: could not write event: write experiment-output/0000/slave-034/client-105.log: file already closed
zerolog: could not write event: write experiment-output/0000/slave-034/client-085.log: file already closed
zerolog: could not write event: write experiment-output/0000/slave-034/client-060.log: file already closed
zerolog: could not write event: write experiment-output/0000/slave-034/client-085.log: file already closed
zerolog: could not write event: write experiment-output/0000/slave-034/client-119.log: file already closed
zerolog: could not write event: write experiment-output/0000/slave-034/client-040.log: file already closed
zerolog: could not write event: write experiment-output/0000/slave-034/client-060.log: file already closed
zerolog: could not write event: write experiment-output/0000/slave-034/client-085.log: file already closed
zerolog: could not write event: write experiment-output/0000/slave-034/client-040.log: file already closed
zerolog: could not write event: write experiment-output/0000/slave-034/client-085.log: file already closed
zerolog: could not write event: write experiment-output/0000/slave-034/client-040.log: file already closed
zerolog: could not write event: write experiment-output/0000/slave-034/client-119.log: file already closed
zerolog: could not write event: write experiment-output/0000/slave-034/client-085.log: file already closed
zerolog: could not write event: write experiment-output/0000/slave-034/client-119.log: file already closed
zerolog: could not write event: write experiment-output/0000/slave-034/client-040.log: file already closed
zerolog: could not write event: write experiment-output/0000/slave-034/client-040.log: file already closed
zerolog: could not write event: write experiment-output/0000/slave-034/client-119.log: file already closed
zerolog: could not write event: write experiment-output/0000/slave-034/client-040.log: file already closed
zerolog: could not write event: write experiment-output/0000/slave-034/client-040.log: file already closed
zerolog: could not write event: write experiment-output/0000/slave-034/client-085.log: file already closed
zerolog: could not write event: write experiment-output/0000/slave-034/client-040.log: file already closed
zerolog: could not write event: write experiment-output/0000/slave-034/client-040.log: file already closed
zerolog: could not write event: write experiment-output/0000/slave-034/client-085.log: file already closed
zerolog: could not write event: write experiment-output/0000/slave-034/client-040.log: file already closed
zerolog: could not write event: write experiment-output/0000/slave-034/client-085.log: file already closed
zerolog: could not write event: write experiment-output/0000/slave-034/client-105.log: file already closed
zerolog: could not write event: write experiment-output/0000/slave-034/client-085.log: file already closed
zerolog: could not write event: write experiment-output/0000/slave-034/client-060.log: file already closed
zerolog: could not write event: write experiment-output/0000/slave-034/client-105.log: file already closed
zerolog: could not write event: write experiment-output/0000/slave-034/client-040.log: file already closed
zerolog: could not write event: write experiment-output/0000/slave-034/client-085.log: file already closed
zerolog: could not write event: write experiment-output/0000/slave-034/client-105.log: file already closed
zerolog: could not write event: write experiment-output/0000/slave-034/client-105.log: file already closed
zerolog: could not write event: write experiment-output/0000/slave-034/client-040.log: file already closed
zerolog: could not write event: write experiment-output/0000/slave-034/client-105.log: file already closed
zerolog: could not write event: write experiment-output/0000/slave-034/client-105.log: file already closed
zerolog: could not write event: write experiment-output/0000/slave-034/client-105.log: file already closed
zerolog: could not write event: write experiment-output/0000/slave-034/client-105.log: file already closed
zerolog: could not write event: write experiment-output/0000/slave-034/client-105.log: file already closed
zerolog: could not write event: write experiment-output/0000/slave-034/client-105.log: file already closed
zerolog: could not write event: write experiment-output/0000/slave-034/client-040.log: file already closed
zerolog: could not write event: write experiment-output/0000/slave-034/client-040.log: file already closed
zerolog: could not write event: write experiment-output/0000/slave-034/client-040.log: file already closed
zerolog: could not write event: write experiment-output/0000/slave-034/client-105.log: file already closed
zerolog: could not write event: write experiment-output/0000/slave-034/client-105.log: file already closed
zerolog: could not write event: write experiment-output/0000/slave-034/client-105.log: file already closed
zerolog: could not write event: write experiment-output/0000/slave-034/client-105.log: file already closed
zerolog: could not write event: write experiment-output/0000/slave-034/client-105.log: file already closed
15:48:25.423 INF Profile data written. filename=experiment-output/0000/slave-034/prof-client.cpu name=cpu
15:48:25.440 INF Profile data written. filename=experiment-output/0000/slave-034/prof-client.block name=block
15:48:25.444 INF Profile data written. filename=experiment-output/0000/slave-034/prof-client.mutex name=mutex
