{"level":"debug","Logging":"info","time":"2023-07-10T07:30:45Z","message":"Config"}
{"level":"debug","UseTLS":false,"time":"2023-07-10T07:30:45Z","message":"Config"}
{"level":"debug","CACertFile":"tls-data/ca.pem","time":"2023-07-10T07:30:45Z","message":"Config"}
{"level":"debug","KeyFile":"tls-data/auth.key","time":"2023-07-10T07:30:45Z","message":"Config"}
{"level":"debug","CertFile":"tls-data/auth.pem","time":"2023-07-10T07:30:45Z","message":"Config"}
{"level":"debug","PriorityConnections":2,"time":"2023-07-10T07:30:45Z","message":"Config"}
{"level":"debug","BasicConnections":1,"time":"2023-07-10T07:30:45Z","message":"Config"}
{"level":"debug","TestConnections":false,"time":"2023-07-10T07:30:45Z","message":"Config"}
{"level":"debug","ExcessConnections":1,"time":"2023-07-10T07:30:45Z","message":"Config"}
{"level":"debug","ConnectionTestMsgs":4,"time":"2023-07-10T07:30:45Z","message":"Config"}
{"level":"debug","ConnectionTestPayload":131072,"time":"2023-07-10T07:30:45Z","message":"Config"}
{"level":"debug","OutMessageBufsize":1024,"time":"2023-07-10T07:30:45Z","message":"Config"}
{"level":"debug","OutMessageBufsize":4,"time":"2023-07-10T07:30:45Z","message":"Config"}
{"level":"debug","ThroughputCap":131072000,"time":"2023-07-10T07:30:45Z","message":"Config"}
{"level":"debug","StragglerTolerance":1000,"time":"2023-07-10T07:30:45Z","message":"Config"}
{"level":"debug","BatchSizeIncrement":256,"time":"2023-07-10T07:30:45Z","message":"Config"}
{"level":"debug","Orderer":"Pbft","time":"2023-07-10T07:30:45Z","message":"Config"}
{"level":"debug","Manager":"Mir","time":"2023-07-10T07:30:45Z","message":"Config"}
{"level":"debug","Failures":0,"time":"2023-07-10T07:30:45Z","message":"Config"}
{"level":"debug","StragglerCnt":0,"time":"2023-07-10T07:30:45Z","message":"Config"}
{"level":"debug","PrivKeyCnt":10,"time":"2023-07-10T07:30:45Z","message":"Config"}
{"level":"debug","UseSig":false,"time":"2023-07-10T07:30:45Z","message":"Config"}
{"level":"debug","TnCheckpointCnt":3,"time":"2023-07-10T07:30:45Z","message":"Config"}
{"level":"debug","CrashTiming":"Straggler","time":"2023-07-10T07:30:45Z","message":"Config"}
{"level":"debug","CheckpointInterval":512,"time":"2023-07-10T07:30:45Z","message":"Config"}
{"level":"debug","WatermarkWindowSize":512,"time":"2023-07-10T07:30:45Z","message":"Config"}
{"level":"debug","EpochLength":512,"time":"2023-07-10T07:30:45Z","message":"Config"}
{"level":"debug","SegmentLength":32,"time":"2023-07-10T07:30:45Z","message":"Config"}
{"level":"debug","WaitForCheckpoints":true,"time":"2023-07-10T07:30:45Z","message":"Config"}
{"level":"debug","ClientWatermarkWindowSize":16384,"time":"2023-07-10T07:30:45Z","message":"Config"}
{"level":"debug","ClientRequestBacklogSize":16384,"time":"2023-07-10T07:30:45Z","message":"Config"}
{"level":"debug","RandomSeed":20383,"time":"2023-07-10T07:30:45Z","message":"Config"}
{"level":"debug","NodeToLeaderRatio":1,"time":"2023-07-10T07:30:45Z","message":"Config"}
{"level":"debug","LeaderPolicy":"Simple","time":"2023-07-10T07:30:45Z","message":"Config"}
{"level":"debug","DefaultLeaderBan":2,"time":"2023-07-10T07:30:45Z","message":"Config"}
{"level":"debug","NumBuckets":256,"time":"2023-07-10T07:30:45Z","message":"Config"}
{"level":"debug","BatchSize":2000,"time":"2023-07-10T07:30:45Z","message":"Config"}
{"level":"debug","DisabledViewChange":false,"time":"2023-07-10T07:30:45Z","message":"Config"}
{"level":"debug","ViewChangeTimeout":60000,"time":"2023-07-10T07:30:45Z","message":"Config"}
{"level":"debug","ClientTraceSampling":10,"time":"2023-07-10T07:30:45Z","message":"Config"}
{"level":"debug","EventBufferSize":2097152,"time":"2023-07-10T07:30:45Z","message":"Config"}
{"level":"debug","TraceSampling":1,"time":"2023-07-10T07:30:45Z","message":"Config"}
{"level":"debug","ClientsPerProcess":8,"time":"2023-07-10T07:30:45Z","message":"Config"}
{"level":"debug","RequestsPerClient":4687,"time":"2023-07-10T07:30:45Z","message":"Config"}
{"level":"debug","ClientRunTime":15000,"time":"2023-07-10T07:30:45Z","message":"Config"}
{"level":"debug","RequestRate":156,"time":"2023-07-10T07:30:45Z","message":"Config"}
{"level":"debug","HardRequestRateLimit":false,"time":"2023-07-10T07:30:45Z","message":"Config"}
{"level":"debug","RequestPayloadSize":500,"time":"2023-07-10T07:30:45Z","message":"Config"}
{"level":"debug","SignRequests":true,"time":"2023-07-10T07:30:45Z","message":"Config"}
{"level":"debug","ClientPrivKeyFile":"tls-data/client-ecdsa-256.key","time":"2023-07-10T07:30:45Z","message":"Config"}
{"level":"debug","ClientPubKeyFile":"tls-data/client-ecdsa-256.pem","time":"2023-07-10T07:30:45Z","message":"Config"}
{"level":"debug","PrecomputeRequests":false,"time":"2023-07-10T07:30:45Z","message":"Config"}
{"level":"debug","RequestHandlerThreads":32,"time":"2023-07-10T07:30:45Z","message":"Config"}
{"level":"debug","RequestInputChannelBuffer":8192,"time":"2023-07-10T07:30:45Z","message":"Config"}
{"level":"debug","BatchVerifier":"external","time":"2023-07-10T07:30:45Z","message":"Config"}
07:30:45.572 INF Started Profiler: CPU
07:30:45.572 INF Started Profiler: BLOCK
07:30:45.572 INF Started Profiler: MUTEX
07:30:45.572 INF Starting clients. numClients=8 numRequests=4687
07:30:45.572 INF Initilizing clients.
07:30:45.853 INF Registared with discovery server. numOrderers=16 ownClientId=62
07:30:45.854 INF Registared with discovery server. numOrderers=16 ownClientId=150
07:30:45.855 INF Registared with discovery server. numOrderers=16 ownClientId=72
07:30:45.856 INF Registared with discovery server. numOrderers=16 ownClientId=133
07:30:45.873 INF Registared with discovery server. numOrderers=16 ownClientId=169
07:30:45.881 INF Registared with discovery server. numOrderers=16 ownClientId=178
07:30:45.896 INF Registared with discovery server. numOrderers=16 ownClientId=207
07:30:45.902 INF Registared with discovery server. numOrderers=16 ownClientId=219
07:30:45.902 INF Clients initialized.
07:30:45.902 INF Launching clients.
07:30:45.902 INF Waiting for clients.
07:31:18.458 INF Stopping Tracer. events=1284 fileName=experiment-output/0002/slave-024/client-219.trc
07:31:18.460 INF Trace data written.
07:31:18.469 INF Stopping Tracer. events=1285 fileName=experiment-output/0002/slave-024/client-207.trc
07:31:18.471 INF Trace data written.
07:31:18.496 INF Stopping Tracer. events=1008 fileName=experiment-output/0002/slave-024/client-178.trc
07:31:18.497 INF Trace data written.
07:31:18.506 INF Stopping Tracer. events=1310 fileName=experiment-output/0002/slave-024/client-133.trc
07:31:18.506 INF Stopping Tracer. events=1052 fileName=experiment-output/0002/slave-024/client-062.trc
07:31:18.506 INF Stopping Tracer. events=1068 fileName=experiment-output/0002/slave-024/client-072.trc
07:31:18.506 INF Stopping Tracer. events=1113 fileName=experiment-output/0002/slave-024/client-150.trc
07:31:18.508 INF Trace data written.
07:31:18.509 INF Trace data written.
07:31:18.509 INF Trace data written.
07:31:18.509 INF Trace data written.
07:31:18.509 INF Stopping Tracer. events=1307 fileName=experiment-output/0002/slave-024/client-169.trc
07:31:18.511 INF Trace data written.
07:31:18.511 INF Done.
07:31:18.511 INF Stopping profiler.
07:31:18.528 INF Profile data written. filename=experiment-output/0002/slave-024/prof-client.mutex name=mutex
zerolog: could not write event: write experiment-output/0002/slave-024/client-219.log: file already closed
zerolog: could not write event: write experiment-output/0002/slave-024/client-219.log: file already closed
zerolog: could not write event: write experiment-output/0002/slave-024/client-219.log: file already closed
zerolog: could not write event: write experiment-output/0002/slave-024/client-219.log: file already closed
zerolog: could not write event: write experiment-output/0002/slave-024/client-219.log: file already closed
zerolog: could not write event: write experiment-output/0002/slave-024/client-207.log: file already closed
zerolog: could not write event: write experiment-output/0002/slave-024/client-207.log: file already closed
zerolog: could not write event: write experiment-output/0002/slave-024/client-219.log: file already closed
zerolog: could not write event: write experiment-output/0002/slave-024/client-207.log: file already closed
zerolog: could not write event: write experiment-output/0002/slave-024/client-219.log: file already closed
zerolog: could not write event: write experiment-output/0002/slave-024/client-207.log: file already closed
zerolog: could not write event: write experiment-output/0002/slave-024/client-219.log: file already closed
zerolog: could not write event: write experiment-output/0002/slave-024/client-207.log: file already closed
zerolog: could not write event: write experiment-output/0002/slave-024/client-219.log: file already closed
zerolog: could not write event: write experiment-output/0002/slave-024/client-207.log: file already closed
zerolog: could not write event: write experiment-output/0002/slave-024/client-207.log: file already closed
zerolog: could not write event: write experiment-output/0002/slave-024/client-219.log: file already closed
zerolog: could not write event: write experiment-output/0002/slave-024/client-207.log: file already closed
zerolog: could not write event: write experiment-output/0002/slave-024/client-219.log: file already closed
zerolog: could not write event: write experiment-output/0002/slave-024/client-207.log: file already closed
zerolog: could not write event: write experiment-output/0002/slave-024/client-169.log: file already closed
zerolog: could not write event: write experiment-output/0002/slave-024/client-219.log: file already closed
zerolog: could not write event: write experiment-output/0002/slave-024/client-072.log: file already closed
zerolog: could not write event: write experiment-output/0002/slave-024/client-207.log: file already closed
zerolog: could not write event: write experiment-output/0002/slave-024/client-219.log: file already closed
zerolog: could not write event: write experiment-output/0002/slave-024/client-207.log: file already closed
zerolog: could not write event: write experiment-output/0002/slave-024/client-207.log: file already closed
zerolog: could not write event: write experiment-output/0002/slave-024/client-062.log: file already closed
zerolog: could not write event: write experiment-output/0002/slave-024/client-178.log: file already closed
zerolog: could not write event: write experiment-output/0002/slave-024/client-150.log: file already closed
zerolog: could not write event: write experiment-output/0002/slave-024/client-207.log: file already closed
zerolog: could not write event: write experiment-output/0002/slave-024/client-207.log: file already closed
zerolog: could not write event: write experiment-output/0002/slave-024/client-207.log: file already closed
zerolog: could not write event: write experiment-output/0002/slave-024/client-072.log: file already closed
zerolog: could not write event: write experiment-output/0002/slave-024/client-169.log: file already closed
zerolog: could not write event: write experiment-output/0002/slave-024/client-062.log: file already closed
zerolog: could not write event: write experiment-output/0002/slave-024/client-219.log: file already closed
zerolog: could not write event: write experiment-output/0002/slave-024/client-133.log: file already closed
zerolog: could not write event: write experiment-output/0002/slave-024/client-072.log: file already closed
zerolog: could not write event: write experiment-output/0002/slave-024/client-072.log: file already closed
zerolog: could not write event: write experiment-output/0002/slave-024/client-207.log: file already closed
zerolog: could not write event: write experiment-output/0002/slave-024/client-062.log: file already closed
zerolog: could not write event: write experiment-output/0002/slave-024/client-178.log: file already closed
zerolog: could not write event: write experiment-output/0002/slave-024/client-219.log: file already closed
zerolog: could not write event: write experiment-output/0002/slave-024/client-062.log: file already closed
zerolog: could not write event: write experiment-output/0002/slave-024/client-178.log: file already closed
zerolog: could not write event: write experiment-output/0002/slave-024/client-062.log: file already closed
zerolog: could not write event: write experiment-output/0002/slave-024/client-150.log: file already closed
zerolog: could not write event: write experiment-output/0002/slave-024/client-169.log: file already closed
zerolog: could not write event: write experiment-output/0002/slave-024/client-219.log: file already closed
zerolog: could not write event: write experiment-output/0002/slave-024/client-150.log: file already closed
zerolog: could not write event: write experiment-output/0002/slave-024/client-150.log: file already closed
zerolog: could not write event: write experiment-output/0002/slave-024/client-178.log: file already closed
zerolog: could not write event: write experiment-output/0002/slave-024/client-178.log: file already closed
zerolog: could not write event: write experiment-output/0002/slave-024/client-178.log: file already closed
zerolog: could not write event: write experiment-output/0002/slave-024/client-133.log: file already closed
zerolog: could not write event: write experiment-output/0002/slave-024/client-072.log: file already closed
zerolog: could not write event: write experiment-output/0002/slave-024/client-178.log: file already closed
zerolog: could not write event: write experiment-output/0002/slave-024/client-150.log: file already closed
zerolog: could not write event: write experiment-output/0002/slave-024/client-072.log: file already closed
zerolog: could not write event: write experiment-output/0002/slave-024/client-169.log: file already closed
zerolog: could not write event: write experiment-output/0002/slave-024/client-062.log: file already closed
zerolog: could not write event: write experiment-output/0002/slave-024/client-072.log: file already closed
zerolog: could not write event: write experiment-output/0002/slave-024/client-178.log: file already closed
zerolog: could not write event: write experiment-output/0002/slave-024/client-169.log: file already closed
zerolog: could not write event: write experiment-output/0002/slave-024/client-178.log: file already closed
zerolog: could not write event: write experiment-output/0002/slave-024/client-169.log: file already closed
zerolog: could not write event: write experiment-output/0002/slave-024/client-150.log: file already closed
zerolog: could not write event: write experiment-output/0002/slave-024/client-169.log: file already closed
zerolog: could not write event: write experiment-output/0002/slave-024/client-169.log: file already closed
zerolog: could not write event: write experiment-output/0002/slave-024/client-178.log: file already closed
zerolog: could not write event: write experiment-output/0002/slave-024/client-178.log: file already closed
zerolog: could not write event: write experiment-output/0002/slave-024/client-169.log: file already closed
zerolog: could not write event: write experiment-output/0002/slave-024/client-178.log: file already closed
zerolog: could not write event: write experiment-output/0002/slave-024/client-133.log: file already closed
zerolog: could not write event: write experiment-output/0002/slave-024/client-133.log: file already closed
zerolog: could not write event: write experiment-output/0002/slave-024/client-133.log: file already closed
zerolog: could not write event: write experiment-output/0002/slave-024/client-062.log: file already closed
zerolog: could not write event: write experiment-output/0002/slave-024/client-133.log: file already closed
zerolog: could not write event: write experiment-output/0002/slave-024/client-133.log: file already closed
zerolog: could not write event: write experiment-output/0002/slave-024/client-072.log: file already closed
zerolog: could not write event: write experiment-output/0002/slave-024/client-150.log: file already closed
zerolog: could not write event: write experiment-output/0002/slave-024/client-150.log: file already closed
zerolog: could not write event: write experiment-output/0002/slave-024/client-133.log: file already closed
zerolog: could not write event: write experiment-output/0002/slave-024/client-072.log: file already closed
zerolog: could not write event: write experiment-output/0002/slave-024/client-133.log: file already closed
zerolog: could not write event: write experiment-output/0002/slave-024/client-150.log: file already closed
zerolog: could not write event: write experiment-output/0002/slave-024/client-062.log: file already closed
zerolog: could not write event: write experiment-output/0002/slave-024/client-133.log: file already closed
zerolog: could not write event: write experiment-output/0002/slave-024/client-133.log: file already closed
zerolog: could not write event: write experiment-output/0002/slave-024/client-133.log: file already closed
zerolog: could not write event: write experiment-output/0002/slave-024/client-150.log: file already closed
zerolog: could not write event: write experiment-output/0002/slave-024/client-150.log: file already closed
zerolog: could not write event: write experiment-output/0002/slave-024/client-072.log: file already closed
zerolog: could not write event: write experiment-output/0002/slave-024/client-178.log: file already closed
zerolog: could not write event: write experiment-output/0002/slave-024/client-178.log: file already closed
zerolog: could not write event: write experiment-output/0002/slave-024/client-169.log: file already closed
zerolog: could not write event: write experiment-output/0002/slave-024/client-133.log: file already closed
zerolog: could not write event: write experiment-output/0002/slave-024/client-062.log: file already closed
zerolog: could not write event: write experiment-output/0002/slave-024/client-169.log: file already closed
zerolog: could not write event: write experiment-output/0002/slave-024/client-133.log: file already closed
zerolog: could not write event: write experiment-output/0002/slave-024/client-150.log: file already closed
zerolog: could not write event: write experiment-output/0002/slave-024/client-062.log: file already closed
zerolog: could not write event: write experiment-output/0002/slave-024/client-150.log: file already closed
zerolog: could not write event: write experiment-output/0002/slave-024/client-169.log: file already closed
zerolog: could not write event: write experiment-output/0002/slave-024/client-072.log: file already closed
zerolog: could not write event: write experiment-output/0002/slave-024/client-072.log: file already closed
zerolog: could not write event: write experiment-output/0002/slave-024/client-178.log: file already closed
zerolog: could not write event: write experiment-output/0002/slave-024/client-072.log: file already closed
zerolog: could not write event: write experiment-output/0002/slave-024/client-062.log: file already closed
zerolog: could not write event: write experiment-output/0002/slave-024/client-150.log: file already closed
zerolog: could not write event: write experiment-output/0002/slave-024/client-062.log: file already closed
zerolog: could not write event: write experiment-output/0002/slave-024/client-178.log: file already closed
zerolog: could not write event: write experiment-output/0002/slave-024/client-062.log: file already closed
zerolog: could not write event: write experiment-output/0002/slave-024/client-169.log: file already closed
zerolog: could not write event: write experiment-output/0002/slave-024/client-169.log: file already closed
zerolog: could not write event: write experiment-output/0002/slave-024/client-150.log: file already closed
zerolog: could not write event: write experiment-output/0002/slave-024/client-133.log: file already closed
zerolog: could not write event: write experiment-output/0002/slave-024/client-072.log: file already closed
zerolog: could not write event: write experiment-output/0002/slave-024/client-062.log: file already closed
zerolog: could not write event: write experiment-output/0002/slave-024/client-133.log: file already closed
zerolog: could not write event: write experiment-output/0002/slave-024/client-072.log: file already closed
zerolog: could not write event: write experiment-output/0002/slave-024/client-150.log: file already closed
zerolog: could not write event: write experiment-output/0002/slave-024/client-169.log: file already closed
zerolog: could not write event: write experiment-output/0002/slave-024/client-169.log: file already closed
zerolog: could not write event: write experiment-output/0002/slave-024/client-072.log: file already closed
zerolog: could not write event: write experiment-output/0002/slave-024/client-062.log: file already closed
zerolog: could not write event: write experiment-output/0002/slave-024/client-062.log: file already closed
07:31:18.665 INF Profile data written. filename=experiment-output/0002/slave-024/prof-client.cpu name=cpu
07:31:18.673 INF Profile data written. filename=experiment-output/0002/slave-024/prof-client.block name=block
