{"level":"debug","Logging":"info","time":"2023-03-27T09:53:38Z","message":"Config"}
{"level":"debug","UseTLS":false,"time":"2023-03-27T09:53:38Z","message":"Config"}
{"level":"debug","CACertFile":"tls-data/ca.pem","time":"2023-03-27T09:53:38Z","message":"Config"}
{"level":"debug","KeyFile":"tls-data/auth.key","time":"2023-03-27T09:53:38Z","message":"Config"}
{"level":"debug","CertFile":"tls-data/auth.pem","time":"2023-03-27T09:53:38Z","message":"Config"}
{"level":"debug","PriorityConnections":2,"time":"2023-03-27T09:53:38Z","message":"Config"}
{"level":"debug","BasicConnections":1,"time":"2023-03-27T09:53:38Z","message":"Config"}
{"level":"debug","TestConnections":false,"time":"2023-03-27T09:53:38Z","message":"Config"}
{"level":"debug","ExcessConnections":1,"time":"2023-03-27T09:53:38Z","message":"Config"}
{"level":"debug","ConnectionTestMsgs":4,"time":"2023-03-27T09:53:38Z","message":"Config"}
{"level":"debug","ConnectionTestPayload":131072,"time":"2023-03-27T09:53:38Z","message":"Config"}
{"level":"debug","OutMessageBufsize":1024,"time":"2023-03-27T09:53:38Z","message":"Config"}
{"level":"debug","OutMessageBufsize":4,"time":"2023-03-27T09:53:38Z","message":"Config"}
{"level":"debug","ThroughputCap":131072000,"time":"2023-03-27T09:53:38Z","message":"Config"}
{"level":"debug","StragglerTolerance":1000,"time":"2023-03-27T09:53:38Z","message":"Config"}
{"level":"debug","BatchSizeIncrement":256,"time":"2023-03-27T09:53:38Z","message":"Config"}
{"level":"debug","Orderer":"Pbft","time":"2023-03-27T09:53:38Z","message":"Config"}
{"level":"debug","Manager":"Mir","time":"2023-03-27T09:53:38Z","message":"Config"}
{"level":"debug","Failures":0,"time":"2023-03-27T09:53:38Z","message":"Config"}
{"level":"debug","StragglerCnt":1,"time":"2023-03-27T09:53:38Z","message":"Config"}
{"level":"debug","CrashTiming":"Straggler","time":"2023-03-27T09:53:38Z","message":"Config"}
{"level":"debug","CheckpointInterval":512,"time":"2023-03-27T09:53:38Z","message":"Config"}
{"level":"debug","WatermarkWindowSize":512,"time":"2023-03-27T09:53:38Z","message":"Config"}
{"level":"debug","EpochLength":512,"time":"2023-03-27T09:53:38Z","message":"Config"}
{"level":"debug","SegmentLength":32,"time":"2023-03-27T09:53:38Z","message":"Config"}
{"level":"debug","WaitForCheckpoints":true,"time":"2023-03-27T09:53:38Z","message":"Config"}
{"level":"debug","ClientWatermarkWindowSize":16384,"time":"2023-03-27T09:53:38Z","message":"Config"}
{"level":"debug","ClientRequestBacklogSize":16384,"time":"2023-03-27T09:53:38Z","message":"Config"}
{"level":"debug","RandomSeed":23325,"time":"2023-03-27T09:53:38Z","message":"Config"}
{"level":"debug","NodeToLeaderRatio":1,"time":"2023-03-27T09:53:38Z","message":"Config"}
{"level":"debug","LeaderPolicy":"Simple","time":"2023-03-27T09:53:38Z","message":"Config"}
{"level":"debug","DefaultLeaderBan":2,"time":"2023-03-27T09:53:38Z","message":"Config"}
{"level":"debug","NumBuckets":256,"time":"2023-03-27T09:53:38Z","message":"Config"}
{"level":"debug","BatchSize":1000,"time":"2023-03-27T09:53:38Z","message":"Config"}
{"level":"debug","DisabledViewChange":false,"time":"2023-03-27T09:53:38Z","message":"Config"}
{"level":"debug","ViewChangeTimeout":60000,"time":"2023-03-27T09:53:38Z","message":"Config"}
{"level":"debug","ClientTraceSampling":10,"time":"2023-03-27T09:53:38Z","message":"Config"}
{"level":"debug","EventBufferSize":2097152,"time":"2023-03-27T09:53:38Z","message":"Config"}
{"level":"debug","TraceSampling":1,"time":"2023-03-27T09:53:38Z","message":"Config"}
{"level":"debug","ClientsPerProcess":8,"time":"2023-03-27T09:53:38Z","message":"Config"}
{"level":"debug","RequestsPerClient":1757,"time":"2023-03-27T09:53:38Z","message":"Config"}
{"level":"debug","ClientRunTime":15000,"time":"2023-03-27T09:53:38Z","message":"Config"}
{"level":"debug","RequestRate":58,"time":"2023-03-27T09:53:38Z","message":"Config"}
{"level":"debug","HardRequestRateLimit":false,"time":"2023-03-27T09:53:38Z","message":"Config"}
{"level":"debug","RequestPayloadSize":500,"time":"2023-03-27T09:53:38Z","message":"Config"}
{"level":"debug","SignRequests":true,"time":"2023-03-27T09:53:38Z","message":"Config"}
{"level":"debug","ClientPrivKeyFile":"tls-data/client-ecdsa-256.key","time":"2023-03-27T09:53:38Z","message":"Config"}
{"level":"debug","ClientPubKeyFile":"tls-data/client-ecdsa-256.pem","time":"2023-03-27T09:53:38Z","message":"Config"}
{"level":"debug","PrecomputeRequests":false,"time":"2023-03-27T09:53:38Z","message":"Config"}
{"level":"debug","RequestHandlerThreads":32,"time":"2023-03-27T09:53:38Z","message":"Config"}
{"level":"debug","RequestInputChannelBuffer":8192,"time":"2023-03-27T09:53:38Z","message":"Config"}
{"level":"debug","BatchVerifier":"external","time":"2023-03-27T09:53:38Z","message":"Config"}
09:53:38.195 INF Started Profiler: CPU
09:53:38.195 INF Started Profiler: BLOCK
09:53:38.195 INF Started Profiler: MUTEX
09:53:38.195 INF Starting clients. numClients=8 numRequests=1757
09:53:38.195 INF Initilizing clients.
09:53:38.760 INF Registared with discovery server. numOrderers=16 ownClientId=224
09:53:38.760 INF Registared with discovery server. numOrderers=16 ownClientId=221
09:53:38.760 INF Registared with discovery server. numOrderers=16 ownClientId=216
09:53:38.761 INF Registared with discovery server. numOrderers=16 ownClientId=228
09:53:38.761 INF Registared with discovery server. numOrderers=16 ownClientId=241
09:53:38.761 INF Registared with discovery server. numOrderers=16 ownClientId=245
09:53:38.762 INF Registared with discovery server. numOrderers=16 ownClientId=247
09:53:38.762 INF Registared with discovery server. numOrderers=16 ownClientId=251
09:53:38.762 INF Clients initialized.
09:53:38.762 INF Launching clients.
09:53:38.762 INF Waiting for clients.
09:59:29.302 INF Stopping Tracer. events=353 fileName=experiment-output/0002/slave-040/client-224.trc
zerolog: could not write event: write experiment-output/0002/slave-040/client-224.log: file already closed
zerolog: could not write event: write experiment-output/0002/slave-040/client-224.log: file already closed
zerolog: could not write event: write experiment-output/0002/slave-040/client-224.log: file already closed
zerolog: could not write event: write experiment-output/0002/slave-040/client-224.log: file already closed
09:59:29.303 INF Trace data written.
09:59:29.364 INF Stopping Tracer. events=514 fileName=experiment-output/0002/slave-040/client-251.trc
zerolog: could not write event: write experiment-output/0002/slave-040/client-251.log: file already closed
zerolog: could not write event: write experiment-output/0002/slave-040/client-251.log: file already closed
zerolog: could not write event: write experiment-output/0002/slave-040/client-251.log: file already closed
zerolog: could not write event: write experiment-output/0002/slave-040/client-251.log: file already closed
09:59:29.365 INF Trace data written.
09:59:29.377 INF Stopping Tracer. events=527 fileName=experiment-output/0002/slave-040/client-245.trc
zerolog: could not write event: write experiment-output/0002/slave-040/client-245.log: file already closed
zerolog: could not write event: write experiment-output/0002/slave-040/client-245.log: file already closed
zerolog: could not write event: write experiment-output/0002/slave-040/client-245.log: file already closed
zerolog: could not write event: write experiment-output/0002/slave-040/client-245.log: file already closed
09:59:29.378 INF Trace data written.
09:59:29.399 INF Stopping Tracer. events=354 fileName=experiment-output/0002/slave-040/client-228.trc
zerolog: could not write event: write experiment-output/0002/slave-040/client-228.log: file already closed
zerolog: could not write event: write experiment-output/0002/slave-040/client-228.log: file already closed
zerolog: could not write event: write experiment-output/0002/slave-040/client-228.log: file already closed
zerolog: could not write event: write experiment-output/0002/slave-040/client-228.log: file already closed
09:59:29.399 INF Trace data written.
zerolog: could not write event: write experiment-output/0002/slave-040/client-224.log: file already closed
zerolog: could not write event: write experiment-output/0002/slave-040/client-224.log: file already closed
zerolog: could not write event: write experiment-output/0002/slave-040/client-224.log: file already closed
09:59:29.416 INF Stopping Tracer. events=353 fileName=experiment-output/0002/slave-040/client-216.trc
zerolog: could not write event: write experiment-output/0002/slave-040/client-216.log: file already closed
zerolog: could not write event: write experiment-output/0002/slave-040/client-216.log: file already closed
zerolog: could not write event: write experiment-output/0002/slave-040/client-216.log: file already closed
09:59:29.416 INF Stopping Tracer. events=529 fileName=experiment-output/0002/slave-040/client-247.trc
09:59:29.416 INF Stopping Tracer. events=609 fileName=experiment-output/0002/slave-040/client-221.trc
zerolog: could not write event: write experiment-output/0002/slave-040/client-216.log: file already closed
09:59:29.416 INF Stopping Tracer. events=608 fileName=experiment-output/0002/slave-040/client-241.trc
zerolog: could not write event: write experiment-output/0002/slave-040/client-247.log: file already closed
zerolog: could not write event: write experiment-output/0002/slave-040/client-247.log: file already closed
zerolog: could not write event: write experiment-output/0002/slave-040/client-247.log: file already closed
zerolog: could not write event: write experiment-output/0002/slave-040/client-247.log: file already closed
zerolog: could not write event: write experiment-output/0002/slave-040/client-221.log: file already closed
zerolog: could not write event: write experiment-output/0002/slave-040/client-221.log: file already closed
zerolog: could not write event: write experiment-output/0002/slave-040/client-221.log: file already closed
zerolog: could not write event: write experiment-output/0002/slave-040/client-241.log: file already closed
zerolog: could not write event: write experiment-output/0002/slave-040/client-241.log: file already closed
zerolog: could not write event: write experiment-output/0002/slave-040/client-241.log: file already closed
zerolog: could not write event: write experiment-output/0002/slave-040/client-241.log: file already closed
zerolog: could not write event: write experiment-output/0002/slave-040/client-221.log: file already closed
09:59:29.417 INF Trace data written.
09:59:29.417 INF Trace data written.
09:59:29.418 INF Trace data written.
09:59:29.418 INF Trace data written.
09:59:29.418 INF Done.
09:59:29.418 INF Stopping profiler.
zerolog: could not write event: write experiment-output/0002/slave-040/client-224.log: file already closed
09:59:29.437 INF Profile data written. filename=experiment-output/0002/slave-040/prof-client.mutex name=mutex
zerolog: could not write event: write experiment-output/0002/slave-040/client-251.log: file already closed
zerolog: could not write event: write experiment-output/0002/slave-040/client-251.log: file already closed
zerolog: could not write event: write experiment-output/0002/slave-040/client-251.log: file already closed
zerolog: could not write event: write experiment-output/0002/slave-040/client-245.log: file already closed
zerolog: could not write event: write experiment-output/0002/slave-040/client-251.log: file already closed
zerolog: could not write event: write experiment-output/0002/slave-040/client-224.log: file already closed
zerolog: could not write event: write experiment-output/0002/slave-040/client-224.log: file already closed
zerolog: could not write event: write experiment-output/0002/slave-040/client-224.log: file already closed
zerolog: could not write event: write experiment-output/0002/slave-040/client-224.log: file already closed
zerolog: could not write event: write experiment-output/0002/slave-040/client-245.log: file already closed
zerolog: could not write event: write experiment-output/0002/slave-040/client-245.log: file already closed
zerolog: could not write event: write experiment-output/0002/slave-040/client-245.log: file already closed
zerolog: could not write event: write experiment-output/0002/slave-040/client-228.log: file already closed
zerolog: could not write event: write experiment-output/0002/slave-040/client-228.log: file already closed
zerolog: could not write event: write experiment-output/0002/slave-040/client-228.log: file already closed
zerolog: could not write event: write experiment-output/0002/slave-040/client-228.log: file already closed
zerolog: could not write event: write experiment-output/0002/slave-040/client-216.log: file already closed
zerolog: could not write event: write experiment-output/0002/slave-040/client-247.log: file already closed
zerolog: could not write event: write experiment-output/0002/slave-040/client-241.log: file already closed
zerolog: could not write event: write experiment-output/0002/slave-040/client-247.log: file already closed
zerolog: could not write event: write experiment-output/0002/slave-040/client-221.log: file already closed
zerolog: could not write event: write experiment-output/0002/slave-040/client-241.log: file already closed
zerolog: could not write event: write experiment-output/0002/slave-040/client-221.log: file already closed
zerolog: could not write event: write experiment-output/0002/slave-040/client-216.log: file already closed
zerolog: could not write event: write experiment-output/0002/slave-040/client-216.log: file already closed
zerolog: could not write event: write experiment-output/0002/slave-040/client-216.log: file already closed
zerolog: could not write event: write experiment-output/0002/slave-040/client-221.log: file already closed
zerolog: could not write event: write experiment-output/0002/slave-040/client-241.log: file already closed
zerolog: could not write event: write experiment-output/0002/slave-040/client-247.log: file already closed
zerolog: could not write event: write experiment-output/0002/slave-040/client-241.log: file already closed
zerolog: could not write event: write experiment-output/0002/slave-040/client-221.log: file already closed
zerolog: could not write event: write experiment-output/0002/slave-040/client-247.log: file already closed
zerolog: could not write event: write experiment-output/0002/slave-040/client-251.log: file already closed
zerolog: could not write event: write experiment-output/0002/slave-040/client-251.log: file already closed
zerolog: could not write event: write experiment-output/0002/slave-040/client-251.log: file already closed
zerolog: could not write event: write experiment-output/0002/slave-040/client-251.log: file already closed
zerolog: could not write event: write experiment-output/0002/slave-040/client-245.log: file already closed
zerolog: could not write event: write experiment-output/0002/slave-040/client-245.log: file already closed
zerolog: could not write event: write experiment-output/0002/slave-040/client-245.log: file already closed
zerolog: could not write event: write experiment-output/0002/slave-040/client-245.log: file already closed
zerolog: could not write event: write experiment-output/0002/slave-040/client-224.log: file already closed
zerolog: could not write event: write experiment-output/0002/slave-040/client-224.log: file already closed
zerolog: could not write event: write experiment-output/0002/slave-040/client-224.log: file already closed
zerolog: could not write event: write experiment-output/0002/slave-040/client-224.log: file already closed
zerolog: could not write event: write experiment-output/0002/slave-040/client-228.log: file already closed
zerolog: could not write event: write experiment-output/0002/slave-040/client-228.log: file already closed
zerolog: could not write event: write experiment-output/0002/slave-040/client-228.log: file already closed
zerolog: could not write event: write experiment-output/0002/slave-040/client-228.log: file already closed
zerolog: could not write event: write experiment-output/0002/slave-040/client-216.log: file already closed
09:59:29.603 INF Profile data written. filename=experiment-output/0002/slave-040/prof-client.cpu name=cpu
zerolog: could not write event: write experiment-output/0002/slave-040/client-216.log: file already closed
zerolog: could not write event: write experiment-output/0002/slave-040/client-221.log: file already closed
zerolog: could not write event: write experiment-output/0002/slave-040/client-221.log: file already closed
zerolog: could not write event: write experiment-output/0002/slave-040/client-216.log: file already closed
zerolog: could not write event: write experiment-output/0002/slave-040/client-247.log: file already closed
zerolog: could not write event: write experiment-output/0002/slave-040/client-247.log: file already closed
zerolog: could not write event: write experiment-output/0002/slave-040/client-247.log: file already closed
zerolog: could not write event: write experiment-output/0002/slave-040/client-221.log: file already closed
zerolog: could not write event: write experiment-output/0002/slave-040/client-216.log: file already closed
zerolog: could not write event: write experiment-output/0002/slave-040/client-241.log: file already closed
zerolog: could not write event: write experiment-output/0002/slave-040/client-241.log: file already closed
zerolog: could not write event: write experiment-output/0002/slave-040/client-241.log: file already closed
zerolog: could not write event: write experiment-output/0002/slave-040/client-221.log: file already closed
zerolog: could not write event: write experiment-output/0002/slave-040/client-247.log: file already closed
zerolog: could not write event: write experiment-output/0002/slave-040/client-241.log: file already closed
09:59:29.612 INF Profile data written. filename=experiment-output/0002/slave-040/prof-client.block name=block
