{"level":"debug","Logging":"info","time":"2023-03-27T10:06:32Z","message":"Config"}
{"level":"debug","UseTLS":false,"time":"2023-03-27T10:06:32Z","message":"Config"}
{"level":"debug","CACertFile":"tls-data/ca.pem","time":"2023-03-27T10:06:32Z","message":"Config"}
{"level":"debug","KeyFile":"tls-data/auth.key","time":"2023-03-27T10:06:32Z","message":"Config"}
{"level":"debug","CertFile":"tls-data/auth.pem","time":"2023-03-27T10:06:32Z","message":"Config"}
{"level":"debug","PriorityConnections":2,"time":"2023-03-27T10:06:32Z","message":"Config"}
{"level":"debug","BasicConnections":1,"time":"2023-03-27T10:06:32Z","message":"Config"}
{"level":"debug","TestConnections":false,"time":"2023-03-27T10:06:32Z","message":"Config"}
{"level":"debug","ExcessConnections":1,"time":"2023-03-27T10:06:32Z","message":"Config"}
{"level":"debug","ConnectionTestMsgs":4,"time":"2023-03-27T10:06:32Z","message":"Config"}
{"level":"debug","ConnectionTestPayload":131072,"time":"2023-03-27T10:06:32Z","message":"Config"}
{"level":"debug","OutMessageBufsize":1024,"time":"2023-03-27T10:06:32Z","message":"Config"}
{"level":"debug","OutMessageBufsize":4,"time":"2023-03-27T10:06:32Z","message":"Config"}
{"level":"debug","ThroughputCap":131072000,"time":"2023-03-27T10:06:32Z","message":"Config"}
{"level":"debug","StragglerTolerance":1000,"time":"2023-03-27T10:06:32Z","message":"Config"}
{"level":"debug","BatchSizeIncrement":256,"time":"2023-03-27T10:06:32Z","message":"Config"}
{"level":"debug","Orderer":"Pbft","time":"2023-03-27T10:06:32Z","message":"Config"}
{"level":"debug","Manager":"Mir","time":"2023-03-27T10:06:32Z","message":"Config"}
{"level":"debug","Failures":0,"time":"2023-03-27T10:06:32Z","message":"Config"}
{"level":"debug","StragglerCnt":1,"time":"2023-03-27T10:06:32Z","message":"Config"}
{"level":"debug","CrashTiming":"Straggler","time":"2023-03-27T10:06:32Z","message":"Config"}
{"level":"debug","CheckpointInterval":512,"time":"2023-03-27T10:06:32Z","message":"Config"}
{"level":"debug","WatermarkWindowSize":512,"time":"2023-03-27T10:06:32Z","message":"Config"}
{"level":"debug","EpochLength":512,"time":"2023-03-27T10:06:32Z","message":"Config"}
{"level":"debug","SegmentLength":32,"time":"2023-03-27T10:06:32Z","message":"Config"}
{"level":"debug","WaitForCheckpoints":true,"time":"2023-03-27T10:06:32Z","message":"Config"}
{"level":"debug","ClientWatermarkWindowSize":16384,"time":"2023-03-27T10:06:32Z","message":"Config"}
{"level":"debug","ClientRequestBacklogSize":16384,"time":"2023-03-27T10:06:32Z","message":"Config"}
{"level":"debug","RandomSeed":23325,"time":"2023-03-27T10:06:32Z","message":"Config"}
{"level":"debug","NodeToLeaderRatio":1,"time":"2023-03-27T10:06:32Z","message":"Config"}
{"level":"debug","LeaderPolicy":"Simple","time":"2023-03-27T10:06:32Z","message":"Config"}
{"level":"debug","DefaultLeaderBan":2,"time":"2023-03-27T10:06:32Z","message":"Config"}
{"level":"debug","NumBuckets":256,"time":"2023-03-27T10:06:32Z","message":"Config"}
{"level":"debug","BatchSize":1000,"time":"2023-03-27T10:06:32Z","message":"Config"}
{"level":"debug","DisabledViewChange":false,"time":"2023-03-27T10:06:32Z","message":"Config"}
{"level":"debug","ViewChangeTimeout":60000,"time":"2023-03-27T10:06:32Z","message":"Config"}
{"level":"debug","ClientTraceSampling":10,"time":"2023-03-27T10:06:32Z","message":"Config"}
{"level":"debug","EventBufferSize":2097152,"time":"2023-03-27T10:06:32Z","message":"Config"}
{"level":"debug","TraceSampling":1,"time":"2023-03-27T10:06:32Z","message":"Config"}
{"level":"debug","ClientsPerProcess":8,"time":"2023-03-27T10:06:32Z","message":"Config"}
{"level":"debug","RequestsPerClient":2929,"time":"2023-03-27T10:06:32Z","message":"Config"}
{"level":"debug","ClientRunTime":15000,"time":"2023-03-27T10:06:32Z","message":"Config"}
{"level":"debug","RequestRate":97,"time":"2023-03-27T10:06:32Z","message":"Config"}
{"level":"debug","HardRequestRateLimit":false,"time":"2023-03-27T10:06:32Z","message":"Config"}
{"level":"debug","RequestPayloadSize":500,"time":"2023-03-27T10:06:32Z","message":"Config"}
{"level":"debug","SignRequests":true,"time":"2023-03-27T10:06:32Z","message":"Config"}
{"level":"debug","ClientPrivKeyFile":"tls-data/client-ecdsa-256.key","time":"2023-03-27T10:06:32Z","message":"Config"}
{"level":"debug","ClientPubKeyFile":"tls-data/client-ecdsa-256.pem","time":"2023-03-27T10:06:32Z","message":"Config"}
{"level":"debug","PrecomputeRequests":false,"time":"2023-03-27T10:06:32Z","message":"Config"}
{"level":"debug","RequestHandlerThreads":32,"time":"2023-03-27T10:06:32Z","message":"Config"}
{"level":"debug","RequestInputChannelBuffer":8192,"time":"2023-03-27T10:06:32Z","message":"Config"}
{"level":"debug","BatchVerifier":"external","time":"2023-03-27T10:06:32Z","message":"Config"}
10:06:32.311 INF Started Profiler: CPU
10:06:32.311 INF Started Profiler: BLOCK
10:06:32.311 INF Started Profiler: MUTEX
10:06:32.311 INF Starting clients. numClients=8 numRequests=2929
10:06:32.311 INF Initilizing clients.
10:06:32.706 INF Registared with discovery server. numOrderers=16 ownClientId=128
10:06:32.707 INF Registared with discovery server. numOrderers=16 ownClientId=132
10:06:32.708 INF Registared with discovery server. numOrderers=16 ownClientId=131
10:06:32.709 INF Registared with discovery server. numOrderers=16 ownClientId=134
10:06:32.709 INF Registared with discovery server. numOrderers=16 ownClientId=144
10:06:32.710 INF Registared with discovery server. numOrderers=16 ownClientId=160
10:06:32.713 INF Registared with discovery server. numOrderers=16 ownClientId=175
10:06:32.714 INF Registared with discovery server. numOrderers=16 ownClientId=182
10:06:32.714 INF Clients initialized.
10:06:32.714 INF Launching clients.
10:06:32.714 INF Waiting for clients.
10:12:44.001 INF Stopping Tracer. events=585 fileName=experiment-output/0004/slave-031/client-134.trc
10:12:44.001 INF Stopping Tracer. events=858 fileName=experiment-output/0004/slave-031/client-175.trc
10:12:44.001 INF Stopping Tracer. events=586 fileName=experiment-output/0004/slave-031/client-132.trc
10:12:44.001 INF Stopping Tracer. events=585 fileName=experiment-output/0004/slave-031/client-144.trc
10:12:44.001 INF Stopping Tracer. events=585 fileName=experiment-output/0004/slave-031/client-182.trc
zerolog: could not write event: write experiment-output/0004/slave-031/client-175.log: file already closed
zerolog: could not write event: write experiment-output/0004/slave-031/client-132.log: file already closed
zerolog: could not write event: write experiment-output/0004/slave-031/client-132.log: file already closed
zerolog: could not write event: write experiment-output/0004/slave-031/client-175.log: file already closed
zerolog: could not write event: write experiment-output/0004/slave-031/client-134.log: file already closed
zerolog: could not write event: write experiment-output/0004/slave-031/client-134.log: file already closed
zerolog: could not write event: write experiment-output/0004/slave-031/client-134.log: file already closed
zerolog: could not write event: write experiment-output/0004/slave-031/client-134.log: file already closed
zerolog: could not write event: write experiment-output/0004/slave-031/client-175.log: file already closed
zerolog: could not write event: write experiment-output/0004/slave-031/client-182.log: file already closed
zerolog: could not write event: write experiment-output/0004/slave-031/client-182.log: file already closed
zerolog: could not write event: write experiment-output/0004/slave-031/client-144.log: file already closed
zerolog: could not write event: write experiment-output/0004/slave-031/client-182.log: file already closed
zerolog: could not write event: write experiment-output/0004/slave-031/client-132.log: file already closed
zerolog: could not write event: write experiment-output/0004/slave-031/client-182.log: file already closed
zerolog: could not write event: write experiment-output/0004/slave-031/client-144.log: file already closed
zerolog: could not write event: write experiment-output/0004/slave-031/client-132.log: file already closed
zerolog: could not write event: write experiment-output/0004/slave-031/client-144.log: file already closed
zerolog: could not write event: write experiment-output/0004/slave-031/client-144.log: file already closed
zerolog: could not write event: write experiment-output/0004/slave-031/client-175.log: file already closed
10:12:44.003 INF Trace data written.
10:12:44.003 INF Trace data written.
10:12:44.003 INF Trace data written.
10:12:44.003 INF Trace data written.
10:12:44.003 INF Trace data written.
10:12:44.011 INF Stopping Tracer. events=585 fileName=experiment-output/0004/slave-031/client-160.trc
10:12:44.011 INF Stopping Tracer. events=925 fileName=experiment-output/0004/slave-031/client-131.trc
10:12:44.011 INF Stopping Tracer. events=585 fileName=experiment-output/0004/slave-031/client-128.trc
zerolog: could not write event: write experiment-output/0004/slave-031/client-160.log: file already closed
zerolog: could not write event: write experiment-output/0004/slave-031/client-131.log: file already closed
zerolog: could not write event: write experiment-output/0004/slave-031/client-131.log: file already closed
zerolog: could not write event: write experiment-output/0004/slave-031/client-131.log: file already closed
zerolog: could not write event: write experiment-output/0004/slave-031/client-160.log: file already closed
zerolog: could not write event: write experiment-output/0004/slave-031/client-160.log: file already closed
zerolog: could not write event: write experiment-output/0004/slave-031/client-128.log: file already closed
zerolog: could not write event: write experiment-output/0004/slave-031/client-131.log: file already closed
zerolog: could not write event: write experiment-output/0004/slave-031/client-128.log: file already closed
zerolog: could not write event: write experiment-output/0004/slave-031/client-160.log: file already closed
zerolog: could not write event: write experiment-output/0004/slave-031/client-128.log: file already closed
zerolog: could not write event: write experiment-output/0004/slave-031/client-128.log: file already closed
10:12:44.012 INF Trace data written.
10:12:44.012 INF Trace data written.
10:12:44.013 INF Trace data written.
10:12:44.013 INF Done.
10:12:44.013 INF Stopping profiler.
10:12:44.029 INF Profile data written. filename=experiment-output/0004/slave-031/prof-client.mutex name=mutex
zerolog: could not write event: write experiment-output/0004/slave-031/client-132.log: file already closed
zerolog: could not write event: write experiment-output/0004/slave-031/client-144.log: file already closed
zerolog: could not write event: write experiment-output/0004/slave-031/client-134.log: file already closed
zerolog: could not write event: write experiment-output/0004/slave-031/client-132.log: file already closed
zerolog: could not write event: write experiment-output/0004/slave-031/client-175.log: file already closed
zerolog: could not write event: write experiment-output/0004/slave-031/client-182.log: file already closed
zerolog: could not write event: write experiment-output/0004/slave-031/client-175.log: file already closed
zerolog: could not write event: write experiment-output/0004/slave-031/client-182.log: file already closed
zerolog: could not write event: write experiment-output/0004/slave-031/client-134.log: file already closed
zerolog: could not write event: write experiment-output/0004/slave-031/client-132.log: file already closed
zerolog: could not write event: write experiment-output/0004/slave-031/client-182.log: file already closed
zerolog: could not write event: write experiment-output/0004/slave-031/client-160.log: file already closed
zerolog: could not write event: write experiment-output/0004/slave-031/client-131.log: file already closed
zerolog: could not write event: write experiment-output/0004/slave-031/client-128.log: file already closed
zerolog: could not write event: write experiment-output/0004/slave-031/client-160.log: file already closed
zerolog: could not write event: write experiment-output/0004/slave-031/client-132.log: file already closed
zerolog: could not write event: write experiment-output/0004/slave-031/client-182.log: file already closed
zerolog: could not write event: write experiment-output/0004/slave-031/client-134.log: file already closed
zerolog: could not write event: write experiment-output/0004/slave-031/client-175.log: file already closed
zerolog: could not write event: write experiment-output/0004/slave-031/client-175.log: file already closed
zerolog: could not write event: write experiment-output/0004/slave-031/client-134.log: file already closed
zerolog: could not write event: write experiment-output/0004/slave-031/client-144.log: file already closed
zerolog: could not write event: write experiment-output/0004/slave-031/client-144.log: file already closed
zerolog: could not write event: write experiment-output/0004/slave-031/client-131.log: file already closed
zerolog: could not write event: write experiment-output/0004/slave-031/client-128.log: file already closed
zerolog: could not write event: write experiment-output/0004/slave-031/client-128.log: file already closed
zerolog: could not write event: write experiment-output/0004/slave-031/client-160.log: file already closed
zerolog: could not write event: write experiment-output/0004/slave-031/client-131.log: file already closed
zerolog: could not write event: write experiment-output/0004/slave-031/client-128.log: file already closed
zerolog: could not write event: write experiment-output/0004/slave-031/client-160.log: file already closed
zerolog: could not write event: write experiment-output/0004/slave-031/client-131.log: file already closed
zerolog: could not write event: write experiment-output/0004/slave-031/client-134.log: file already closed
zerolog: could not write event: write experiment-output/0004/slave-031/client-134.log: file already closed
zerolog: could not write event: write experiment-output/0004/slave-031/client-182.log: file already closed
zerolog: could not write event: write experiment-output/0004/slave-031/client-182.log: file already closed
zerolog: could not write event: write experiment-output/0004/slave-031/client-132.log: file already closed
zerolog: could not write event: write experiment-output/0004/slave-031/client-175.log: file already closed
zerolog: could not write event: write experiment-output/0004/slave-031/client-144.log: file already closed
zerolog: could not write event: write experiment-output/0004/slave-031/client-144.log: file already closed
zerolog: could not write event: write experiment-output/0004/slave-031/client-175.log: file already closed
zerolog: could not write event: write experiment-output/0004/slave-031/client-144.log: file already closed
zerolog: could not write event: write experiment-output/0004/slave-031/client-144.log: file already closed
zerolog: could not write event: write experiment-output/0004/slave-031/client-175.log: file already closed
zerolog: could not write event: write experiment-output/0004/slave-031/client-175.log: file already closed
zerolog: could not write event: write experiment-output/0004/slave-031/client-132.log: file already closed
zerolog: could not write event: write experiment-output/0004/slave-031/client-182.log: file already closed
zerolog: could not write event: write experiment-output/0004/slave-031/client-182.log: file already closed
zerolog: could not write event: write experiment-output/0004/slave-031/client-134.log: file already closed
zerolog: could not write event: write experiment-output/0004/slave-031/client-132.log: file already closed
zerolog: could not write event: write experiment-output/0004/slave-031/client-134.log: file already closed
zerolog: could not write event: write experiment-output/0004/slave-031/client-132.log: file already closed
zerolog: could not write event: write experiment-output/0004/slave-031/client-131.log: file already closed
zerolog: could not write event: write experiment-output/0004/slave-031/client-131.log: file already closed
zerolog: could not write event: write experiment-output/0004/slave-031/client-128.log: file already closed
zerolog: could not write event: write experiment-output/0004/slave-031/client-160.log: file already closed
zerolog: could not write event: write experiment-output/0004/slave-031/client-131.log: file already closed
zerolog: could not write event: write experiment-output/0004/slave-031/client-128.log: file already closed
zerolog: could not write event: write experiment-output/0004/slave-031/client-128.log: file already closed
zerolog: could not write event: write experiment-output/0004/slave-031/client-160.log: file already closed
zerolog: could not write event: write experiment-output/0004/slave-031/client-160.log: file already closed
zerolog: could not write event: write experiment-output/0004/slave-031/client-160.log: file already closed
zerolog: could not write event: write experiment-output/0004/slave-031/client-131.log: file already closed
zerolog: could not write event: write experiment-output/0004/slave-031/client-128.log: file already closed
10:12:44.207 INF Profile data written. filename=experiment-output/0004/slave-031/prof-client.cpu name=cpu
zerolog: could not write event: write experiment-output/0004/slave-031/client-134.log: file already closed
zerolog: could not write event: write experiment-output/0004/slave-031/client-144.log: file already closed
zerolog: could not write event: write experiment-output/0004/slave-031/client-175.log: file already closed
zerolog: could not write event: write experiment-output/0004/slave-031/client-134.log: file already closed
zerolog: could not write event: write experiment-output/0004/slave-031/client-175.log: file already closed
zerolog: could not write event: write experiment-output/0004/slave-031/client-134.log: file already closed
zerolog: could not write event: write experiment-output/0004/slave-031/client-182.log: file already closed
zerolog: could not write event: write experiment-output/0004/slave-031/client-134.log: file already closed
zerolog: could not write event: write experiment-output/0004/slave-031/client-132.log: file already closed
zerolog: could not write event: write experiment-output/0004/slave-031/client-132.log: file already closed
zerolog: could not write event: write experiment-output/0004/slave-031/client-175.log: file already closed
zerolog: could not write event: write experiment-output/0004/slave-031/client-132.log: file already closed
zerolog: could not write event: write experiment-output/0004/slave-031/client-144.log: file already closed
10:12:44.216 INF Profile data written. filename=experiment-output/0004/slave-031/prof-client.block name=block
