{"level":"debug","Logging":"info","time":"2023-03-26T05:51:32Z","message":"Config"}
{"level":"debug","UseTLS":false,"time":"2023-03-26T05:51:32Z","message":"Config"}
{"level":"debug","CACertFile":"tls-data/ca.pem","time":"2023-03-26T05:51:32Z","message":"Config"}
{"level":"debug","KeyFile":"tls-data/auth.key","time":"2023-03-26T05:51:32Z","message":"Config"}
{"level":"debug","CertFile":"tls-data/auth.pem","time":"2023-03-26T05:51:32Z","message":"Config"}
{"level":"debug","PriorityConnections":2,"time":"2023-03-26T05:51:32Z","message":"Config"}
{"level":"debug","BasicConnections":1,"time":"2023-03-26T05:51:32Z","message":"Config"}
{"level":"debug","TestConnections":false,"time":"2023-03-26T05:51:32Z","message":"Config"}
{"level":"debug","ExcessConnections":1,"time":"2023-03-26T05:51:32Z","message":"Config"}
{"level":"debug","ConnectionTestMsgs":4,"time":"2023-03-26T05:51:32Z","message":"Config"}
{"level":"debug","ConnectionTestPayload":131072,"time":"2023-03-26T05:51:32Z","message":"Config"}
{"level":"debug","OutMessageBufsize":1024,"time":"2023-03-26T05:51:32Z","message":"Config"}
{"level":"debug","OutMessageBufsize":4,"time":"2023-03-26T05:51:32Z","message":"Config"}
{"level":"debug","ThroughputCap":131072000,"time":"2023-03-26T05:51:32Z","message":"Config"}
{"level":"debug","StragglerTolerance":1000,"time":"2023-03-26T05:51:32Z","message":"Config"}
{"level":"debug","BatchSizeIncrement":256,"time":"2023-03-26T05:51:32Z","message":"Config"}
{"level":"debug","Orderer":"Pbft","time":"2023-03-26T05:51:32Z","message":"Config"}
{"level":"debug","Manager":"Mir","time":"2023-03-26T05:51:32Z","message":"Config"}
{"level":"debug","Failures":0,"time":"2023-03-26T05:51:32Z","message":"Config"}
{"level":"debug","StragglerCnt":0,"time":"2023-03-26T05:51:32Z","message":"Config"}
{"level":"debug","CrashTiming":"Straggler","time":"2023-03-26T05:51:32Z","message":"Config"}
{"level":"debug","CheckpointInterval":2048,"time":"2023-03-26T05:51:32Z","message":"Config"}
{"level":"debug","WatermarkWindowSize":2048,"time":"2023-03-26T05:51:32Z","message":"Config"}
{"level":"debug","EpochLength":2048,"time":"2023-03-26T05:51:32Z","message":"Config"}
{"level":"debug","SegmentLength":128,"time":"2023-03-26T05:51:32Z","message":"Config"}
{"level":"debug","WaitForCheckpoints":true,"time":"2023-03-26T05:51:32Z","message":"Config"}
{"level":"debug","ClientWatermarkWindowSize":49152,"time":"2023-03-26T05:51:32Z","message":"Config"}
{"level":"debug","ClientRequestBacklogSize":49152,"time":"2023-03-26T05:51:32Z","message":"Config"}
{"level":"debug","RandomSeed":4907,"time":"2023-03-26T05:51:32Z","message":"Config"}
{"level":"debug","NodeToLeaderRatio":1,"time":"2023-03-26T05:51:32Z","message":"Config"}
{"level":"debug","LeaderPolicy":"Simple","time":"2023-03-26T05:51:32Z","message":"Config"}
{"level":"debug","DefaultLeaderBan":2,"time":"2023-03-26T05:51:32Z","message":"Config"}
{"level":"debug","NumBuckets":256,"time":"2023-03-26T05:51:32Z","message":"Config"}
{"level":"debug","BatchSize":1000,"time":"2023-03-26T05:51:32Z","message":"Config"}
{"level":"debug","DisabledViewChange":false,"time":"2023-03-26T05:51:32Z","message":"Config"}
{"level":"debug","ViewChangeTimeout":60000,"time":"2023-03-26T05:51:32Z","message":"Config"}
{"level":"debug","ClientTraceSampling":10,"time":"2023-03-26T05:51:32Z","message":"Config"}
{"level":"debug","EventBufferSize":2097152,"time":"2023-03-26T05:51:32Z","message":"Config"}
{"level":"debug","TraceSampling":1,"time":"2023-03-26T05:51:32Z","message":"Config"}
{"level":"debug","ClientsPerProcess":8,"time":"2023-03-26T05:51:32Z","message":"Config"}
{"level":"debug","RequestsPerClient":8203,"time":"2023-03-26T05:51:32Z","message":"Config"}
{"level":"debug","ClientRunTime":15000,"time":"2023-03-26T05:51:32Z","message":"Config"}
{"level":"debug","RequestRate":273,"time":"2023-03-26T05:51:32Z","message":"Config"}
{"level":"debug","HardRequestRateLimit":false,"time":"2023-03-26T05:51:32Z","message":"Config"}
{"level":"debug","RequestPayloadSize":500,"time":"2023-03-26T05:51:32Z","message":"Config"}
{"level":"debug","SignRequests":true,"time":"2023-03-26T05:51:32Z","message":"Config"}
{"level":"debug","ClientPrivKeyFile":"tls-data/client-ecdsa-256.key","time":"2023-03-26T05:51:32Z","message":"Config"}
{"level":"debug","ClientPubKeyFile":"tls-data/client-ecdsa-256.pem","time":"2023-03-26T05:51:32Z","message":"Config"}
{"level":"debug","PrecomputeRequests":false,"time":"2023-03-26T05:51:32Z","message":"Config"}
{"level":"debug","RequestHandlerThreads":32,"time":"2023-03-26T05:51:32Z","message":"Config"}
{"level":"debug","RequestInputChannelBuffer":8192,"time":"2023-03-26T05:51:32Z","message":"Config"}
{"level":"debug","BatchVerifier":"external","time":"2023-03-26T05:51:32Z","message":"Config"}
05:51:32.369 INF Started Profiler: CPU
05:51:32.369 INF Started Profiler: BLOCK
05:51:32.369 INF Started Profiler: MUTEX
05:51:32.369 INF Starting clients. numClients=8 numRequests=8203
05:51:32.369 INF Initilizing clients.
05:51:32.649 INF Registared with discovery server. numOrderers=16 ownClientId=75
05:51:32.650 INF Registared with discovery server. numOrderers=16 ownClientId=78
05:51:32.649 INF Registared with discovery server. numOrderers=16 ownClientId=74
05:51:32.649 INF Registared with discovery server. numOrderers=16 ownClientId=79
05:51:32.650 INF Registared with discovery server. numOrderers=16 ownClientId=76
05:51:32.650 INF Registared with discovery server. numOrderers=16 ownClientId=87
05:51:32.650 INF Registared with discovery server. numOrderers=16 ownClientId=94
05:51:32.650 INF Registared with discovery server. numOrderers=16 ownClientId=106
05:51:32.650 INF Clients initialized.
05:51:32.650 INF Launching clients.
05:51:32.650 INF Waiting for clients.
05:52:08.057 INF Stopping Tracer. events=1650 fileName=experiment-output/0002/slave-030/client-078.trc
zerolog: could not write event: write experiment-output/0002/slave-030/client-078.log: file already closed
zerolog: could not write event: write experiment-output/0002/slave-030/client-078.log: file already closed
zerolog: could not write event: write experiment-output/0002/slave-030/client-078.log: file already closed
zerolog: could not write event: write experiment-output/0002/slave-030/client-078.log: file already closed
05:52:08.059 INF Trace data written.
05:52:08.105 INF Stopping Tracer. events=2512 fileName=experiment-output/0002/slave-030/client-075.trc
zerolog: could not write event: write experiment-output/0002/slave-030/client-075.log: file already closed
zerolog: could not write event: write experiment-output/0002/slave-030/client-075.log: file already closed
zerolog: could not write event: write experiment-output/0002/slave-030/client-075.log: file already closed
zerolog: could not write event: write experiment-output/0002/slave-030/client-075.log: file already closed
05:52:08.106 INF Stopping Tracer. events=1650 fileName=experiment-output/0002/slave-030/client-106.trc
zerolog: could not write event: write experiment-output/0002/slave-030/client-106.log: file already closed
zerolog: could not write event: write experiment-output/0002/slave-030/client-106.log: file already closed
zerolog: could not write event: write experiment-output/0002/slave-030/client-106.log: file already closed
zerolog: could not write event: write experiment-output/0002/slave-030/client-106.log: file already closed
05:52:08.108 INF Trace data written.
05:52:08.109 INF Trace data written.
05:52:08.114 INF Stopping Tracer. events=1647 fileName=experiment-output/0002/slave-030/client-094.trc
05:52:08.114 INF Stopping Tracer. events=1650 fileName=experiment-output/0002/slave-030/client-076.trc
zerolog: could not write event: write experiment-output/0002/slave-030/client-094.log: file already closed
zerolog: could not write event: write experiment-output/0002/slave-030/client-094.log: file already closed
zerolog: could not write event: write experiment-output/0002/slave-030/client-094.log: file already closed
zerolog: could not write event: write experiment-output/0002/slave-030/client-094.log: file already closed
zerolog: could not write event: write experiment-output/0002/slave-030/client-076.log: file already closed
zerolog: could not write event: write experiment-output/0002/slave-030/client-076.log: file already closed
zerolog: could not write event: write experiment-output/0002/slave-030/client-076.log: file already closed
zerolog: could not write event: write experiment-output/0002/slave-030/client-076.log: file already closed
05:52:08.116 INF Stopping Tracer. events=2450 fileName=experiment-output/0002/slave-030/client-079.trc
zerolog: could not write event: write experiment-output/0002/slave-030/client-079.log: file already closed
zerolog: could not write event: write experiment-output/0002/slave-030/client-079.log: file already closed
05:52:08.116 INF Stopping Tracer. events=2426 fileName=experiment-output/0002/slave-030/client-087.trc
zerolog: could not write event: write experiment-output/0002/slave-030/client-079.log: file already closed
zerolog: could not write event: write experiment-output/0002/slave-030/client-079.log: file already closed
zerolog: could not write event: write experiment-output/0002/slave-030/client-087.log: file already closed
zerolog: could not write event: write experiment-output/0002/slave-030/client-087.log: file already closed
zerolog: could not write event: write experiment-output/0002/slave-030/client-087.log: file already closed
zerolog: could not write event: write experiment-output/0002/slave-030/client-087.log: file already closed
05:52:08.118 INF Trace data written.
05:52:08.118 INF Trace data written.
05:52:08.118 INF Stopping Tracer. events=1653 fileName=experiment-output/0002/slave-030/client-074.trc
zerolog: could not write event: write experiment-output/0002/slave-030/client-074.log: file already closed
zerolog: could not write event: write experiment-output/0002/slave-030/client-074.log: file already closed
zerolog: could not write event: write experiment-output/0002/slave-030/client-074.log: file already closed
zerolog: could not write event: write experiment-output/0002/slave-030/client-074.log: file already closed
05:52:08.121 INF Trace data written.
05:52:08.122 INF Trace data written.
05:52:08.122 INF Trace data written.
05:52:08.122 INF Done.
05:52:08.122 INF Stopping profiler.
zerolog: could not write event: write experiment-output/0002/slave-030/client-078.log: file already closed
zerolog: could not write event: write experiment-output/0002/slave-030/client-078.log: file already closed
zerolog: could not write event: write experiment-output/0002/slave-030/client-078.log: file already closed
zerolog: could not write event: write experiment-output/0002/slave-030/client-078.log: file already closed
zerolog: could not write event: write experiment-output/0002/slave-030/client-075.log: file already closed
zerolog: could not write event: write experiment-output/0002/slave-030/client-075.log: file already closed
zerolog: could not write event: write experiment-output/0002/slave-030/client-075.log: file already closed
zerolog: could not write event: write experiment-output/0002/slave-030/client-075.log: file already closed
zerolog: could not write event: write experiment-output/0002/slave-030/client-106.log: file already closed
zerolog: could not write event: write experiment-output/0002/slave-030/client-106.log: file already closed
zerolog: could not write event: write experiment-output/0002/slave-030/client-106.log: file already closed
zerolog: could not write event: write experiment-output/0002/slave-030/client-106.log: file already closed
zerolog: could not write event: write experiment-output/0002/slave-030/client-094.log: file already closed
zerolog: could not write event: write experiment-output/0002/slave-030/client-094.log: file already closed
zerolog: could not write event: write experiment-output/0002/slave-030/client-076.log: file already closed
zerolog: could not write event: write experiment-output/0002/slave-030/client-076.log: file already closed
zerolog: could not write event: write experiment-output/0002/slave-030/client-076.log: file already closed
zerolog: could not write event: write experiment-output/0002/slave-030/client-076.log: file already closed
zerolog: could not write event: write experiment-output/0002/slave-030/client-094.log: file already closed
zerolog: could not write event: write experiment-output/0002/slave-030/client-094.log: file already closed
zerolog: could not write event: write experiment-output/0002/slave-030/client-079.log: file already closed
zerolog: could not write event: write experiment-output/0002/slave-030/client-079.log: file already closed
zerolog: could not write event: write experiment-output/0002/slave-030/client-079.log: file already closed
zerolog: could not write event: write experiment-output/0002/slave-030/client-079.log: file already closed
zerolog: could not write event: write experiment-output/0002/slave-030/client-087.log: file already closed
zerolog: could not write event: write experiment-output/0002/slave-030/client-087.log: file already closed
zerolog: could not write event: write experiment-output/0002/slave-030/client-087.log: file already closed
zerolog: could not write event: write experiment-output/0002/slave-030/client-087.log: file already closed
zerolog: could not write event: write experiment-output/0002/slave-030/client-074.log: file already closed
zerolog: could not write event: write experiment-output/0002/slave-030/client-074.log: file already closed
zerolog: could not write event: write experiment-output/0002/slave-030/client-074.log: file already closed
zerolog: could not write event: write experiment-output/0002/slave-030/client-074.log: file already closed
zerolog: could not write event: write experiment-output/0002/slave-030/client-078.log: file already closed
zerolog: could not write event: write experiment-output/0002/slave-030/client-078.log: file already closed
zerolog: could not write event: write experiment-output/0002/slave-030/client-078.log: file already closed
zerolog: could not write event: write experiment-output/0002/slave-030/client-078.log: file already closed
05:52:08.314 INF Profile data written. filename=experiment-output/0002/slave-030/prof-client.cpu name=cpu
zerolog: could not write event: write experiment-output/0002/slave-030/client-075.log: file already closed
zerolog: could not write event: write experiment-output/0002/slave-030/client-106.log: file already closed
zerolog: could not write event: write experiment-output/0002/slave-030/client-106.log: file already closed
zerolog: could not write event: write experiment-output/0002/slave-030/client-075.log: file already closed
zerolog: could not write event: write experiment-output/0002/slave-030/client-075.log: file already closed
zerolog: could not write event: write experiment-output/0002/slave-030/client-075.log: file already closed
zerolog: could not write event: write experiment-output/0002/slave-030/client-106.log: file already closed
zerolog: could not write event: write experiment-output/0002/slave-030/client-106.log: file already closed
zerolog: could not write event: write experiment-output/0002/slave-030/client-076.log: file already closed
zerolog: could not write event: write experiment-output/0002/slave-030/client-094.log: file already closed
zerolog: could not write event: write experiment-output/0002/slave-030/client-094.log: file already closed
zerolog: could not write event: write experiment-output/0002/slave-030/client-076.log: file already closed
zerolog: could not write event: write experiment-output/0002/slave-030/client-094.log: file already closed
zerolog: could not write event: write experiment-output/0002/slave-030/client-076.log: file already closed
zerolog: could not write event: write experiment-output/0002/slave-030/client-087.log: file already closed
zerolog: could not write event: write experiment-output/0002/slave-030/client-094.log: file already closed
zerolog: could not write event: write experiment-output/0002/slave-030/client-079.log: file already closed
zerolog: could not write event: write experiment-output/0002/slave-030/client-079.log: file already closed
05:52:08.330 INF Profile data written. filename=experiment-output/0002/slave-030/prof-client.block name=block
zerolog: could not write event: write experiment-output/0002/slave-030/client-076.log: file already closed
zerolog: could not write event: write experiment-output/0002/slave-030/client-079.log: file already closed
zerolog: could not write event: write experiment-output/0002/slave-030/client-087.log: file already closed
zerolog: could not write event: write experiment-output/0002/slave-030/client-087.log: file already closed
zerolog: could not write event: write experiment-output/0002/slave-030/client-087.log: file already closed
zerolog: could not write event: write experiment-output/0002/slave-030/client-079.log: file already closed
zerolog: could not write event: write experiment-output/0002/slave-030/client-074.log: file already closed
zerolog: could not write event: write experiment-output/0002/slave-030/client-074.log: file already closed
zerolog: could not write event: write experiment-output/0002/slave-030/client-074.log: file already closed
zerolog: could not write event: write experiment-output/0002/slave-030/client-074.log: file already closed
zerolog: could not write event: write experiment-output/0002/slave-030/client-078.log: file already closed
zerolog: could not write event: write experiment-output/0002/slave-030/client-078.log: file already closed
zerolog: could not write event: write experiment-output/0002/slave-030/client-078.log: file already closed
zerolog: could not write event: write experiment-output/0002/slave-030/client-078.log: file already closed
05:52:08.335 INF Profile data written. filename=experiment-output/0002/slave-030/prof-client.mutex name=mutex
