{"level":"debug","Logging":"info","time":"2023-07-15T14:53:59Z","message":"Config"}
{"level":"debug","UseTLS":false,"time":"2023-07-15T14:53:59Z","message":"Config"}
{"level":"debug","CACertFile":"tls-data/ca.pem","time":"2023-07-15T14:53:59Z","message":"Config"}
{"level":"debug","KeyFile":"tls-data/auth.key","time":"2023-07-15T14:53:59Z","message":"Config"}
{"level":"debug","CertFile":"tls-data/auth.pem","time":"2023-07-15T14:53:59Z","message":"Config"}
{"level":"debug","PriorityConnections":2,"time":"2023-07-15T14:53:59Z","message":"Config"}
{"level":"debug","BasicConnections":1,"time":"2023-07-15T14:53:59Z","message":"Config"}
{"level":"debug","TestConnections":false,"time":"2023-07-15T14:53:59Z","message":"Config"}
{"level":"debug","ExcessConnections":1,"time":"2023-07-15T14:53:59Z","message":"Config"}
{"level":"debug","ConnectionTestMsgs":4,"time":"2023-07-15T14:53:59Z","message":"Config"}
{"level":"debug","ConnectionTestPayload":131072,"time":"2023-07-15T14:53:59Z","message":"Config"}
{"level":"debug","OutMessageBufsize":1024,"time":"2023-07-15T14:53:59Z","message":"Config"}
{"level":"debug","OutMessageBufsize":4,"time":"2023-07-15T14:53:59Z","message":"Config"}
{"level":"debug","ThroughputCap":131072000,"time":"2023-07-15T14:53:59Z","message":"Config"}
{"level":"debug","StragglerTolerance":1000,"time":"2023-07-15T14:53:59Z","message":"Config"}
{"level":"debug","BatchSizeIncrement":256,"time":"2023-07-15T14:53:59Z","message":"Config"}
{"level":"debug","Orderer":"HotStuff","time":"2023-07-15T14:53:59Z","message":"Config"}
{"level":"debug","Manager":"Mir","time":"2023-07-15T14:53:59Z","message":"Config"}
{"level":"debug","Failures":0,"time":"2023-07-15T14:53:59Z","message":"Config"}
{"level":"debug","StragglerCnt":2,"time":"2023-07-15T14:53:59Z","message":"Config"}
{"level":"debug","CrashTiming":"Straggler","time":"2023-07-15T14:53:59Z","message":"Config"}
{"level":"debug","CheckpointInterval":512,"time":"2023-07-15T14:53:59Z","message":"Config"}
{"level":"debug","WatermarkWindowSize":512,"time":"2023-07-15T14:53:59Z","message":"Config"}
{"level":"debug","EpochLength":512,"time":"2023-07-15T14:53:59Z","message":"Config"}
{"level":"debug","SegmentLength":32,"time":"2023-07-15T14:53:59Z","message":"Config"}
{"level":"debug","WaitForCheckpoints":true,"time":"2023-07-15T14:53:59Z","message":"Config"}
{"level":"debug","ClientWatermarkWindowSize":16384,"time":"2023-07-15T14:53:59Z","message":"Config"}
{"level":"debug","ClientRequestBacklogSize":16384,"time":"2023-07-15T14:53:59Z","message":"Config"}
{"level":"debug","RandomSeed":25895,"time":"2023-07-15T14:53:59Z","message":"Config"}
{"level":"debug","NodeToLeaderRatio":1,"time":"2023-07-15T14:53:59Z","message":"Config"}
{"level":"debug","LeaderPolicy":"Simple","time":"2023-07-15T14:53:59Z","message":"Config"}
{"level":"debug","DefaultLeaderBan":2,"time":"2023-07-15T14:53:59Z","message":"Config"}
{"level":"debug","NumBuckets":256,"time":"2023-07-15T14:53:59Z","message":"Config"}
{"level":"debug","BatchSize":2000,"time":"2023-07-15T14:53:59Z","message":"Config"}
{"level":"debug","DisabledViewChange":false,"time":"2023-07-15T14:53:59Z","message":"Config"}
{"level":"debug","ViewChangeTimeout":60000,"time":"2023-07-15T14:53:59Z","message":"Config"}
{"level":"debug","ClientTraceSampling":10,"time":"2023-07-15T14:53:59Z","message":"Config"}
{"level":"debug","EventBufferSize":2097152,"time":"2023-07-15T14:53:59Z","message":"Config"}
{"level":"debug","TraceSampling":1,"time":"2023-07-15T14:53:59Z","message":"Config"}
{"level":"debug","ClientsPerProcess":8,"time":"2023-07-15T14:53:59Z","message":"Config"}
{"level":"debug","RequestsPerClient":4101,"time":"2023-07-15T14:53:59Z","message":"Config"}
{"level":"debug","ClientRunTime":15000,"time":"2023-07-15T14:53:59Z","message":"Config"}
{"level":"debug","RequestRate":136,"time":"2023-07-15T14:53:59Z","message":"Config"}
{"level":"debug","HardRequestRateLimit":false,"time":"2023-07-15T14:53:59Z","message":"Config"}
{"level":"debug","RequestPayloadSize":500,"time":"2023-07-15T14:53:59Z","message":"Config"}
{"level":"debug","SignRequests":true,"time":"2023-07-15T14:53:59Z","message":"Config"}
{"level":"debug","ClientPrivKeyFile":"tls-data/client-ecdsa-256.key","time":"2023-07-15T14:53:59Z","message":"Config"}
{"level":"debug","ClientPubKeyFile":"tls-data/client-ecdsa-256.pem","time":"2023-07-15T14:53:59Z","message":"Config"}
{"level":"debug","PrecomputeRequests":false,"time":"2023-07-15T14:53:59Z","message":"Config"}
{"level":"debug","RequestHandlerThreads":32,"time":"2023-07-15T14:53:59Z","message":"Config"}
{"level":"debug","RequestInputChannelBuffer":8192,"time":"2023-07-15T14:53:59Z","message":"Config"}
{"level":"debug","BatchVerifier":"external","time":"2023-07-15T14:53:59Z","message":"Config"}
14:53:59.895 INF Started Profiler: CPU
14:53:59.895 INF Started Profiler: BLOCK
14:53:59.895 INF Started Profiler: MUTEX
14:53:59.895 INF Starting clients. numClients=8 numRequests=4101
14:53:59.895 INF Initilizing clients.
14:54:00.173 INF Registared with discovery server. numOrderers=16 ownClientId=44
14:54:00.204 INF Registared with discovery server. numOrderers=16 ownClientId=94
14:54:00.205 INF Registared with discovery server. numOrderers=16 ownClientId=110
14:54:00.213 INF Registared with discovery server. numOrderers=16 ownClientId=129
14:54:00.217 INF Registared with discovery server. numOrderers=16 ownClientId=207
14:54:00.220 INF Registared with discovery server. numOrderers=16 ownClientId=172
14:54:00.225 INF Registared with discovery server. numOrderers=16 ownClientId=186
14:54:00.230 INF Registared with discovery server. numOrderers=16 ownClientId=208
14:54:00.230 INF Clients initialized.
14:54:00.230 INF Launching clients.
14:54:00.230 INF Waiting for clients.
14:55:52.854 INF Stopping Tracer. events=825 fileName=experiment-output/0001/slave-036/client-172.trc
14:55:52.856 INF Trace data written.
14:55:52.886 INF Stopping Tracer. events=827 fileName=experiment-output/0001/slave-036/client-110.trc
14:55:52.886 INF Stopping Tracer. events=828 fileName=experiment-output/0001/slave-036/client-186.trc
14:55:52.887 INF Trace data written.
14:55:52.887 INF Trace data written.
14:55:52.899 INF Stopping Tracer. events=825 fileName=experiment-output/0001/slave-036/client-208.trc
14:55:52.899 INF Stopping Tracer. events=829 fileName=experiment-output/0001/slave-036/client-094.trc
14:55:52.901 INF Trace data written.
14:55:52.901 INF Trace data written.
14:55:52.907 INF Stopping Tracer. events=1261 fileName=experiment-output/0001/slave-036/client-207.trc
14:55:52.909 INF Trace data written.
14:55:52.919 INF Stopping Tracer. events=1233 fileName=experiment-output/0001/slave-036/client-129.trc
14:55:52.921 INF Trace data written.
14:55:52.923 INF Stopping Tracer. events=830 fileName=experiment-output/0001/slave-036/client-044.trc
14:55:52.925 INF Trace data written.
14:55:52.925 INF Done.
14:55:52.925 INF Stopping profiler.
14:55:52.945 INF Profile data written. filename=experiment-output/0001/slave-036/prof-client.block name=block
zerolog: could not write event: write experiment-output/0001/slave-036/client-172.log: file already closed
14:55:52.949 INF Profile data written. filename=experiment-output/0001/slave-036/prof-client.mutex name=mutex
zerolog: could not write event: write experiment-output/0001/slave-036/client-172.log: file already closed
zerolog: could not write event: write experiment-output/0001/slave-036/client-172.log: file already closed
zerolog: could not write event: write experiment-output/0001/slave-036/client-172.log: file already closed
zerolog: could not write event: write experiment-output/0001/slave-036/client-172.log: file already closed
zerolog: could not write event: write experiment-output/0001/slave-036/client-172.log: file already closed
zerolog: could not write event: write experiment-output/0001/slave-036/client-172.log: file already closed
zerolog: could not write event: write experiment-output/0001/slave-036/client-110.log: file already closed
zerolog: could not write event: write experiment-output/0001/slave-036/client-172.log: file already closed
zerolog: could not write event: write experiment-output/0001/slave-036/client-186.log: file already closed
zerolog: could not write event: write experiment-output/0001/slave-036/client-172.log: file already closed
zerolog: could not write event: write experiment-output/0001/slave-036/client-186.log: file already closed
zerolog: could not write event: write experiment-output/0001/slave-036/client-208.log: file already closed
zerolog: could not write event: write experiment-output/0001/slave-036/client-110.log: file already closed
zerolog: could not write event: write experiment-output/0001/slave-036/client-172.log: file already closed
zerolog: could not write event: write experiment-output/0001/slave-036/client-172.log: file already closed
zerolog: could not write event: write experiment-output/0001/slave-036/client-110.log: file already closed
zerolog: could not write event: write experiment-output/0001/slave-036/client-172.log: file already closed
zerolog: could not write event: write experiment-output/0001/slave-036/client-094.log: file already closed
zerolog: could not write event: write experiment-output/0001/slave-036/client-172.log: file already closed
zerolog: could not write event: write experiment-output/0001/slave-036/client-110.log: file already closed
zerolog: could not write event: write experiment-output/0001/slave-036/client-094.log: file already closed
zerolog: could not write event: write experiment-output/0001/slave-036/client-186.log: file already closed
zerolog: could not write event: write experiment-output/0001/slave-036/client-186.log: file already closed
zerolog: could not write event: write experiment-output/0001/slave-036/client-186.log: file already closed
zerolog: could not write event: write experiment-output/0001/slave-036/client-110.log: file already closed
zerolog: could not write event: write experiment-output/0001/slave-036/client-094.log: file already closed
zerolog: could not write event: write experiment-output/0001/slave-036/client-172.log: file already closed
zerolog: could not write event: write experiment-output/0001/slave-036/client-208.log: file already closed
zerolog: could not write event: write experiment-output/0001/slave-036/client-208.log: file already closed
zerolog: could not write event: write experiment-output/0001/slave-036/client-172.log: file already closed
zerolog: could not write event: write experiment-output/0001/slave-036/client-186.log: file already closed
zerolog: could not write event: write experiment-output/0001/slave-036/client-110.log: file already closed
zerolog: could not write event: write experiment-output/0001/slave-036/client-186.log: file already closed
zerolog: could not write event: write experiment-output/0001/slave-036/client-110.log: file already closed
zerolog: could not write event: write experiment-output/0001/slave-036/client-044.log: file already closed
zerolog: could not write event: write experiment-output/0001/slave-036/client-094.log: file already closed
zerolog: could not write event: write experiment-output/0001/slave-036/client-110.log: file already closed
zerolog: could not write event: write experiment-output/0001/slave-036/client-207.log: file already closed
zerolog: could not write event: write experiment-output/0001/slave-036/client-207.log: file already closed
zerolog: could not write event: write experiment-output/0001/slave-036/client-208.log: file already closed
zerolog: could not write event: write experiment-output/0001/slave-036/client-186.log: file already closed
zerolog: could not write event: write experiment-output/0001/slave-036/client-110.log: file already closed
zerolog: could not write event: write experiment-output/0001/slave-036/client-186.log: file already closed
zerolog: could not write event: write experiment-output/0001/slave-036/client-186.log: file already closed
zerolog: could not write event: write experiment-output/0001/slave-036/client-172.log: file already closed
zerolog: could not write event: write experiment-output/0001/slave-036/client-208.log: file already closed
zerolog: could not write event: write experiment-output/0001/slave-036/client-094.log: file already closed
zerolog: could not write event: write experiment-output/0001/slave-036/client-094.log: file already closed
zerolog: could not write event: write experiment-output/0001/slave-036/client-208.log: file already closed
zerolog: could not write event: write experiment-output/0001/slave-036/client-110.log: file already closed
zerolog: could not write event: write experiment-output/0001/slave-036/client-208.log: file already closed
zerolog: could not write event: write experiment-output/0001/slave-036/client-186.log: file already closed
zerolog: could not write event: write experiment-output/0001/slave-036/client-110.log: file already closed
zerolog: could not write event: write experiment-output/0001/slave-036/client-094.log: file already closed
zerolog: could not write event: write experiment-output/0001/slave-036/client-129.log: file already closed
zerolog: could not write event: write experiment-output/0001/slave-036/client-208.log: file already closed
zerolog: could not write event: write experiment-output/0001/slave-036/client-044.log: file already closed
zerolog: could not write event: write experiment-output/0001/slave-036/client-110.log: file already closed
zerolog: could not write event: write experiment-output/0001/slave-036/client-208.log: file already closed
zerolog: could not write event: write experiment-output/0001/slave-036/client-129.log: file already closed
zerolog: could not write event: write experiment-output/0001/slave-036/client-110.log: file already closed
zerolog: could not write event: write experiment-output/0001/slave-036/client-208.log: file already closed
zerolog: could not write event: write experiment-output/0001/slave-036/client-110.log: file already closed
zerolog: could not write event: write experiment-output/0001/slave-036/client-208.log: file already closed
zerolog: could not write event: write experiment-output/0001/slave-036/client-044.log: file already closed
zerolog: could not write event: write experiment-output/0001/slave-036/client-044.log: file already closed
zerolog: could not write event: write experiment-output/0001/slave-036/client-094.log: file already closed
zerolog: could not write event: write experiment-output/0001/slave-036/client-186.log: file already closed
zerolog: could not write event: write experiment-output/0001/slave-036/client-110.log: file already closed
zerolog: could not write event: write experiment-output/0001/slave-036/client-094.log: file already closed
zerolog: could not write event: write experiment-output/0001/slave-036/client-207.log: file already closed
zerolog: could not write event: write experiment-output/0001/slave-036/client-094.log: file already closed
zerolog: could not write event: write experiment-output/0001/slave-036/client-094.log: file already closed
zerolog: could not write event: write experiment-output/0001/slave-036/client-110.log: file already closed
zerolog: could not write event: write experiment-output/0001/slave-036/client-207.log: file already closed
zerolog: could not write event: write experiment-output/0001/slave-036/client-129.log: file already closed
zerolog: could not write event: write experiment-output/0001/slave-036/client-207.log: file already closed
zerolog: could not write event: write experiment-output/0001/slave-036/client-129.log: file already closed
zerolog: could not write event: write experiment-output/0001/slave-036/client-207.log: file already closed
zerolog: could not write event: write experiment-output/0001/slave-036/client-186.log: file already closed
zerolog: could not write event: write experiment-output/0001/slave-036/client-129.log: file already closed
zerolog: could not write event: write experiment-output/0001/slave-036/client-044.log: file already closed
zerolog: could not write event: write experiment-output/0001/slave-036/client-208.log: file already closed
zerolog: could not write event: write experiment-output/0001/slave-036/client-044.log: file already closed
zerolog: could not write event: write experiment-output/0001/slave-036/client-207.log: file already closed
zerolog: could not write event: write experiment-output/0001/slave-036/client-207.log: file already closed
zerolog: could not write event: write experiment-output/0001/slave-036/client-129.log: file already closed
zerolog: could not write event: write experiment-output/0001/slave-036/client-186.log: file already closed
zerolog: could not write event: write experiment-output/0001/slave-036/client-186.log: file already closed
zerolog: could not write event: write experiment-output/0001/slave-036/client-044.log: file already closed
zerolog: could not write event: write experiment-output/0001/slave-036/client-207.log: file already closed
zerolog: could not write event: write experiment-output/0001/slave-036/client-208.log: file already closed
zerolog: could not write event: write experiment-output/0001/slave-036/client-129.log: file already closed
zerolog: could not write event: write experiment-output/0001/slave-036/client-129.log: file already closed
zerolog: could not write event: write experiment-output/0001/slave-036/client-186.log: file already closed
zerolog: could not write event: write experiment-output/0001/slave-036/client-208.log: file already closed
zerolog: could not write event: write experiment-output/0001/slave-036/client-207.log: file already closed
zerolog: could not write event: write experiment-output/0001/slave-036/client-129.log: file already closed
zerolog: could not write event: write experiment-output/0001/slave-036/client-129.log: file already closed
zerolog: could not write event: write experiment-output/0001/slave-036/client-207.log: file already closed
zerolog: could not write event: write experiment-output/0001/slave-036/client-094.log: file already closed
zerolog: could not write event: write experiment-output/0001/slave-036/client-207.log: file already closed
zerolog: could not write event: write experiment-output/0001/slave-036/client-094.log: file already closed
zerolog: could not write event: write experiment-output/0001/slave-036/client-044.log: file already closed
zerolog: could not write event: write experiment-output/0001/slave-036/client-094.log: file already closed
zerolog: could not write event: write experiment-output/0001/slave-036/client-044.log: file already closed
zerolog: could not write event: write experiment-output/0001/slave-036/client-207.log: file already closed
zerolog: could not write event: write experiment-output/0001/slave-036/client-044.log: file already closed
zerolog: could not write event: write experiment-output/0001/slave-036/client-094.log: file already closed
zerolog: could not write event: write experiment-output/0001/slave-036/client-208.log: file already closed
zerolog: could not write event: write experiment-output/0001/slave-036/client-208.log: file already closed
zerolog: could not write event: write experiment-output/0001/slave-036/client-094.log: file already closed
zerolog: could not write event: write experiment-output/0001/slave-036/client-129.log: file already closed
zerolog: could not write event: write experiment-output/0001/slave-036/client-207.log: file already closed
zerolog: could not write event: write experiment-output/0001/slave-036/client-207.log: file already closed
zerolog: could not write event: write experiment-output/0001/slave-036/client-129.log: file already closed
zerolog: could not write event: write experiment-output/0001/slave-036/client-207.log: file already closed
zerolog: could not write event: write experiment-output/0001/slave-036/client-044.log: file already closed
zerolog: could not write event: write experiment-output/0001/slave-036/client-129.log: file already closed
zerolog: could not write event: write experiment-output/0001/slave-036/client-044.log: file already closed
zerolog: could not write event: write experiment-output/0001/slave-036/client-129.log: file already closed
zerolog: could not write event: write experiment-output/0001/slave-036/client-044.log: file already closed
zerolog: could not write event: write experiment-output/0001/slave-036/client-044.log: file already closed
zerolog: could not write event: write experiment-output/0001/slave-036/client-129.log: file already closed
zerolog: could not write event: write experiment-output/0001/slave-036/client-044.log: file already closed
zerolog: could not write event: write experiment-output/0001/slave-036/client-044.log: file already closed
zerolog: could not write event: write experiment-output/0001/slave-036/client-129.log: file already closed
14:55:53.060 INF Profile data written. filename=experiment-output/0001/slave-036/prof-client.cpu name=cpu
