{"level":"debug","Logging":"info","time":"2023-07-10T08:31:44Z","message":"Config"}
{"level":"debug","UseTLS":false,"time":"2023-07-10T08:31:44Z","message":"Config"}
{"level":"debug","CACertFile":"tls-data/ca.pem","time":"2023-07-10T08:31:44Z","message":"Config"}
{"level":"debug","KeyFile":"tls-data/auth.key","time":"2023-07-10T08:31:44Z","message":"Config"}
{"level":"debug","CertFile":"tls-data/auth.pem","time":"2023-07-10T08:31:44Z","message":"Config"}
{"level":"debug","PriorityConnections":2,"time":"2023-07-10T08:31:44Z","message":"Config"}
{"level":"debug","BasicConnections":1,"time":"2023-07-10T08:31:44Z","message":"Config"}
{"level":"debug","TestConnections":false,"time":"2023-07-10T08:31:44Z","message":"Config"}
{"level":"debug","ExcessConnections":1,"time":"2023-07-10T08:31:44Z","message":"Config"}
{"level":"debug","ConnectionTestMsgs":4,"time":"2023-07-10T08:31:44Z","message":"Config"}
{"level":"debug","ConnectionTestPayload":131072,"time":"2023-07-10T08:31:44Z","message":"Config"}
{"level":"debug","OutMessageBufsize":1024,"time":"2023-07-10T08:31:44Z","message":"Config"}
{"level":"debug","OutMessageBufsize":4,"time":"2023-07-10T08:31:44Z","message":"Config"}
{"level":"debug","ThroughputCap":131072000,"time":"2023-07-10T08:31:44Z","message":"Config"}
{"level":"debug","StragglerTolerance":1000,"time":"2023-07-10T08:31:44Z","message":"Config"}
{"level":"debug","BatchSizeIncrement":256,"time":"2023-07-10T08:31:44Z","message":"Config"}
{"level":"debug","Orderer":"Pbft","time":"2023-07-10T08:31:44Z","message":"Config"}
{"level":"debug","Manager":"Mir","time":"2023-07-10T08:31:44Z","message":"Config"}
{"level":"debug","Failures":0,"time":"2023-07-10T08:31:44Z","message":"Config"}
{"level":"debug","StragglerCnt":1,"time":"2023-07-10T08:31:44Z","message":"Config"}
{"level":"debug","PrivKeyCnt":10,"time":"2023-07-10T08:31:44Z","message":"Config"}
{"level":"debug","UseSig":false,"time":"2023-07-10T08:31:44Z","message":"Config"}
{"level":"debug","TnCheckpointCnt":3,"time":"2023-07-10T08:31:44Z","message":"Config"}
{"level":"debug","CrashTiming":"Straggler","time":"2023-07-10T08:31:44Z","message":"Config"}
{"level":"debug","CheckpointInterval":512,"time":"2023-07-10T08:31:44Z","message":"Config"}
{"level":"debug","WatermarkWindowSize":512,"time":"2023-07-10T08:31:44Z","message":"Config"}
{"level":"debug","EpochLength":512,"time":"2023-07-10T08:31:44Z","message":"Config"}
{"level":"debug","SegmentLength":32,"time":"2023-07-10T08:31:44Z","message":"Config"}
{"level":"debug","WaitForCheckpoints":true,"time":"2023-07-10T08:31:44Z","message":"Config"}
{"level":"debug","ClientWatermarkWindowSize":16384,"time":"2023-07-10T08:31:44Z","message":"Config"}
{"level":"debug","ClientRequestBacklogSize":16384,"time":"2023-07-10T08:31:44Z","message":"Config"}
{"level":"debug","RandomSeed":23916,"time":"2023-07-10T08:31:44Z","message":"Config"}
{"level":"debug","NodeToLeaderRatio":1,"time":"2023-07-10T08:31:44Z","message":"Config"}
{"level":"debug","LeaderPolicy":"Simple","time":"2023-07-10T08:31:44Z","message":"Config"}
{"level":"debug","DefaultLeaderBan":2,"time":"2023-07-10T08:31:44Z","message":"Config"}
{"level":"debug","NumBuckets":256,"time":"2023-07-10T08:31:44Z","message":"Config"}
{"level":"debug","BatchSize":2000,"time":"2023-07-10T08:31:44Z","message":"Config"}
{"level":"debug","DisabledViewChange":false,"time":"2023-07-10T08:31:44Z","message":"Config"}
{"level":"debug","ViewChangeTimeout":60000,"time":"2023-07-10T08:31:44Z","message":"Config"}
{"level":"debug","ClientTraceSampling":10,"time":"2023-07-10T08:31:44Z","message":"Config"}
{"level":"debug","EventBufferSize":2097152,"time":"2023-07-10T08:31:44Z","message":"Config"}
{"level":"debug","TraceSampling":1,"time":"2023-07-10T08:31:44Z","message":"Config"}
{"level":"debug","ClientsPerProcess":8,"time":"2023-07-10T08:31:44Z","message":"Config"}
{"level":"debug","RequestsPerClient":1171,"time":"2023-07-10T08:31:44Z","message":"Config"}
{"level":"debug","ClientRunTime":15000,"time":"2023-07-10T08:31:44Z","message":"Config"}
{"level":"debug","RequestRate":39,"time":"2023-07-10T08:31:44Z","message":"Config"}
{"level":"debug","HardRequestRateLimit":false,"time":"2023-07-10T08:31:44Z","message":"Config"}
{"level":"debug","RequestPayloadSize":500,"time":"2023-07-10T08:31:44Z","message":"Config"}
{"level":"debug","SignRequests":true,"time":"2023-07-10T08:31:44Z","message":"Config"}
{"level":"debug","ClientPrivKeyFile":"tls-data/client-ecdsa-256.key","time":"2023-07-10T08:31:44Z","message":"Config"}
{"level":"debug","ClientPubKeyFile":"tls-data/client-ecdsa-256.pem","time":"2023-07-10T08:31:44Z","message":"Config"}
{"level":"debug","PrecomputeRequests":false,"time":"2023-07-10T08:31:44Z","message":"Config"}
{"level":"debug","RequestHandlerThreads":32,"time":"2023-07-10T08:31:44Z","message":"Config"}
{"level":"debug","RequestInputChannelBuffer":8192,"time":"2023-07-10T08:31:44Z","message":"Config"}
{"level":"debug","BatchVerifier":"external","time":"2023-07-10T08:31:44Z","message":"Config"}
08:31:44.634 INF Started Profiler: CPU
08:31:44.634 INF Started Profiler: BLOCK
08:31:44.634 INF Started Profiler: MUTEX
08:31:44.634 INF Starting clients. numClients=8 numRequests=1171
08:31:44.634 INF Initilizing clients.
08:31:44.914 INF Registared with discovery server. numOrderers=16 ownClientId=32
08:31:44.924 INF Registared with discovery server. numOrderers=16 ownClientId=30
08:31:44.938 INF Registared with discovery server. numOrderers=16 ownClientId=57
08:31:44.952 INF Registared with discovery server. numOrderers=16 ownClientId=141
08:31:44.956 INF Registared with discovery server. numOrderers=16 ownClientId=102
08:31:44.963 INF Registared with discovery server. numOrderers=16 ownClientId=98
08:31:44.973 INF Registared with discovery server. numOrderers=16 ownClientId=126
08:31:44.981 INF Registared with discovery server. numOrderers=16 ownClientId=238
08:31:44.981 INF Clients initialized.
08:31:44.981 INF Launching clients.
08:31:44.981 INF Waiting for clients.
08:32:15.552 INF Stopping Tracer. events=428 fileName=experiment-output/0000/slave-001/client-098.trc
08:32:15.552 INF Trace data written.
08:32:15.557 INF Stopping Tracer. events=339 fileName=experiment-output/0000/slave-001/client-030.trc
08:32:15.557 INF Trace data written.
08:32:15.565 INF Stopping Tracer. events=307 fileName=experiment-output/0000/slave-001/client-126.trc
08:32:15.565 INF Trace data written.
08:32:15.575 INF Stopping Tracer. events=237 fileName=experiment-output/0000/slave-001/client-057.trc
08:32:15.576 INF Stopping Tracer. events=429 fileName=experiment-output/0000/slave-001/client-102.trc
08:32:15.576 INF Trace data written.
08:32:15.576 INF Trace data written.
08:32:15.581 INF Stopping Tracer. events=237 fileName=experiment-output/0000/slave-001/client-141.trc
08:32:15.582 INF Trace data written.
08:32:15.594 INF Stopping Tracer. events=381 fileName=experiment-output/0000/slave-001/client-032.trc
08:32:15.595 INF Trace data written.
08:32:15.617 INF Stopping Tracer. events=493 fileName=experiment-output/0000/slave-001/client-238.trc
08:32:15.618 INF Trace data written.
08:32:15.618 INF Done.
08:32:15.618 INF Stopping profiler.
zerolog: could not write event: write experiment-output/0000/slave-001/client-030.log: file already closed
zerolog: could not write event: write experiment-output/0000/slave-001/client-030.log: file already closed
zerolog: could not write event: write experiment-output/0000/slave-001/client-098.log: file already closed
zerolog: could not write event: write experiment-output/0000/slave-001/client-057.log: file already closed
zerolog: could not write event: write experiment-output/0000/slave-001/client-098.log: file already closed
zerolog: could not write event: write experiment-output/0000/slave-001/client-030.log: file already closed
zerolog: could not write event: write experiment-output/0000/slave-001/client-126.log: file already closed
08:32:15.640 INF Profile data written. filename=experiment-output/0000/slave-001/prof-client.block name=block
08:32:15.644 INF Profile data written. filename=experiment-output/0000/slave-001/prof-client.mutex name=mutex
zerolog: could not write event: write experiment-output/0000/slave-001/client-126.log: file already closed
zerolog: could not write event: write experiment-output/0000/slave-001/client-030.log: file already closed
zerolog: could not write event: write experiment-output/0000/slave-001/client-098.log: file already closed
zerolog: could not write event: write experiment-output/0000/slave-001/client-057.log: file already closed
zerolog: could not write event: write experiment-output/0000/slave-001/client-098.log: file already closed
zerolog: could not write event: write experiment-output/0000/slave-001/client-098.log: file already closed
zerolog: could not write event: write experiment-output/0000/slave-001/client-098.log: file already closed
zerolog: could not write event: write experiment-output/0000/slave-001/client-098.log: file already closed
zerolog: could not write event: write experiment-output/0000/slave-001/client-030.log: file already closed
zerolog: could not write event: write experiment-output/0000/slave-001/client-098.log: file already closed
zerolog: could not write event: write experiment-output/0000/slave-001/client-098.log: file already closed
zerolog: could not write event: write experiment-output/0000/slave-001/client-126.log: file already closed
zerolog: could not write event: write experiment-output/0000/slave-001/client-030.log: file already closed
zerolog: could not write event: write experiment-output/0000/slave-001/client-057.log: file already closed
zerolog: could not write event: write experiment-output/0000/slave-001/client-030.log: file already closed
zerolog: could not write event: write experiment-output/0000/slave-001/client-057.log: file already closed
zerolog: could not write event: write experiment-output/0000/slave-001/client-098.log: file already closed
zerolog: could not write event: write experiment-output/0000/slave-001/client-098.log: file already closed
zerolog: could not write event: write experiment-output/0000/slave-001/client-030.log: file already closed
zerolog: could not write event: write experiment-output/0000/slave-001/client-102.log: file already closed
zerolog: could not write event: write experiment-output/0000/slave-001/client-098.log: file already closed
zerolog: could not write event: write experiment-output/0000/slave-001/client-141.log: file already closed
zerolog: could not write event: write experiment-output/0000/slave-001/client-030.log: file already closed
zerolog: could not write event: write experiment-output/0000/slave-001/client-141.log: file already closed
zerolog: could not write event: write experiment-output/0000/slave-001/client-141.log: file already closed
zerolog: could not write event: write experiment-output/0000/slave-001/client-126.log: file already closed
zerolog: could not write event: write experiment-output/0000/slave-001/client-126.log: file already closed
zerolog: could not write event: write experiment-output/0000/slave-001/client-102.log: file already closed
zerolog: could not write event: write experiment-output/0000/slave-001/client-030.log: file already closed
zerolog: could not write event: write experiment-output/0000/slave-001/client-030.log: file already closed
zerolog: could not write event: write experiment-output/0000/slave-001/client-126.log: file already closed
zerolog: could not write event: write experiment-output/0000/slave-001/client-098.log: file already closed
zerolog: could not write event: write experiment-output/0000/slave-001/client-030.log: file already closed
zerolog: could not write event: write experiment-output/0000/slave-001/client-030.log: file already closed
zerolog: could not write event: write experiment-output/0000/slave-001/client-032.log: file already closed
zerolog: could not write event: write experiment-output/0000/slave-001/client-126.log: file already closed
zerolog: could not write event: write experiment-output/0000/slave-001/client-030.log: file already closed
zerolog: could not write event: write experiment-output/0000/slave-001/client-141.log: file already closed
zerolog: could not write event: write experiment-output/0000/slave-001/client-141.log: file already closed
zerolog: could not write event: write experiment-output/0000/slave-001/client-102.log: file already closed
zerolog: could not write event: write experiment-output/0000/slave-001/client-098.log: file already closed
zerolog: could not write event: write experiment-output/0000/slave-001/client-057.log: file already closed
zerolog: could not write event: write experiment-output/0000/slave-001/client-102.log: file already closed
zerolog: could not write event: write experiment-output/0000/slave-001/client-057.log: file already closed
zerolog: could not write event: write experiment-output/0000/slave-001/client-098.log: file already closed
zerolog: could not write event: write experiment-output/0000/slave-001/client-141.log: file already closed
zerolog: could not write event: write experiment-output/0000/slave-001/client-141.log: file already closed
zerolog: could not write event: write experiment-output/0000/slave-001/client-057.log: file already closed
zerolog: could not write event: write experiment-output/0000/slave-001/client-098.log: file already closed
zerolog: could not write event: write experiment-output/0000/slave-001/client-102.log: file already closed
zerolog: could not write event: write experiment-output/0000/slave-001/client-126.log: file already closed
zerolog: could not write event: write experiment-output/0000/slave-001/client-126.log: file already closed
zerolog: could not write event: write experiment-output/0000/slave-001/client-126.log: file already closed
zerolog: could not write event: write experiment-output/0000/slave-001/client-102.log: file already closed
zerolog: could not write event: write experiment-output/0000/slave-001/client-030.log: file already closed
zerolog: could not write event: write experiment-output/0000/slave-001/client-102.log: file already closed
zerolog: could not write event: write experiment-output/0000/slave-001/client-141.log: file already closed
zerolog: could not write event: write experiment-output/0000/slave-001/client-032.log: file already closed
zerolog: could not write event: write experiment-output/0000/slave-001/client-102.log: file already closed
zerolog: could not write event: write experiment-output/0000/slave-001/client-030.log: file already closed
zerolog: could not write event: write experiment-output/0000/slave-001/client-032.log: file already closed
zerolog: could not write event: write experiment-output/0000/slave-001/client-102.log: file already closed
zerolog: could not write event: write experiment-output/0000/slave-001/client-141.log: file already closed
zerolog: could not write event: write experiment-output/0000/slave-001/client-102.log: file already closed
zerolog: could not write event: write experiment-output/0000/slave-001/client-032.log: file already closed
zerolog: could not write event: write experiment-output/0000/slave-001/client-102.log: file already closed
zerolog: could not write event: write experiment-output/0000/slave-001/client-141.log: file already closed
zerolog: could not write event: write experiment-output/0000/slave-001/client-126.log: file already closed
zerolog: could not write event: write experiment-output/0000/slave-001/client-141.log: file already closed
zerolog: could not write event: write experiment-output/0000/slave-001/client-126.log: file already closed
zerolog: could not write event: write experiment-output/0000/slave-001/client-141.log: file already closed
zerolog: could not write event: write experiment-output/0000/slave-001/client-057.log: file already closed
zerolog: could not write event: write experiment-output/0000/slave-001/client-057.log: file already closed
zerolog: could not write event: write experiment-output/0000/slave-001/client-032.log: file already closed
zerolog: could not write event: write experiment-output/0000/slave-001/client-126.log: file already closed
zerolog: could not write event: write experiment-output/0000/slave-001/client-057.log: file already closed
zerolog: could not write event: write experiment-output/0000/slave-001/client-057.log: file already closed
zerolog: could not write event: write experiment-output/0000/slave-001/client-102.log: file already closed
zerolog: could not write event: write experiment-output/0000/slave-001/client-057.log: file already closed
zerolog: could not write event: write experiment-output/0000/slave-001/client-126.log: file already closed
zerolog: could not write event: write experiment-output/0000/slave-001/client-102.log: file already closed
zerolog: could not write event: write experiment-output/0000/slave-001/client-126.log: file already closed
zerolog: could not write event: write experiment-output/0000/slave-001/client-057.log: file already closed
zerolog: could not write event: write experiment-output/0000/slave-001/client-141.log: file already closed
zerolog: could not write event: write experiment-output/0000/slave-001/client-238.log: file already closed
zerolog: could not write event: write experiment-output/0000/slave-001/client-126.log: file already closed
zerolog: could not write event: write experiment-output/0000/slave-001/client-238.log: file already closed
zerolog: could not write event: write experiment-output/0000/slave-001/client-141.log: file already closed
zerolog: could not write event: write experiment-output/0000/slave-001/client-057.log: file already closed
zerolog: could not write event: write experiment-output/0000/slave-001/client-141.log: file already closed
zerolog: could not write event: write experiment-output/0000/slave-001/client-032.log: file already closed
zerolog: could not write event: write experiment-output/0000/slave-001/client-057.log: file already closed
zerolog: could not write event: write experiment-output/0000/slave-001/client-238.log: file already closed
zerolog: could not write event: write experiment-output/0000/slave-001/client-032.log: file already closed
zerolog: could not write event: write experiment-output/0000/slave-001/client-102.log: file already closed
zerolog: could not write event: write experiment-output/0000/slave-001/client-102.log: file already closed
zerolog: could not write event: write experiment-output/0000/slave-001/client-141.log: file already closed
zerolog: could not write event: write experiment-output/0000/slave-001/client-032.log: file already closed
zerolog: could not write event: write experiment-output/0000/slave-001/client-032.log: file already closed
zerolog: could not write event: write experiment-output/0000/slave-001/client-102.log: file already closed
zerolog: could not write event: write experiment-output/0000/slave-001/client-057.log: file already closed
zerolog: could not write event: write experiment-output/0000/slave-001/client-032.log: file already closed
zerolog: could not write event: write experiment-output/0000/slave-001/client-238.log: file already closed
zerolog: could not write event: write experiment-output/0000/slave-001/client-032.log: file already closed
zerolog: could not write event: write experiment-output/0000/slave-001/client-032.log: file already closed
zerolog: could not write event: write experiment-output/0000/slave-001/client-032.log: file already closed
zerolog: could not write event: write experiment-output/0000/slave-001/client-032.log: file already closed
zerolog: could not write event: write experiment-output/0000/slave-001/client-238.log: file already closed
zerolog: could not write event: write experiment-output/0000/slave-001/client-238.log: file already closed
zerolog: could not write event: write experiment-output/0000/slave-001/client-032.log: file already closed
zerolog: could not write event: write experiment-output/0000/slave-001/client-238.log: file already closed
zerolog: could not write event: write experiment-output/0000/slave-001/client-032.log: file already closed
zerolog: could not write event: write experiment-output/0000/slave-001/client-238.log: file already closed
zerolog: could not write event: write experiment-output/0000/slave-001/client-238.log: file already closed
zerolog: could not write event: write experiment-output/0000/slave-001/client-238.log: file already closed
zerolog: could not write event: write experiment-output/0000/slave-001/client-238.log: file already closed
zerolog: could not write event: write experiment-output/0000/slave-001/client-238.log: file already closed
zerolog: could not write event: write experiment-output/0000/slave-001/client-238.log: file already closed
zerolog: could not write event: write experiment-output/0000/slave-001/client-238.log: file already closed
zerolog: could not write event: write experiment-output/0000/slave-001/client-238.log: file already closed
zerolog: could not write event: write experiment-output/0000/slave-001/client-238.log: file already closed
08:32:15.797 INF Profile data written. filename=experiment-output/0000/slave-001/prof-client.cpu name=cpu
