{"level":"debug","Logging":"info","time":"2023-03-27T10:06:32Z","message":"Config"}
{"level":"debug","UseTLS":false,"time":"2023-03-27T10:06:32Z","message":"Config"}
{"level":"debug","CACertFile":"tls-data/ca.pem","time":"2023-03-27T10:06:32Z","message":"Config"}
{"level":"debug","KeyFile":"tls-data/auth.key","time":"2023-03-27T10:06:32Z","message":"Config"}
{"level":"debug","CertFile":"tls-data/auth.pem","time":"2023-03-27T10:06:32Z","message":"Config"}
{"level":"debug","PriorityConnections":2,"time":"2023-03-27T10:06:32Z","message":"Config"}
{"level":"debug","BasicConnections":1,"time":"2023-03-27T10:06:32Z","message":"Config"}
{"level":"debug","TestConnections":false,"time":"2023-03-27T10:06:32Z","message":"Config"}
{"level":"debug","ExcessConnections":1,"time":"2023-03-27T10:06:32Z","message":"Config"}
{"level":"debug","ConnectionTestMsgs":4,"time":"2023-03-27T10:06:32Z","message":"Config"}
{"level":"debug","ConnectionTestPayload":131072,"time":"2023-03-27T10:06:32Z","message":"Config"}
{"level":"debug","OutMessageBufsize":1024,"time":"2023-03-27T10:06:32Z","message":"Config"}
{"level":"debug","OutMessageBufsize":4,"time":"2023-03-27T10:06:32Z","message":"Config"}
{"level":"debug","ThroughputCap":131072000,"time":"2023-03-27T10:06:32Z","message":"Config"}
{"level":"debug","StragglerTolerance":1000,"time":"2023-03-27T10:06:32Z","message":"Config"}
{"level":"debug","BatchSizeIncrement":256,"time":"2023-03-27T10:06:32Z","message":"Config"}
{"level":"debug","Orderer":"Pbft","time":"2023-03-27T10:06:32Z","message":"Config"}
{"level":"debug","Manager":"Mir","time":"2023-03-27T10:06:32Z","message":"Config"}
{"level":"debug","Failures":0,"time":"2023-03-27T10:06:32Z","message":"Config"}
{"level":"debug","StragglerCnt":1,"time":"2023-03-27T10:06:32Z","message":"Config"}
{"level":"debug","CrashTiming":"Straggler","time":"2023-03-27T10:06:32Z","message":"Config"}
{"level":"debug","CheckpointInterval":512,"time":"2023-03-27T10:06:32Z","message":"Config"}
{"level":"debug","WatermarkWindowSize":512,"time":"2023-03-27T10:06:32Z","message":"Config"}
{"level":"debug","EpochLength":512,"time":"2023-03-27T10:06:32Z","message":"Config"}
{"level":"debug","SegmentLength":32,"time":"2023-03-27T10:06:32Z","message":"Config"}
{"level":"debug","WaitForCheckpoints":true,"time":"2023-03-27T10:06:32Z","message":"Config"}
{"level":"debug","ClientWatermarkWindowSize":16384,"time":"2023-03-27T10:06:32Z","message":"Config"}
{"level":"debug","ClientRequestBacklogSize":16384,"time":"2023-03-27T10:06:32Z","message":"Config"}
{"level":"debug","RandomSeed":23325,"time":"2023-03-27T10:06:32Z","message":"Config"}
{"level":"debug","NodeToLeaderRatio":1,"time":"2023-03-27T10:06:32Z","message":"Config"}
{"level":"debug","LeaderPolicy":"Simple","time":"2023-03-27T10:06:32Z","message":"Config"}
{"level":"debug","DefaultLeaderBan":2,"time":"2023-03-27T10:06:32Z","message":"Config"}
{"level":"debug","NumBuckets":256,"time":"2023-03-27T10:06:32Z","message":"Config"}
{"level":"debug","BatchSize":1000,"time":"2023-03-27T10:06:32Z","message":"Config"}
{"level":"debug","DisabledViewChange":false,"time":"2023-03-27T10:06:32Z","message":"Config"}
{"level":"debug","ViewChangeTimeout":60000,"time":"2023-03-27T10:06:32Z","message":"Config"}
{"level":"debug","ClientTraceSampling":10,"time":"2023-03-27T10:06:32Z","message":"Config"}
{"level":"debug","EventBufferSize":2097152,"time":"2023-03-27T10:06:32Z","message":"Config"}
{"level":"debug","TraceSampling":1,"time":"2023-03-27T10:06:32Z","message":"Config"}
{"level":"debug","ClientsPerProcess":8,"time":"2023-03-27T10:06:32Z","message":"Config"}
{"level":"debug","RequestsPerClient":2929,"time":"2023-03-27T10:06:32Z","message":"Config"}
{"level":"debug","ClientRunTime":15000,"time":"2023-03-27T10:06:32Z","message":"Config"}
{"level":"debug","RequestRate":97,"time":"2023-03-27T10:06:32Z","message":"Config"}
{"level":"debug","HardRequestRateLimit":false,"time":"2023-03-27T10:06:32Z","message":"Config"}
{"level":"debug","RequestPayloadSize":500,"time":"2023-03-27T10:06:32Z","message":"Config"}
{"level":"debug","SignRequests":true,"time":"2023-03-27T10:06:32Z","message":"Config"}
{"level":"debug","ClientPrivKeyFile":"tls-data/client-ecdsa-256.key","time":"2023-03-27T10:06:32Z","message":"Config"}
{"level":"debug","ClientPubKeyFile":"tls-data/client-ecdsa-256.pem","time":"2023-03-27T10:06:32Z","message":"Config"}
{"level":"debug","PrecomputeRequests":false,"time":"2023-03-27T10:06:32Z","message":"Config"}
{"level":"debug","RequestHandlerThreads":32,"time":"2023-03-27T10:06:32Z","message":"Config"}
{"level":"debug","RequestInputChannelBuffer":8192,"time":"2023-03-27T10:06:32Z","message":"Config"}
{"level":"debug","BatchVerifier":"external","time":"2023-03-27T10:06:32Z","message":"Config"}
10:06:32.312 INF Started Profiler: CPU
10:06:32.312 INF Started Profiler: BLOCK
10:06:32.312 INF Started Profiler: MUTEX
10:06:32.312 INF Starting clients. numClients=8 numRequests=2929
10:06:32.312 INF Initilizing clients.
10:06:32.707 INF Registared with discovery server. numOrderers=16 ownClientId=129
10:06:32.710 INF Registared with discovery server. numOrderers=16 ownClientId=146
10:06:32.711 INF Registared with discovery server. numOrderers=16 ownClientId=154
10:06:32.711 INF Registared with discovery server. numOrderers=16 ownClientId=153
10:06:32.711 INF Registared with discovery server. numOrderers=16 ownClientId=167
10:06:32.711 INF Registared with discovery server. numOrderers=16 ownClientId=170
10:06:32.712 INF Registared with discovery server. numOrderers=16 ownClientId=174
10:06:32.712 INF Registared with discovery server. numOrderers=16 ownClientId=178
10:06:32.713 INF Clients initialized.
10:06:32.713 INF Launching clients.
10:06:32.713 INF Waiting for clients.
10:12:43.993 INF Stopping Tracer. events=585 fileName=experiment-output/0004/slave-038/client-154.trc
zerolog: could not write event: write experiment-output/0004/slave-038/client-154.log: file already closed
zerolog: could not write event: write experiment-output/0004/slave-038/client-154.log: file already closed
zerolog: could not write event: write experiment-output/0004/slave-038/client-154.log: file already closed
zerolog: could not write event: write experiment-output/0004/slave-038/client-154.log: file already closed
10:12:43.994 INF Trace data written.
10:12:44.018 INF Stopping Tracer. events=586 fileName=experiment-output/0004/slave-038/client-146.trc
zerolog: could not write event: write experiment-output/0004/slave-038/client-146.log: file already closed
zerolog: could not write event: write experiment-output/0004/slave-038/client-146.log: file already closed
zerolog: could not write event: write experiment-output/0004/slave-038/client-146.log: file already closed
zerolog: could not write event: write experiment-output/0004/slave-038/client-146.log: file already closed
10:12:44.019 INF Trace data written.
10:12:44.056 INF Stopping Tracer. events=872 fileName=experiment-output/0004/slave-038/client-129.trc
zerolog: could not write event: write experiment-output/0004/slave-038/client-129.log: file already closed
zerolog: could not write event: write experiment-output/0004/slave-038/client-129.log: file already closed
zerolog: could not write event: write experiment-output/0004/slave-038/client-129.log: file already closed
zerolog: could not write event: write experiment-output/0004/slave-038/client-129.log: file already closed
10:12:44.058 INF Trace data written.
10:12:44.070 INF Stopping Tracer. events=857 fileName=experiment-output/0004/slave-038/client-153.trc
10:12:44.070 INF Stopping Tracer. events=586 fileName=experiment-output/0004/slave-038/client-178.trc
10:12:44.070 INF Stopping Tracer. events=585 fileName=experiment-output/0004/slave-038/client-170.trc
10:12:44.071 INF Stopping Tracer. events=857 fileName=experiment-output/0004/slave-038/client-167.trc
10:12:44.071 INF Stopping Tracer. events=585 fileName=experiment-output/0004/slave-038/client-174.trc
zerolog: could not write event: write experiment-output/0004/slave-038/client-167.log: file already closed
zerolog: could not write event: write experiment-output/0004/slave-038/client-170.log: file already closed
zerolog: could not write event: write experiment-output/0004/slave-038/client-167.log: file already closed
zerolog: could not write event: write experiment-output/0004/slave-038/client-174.log: file already closed
zerolog: could not write event: write experiment-output/0004/slave-038/client-167.log: file already closed
zerolog: could not write event: write experiment-output/0004/slave-038/client-174.log: file already closed
zerolog: could not write event: write experiment-output/0004/slave-038/client-178.log: file already closed
zerolog: could not write event: write experiment-output/0004/slave-038/client-174.log: file already closed
zerolog: could not write event: write experiment-output/0004/slave-038/client-170.log: file already closed
zerolog: could not write event: write experiment-output/0004/slave-038/client-178.log: file already closed
zerolog: could not write event: write experiment-output/0004/slave-038/client-174.log: file already closed
zerolog: could not write event: write experiment-output/0004/slave-038/client-170.log: file already closed
zerolog: could not write event: write experiment-output/0004/slave-038/client-178.log: file already closed
zerolog: could not write event: write experiment-output/0004/slave-038/client-167.log: file already closed
zerolog: could not write event: write experiment-output/0004/slave-038/client-178.log: file already closed
zerolog: could not write event: write experiment-output/0004/slave-038/client-153.log: file already closed
zerolog: could not write event: write experiment-output/0004/slave-038/client-170.log: file already closed
zerolog: could not write event: write experiment-output/0004/slave-038/client-153.log: file already closed
zerolog: could not write event: write experiment-output/0004/slave-038/client-153.log: file already closed
zerolog: could not write event: write experiment-output/0004/slave-038/client-153.log: file already closed
10:12:44.072 INF Trace data written.
10:12:44.072 INF Trace data written.
10:12:44.072 INF Trace data written.
10:12:44.072 INF Trace data written.
10:12:44.072 INF Trace data written.
10:12:44.073 INF Done.
10:12:44.073 INF Stopping profiler.
zerolog: could not write event: write experiment-output/0004/slave-038/client-154.log: file already closed
zerolog: could not write event: write experiment-output/0004/slave-038/client-154.log: file already closed
zerolog: could not write event: write experiment-output/0004/slave-038/client-154.log: file already closed
zerolog: could not write event: write experiment-output/0004/slave-038/client-154.log: file already closed
zerolog: could not write event: write experiment-output/0004/slave-038/client-146.log: file already closed
zerolog: could not write event: write experiment-output/0004/slave-038/client-146.log: file already closed
zerolog: could not write event: write experiment-output/0004/slave-038/client-154.log: file already closed
zerolog: could not write event: write experiment-output/0004/slave-038/client-154.log: file already closed
zerolog: could not write event: write experiment-output/0004/slave-038/client-154.log: file already closed
zerolog: could not write event: write experiment-output/0004/slave-038/client-154.log: file already closed
zerolog: could not write event: write experiment-output/0004/slave-038/client-146.log: file already closed
zerolog: could not write event: write experiment-output/0004/slave-038/client-146.log: file already closed
zerolog: could not write event: write experiment-output/0004/slave-038/client-146.log: file already closed
zerolog: could not write event: write experiment-output/0004/slave-038/client-146.log: file already closed
zerolog: could not write event: write experiment-output/0004/slave-038/client-146.log: file already closed
zerolog: could not write event: write experiment-output/0004/slave-038/client-146.log: file already closed
zerolog: could not write event: write experiment-output/0004/slave-038/client-129.log: file already closed
zerolog: could not write event: write experiment-output/0004/slave-038/client-129.log: file already closed
zerolog: could not write event: write experiment-output/0004/slave-038/client-129.log: file already closed
zerolog: could not write event: write experiment-output/0004/slave-038/client-129.log: file already closed
zerolog: could not write event: write experiment-output/0004/slave-038/client-170.log: file already closed
zerolog: could not write event: write experiment-output/0004/slave-038/client-167.log: file already closed
zerolog: could not write event: write experiment-output/0004/slave-038/client-153.log: file already closed
zerolog: could not write event: write experiment-output/0004/slave-038/client-178.log: file already closed
zerolog: could not write event: write experiment-output/0004/slave-038/client-178.log: file already closed
zerolog: could not write event: write experiment-output/0004/slave-038/client-167.log: file already closed
zerolog: could not write event: write experiment-output/0004/slave-038/client-153.log: file already closed
zerolog: could not write event: write experiment-output/0004/slave-038/client-174.log: file already closed
zerolog: could not write event: write experiment-output/0004/slave-038/client-167.log: file already closed
zerolog: could not write event: write experiment-output/0004/slave-038/client-170.log: file already closed
zerolog: could not write event: write experiment-output/0004/slave-038/client-174.log: file already closed
zerolog: could not write event: write experiment-output/0004/slave-038/client-170.log: file already closed
zerolog: could not write event: write experiment-output/0004/slave-038/client-178.log: file already closed
zerolog: could not write event: write experiment-output/0004/slave-038/client-153.log: file already closed
zerolog: could not write event: write experiment-output/0004/slave-038/client-170.log: file already closed
zerolog: could not write event: write experiment-output/0004/slave-038/client-153.log: file already closed
zerolog: could not write event: write experiment-output/0004/slave-038/client-174.log: file already closed
zerolog: could not write event: write experiment-output/0004/slave-038/client-178.log: file already closed
zerolog: could not write event: write experiment-output/0004/slave-038/client-174.log: file already closed
zerolog: could not write event: write experiment-output/0004/slave-038/client-167.log: file already closed
zerolog: could not write event: write experiment-output/0004/slave-038/client-129.log: file already closed
zerolog: could not write event: write experiment-output/0004/slave-038/client-129.log: file already closed
zerolog: could not write event: write experiment-output/0004/slave-038/client-129.log: file already closed
zerolog: could not write event: write experiment-output/0004/slave-038/client-129.log: file already closed
zerolog: could not write event: write experiment-output/0004/slave-038/client-178.log: file already closed
zerolog: could not write event: write experiment-output/0004/slave-038/client-153.log: file already closed
zerolog: could not write event: write experiment-output/0004/slave-038/client-153.log: file already closed
zerolog: could not write event: write experiment-output/0004/slave-038/client-170.log: file already closed
zerolog: could not write event: write experiment-output/0004/slave-038/client-170.log: file already closed
zerolog: could not write event: write experiment-output/0004/slave-038/client-153.log: file already closed
zerolog: could not write event: write experiment-output/0004/slave-038/client-178.log: file already closed
zerolog: could not write event: write experiment-output/0004/slave-038/client-178.log: file already closed
zerolog: could not write event: write experiment-output/0004/slave-038/client-174.log: file already closed
zerolog: could not write event: write experiment-output/0004/slave-038/client-174.log: file already closed
zerolog: could not write event: write experiment-output/0004/slave-038/client-174.log: file already closed
zerolog: could not write event: write experiment-output/0004/slave-038/client-174.log: file already closed
zerolog: could not write event: write experiment-output/0004/slave-038/client-170.log: file already closed
zerolog: could not write event: write experiment-output/0004/slave-038/client-167.log: file already closed
zerolog: could not write event: write experiment-output/0004/slave-038/client-170.log: file already closed
zerolog: could not write event: write experiment-output/0004/slave-038/client-153.log: file already closed
zerolog: could not write event: write experiment-output/0004/slave-038/client-178.log: file already closed
zerolog: could not write event: write experiment-output/0004/slave-038/client-167.log: file already closed
zerolog: could not write event: write experiment-output/0004/slave-038/client-167.log: file already closed
zerolog: could not write event: write experiment-output/0004/slave-038/client-167.log: file already closed
zerolog: could not write event: write experiment-output/0004/slave-038/client-154.log: file already closed
zerolog: could not write event: write experiment-output/0004/slave-038/client-154.log: file already closed
zerolog: could not write event: write experiment-output/0004/slave-038/client-154.log: file already closed
zerolog: could not write event: write experiment-output/0004/slave-038/client-154.log: file already closed
zerolog: could not write event: write experiment-output/0004/slave-038/client-146.log: file already closed
zerolog: could not write event: write experiment-output/0004/slave-038/client-146.log: file already closed
zerolog: could not write event: write experiment-output/0004/slave-038/client-146.log: file already closed
zerolog: could not write event: write experiment-output/0004/slave-038/client-146.log: file already closed
zerolog: could not write event: write experiment-output/0004/slave-038/client-129.log: file already closed
zerolog: could not write event: write experiment-output/0004/slave-038/client-129.log: file already closed
zerolog: could not write event: write experiment-output/0004/slave-038/client-129.log: file already closed
zerolog: could not write event: write experiment-output/0004/slave-038/client-129.log: file already closed
10:12:44.274 INF Profile data written. filename=experiment-output/0004/slave-038/prof-client.cpu name=cpu
zerolog: could not write event: write experiment-output/0004/slave-038/client-167.log: file already closed
zerolog: could not write event: write experiment-output/0004/slave-038/client-178.log: file already closed
zerolog: could not write event: write experiment-output/0004/slave-038/client-153.log: file already closed
zerolog: could not write event: write experiment-output/0004/slave-038/client-153.log: file already closed
zerolog: could not write event: write experiment-output/0004/slave-038/client-178.log: file already closed
zerolog: could not write event: write experiment-output/0004/slave-038/client-153.log: file already closed
zerolog: could not write event: write experiment-output/0004/slave-038/client-174.log: file already closed
zerolog: could not write event: write experiment-output/0004/slave-038/client-167.log: file already closed
zerolog: could not write event: write experiment-output/0004/slave-038/client-178.log: file already closed
zerolog: could not write event: write experiment-output/0004/slave-038/client-153.log: file already closed
zerolog: could not write event: write experiment-output/0004/slave-038/client-170.log: file already closed
zerolog: could not write event: write experiment-output/0004/slave-038/client-170.log: file already closed
zerolog: could not write event: write experiment-output/0004/slave-038/client-167.log: file already closed
zerolog: could not write event: write experiment-output/0004/slave-038/client-174.log: file already closed
zerolog: could not write event: write experiment-output/0004/slave-038/client-174.log: file already closed
zerolog: could not write event: write experiment-output/0004/slave-038/client-174.log: file already closed
zerolog: could not write event: write experiment-output/0004/slave-038/client-167.log: file already closed
zerolog: could not write event: write experiment-output/0004/slave-038/client-170.log: file already closed
zerolog: could not write event: write experiment-output/0004/slave-038/client-178.log: file already closed
zerolog: could not write event: write experiment-output/0004/slave-038/client-170.log: file already closed
10:12:44.289 INF Profile data written. filename=experiment-output/0004/slave-038/prof-client.block name=block
10:12:44.295 INF Profile data written. filename=experiment-output/0004/slave-038/prof-client.mutex name=mutex
