{"level":"debug","Logging":"info","time":"2023-03-24T02:27:40Z","message":"Config"}
{"level":"debug","UseTLS":false,"time":"2023-03-24T02:27:40Z","message":"Config"}
{"level":"debug","CACertFile":"tls-data/ca.pem","time":"2023-03-24T02:27:40Z","message":"Config"}
{"level":"debug","KeyFile":"tls-data/auth.key","time":"2023-03-24T02:27:40Z","message":"Config"}
{"level":"debug","CertFile":"tls-data/auth.pem","time":"2023-03-24T02:27:40Z","message":"Config"}
{"level":"debug","PriorityConnections":2,"time":"2023-03-24T02:27:40Z","message":"Config"}
{"level":"debug","BasicConnections":1,"time":"2023-03-24T02:27:40Z","message":"Config"}
{"level":"debug","TestConnections":false,"time":"2023-03-24T02:27:40Z","message":"Config"}
{"level":"debug","ExcessConnections":1,"time":"2023-03-24T02:27:40Z","message":"Config"}
{"level":"debug","ConnectionTestMsgs":4,"time":"2023-03-24T02:27:40Z","message":"Config"}
{"level":"debug","ConnectionTestPayload":131072,"time":"2023-03-24T02:27:40Z","message":"Config"}
{"level":"debug","OutMessageBufsize":1024,"time":"2023-03-24T02:27:40Z","message":"Config"}
{"level":"debug","OutMessageBufsize":4,"time":"2023-03-24T02:27:40Z","message":"Config"}
{"level":"debug","ThroughputCap":131072000,"time":"2023-03-24T02:27:40Z","message":"Config"}
{"level":"debug","StragglerTolerance":1000,"time":"2023-03-24T02:27:40Z","message":"Config"}
{"level":"debug","BatchSizeIncrement":256,"time":"2023-03-24T02:27:40Z","message":"Config"}
{"level":"debug","Orderer":"Pbft","time":"2023-03-24T02:27:40Z","message":"Config"}
{"level":"debug","Manager":"Mir","time":"2023-03-24T02:27:40Z","message":"Config"}
{"level":"debug","Failures":0,"time":"2023-03-24T02:27:40Z","message":"Config"}
{"level":"debug","StragglerCnt":1,"time":"2023-03-24T02:27:40Z","message":"Config"}
{"level":"debug","PrivKeyCnt":10,"time":"2023-03-24T02:27:40Z","message":"Config"}
{"level":"debug","UseSig":false,"time":"2023-03-24T02:27:40Z","message":"Config"}
{"level":"debug","CrashTiming":"Straggler","time":"2023-03-24T02:27:40Z","message":"Config"}
{"level":"debug","CheckpointInterval":512,"time":"2023-03-24T02:27:40Z","message":"Config"}
{"level":"debug","WatermarkWindowSize":512,"time":"2023-03-24T02:27:40Z","message":"Config"}
{"level":"debug","EpochLength":512,"time":"2023-03-24T02:27:40Z","message":"Config"}
{"level":"debug","SegmentLength":32,"time":"2023-03-24T02:27:40Z","message":"Config"}
{"level":"debug","WaitForCheckpoints":true,"time":"2023-03-24T02:27:40Z","message":"Config"}
{"level":"debug","ClientWatermarkWindowSize":16384,"time":"2023-03-24T02:27:40Z","message":"Config"}
{"level":"debug","ClientRequestBacklogSize":16384,"time":"2023-03-24T02:27:40Z","message":"Config"}
{"level":"debug","RandomSeed":26897,"time":"2023-03-24T02:27:40Z","message":"Config"}
{"level":"debug","NodeToLeaderRatio":1,"time":"2023-03-24T02:27:40Z","message":"Config"}
{"level":"debug","LeaderPolicy":"Simple","time":"2023-03-24T02:27:40Z","message":"Config"}
{"level":"debug","DefaultLeaderBan":2,"time":"2023-03-24T02:27:40Z","message":"Config"}
{"level":"debug","NumBuckets":256,"time":"2023-03-24T02:27:40Z","message":"Config"}
{"level":"debug","BatchSize":4000,"time":"2023-03-24T02:27:40Z","message":"Config"}
{"level":"debug","DisabledViewChange":false,"time":"2023-03-24T02:27:40Z","message":"Config"}
{"level":"debug","ViewChangeTimeout":60000,"time":"2023-03-24T02:27:40Z","message":"Config"}
{"level":"debug","ClientTraceSampling":10,"time":"2023-03-24T02:27:40Z","message":"Config"}
{"level":"debug","EventBufferSize":2097152,"time":"2023-03-24T02:27:40Z","message":"Config"}
{"level":"debug","TraceSampling":1,"time":"2023-03-24T02:27:40Z","message":"Config"}
{"level":"debug","ClientsPerProcess":8,"time":"2023-03-24T02:27:40Z","message":"Config"}
{"level":"debug","RequestsPerClient":1440,"time":"2023-03-24T02:27:40Z","message":"Config"}
{"level":"debug","ClientRunTime":15000,"time":"2023-03-24T02:27:40Z","message":"Config"}
{"level":"debug","RequestRate":48,"time":"2023-03-24T02:27:40Z","message":"Config"}
{"level":"debug","HardRequestRateLimit":false,"time":"2023-03-24T02:27:40Z","message":"Config"}
{"level":"debug","RequestPayloadSize":500,"time":"2023-03-24T02:27:40Z","message":"Config"}
{"level":"debug","SignRequests":true,"time":"2023-03-24T02:27:40Z","message":"Config"}
{"level":"debug","ClientPrivKeyFile":"tls-data/client-ecdsa-256.key","time":"2023-03-24T02:27:40Z","message":"Config"}
{"level":"debug","ClientPubKeyFile":"tls-data/client-ecdsa-256.pem","time":"2023-03-24T02:27:40Z","message":"Config"}
{"level":"debug","PrecomputeRequests":false,"time":"2023-03-24T02:27:40Z","message":"Config"}
{"level":"debug","RequestHandlerThreads":32,"time":"2023-03-24T02:27:40Z","message":"Config"}
{"level":"debug","RequestInputChannelBuffer":8192,"time":"2023-03-24T02:27:40Z","message":"Config"}
{"level":"debug","BatchVerifier":"external","time":"2023-03-24T02:27:40Z","message":"Config"}
02:27:40.036 INF Started Profiler: CPU
02:27:40.036 INF Started Profiler: BLOCK
02:27:40.036 INF Started Profiler: MUTEX
02:27:40.036 INF Starting clients. numClients=8 numRequests=1440
02:27:40.036 INF Initilizing clients.
02:27:40.315 INF Registared with discovery server. numOrderers=16 ownClientId=68
02:27:40.315 INF Registared with discovery server. numOrderers=16 ownClientId=67
02:27:40.315 INF Registared with discovery server. numOrderers=16 ownClientId=69
02:27:40.315 INF Registared with discovery server. numOrderers=16 ownClientId=71
02:27:40.316 INF Registared with discovery server. numOrderers=16 ownClientId=83
02:27:40.317 INF Registared with discovery server. numOrderers=16 ownClientId=111
02:27:40.317 INF Registared with discovery server. numOrderers=16 ownClientId=121
02:27:40.317 INF Registared with discovery server. numOrderers=16 ownClientId=113
02:27:40.317 INF Clients initialized.
02:27:40.317 INF Launching clients.
02:27:40.317 INF Waiting for clients.
02:28:01.734 INF Stopping Tracer. events=296 fileName=experiment-output/0000/slave-037/client-068.trc
zerolog: could not write event: write experiment-output/0000/slave-037/client-068.log: file already closed
zerolog: could not write event: write experiment-output/0000/slave-037/client-068.log: file already closed
zerolog: could not write event: write experiment-output/0000/slave-037/client-068.log: file already closed
zerolog: could not write event: write experiment-output/0000/slave-037/client-068.log: file already closed
02:28:01.735 INF Trace data written.
02:28:01.756 INF Stopping Tracer. events=406 fileName=experiment-output/0000/slave-037/client-067.trc
zerolog: could not write event: write experiment-output/0000/slave-037/client-067.log: file already closed
zerolog: could not write event: write experiment-output/0000/slave-037/client-067.log: file already closed
zerolog: could not write event: write experiment-output/0000/slave-037/client-067.log: file already closed
zerolog: could not write event: write experiment-output/0000/slave-037/client-067.log: file already closed
02:28:01.756 INF Trace data written.
02:28:01.774 INF Stopping Tracer. events=376 fileName=experiment-output/0000/slave-037/client-113.trc
zerolog: could not write event: write experiment-output/0000/slave-037/client-113.log: file already closed
zerolog: could not write event: write experiment-output/0000/slave-037/client-113.log: file already closed
zerolog: could not write event: write experiment-output/0000/slave-037/client-113.log: file already closed
zerolog: could not write event: write experiment-output/0000/slave-037/client-113.log: file already closed
02:28:01.775 INF Trace data written.
02:28:01.780 INF Stopping Tracer. events=364 fileName=experiment-output/0000/slave-037/client-111.trc
02:28:01.780 INF Stopping Tracer. events=394 fileName=experiment-output/0000/slave-037/client-121.trc
zerolog: could not write event: write experiment-output/0000/slave-037/client-111.log: file already closed
zerolog: could not write event: write experiment-output/0000/slave-037/client-111.log: file already closed
zerolog: could not write event: write experiment-output/0000/slave-037/client-111.log: file already closed
zerolog: could not write event: write experiment-output/0000/slave-037/client-121.log: file already closed
zerolog: could not write event: write experiment-output/0000/slave-037/client-121.log: file already closed
zerolog: could not write event: write experiment-output/0000/slave-037/client-111.log: file already closed
zerolog: could not write event: write experiment-output/0000/slave-037/client-121.log: file already closed
zerolog: could not write event: write experiment-output/0000/slave-037/client-121.log: file already closed
02:28:01.781 INF Stopping Tracer. events=390 fileName=experiment-output/0000/slave-037/client-083.trc
02:28:01.781 INF Trace data written.
02:28:01.782 INF Trace data written.
zerolog: could not write event: write experiment-output/0000/slave-037/client-083.log: file already closed
zerolog: could not write event: write experiment-output/0000/slave-037/client-083.log: file already closed
zerolog: could not write event: write experiment-output/0000/slave-037/client-083.log: file already closed
zerolog: could not write event: write experiment-output/0000/slave-037/client-083.log: file already closed
02:28:01.782 INF Trace data written.
02:28:01.783 INF Stopping Tracer. events=379 fileName=experiment-output/0000/slave-037/client-071.trc
zerolog: could not write event: write experiment-output/0000/slave-037/client-071.log: file already closed
zerolog: could not write event: write experiment-output/0000/slave-037/client-071.log: file already closed
zerolog: could not write event: write experiment-output/0000/slave-037/client-071.log: file already closed
zerolog: could not write event: write experiment-output/0000/slave-037/client-071.log: file already closed
02:28:01.783 INF Trace data written.
02:28:01.789 INF Stopping Tracer. events=373 fileName=experiment-output/0000/slave-037/client-069.trc
zerolog: could not write event: write experiment-output/0000/slave-037/client-069.log: file already closed
zerolog: could not write event: write experiment-output/0000/slave-037/client-069.log: file already closed
zerolog: could not write event: write experiment-output/0000/slave-037/client-069.log: file already closed
zerolog: could not write event: write experiment-output/0000/slave-037/client-069.log: file already closed
02:28:01.790 INF Trace data written.
02:28:01.790 INF Done.
02:28:01.790 INF Stopping profiler.
zerolog: could not write event: write experiment-output/0000/slave-037/client-068.log: file already closed
zerolog: could not write event: write experiment-output/0000/slave-037/client-068.log: file already closed
zerolog: could not write event: write experiment-output/0000/slave-037/client-068.log: file already closed
zerolog: could not write event: write experiment-output/0000/slave-037/client-068.log: file already closed
zerolog: could not write event: write experiment-output/0000/slave-037/client-067.log: file already closed
zerolog: could not write event: write experiment-output/0000/slave-037/client-067.log: file already closed
zerolog: could not write event: write experiment-output/0000/slave-037/client-067.log: file already closed
zerolog: could not write event: write experiment-output/0000/slave-037/client-067.log: file already closed
zerolog: could not write event: write experiment-output/0000/slave-037/client-113.log: file already closed
zerolog: could not write event: write experiment-output/0000/slave-037/client-113.log: file already closed
zerolog: could not write event: write experiment-output/0000/slave-037/client-113.log: file already closed
zerolog: could not write event: write experiment-output/0000/slave-037/client-113.log: file already closed
zerolog: could not write event: write experiment-output/0000/slave-037/client-111.log: file already closed
zerolog: could not write event: write experiment-output/0000/slave-037/client-111.log: file already closed
zerolog: could not write event: write experiment-output/0000/slave-037/client-111.log: file already closed
zerolog: could not write event: write experiment-output/0000/slave-037/client-121.log: file already closed
zerolog: could not write event: write experiment-output/0000/slave-037/client-111.log: file already closed
zerolog: could not write event: write experiment-output/0000/slave-037/client-121.log: file already closed
zerolog: could not write event: write experiment-output/0000/slave-037/client-121.log: file already closed
zerolog: could not write event: write experiment-output/0000/slave-037/client-121.log: file already closed
zerolog: could not write event: write experiment-output/0000/slave-037/client-083.log: file already closed
zerolog: could not write event: write experiment-output/0000/slave-037/client-083.log: file already closed
zerolog: could not write event: write experiment-output/0000/slave-037/client-083.log: file already closed
zerolog: could not write event: write experiment-output/0000/slave-037/client-083.log: file already closed
zerolog: could not write event: write experiment-output/0000/slave-037/client-071.log: file already closed
zerolog: could not write event: write experiment-output/0000/slave-037/client-071.log: file already closed
zerolog: could not write event: write experiment-output/0000/slave-037/client-071.log: file already closed
zerolog: could not write event: write experiment-output/0000/slave-037/client-071.log: file already closed
zerolog: could not write event: write experiment-output/0000/slave-037/client-069.log: file already closed
zerolog: could not write event: write experiment-output/0000/slave-037/client-069.log: file already closed
zerolog: could not write event: write experiment-output/0000/slave-037/client-069.log: file already closed
zerolog: could not write event: write experiment-output/0000/slave-037/client-069.log: file already closed
zerolog: could not write event: write experiment-output/0000/slave-037/client-068.log: file already closed
zerolog: could not write event: write experiment-output/0000/slave-037/client-068.log: file already closed
zerolog: could not write event: write experiment-output/0000/slave-037/client-068.log: file already closed
zerolog: could not write event: write experiment-output/0000/slave-037/client-068.log: file already closed
02:28:01.959 INF Profile data written. filename=experiment-output/0000/slave-037/prof-client.cpu name=cpu
zerolog: could not write event: write experiment-output/0000/slave-037/client-067.log: file already closed
zerolog: could not write event: write experiment-output/0000/slave-037/client-067.log: file already closed
02:28:01.969 INF Profile data written. filename=experiment-output/0000/slave-037/prof-client.block name=block
zerolog: could not write event: write experiment-output/0000/slave-037/client-067.log: file already closed
zerolog: could not write event: write experiment-output/0000/slave-037/client-067.log: file already closed
02:28:01.975 INF Profile data written. filename=experiment-output/0000/slave-037/prof-client.mutex name=mutex
