{"level":"debug","Logging":"info","time":"2023-03-28T09:41:37Z","message":"Config"}
{"level":"debug","UseTLS":false,"time":"2023-03-28T09:41:37Z","message":"Config"}
{"level":"debug","CACertFile":"tls-data/ca.pem","time":"2023-03-28T09:41:37Z","message":"Config"}
{"level":"debug","KeyFile":"tls-data/auth.key","time":"2023-03-28T09:41:37Z","message":"Config"}
{"level":"debug","CertFile":"tls-data/auth.pem","time":"2023-03-28T09:41:37Z","message":"Config"}
{"level":"debug","PriorityConnections":2,"time":"2023-03-28T09:41:37Z","message":"Config"}
{"level":"debug","BasicConnections":1,"time":"2023-03-28T09:41:37Z","message":"Config"}
{"level":"debug","TestConnections":false,"time":"2023-03-28T09:41:37Z","message":"Config"}
{"level":"debug","ExcessConnections":1,"time":"2023-03-28T09:41:37Z","message":"Config"}
{"level":"debug","ConnectionTestMsgs":4,"time":"2023-03-28T09:41:37Z","message":"Config"}
{"level":"debug","ConnectionTestPayload":131072,"time":"2023-03-28T09:41:37Z","message":"Config"}
{"level":"debug","OutMessageBufsize":1024,"time":"2023-03-28T09:41:37Z","message":"Config"}
{"level":"debug","OutMessageBufsize":8,"time":"2023-03-28T09:41:37Z","message":"Config"}
{"level":"debug","ThroughputCap":131072000,"time":"2023-03-28T09:41:37Z","message":"Config"}
{"level":"debug","StragglerTolerance":1000,"time":"2023-03-28T09:41:37Z","message":"Config"}
{"level":"debug","BatchSizeIncrement":256,"time":"2023-03-28T09:41:37Z","message":"Config"}
{"level":"debug","Orderer":"Pbft","time":"2023-03-28T09:41:37Z","message":"Config"}
{"level":"debug","Manager":"Mir","time":"2023-03-28T09:41:37Z","message":"Config"}
{"level":"debug","Failures":0,"time":"2023-03-28T09:41:37Z","message":"Config"}
{"level":"debug","StragglerCnt":0,"time":"2023-03-28T09:41:37Z","message":"Config"}
{"level":"debug","CrashTiming":"Straggler","time":"2023-03-28T09:41:37Z","message":"Config"}
{"level":"debug","CheckpointInterval":512,"time":"2023-03-28T09:41:37Z","message":"Config"}
{"level":"debug","WatermarkWindowSize":512,"time":"2023-03-28T09:41:37Z","message":"Config"}
{"level":"debug","EpochLength":512,"time":"2023-03-28T09:41:37Z","message":"Config"}
{"level":"debug","SegmentLength":16,"time":"2023-03-28T09:41:37Z","message":"Config"}
{"level":"debug","WaitForCheckpoints":true,"time":"2023-03-28T09:41:37Z","message":"Config"}
{"level":"debug","ClientWatermarkWindowSize":16384,"time":"2023-03-28T09:41:37Z","message":"Config"}
{"level":"debug","ClientRequestBacklogSize":16384,"time":"2023-03-28T09:41:37Z","message":"Config"}
{"level":"debug","RandomSeed":25440,"time":"2023-03-28T09:41:37Z","message":"Config"}
{"level":"debug","NodeToLeaderRatio":1,"time":"2023-03-28T09:41:37Z","message":"Config"}
{"level":"debug","LeaderPolicy":"Simple","time":"2023-03-28T09:41:37Z","message":"Config"}
{"level":"debug","DefaultLeaderBan":2,"time":"2023-03-28T09:41:37Z","message":"Config"}
{"level":"debug","NumBuckets":512,"time":"2023-03-28T09:41:37Z","message":"Config"}
{"level":"debug","BatchSize":1000,"time":"2023-03-28T09:41:37Z","message":"Config"}
{"level":"debug","DisabledViewChange":false,"time":"2023-03-28T09:41:37Z","message":"Config"}
{"level":"debug","ViewChangeTimeout":60000,"time":"2023-03-28T09:41:37Z","message":"Config"}
{"level":"debug","ClientTraceSampling":10,"time":"2023-03-28T09:41:37Z","message":"Config"}
{"level":"debug","EventBufferSize":2097152,"time":"2023-03-28T09:41:37Z","message":"Config"}
{"level":"debug","TraceSampling":1,"time":"2023-03-28T09:41:37Z","message":"Config"}
{"level":"debug","ClientsPerProcess":8,"time":"2023-03-28T09:41:37Z","message":"Config"}
{"level":"debug","RequestsPerClient":5273,"time":"2023-03-28T09:41:37Z","message":"Config"}
{"level":"debug","ClientRunTime":15000,"time":"2023-03-28T09:41:37Z","message":"Config"}
{"level":"debug","RequestRate":175,"time":"2023-03-28T09:41:37Z","message":"Config"}
{"level":"debug","HardRequestRateLimit":false,"time":"2023-03-28T09:41:37Z","message":"Config"}
{"level":"debug","RequestPayloadSize":500,"time":"2023-03-28T09:41:37Z","message":"Config"}
{"level":"debug","SignRequests":true,"time":"2023-03-28T09:41:37Z","message":"Config"}
{"level":"debug","ClientPrivKeyFile":"tls-data/client-ecdsa-256.key","time":"2023-03-28T09:41:37Z","message":"Config"}
{"level":"debug","ClientPubKeyFile":"tls-data/client-ecdsa-256.pem","time":"2023-03-28T09:41:37Z","message":"Config"}
{"level":"debug","PrecomputeRequests":false,"time":"2023-03-28T09:41:37Z","message":"Config"}
{"level":"debug","RequestHandlerThreads":32,"time":"2023-03-28T09:41:37Z","message":"Config"}
{"level":"debug","RequestInputChannelBuffer":8192,"time":"2023-03-28T09:41:37Z","message":"Config"}
{"level":"debug","BatchVerifier":"external","time":"2023-03-28T09:41:37Z","message":"Config"}
09:41:37.206 INF Started Profiler: CPU
09:41:37.206 INF Started Profiler: BLOCK
09:41:37.206 INF Started Profiler: MUTEX
09:41:37.206 INF Starting clients. numClients=8 numRequests=5273
09:41:37.206 INF Initilizing clients.
09:41:37.770 INF Registared with discovery server. numOrderers=32 ownClientId=195
09:41:37.770 INF Registared with discovery server. numOrderers=32 ownClientId=196
09:41:37.771 INF Registared with discovery server. numOrderers=32 ownClientId=200
09:41:37.771 INF Registared with discovery server. numOrderers=32 ownClientId=208
09:41:37.772 INF Registared with discovery server. numOrderers=32 ownClientId=219
09:41:37.772 INF Registared with discovery server. numOrderers=32 ownClientId=233
09:41:37.772 INF Registared with discovery server. numOrderers=32 ownClientId=230
09:41:37.772 INF Registared with discovery server. numOrderers=32 ownClientId=237
09:41:37.772 INF Clients initialized.
09:41:37.772 INF Launching clients.
09:41:37.772 INF Waiting for clients.
09:42:04.221 INF Stopping Tracer. events=1520 fileName=experiment-output/0008/slave-038/client-233.trc
zerolog: could not write event: write experiment-output/0008/slave-038/client-233.log: file already closed
zerolog: could not write event: write experiment-output/0008/slave-038/client-233.log: file already closed
09:42:04.221 INF Stopping Tracer. events=1068 fileName=experiment-output/0008/slave-038/client-230.trc
zerolog: could not write event: write experiment-output/0008/slave-038/client-233.log: file already closed
zerolog: could not write event: write experiment-output/0008/slave-038/client-233.log: file already closed
zerolog: could not write event: write experiment-output/0008/slave-038/client-233.log: file already closed
zerolog: could not write event: write experiment-output/0008/slave-038/client-233.log: file already closed
zerolog: could not write event: write experiment-output/0008/slave-038/client-233.log: file already closed
zerolog: could not write event: write experiment-output/0008/slave-038/client-230.log: file already closed
zerolog: could not write event: write experiment-output/0008/slave-038/client-230.log: file already closed
zerolog: could not write event: write experiment-output/0008/slave-038/client-230.log: file already closed
zerolog: could not write event: write experiment-output/0008/slave-038/client-233.log: file already closed
zerolog: could not write event: write experiment-output/0008/slave-038/client-230.log: file already closed
zerolog: could not write event: write experiment-output/0008/slave-038/client-230.log: file already closed
zerolog: could not write event: write experiment-output/0008/slave-038/client-230.log: file already closed
zerolog: could not write event: write experiment-output/0008/slave-038/client-230.log: file already closed
zerolog: could not write event: write experiment-output/0008/slave-038/client-230.log: file already closed
09:42:04.223 INF Trace data written.
09:42:04.224 INF Trace data written.
09:42:04.255 INF Stopping Tracer. events=1063 fileName=experiment-output/0008/slave-038/client-208.trc
zerolog: could not write event: write experiment-output/0008/slave-038/client-208.log: file already closed
zerolog: could not write event: write experiment-output/0008/slave-038/client-208.log: file already closed
zerolog: could not write event: write experiment-output/0008/slave-038/client-208.log: file already closed
zerolog: could not write event: write experiment-output/0008/slave-038/client-208.log: file already closed
zerolog: could not write event: write experiment-output/0008/slave-038/client-208.log: file already closed
zerolog: could not write event: write experiment-output/0008/slave-038/client-208.log: file already closed
zerolog: could not write event: write experiment-output/0008/slave-038/client-208.log: file already closed
zerolog: could not write event: write experiment-output/0008/slave-038/client-208.log: file already closed
09:42:04.257 INF Trace data written.
09:42:04.261 INF Stopping Tracer. events=1552 fileName=experiment-output/0008/slave-038/client-237.trc
09:42:04.261 INF Stopping Tracer. events=1066 fileName=experiment-output/0008/slave-038/client-200.trc
zerolog: could not write event: write experiment-output/0008/slave-038/client-237.log: file already closed
zerolog: could not write event: write experiment-output/0008/slave-038/client-237.log: file already closed
zerolog: could not write event: write experiment-output/0008/slave-038/client-237.log: file already closed
zerolog: could not write event: write experiment-output/0008/slave-038/client-200.log: file already closed
zerolog: could not write event: write experiment-output/0008/slave-038/client-200.log: file already closed
zerolog: could not write event: write experiment-output/0008/slave-038/client-200.log: file already closed
zerolog: could not write event: write experiment-output/0008/slave-038/client-200.log: file already closed
zerolog: could not write event: write experiment-output/0008/slave-038/client-237.log: file already closed
zerolog: could not write event: write experiment-output/0008/slave-038/client-200.log: file already closed
zerolog: could not write event: write experiment-output/0008/slave-038/client-237.log: file already closed
zerolog: could not write event: write experiment-output/0008/slave-038/client-200.log: file already closed
zerolog: could not write event: write experiment-output/0008/slave-038/client-237.log: file already closed
zerolog: could not write event: write experiment-output/0008/slave-038/client-200.log: file already closed
zerolog: could not write event: write experiment-output/0008/slave-038/client-237.log: file already closed
zerolog: could not write event: write experiment-output/0008/slave-038/client-200.log: file already closed
zerolog: could not write event: write experiment-output/0008/slave-038/client-237.log: file already closed
09:42:04.263 INF Trace data written.
09:42:04.264 INF Stopping Tracer. events=1552 fileName=experiment-output/0008/slave-038/client-219.trc
09:42:04.264 INF Stopping Tracer. events=1566 fileName=experiment-output/0008/slave-038/client-195.trc
09:42:04.264 INF Trace data written.
zerolog: could not write event: write experiment-output/0008/slave-038/client-195.log: file already closed
zerolog: could not write event: write experiment-output/0008/slave-038/client-219.log: file already closed
zerolog: could not write event: write experiment-output/0008/slave-038/client-219.log: file already closed
zerolog: could not write event: write experiment-output/0008/slave-038/client-195.log: file already closed
zerolog: could not write event: write experiment-output/0008/slave-038/client-219.log: file already closed
zerolog: could not write event: write experiment-output/0008/slave-038/client-219.log: file already closed
zerolog: could not write event: write experiment-output/0008/slave-038/client-195.log: file already closed
zerolog: could not write event: write experiment-output/0008/slave-038/client-195.log: file already closed
zerolog: could not write event: write experiment-output/0008/slave-038/client-219.log: file already closed
zerolog: could not write event: write experiment-output/0008/slave-038/client-219.log: file already closed
zerolog: could not write event: write experiment-output/0008/slave-038/client-219.log: file already closed
zerolog: could not write event: write experiment-output/0008/slave-038/client-195.log: file already closed
zerolog: could not write event: write experiment-output/0008/slave-038/client-195.log: file already closed
zerolog: could not write event: write experiment-output/0008/slave-038/client-195.log: file already closed
zerolog: could not write event: write experiment-output/0008/slave-038/client-219.log: file already closed
zerolog: could not write event: write experiment-output/0008/slave-038/client-195.log: file already closed
09:42:04.266 INF Stopping Tracer. events=1067 fileName=experiment-output/0008/slave-038/client-196.trc
zerolog: could not write event: write experiment-output/0008/slave-038/client-196.log: file already closed
zerolog: could not write event: write experiment-output/0008/slave-038/client-196.log: file already closed
zerolog: could not write event: write experiment-output/0008/slave-038/client-196.log: file already closed
zerolog: could not write event: write experiment-output/0008/slave-038/client-196.log: file already closed
zerolog: could not write event: write experiment-output/0008/slave-038/client-196.log: file already closed
zerolog: could not write event: write experiment-output/0008/slave-038/client-196.log: file already closed
zerolog: could not write event: write experiment-output/0008/slave-038/client-196.log: file already closed
zerolog: could not write event: write experiment-output/0008/slave-038/client-196.log: file already closed
09:42:04.268 INF Trace data written.
09:42:04.268 INF Trace data written.
09:42:04.268 INF Trace data written.
09:42:04.268 INF Done.
09:42:04.268 INF Stopping profiler.
09:42:04.281 INF Profile data written. filename=experiment-output/0008/slave-038/prof-client.mutex name=mutex
zerolog: could not write event: write experiment-output/0008/slave-038/client-233.log: file already closed
zerolog: could not write event: write experiment-output/0008/slave-038/client-230.log: file already closed
zerolog: could not write event: write experiment-output/0008/slave-038/client-233.log: file already closed
zerolog: could not write event: write experiment-output/0008/slave-038/client-233.log: file already closed
zerolog: could not write event: write experiment-output/0008/slave-038/client-233.log: file already closed
zerolog: could not write event: write experiment-output/0008/slave-038/client-233.log: file already closed
zerolog: could not write event: write experiment-output/0008/slave-038/client-230.log: file already closed
zerolog: could not write event: write experiment-output/0008/slave-038/client-230.log: file already closed
zerolog: could not write event: write experiment-output/0008/slave-038/client-233.log: file already closed
zerolog: could not write event: write experiment-output/0008/slave-038/client-233.log: file already closed
zerolog: could not write event: write experiment-output/0008/slave-038/client-233.log: file already closed
zerolog: could not write event: write experiment-output/0008/slave-038/client-230.log: file already closed
zerolog: could not write event: write experiment-output/0008/slave-038/client-230.log: file already closed
zerolog: could not write event: write experiment-output/0008/slave-038/client-230.log: file already closed
zerolog: could not write event: write experiment-output/0008/slave-038/client-230.log: file already closed
zerolog: could not write event: write experiment-output/0008/slave-038/client-230.log: file already closed
zerolog: could not write event: write experiment-output/0008/slave-038/client-208.log: file already closed
zerolog: could not write event: write experiment-output/0008/slave-038/client-208.log: file already closed
zerolog: could not write event: write experiment-output/0008/slave-038/client-208.log: file already closed
zerolog: could not write event: write experiment-output/0008/slave-038/client-208.log: file already closed
zerolog: could not write event: write experiment-output/0008/slave-038/client-237.log: file already closed
zerolog: could not write event: write experiment-output/0008/slave-038/client-200.log: file already closed
zerolog: could not write event: write experiment-output/0008/slave-038/client-200.log: file already closed
zerolog: could not write event: write experiment-output/0008/slave-038/client-237.log: file already closed
zerolog: could not write event: write experiment-output/0008/slave-038/client-200.log: file already closed
zerolog: could not write event: write experiment-output/0008/slave-038/client-200.log: file already closed
zerolog: could not write event: write experiment-output/0008/slave-038/client-200.log: file already closed
zerolog: could not write event: write experiment-output/0008/slave-038/client-237.log: file already closed
zerolog: could not write event: write experiment-output/0008/slave-038/client-237.log: file already closed
zerolog: could not write event: write experiment-output/0008/slave-038/client-219.log: file already closed
zerolog: could not write event: write experiment-output/0008/slave-038/client-219.log: file already closed
zerolog: could not write event: write experiment-output/0008/slave-038/client-195.log: file already closed
zerolog: could not write event: write experiment-output/0008/slave-038/client-195.log: file already closed
zerolog: could not write event: write experiment-output/0008/slave-038/client-195.log: file already closed
zerolog: could not write event: write experiment-output/0008/slave-038/client-195.log: file already closed
zerolog: could not write event: write experiment-output/0008/slave-038/client-196.log: file already closed
zerolog: could not write event: write experiment-output/0008/slave-038/client-219.log: file already closed
zerolog: could not write event: write experiment-output/0008/slave-038/client-195.log: file already closed
zerolog: could not write event: write experiment-output/0008/slave-038/client-219.log: file already closed
zerolog: could not write event: write experiment-output/0008/slave-038/client-196.log: file already closed
zerolog: could not write event: write experiment-output/0008/slave-038/client-196.log: file already closed
zerolog: could not write event: write experiment-output/0008/slave-038/client-196.log: file already closed
zerolog: could not write event: write experiment-output/0008/slave-038/client-196.log: file already closed
zerolog: could not write event: write experiment-output/0008/slave-038/client-208.log: file already closed
zerolog: could not write event: write experiment-output/0008/slave-038/client-208.log: file already closed
zerolog: could not write event: write experiment-output/0008/slave-038/client-208.log: file already closed
zerolog: could not write event: write experiment-output/0008/slave-038/client-208.log: file already closed
zerolog: could not write event: write experiment-output/0008/slave-038/client-200.log: file already closed
zerolog: could not write event: write experiment-output/0008/slave-038/client-200.log: file already closed
zerolog: could not write event: write experiment-output/0008/slave-038/client-237.log: file already closed
zerolog: could not write event: write experiment-output/0008/slave-038/client-237.log: file already closed
zerolog: could not write event: write experiment-output/0008/slave-038/client-200.log: file already closed
zerolog: could not write event: write experiment-output/0008/slave-038/client-237.log: file already closed
zerolog: could not write event: write experiment-output/0008/slave-038/client-237.log: file already closed
zerolog: could not write event: write experiment-output/0008/slave-038/client-219.log: file already closed
zerolog: could not write event: write experiment-output/0008/slave-038/client-196.log: file already closed
zerolog: could not write event: write experiment-output/0008/slave-038/client-219.log: file already closed
zerolog: could not write event: write experiment-output/0008/slave-038/client-195.log: file already closed
zerolog: could not write event: write experiment-output/0008/slave-038/client-219.log: file already closed
zerolog: could not write event: write experiment-output/0008/slave-038/client-195.log: file already closed
zerolog: could not write event: write experiment-output/0008/slave-038/client-195.log: file already closed
zerolog: could not write event: write experiment-output/0008/slave-038/client-196.log: file already closed
zerolog: could not write event: write experiment-output/0008/slave-038/client-219.log: file already closed
zerolog: could not write event: write experiment-output/0008/slave-038/client-196.log: file already closed
zerolog: could not write event: write experiment-output/0008/slave-038/client-233.log: file already closed
zerolog: could not write event: write experiment-output/0008/slave-038/client-233.log: file already closed
zerolog: could not write event: write experiment-output/0008/slave-038/client-233.log: file already closed
zerolog: could not write event: write experiment-output/0008/slave-038/client-233.log: file already closed
zerolog: could not write event: write experiment-output/0008/slave-038/client-230.log: file already closed
zerolog: could not write event: write experiment-output/0008/slave-038/client-233.log: file already closed
zerolog: could not write event: write experiment-output/0008/slave-038/client-233.log: file already closed
zerolog: could not write event: write experiment-output/0008/slave-038/client-233.log: file already closed
zerolog: could not write event: write experiment-output/0008/slave-038/client-233.log: file already closed
zerolog: could not write event: write experiment-output/0008/slave-038/client-230.log: file already closed
zerolog: could not write event: write experiment-output/0008/slave-038/client-230.log: file already closed
zerolog: could not write event: write experiment-output/0008/slave-038/client-230.log: file already closed
zerolog: could not write event: write experiment-output/0008/slave-038/client-230.log: file already closed
zerolog: could not write event: write experiment-output/0008/slave-038/client-230.log: file already closed
zerolog: could not write event: write experiment-output/0008/slave-038/client-230.log: file already closed
zerolog: could not write event: write experiment-output/0008/slave-038/client-230.log: file already closed
09:42:04.428 INF Profile data written. filename=experiment-output/0008/slave-038/prof-client.cpu name=cpu
09:42:04.437 INF Profile data written. filename=experiment-output/0008/slave-038/prof-client.block name=block
