{"level":"debug","Logging":"info","time":"2023-07-16T01:41:01Z","message":"Config"}
{"level":"debug","UseTLS":false,"time":"2023-07-16T01:41:01Z","message":"Config"}
{"level":"debug","CACertFile":"tls-data/ca.pem","time":"2023-07-16T01:41:01Z","message":"Config"}
{"level":"debug","KeyFile":"tls-data/auth.key","time":"2023-07-16T01:41:01Z","message":"Config"}
{"level":"debug","CertFile":"tls-data/auth.pem","time":"2023-07-16T01:41:01Z","message":"Config"}
{"level":"debug","PriorityConnections":2,"time":"2023-07-16T01:41:01Z","message":"Config"}
{"level":"debug","BasicConnections":1,"time":"2023-07-16T01:41:01Z","message":"Config"}
{"level":"debug","TestConnections":false,"time":"2023-07-16T01:41:01Z","message":"Config"}
{"level":"debug","ExcessConnections":1,"time":"2023-07-16T01:41:01Z","message":"Config"}
{"level":"debug","ConnectionTestMsgs":4,"time":"2023-07-16T01:41:01Z","message":"Config"}
{"level":"debug","ConnectionTestPayload":131072,"time":"2023-07-16T01:41:01Z","message":"Config"}
{"level":"debug","OutMessageBufsize":1024,"time":"2023-07-16T01:41:01Z","message":"Config"}
{"level":"debug","OutMessageBufsize":4,"time":"2023-07-16T01:41:01Z","message":"Config"}
{"level":"debug","ThroughputCap":131072000,"time":"2023-07-16T01:41:01Z","message":"Config"}
{"level":"debug","StragglerTolerance":1000,"time":"2023-07-16T01:41:01Z","message":"Config"}
{"level":"debug","BatchSizeIncrement":256,"time":"2023-07-16T01:41:01Z","message":"Config"}
{"level":"debug","Orderer":"Pbft","time":"2023-07-16T01:41:01Z","message":"Config"}
{"level":"debug","Manager":"Mir","time":"2023-07-16T01:41:01Z","message":"Config"}
{"level":"debug","Failures":0,"time":"2023-07-16T01:41:01Z","message":"Config"}
{"level":"debug","CrashTiming":"Straggler","time":"2023-07-16T01:41:01Z","message":"Config"}
{"level":"debug","CheckpointInterval":512,"time":"2023-07-16T01:41:01Z","message":"Config"}
{"level":"debug","WatermarkWindowSize":512,"time":"2023-07-16T01:41:01Z","message":"Config"}
{"level":"debug","EpochLength":512,"time":"2023-07-16T01:41:01Z","message":"Config"}
{"level":"debug","SegmentLength":32,"time":"2023-07-16T01:41:01Z","message":"Config"}
{"level":"debug","WaitForCheckpoints":true,"time":"2023-07-16T01:41:01Z","message":"Config"}
{"level":"debug","ClientWatermarkWindowSize":16384,"time":"2023-07-16T01:41:01Z","message":"Config"}
{"level":"debug","ClientRequestBacklogSize":16384,"time":"2023-07-16T01:41:01Z","message":"Config"}
{"level":"debug","RandomSeed":2344,"time":"2023-07-16T01:41:01Z","message":"Config"}
{"level":"debug","NodeToLeaderRatio":1,"time":"2023-07-16T01:41:01Z","message":"Config"}
{"level":"debug","LeaderPolicy":"Simple","time":"2023-07-16T01:41:01Z","message":"Config"}
{"level":"debug","DefaultLeaderBan":2,"time":"2023-07-16T01:41:01Z","message":"Config"}
{"level":"debug","NumBuckets":256,"time":"2023-07-16T01:41:01Z","message":"Config"}
{"level":"debug","BatchSize":2000,"time":"2023-07-16T01:41:01Z","message":"Config"}
{"level":"debug","DisabledViewChange":false,"time":"2023-07-16T01:41:01Z","message":"Config"}
{"level":"debug","ViewChangeTimeout":60000,"time":"2023-07-16T01:41:01Z","message":"Config"}
{"level":"debug","ClientTraceSampling":10,"time":"2023-07-16T01:41:01Z","message":"Config"}
{"level":"debug","EventBufferSize":2097152,"time":"2023-07-16T01:41:01Z","message":"Config"}
{"level":"debug","TraceSampling":1,"time":"2023-07-16T01:41:01Z","message":"Config"}
{"level":"debug","ClientsPerProcess":8,"time":"2023-07-16T01:41:01Z","message":"Config"}
{"level":"debug","RequestsPerClient":7031,"time":"2023-07-16T01:41:01Z","message":"Config"}
{"level":"debug","ClientRunTime":30000,"time":"2023-07-16T01:41:01Z","message":"Config"}
{"level":"debug","RequestRate":117,"time":"2023-07-16T01:41:01Z","message":"Config"}
{"level":"debug","HardRequestRateLimit":false,"time":"2023-07-16T01:41:01Z","message":"Config"}
{"level":"debug","RequestPayloadSize":500,"time":"2023-07-16T01:41:01Z","message":"Config"}
{"level":"debug","SignRequests":true,"time":"2023-07-16T01:41:01Z","message":"Config"}
{"level":"debug","ClientPrivKeyFile":"tls-data/client-ecdsa-256.key","time":"2023-07-16T01:41:01Z","message":"Config"}
{"level":"debug","ClientPubKeyFile":"tls-data/client-ecdsa-256.pem","time":"2023-07-16T01:41:01Z","message":"Config"}
{"level":"debug","PrecomputeRequests":false,"time":"2023-07-16T01:41:01Z","message":"Config"}
{"level":"debug","RequestHandlerThreads":32,"time":"2023-07-16T01:41:01Z","message":"Config"}
{"level":"debug","RequestInputChannelBuffer":8192,"time":"2023-07-16T01:41:01Z","message":"Config"}
{"level":"debug","BatchVerifier":"external","time":"2023-07-16T01:41:01Z","message":"Config"}
01:41:01.738 INF Started Profiler: CPU
01:41:01.738 INF Started Profiler: BLOCK
01:41:01.738 INF Started Profiler: MUTEX
01:41:01.738 INF Starting clients. numClients=8 numRequests=7031
01:41:01.738 INF Initilizing clients.
01:41:02.030 INF Registared with discovery server. numOrderers=17 ownClientId=18
01:41:02.030 INF Registared with discovery server. numOrderers=17 ownClientId=60
01:41:02.037 INF Registared with discovery server. numOrderers=17 ownClientId=26
01:41:02.038 INF Registared with discovery server. numOrderers=17 ownClientId=24
01:41:02.076 INF Registared with discovery server. numOrderers=17 ownClientId=132
01:41:02.079 INF Registared with discovery server. numOrderers=17 ownClientId=147
01:41:02.083 INF Registared with discovery server. numOrderers=17 ownClientId=188
01:41:02.083 INF Registared with discovery server. numOrderers=17 ownClientId=180
01:41:02.083 INF Clients initialized.
01:41:02.083 INF Launching clients.
01:41:02.083 INF Waiting for clients.
01:43:24.710 INF Stopping Tracer. events=2163 fileName=experiment-output/0000/slave-002/client-132.trc
01:43:24.714 INF Trace data written.
01:43:24.724 INF Stopping Tracer. events=2038 fileName=experiment-output/0000/slave-002/client-018.trc
01:43:24.724 INF Stopping Tracer. events=2179 fileName=experiment-output/0000/slave-002/client-180.trc
01:43:24.727 INF Trace data written.
01:43:24.728 INF Trace data written.
01:43:24.743 INF Stopping Tracer. events=2177 fileName=experiment-output/0000/slave-002/client-060.trc
01:43:24.746 INF Trace data written.
01:43:24.753 INF Stopping Tracer. events=1412 fileName=experiment-output/0000/slave-002/client-147.trc
01:43:24.755 INF Trace data written.
01:43:24.759 INF Stopping Tracer. events=2085 fileName=experiment-output/0000/slave-002/client-024.trc
01:43:24.763 INF Trace data written.
01:43:24.770 INF Stopping Tracer. events=2116 fileName=experiment-output/0000/slave-002/client-026.trc
01:43:24.771 INF Stopping Tracer. events=2084 fileName=experiment-output/0000/slave-002/client-188.trc
01:43:24.774 INF Trace data written.
01:43:24.774 INF Trace data written.
01:43:24.774 INF Done.
01:43:24.774 INF Stopping profiler.
zerolog: could not write event: write experiment-output/0000/slave-002/client-132.log: file already closed
zerolog: could not write event: write experiment-output/0000/slave-002/client-132.log: file already closed
zerolog: could not write event: write experiment-output/0000/slave-002/client-132.log: file already closed
zerolog: could not write event: write experiment-output/0000/slave-002/client-132.log: file already closed
zerolog: could not write event: write experiment-output/0000/slave-002/client-132.log: file already closed
zerolog: could not write event: write experiment-output/0000/slave-002/client-180.log: file already closed
zerolog: could not write event: write experiment-output/0000/slave-002/client-018.log: file already closed
zerolog: could not write event: write experiment-output/0000/slave-002/client-180.log: file already closed
zerolog: could not write event: write experiment-output/0000/slave-002/client-132.log: file already closed
zerolog: could not write event: write experiment-output/0000/slave-002/client-180.log: file already closed
zerolog: could not write event: write experiment-output/0000/slave-002/client-018.log: file already closed
zerolog: could not write event: write experiment-output/0000/slave-002/client-132.log: file already closed
zerolog: could not write event: write experiment-output/0000/slave-002/client-132.log: file already closed
zerolog: could not write event: write experiment-output/0000/slave-002/client-132.log: file already closed
zerolog: could not write event: write experiment-output/0000/slave-002/client-132.log: file already closed
zerolog: could not write event: write experiment-output/0000/slave-002/client-180.log: file already closed
zerolog: could not write event: write experiment-output/0000/slave-002/client-132.log: file already closed
zerolog: could not write event: write experiment-output/0000/slave-002/client-018.log: file already closed
zerolog: could not write event: write experiment-output/0000/slave-002/client-132.log: file already closed
zerolog: could not write event: write experiment-output/0000/slave-002/client-180.log: file already closed
zerolog: could not write event: write experiment-output/0000/slave-002/client-132.log: file already closed
zerolog: could not write event: write experiment-output/0000/slave-002/client-132.log: file already closed
zerolog: could not write event: write experiment-output/0000/slave-002/client-147.log: file already closed
zerolog: could not write event: write experiment-output/0000/slave-002/client-132.log: file already closed
zerolog: could not write event: write experiment-output/0000/slave-002/client-132.log: file already closed
zerolog: could not write event: write experiment-output/0000/slave-002/client-180.log: file already closed
zerolog: could not write event: write experiment-output/0000/slave-002/client-018.log: file already closed
zerolog: could not write event: write experiment-output/0000/slave-002/client-060.log: file already closed
zerolog: could not write event: write experiment-output/0000/slave-002/client-180.log: file already closed
zerolog: could not write event: write experiment-output/0000/slave-002/client-147.log: file already closed
zerolog: could not write event: write experiment-output/0000/slave-002/client-147.log: file already closed
zerolog: could not write event: write experiment-output/0000/slave-002/client-018.log: file already closed
zerolog: could not write event: write experiment-output/0000/slave-002/client-180.log: file already closed
zerolog: could not write event: write experiment-output/0000/slave-002/client-018.log: file already closed
zerolog: could not write event: write experiment-output/0000/slave-002/client-060.log: file already closed
zerolog: could not write event: write experiment-output/0000/slave-002/client-180.log: file already closed
zerolog: could not write event: write experiment-output/0000/slave-002/client-180.log: file already closed
zerolog: could not write event: write experiment-output/0000/slave-002/client-060.log: file already closed
zerolog: could not write event: write experiment-output/0000/slave-002/client-060.log: file already closed
zerolog: could not write event: write experiment-output/0000/slave-002/client-180.log: file already closed
zerolog: could not write event: write experiment-output/0000/slave-002/client-018.log: file already closed
zerolog: could not write event: write experiment-output/0000/slave-002/client-060.log: file already closed
zerolog: could not write event: write experiment-output/0000/slave-002/client-018.log: file already closed
zerolog: could not write event: write experiment-output/0000/slave-002/client-180.log: file already closed
zerolog: could not write event: write experiment-output/0000/slave-002/client-024.log: file already closed
zerolog: could not write event: write experiment-output/0000/slave-002/client-147.log: file already closed
zerolog: could not write event: write experiment-output/0000/slave-002/client-147.log: file already closed
zerolog: could not write event: write experiment-output/0000/slave-002/client-018.log: file already closed
zerolog: could not write event: write experiment-output/0000/slave-002/client-180.log: file already closed
zerolog: could not write event: write experiment-output/0000/slave-002/client-180.log: file already closed
zerolog: could not write event: write experiment-output/0000/slave-002/client-188.log: file already closed
zerolog: could not write event: write experiment-output/0000/slave-002/client-018.log: file already closed
zerolog: could not write event: write experiment-output/0000/slave-002/client-024.log: file already closed
zerolog: could not write event: write experiment-output/0000/slave-002/client-018.log: file already closed
zerolog: could not write event: write experiment-output/0000/slave-002/client-147.log: file already closed
zerolog: could not write event: write experiment-output/0000/slave-002/client-132.log: file already closed
zerolog: could not write event: write experiment-output/0000/slave-002/client-147.log: file already closed
zerolog: could not write event: write experiment-output/0000/slave-002/client-060.log: file already closed
zerolog: could not write event: write experiment-output/0000/slave-002/client-060.log: file already closed
zerolog: could not write event: write experiment-output/0000/slave-002/client-024.log: file already closed
zerolog: could not write event: write experiment-output/0000/slave-002/client-018.log: file already closed
zerolog: could not write event: write experiment-output/0000/slave-002/client-180.log: file already closed
zerolog: could not write event: write experiment-output/0000/slave-002/client-018.log: file already closed
zerolog: could not write event: write experiment-output/0000/slave-002/client-060.log: file already closed
zerolog: could not write event: write experiment-output/0000/slave-002/client-180.log: file already closed
zerolog: could not write event: write experiment-output/0000/slave-002/client-147.log: file already closed
zerolog: could not write event: write experiment-output/0000/slave-002/client-188.log: file already closed
zerolog: could not write event: write experiment-output/0000/slave-002/client-060.log: file already closed
zerolog: could not write event: write experiment-output/0000/slave-002/client-060.log: file already closed
zerolog: could not write event: write experiment-output/0000/slave-002/client-024.log: file already closed
zerolog: could not write event: write experiment-output/0000/slave-002/client-060.log: file already closed
zerolog: could not write event: write experiment-output/0000/slave-002/client-188.log: file already closed
zerolog: could not write event: write experiment-output/0000/slave-002/client-180.log: file already closed
zerolog: could not write event: write experiment-output/0000/slave-002/client-188.log: file already closed
zerolog: could not write event: write experiment-output/0000/slave-002/client-018.log: file already closed
zerolog: could not write event: write experiment-output/0000/slave-002/client-018.log: file already closed
zerolog: could not write event: write experiment-output/0000/slave-002/client-024.log: file already closed
zerolog: could not write event: write experiment-output/0000/slave-002/client-147.log: file already closed
zerolog: could not write event: write experiment-output/0000/slave-002/client-147.log: file already closed
zerolog: could not write event: write experiment-output/0000/slave-002/client-024.log: file already closed
zerolog: could not write event: write experiment-output/0000/slave-002/client-147.log: file already closed
zerolog: could not write event: write experiment-output/0000/slave-002/client-188.log: file already closed
zerolog: could not write event: write experiment-output/0000/slave-002/client-018.log: file already closed
zerolog: could not write event: write experiment-output/0000/slave-002/client-024.log: file already closed
zerolog: could not write event: write experiment-output/0000/slave-002/client-060.log: file already closed
zerolog: could not write event: write experiment-output/0000/slave-002/client-024.log: file already closed
zerolog: could not write event: write experiment-output/0000/slave-002/client-018.log: file already closed
zerolog: could not write event: write experiment-output/0000/slave-002/client-147.log: file already closed
zerolog: could not write event: write experiment-output/0000/slave-002/client-147.log: file already closed
zerolog: could not write event: write experiment-output/0000/slave-002/client-024.log: file already closed
zerolog: could not write event: write experiment-output/0000/slave-002/client-188.log: file already closed
zerolog: could not write event: write experiment-output/0000/slave-002/client-188.log: file already closed
zerolog: could not write event: write experiment-output/0000/slave-002/client-026.log: file already closed
zerolog: could not write event: write experiment-output/0000/slave-002/client-026.log: file already closed
zerolog: could not write event: write experiment-output/0000/slave-002/client-026.log: file already closed
zerolog: could not write event: write experiment-output/0000/slave-002/client-060.log: file already closed
zerolog: could not write event: write experiment-output/0000/slave-002/client-024.log: file already closed
zerolog: could not write event: write experiment-output/0000/slave-002/client-026.log: file already closed
zerolog: could not write event: write experiment-output/0000/slave-002/client-147.log: file already closed
zerolog: could not write event: write experiment-output/0000/slave-002/client-060.log: file already closed
zerolog: could not write event: write experiment-output/0000/slave-002/client-147.log: file already closed
zerolog: could not write event: write experiment-output/0000/slave-002/client-024.log: file already closed
zerolog: could not write event: write experiment-output/0000/slave-002/client-024.log: file already closed
zerolog: could not write event: write experiment-output/0000/slave-002/client-024.log: file already closed
zerolog: could not write event: write experiment-output/0000/slave-002/client-147.log: file already closed
zerolog: could not write event: write experiment-output/0000/slave-002/client-188.log: file already closed
zerolog: could not write event: write experiment-output/0000/slave-002/client-147.log: file already closed
zerolog: could not write event: write experiment-output/0000/slave-002/client-188.log: file already closed
zerolog: could not write event: write experiment-output/0000/slave-002/client-026.log: file already closed
zerolog: could not write event: write experiment-output/0000/slave-002/client-026.log: file already closed
zerolog: could not write event: write experiment-output/0000/slave-002/client-060.log: file already closed
zerolog: could not write event: write experiment-output/0000/slave-002/client-026.log: file already closed
zerolog: could not write event: write experiment-output/0000/slave-002/client-026.log: file already closed
zerolog: could not write event: write experiment-output/0000/slave-002/client-024.log: file already closed
zerolog: could not write event: write experiment-output/0000/slave-002/client-060.log: file already closed
zerolog: could not write event: write experiment-output/0000/slave-002/client-188.log: file already closed
zerolog: could not write event: write experiment-output/0000/slave-002/client-060.log: file already closed
zerolog: could not write event: write experiment-output/0000/slave-002/client-188.log: file already closed
zerolog: could not write event: write experiment-output/0000/slave-002/client-026.log: file already closed
zerolog: could not write event: write experiment-output/0000/slave-002/client-026.log: file already closed
zerolog: could not write event: write experiment-output/0000/slave-002/client-026.log: file already closed
zerolog: could not write event: write experiment-output/0000/slave-002/client-026.log: file already closed
zerolog: could not write event: write experiment-output/0000/slave-002/client-024.log: file already closed
zerolog: could not write event: write experiment-output/0000/slave-002/client-026.log: file already closed
zerolog: could not write event: write experiment-output/0000/slave-002/client-024.log: file already closed
zerolog: could not write event: write experiment-output/0000/slave-002/client-188.log: file already closed
zerolog: could not write event: write experiment-output/0000/slave-002/client-024.log: file already closed
zerolog: could not write event: write experiment-output/0000/slave-002/client-026.log: file already closed
zerolog: could not write event: write experiment-output/0000/slave-002/client-026.log: file already closed
zerolog: could not write event: write experiment-output/0000/slave-002/client-188.log: file already closed
zerolog: could not write event: write experiment-output/0000/slave-002/client-188.log: file already closed
zerolog: could not write event: write experiment-output/0000/slave-002/client-026.log: file already closed
zerolog: could not write event: write experiment-output/0000/slave-002/client-188.log: file already closed
zerolog: could not write event: write experiment-output/0000/slave-002/client-188.log: file already closed
zerolog: could not write event: write experiment-output/0000/slave-002/client-188.log: file already closed
zerolog: could not write event: write experiment-output/0000/slave-002/client-026.log: file already closed
01:43:24.931 INF Profile data written. filename=experiment-output/0000/slave-002/prof-client.cpu name=cpu
01:43:24.949 INF Profile data written. filename=experiment-output/0000/slave-002/prof-client.block name=block
01:43:24.953 INF Profile data written. filename=experiment-output/0000/slave-002/prof-client.mutex name=mutex
