13:02:58.649 INF Connecting to orderer. addrStr=52.55.102.251:10165 peerId=15
13:02:58.649 INF Connecting to orderer. addrStr=50.19.172.146:10000 peerId=0
13:02:58.650 INF Connecting to orderer. addrStr=54.221.92.96:10011 peerId=1
13:02:58.650 INF Connecting to orderer. addrStr=23.22.237.108:10022 peerId=2
13:02:58.650 INF Connecting to orderer. addrStr=3.85.97.42:10033 peerId=3
13:02:58.650 INF Connecting to orderer. addrStr=54.82.103.72:10044 peerId=4
13:02:58.650 INF Connecting to orderer. addrStr=54.157.12.60:10055 peerId=5
13:02:58.651 INF Connecting to orderer. addrStr=52.2.214.31:10110 peerId=10
13:02:58.650 INF Connecting to orderer. addrStr=54.88.22.192:10077 peerId=7
13:02:58.651 INF Connecting to orderer. addrStr=54.173.154.148:10121 peerId=11
13:02:58.651 INF Connecting to orderer. addrStr=54.86.60.29:10099 peerId=9
13:02:58.651 INF Connecting to orderer. addrStr=100.26.43.29:10066 peerId=6
13:02:58.651 INF Connecting to orderer. addrStr=18.215.169.132:10132 peerId=12
13:02:58.651 INF Connecting to orderer. addrStr=54.208.182.165:10088 peerId=8
13:02:58.652 INF Connecting to orderer. addrStr=34.234.69.236:10143 peerId=13
13:02:58.652 INF Connecting to orderer. addrStr=54.91.127.60:10154 peerId=14
13:02:58.684 INF Connected to orderer. addrStr=54.208.182.165:10088 id=8
13:02:58.685 INF Connected to orderer. addrStr=54.173.154.148:10121 id=11
13:02:58.685 INF Connected to orderer. addrStr=54.86.60.29:10099 id=9
13:02:58.685 INF Connected to orderer. addrStr=54.157.12.60:10055 id=5
13:02:58.686 INF Connected to orderer. addrStr=23.22.237.108:10022 id=2
13:02:58.686 INF Connected to orderer. addrStr=54.91.127.60:10154 id=14
13:02:58.687 INF Connected to orderer. addrStr=54.221.92.96:10011 id=1
13:02:58.687 INF Connected to orderer. addrStr=52.2.214.31:10110 id=10
13:02:58.688 INF Connected to orderer. addrStr=52.55.102.251:10165 id=15
13:02:58.689 INF Connected to orderer. addrStr=34.234.69.236:10143 id=13
13:02:58.689 INF Connected to orderer. addrStr=3.85.97.42:10033 id=3
13:02:58.690 INF Connected to orderer. addrStr=50.19.172.146:10000 id=0
13:02:58.701 INF Connected to orderer. addrStr=54.82.103.72:10044 id=4
13:02:58.701 INF Connected to orderer. addrStr=54.88.22.192:10077 id=7
13:02:58.701 INF Connected to orderer. addrStr=100.26.43.29:10066 id=6
13:02:58.702 INF Connected to orderer. addrStr=18.215.169.132:10132 id=12
13:02:58.713 INF Connected to orderers.
13:02:58.714 INF Updating bucket assignment. epoch=0
13:02:58.714 INF Resubmitted Requests. epoch=0 n=0
13:02:58.715 INF Setting up client timeout. clientRunTime=15000
13:02:58.715 INF Starting to submit requests. numRequests=960
13:02:58.715 INF Submitted request. clSeqNr=0
13:02:58.747 INF Submitted request. clSeqNr=1
13:02:58.777 INF Submitted request. clSeqNr=2
13:02:58.809 INF Submitted request. clSeqNr=3
13:02:58.840 INF Submitted request. clSeqNr=4
13:02:58.872 INF Submitted request. clSeqNr=5
13:02:58.903 INF Submitted request. clSeqNr=6
13:02:58.934 INF Submitted request. clSeqNr=7
13:02:58.965 INF Submitted request. clSeqNr=8
13:02:58.997 INF Submitted request. clSeqNr=9
13:02:59.028 INF Submitted request. clSeqNr=10
13:02:59.059 INF Submitted request. clSeqNr=11
13:02:59.090 INF Submitted request. clSeqNr=12
13:02:59.121 INF Submitted request. clSeqNr=13
13:02:59.153 INF Submitted request. clSeqNr=14
13:02:59.184 INF Submitted request. clSeqNr=15
13:02:59.215 INF Submitted request. clSeqNr=16
13:02:59.247 INF Submitted request. clSeqNr=17
13:02:59.277 INF Submitted request. clSeqNr=18
13:02:59.309 INF Submitted request. clSeqNr=19
13:02:59.340 INF Submitted request. clSeqNr=20
13:02:59.372 INF Submitted request. clSeqNr=21
13:02:59.402 INF Submitted request. clSeqNr=22
13:02:59.434 INF Submitted request. clSeqNr=23
13:02:59.465 INF Submitted request. clSeqNr=24
13:02:59.496 INF Submitted request. clSeqNr=25
13:02:59.528 INF Submitted request. clSeqNr=26
13:02:59.559 INF Submitted request. clSeqNr=27
13:02:59.590 INF Submitted request. clSeqNr=28
13:02:59.621 INF Submitted request. clSeqNr=29
13:02:59.653 INF Submitted request. clSeqNr=30
13:02:59.684 INF Submitted request. clSeqNr=31
13:02:59.715 INF Submitted request. clSeqNr=32
13:02:59.746 INF Submitted request. clSeqNr=33
13:02:59.778 INF Submitted request. clSeqNr=34
13:02:59.809 INF Submitted request. clSeqNr=35
13:02:59.841 INF Submitted request. clSeqNr=36
13:02:59.872 INF Submitted request. clSeqNr=37
13:02:59.902 INF Submitted request. clSeqNr=38
13:02:59.934 INF Submitted request. clSeqNr=39
13:02:59.965 INF Submitted request. clSeqNr=40
13:02:59.997 INF Submitted request. clSeqNr=41
13:03:00.028 INF Submitted request. clSeqNr=42
13:03:00.059 INF Submitted request. clSeqNr=43
13:03:00.090 INF Submitted request. clSeqNr=44
13:03:00.122 INF Submitted request. clSeqNr=45
13:03:00.153 INF Submitted request. clSeqNr=46
13:03:00.184 INF Submitted request. clSeqNr=47
13:03:00.215 INF Submitted request. clSeqNr=48
13:03:00.246 INF Submitted request. clSeqNr=49
13:03:00.278 INF Submitted request. clSeqNr=50
13:03:00.309 INF Submitted request. clSeqNr=51
13:03:00.340 INF Submitted request. clSeqNr=52
13:03:00.372 INF Submitted request. clSeqNr=53
13:03:00.403 INF Submitted request. clSeqNr=54
13:03:00.434 INF Submitted request. clSeqNr=55
13:03:00.465 INF Submitted request. clSeqNr=56
13:03:00.496 INF Submitted request. clSeqNr=57
13:03:00.528 INF Submitted request. clSeqNr=58
13:03:00.559 INF Submitted request. clSeqNr=59
13:03:00.590 INF Submitted request. clSeqNr=60
13:03:00.621 INF Submitted request. clSeqNr=61
13:03:00.653 INF Submitted request. clSeqNr=62
13:03:00.684 INF Submitted request. clSeqNr=63
13:03:00.716 INF Submitted request. clSeqNr=64
13:03:00.746 INF Submitted request. clSeqNr=65
13:03:00.778 INF Submitted request. clSeqNr=66
13:03:00.809 INF Submitted request. clSeqNr=67
13:03:00.840 INF Submitted request. clSeqNr=68
13:03:00.872 INF Submitted request. clSeqNr=69
13:03:00.903 INF Submitted request. clSeqNr=70
13:03:00.934 INF Submitted request. clSeqNr=71
13:03:00.965 INF Submitted request. clSeqNr=72
13:03:00.997 INF Submitted request. clSeqNr=73
13:03:01.028 INF Submitted request. clSeqNr=74
13:03:01.059 INF Submitted request. clSeqNr=75
13:03:01.090 INF Submitted request. clSeqNr=76
13:03:01.122 INF Submitted request. clSeqNr=77
13:03:01.153 INF Submitted request. clSeqNr=78
13:03:01.183 INF Submitted request. clSeqNr=79
13:03:01.215 INF Submitted request. clSeqNr=80
13:03:01.247 INF Submitted request. clSeqNr=81
13:03:01.277 INF Submitted request. clSeqNr=82
13:03:01.309 INF Submitted request. clSeqNr=83
13:03:01.340 INF Submitted request. clSeqNr=84
13:03:01.371 INF Submitted request. clSeqNr=85
13:03:01.403 INF Submitted request. clSeqNr=86
13:03:01.434 INF Submitted request. clSeqNr=87
13:03:01.466 INF Submitted request. clSeqNr=88
13:03:01.496 INF Submitted request. clSeqNr=89
13:03:01.528 INF Submitted request. clSeqNr=90
13:03:01.558 INF Submitted request. clSeqNr=91
13:03:01.590 INF Submitted request. clSeqNr=92
13:03:01.621 INF Submitted request. clSeqNr=93
13:03:01.653 INF Submitted request. clSeqNr=94
13:03:01.684 INF Submitted request. clSeqNr=95
13:03:01.702 INF Request finished (out of order). clSeqNr=15
13:03:01.703 INF Request finished (out of order). clSeqNr=0
13:03:01.703 INF Request delivered (in order). clSeqNr=0
13:03:01.703 INF Request finished (out of order). clSeqNr=16
13:03:01.703 INF Request finished (out of order). clSeqNr=1
13:03:01.703 INF Request delivered (in order). clSeqNr=1
13:03:01.703 INF Request finished (out of order). clSeqNr=17
13:03:01.703 INF Request finished (out of order). clSeqNr=2
13:03:01.703 INF Request delivered (in order). clSeqNr=2
13:03:01.703 INF Request finished (out of order). clSeqNr=18
13:03:01.704 INF Request finished (out of order). clSeqNr=3
13:03:01.704 INF Request delivered (in order). clSeqNr=3
13:03:01.704 INF Request finished (out of order). clSeqNr=19
13:03:01.704 INF Request finished (out of order). clSeqNr=4
13:03:01.704 INF Request delivered (in order). clSeqNr=4
13:03:01.704 INF Request finished (out of order). clSeqNr=20
13:03:01.704 INF Request finished (out of order). clSeqNr=5
13:03:01.704 INF Request delivered (in order). clSeqNr=5
13:03:01.705 INF Request finished (out of order). clSeqNr=21
13:03:01.705 INF Request finished (out of order). clSeqNr=6
13:03:01.705 INF Request delivered (in order). clSeqNr=6
13:03:01.705 INF Request finished (out of order). clSeqNr=22
13:03:01.705 INF Request finished (out of order). clSeqNr=7
13:03:01.705 INF Request delivered (in order). clSeqNr=7
13:03:01.705 INF Request finished (out of order). clSeqNr=23
13:03:01.706 INF Request finished (out of order). clSeqNr=8
13:03:01.706 INF Request delivered (in order). clSeqNr=8
13:03:01.706 INF Request finished (out of order). clSeqNr=24
13:03:01.706 INF Request finished (out of order). clSeqNr=9
13:03:01.706 INF Request delivered (in order). clSeqNr=9
13:03:01.706 INF Request finished (out of order). clSeqNr=25
13:03:01.706 INF Request finished (out of order). clSeqNr=10
13:03:01.707 INF Request delivered (in order). clSeqNr=10
13:03:01.707 INF Request finished (out of order). clSeqNr=26
13:03:01.707 INF Request finished (out of order). clSeqNr=11
13:03:01.707 INF Request delivered (in order). clSeqNr=11
13:03:01.707 INF Request finished (out of order). clSeqNr=27
13:03:01.707 INF Request finished (out of order). clSeqNr=12
13:03:01.707 INF Request delivered (in order). clSeqNr=12
13:03:01.707 INF Request finished (out of order). clSeqNr=28
13:03:01.708 INF Request finished (out of order). clSeqNr=13
13:03:01.708 INF Request delivered (in order). clSeqNr=13
13:03:01.708 INF Request finished (out of order). clSeqNr=29
13:03:01.708 INF Request finished (out of order). clSeqNr=31
13:03:01.708 INF Request finished (out of order). clSeqNr=47
13:03:01.708 INF Request finished (out of order). clSeqNr=32
13:03:01.708 INF Request finished (out of order). clSeqNr=48
13:03:01.708 INF Request finished (out of order). clSeqNr=33
13:03:01.709 INF Request finished (out of order). clSeqNr=49
13:03:01.709 INF Request finished (out of order). clSeqNr=34
13:03:01.709 INF Request finished (out of order). clSeqNr=50
13:03:01.710 INF Request finished (out of order). clSeqNr=35
13:03:01.710 INF Request finished (out of order). clSeqNr=51
13:03:01.710 INF Request finished (out of order). clSeqNr=36
13:03:01.710 INF Request finished (out of order). clSeqNr=52
13:03:01.710 INF Request finished (out of order). clSeqNr=37
13:03:01.711 INF Request finished (out of order). clSeqNr=53
13:03:01.711 INF Request finished (out of order). clSeqNr=38
13:03:01.711 INF Request finished (out of order). clSeqNr=54
13:03:01.711 INF Request finished (out of order). clSeqNr=39
13:03:01.711 INF Request finished (out of order). clSeqNr=55
13:03:01.712 INF Request finished (out of order). clSeqNr=40
13:03:01.712 INF Request finished (out of order). clSeqNr=56
13:03:01.712 INF Request finished (out of order). clSeqNr=41
13:03:01.712 INF Request finished (out of order). clSeqNr=57
13:03:01.712 INF Request finished (out of order). clSeqNr=42
13:03:01.713 INF Request finished (out of order). clSeqNr=58
13:03:01.713 INF Request finished (out of order). clSeqNr=43
13:03:01.713 INF Request finished (out of order). clSeqNr=59
13:03:01.713 INF Request finished (out of order). clSeqNr=44
13:03:01.713 INF Request finished (out of order). clSeqNr=60
13:03:01.714 INF Request finished (out of order). clSeqNr=45
13:03:01.714 INF Request finished (out of order). clSeqNr=61
13:03:01.714 INF Request finished (out of order). clSeqNr=14
13:03:01.714 INF Request delivered (in order). clSeqNr=14
13:03:01.714 INF Request delivered (in order). clSeqNr=15
13:03:01.714 INF Request delivered (in order). clSeqNr=16
13:03:01.714 INF Request delivered (in order). clSeqNr=17
13:03:01.714 INF Request delivered (in order). clSeqNr=18
13:03:01.714 INF Request delivered (in order). clSeqNr=19
13:03:01.714 INF Request delivered (in order). clSeqNr=20
13:03:01.714 INF Request delivered (in order). clSeqNr=21
13:03:01.714 INF Request delivered (in order). clSeqNr=22
13:03:01.714 INF Request delivered (in order). clSeqNr=23
13:03:01.714 INF Request delivered (in order). clSeqNr=24
13:03:01.714 INF Request delivered (in order). clSeqNr=25
13:03:01.714 INF Request delivered (in order). clSeqNr=26
13:03:01.714 INF Request delivered (in order). clSeqNr=27
13:03:01.714 INF Request delivered (in order). clSeqNr=28
13:03:01.714 INF Request delivered (in order). clSeqNr=29
13:03:01.714 INF Request finished (out of order). clSeqNr=30
13:03:01.714 INF Request delivered (in order). clSeqNr=30
13:03:01.714 INF Request delivered (in order). clSeqNr=31
13:03:01.715 INF Request delivered (in order). clSeqNr=32
13:03:01.715 INF Request delivered (in order). clSeqNr=33
13:03:01.715 INF Request delivered (in order). clSeqNr=34
13:03:01.715 INF Request delivered (in order). clSeqNr=35
13:03:01.715 INF Request delivered (in order). clSeqNr=36
13:03:01.715 INF Request delivered (in order). clSeqNr=37
13:03:01.715 INF Request delivered (in order). clSeqNr=38
13:03:01.715 INF Request delivered (in order). clSeqNr=39
13:03:01.715 INF Request delivered (in order). clSeqNr=40
13:03:01.715 INF Request delivered (in order). clSeqNr=41
13:03:01.715 INF Request delivered (in order). clSeqNr=42
13:03:01.715 INF Request delivered (in order). clSeqNr=43
13:03:01.715 INF Request delivered (in order). clSeqNr=44
13:03:01.715 INF Request delivered (in order). clSeqNr=45
13:03:01.715 INF Request finished (out of order). clSeqNr=46
13:03:01.715 INF Request delivered (in order). clSeqNr=46
13:03:01.715 INF Request delivered (in order). clSeqNr=47
13:03:01.715 INF Request delivered (in order). clSeqNr=48
13:03:01.715 INF Request delivered (in order). clSeqNr=49
13:03:01.715 INF Request delivered (in order). clSeqNr=50
13:03:01.715 INF Request delivered (in order). clSeqNr=51
13:03:01.715 INF Request delivered (in order). clSeqNr=52
13:03:01.715 INF Request delivered (in order). clSeqNr=53
13:03:01.715 INF Request delivered (in order). clSeqNr=54
13:03:01.715 INF Request delivered (in order). clSeqNr=55
13:03:01.715 INF Request delivered (in order). clSeqNr=56
13:03:01.715 INF Request delivered (in order). clSeqNr=57
13:03:01.715 INF Request delivered (in order). clSeqNr=58
13:03:01.715 INF Request delivered (in order). clSeqNr=59
13:03:01.715 INF Request delivered (in order). clSeqNr=60
13:03:01.715 INF Request delivered (in order). clSeqNr=61
13:03:01.715 INF Request finished (out of order). clSeqNr=62
13:03:01.715 INF Request delivered (in order). clSeqNr=62
13:03:01.715 INF Request finished (out of order). clSeqNr=78
13:03:01.716 INF Request finished (out of order). clSeqNr=63
13:03:01.716 INF Request delivered (in order). clSeqNr=63
13:03:01.716 INF Request finished (out of order). clSeqNr=79
13:03:01.716 INF Request finished (out of order). clSeqNr=64
13:03:01.716 INF Request delivered (in order). clSeqNr=64
13:03:01.716 INF Request finished (out of order). clSeqNr=80
13:03:01.716 INF Request finished (out of order). clSeqNr=65
13:03:01.716 INF Request delivered (in order). clSeqNr=65
13:03:01.716 INF Request finished (out of order). clSeqNr=81
13:03:01.716 INF Request finished (out of order). clSeqNr=66
13:03:01.716 INF Request delivered (in order). clSeqNr=66
13:03:01.717 INF Request finished (out of order). clSeqNr=82
13:03:01.717 INF Request finished (out of order). clSeqNr=67
13:03:01.717 INF Request delivered (in order). clSeqNr=67
13:03:01.717 INF Request finished (out of order). clSeqNr=83
13:03:01.717 INF Request finished (out of order). clSeqNr=68
13:03:01.717 INF Request delivered (in order). clSeqNr=68
13:03:01.717 INF Request finished (out of order). clSeqNr=84
13:03:01.717 INF Submitted request. clSeqNr=96
13:03:01.717 INF Request finished (out of order). clSeqNr=69
13:03:01.717 INF Request delivered (in order). clSeqNr=69
13:03:01.717 INF Request finished (out of order). clSeqNr=85
13:03:01.718 INF Request finished (out of order). clSeqNr=70
13:03:01.718 INF Request delivered (in order). clSeqNr=70
13:03:01.718 INF Request finished (out of order). clSeqNr=86
13:03:01.718 INF Request finished (out of order). clSeqNr=71
13:03:01.718 INF Request delivered (in order). clSeqNr=71
13:03:01.718 INF Request finished (out of order). clSeqNr=87
13:03:01.718 INF Request finished (out of order). clSeqNr=72
13:03:01.718 INF Request delivered (in order). clSeqNr=72
13:03:01.718 INF Request finished (out of order). clSeqNr=88
13:03:01.719 INF Request finished (out of order). clSeqNr=73
13:03:01.719 INF Request delivered (in order). clSeqNr=73
13:03:01.719 INF Request finished (out of order). clSeqNr=89
13:03:01.719 INF Request finished (out of order). clSeqNr=74
13:03:01.719 INF Request delivered (in order). clSeqNr=74
13:03:01.719 INF Request finished (out of order). clSeqNr=90
13:03:01.719 INF Request finished (out of order). clSeqNr=75
13:03:01.719 INF Request delivered (in order). clSeqNr=75
13:03:01.720 INF Request finished (out of order). clSeqNr=91
13:03:01.720 INF Request finished (out of order). clSeqNr=76
13:03:01.720 INF Request delivered (in order). clSeqNr=76
13:03:01.720 INF Request finished (out of order). clSeqNr=92
13:03:01.720 INF Request finished (out of order). clSeqNr=77
13:03:01.720 INF Request delivered (in order). clSeqNr=77
13:03:01.720 INF Request delivered (in order). clSeqNr=78
13:03:01.720 INF Request delivered (in order). clSeqNr=79
13:03:01.720 INF Request delivered (in order). clSeqNr=80
13:03:01.720 INF Request delivered (in order). clSeqNr=81
13:03:01.720 INF Request delivered (in order). clSeqNr=82
13:03:01.720 INF Request delivered (in order). clSeqNr=83
13:03:01.720 INF Request delivered (in order). clSeqNr=84
13:03:01.720 INF Request delivered (in order). clSeqNr=85
13:03:01.720 INF Request delivered (in order). clSeqNr=86
13:03:01.720 INF Request delivered (in order). clSeqNr=87
13:03:01.720 INF Request delivered (in order). clSeqNr=88
13:03:01.720 INF Request delivered (in order). clSeqNr=89
13:03:01.720 INF Request delivered (in order). clSeqNr=90
13:03:01.720 INF Request delivered (in order). clSeqNr=91
13:03:01.720 INF Request delivered (in order). clSeqNr=92
13:03:01.720 INF Request finished (out of order). clSeqNr=93
13:03:01.721 INF Request delivered (in order). clSeqNr=93
13:03:01.747 INF Submitted request. clSeqNr=97
13:03:01.778 INF Submitted request. clSeqNr=98
13:03:01.809 INF Submitted request. clSeqNr=99
13:03:01.840 INF Submitted request. clSeqNr=100
13:03:01.871 INF Submitted request. clSeqNr=101
13:03:01.903 INF Submitted request. clSeqNr=102
13:03:01.934 INF Submitted request. clSeqNr=103
13:03:01.966 INF Submitted request. clSeqNr=104
13:03:01.997 INF Submitted request. clSeqNr=105
13:03:02.027 INF Submitted request. clSeqNr=106
13:03:02.059 INF Submitted request. clSeqNr=107
13:03:02.090 INF Submitted request. clSeqNr=108
13:03:02.122 INF Submitted request. clSeqNr=109
13:03:02.152 INF Submitted request. clSeqNr=110
13:03:02.184 INF Submitted request. clSeqNr=111
13:03:02.215 INF Submitted request. clSeqNr=112
13:03:02.247 INF Submitted request. clSeqNr=113
13:03:02.278 INF Submitted request. clSeqNr=114
13:03:02.308 INF Submitted request. clSeqNr=115
13:03:02.340 INF Submitted request. clSeqNr=116
13:03:02.371 INF Submitted request. clSeqNr=117
13:03:02.403 INF Submitted request. clSeqNr=118
13:03:02.434 INF Submitted request. clSeqNr=119
13:03:02.465 INF Submitted request. clSeqNr=120
13:03:02.497 INF Submitted request. clSeqNr=121
13:03:02.528 INF Submitted request. clSeqNr=122
13:03:02.559 INF Submitted request. clSeqNr=123
13:03:02.590 INF Submitted request. clSeqNr=124
13:03:02.622 INF Submitted request. clSeqNr=125
13:03:02.652 INF Submitted request. clSeqNr=126
13:03:02.684 INF Submitted request. clSeqNr=127
13:03:02.715 INF Submitted request. clSeqNr=128
13:03:02.747 INF Submitted request. clSeqNr=129
13:03:02.777 INF Submitted request. clSeqNr=130
13:03:02.809 INF Submitted request. clSeqNr=131
13:03:02.840 INF Submitted request. clSeqNr=132
13:03:02.872 INF Submitted request. clSeqNr=133
13:03:02.903 INF Submitted request. clSeqNr=134
13:03:02.934 INF Submitted request. clSeqNr=135
13:03:02.965 INF Submitted request. clSeqNr=136
13:03:02.996 INF Submitted request. clSeqNr=137
13:03:03.028 INF Submitted request. clSeqNr=138
13:03:03.059 INF Submitted request. clSeqNr=139
13:03:03.090 INF Submitted request. clSeqNr=140
13:03:03.121 INF Submitted request. clSeqNr=141
13:03:03.153 INF Submitted request. clSeqNr=142
13:03:03.184 INF Submitted request. clSeqNr=143
13:03:03.216 INF Submitted request. clSeqNr=144
13:03:03.247 INF Submitted request. clSeqNr=145
13:03:03.277 INF Submitted request. clSeqNr=146
13:03:03.309 INF Submitted request. clSeqNr=147
13:03:03.340 INF Submitted request. clSeqNr=148
13:03:03.372 INF Submitted request. clSeqNr=149
13:03:03.403 INF Submitted request. clSeqNr=150
13:03:03.434 INF Submitted request. clSeqNr=151
13:03:03.465 INF Submitted request. clSeqNr=152
13:03:03.497 INF Submitted request. clSeqNr=153
13:03:03.528 INF Submitted request. clSeqNr=154
13:03:03.559 INF Submitted request. clSeqNr=155
13:03:03.590 INF Submitted request. clSeqNr=156
13:03:03.621 INF Submitted request. clSeqNr=157
13:03:03.652 INF Submitted request. clSeqNr=158
13:03:03.684 INF Submitted request. clSeqNr=159
13:03:03.715 INF Submitted request. clSeqNr=160
13:03:03.746 INF Submitted request. clSeqNr=161
13:03:03.778 INF Submitted request. clSeqNr=162
13:03:03.808 INF Submitted request. clSeqNr=163
13:03:03.840 INF Submitted request. clSeqNr=164
13:03:03.871 INF Submitted request. clSeqNr=165
13:03:03.903 INF Submitted request. clSeqNr=166
13:03:03.934 INF Submitted request. clSeqNr=167
13:03:03.966 INF Submitted request. clSeqNr=168
13:03:03.996 INF Submitted request. clSeqNr=169
13:03:04.028 INF Submitted request. clSeqNr=170
13:03:04.059 INF Submitted request. clSeqNr=171
13:03:04.091 INF Submitted request. clSeqNr=172
13:03:04.121 INF Submitted request. clSeqNr=173
13:03:04.153 INF Submitted request. clSeqNr=174
13:03:04.184 INF Submitted request. clSeqNr=175
13:03:04.215 INF Submitted request. clSeqNr=176
13:03:04.246 INF Submitted request. clSeqNr=177
13:03:04.278 INF Submitted request. clSeqNr=178
13:03:04.309 INF Submitted request. clSeqNr=179
13:03:04.340 INF Submitted request. clSeqNr=180
13:03:04.372 INF Submitted request. clSeqNr=181
13:03:04.403 INF Submitted request. clSeqNr=182
13:03:04.433 INF Submitted request. clSeqNr=183
13:03:04.465 INF Submitted request. clSeqNr=184
13:03:04.496 INF Submitted request. clSeqNr=185
13:03:04.528 INF Submitted request. clSeqNr=186
13:03:04.558 INF Submitted request. clSeqNr=187
13:03:04.590 INF Submitted request. clSeqNr=188
13:03:04.621 INF Submitted request. clSeqNr=189
13:03:04.652 INF Submitted request. clSeqNr=190
13:03:04.684 INF Submitted request. clSeqNr=191
13:03:04.700 INF Request finished (out of order). clSeqNr=95
13:03:04.700 INF Request finished (out of order). clSeqNr=111
13:03:04.701 INF Request finished (out of order). clSeqNr=96
13:03:04.701 INF Request finished (out of order). clSeqNr=112
13:03:04.702 INF Request finished (out of order). clSeqNr=97
13:03:04.702 INF Request finished (out of order). clSeqNr=113
13:03:04.702 INF Request finished (out of order). clSeqNr=98
13:03:04.702 INF Request finished (out of order). clSeqNr=114
13:03:04.702 INF Request finished (out of order). clSeqNr=99
13:03:04.703 INF Request finished (out of order). clSeqNr=115
13:03:04.703 INF Request finished (out of order). clSeqNr=100
13:03:04.703 INF Request finished (out of order). clSeqNr=116
13:03:04.703 INF Request finished (out of order). clSeqNr=101
13:03:04.703 INF Request finished (out of order). clSeqNr=117
13:03:04.704 INF Request finished (out of order). clSeqNr=102
13:03:04.704 INF Request finished (out of order). clSeqNr=118
13:03:04.704 INF Request finished (out of order). clSeqNr=103
13:03:04.704 INF Request finished (out of order). clSeqNr=119
13:03:04.704 INF Request finished (out of order). clSeqNr=104
13:03:04.704 INF Request finished (out of order). clSeqNr=120
13:03:04.704 INF Request finished (out of order). clSeqNr=105
13:03:04.704 INF Request finished (out of order). clSeqNr=121
13:03:04.704 INF Request finished (out of order). clSeqNr=106
13:03:04.704 INF Request finished (out of order). clSeqNr=122
13:03:04.704 INF Request finished (out of order). clSeqNr=107
13:03:04.704 INF Request finished (out of order). clSeqNr=123
13:03:04.705 INF Request finished (out of order). clSeqNr=108
13:03:04.705 INF Request finished (out of order). clSeqNr=124
13:03:04.705 INF Request finished (out of order). clSeqNr=109
13:03:04.705 INF Request finished (out of order). clSeqNr=125
13:03:04.705 INF Request finished (out of order). clSeqNr=127
13:03:04.705 INF Request finished (out of order). clSeqNr=143
13:03:04.705 INF Request finished (out of order). clSeqNr=128
13:03:04.705 INF Request finished (out of order). clSeqNr=144
13:03:04.705 INF Request finished (out of order). clSeqNr=129
13:03:04.705 INF Request finished (out of order). clSeqNr=145
13:03:04.705 INF Request finished (out of order). clSeqNr=130
13:03:04.705 INF Request finished (out of order). clSeqNr=146
13:03:04.706 INF Request finished (out of order). clSeqNr=131
13:03:04.706 INF Request finished (out of order). clSeqNr=147
13:03:04.706 INF Request finished (out of order). clSeqNr=132
13:03:04.706 INF Request finished (out of order). clSeqNr=148
13:03:04.706 INF Request finished (out of order). clSeqNr=134
13:03:04.706 INF Request finished (out of order). clSeqNr=150
13:03:04.707 INF Request finished (out of order). clSeqNr=135
13:03:04.707 INF Request finished (out of order). clSeqNr=151
13:03:04.707 INF Request finished (out of order). clSeqNr=136
13:03:04.707 INF Request finished (out of order). clSeqNr=152
13:03:04.707 INF Request finished (out of order). clSeqNr=137
13:03:04.707 INF Request finished (out of order). clSeqNr=153
13:03:04.708 INF Request finished (out of order). clSeqNr=138
13:03:04.708 INF Request finished (out of order). clSeqNr=154
13:03:04.708 INF Request finished (out of order). clSeqNr=139
13:03:04.708 INF Request finished (out of order). clSeqNr=155
13:03:04.708 INF Request finished (out of order). clSeqNr=141
13:03:04.708 INF Request finished (out of order). clSeqNr=157
13:03:04.710 INF Request finished (out of order). clSeqNr=133
13:03:04.710 INF Request finished (out of order). clSeqNr=149
13:03:04.711 INF Request finished (out of order). clSeqNr=140
13:03:04.711 INF Request finished (out of order). clSeqNr=156
13:03:04.711 INF Request finished (out of order). clSeqNr=94
13:03:04.711 INF Request delivered (in order). clSeqNr=94
13:03:04.711 INF Request delivered (in order). clSeqNr=95
13:03:04.711 INF Request delivered (in order). clSeqNr=96
13:03:04.711 INF Request delivered (in order). clSeqNr=97
13:03:04.711 INF Request delivered (in order). clSeqNr=98
13:03:04.711 INF Request delivered (in order). clSeqNr=99
13:03:04.711 INF Request delivered (in order). clSeqNr=100
13:03:04.711 INF Request delivered (in order). clSeqNr=101
13:03:04.711 INF Request delivered (in order). clSeqNr=102
13:03:04.711 INF Request delivered (in order). clSeqNr=103
13:03:04.711 INF Request delivered (in order). clSeqNr=104
13:03:04.711 INF Request delivered (in order). clSeqNr=105
13:03:04.711 INF Request delivered (in order). clSeqNr=106
13:03:04.711 INF Request delivered (in order). clSeqNr=107
13:03:04.711 INF Request delivered (in order). clSeqNr=108
13:03:04.711 INF Request delivered (in order). clSeqNr=109
13:03:04.711 INF Request finished (out of order). clSeqNr=110
13:03:04.711 INF Request delivered (in order). clSeqNr=110
13:03:04.711 INF Request delivered (in order). clSeqNr=111
13:03:04.712 INF Request delivered (in order). clSeqNr=112
13:03:04.712 INF Request delivered (in order). clSeqNr=113
13:03:04.712 INF Request delivered (in order). clSeqNr=114
13:03:04.712 INF Request delivered (in order). clSeqNr=115
13:03:04.712 INF Request delivered (in order). clSeqNr=116
13:03:04.712 INF Request delivered (in order). clSeqNr=117
13:03:04.712 INF Request delivered (in order). clSeqNr=118
13:03:04.712 INF Request delivered (in order). clSeqNr=119
13:03:04.712 INF Request delivered (in order). clSeqNr=120
13:03:04.712 INF Request delivered (in order). clSeqNr=121
13:03:04.712 INF Request delivered (in order). clSeqNr=122
13:03:04.712 INF Request delivered (in order). clSeqNr=123
13:03:04.712 INF Request delivered (in order). clSeqNr=124
13:03:04.712 INF Request delivered (in order). clSeqNr=125
13:03:04.712 INF Request finished (out of order). clSeqNr=126
13:03:04.712 INF Request delivered (in order). clSeqNr=126
13:03:04.712 INF Request delivered (in order). clSeqNr=127
13:03:04.712 INF Request delivered (in order). clSeqNr=128
13:03:04.712 INF Request delivered (in order). clSeqNr=129
13:03:04.712 INF Request delivered (in order). clSeqNr=130
13:03:04.712 INF Request delivered (in order). clSeqNr=131
13:03:04.712 INF Request delivered (in order). clSeqNr=132
13:03:04.712 INF Request delivered (in order). clSeqNr=133
13:03:04.712 INF Request delivered (in order). clSeqNr=134
13:03:04.712 INF Request delivered (in order). clSeqNr=135
13:03:04.712 INF Request delivered (in order). clSeqNr=136
13:03:04.712 INF Request delivered (in order). clSeqNr=137
13:03:04.712 INF Request delivered (in order). clSeqNr=138
13:03:04.712 INF Request delivered (in order). clSeqNr=139
13:03:04.712 INF Request delivered (in order). clSeqNr=140
13:03:04.712 INF Request delivered (in order). clSeqNr=141
13:03:04.712 INF Request finished (out of order). clSeqNr=142
13:03:04.712 INF Request delivered (in order). clSeqNr=142
13:03:04.713 INF Request delivered (in order). clSeqNr=143
13:03:04.713 INF Request delivered (in order). clSeqNr=144
13:03:04.713 INF Request delivered (in order). clSeqNr=145
13:03:04.713 INF Request delivered (in order). clSeqNr=146
13:03:04.713 INF Request delivered (in order). clSeqNr=147
13:03:04.713 INF Request delivered (in order). clSeqNr=148
13:03:04.713 INF Request delivered (in order). clSeqNr=149
13:03:04.713 INF Request delivered (in order). clSeqNr=150
13:03:04.713 INF Request delivered (in order). clSeqNr=151
13:03:04.713 INF Request delivered (in order). clSeqNr=152
13:03:04.713 INF Request delivered (in order). clSeqNr=153
13:03:04.713 INF Request delivered (in order). clSeqNr=154
13:03:04.713 INF Request delivered (in order). clSeqNr=155
13:03:04.713 INF Request delivered (in order). clSeqNr=156
13:03:04.713 INF Request delivered (in order). clSeqNr=157
13:03:04.713 INF Request finished (out of order). clSeqNr=158
13:03:04.713 INF Request delivered (in order). clSeqNr=158
13:03:04.713 INF Request finished (out of order). clSeqNr=174
13:03:04.713 INF Request finished (out of order). clSeqNr=159
13:03:04.713 INF Request delivered (in order). clSeqNr=159
13:03:04.713 INF Request finished (out of order). clSeqNr=175
13:03:04.714 INF Request finished (out of order). clSeqNr=160
13:03:04.714 INF Request delivered (in order). clSeqNr=160
13:03:04.714 INF Request finished (out of order). clSeqNr=176
13:03:04.714 INF Request finished (out of order). clSeqNr=161
13:03:04.714 INF Request delivered (in order). clSeqNr=161
13:03:04.714 INF Request finished (out of order). clSeqNr=177
13:03:04.714 INF Request finished (out of order). clSeqNr=162
13:03:04.714 INF Request delivered (in order). clSeqNr=162
13:03:04.714 INF Request finished (out of order). clSeqNr=178
13:03:04.714 INF Request finished (out of order). clSeqNr=163
13:03:04.714 INF Request delivered (in order). clSeqNr=163
13:03:04.714 INF Request finished (out of order). clSeqNr=179
13:03:04.715 INF Request finished (out of order). clSeqNr=166
13:03:04.715 INF Request finished (out of order). clSeqNr=182
13:03:04.715 INF Request finished (out of order). clSeqNr=167
13:03:04.715 INF Request finished (out of order). clSeqNr=183
13:03:04.715 INF Submitted request. clSeqNr=192
13:03:04.715 INF Request finished (out of order). clSeqNr=168
13:03:04.715 INF Request finished (out of order). clSeqNr=184
13:03:04.715 INF Request finished (out of order). clSeqNr=169
13:03:04.715 INF Request finished (out of order). clSeqNr=185
13:03:04.716 INF Request finished (out of order). clSeqNr=170
13:03:04.716 INF Request finished (out of order). clSeqNr=186
13:03:04.716 INF Request finished (out of order). clSeqNr=171
13:03:04.716 INF Request finished (out of order). clSeqNr=187
13:03:04.716 INF Request finished (out of order). clSeqNr=173
13:03:04.716 INF Request finished (out of order). clSeqNr=189
13:03:04.746 INF Submitted request. clSeqNr=193
13:03:04.778 INF Submitted request. clSeqNr=194
13:03:04.809 INF Submitted request. clSeqNr=195
13:03:04.840 INF Submitted request. clSeqNr=196
13:03:04.871 INF Submitted request. clSeqNr=197
13:03:04.903 INF Submitted request. clSeqNr=198
13:03:04.934 INF Submitted request. clSeqNr=199
13:03:04.965 INF Submitted request. clSeqNr=200
13:03:04.997 INF Submitted request. clSeqNr=201
13:03:05.027 INF Submitted request. clSeqNr=202
13:03:05.059 INF Submitted request. clSeqNr=203
13:03:05.090 INF Submitted request. clSeqNr=204
13:03:05.122 INF Submitted request. clSeqNr=205
13:03:05.153 INF Submitted request. clSeqNr=206
13:03:05.184 INF Submitted request. clSeqNr=207
13:03:05.216 INF Submitted request. clSeqNr=208
13:03:05.246 INF Submitted request. clSeqNr=209
13:03:05.278 INF Submitted request. clSeqNr=210
13:03:05.308 INF Submitted request. clSeqNr=211
13:03:05.340 INF Submitted request. clSeqNr=212
13:03:05.371 INF Submitted request. clSeqNr=213
13:03:05.403 INF Submitted request. clSeqNr=214
13:03:05.434 INF Submitted request. clSeqNr=215
13:03:05.465 INF Submitted request. clSeqNr=216
13:03:05.497 INF Submitted request. clSeqNr=217
13:03:05.527 INF Submitted request. clSeqNr=218
13:03:05.559 INF Submitted request. clSeqNr=219
13:03:05.590 INF Submitted request. clSeqNr=220
13:03:05.622 INF Submitted request. clSeqNr=221
13:03:05.653 INF Submitted request. clSeqNr=222
13:03:05.683 INF Submitted request. clSeqNr=223
13:03:05.715 INF Submitted request. clSeqNr=224
13:03:05.747 INF Submitted request. clSeqNr=225
13:03:05.778 INF Submitted request. clSeqNr=226
13:03:05.809 INF Submitted request. clSeqNr=227
13:03:05.840 INF Submitted request. clSeqNr=228
13:03:05.872 INF Submitted request. clSeqNr=229
13:03:05.902 INF Submitted request. clSeqNr=230
13:03:05.934 INF Submitted request. clSeqNr=231
13:03:05.965 INF Submitted request. clSeqNr=232
13:03:05.997 INF Submitted request. clSeqNr=233
13:03:06.027 INF Submitted request. clSeqNr=234
13:03:06.059 INF Submitted request. clSeqNr=235
13:03:06.090 INF Submitted request. clSeqNr=236
13:03:06.122 INF Submitted request. clSeqNr=237
13:03:06.152 INF Submitted request. clSeqNr=238
13:03:06.184 INF Submitted request. clSeqNr=239
13:03:06.215 INF Submitted request. clSeqNr=240
13:03:06.246 INF Submitted request. clSeqNr=241
13:03:06.278 INF Submitted request. clSeqNr=242
13:03:06.309 INF Submitted request. clSeqNr=243
13:03:06.340 INF Submitted request. clSeqNr=244
13:03:06.371 INF Submitted request. clSeqNr=245
13:03:06.403 INF Submitted request. clSeqNr=246
13:03:06.434 INF Submitted request. clSeqNr=247
13:03:06.466 INF Submitted request. clSeqNr=248
13:03:06.496 INF Submitted request. clSeqNr=249
13:03:06.527 INF Submitted request. clSeqNr=250
13:03:06.559 INF Submitted request. clSeqNr=251
13:03:06.591 INF Submitted request. clSeqNr=252
13:03:06.622 INF Submitted request. clSeqNr=253
13:03:06.653 INF Submitted request. clSeqNr=254
13:03:06.684 INF Submitted request. clSeqNr=255
13:03:06.715 INF Submitted request. clSeqNr=256
13:03:06.746 INF Submitted request. clSeqNr=257
13:03:06.778 INF Submitted request. clSeqNr=258
13:03:06.809 INF Submitted request. clSeqNr=259
13:03:06.840 INF Submitted request. clSeqNr=260
13:03:06.871 INF Submitted request. clSeqNr=261
13:03:06.903 INF Submitted request. clSeqNr=262
13:03:06.934 INF Submitted request. clSeqNr=263
13:03:06.965 INF Submitted request. clSeqNr=264
13:03:06.997 INF Submitted request. clSeqNr=265
13:03:07.028 INF Submitted request. clSeqNr=266
13:03:07.059 INF Submitted request. clSeqNr=267
13:03:07.090 INF Submitted request. clSeqNr=268
13:03:07.121 INF Submitted request. clSeqNr=269
13:03:07.153 INF Submitted request. clSeqNr=270
13:03:07.184 INF Submitted request. clSeqNr=271
13:03:07.215 INF Submitted request. clSeqNr=272
13:03:07.247 INF Submitted request. clSeqNr=273
13:03:07.277 INF Submitted request. clSeqNr=274
13:03:07.309 INF Submitted request. clSeqNr=275
13:03:07.340 INF Submitted request. clSeqNr=276
13:03:07.372 INF Submitted request. clSeqNr=277
13:03:07.403 INF Submitted request. clSeqNr=278
13:03:07.433 INF Submitted request. clSeqNr=279
13:03:07.465 INF Submitted request. clSeqNr=280
13:03:07.496 INF Submitted request. clSeqNr=281
13:03:07.527 INF Submitted request. clSeqNr=282
13:03:07.559 INF Submitted request. clSeqNr=283
13:03:07.590 INF Submitted request. clSeqNr=284
13:03:07.622 INF Submitted request. clSeqNr=285
13:03:07.652 INF Submitted request. clSeqNr=286
13:03:07.684 INF Submitted request. clSeqNr=287
13:03:07.715 INF Submitted request. clSeqNr=288
13:03:07.716 INF Request finished (out of order). clSeqNr=164
13:03:07.716 INF Request delivered (in order). clSeqNr=164
13:03:07.716 INF Request finished (out of order). clSeqNr=180
13:03:07.716 INF Request finished (out of order). clSeqNr=165
13:03:07.716 INF Request delivered (in order). clSeqNr=165
13:03:07.716 INF Request delivered (in order). clSeqNr=166
13:03:07.716 INF Request delivered (in order). clSeqNr=167
13:03:07.716 INF Request delivered (in order). clSeqNr=168
13:03:07.716 INF Request delivered (in order). clSeqNr=169
13:03:07.716 INF Request delivered (in order). clSeqNr=170
13:03:07.716 INF Request delivered (in order). clSeqNr=171
13:03:07.716 INF Request finished (out of order). clSeqNr=181
13:03:07.716 INF Request finished (out of order). clSeqNr=172
13:03:07.716 INF Request delivered (in order). clSeqNr=172
13:03:07.716 INF Request delivered (in order). clSeqNr=173
13:03:07.716 INF Request delivered (in order). clSeqNr=174
13:03:07.716 INF Request delivered (in order). clSeqNr=175
13:03:07.716 INF Request delivered (in order). clSeqNr=176
13:03:07.716 INF Request delivered (in order). clSeqNr=177
13:03:07.717 INF Request delivered (in order). clSeqNr=178
13:03:07.717 INF Request delivered (in order). clSeqNr=179
13:03:07.717 INF Request delivered (in order). clSeqNr=180
13:03:07.717 INF Request delivered (in order). clSeqNr=181
13:03:07.717 INF Request delivered (in order). clSeqNr=182
13:03:07.717 INF Request delivered (in order). clSeqNr=183
13:03:07.717 INF Request delivered (in order). clSeqNr=184
13:03:07.717 INF Request delivered (in order). clSeqNr=185
13:03:07.717 INF Request delivered (in order). clSeqNr=186
13:03:07.717 INF Request delivered (in order). clSeqNr=187
13:03:07.717 INF Request finished (out of order). clSeqNr=188
13:03:07.717 INF Request delivered (in order). clSeqNr=188
13:03:07.717 INF Request delivered (in order). clSeqNr=189
13:03:07.717 INF Request finished (out of order). clSeqNr=191
13:03:07.717 INF Request finished (out of order). clSeqNr=207
13:03:07.717 INF Request finished (out of order). clSeqNr=192
13:03:07.717 INF Request finished (out of order). clSeqNr=208
13:03:07.717 INF Request finished (out of order). clSeqNr=193
13:03:07.717 INF Request finished (out of order). clSeqNr=209
13:03:07.718 INF Request finished (out of order). clSeqNr=194
13:03:07.718 INF Request finished (out of order). clSeqNr=210
13:03:07.718 INF Request finished (out of order). clSeqNr=195
13:03:07.718 INF Request finished (out of order). clSeqNr=211
13:03:07.718 INF Request finished (out of order). clSeqNr=214
13:03:07.718 INF Request finished (out of order). clSeqNr=198
13:03:07.719 INF Request finished (out of order). clSeqNr=215
13:03:07.719 INF Request finished (out of order). clSeqNr=199
13:03:07.719 INF Request finished (out of order). clSeqNr=216
13:03:07.719 INF Request finished (out of order). clSeqNr=200
13:03:07.719 INF Request finished (out of order). clSeqNr=217
13:03:07.719 INF Request finished (out of order). clSeqNr=201
13:03:07.719 INF Request finished (out of order). clSeqNr=218
13:03:07.720 INF Request finished (out of order). clSeqNr=202
13:03:07.720 INF Request finished (out of order). clSeqNr=221
13:03:07.720 INF Request finished (out of order). clSeqNr=205
13:03:07.720 INF Request finished (out of order). clSeqNr=196
13:03:07.720 INF Request finished (out of order). clSeqNr=212
13:03:07.720 INF Request finished (out of order). clSeqNr=197
13:03:07.720 INF Request finished (out of order). clSeqNr=213
13:03:07.721 INF Request finished (out of order). clSeqNr=219
13:03:07.721 INF Request finished (out of order). clSeqNr=203
13:03:07.721 INF Request finished (out of order). clSeqNr=220
13:03:07.722 INF Request finished (out of order). clSeqNr=204
13:03:07.722 INF Request finished (out of order). clSeqNr=223
13:03:07.722 INF Request finished (out of order). clSeqNr=239
13:03:07.722 INF Request finished (out of order). clSeqNr=224
13:03:07.722 INF Request finished (out of order). clSeqNr=240
13:03:07.722 INF Request finished (out of order). clSeqNr=225
13:03:07.722 INF Request finished (out of order). clSeqNr=241
13:03:07.722 INF Request finished (out of order). clSeqNr=227
13:03:07.723 INF Request finished (out of order). clSeqNr=243
13:03:07.723 INF Request finished (out of order). clSeqNr=230
13:03:07.723 INF Request finished (out of order). clSeqNr=246
13:03:07.724 INF Request finished (out of order). clSeqNr=231
13:03:07.724 INF Request finished (out of order). clSeqNr=247
13:03:07.724 INF Request finished (out of order). clSeqNr=232
13:03:07.724 INF Request finished (out of order). clSeqNr=248
13:03:07.724 INF Request finished (out of order). clSeqNr=237
13:03:07.724 INF Request finished (out of order). clSeqNr=253
13:03:07.724 INF Request finished (out of order). clSeqNr=226
13:03:07.724 INF Request finished (out of order). clSeqNr=242
13:03:07.724 INF Request finished (out of order). clSeqNr=228
13:03:07.725 INF Request finished (out of order). clSeqNr=244
13:03:07.725 INF Request finished (out of order). clSeqNr=233
13:03:07.725 INF Request finished (out of order). clSeqNr=249
13:03:07.725 INF Request finished (out of order). clSeqNr=234
13:03:07.725 INF Request finished (out of order). clSeqNr=250
13:03:07.726 INF Request finished (out of order). clSeqNr=235
13:03:07.726 INF Request finished (out of order). clSeqNr=251
13:03:07.726 INF Request finished (out of order). clSeqNr=229
13:03:07.726 INF Request finished (out of order). clSeqNr=245
13:03:07.726 INF Request finished (out of order). clSeqNr=236
13:03:07.726 INF Request finished (out of order). clSeqNr=252
13:03:07.727 INF Request finished (out of order). clSeqNr=206
13:03:07.727 INF Request finished (out of order). clSeqNr=222
13:03:07.727 INF Request finished (out of order). clSeqNr=238
13:03:07.727 INF Request finished (out of order). clSeqNr=254
13:03:07.727 INF Request finished (out of order). clSeqNr=270
13:03:07.727 INF Request finished (out of order). clSeqNr=286
13:03:07.727 INF Request finished (out of order). clSeqNr=190
13:03:07.727 INF Request delivered (in order). clSeqNr=190
13:03:07.727 INF Request delivered (in order). clSeqNr=191
13:03:07.727 INF Request delivered (in order). clSeqNr=192
13:03:07.727 INF Request delivered (in order). clSeqNr=193
13:03:07.727 INF Request delivered (in order). clSeqNr=194
13:03:07.727 INF Request delivered (in order). clSeqNr=195
13:03:07.727 INF Request delivered (in order). clSeqNr=196
13:03:07.727 INF Request delivered (in order). clSeqNr=197
13:03:07.727 INF Request delivered (in order). clSeqNr=198
13:03:07.727 INF Request delivered (in order). clSeqNr=199
13:03:07.727 INF Request delivered (in order). clSeqNr=200
13:03:07.727 INF Request delivered (in order). clSeqNr=201
13:03:07.727 INF Request delivered (in order). clSeqNr=202
13:03:07.727 INF Request delivered (in order). clSeqNr=203
13:03:07.727 INF Request delivered (in order). clSeqNr=204
13:03:07.727 INF Request delivered (in order). clSeqNr=205
13:03:07.727 INF Request delivered (in order). clSeqNr=206
13:03:07.727 INF Request delivered (in order). clSeqNr=207
13:03:07.727 INF Request delivered (in order). clSeqNr=208
13:03:07.727 INF Request delivered (in order). clSeqNr=209
13:03:07.727 INF Request delivered (in order). clSeqNr=210
13:03:07.727 INF Request delivered (in order). clSeqNr=211
13:03:07.728 INF Request delivered (in order). clSeqNr=212
13:03:07.728 INF Request delivered (in order). clSeqNr=213
13:03:07.728 INF Request delivered (in order). clSeqNr=214
13:03:07.728 INF Request delivered (in order). clSeqNr=215
13:03:07.728 INF Request delivered (in order). clSeqNr=216
13:03:07.728 INF Request delivered (in order). clSeqNr=217
13:03:07.728 INF Request delivered (in order). clSeqNr=218
13:03:07.728 INF Request delivered (in order). clSeqNr=219
13:03:07.728 INF Request delivered (in order). clSeqNr=220
13:03:07.728 INF Request delivered (in order). clSeqNr=221
13:03:07.728 INF Request delivered (in order). clSeqNr=222
13:03:07.728 INF Request delivered (in order). clSeqNr=223
13:03:07.728 INF Request delivered (in order). clSeqNr=224
13:03:07.728 INF Request delivered (in order). clSeqNr=225
13:03:07.728 INF Request delivered (in order). clSeqNr=226
13:03:07.728 INF Request delivered (in order). clSeqNr=227
13:03:07.728 INF Request delivered (in order). clSeqNr=228
13:03:07.728 INF Request delivered (in order). clSeqNr=229
13:03:07.728 INF Request delivered (in order). clSeqNr=230
13:03:07.728 INF Request delivered (in order). clSeqNr=231
13:03:07.728 INF Request delivered (in order). clSeqNr=232
13:03:07.728 INF Request delivered (in order). clSeqNr=233
13:03:07.728 INF Request delivered (in order). clSeqNr=234
13:03:07.728 INF Request delivered (in order). clSeqNr=235
13:03:07.728 INF Request delivered (in order). clSeqNr=236
13:03:07.728 INF Request delivered (in order). clSeqNr=237
13:03:07.728 INF Request delivered (in order). clSeqNr=238
13:03:07.728 INF Request delivered (in order). clSeqNr=239
13:03:07.728 INF Request delivered (in order). clSeqNr=240
13:03:07.728 INF Request delivered (in order). clSeqNr=241
13:03:07.728 INF Request delivered (in order). clSeqNr=242
13:03:07.728 INF Request delivered (in order). clSeqNr=243
13:03:07.728 INF Request delivered (in order). clSeqNr=244
13:03:07.728 INF Request delivered (in order). clSeqNr=245
13:03:07.728 INF Request delivered (in order). clSeqNr=246
13:03:07.728 INF Request delivered (in order). clSeqNr=247
13:03:07.728 INF Request delivered (in order). clSeqNr=248
13:03:07.728 INF Request delivered (in order). clSeqNr=249
13:03:07.729 INF Request delivered (in order). clSeqNr=250
13:03:07.729 INF Request delivered (in order). clSeqNr=251
13:03:07.729 INF Request delivered (in order). clSeqNr=252
13:03:07.729 INF Request delivered (in order). clSeqNr=253
13:03:07.729 INF Request delivered (in order). clSeqNr=254
13:03:07.729 INF Request finished (out of order). clSeqNr=256
13:03:07.729 INF Request finished (out of order). clSeqNr=272
13:03:07.729 INF Request finished (out of order). clSeqNr=257
13:03:07.729 INF Request finished (out of order). clSeqNr=273
13:03:07.729 INF Request finished (out of order). clSeqNr=259
13:03:07.729 INF Request finished (out of order). clSeqNr=275
13:03:07.729 INF Request finished (out of order). clSeqNr=262
13:03:07.729 INF Request finished (out of order). clSeqNr=278
13:03:07.730 INF Request finished (out of order). clSeqNr=263
13:03:07.730 INF Request finished (out of order). clSeqNr=279
13:03:07.730 INF Request finished (out of order). clSeqNr=264
13:03:07.730 INF Request finished (out of order). clSeqNr=280
13:03:07.730 INF Request finished (out of order). clSeqNr=269
13:03:07.730 INF Request finished (out of order). clSeqNr=285
13:03:07.747 INF Submitted request. clSeqNr=289
13:03:07.777 INF Submitted request. clSeqNr=290
13:03:07.809 INF Submitted request. clSeqNr=291
13:03:07.840 INF Submitted request. clSeqNr=292
13:03:07.871 INF Submitted request. clSeqNr=293
13:03:07.902 INF Submitted request. clSeqNr=294
13:03:07.934 INF Submitted request. clSeqNr=295
13:03:07.965 INF Submitted request. clSeqNr=296
13:03:07.997 INF Submitted request. clSeqNr=297
13:03:08.028 INF Submitted request. clSeqNr=298
13:03:08.059 INF Submitted request. clSeqNr=299
13:03:08.091 INF Submitted request. clSeqNr=300
13:03:08.121 INF Submitted request. clSeqNr=301
13:03:08.153 INF Submitted request. clSeqNr=302
13:03:08.184 INF Submitted request. clSeqNr=303
13:03:08.216 INF Submitted request. clSeqNr=304
13:03:08.246 INF Submitted request. clSeqNr=305
13:03:08.278 INF Submitted request. clSeqNr=306
13:03:08.309 INF Submitted request. clSeqNr=307
13:03:08.340 INF Submitted request. clSeqNr=308
13:03:08.372 INF Submitted request. clSeqNr=309
13:03:08.402 INF Submitted request. clSeqNr=310
13:03:08.434 INF Submitted request. clSeqNr=311
13:03:08.465 INF Submitted request. clSeqNr=312
13:03:08.497 INF Submitted request. clSeqNr=313
13:03:08.527 INF Submitted request. clSeqNr=314
13:03:08.559 INF Submitted request. clSeqNr=315
13:03:08.590 INF Submitted request. clSeqNr=316
13:03:08.622 INF Submitted request. clSeqNr=317
13:03:08.652 INF Submitted request. clSeqNr=318
13:03:08.684 INF Submitted request. clSeqNr=319
13:03:08.716 INF Submitted request. clSeqNr=320
13:03:08.747 INF Submitted request. clSeqNr=321
13:03:08.778 INF Submitted request. clSeqNr=322
13:03:08.809 INF Submitted request. clSeqNr=323
13:03:08.841 INF Submitted request. clSeqNr=324
13:03:08.871 INF Submitted request. clSeqNr=325
13:03:08.902 INF Submitted request. clSeqNr=326
13:03:08.934 INF Submitted request. clSeqNr=327
13:03:08.965 INF Submitted request. clSeqNr=328
13:03:08.996 INF Submitted request. clSeqNr=329
13:03:09.028 INF Submitted request. clSeqNr=330
13:03:09.059 INF Submitted request. clSeqNr=331
13:03:09.091 INF Submitted request. clSeqNr=332
13:03:09.122 INF Submitted request. clSeqNr=333
13:03:09.152 INF Submitted request. clSeqNr=334
13:03:09.184 INF Submitted request. clSeqNr=335
13:03:09.215 INF Submitted request. clSeqNr=336
13:03:09.246 INF Submitted request. clSeqNr=337
13:03:09.278 INF Submitted request. clSeqNr=338
13:03:09.308 INF Submitted request. clSeqNr=339
13:03:09.340 INF Submitted request. clSeqNr=340
13:03:09.371 INF Submitted request. clSeqNr=341
13:03:09.403 INF Submitted request. clSeqNr=342
13:03:09.434 INF Submitted request. clSeqNr=343
13:03:09.465 INF Submitted request. clSeqNr=344
13:03:09.496 INF Submitted request. clSeqNr=345
13:03:09.528 INF Submitted request. clSeqNr=346
13:03:09.559 INF Submitted request. clSeqNr=347
13:03:09.590 INF Submitted request. clSeqNr=348
13:03:09.622 INF Submitted request. clSeqNr=349
13:03:09.653 INF Submitted request. clSeqNr=350
13:03:09.683 INF Submitted request. clSeqNr=351
13:03:09.715 INF Submitted request. clSeqNr=352
13:03:09.746 INF Submitted request. clSeqNr=353
13:03:09.778 INF Submitted request. clSeqNr=354
13:03:09.809 INF Submitted request. clSeqNr=355
13:03:09.840 INF Submitted request. clSeqNr=356
13:03:09.872 INF Submitted request. clSeqNr=357
13:03:09.902 INF Submitted request. clSeqNr=358
13:03:09.934 INF Submitted request. clSeqNr=359
13:03:09.965 INF Submitted request. clSeqNr=360
13:03:09.997 INF Submitted request. clSeqNr=361
13:03:10.027 INF Submitted request. clSeqNr=362
13:03:10.059 INF Submitted request. clSeqNr=363
13:03:10.090 INF Submitted request. clSeqNr=364
13:03:10.122 INF Submitted request. clSeqNr=365
13:03:10.152 INF Submitted request. clSeqNr=366
13:03:10.184 INF Submitted request. clSeqNr=367
13:03:10.215 INF Submitted request. clSeqNr=368
13:03:10.247 INF Submitted request. clSeqNr=369
13:03:10.277 INF Submitted request. clSeqNr=370
13:03:10.309 INF Submitted request. clSeqNr=371
13:03:10.340 INF Submitted request. clSeqNr=372
13:03:10.371 INF Submitted request. clSeqNr=373
13:03:10.403 INF Submitted request. clSeqNr=374
13:03:10.434 INF Submitted request. clSeqNr=375
13:03:10.465 INF Submitted request. clSeqNr=376
13:03:10.497 INF Submitted request. clSeqNr=377
13:03:10.528 INF Submitted request. clSeqNr=378
13:03:10.559 INF Submitted request. clSeqNr=379
13:03:10.590 INF Submitted request. clSeqNr=380
13:03:10.621 INF Submitted request. clSeqNr=381
13:03:10.653 INF Submitted request. clSeqNr=382
13:03:10.684 INF Submitted request. clSeqNr=383
13:03:10.697 INF Request finished (out of order). clSeqNr=255
13:03:10.697 INF Request delivered (in order). clSeqNr=255
13:03:10.697 INF Request delivered (in order). clSeqNr=256
13:03:10.697 INF Request delivered (in order). clSeqNr=257
13:03:10.697 INF Request finished (out of order). clSeqNr=271
13:03:10.698 INF Request finished (out of order). clSeqNr=258
13:03:10.698 INF Request delivered (in order). clSeqNr=258
13:03:10.698 INF Request delivered (in order). clSeqNr=259
13:03:10.698 INF Request finished (out of order). clSeqNr=274
13:03:10.698 INF Request finished (out of order). clSeqNr=260
13:03:10.698 INF Request delivered (in order). clSeqNr=260
13:03:10.698 INF Request finished (out of order). clSeqNr=276
13:03:10.698 INF Request finished (out of order). clSeqNr=265
13:03:10.698 INF Request finished (out of order). clSeqNr=281
13:03:10.699 INF Request finished (out of order). clSeqNr=266
13:03:10.699 INF Request finished (out of order). clSeqNr=282
13:03:10.699 INF Request finished (out of order). clSeqNr=302
13:03:10.699 INF Request finished (out of order). clSeqNr=318
13:03:10.699 INF Request finished (out of order). clSeqNr=334
13:03:10.699 INF Request finished (out of order). clSeqNr=350
13:03:10.699 INF Request finished (out of order). clSeqNr=366
13:03:10.699 INF Request finished (out of order). clSeqNr=382
13:03:10.700 INF Request finished (out of order). clSeqNr=287
13:03:10.700 INF Request finished (out of order). clSeqNr=303
13:03:10.700 INF Request finished (out of order). clSeqNr=288
13:03:10.700 INF Request finished (out of order). clSeqNr=304
13:03:10.700 INF Request finished (out of order). clSeqNr=289
13:03:10.701 INF Request finished (out of order). clSeqNr=305
13:03:10.701 INF Request finished (out of order). clSeqNr=290
13:03:10.701 INF Request finished (out of order). clSeqNr=306
13:03:10.701 INF Request finished (out of order). clSeqNr=291
13:03:10.701 INF Request finished (out of order). clSeqNr=307
13:03:10.701 INF Request finished (out of order). clSeqNr=292
13:03:10.702 INF Request finished (out of order). clSeqNr=308
13:03:10.702 INF Request finished (out of order). clSeqNr=261
13:03:10.702 INF Request delivered (in order). clSeqNr=261
13:03:10.702 INF Request delivered (in order). clSeqNr=262
13:03:10.702 INF Request delivered (in order). clSeqNr=263
13:03:10.702 INF Request delivered (in order). clSeqNr=264
13:03:10.702 INF Request delivered (in order). clSeqNr=265
13:03:10.702 INF Request delivered (in order). clSeqNr=266
13:03:10.702 INF Request finished (out of order). clSeqNr=277
13:03:10.702 INF Request finished (out of order). clSeqNr=294
13:03:10.702 INF Request finished (out of order). clSeqNr=310
13:03:10.702 INF Request finished (out of order). clSeqNr=295
13:03:10.703 INF Request finished (out of order). clSeqNr=311
13:03:10.703 INF Request finished (out of order). clSeqNr=296
13:03:10.703 INF Request finished (out of order). clSeqNr=312
13:03:10.703 INF Request finished (out of order). clSeqNr=297
13:03:10.703 INF Request finished (out of order). clSeqNr=313
13:03:10.704 INF Request finished (out of order). clSeqNr=298
13:03:10.704 INF Request finished (out of order). clSeqNr=314
13:03:10.704 INF Request finished (out of order). clSeqNr=267
13:03:10.704 INF Request delivered (in order). clSeqNr=267
13:03:10.704 INF Request finished (out of order). clSeqNr=283
13:03:10.704 INF Request finished (out of order). clSeqNr=268
13:03:10.704 INF Request delivered (in order). clSeqNr=268
13:03:10.704 INF Request delivered (in order). clSeqNr=269
13:03:10.704 INF Request delivered (in order). clSeqNr=270
13:03:10.704 INF Request delivered (in order). clSeqNr=271
13:03:10.704 INF Request delivered (in order). clSeqNr=272
13:03:10.704 INF Request delivered (in order). clSeqNr=273
13:03:10.704 INF Request delivered (in order). clSeqNr=274
13:03:10.704 INF Request delivered (in order). clSeqNr=275
13:03:10.704 INF Request delivered (in order). clSeqNr=276
13:03:10.704 INF Request delivered (in order). clSeqNr=277
13:03:10.704 INF Request delivered (in order). clSeqNr=278
13:03:10.704 INF Request delivered (in order). clSeqNr=279
13:03:10.704 INF Request delivered (in order). clSeqNr=280
13:03:10.704 INF Request delivered (in order). clSeqNr=281
13:03:10.704 INF Request delivered (in order). clSeqNr=282
13:03:10.704 INF Request delivered (in order). clSeqNr=283
13:03:10.704 INF Request finished (out of order). clSeqNr=284
13:03:10.704 INF Request delivered (in order). clSeqNr=284
13:03:10.704 INF Request delivered (in order). clSeqNr=285
13:03:10.704 INF Request delivered (in order). clSeqNr=286
13:03:10.704 INF Request delivered (in order). clSeqNr=287
13:03:10.704 INF Request delivered (in order). clSeqNr=288
13:03:10.704 INF Request delivered (in order). clSeqNr=289
13:03:10.705 INF Request delivered (in order). clSeqNr=290
13:03:10.705 INF Request delivered (in order). clSeqNr=291
13:03:10.705 INF Request delivered (in order). clSeqNr=292
13:03:10.705 INF Request finished (out of order). clSeqNr=301
13:03:10.705 INF Request finished (out of order). clSeqNr=317
13:03:10.713 INF Updating bucket assignment. epoch=1
13:03:10.713 INF Resubmitted Requests. epoch=1 n=67
13:03:10.715 INF Submitted request. clSeqNr=384
13:03:10.747 INF Submitted request. clSeqNr=385
13:03:10.777 INF Submitted request. clSeqNr=386
13:03:10.809 INF Submitted request. clSeqNr=387
13:03:10.841 INF Submitted request. clSeqNr=388
13:03:10.872 INF Submitted request. clSeqNr=389
13:03:10.902 INF Submitted request. clSeqNr=390
13:03:10.934 INF Submitted request. clSeqNr=391
13:03:10.965 INF Submitted request. clSeqNr=392
13:03:10.997 INF Submitted request. clSeqNr=393
13:03:11.027 INF Submitted request. clSeqNr=394
13:03:11.059 INF Submitted request. clSeqNr=395
13:03:11.090 INF Submitted request. clSeqNr=396
13:03:11.122 INF Submitted request. clSeqNr=397
13:03:11.152 INF Submitted request. clSeqNr=398
13:03:11.184 INF Submitted request. clSeqNr=399
13:03:11.215 INF Submitted request. clSeqNr=400
13:03:11.246 INF Submitted request. clSeqNr=401
13:03:11.278 INF Submitted request. clSeqNr=402
13:03:11.309 INF Submitted request. clSeqNr=403
13:03:11.340 INF Submitted request. clSeqNr=404
13:03:11.372 INF Submitted request. clSeqNr=405
13:03:11.403 INF Submitted request. clSeqNr=406
13:03:11.434 INF Submitted request. clSeqNr=407
13:03:11.465 INF Submitted request. clSeqNr=408
13:03:11.496 INF Submitted request. clSeqNr=409
13:03:11.528 INF Submitted request. clSeqNr=410
13:03:11.559 INF Submitted request. clSeqNr=411
13:03:11.590 INF Submitted request. clSeqNr=412
13:03:11.621 INF Submitted request. clSeqNr=413
13:03:11.653 INF Submitted request. clSeqNr=414
13:03:11.684 INF Submitted request. clSeqNr=415
13:03:11.715 INF Submitted request. clSeqNr=416
13:03:11.747 INF Submitted request. clSeqNr=417
13:03:11.777 INF Submitted request. clSeqNr=418
13:03:11.809 INF Submitted request. clSeqNr=419
13:03:11.840 INF Submitted request. clSeqNr=420
13:03:11.871 INF Submitted request. clSeqNr=421
13:03:11.903 INF Submitted request. clSeqNr=422
13:03:11.934 INF Submitted request. clSeqNr=423
13:03:11.966 INF Submitted request. clSeqNr=424
13:03:11.997 INF Submitted request. clSeqNr=425
13:03:12.027 INF Submitted request. clSeqNr=426
13:03:12.059 INF Submitted request. clSeqNr=427
13:03:12.091 INF Submitted request. clSeqNr=428
13:03:12.122 INF Submitted request. clSeqNr=429
13:03:12.152 INF Submitted request. clSeqNr=430
13:03:12.184 INF Submitted request. clSeqNr=431
13:03:12.215 INF Submitted request. clSeqNr=432
13:03:12.247 INF Submitted request. clSeqNr=433
13:03:12.277 INF Submitted request. clSeqNr=434
13:03:12.309 INF Submitted request. clSeqNr=435
13:03:12.340 INF Submitted request. clSeqNr=436
13:03:12.372 INF Submitted request. clSeqNr=437
13:03:12.403 INF Submitted request. clSeqNr=438
13:03:12.433 INF Submitted request. clSeqNr=439
13:03:12.465 INF Submitted request. clSeqNr=440
13:03:12.496 INF Submitted request. clSeqNr=441
13:03:12.528 INF Submitted request. clSeqNr=442
13:03:12.559 INF Submitted request. clSeqNr=443
13:03:12.590 INF Submitted request. clSeqNr=444
13:03:12.622 INF Submitted request. clSeqNr=445
13:03:12.653 INF Submitted request. clSeqNr=446
13:03:12.683 INF Submitted request. clSeqNr=447
13:03:12.715 INF Submitted request. clSeqNr=448
13:03:12.747 INF Submitted request. clSeqNr=449
13:03:12.777 INF Submitted request. clSeqNr=450
13:03:12.809 INF Submitted request. clSeqNr=451
13:03:12.841 INF Submitted request. clSeqNr=452
13:03:12.871 INF Submitted request. clSeqNr=453
13:03:12.903 INF Submitted request. clSeqNr=454
13:03:12.934 INF Submitted request. clSeqNr=455
13:03:12.965 INF Submitted request. clSeqNr=456
13:03:12.997 INF Submitted request. clSeqNr=457
13:03:13.027 INF Submitted request. clSeqNr=458
13:03:13.059 INF Submitted request. clSeqNr=459
13:03:13.090 INF Submitted request. clSeqNr=460
13:03:13.122 INF Submitted request. clSeqNr=461
13:03:13.153 INF Submitted request. clSeqNr=462
13:03:13.183 INF Submitted request. clSeqNr=463
13:03:13.215 INF Submitted request. clSeqNr=464
13:03:13.246 INF Submitted request. clSeqNr=465
13:03:13.278 INF Submitted request. clSeqNr=466
13:03:13.309 INF Submitted request. clSeqNr=467
13:03:13.340 INF Submitted request. clSeqNr=468
13:03:13.372 INF Submitted request. clSeqNr=469
13:03:13.403 INF Submitted request. clSeqNr=470
13:03:13.434 INF Submitted request. clSeqNr=471
13:03:13.465 INF Submitted request. clSeqNr=472
13:03:13.496 INF Submitted request. clSeqNr=473
13:03:13.528 INF Submitted request. clSeqNr=474
13:03:13.559 INF Submitted request. clSeqNr=475
13:03:13.590 INF Submitted request. clSeqNr=476
13:03:13.621 INF Submitted request. clSeqNr=477
13:03:13.653 INF Submitted request. clSeqNr=478
13:03:13.683 INF Submitted request. clSeqNr=479
13:03:13.715 INF Stopping client on timeout. clientRunTime=15000
13:03:13.715 INF Submitted request. clSeqNr=480
13:03:13.715 INF Finished submitting requests. nReq=481
13:03:13.783 INF Request finished (out of order). clSeqNr=463
13:03:13.783 INF Request finished (out of order). clSeqNr=479
13:03:13.783 INF Request finished (out of order). clSeqNr=319
13:03:13.783 INF Request finished (out of order). clSeqNr=335
13:03:13.784 INF Request finished (out of order). clSeqNr=351
13:03:13.784 INF Request finished (out of order). clSeqNr=367
13:03:13.784 INF Request finished (out of order). clSeqNr=383
13:03:13.784 INF Request finished (out of order). clSeqNr=399
13:03:13.784 INF Request finished (out of order). clSeqNr=415
13:03:13.784 INF Request finished (out of order). clSeqNr=431
13:03:13.784 INF Request finished (out of order). clSeqNr=447
13:03:13.785 INF Request finished (out of order). clSeqNr=320
13:03:13.785 INF Request finished (out of order). clSeqNr=336
13:03:13.785 INF Request finished (out of order). clSeqNr=352
13:03:13.785 INF Request finished (out of order). clSeqNr=368
13:03:13.785 INF Request finished (out of order). clSeqNr=384
13:03:13.785 INF Request finished (out of order). clSeqNr=400
13:03:13.786 INF Request finished (out of order). clSeqNr=321
13:03:13.786 INF Request finished (out of order). clSeqNr=337
13:03:13.786 INF Request finished (out of order). clSeqNr=353
13:03:13.786 INF Request finished (out of order). clSeqNr=369
13:03:13.786 INF Request finished (out of order). clSeqNr=385
13:03:13.786 INF Request finished (out of order). clSeqNr=401
13:03:13.787 INF Request finished (out of order). clSeqNr=322
13:03:13.787 INF Request finished (out of order). clSeqNr=338
13:03:13.787 INF Request finished (out of order). clSeqNr=354
13:03:13.787 INF Request finished (out of order). clSeqNr=370
13:03:13.788 INF Request finished (out of order). clSeqNr=386
13:03:13.788 INF Request finished (out of order). clSeqNr=402
13:03:13.788 INF Request finished (out of order). clSeqNr=323
13:03:13.788 INF Request finished (out of order). clSeqNr=339
13:03:13.789 INF Request finished (out of order). clSeqNr=355
13:03:13.789 INF Request finished (out of order). clSeqNr=371
13:03:13.789 INF Request finished (out of order). clSeqNr=387
13:03:13.789 INF Request finished (out of order). clSeqNr=403
13:03:13.790 INF Request finished (out of order). clSeqNr=324
13:03:13.790 INF Request finished (out of order). clSeqNr=340
13:03:13.790 INF Request finished (out of order). clSeqNr=356
13:03:13.790 INF Request finished (out of order). clSeqNr=372
13:03:13.790 INF Request finished (out of order). clSeqNr=388
13:03:13.790 INF Request finished (out of order). clSeqNr=404
13:03:13.791 INF Request finished (out of order). clSeqNr=293
13:03:13.791 INF Request delivered (in order). clSeqNr=293
13:03:13.791 INF Request delivered (in order). clSeqNr=294
13:03:13.791 INF Request delivered (in order). clSeqNr=295
13:03:13.791 INF Request delivered (in order). clSeqNr=296
13:03:13.791 INF Request delivered (in order). clSeqNr=297
13:03:13.791 INF Request delivered (in order). clSeqNr=298
13:03:13.791 INF Request finished (out of order). clSeqNr=309
13:03:13.791 INF Request finished (out of order). clSeqNr=325
13:03:13.791 INF Request finished (out of order). clSeqNr=341
13:03:13.791 INF Request finished (out of order). clSeqNr=357
13:03:13.791 INF Request finished (out of order). clSeqNr=373
13:03:13.791 INF Request finished (out of order). clSeqNr=389
13:03:13.791 INF Request finished (out of order). clSeqNr=405
13:03:13.792 INF Request finished (out of order). clSeqNr=326
13:03:13.792 INF Request finished (out of order). clSeqNr=342
13:03:13.792 INF Request finished (out of order). clSeqNr=358
13:03:13.793 INF Request finished (out of order). clSeqNr=374
13:03:13.793 INF Request finished (out of order). clSeqNr=390
13:03:13.793 INF Request finished (out of order). clSeqNr=406
13:03:13.794 INF Request finished (out of order). clSeqNr=327
13:03:13.794 INF Request finished (out of order). clSeqNr=343
13:03:13.794 INF Request finished (out of order). clSeqNr=359
13:03:13.794 INF Request finished (out of order). clSeqNr=375
13:03:13.794 INF Request finished (out of order). clSeqNr=391
13:03:13.794 INF Request finished (out of order). clSeqNr=407
13:03:13.795 INF Request finished (out of order). clSeqNr=328
13:03:13.795 INF Request finished (out of order). clSeqNr=344
13:03:13.795 INF Request finished (out of order). clSeqNr=360
13:03:13.795 INF Request finished (out of order). clSeqNr=376
13:03:13.795 INF Request finished (out of order). clSeqNr=392
13:03:13.795 INF Request finished (out of order). clSeqNr=408
13:03:13.796 INF Request finished (out of order). clSeqNr=329
13:03:13.796 INF Request finished (out of order). clSeqNr=345
13:03:13.796 INF Request finished (out of order). clSeqNr=361
13:03:13.796 INF Request finished (out of order). clSeqNr=377
13:03:13.796 INF Request finished (out of order). clSeqNr=393
13:03:13.796 INF Request finished (out of order). clSeqNr=409
13:03:13.797 INF Request finished (out of order). clSeqNr=330
13:03:13.797 INF Request finished (out of order). clSeqNr=346
13:03:13.797 INF Request finished (out of order). clSeqNr=362
13:03:13.797 INF Request finished (out of order). clSeqNr=378
13:03:13.797 INF Request finished (out of order). clSeqNr=394
13:03:13.797 INF Request finished (out of order). clSeqNr=410
13:03:13.798 INF Request finished (out of order). clSeqNr=299
13:03:13.798 INF Request delivered (in order). clSeqNr=299
13:03:13.798 INF Request finished (out of order). clSeqNr=315
13:03:13.798 INF Request finished (out of order). clSeqNr=331
13:03:13.798 INF Request finished (out of order). clSeqNr=347
13:03:13.799 INF Request finished (out of order). clSeqNr=363
13:03:13.799 INF Request finished (out of order). clSeqNr=379
13:03:13.799 INF Request finished (out of order). clSeqNr=395
13:03:13.799 INF Request finished (out of order). clSeqNr=411
13:03:13.799 INF Request finished (out of order). clSeqNr=300
13:03:13.800 INF Request delivered (in order). clSeqNr=300
13:03:13.800 INF Request delivered (in order). clSeqNr=301
13:03:13.800 INF Request delivered (in order). clSeqNr=302
13:03:13.800 INF Request delivered (in order). clSeqNr=303
13:03:13.800 INF Request delivered (in order). clSeqNr=304
13:03:13.800 INF Request delivered (in order). clSeqNr=305
13:03:13.800 INF Request delivered (in order). clSeqNr=306
13:03:13.800 INF Request delivered (in order). clSeqNr=307
13:03:13.800 INF Request delivered (in order). clSeqNr=308
13:03:13.800 INF Request delivered (in order). clSeqNr=309
13:03:13.800 INF Request delivered (in order). clSeqNr=310
13:03:13.800 INF Request delivered (in order). clSeqNr=311
13:03:13.800 INF Request delivered (in order). clSeqNr=312
13:03:13.800 INF Request delivered (in order). clSeqNr=313
13:03:13.800 INF Request delivered (in order). clSeqNr=314
13:03:13.800 INF Request delivered (in order). clSeqNr=315
13:03:13.800 INF Request finished (out of order). clSeqNr=316
13:03:13.800 INF Request delivered (in order). clSeqNr=316
13:03:13.800 INF Request delivered (in order). clSeqNr=317
13:03:13.800 INF Request delivered (in order). clSeqNr=318
13:03:13.800 INF Request delivered (in order). clSeqNr=319
13:03:13.800 INF Request delivered (in order). clSeqNr=320
13:03:13.800 INF Request delivered (in order). clSeqNr=321
13:03:13.800 INF Request delivered (in order). clSeqNr=322
13:03:13.800 INF Request delivered (in order). clSeqNr=323
13:03:13.800 INF Request delivered (in order). clSeqNr=324
13:03:13.800 INF Request delivered (in order). clSeqNr=325
13:03:13.800 INF Request delivered (in order). clSeqNr=326
13:03:13.801 INF Request delivered (in order). clSeqNr=327
13:03:13.801 INF Request delivered (in order). clSeqNr=328
13:03:13.801 INF Request delivered (in order). clSeqNr=329
13:03:13.801 INF Request delivered (in order). clSeqNr=330
13:03:13.801 INF Request delivered (in order). clSeqNr=331
13:03:13.801 INF Request finished (out of order). clSeqNr=332
13:03:13.801 INF Request delivered (in order). clSeqNr=332
13:03:13.801 INF Request finished (out of order). clSeqNr=348
13:03:13.801 INF Request finished (out of order). clSeqNr=364
13:03:13.801 INF Request finished (out of order). clSeqNr=380
13:03:13.801 INF Request finished (out of order). clSeqNr=396
13:03:13.801 INF Request finished (out of order). clSeqNr=412
13:03:13.801 INF Request finished (out of order). clSeqNr=333
13:03:13.801 INF Request delivered (in order). clSeqNr=333
13:03:13.801 INF Request delivered (in order). clSeqNr=334
13:03:13.801 INF Request delivered (in order). clSeqNr=335
13:03:13.801 INF Request delivered (in order). clSeqNr=336
13:03:13.801 INF Request delivered (in order). clSeqNr=337
13:03:13.802 INF Request delivered (in order). clSeqNr=338
13:03:13.802 INF Request delivered (in order). clSeqNr=339
13:03:13.802 INF Request delivered (in order). clSeqNr=340
13:03:13.802 INF Request delivered (in order). clSeqNr=341
13:03:13.802 INF Request delivered (in order). clSeqNr=342
13:03:13.802 INF Request delivered (in order). clSeqNr=343
13:03:13.802 INF Request delivered (in order). clSeqNr=344
13:03:13.802 INF Request delivered (in order). clSeqNr=345
13:03:13.802 INF Request delivered (in order). clSeqNr=346
13:03:13.802 INF Request delivered (in order). clSeqNr=347
13:03:13.802 INF Request delivered (in order). clSeqNr=348
13:03:13.802 INF Request finished (out of order). clSeqNr=349
13:03:13.802 INF Request delivered (in order). clSeqNr=349
13:03:13.802 INF Request delivered (in order). clSeqNr=350
13:03:13.802 INF Request delivered (in order). clSeqNr=351
13:03:13.802 INF Request delivered (in order). clSeqNr=352
13:03:13.802 INF Request delivered (in order). clSeqNr=353
13:03:13.802 INF Request delivered (in order). clSeqNr=354
13:03:13.802 INF Request delivered (in order). clSeqNr=355
13:03:13.802 INF Request delivered (in order). clSeqNr=356
13:03:13.802 INF Request delivered (in order). clSeqNr=357
13:03:13.802 INF Request delivered (in order). clSeqNr=358
13:03:13.802 INF Request delivered (in order). clSeqNr=359
13:03:13.802 INF Request delivered (in order). clSeqNr=360
13:03:13.802 INF Request delivered (in order). clSeqNr=361
13:03:13.802 INF Request delivered (in order). clSeqNr=362
13:03:13.802 INF Request delivered (in order). clSeqNr=363
13:03:13.802 INF Request delivered (in order). clSeqNr=364
13:03:13.802 INF Request finished (out of order). clSeqNr=365
13:03:13.802 INF Request delivered (in order). clSeqNr=365
13:03:13.802 INF Request delivered (in order). clSeqNr=366
13:03:13.802 INF Request delivered (in order). clSeqNr=367
13:03:13.802 INF Request delivered (in order). clSeqNr=368
13:03:13.802 INF Request delivered (in order). clSeqNr=369
13:03:13.802 INF Request delivered (in order). clSeqNr=370
13:03:13.802 INF Request delivered (in order). clSeqNr=371
13:03:13.802 INF Request delivered (in order). clSeqNr=372
13:03:13.802 INF Request delivered (in order). clSeqNr=373
13:03:13.802 INF Request delivered (in order). clSeqNr=374
13:03:13.802 INF Request delivered (in order). clSeqNr=375
13:03:13.802 INF Request delivered (in order). clSeqNr=376
13:03:13.803 INF Request delivered (in order). clSeqNr=377
13:03:13.803 INF Request delivered (in order). clSeqNr=378
13:03:13.803 INF Request delivered (in order). clSeqNr=379
13:03:13.803 INF Request delivered (in order). clSeqNr=380
13:03:13.803 INF Request finished (out of order). clSeqNr=381
13:03:13.803 INF Request delivered (in order). clSeqNr=381
13:03:13.803 INF Request delivered (in order). clSeqNr=382
13:03:13.803 INF Request delivered (in order). clSeqNr=383
13:03:13.803 INF Request delivered (in order). clSeqNr=384
13:03:13.803 INF Request delivered (in order). clSeqNr=385
13:03:13.803 INF Request delivered (in order). clSeqNr=386
13:03:13.803 INF Request delivered (in order). clSeqNr=387
13:03:13.803 INF Request delivered (in order). clSeqNr=388
13:03:13.803 INF Request delivered (in order). clSeqNr=389
13:03:13.803 INF Request delivered (in order). clSeqNr=390
13:03:13.803 INF Request delivered (in order). clSeqNr=391
13:03:13.803 INF Request delivered (in order). clSeqNr=392
13:03:13.803 INF Request delivered (in order). clSeqNr=393
13:03:13.803 INF Request delivered (in order). clSeqNr=394
13:03:13.803 INF Request delivered (in order). clSeqNr=395
13:03:13.803 INF Request delivered (in order). clSeqNr=396
13:03:13.803 INF Request finished (out of order). clSeqNr=397
13:03:13.803 INF Request delivered (in order). clSeqNr=397
13:03:13.803 INF Request finished (out of order). clSeqNr=413
13:03:13.803 INF Request finished (out of order). clSeqNr=398
13:03:13.803 INF Request delivered (in order). clSeqNr=398
13:03:13.803 INF Request delivered (in order). clSeqNr=399
13:03:13.803 INF Request delivered (in order). clSeqNr=400
13:03:13.803 INF Request delivered (in order). clSeqNr=401
13:03:13.803 INF Request delivered (in order). clSeqNr=402
13:03:13.803 INF Request delivered (in order). clSeqNr=403
13:03:13.803 INF Request delivered (in order). clSeqNr=404
13:03:13.803 INF Request delivered (in order). clSeqNr=405
13:03:13.803 INF Request delivered (in order). clSeqNr=406
13:03:13.803 INF Request delivered (in order). clSeqNr=407
13:03:13.803 INF Request delivered (in order). clSeqNr=408
13:03:13.803 INF Request delivered (in order). clSeqNr=409
13:03:13.803 INF Request delivered (in order). clSeqNr=410
13:03:13.803 INF Request delivered (in order). clSeqNr=411
13:03:13.804 INF Request delivered (in order). clSeqNr=412
13:03:13.804 INF Request delivered (in order). clSeqNr=413
13:03:13.804 INF Request finished (out of order). clSeqNr=414
13:03:13.804 INF Request delivered (in order). clSeqNr=414
13:03:13.804 INF Request delivered (in order). clSeqNr=415
13:03:16.735 INF Request finished (out of order). clSeqNr=416
13:03:16.735 INF Request delivered (in order). clSeqNr=416
13:03:16.735 INF Request finished (out of order). clSeqNr=432
13:03:16.735 INF Request finished (out of order). clSeqNr=417
13:03:16.735 INF Request delivered (in order). clSeqNr=417
13:03:16.736 INF Request finished (out of order). clSeqNr=433
13:03:16.736 INF Request finished (out of order). clSeqNr=418
13:03:16.736 INF Request delivered (in order). clSeqNr=418
13:03:16.736 INF Request finished (out of order). clSeqNr=434
13:03:16.736 INF Request finished (out of order). clSeqNr=419
13:03:16.736 INF Request delivered (in order). clSeqNr=419
13:03:16.736 INF Request finished (out of order). clSeqNr=435
13:03:16.736 INF Request finished (out of order). clSeqNr=420
13:03:16.736 INF Request delivered (in order). clSeqNr=420
13:03:16.737 INF Request finished (out of order). clSeqNr=436
13:03:16.737 INF Request finished (out of order). clSeqNr=421
13:03:16.737 INF Request delivered (in order). clSeqNr=421
13:03:16.737 INF Request finished (out of order). clSeqNr=437
13:03:16.737 INF Request finished (out of order). clSeqNr=422
13:03:16.737 INF Request delivered (in order). clSeqNr=422
13:03:16.737 INF Request finished (out of order). clSeqNr=438
13:03:16.738 INF Request finished (out of order). clSeqNr=423
13:03:16.738 INF Request delivered (in order). clSeqNr=423
13:03:16.738 INF Request finished (out of order). clSeqNr=439
13:03:16.738 INF Request finished (out of order). clSeqNr=424
13:03:16.738 INF Request delivered (in order). clSeqNr=424
13:03:16.738 INF Request finished (out of order). clSeqNr=440
13:03:16.739 INF Request finished (out of order). clSeqNr=425
13:03:16.739 INF Request delivered (in order). clSeqNr=425
13:03:16.739 INF Request finished (out of order). clSeqNr=441
13:03:16.739 INF Request finished (out of order). clSeqNr=426
13:03:16.739 INF Request delivered (in order). clSeqNr=426
13:03:16.739 INF Request finished (out of order). clSeqNr=442
13:03:16.739 INF Request finished (out of order). clSeqNr=427
13:03:16.739 INF Request delivered (in order). clSeqNr=427
13:03:16.739 INF Request finished (out of order). clSeqNr=443
13:03:16.740 INF Request finished (out of order). clSeqNr=428
13:03:16.740 INF Request delivered (in order). clSeqNr=428
13:03:16.740 INF Request finished (out of order). clSeqNr=444
13:03:16.740 INF Request finished (out of order). clSeqNr=429
13:03:16.740 INF Request delivered (in order). clSeqNr=429
13:03:16.740 INF Request finished (out of order). clSeqNr=445
13:03:16.740 INF Request finished (out of order). clSeqNr=430
13:03:16.740 INF Request delivered (in order). clSeqNr=430
13:03:16.740 INF Request delivered (in order). clSeqNr=431
13:03:16.740 INF Request delivered (in order). clSeqNr=432
13:03:16.740 INF Request delivered (in order). clSeqNr=433
13:03:16.740 INF Request delivered (in order). clSeqNr=434
13:03:16.741 INF Request delivered (in order). clSeqNr=435
13:03:16.741 INF Request delivered (in order). clSeqNr=436
13:03:16.741 INF Request delivered (in order). clSeqNr=437
13:03:16.741 INF Request delivered (in order). clSeqNr=438
13:03:16.741 INF Request delivered (in order). clSeqNr=439
13:03:16.741 INF Request delivered (in order). clSeqNr=440
13:03:16.741 INF Request delivered (in order). clSeqNr=441
13:03:16.741 INF Request delivered (in order). clSeqNr=442
13:03:16.741 INF Request delivered (in order). clSeqNr=443
13:03:16.741 INF Request delivered (in order). clSeqNr=444
13:03:16.741 INF Request delivered (in order). clSeqNr=445
13:03:16.741 INF Request finished (out of order). clSeqNr=446
13:03:16.741 INF Request delivered (in order). clSeqNr=446
13:03:16.741 INF Request delivered (in order). clSeqNr=447
13:03:16.741 INF Request finished (out of order). clSeqNr=448
13:03:16.741 INF Request delivered (in order). clSeqNr=448
13:03:16.741 INF Request finished (out of order). clSeqNr=464
13:03:16.741 INF Request finished (out of order). clSeqNr=480
13:03:16.741 INF Request finished (out of order). clSeqNr=449
13:03:16.741 INF Request delivered (in order). clSeqNr=449
13:03:16.741 INF Request finished (out of order). clSeqNr=465
13:03:16.742 INF Request finished (out of order). clSeqNr=450
13:03:16.742 INF Request delivered (in order). clSeqNr=450
13:03:16.742 INF Request finished (out of order). clSeqNr=466
13:03:16.742 INF Request finished (out of order). clSeqNr=451
13:03:16.742 INF Request delivered (in order). clSeqNr=451
13:03:16.742 INF Request finished (out of order). clSeqNr=467
13:03:16.742 INF Request finished (out of order). clSeqNr=452
13:03:16.742 INF Request delivered (in order). clSeqNr=452
13:03:16.742 INF Request finished (out of order). clSeqNr=468
13:03:16.742 INF Request finished (out of order). clSeqNr=453
13:03:16.742 INF Request delivered (in order). clSeqNr=453
13:03:16.743 INF Request finished (out of order). clSeqNr=469
13:03:16.743 INF Request finished (out of order). clSeqNr=454
13:03:16.743 INF Request delivered (in order). clSeqNr=454
13:03:16.743 INF Request finished (out of order). clSeqNr=470
13:03:16.743 INF Request finished (out of order). clSeqNr=455
13:03:16.743 INF Request delivered (in order). clSeqNr=455
13:03:16.743 INF Request finished (out of order). clSeqNr=471
13:03:16.743 INF Request finished (out of order). clSeqNr=472
13:03:16.743 INF Request finished (out of order). clSeqNr=456
13:03:16.744 INF Request delivered (in order). clSeqNr=456
13:03:16.744 INF Request finished (out of order). clSeqNr=473
13:03:16.744 INF Request finished (out of order). clSeqNr=457
13:03:16.744 INF Request delivered (in order). clSeqNr=457
13:03:16.744 INF Request finished (out of order). clSeqNr=474
13:03:16.744 INF Request finished (out of order). clSeqNr=458
13:03:16.744 INF Request delivered (in order). clSeqNr=458
13:03:16.744 INF Request finished (out of order). clSeqNr=475
13:03:16.745 INF Request finished (out of order). clSeqNr=459
13:03:16.745 INF Request delivered (in order). clSeqNr=459
13:03:16.745 INF Request finished (out of order). clSeqNr=476
13:03:16.745 INF Request finished (out of order). clSeqNr=460
13:03:16.745 INF Request delivered (in order). clSeqNr=460
13:03:16.745 INF Request finished (out of order). clSeqNr=477
13:03:16.746 INF Request finished (out of order). clSeqNr=461
13:03:16.746 INF Request delivered (in order). clSeqNr=461
13:03:16.746 INF Request finished (out of order). clSeqNr=462
13:03:16.746 INF Request delivered (in order). clSeqNr=462
13:03:16.746 INF Request delivered (in order). clSeqNr=463
13:03:16.746 INF Request delivered (in order). clSeqNr=464
13:03:16.746 INF Request delivered (in order). clSeqNr=465
13:03:16.746 INF Request delivered (in order). clSeqNr=466
13:03:16.746 INF Request delivered (in order). clSeqNr=467
13:03:16.746 INF Request delivered (in order). clSeqNr=468
13:03:16.746 INF Request delivered (in order). clSeqNr=469
13:03:16.746 INF Request delivered (in order). clSeqNr=470
13:03:16.746 INF Request delivered (in order). clSeqNr=471
13:03:16.746 INF Request delivered (in order). clSeqNr=472
13:03:16.746 INF Request delivered (in order). clSeqNr=473
13:03:16.746 INF Request delivered (in order). clSeqNr=474
13:03:16.746 INF Request delivered (in order). clSeqNr=475
13:03:16.746 INF Request delivered (in order). clSeqNr=476
13:03:16.746 INF Request delivered (in order). clSeqNr=477
13:03:16.746 INF Request finished (out of order). clSeqNr=478
13:03:16.746 INF Request delivered (in order). clSeqNr=478
13:03:16.746 INF Request delivered (in order). clSeqNr=479
13:03:16.746 INF Request delivered (in order). clSeqNr=480
13:03:17.717 INF Response handler done. error="rpc error: code = Canceled desc = grpc: the client connection is closing" peerId=8
13:03:17.717 INF Response handler done. error="rpc error: code = Canceled desc = grpc: the client connection is closing" peerId=9
13:03:17.717 INF Response handler done. error="rpc error: code = Canceled desc = grpc: the client connection is closing" peerId=14
13:03:17.717 INF Response handler done. error="rpc error: code = Canceled desc = grpc: the client connection is closing" peerId=2
13:03:17.717 INF Response handler done. error="rpc error: code = Canceled desc = grpc: the client connection is closing" peerId=10
13:03:17.717 INF Response handler done. error="rpc error: code = Canceled desc = grpc: the client connection is closing" peerId=12
13:03:17.718 INF Response handler done. error="rpc error: code = Canceled desc = grpc: the client connection is closing" peerId=1
13:03:17.718 INF Response handler done. error="rpc error: code = Canceled desc = grpc: the client connection is closing" peerId=15
13:03:17.718 INF Response handler done. error="rpc error: code = Canceled desc = grpc: the client connection is closing" peerId=0
13:03:17.718 INF Response handler done. error="rpc error: code = Canceled desc = grpc: the client connection is closing" peerId=6
13:03:17.718 INF Response handler done. error="rpc error: code = Canceled desc = grpc: the client connection is closing" peerId=7
13:03:17.718 INF Response handler done. error="rpc error: code = Canceled desc = grpc: the client connection is closing" peerId=4
13:03:17.718 INF Response handler done. error="rpc error: code = Canceled desc = grpc: the client connection is closing" peerId=5
13:03:17.718 INF Response handler done. error="rpc error: code = Canceled desc = grpc: the client connection is closing" peerId=11
13:03:17.718 INF Response handler done. error="rpc error: code = Canceled desc = grpc: the client connection is closing" peerId=13
13:03:17.718 INF Response handler done. error="rpc error: code = Canceled desc = grpc: the client connection is closing" peerId=3
