{"level":"debug","Logging":"info","time":"2023-07-11T07:23:33Z","message":"Config"}
{"level":"debug","UseTLS":false,"time":"2023-07-11T07:23:33Z","message":"Config"}
{"level":"debug","CACertFile":"tls-data/ca.pem","time":"2023-07-11T07:23:33Z","message":"Config"}
{"level":"debug","KeyFile":"tls-data/auth.key","time":"2023-07-11T07:23:33Z","message":"Config"}
{"level":"debug","CertFile":"tls-data/auth.pem","time":"2023-07-11T07:23:33Z","message":"Config"}
{"level":"debug","PriorityConnections":2,"time":"2023-07-11T07:23:33Z","message":"Config"}
{"level":"debug","BasicConnections":1,"time":"2023-07-11T07:23:33Z","message":"Config"}
{"level":"debug","TestConnections":false,"time":"2023-07-11T07:23:33Z","message":"Config"}
{"level":"debug","ExcessConnections":1,"time":"2023-07-11T07:23:33Z","message":"Config"}
{"level":"debug","ConnectionTestMsgs":4,"time":"2023-07-11T07:23:33Z","message":"Config"}
{"level":"debug","ConnectionTestPayload":131072,"time":"2023-07-11T07:23:33Z","message":"Config"}
{"level":"debug","OutMessageBufsize":1024,"time":"2023-07-11T07:23:33Z","message":"Config"}
{"level":"debug","OutMessageBufsize":8,"time":"2023-07-11T07:23:33Z","message":"Config"}
{"level":"debug","ThroughputCap":131072000,"time":"2023-07-11T07:23:33Z","message":"Config"}
{"level":"debug","StragglerTolerance":1000,"time":"2023-07-11T07:23:33Z","message":"Config"}
{"level":"debug","BatchSizeIncrement":256,"time":"2023-07-11T07:23:33Z","message":"Config"}
{"level":"debug","Orderer":"Pbft","time":"2023-07-11T07:23:33Z","message":"Config"}
{"level":"debug","Manager":"Mir","time":"2023-07-11T07:23:33Z","message":"Config"}
{"level":"debug","Failures":0,"time":"2023-07-11T07:23:33Z","message":"Config"}
{"level":"debug","StragglerCnt":0,"time":"2023-07-11T07:23:33Z","message":"Config"}
{"level":"debug","CrashTiming":"Straggler","time":"2023-07-11T07:23:33Z","message":"Config"}
{"level":"debug","CheckpointInterval":2048,"time":"2023-07-11T07:23:33Z","message":"Config"}
{"level":"debug","WatermarkWindowSize":2048,"time":"2023-07-11T07:23:33Z","message":"Config"}
{"level":"debug","EpochLength":2048,"time":"2023-07-11T07:23:33Z","message":"Config"}
{"level":"debug","SegmentLength":64,"time":"2023-07-11T07:23:33Z","message":"Config"}
{"level":"debug","WaitForCheckpoints":true,"time":"2023-07-11T07:23:33Z","message":"Config"}
{"level":"debug","ClientWatermarkWindowSize":49152,"time":"2023-07-11T07:23:33Z","message":"Config"}
{"level":"debug","ClientRequestBacklogSize":49152,"time":"2023-07-11T07:23:33Z","message":"Config"}
{"level":"debug","RandomSeed":26123,"time":"2023-07-11T07:23:33Z","message":"Config"}
{"level":"debug","NodeToLeaderRatio":1,"time":"2023-07-11T07:23:33Z","message":"Config"}
{"level":"debug","LeaderPolicy":"Simple","time":"2023-07-11T07:23:33Z","message":"Config"}
{"level":"debug","DefaultLeaderBan":2,"time":"2023-07-11T07:23:33Z","message":"Config"}
{"level":"debug","NumBuckets":512,"time":"2023-07-11T07:23:33Z","message":"Config"}
{"level":"debug","BatchSize":4000,"time":"2023-07-11T07:23:33Z","message":"Config"}
{"level":"debug","DisabledViewChange":false,"time":"2023-07-11T07:23:33Z","message":"Config"}
{"level":"debug","ViewChangeTimeout":60000,"time":"2023-07-11T07:23:33Z","message":"Config"}
{"level":"debug","ClientTraceSampling":10,"time":"2023-07-11T07:23:33Z","message":"Config"}
{"level":"debug","EventBufferSize":2097152,"time":"2023-07-11T07:23:33Z","message":"Config"}
{"level":"debug","TraceSampling":1,"time":"2023-07-11T07:23:33Z","message":"Config"}
{"level":"debug","ClientsPerProcess":8,"time":"2023-07-11T07:23:33Z","message":"Config"}
{"level":"debug","RequestsPerClient":3515,"time":"2023-07-11T07:23:33Z","message":"Config"}
{"level":"debug","ClientRunTime":15000,"time":"2023-07-11T07:23:33Z","message":"Config"}
{"level":"debug","RequestRate":117,"time":"2023-07-11T07:23:33Z","message":"Config"}
{"level":"debug","HardRequestRateLimit":false,"time":"2023-07-11T07:23:33Z","message":"Config"}
{"level":"debug","RequestPayloadSize":500,"time":"2023-07-11T07:23:33Z","message":"Config"}
{"level":"debug","SignRequests":true,"time":"2023-07-11T07:23:33Z","message":"Config"}
{"level":"debug","ClientPrivKeyFile":"tls-data/client-ecdsa-256.key","time":"2023-07-11T07:23:33Z","message":"Config"}
{"level":"debug","ClientPubKeyFile":"tls-data/client-ecdsa-256.pem","time":"2023-07-11T07:23:33Z","message":"Config"}
{"level":"debug","PrecomputeRequests":false,"time":"2023-07-11T07:23:33Z","message":"Config"}
{"level":"debug","RequestHandlerThreads":32,"time":"2023-07-11T07:23:33Z","message":"Config"}
{"level":"debug","RequestInputChannelBuffer":8192,"time":"2023-07-11T07:23:33Z","message":"Config"}
{"level":"debug","BatchVerifier":"external","time":"2023-07-11T07:23:33Z","message":"Config"}
07:23:33.057 INF Started Profiler: CPU
07:23:33.057 INF Started Profiler: BLOCK
07:23:33.057 INF Started Profiler: MUTEX
07:23:33.057 INF Starting clients. numClients=8 numRequests=3515
07:23:33.057 INF Initilizing clients.
07:23:33.357 INF Registared with discovery server. numOrderers=32 ownClientId=39
07:23:33.365 INF Registared with discovery server. numOrderers=32 ownClientId=55
07:23:33.366 INF Registared with discovery server. numOrderers=32 ownClientId=98
07:23:33.376 INF Registared with discovery server. numOrderers=32 ownClientId=119
07:23:33.380 INF Registared with discovery server. numOrderers=32 ownClientId=189
07:23:33.388 INF Registared with discovery server. numOrderers=32 ownClientId=132
07:23:33.395 INF Registared with discovery server. numOrderers=32 ownClientId=149
07:23:33.397 INF Registared with discovery server. numOrderers=32 ownClientId=156
07:23:33.397 INF Clients initialized.
07:23:33.397 INF Launching clients.
07:23:33.397 INF Waiting for clients.
07:23:51.004 INF Stopping Tracer. events=869 fileName=experiment-output/0000/slave-038/client-039.trc
07:23:51.005 INF Trace data written.
07:23:51.033 INF Stopping Tracer. events=794 fileName=experiment-output/0000/slave-038/client-149.trc
07:23:51.034 INF Trace data written.
07:23:51.037 INF Stopping Tracer. events=712 fileName=experiment-output/0000/slave-038/client-132.trc
07:23:51.038 INF Trace data written.
07:23:51.040 INF Stopping Tracer. events=710 fileName=experiment-output/0000/slave-038/client-098.trc
07:23:51.040 INF Stopping Tracer. events=1143 fileName=experiment-output/0000/slave-038/client-055.trc
07:23:51.041 INF Trace data written.
07:23:51.042 INF Trace data written.
zerolog: could not write event: write experiment-output/0000/slave-038/client-039.log: file already closed
zerolog: could not write event: write experiment-output/0000/slave-038/client-039.log: file already closed
zerolog: could not write event: write experiment-output/0000/slave-038/client-039.log: file already closed
zerolog: could not write event: write experiment-output/0000/slave-038/client-039.log: file already closed
zerolog: could not write event: write experiment-output/0000/slave-038/client-039.log: file already closed
zerolog: could not write event: write experiment-output/0000/slave-038/client-039.log: file already closed
zerolog: could not write event: write experiment-output/0000/slave-038/client-039.log: file already closed
zerolog: could not write event: write experiment-output/0000/slave-038/client-039.log: file already closed
zerolog: could not write event: write experiment-output/0000/slave-038/client-039.log: file already closed
zerolog: could not write event: write experiment-output/0000/slave-038/client-039.log: file already closed
zerolog: could not write event: write experiment-output/0000/slave-038/client-039.log: file already closed
zerolog: could not write event: write experiment-output/0000/slave-038/client-039.log: file already closed
zerolog: could not write event: write experiment-output/0000/slave-038/client-132.log: file already closed
zerolog: could not write event: write experiment-output/0000/slave-038/client-039.log: file already closed
zerolog: could not write event: write experiment-output/0000/slave-038/client-132.log: file already closed
zerolog: could not write event: write experiment-output/0000/slave-038/client-039.log: file already closed
zerolog: could not write event: write experiment-output/0000/slave-038/client-039.log: file already closed
zerolog: could not write event: write experiment-output/0000/slave-038/client-039.log: file already closed
zerolog: could not write event: write experiment-output/0000/slave-038/client-039.log: file already closed
zerolog: could not write event: write experiment-output/0000/slave-038/client-039.log: file already closed
zerolog: could not write event: write experiment-output/0000/slave-038/client-039.log: file already closed
zerolog: could not write event: write experiment-output/0000/slave-038/client-039.log: file already closed
zerolog: could not write event: write experiment-output/0000/slave-038/client-149.log: file already closed
zerolog: could not write event: write experiment-output/0000/slave-038/client-098.log: file already closed
zerolog: could not write event: write experiment-output/0000/slave-038/client-149.log: file already closed
zerolog: could not write event: write experiment-output/0000/slave-038/client-132.log: file already closed
zerolog: could not write event: write experiment-output/0000/slave-038/client-039.log: file already closed
zerolog: could not write event: write experiment-output/0000/slave-038/client-039.log: file already closed
zerolog: could not write event: write experiment-output/0000/slave-038/client-132.log: file already closed
zerolog: could not write event: write experiment-output/0000/slave-038/client-039.log: file already closed
zerolog: could not write event: write experiment-output/0000/slave-038/client-039.log: file already closed
zerolog: could not write event: write experiment-output/0000/slave-038/client-132.log: file already closed
zerolog: could not write event: write experiment-output/0000/slave-038/client-149.log: file already closed
zerolog: could not write event: write experiment-output/0000/slave-038/client-039.log: file already closed
zerolog: could not write event: write experiment-output/0000/slave-038/client-098.log: file already closed
zerolog: could not write event: write experiment-output/0000/slave-038/client-039.log: file already closed
zerolog: could not write event: write experiment-output/0000/slave-038/client-098.log: file already closed
zerolog: could not write event: write experiment-output/0000/slave-038/client-039.log: file already closed
zerolog: could not write event: write experiment-output/0000/slave-038/client-149.log: file already closed
zerolog: could not write event: write experiment-output/0000/slave-038/client-132.log: file already closed
zerolog: could not write event: write experiment-output/0000/slave-038/client-149.log: file already closed
zerolog: could not write event: write experiment-output/0000/slave-038/client-149.log: file already closed
zerolog: could not write event: write experiment-output/0000/slave-038/client-098.log: file already closed
zerolog: could not write event: write experiment-output/0000/slave-038/client-055.log: file already closed
zerolog: could not write event: write experiment-output/0000/slave-038/client-132.log: file already closed
zerolog: could not write event: write experiment-output/0000/slave-038/client-055.log: file already closed
zerolog: could not write event: write experiment-output/0000/slave-038/client-039.log: file already closed
zerolog: could not write event: write experiment-output/0000/slave-038/client-149.log: file already closed
zerolog: could not write event: write experiment-output/0000/slave-038/client-039.log: file already closed
zerolog: could not write event: write experiment-output/0000/slave-038/client-039.log: file already closed
zerolog: could not write event: write experiment-output/0000/slave-038/client-149.log: file already closed
zerolog: could not write event: write experiment-output/0000/slave-038/client-055.log: file already closed
zerolog: could not write event: write experiment-output/0000/slave-038/client-132.log: file already closed
zerolog: could not write event: write experiment-output/0000/slave-038/client-098.log: file already closed
zerolog: could not write event: write experiment-output/0000/slave-038/client-132.log: file already closed
zerolog: could not write event: write experiment-output/0000/slave-038/client-098.log: file already closed
zerolog: could not write event: write experiment-output/0000/slave-038/client-098.log: file already closed
zerolog: could not write event: write experiment-output/0000/slave-038/client-055.log: file already closed
zerolog: could not write event: write experiment-output/0000/slave-038/client-149.log: file already closed
zerolog: could not write event: write experiment-output/0000/slave-038/client-132.log: file already closed
zerolog: could not write event: write experiment-output/0000/slave-038/client-149.log: file already closed
zerolog: could not write event: write experiment-output/0000/slave-038/client-055.log: file already closed
zerolog: could not write event: write experiment-output/0000/slave-038/client-149.log: file already closed
zerolog: could not write event: write experiment-output/0000/slave-038/client-132.log: file already closed
zerolog: could not write event: write experiment-output/0000/slave-038/client-098.log: file already closed
zerolog: could not write event: write experiment-output/0000/slave-038/client-149.log: file already closed
zerolog: could not write event: write experiment-output/0000/slave-038/client-098.log: file already closed
zerolog: could not write event: write experiment-output/0000/slave-038/client-132.log: file already closed
zerolog: could not write event: write experiment-output/0000/slave-038/client-132.log: file already closed
zerolog: could not write event: write experiment-output/0000/slave-038/client-149.log: file already closed
zerolog: could not write event: write experiment-output/0000/slave-038/client-132.log: file already closed
zerolog: could not write event: write experiment-output/0000/slave-038/client-039.log: file already closed
zerolog: could not write event: write experiment-output/0000/slave-038/client-055.log: file already closed
zerolog: could not write event: write experiment-output/0000/slave-038/client-149.log: file already closed
zerolog: could not write event: write experiment-output/0000/slave-038/client-055.log: file already closed
zerolog: could not write event: write experiment-output/0000/slave-038/client-098.log: file already closed
zerolog: could not write event: write experiment-output/0000/slave-038/client-055.log: file already closed
zerolog: could not write event: write experiment-output/0000/slave-038/client-039.log: file already closed
zerolog: could not write event: write experiment-output/0000/slave-038/client-055.log: file already closed
zerolog: could not write event: write experiment-output/0000/slave-038/client-149.log: file already closed
zerolog: could not write event: write experiment-output/0000/slave-038/client-149.log: file already closed
zerolog: could not write event: write experiment-output/0000/slave-038/client-055.log: file already closed
zerolog: could not write event: write experiment-output/0000/slave-038/client-132.log: file already closed
zerolog: could not write event: write experiment-output/0000/slave-038/client-055.log: file already closed
zerolog: could not write event: write experiment-output/0000/slave-038/client-149.log: file already closed
zerolog: could not write event: write experiment-output/0000/slave-038/client-132.log: file already closed
zerolog: could not write event: write experiment-output/0000/slave-038/client-149.log: file already closed
zerolog: could not write event: write experiment-output/0000/slave-038/client-132.log: file already closed
zerolog: could not write event: write experiment-output/0000/slave-038/client-132.log: file already closed
zerolog: could not write event: write experiment-output/0000/slave-038/client-132.log: file already closed
zerolog: could not write event: write experiment-output/0000/slave-038/client-132.log: file already closed
zerolog: could not write event: write experiment-output/0000/slave-038/client-098.log: file already closed
zerolog: could not write event: write experiment-output/0000/slave-038/client-055.log: file already closed
zerolog: could not write event: write experiment-output/0000/slave-038/client-055.log: file already closed
zerolog: could not write event: write experiment-output/0000/slave-038/client-055.log: file already closed
zerolog: could not write event: write experiment-output/0000/slave-038/client-055.log: file already closed
zerolog: could not write event: write experiment-output/0000/slave-038/client-132.log: file already closed
zerolog: could not write event: write experiment-output/0000/slave-038/client-055.log: file already closed
zerolog: could not write event: write experiment-output/0000/slave-038/client-132.log: file already closed
zerolog: could not write event: write experiment-output/0000/slave-038/client-149.log: file already closed
zerolog: could not write event: write experiment-output/0000/slave-038/client-149.log: file already closed
zerolog: could not write event: write experiment-output/0000/slave-038/client-055.log: file already closed
zerolog: could not write event: write experiment-output/0000/slave-038/client-055.log: file already closed
zerolog: could not write event: write experiment-output/0000/slave-038/client-149.log: file already closed
zerolog: could not write event: write experiment-output/0000/slave-038/client-098.log: file already closed
zerolog: could not write event: write experiment-output/0000/slave-038/client-055.log: file already closed
zerolog: could not write event: write experiment-output/0000/slave-038/client-055.log: file already closed
zerolog: could not write event: write experiment-output/0000/slave-038/client-055.log: file already closed
zerolog: could not write event: write experiment-output/0000/slave-038/client-132.log: file already closed
zerolog: could not write event: write experiment-output/0000/slave-038/client-098.log: file already closed
zerolog: could not write event: write experiment-output/0000/slave-038/client-055.log: file already closed
zerolog: could not write event: write experiment-output/0000/slave-038/client-149.log: file already closed
zerolog: could not write event: write experiment-output/0000/slave-038/client-055.log: file already closed
zerolog: could not write event: write experiment-output/0000/slave-038/client-098.log: file already closed
zerolog: could not write event: write experiment-output/0000/slave-038/client-098.log: file already closed
zerolog: could not write event: write experiment-output/0000/slave-038/client-055.log: file already closed
zerolog: could not write event: write experiment-output/0000/slave-038/client-149.log: file already closed
zerolog: could not write event: write experiment-output/0000/slave-038/client-055.log: file already closed
zerolog: could not write event: write experiment-output/0000/slave-038/client-149.log: file already closed
zerolog: could not write event: write experiment-output/0000/slave-038/client-098.log: file already closed
zerolog: could not write event: write experiment-output/0000/slave-038/client-098.log: file already closed
zerolog: could not write event: write experiment-output/0000/slave-038/client-055.log: file already closed
zerolog: could not write event: write experiment-output/0000/slave-038/client-149.log: file already closed
zerolog: could not write event: write experiment-output/0000/slave-038/client-132.log: file already closed
zerolog: could not write event: write experiment-output/0000/slave-038/client-149.log: file already closed
zerolog: could not write event: write experiment-output/0000/slave-038/client-149.log: file already closed
zerolog: could not write event: write experiment-output/0000/slave-038/client-098.log: file already closed
zerolog: could not write event: write experiment-output/0000/slave-038/client-055.log: file already closed
zerolog: could not write event: write experiment-output/0000/slave-038/client-098.log: file already closed
zerolog: could not write event: write experiment-output/0000/slave-038/client-132.log: file already closed
zerolog: could not write event: write experiment-output/0000/slave-038/client-098.log: file already closed
zerolog: could not write event: write experiment-output/0000/slave-038/client-055.log: file already closed
zerolog: could not write event: write experiment-output/0000/slave-038/client-098.log: file already closed
zerolog: could not write event: write experiment-output/0000/slave-038/client-098.log: file already closed
zerolog: could not write event: write experiment-output/0000/slave-038/client-055.log: file already closed
zerolog: could not write event: write experiment-output/0000/slave-038/client-149.log: file already closed
zerolog: could not write event: write experiment-output/0000/slave-038/client-132.log: file already closed
zerolog: could not write event: write experiment-output/0000/slave-038/client-149.log: file already closed
zerolog: could not write event: write experiment-output/0000/slave-038/client-132.log: file already closed
zerolog: could not write event: write experiment-output/0000/slave-038/client-098.log: file already closed
zerolog: could not write event: write experiment-output/0000/slave-038/client-098.log: file already closed
zerolog: could not write event: write experiment-output/0000/slave-038/client-098.log: file already closed
zerolog: could not write event: write experiment-output/0000/slave-038/client-098.log: file already closed
zerolog: could not write event: write experiment-output/0000/slave-038/client-149.log: file already closed
zerolog: could not write event: write experiment-output/0000/slave-038/client-132.log: file already closed
zerolog: could not write event: write experiment-output/0000/slave-038/client-055.log: file already closed
zerolog: could not write event: write experiment-output/0000/slave-038/client-149.log: file already closed
zerolog: could not write event: write experiment-output/0000/slave-038/client-132.log: file already closed
zerolog: could not write event: write experiment-output/0000/slave-038/client-098.log: file already closed
zerolog: could not write event: write experiment-output/0000/slave-038/client-132.log: file already closed
zerolog: could not write event: write experiment-output/0000/slave-038/client-132.log: file already closed
zerolog: could not write event: write experiment-output/0000/slave-038/client-132.log: file already closed
zerolog: could not write event: write experiment-output/0000/slave-038/client-098.log: file already closed
zerolog: could not write event: write experiment-output/0000/slave-038/client-149.log: file already closed
zerolog: could not write event: write experiment-output/0000/slave-038/client-098.log: file already closed
zerolog: could not write event: write experiment-output/0000/slave-038/client-098.log: file already closed
zerolog: could not write event: write experiment-output/0000/slave-038/client-055.log: file already closed
zerolog: could not write event: write experiment-output/0000/slave-038/client-098.log: file already closed
zerolog: could not write event: write experiment-output/0000/slave-038/client-098.log: file already closed
zerolog: could not write event: write experiment-output/0000/slave-038/client-055.log: file already closed
07:23:54.035 INF Stopping Tracer. events=869 fileName=experiment-output/0000/slave-038/client-189.trc
07:23:54.037 INF Trace data written.
07:23:54.039 INF Stopping Tracer. events=713 fileName=experiment-output/0000/slave-038/client-156.trc
07:23:54.040 INF Trace data written.
07:23:54.042 INF Stopping Tracer. events=867 fileName=experiment-output/0000/slave-038/client-119.trc
07:23:54.043 INF Trace data written.
07:23:54.043 INF Done.
07:23:54.043 INF Stopping profiler.
zerolog: could not write event: write experiment-output/0000/slave-038/client-189.log: file already closed
zerolog: could not write event: write experiment-output/0000/slave-038/client-156.log: file already closed
zerolog: could not write event: write experiment-output/0000/slave-038/client-189.log: file already closed
zerolog: could not write event: write experiment-output/0000/slave-038/client-156.log: file already closed
zerolog: could not write event: write experiment-output/0000/slave-038/client-156.log: file already closed
zerolog: could not write event: write experiment-output/0000/slave-038/client-119.log: file already closed
zerolog: could not write event: write experiment-output/0000/slave-038/client-156.log: file already closed
zerolog: could not write event: write experiment-output/0000/slave-038/client-189.log: file already closed
zerolog: could not write event: write experiment-output/0000/slave-038/client-156.log: file already closed
zerolog: could not write event: write experiment-output/0000/slave-038/client-189.log: file already closed
zerolog: could not write event: write experiment-output/0000/slave-038/client-156.log: file already closed
zerolog: could not write event: write experiment-output/0000/slave-038/client-189.log: file already closed
zerolog: could not write event: write experiment-output/0000/slave-038/client-156.log: file already closed
zerolog: could not write event: write experiment-output/0000/slave-038/client-119.log: file already closed
zerolog: could not write event: write experiment-output/0000/slave-038/client-119.log: file already closed
zerolog: could not write event: write experiment-output/0000/slave-038/client-189.log: file already closed
zerolog: could not write event: write experiment-output/0000/slave-038/client-119.log: file already closed
zerolog: could not write event: write experiment-output/0000/slave-038/client-156.log: file already closed
zerolog: could not write event: write experiment-output/0000/slave-038/client-189.log: file already closed
zerolog: could not write event: write experiment-output/0000/slave-038/client-189.log: file already closed
zerolog: could not write event: write experiment-output/0000/slave-038/client-189.log: file already closed
zerolog: could not write event: write experiment-output/0000/slave-038/client-156.log: file already closed
zerolog: could not write event: write experiment-output/0000/slave-038/client-156.log: file already closed
zerolog: could not write event: write experiment-output/0000/slave-038/client-189.log: file already closed
zerolog: could not write event: write experiment-output/0000/slave-038/client-156.log: file already closed
zerolog: could not write event: write experiment-output/0000/slave-038/client-189.log: file already closed
zerolog: could not write event: write experiment-output/0000/slave-038/client-189.log: file already closed
zerolog: could not write event: write experiment-output/0000/slave-038/client-156.log: file already closed
zerolog: could not write event: write experiment-output/0000/slave-038/client-189.log: file already closed
zerolog: could not write event: write experiment-output/0000/slave-038/client-189.log: file already closed
zerolog: could not write event: write experiment-output/0000/slave-038/client-156.log: file already closed
zerolog: could not write event: write experiment-output/0000/slave-038/client-156.log: file already closed
zerolog: could not write event: write experiment-output/0000/slave-038/client-189.log: file already closed
zerolog: could not write event: write experiment-output/0000/slave-038/client-156.log: file already closed
zerolog: could not write event: write experiment-output/0000/slave-038/client-156.log: file already closed
zerolog: could not write event: write experiment-output/0000/slave-038/client-119.log: file already closed
zerolog: could not write event: write experiment-output/0000/slave-038/client-119.log: file already closed
zerolog: could not write event: write experiment-output/0000/slave-038/client-156.log: file already closed
zerolog: could not write event: write experiment-output/0000/slave-038/client-156.log: file already closed
zerolog: could not write event: write experiment-output/0000/slave-038/client-119.log: file already closed
zerolog: could not write event: write experiment-output/0000/slave-038/client-119.log: file already closed
07:23:54.139 INF Profile data written. filename=experiment-output/0000/slave-038/prof-client.cpu name=cpu
zerolog: could not write event: write experiment-output/0000/slave-038/client-189.log: file already closed
zerolog: could not write event: write experiment-output/0000/slave-038/client-119.log: file already closed
zerolog: could not write event: write experiment-output/0000/slave-038/client-119.log: file already closed
zerolog: could not write event: write experiment-output/0000/slave-038/client-156.log: file already closed
zerolog: could not write event: write experiment-output/0000/slave-038/client-189.log: file already closed
zerolog: could not write event: write experiment-output/0000/slave-038/client-119.log: file already closed
zerolog: could not write event: write experiment-output/0000/slave-038/client-189.log: file already closed
zerolog: could not write event: write experiment-output/0000/slave-038/client-119.log: file already closed
zerolog: could not write event: write experiment-output/0000/slave-038/client-119.log: file already closed
zerolog: could not write event: write experiment-output/0000/slave-038/client-189.log: file already closed
zerolog: could not write event: write experiment-output/0000/slave-038/client-119.log: file already closed
zerolog: could not write event: write experiment-output/0000/slave-038/client-156.log: file already closed
zerolog: could not write event: write experiment-output/0000/slave-038/client-189.log: file already closed
zerolog: could not write event: write experiment-output/0000/slave-038/client-119.log: file already closed
zerolog: could not write event: write experiment-output/0000/slave-038/client-119.log: file already closed
zerolog: could not write event: write experiment-output/0000/slave-038/client-189.log: file already closed
zerolog: could not write event: write experiment-output/0000/slave-038/client-156.log: file already closed
zerolog: could not write event: write experiment-output/0000/slave-038/client-189.log: file already closed
zerolog: could not write event: write experiment-output/0000/slave-038/client-156.log: file already closed
zerolog: could not write event: write experiment-output/0000/slave-038/client-119.log: file already closed
zerolog: could not write event: write experiment-output/0000/slave-038/client-119.log: file already closed
zerolog: could not write event: write experiment-output/0000/slave-038/client-119.log: file already closed
zerolog: could not write event: write experiment-output/0000/slave-038/client-119.log: file already closed
zerolog: could not write event: write experiment-output/0000/slave-038/client-156.log: file already closed
zerolog: could not write event: write experiment-output/0000/slave-038/client-156.log: file already closed
zerolog: could not write event: write experiment-output/0000/slave-038/client-119.log: file already closed
zerolog: could not write event: write experiment-output/0000/slave-038/client-189.log: file already closed
zerolog: could not write event: write experiment-output/0000/slave-038/client-119.log: file already closed
zerolog: could not write event: write experiment-output/0000/slave-038/client-189.log: file already closed
zerolog: could not write event: write experiment-output/0000/slave-038/client-189.log: file already closed
zerolog: could not write event: write experiment-output/0000/slave-038/client-119.log: file already closed
zerolog: could not write event: write experiment-output/0000/slave-038/client-189.log: file already closed
zerolog: could not write event: write experiment-output/0000/slave-038/client-189.log: file already closed
zerolog: could not write event: write experiment-output/0000/slave-038/client-119.log: file already closed
zerolog: could not write event: write experiment-output/0000/slave-038/client-156.log: file already closed
zerolog: could not write event: write experiment-output/0000/slave-038/client-119.log: file already closed
zerolog: could not write event: write experiment-output/0000/slave-038/client-119.log: file already closed
zerolog: could not write event: write experiment-output/0000/slave-038/client-119.log: file already closed
zerolog: could not write event: write experiment-output/0000/slave-038/client-156.log: file already closed
07:23:54.158 INF Profile data written. filename=experiment-output/0000/slave-038/prof-client.block name=block
zerolog: could not write event: write experiment-output/0000/slave-038/client-189.log: file already closed
zerolog: could not write event: write experiment-output/0000/slave-038/client-156.log: file already closed
zerolog: could not write event: write experiment-output/0000/slave-038/client-119.log: file already closed
zerolog: could not write event: write experiment-output/0000/slave-038/client-156.log: file already closed
zerolog: could not write event: write experiment-output/0000/slave-038/client-119.log: file already closed
07:23:54.162 INF Profile data written. filename=experiment-output/0000/slave-038/prof-client.mutex name=mutex
