{"level":"debug","Logging":"info","time":"2023-03-10T12:11:42Z","message":"Config"}
{"level":"debug","UseTLS":false,"time":"2023-03-10T12:11:42Z","message":"Config"}
{"level":"debug","CACertFile":"tls-data/ca.pem","time":"2023-03-10T12:11:42Z","message":"Config"}
{"level":"debug","KeyFile":"tls-data/auth.key","time":"2023-03-10T12:11:42Z","message":"Config"}
{"level":"debug","CertFile":"tls-data/auth.pem","time":"2023-03-10T12:11:42Z","message":"Config"}
{"level":"debug","PriorityConnections":2,"time":"2023-03-10T12:11:42Z","message":"Config"}
{"level":"debug","BasicConnections":4,"time":"2023-03-10T12:11:42Z","message":"Config"}
{"level":"debug","TestConnections":false,"time":"2023-03-10T12:11:42Z","message":"Config"}
{"level":"debug","ExcessConnections":1,"time":"2023-03-10T12:11:42Z","message":"Config"}
{"level":"debug","ConnectionTestMsgs":4,"time":"2023-03-10T12:11:42Z","message":"Config"}
{"level":"debug","ConnectionTestPayload":131072,"time":"2023-03-10T12:11:42Z","message":"Config"}
{"level":"debug","OutMessageBufsize":1024,"time":"2023-03-10T12:11:42Z","message":"Config"}
{"level":"debug","OutMessageBufsize":1,"time":"2023-03-10T12:11:42Z","message":"Config"}
{"level":"debug","ThroughputCap":131072000,"time":"2023-03-10T12:11:42Z","message":"Config"}
{"level":"debug","StragglerTolerance":1000,"time":"2023-03-10T12:11:42Z","message":"Config"}
{"level":"debug","BatchSizeIncrement":256,"time":"2023-03-10T12:11:42Z","message":"Config"}
{"level":"debug","Orderer":"Pbft","time":"2023-03-10T12:11:42Z","message":"Config"}
{"level":"debug","Manager":"Mir","time":"2023-03-10T12:11:42Z","message":"Config"}
{"level":"debug","Failures":0,"time":"2023-03-10T12:11:42Z","message":"Config"}
{"level":"debug","StragglerCnt":0,"time":"2023-03-10T12:11:42Z","message":"Config"}
{"level":"debug","PrivKeyCnt":10,"time":"2023-03-10T12:11:42Z","message":"Config"}
{"level":"debug","UseSig":false,"time":"2023-03-10T12:11:42Z","message":"Config"}
{"level":"debug","CrashTiming":"Straggler","time":"2023-03-10T12:11:42Z","message":"Config"}
{"level":"debug","CheckpointInterval":128,"time":"2023-03-10T12:11:42Z","message":"Config"}
{"level":"debug","WatermarkWindowSize":128,"time":"2023-03-10T12:11:42Z","message":"Config"}
{"level":"debug","EpochLength":128,"time":"2023-03-10T12:11:42Z","message":"Config"}
{"level":"debug","SegmentLength":32,"time":"2023-03-10T12:11:42Z","message":"Config"}
{"level":"debug","WaitForCheckpoints":true,"time":"2023-03-10T12:11:42Z","message":"Config"}
{"level":"debug","ClientWatermarkWindowSize":4194304,"time":"2023-03-10T12:11:42Z","message":"Config"}
{"level":"debug","ClientRequestBacklogSize":4194304,"time":"2023-03-10T12:11:42Z","message":"Config"}
{"level":"debug","RandomSeed":18185,"time":"2023-03-10T12:11:42Z","message":"Config"}
{"level":"debug","NodeToLeaderRatio":1,"time":"2023-03-10T12:11:42Z","message":"Config"}
{"level":"debug","LeaderPolicy":"Simple","time":"2023-03-10T12:11:42Z","message":"Config"}
{"level":"debug","DefaultLeaderBan":2,"time":"2023-03-10T12:11:42Z","message":"Config"}
{"level":"debug","NumBuckets":64,"time":"2023-03-10T12:11:42Z","message":"Config"}
{"level":"debug","BatchSize":1000,"time":"2023-03-10T12:11:42Z","message":"Config"}
{"level":"debug","DisabledViewChange":false,"time":"2023-03-10T12:11:42Z","message":"Config"}
{"level":"debug","ViewChangeTimeout":60000,"time":"2023-03-10T12:11:42Z","message":"Config"}
{"level":"debug","ClientTraceSampling":10,"time":"2023-03-10T12:11:42Z","message":"Config"}
{"level":"debug","EventBufferSize":2097152,"time":"2023-03-10T12:11:42Z","message":"Config"}
{"level":"debug","TraceSampling":1,"time":"2023-03-10T12:11:42Z","message":"Config"}
{"level":"debug","ClientsPerProcess":1,"time":"2023-03-10T12:11:42Z","message":"Config"}
{"level":"debug","RequestsPerClient":30720,"time":"2023-03-10T12:11:42Z","message":"Config"}
{"level":"debug","ClientRunTime":15000,"time":"2023-03-10T12:11:42Z","message":"Config"}
{"level":"debug","RequestRate":1024,"time":"2023-03-10T12:11:42Z","message":"Config"}
{"level":"debug","HardRequestRateLimit":false,"time":"2023-03-10T12:11:42Z","message":"Config"}
{"level":"debug","RequestPayloadSize":500,"time":"2023-03-10T12:11:42Z","message":"Config"}
{"level":"debug","SignRequests":true,"time":"2023-03-10T12:11:42Z","message":"Config"}
{"level":"debug","ClientPrivKeyFile":"tls-data/client-ecdsa-256.key","time":"2023-03-10T12:11:42Z","message":"Config"}
{"level":"debug","ClientPubKeyFile":"tls-data/client-ecdsa-256.pem","time":"2023-03-10T12:11:42Z","message":"Config"}
{"level":"debug","PrecomputeRequests":false,"time":"2023-03-10T12:11:42Z","message":"Config"}
{"level":"debug","RequestHandlerThreads":32,"time":"2023-03-10T12:11:42Z","message":"Config"}
{"level":"debug","RequestInputChannelBuffer":8192,"time":"2023-03-10T12:11:42Z","message":"Config"}
{"level":"debug","BatchVerifier":"external","time":"2023-03-10T12:11:42Z","message":"Config"}
12:11:42.882 INF Registered with discovery server. numPeers=4 ownID=3
12:11:42.893 INF Profiling enabled.
12:11:42.893 INF Setting up profiling.
12:11:42.893 INF Started Profiler: CPU
12:11:42.893 INF Started Profiler: BLOCK
12:11:42.893 INF Started Profiler: MUTEX
12:11:42.893 INF Profiler will stop on signal. exit=true
12:11:42.895 INF Tracing will stop on signal. exit=false
12:11:42.895 INF Started tracing. traceFile=experiment-output/0003/slave-003/peer.trc
12:11:42.897 INF Connecting to peer. addr=172.31.61.147:10022 basicConns=4 priorityConns=2
12:11:42.898 INF Listening for connections. port=10033 useTLS=false
12:11:42.898 INF Connecting to peer. addr=172.31.48.110:10033 basicConns=4 priorityConns=2
12:11:42.899 INF Connecting to peer. addr=172.31.52.191:10000 basicConns=4 priorityConns=2
12:11:42.899 INF Connecting to peer. addr=172.31.56.244:10011 basicConns=4 priorityConns=2
12:11:42.916 INF Connected to all peers.
12:11:42.916 INF Incoming connection for protocol messages. addr=172.31.56.244:45064
12:11:42.916 INF Incoming connection for protocol messages. addr=172.31.52.191:53122
12:11:42.917 INF Incoming connection for protocol messages. addr=172.31.48.110:40488
12:11:42.917 INF Incoming connection for protocol messages. addr=172.31.48.110:40490
12:11:42.917 INF Incoming connection for protocol messages. addr=172.31.48.110:40492
12:11:42.918 INF Incoming connection for protocol messages. addr=172.31.48.110:40498
12:11:42.918 INF Incoming connection for protocol messages. addr=172.31.61.147:55708
12:11:42.918 INF Incoming connection for protocol messages. addr=172.31.61.147:55698
12:11:42.918 INF Incoming connection for protocol messages. addr=172.31.61.147:55700
12:11:42.918 INF Incoming connection for protocol messages. addr=172.31.61.147:55702
12:11:42.918 INF Incoming connection for protocol messages. addr=172.31.61.147:55704
12:11:42.918 INF Incoming connection for protocol messages. addr=172.31.61.147:55706
12:11:42.918 INF Incoming connection for protocol messages. addr=172.31.52.191:53124
12:11:42.918 INF Incoming connection for protocol messages. addr=172.31.56.244:45050
12:11:42.918 INF Incoming connection for protocol messages. addr=172.31.52.191:53126
12:11:42.918 INF Incoming connection for protocol messages. addr=172.31.56.244:45054
12:11:42.918 INF Incoming connection for protocol messages. addr=172.31.52.191:53128
12:11:42.918 INF Incoming connection for protocol messages. addr=172.31.56.244:45056
12:11:42.919 INF Incoming connection for protocol messages. addr=172.31.56.244:45058
12:11:42.919 INF Incoming connection for protocol messages. addr=172.31.56.244:45062
12:11:42.919 INF Incoming connection for protocol messages. addr=172.31.52.191:53132
12:11:42.919 INF Incoming connection for protocol messages. addr=172.31.48.110:40494
12:11:42.919 INF Incoming connection for protocol messages. addr=172.31.48.110:40496
12:11:42.919 INF Incoming connection for protocol messages. addr=172.31.52.191:53130
12:11:42.920 INF All peers finished connecting. Starting ISS.
12:11:42.921 INF PbftOrderer received a new segment: [2 6 10 14 18 22 26 30 34 38 42 46 50 54 58 62 66 70 74 78 82 86 90 94 98 102 106 110 114 118 122 126] first leader=2 firstSN=2 lastSN=126 len=32 length=32 segId=2
12:11:42.921 INF Starting new view. segID=2 timeout=60000 view=0
12:11:42.921 INF Starting PBFT instance. first=2 last=126 segID=2
12:11:42.921 INF PbftOrderer received a new segment: [3 7 11 15 19 23 27 31 35 39 43 47 51 55 59 63 67 71 75 79 83 87 91 95 99 103 107 111 115 119 123 127] first leader=3 firstSN=3 lastSN=127 len=32 length=32 segId=3
12:11:42.921 INF Starting new view. segID=3 timeout=60000 view=0
12:11:42.921 INF Starting PBFT instance. first=3 last=127 segID=3
12:11:42.921 INF Starting serialized message processing. segID=2
12:11:42.921 INF PbftOrderer received a new segment: [0 4 8 12 16 20 24 28 32 36 40 44 48 52 56 60 64 68 72 76 80 84 88 92 96 100 104 108 112 116 120 124] first leader=0 firstSN=0 lastSN=124 len=32 length=32 segId=0
12:11:42.921 INF Starting new view. segID=0 timeout=60000 view=0
12:11:42.921 INF Starting PBFT instance. first=0 last=124 segID=0
12:11:42.921 INF PbftOrderer received a new segment: [1 5 9 13 17 21 25 29 33 37 41 45 49 53 57 61 65 69 73 77 81 85 89 93 97 101 105 109 113 117 121 125] first leader=1 firstSN=1 lastSN=125 len=32 length=32 segId=1
12:11:42.921 INF Starting new view. segID=1 timeout=60000 view=0
12:11:42.921 INF Starting PBFT instance. first=1 last=125 segID=1
12:11:42.921 INF Starting serialized message processing. segID=3
12:11:42.921 INF Starting serialized message processing. segID=0
12:11:42.922 INF Starting serialized message processing. segID=1
12:11:42.942 INF Incoming connection for requests. addr=100.25.149.4:42878
12:11:43.922 INF enter big block cursn=3
12:11:43.922 INF cursn==snfromhtntopropose SegID=3 cursn=3
12:11:43.957 INF Sending PREPREPARE. nReq=248 senderID=3 sn=3 view=0
12:11:43.964 INF Handling PREPREPARE. nReq=249 senderID=1 sn=1
12:11:43.999 INF Handling PREPREPARE. nReq=249 senderID=2 sn=2
12:11:44.038 INF Get logEntry.Sn from tn. SegID=1 Tn=1 logEntry.Sn=1 origin_sn=1
12:11:44.038 INF Committed entry. latency=0 nReq=249 sn=1
12:11:44.039 INF Get logEntry.Sn from tn. SegID=2 Tn=1 logEntry.Sn=2 origin_sn=2
12:11:44.039 INF Committed entry. latency=0 nReq=249 sn=2
12:11:44.040 INF Get logEntry.Sn from tn. SegID=3 Tn=1 logEntry.Sn=3 origin_sn=3
12:11:44.040 INF Committed entry. latency=0 nReq=248 sn=3
12:11:44.040 INF Set TRUE. sn=7
12:11:44.040 INF validHtnMsgs sets. validHtnMsgs=1
12:11:44.040 INF validHtnMsgs sets. validHtnMsgs=1
12:11:44.933 INF enter big block cursn=7
12:11:44.933 INF cursn==snfromhtntopropose SegID=3 cursn=7
12:11:44.969 INF Sending PREPREPARE. nReq=259 senderID=3 sn=7 view=0
12:11:44.975 INF Handling PREPREPARE. nReq=259 senderID=2 sn=6
12:11:45.051 INF Handling PREPREPARE. nReq=260 senderID=1 sn=5
12:11:45.090 INF Get logEntry.Sn from tn. SegID=3 Tn=2 logEntry.Sn=7 origin_sn=7
12:11:45.090 INF Committed entry. latency=0 nReq=259 sn=7
12:11:45.090 INF Set TRUE. sn=11
12:11:45.090 INF validHtnMsgs sets. validHtnMsgs=2
12:11:45.090 INF validHtnMsgs sets. validHtnMsgs=2
12:11:45.090 INF Get logEntry.Sn from tn. SegID=2 Tn=2 logEntry.Sn=6 origin_sn=6
12:11:45.090 INF Committed entry. latency=0 nReq=259 sn=6
12:11:45.092 INF Get logEntry.Sn from tn. SegID=1 Tn=2 logEntry.Sn=5 origin_sn=5
12:11:45.092 INF Committed entry. latency=0 nReq=260 sn=5
12:11:45.944 INF enter big block cursn=11
12:11:45.944 INF cursn==snfromhtntopropose SegID=3 cursn=11
12:11:45.980 INF Sending PREPREPARE. nReq=260 senderID=3 sn=11 view=0
12:11:45.984 INF Handling PREPREPARE. nReq=257 senderID=1 sn=9
12:11:46.023 INF Handling PREPREPARE. nReq=259 senderID=2 sn=10
12:11:46.099 INF Get logEntry.Sn from tn. SegID=1 Tn=3 logEntry.Sn=9 origin_sn=9
12:11:46.099 INF Committed entry. latency=0 nReq=257 sn=9
12:11:46.100 INF Get logEntry.Sn from tn. SegID=2 Tn=3 logEntry.Sn=10 origin_sn=10
12:11:46.100 INF Committed entry. latency=0 nReq=259 sn=10
12:11:46.101 INF Get logEntry.Sn from tn. SegID=3 Tn=3 logEntry.Sn=11 origin_sn=11
12:11:46.101 INF Committed entry. latency=0 nReq=260 sn=11
12:11:46.101 INF Set TRUE. sn=15
12:11:46.101 INF validHtnMsgs sets. validHtnMsgs=3
12:11:46.101 INF validHtnMsgs sets. validHtnMsgs=3
12:11:46.177 INF Handling PREPREPARE. nReq=762 senderID=0 sn=8
12:11:46.291 INF Committed nil entry. latency=0 sn=0
12:11:46.291 INF Delivered nil batch. sn=0
12:11:46.291 INF Delivered batch. nReq=249 sn=1
12:11:46.291 INF Delivered batch. nReq=249 sn=2
12:11:46.291 INF Delivered batch. nReq=248 sn=3
12:11:46.291 INF Get logEntry.Sn from tn. Nil Blocks. SegID=0 logEntry.Sn=0
12:11:46.291 INF Committed nil entry. latency=0 sn=4
12:11:46.291 INF Delivered nil batch. sn=4
12:11:46.291 INF Delivered batch. nReq=260 sn=5
12:11:46.291 INF Delivered batch. nReq=259 sn=6
12:11:46.291 INF Delivered batch. nReq=259 sn=7
12:11:46.292 INF Get logEntry.Sn from tn. Nil Blocks. SegID=0 logEntry.Sn=4
12:11:46.292 INF Get logEntry.Sn from tn. SegID=0 Tn=3 logEntry.Sn=8 origin_sn=8
12:11:46.292 INF Committed entry. latency=0 nReq=762 sn=8
12:11:46.292 INF Delivered batch. nReq=762 sn=8
12:11:46.292 INF Delivered batch. nReq=257 sn=9
12:11:46.292 INF Delivered batch. nReq=259 sn=10
12:11:46.292 INF Delivered batch. nReq=260 sn=11
12:11:46.955 INF enter big block cursn=15
12:11:46.955 INF cursn==snfromhtntopropose SegID=3 cursn=15
12:11:46.991 INF Sending PREPREPARE. nReq=258 senderID=3 sn=15 view=0
12:11:46.995 INF Handling PREPREPARE. nReq=259 senderID=1 sn=13
12:11:47.041 INF Handling PREPREPARE. nReq=260 senderID=2 sn=14
12:11:47.079 INF Get logEntry.Sn from tn. SegID=1 Tn=4 logEntry.Sn=13 origin_sn=13
12:11:47.079 INF Committed entry. latency=0 nReq=259 sn=13
12:11:47.109 INF Get logEntry.Sn from tn. SegID=3 Tn=4 logEntry.Sn=15 origin_sn=15
12:11:47.109 INF Committed entry. latency=0 nReq=258 sn=15
12:11:47.110 INF Set TRUE. sn=19
12:11:47.110 INF validHtnMsgs sets. validHtnMsgs=4
12:11:47.110 INF validHtnMsgs sets. validHtnMsgs=4
12:11:47.110 INF Get logEntry.Sn from tn. SegID=2 Tn=4 logEntry.Sn=14 origin_sn=14
12:11:47.111 INF Committed entry. latency=0 nReq=260 sn=14
12:11:47.966 INF enter big block cursn=19
12:11:47.966 INF cursn==snfromhtntopropose SegID=3 cursn=19
12:11:48.002 INF Sending PREPREPARE. nReq=260 senderID=3 sn=19 view=0
12:11:48.004 INF Handling PREPREPARE. nReq=259 senderID=1 sn=17
12:11:48.050 INF Get logEntry.Sn from tn. SegID=1 Tn=5 logEntry.Sn=17 origin_sn=17
12:11:48.051 INF Committed entry. latency=0 nReq=259 sn=17
12:11:48.052 INF Handling PREPREPARE. nReq=259 senderID=2 sn=18
12:11:48.090 INF Set TRUE. sn=23
12:11:48.090 INF validHtnMsgs sets. validHtnMsgs=5
12:11:48.090 INF validHtnMsgs sets. validHtnMsgs=5
12:11:48.090 INF Get logEntry.Sn from tn. SegID=3 Tn=5 logEntry.Sn=19 origin_sn=19
12:11:48.090 INF Committed entry. latency=0 nReq=260 sn=19
12:11:48.131 INF Get logEntry.Sn from tn. SegID=2 Tn=5 logEntry.Sn=18 origin_sn=18
12:11:48.131 INF Committed entry. latency=0 nReq=259 sn=18
12:11:48.977 INF enter big block cursn=23
12:11:48.977 INF cursn==snfromhtntopropose SegID=3 cursn=23
12:11:49.013 INF Sending PREPREPARE. nReq=258 senderID=3 sn=23 view=0
12:11:49.021 INF Handling PREPREPARE. nReq=260 senderID=1 sn=21
12:11:49.098 INF Handling PREPREPARE. nReq=259 senderID=2 sn=22
12:11:49.136 INF Get logEntry.Sn from tn. SegID=1 Tn=6 logEntry.Sn=21 origin_sn=21
12:11:49.136 INF Committed entry. latency=0 nReq=260 sn=21
12:11:49.137 INF Get logEntry.Sn from tn. SegID=3 Tn=6 logEntry.Sn=23 origin_sn=23
12:11:49.137 INF Committed entry. latency=0 nReq=258 sn=23
12:11:49.137 INF Set TRUE. sn=27
12:11:49.137 INF validHtnMsgs sets. validHtnMsgs=6
12:11:49.138 INF validHtnMsgs sets. validHtnMsgs=6
12:11:49.138 INF Get logEntry.Sn from tn. SegID=2 Tn=6 logEntry.Sn=22 origin_sn=22
12:11:49.138 INF Committed entry. latency=0 nReq=259 sn=22
12:11:49.164 INF Handling PREPREPARE. nReq=771 senderID=0 sn=20
12:11:49.278 INF Committed nil entry. latency=0 sn=12
12:11:49.278 INF Delivered nil batch. sn=12
12:11:49.278 INF Delivered batch. nReq=259 sn=13
12:11:49.278 INF Delivered batch. nReq=260 sn=14
12:11:49.278 INF Delivered batch. nReq=258 sn=15
12:11:49.278 INF Get logEntry.Sn from tn. Nil Blocks. SegID=0 logEntry.Sn=12
12:11:49.278 INF Committed nil entry. latency=0 sn=16
12:11:49.278 INF Delivered nil batch. sn=16
12:11:49.278 INF Delivered batch. nReq=259 sn=17
12:11:49.278 INF Delivered batch. nReq=259 sn=18
12:11:49.278 INF Delivered batch. nReq=260 sn=19
12:11:49.278 INF Get logEntry.Sn from tn. Nil Blocks. SegID=0 logEntry.Sn=16
12:11:49.278 INF Get logEntry.Sn from tn. SegID=0 Tn=6 logEntry.Sn=20 origin_sn=20
12:11:49.278 INF Committed entry. latency=0 nReq=771 sn=20
12:11:49.278 INF Delivered batch. nReq=771 sn=20
12:11:49.278 INF Delivered batch. nReq=260 sn=21
12:11:49.278 INF Delivered batch. nReq=259 sn=22
12:11:49.278 INF Delivered batch. nReq=258 sn=23
12:11:49.993 INF enter big block cursn=27
12:11:49.993 INF cursn==snfromhtntopropose SegID=3 cursn=27
12:11:50.029 INF Sending PREPREPARE. nReq=260 senderID=3 sn=27 view=0
12:11:50.033 INF Handling PREPREPARE. nReq=259 senderID=1 sn=25
12:11:50.075 INF Handling PREPREPARE. nReq=259 senderID=2 sn=26
12:11:50.113 INF Get logEntry.Sn from tn. SegID=1 Tn=7 logEntry.Sn=25 origin_sn=25
12:11:50.113 INF Committed entry. latency=0 nReq=259 sn=25
12:11:50.113 INF Get logEntry.Sn from tn. SegID=3 Tn=7 logEntry.Sn=27 origin_sn=27
12:11:50.113 INF Committed entry. latency=0 nReq=260 sn=27
12:11:50.113 INF Set TRUE. sn=31
12:11:50.113 INF validHtnMsgs sets. validHtnMsgs=7
12:11:50.113 INF validHtnMsgs sets. validHtnMsgs=7
12:11:50.152 INF Get logEntry.Sn from tn. SegID=2 Tn=7 logEntry.Sn=26 origin_sn=26
12:11:50.152 INF Committed entry. latency=0 nReq=259 sn=26
12:11:51.008 INF enter big block cursn=31
12:11:51.008 INF cursn==snfromhtntopropose SegID=3 cursn=31
12:11:51.044 INF Sending PREPREPARE. nReq=261 senderID=3 sn=31 view=0
12:11:51.083 INF Handling PREPREPARE. nReq=259 senderID=2 sn=30
12:11:51.121 INF Handling PREPREPARE. nReq=259 senderID=1 sn=29
12:11:51.160 INF Set TRUE. sn=35
12:11:51.160 INF validHtnMsgs sets. validHtnMsgs=8
12:11:51.160 INF validHtnMsgs sets. validHtnMsgs=8
12:11:51.160 INF Get logEntry.Sn from tn. SegID=3 Tn=8 logEntry.Sn=31 origin_sn=31
12:11:51.160 INF Committed entry. latency=0 nReq=261 sn=31
12:11:51.160 INF Get logEntry.Sn from tn. SegID=1 Tn=8 logEntry.Sn=29 origin_sn=29
12:11:51.160 INF Committed entry. latency=0 nReq=259 sn=29
12:11:51.161 INF Get logEntry.Sn from tn. SegID=2 Tn=8 logEntry.Sn=30 origin_sn=30
12:11:51.161 INF Committed entry. latency=0 nReq=259 sn=30
12:11:52.020 INF enter big block cursn=35
12:11:52.020 INF cursn==snfromhtntopropose SegID=3 cursn=35
12:11:52.058 INF Sending PREPREPARE. nReq=259 senderID=3 sn=35 view=0
12:11:52.060 INF Handling PREPREPARE. nReq=259 senderID=1 sn=33
12:11:52.100 INF Handling PREPREPARE. nReq=259 senderID=2 sn=34
12:11:52.164 INF Get logEntry.Sn from tn. SegID=1 Tn=9 logEntry.Sn=33 origin_sn=33
12:11:52.164 INF Committed entry. latency=0 nReq=259 sn=33
12:11:52.179 INF Handling PREPREPARE. nReq=769 senderID=0 sn=32
12:11:52.285 INF Get logEntry.Sn from tn. SegID=3 Tn=9 logEntry.Sn=35 origin_sn=35
12:11:52.285 INF Committed entry. latency=0 nReq=259 sn=35
12:11:52.285 INF Set TRUE. sn=39
12:11:52.285 INF validHtnMsgs sets. validHtnMsgs=9
12:11:52.285 INF validHtnMsgs sets. validHtnMsgs=9
12:11:52.289 INF Get logEntry.Sn from tn. SegID=2 Tn=9 logEntry.Sn=34 origin_sn=34
12:11:52.289 INF Committed entry. latency=0 nReq=259 sn=34
12:11:52.291 INF Committed nil entry. latency=0 sn=24
12:11:52.291 INF Delivered nil batch. sn=24
12:11:52.291 INF Delivered batch. nReq=259 sn=25
12:11:52.291 INF Delivered batch. nReq=259 sn=26
12:11:52.291 INF Delivered batch. nReq=260 sn=27
12:11:52.291 INF Get logEntry.Sn from tn. Nil Blocks. SegID=0 logEntry.Sn=24
12:11:52.291 INF Committed nil entry. latency=0 sn=28
12:11:52.291 INF Delivered nil batch. sn=28
12:11:52.291 INF Delivered batch. nReq=259 sn=29
12:11:52.291 INF Delivered batch. nReq=259 sn=30
12:11:52.291 INF Delivered batch. nReq=261 sn=31
12:11:52.291 INF Get logEntry.Sn from tn. Nil Blocks. SegID=0 logEntry.Sn=28
12:11:52.291 INF Get logEntry.Sn from tn. SegID=0 Tn=9 logEntry.Sn=32 origin_sn=32
12:11:52.291 INF Committed entry. latency=0 nReq=769 sn=32
12:11:52.291 INF Delivered batch. nReq=769 sn=32
12:11:52.291 INF Delivered batch. nReq=259 sn=33
12:11:52.292 INF Delivered batch. nReq=259 sn=34
12:11:52.292 INF Delivered batch. nReq=259 sn=35
12:11:53.031 INF enter big block cursn=39
12:11:53.031 INF cursn==snfromhtntopropose SegID=3 cursn=39
12:11:53.067 INF Sending PREPREPARE. nReq=259 senderID=3 sn=39 view=0
12:11:53.105 INF Handling PREPREPARE. nReq=259 senderID=2 sn=38
12:11:53.144 INF Handling PREPREPARE. nReq=260 senderID=1 sn=37
12:11:53.182 INF Get logEntry.Sn from tn. SegID=2 Tn=10 logEntry.Sn=38 origin_sn=38
12:11:53.182 INF Committed entry. latency=0 nReq=259 sn=38
12:11:53.182 INF Get logEntry.Sn from tn. SegID=1 Tn=10 logEntry.Sn=37 origin_sn=37
12:11:53.182 INF Committed entry. latency=0 nReq=260 sn=37
12:11:53.186 INF Get logEntry.Sn from tn. SegID=3 Tn=10 logEntry.Sn=39 origin_sn=39
12:11:53.186 INF Committed entry. latency=0 nReq=259 sn=39
12:11:53.186 INF Set TRUE. sn=43
12:11:53.186 INF validHtnMsgs sets. validHtnMsgs=10
12:11:53.186 INF validHtnMsgs sets. validHtnMsgs=10
12:11:54.042 INF enter big block cursn=43
12:11:54.043 INF cursn==snfromhtntopropose SegID=3 cursn=43
12:11:54.079 INF Sending PREPREPARE. nReq=259 senderID=3 sn=43 view=0
12:11:54.083 INF Handling PREPREPARE. nReq=259 senderID=2 sn=42
12:11:54.122 INF Handling PREPREPARE. nReq=261 senderID=1 sn=41
12:11:54.161 INF Get logEntry.Sn from tn. SegID=2 Tn=11 logEntry.Sn=42 origin_sn=42
12:11:54.161 INF Committed entry. latency=0 nReq=259 sn=42
12:11:54.198 INF Get logEntry.Sn from tn. SegID=1 Tn=11 logEntry.Sn=41 origin_sn=41
12:11:54.198 INF Committed entry. latency=0 nReq=261 sn=41
12:11:54.199 INF Get logEntry.Sn from tn. SegID=3 Tn=11 logEntry.Sn=43 origin_sn=43
12:11:54.200 INF Committed entry. latency=0 nReq=259 sn=43
12:11:54.200 INF Set TRUE. sn=47
12:11:54.200 INF validHtnMsgs sets. validHtnMsgs=11
12:11:54.200 INF validHtnMsgs sets. validHtnMsgs=11
12:11:55.053 INF enter big block cursn=47
12:11:55.053 INF cursn==snfromhtntopropose SegID=3 cursn=47
12:11:55.090 INF Sending PREPREPARE. nReq=259 senderID=3 sn=47 view=0
12:11:55.132 INF Handling PREPREPARE. nReq=258 senderID=1 sn=45
12:11:55.170 INF Handling PREPREPARE. nReq=771 senderID=0 sn=44
12:11:55.280 INF Handling PREPREPARE. nReq=256 senderID=2 sn=46
12:11:55.318 INF Committed nil entry. latency=0 sn=36
12:11:55.318 INF Delivered nil batch. sn=36
12:11:55.318 INF Delivered batch. nReq=260 sn=37
12:11:55.318 INF Delivered batch. nReq=259 sn=38
12:11:55.318 INF Delivered batch. nReq=259 sn=39
12:11:55.318 INF Get logEntry.Sn from tn. Nil Blocks. SegID=0 logEntry.Sn=36
12:11:55.318 INF Committed nil entry. latency=0 sn=40
12:11:55.318 INF Delivered nil batch. sn=40
12:11:55.318 INF Delivered batch. nReq=261 sn=41
12:11:55.318 INF Delivered batch. nReq=259 sn=42
12:11:55.318 INF Delivered batch. nReq=259 sn=43
12:11:55.318 INF Get logEntry.Sn from tn. Nil Blocks. SegID=0 logEntry.Sn=40
12:11:55.318 INF Get logEntry.Sn from tn. SegID=0 Tn=12 logEntry.Sn=44 origin_sn=44
12:11:55.318 INF Committed entry. latency=0 nReq=771 sn=44
12:11:55.318 INF Delivered batch. nReq=771 sn=44
12:11:55.319 INF Get logEntry.Sn from tn. SegID=3 Tn=12 logEntry.Sn=47 origin_sn=47
12:11:55.319 INF Committed entry. latency=0 nReq=259 sn=47
12:11:55.319 INF Set TRUE. sn=51
12:11:55.319 INF validHtnMsgs sets. validHtnMsgs=12
12:11:55.319 INF validHtnMsgs sets. validHtnMsgs=12
12:11:55.324 INF Get logEntry.Sn from tn. SegID=2 Tn=12 logEntry.Sn=46 origin_sn=46
12:11:55.324 INF Committed entry. latency=0 nReq=256 sn=46
12:11:55.325 INF Get logEntry.Sn from tn. SegID=1 Tn=12 logEntry.Sn=45 origin_sn=45
12:11:55.325 INF Committed entry. latency=0 nReq=258 sn=45
12:11:55.325 INF Delivered batch. nReq=258 sn=45
12:11:55.325 INF Delivered batch. nReq=256 sn=46
12:11:55.325 INF Delivered batch. nReq=259 sn=47
12:11:56.065 INF enter big block cursn=51
12:11:56.065 INF cursn==snfromhtntopropose SegID=3 cursn=51
12:11:56.101 INF Sending PREPREPARE. nReq=259 senderID=3 sn=51 view=0
12:11:56.105 INF Handling PREPREPARE. nReq=259 senderID=2 sn=50
12:11:56.144 INF Handling PREPREPARE. nReq=260 senderID=1 sn=49
12:11:56.188 INF Get logEntry.Sn from tn. SegID=2 Tn=13 logEntry.Sn=50 origin_sn=50
12:11:56.188 INF Committed entry. latency=0 nReq=259 sn=50
12:11:56.189 INF Get logEntry.Sn from tn. SegID=1 Tn=13 logEntry.Sn=49 origin_sn=49
12:11:56.189 INF Committed entry. latency=0 nReq=260 sn=49
12:11:56.189 INF Get logEntry.Sn from tn. SegID=3 Tn=13 logEntry.Sn=51 origin_sn=51
12:11:56.190 INF Committed entry. latency=0 nReq=259 sn=51
12:11:56.190 INF Set TRUE. sn=55
12:11:56.190 INF validHtnMsgs sets. validHtnMsgs=13
12:11:56.190 INF validHtnMsgs sets. validHtnMsgs=13
12:11:57.081 INF enter big block cursn=55
12:11:57.082 INF cursn==snfromhtntopropose SegID=3 cursn=55
12:11:57.119 INF Sending PREPREPARE. nReq=260 senderID=3 sn=55 view=0
12:11:57.128 INF Handling PREPREPARE. nReq=259 senderID=2 sn=54
12:11:57.227 INF Handling PREPREPARE. nReq=259 senderID=1 sn=53
12:11:57.265 INF Get logEntry.Sn from tn. SegID=2 Tn=14 logEntry.Sn=54 origin_sn=54
12:11:57.265 INF Committed entry. latency=0 nReq=259 sn=54
12:11:57.267 INF Get logEntry.Sn from tn. SegID=3 Tn=14 logEntry.Sn=55 origin_sn=55
12:11:57.267 INF Committed entry. latency=0 nReq=260 sn=55
12:11:57.267 INF Set TRUE. sn=59
12:11:57.267 INF validHtnMsgs sets. validHtnMsgs=14
12:11:57.267 INF validHtnMsgs sets. validHtnMsgs=14
12:11:57.270 INF Get logEntry.Sn from tn. SegID=1 Tn=14 logEntry.Sn=53 origin_sn=53
12:11:57.270 INF Committed entry. latency=0 nReq=259 sn=53
12:11:58.069 INF Handling PREPREPARE. nReq=770 senderID=0 sn=56
12:11:58.110 INF enter big block cursn=59
12:11:58.110 INF cursn==snfromhtntopropose SegID=3 cursn=59
12:11:58.203 INF Sending PREPREPARE. nReq=223 senderID=3 sn=59 view=0
12:11:58.208 INF Handling PREPREPARE. nReq=224 senderID=1 sn=57
12:11:58.241 INF Committed nil entry. latency=0 sn=48
12:11:58.241 INF Delivered nil batch. sn=48
12:11:58.241 INF Delivered batch. nReq=260 sn=49
12:11:58.241 INF Delivered batch. nReq=259 sn=50
12:11:58.241 INF Delivered batch. nReq=259 sn=51
12:11:58.241 INF Get logEntry.Sn from tn. Nil Blocks. SegID=0 logEntry.Sn=48
12:11:58.241 INF Committed nil entry. latency=0 sn=52
12:11:58.241 INF Delivered nil batch. sn=52
12:11:58.241 INF Delivered batch. nReq=259 sn=53
12:11:58.241 INF Delivered batch. nReq=259 sn=54
12:11:58.241 INF Delivered batch. nReq=260 sn=55
12:11:58.241 INF Get logEntry.Sn from tn. Nil Blocks. SegID=0 logEntry.Sn=52
12:11:58.241 INF Get logEntry.Sn from tn. SegID=0 Tn=15 logEntry.Sn=56 origin_sn=56
12:11:58.241 INF Committed entry. latency=0 nReq=770 sn=56
12:11:58.241 INF Delivered batch. nReq=770 sn=56
12:11:58.247 INF Handling PREPREPARE. nReq=228 senderID=2 sn=58
12:11:58.284 INF Get logEntry.Sn from tn. SegID=1 Tn=15 logEntry.Sn=57 origin_sn=57
12:11:58.284 INF Committed entry. latency=0 nReq=224 sn=57
12:11:58.284 INF Delivered batch. nReq=224 sn=57
12:11:58.284 INF Get logEntry.Sn from tn. SegID=2 Tn=15 logEntry.Sn=58 origin_sn=58
12:11:58.284 INF Committed entry. latency=0 nReq=228 sn=58
12:11:58.285 INF Delivered batch. nReq=228 sn=58
12:11:58.285 INF Get logEntry.Sn from tn. SegID=3 Tn=15 logEntry.Sn=59 origin_sn=59
12:11:58.285 INF Committed entry. latency=0 nReq=223 sn=59
12:11:58.285 INF Delivered batch. nReq=223 sn=59
12:11:58.285 INF Set TRUE. sn=63
12:11:58.285 INF validHtnMsgs sets. validHtnMsgs=15
12:11:58.285 INF validHtnMsgs sets. validHtnMsgs=15
12:11:58.952 INF Connection terminated. error="rpc error: code = Canceled desc = context canceled" address=100.25.149.4:42878
12:11:58.971 INF Finished sending bucket assignments to client. clId=0
12:11:59.086 INF Handling PREPREPARE. nReq=0 senderID=2 sn=62
12:11:59.088 INF Get logEntry.Sn from tn. SegID=2 Tn=16 logEntry.Sn=62 origin_sn=62
12:11:59.088 INF Committed entry. latency=0 nReq=0 sn=62
12:11:59.093 INF Handling PREPREPARE. nReq=0 senderID=1 sn=65
12:11:59.096 INF Committed nil entry. latency=0 sn=61
12:11:59.096 INF Get logEntry.Sn from tn. Nil Blocks. SegID=1 logEntry.Sn=61
12:11:59.096 INF Get logEntry.Sn from tn. SegID=1 Tn=17 logEntry.Sn=65 origin_sn=65
12:11:59.096 INF Committed entry. latency=0 nReq=0 sn=65
12:11:59.112 INF enter big block cursn=63
12:11:59.112 INF enter block2 cursn=63 snfromhtntopropose=71
12:11:59.112 INF Sending PREPREPARE. nReq=0 senderID=3 sn=71 view=0
12:11:59.114 INF Committed nil entry. latency=0 sn=63
12:11:59.114 INF Get logEntry.Sn from tn. Nil Blocks. SegID=3 logEntry.Sn=63
12:11:59.114 INF Committed nil entry. latency=0 sn=67
12:11:59.114 INF Get logEntry.Sn from tn. Nil Blocks. SegID=3 logEntry.Sn=67
12:11:59.114 INF Get logEntry.Sn from tn. SegID=3 Tn=18 logEntry.Sn=71 origin_sn=71
12:11:59.114 INF Committed entry. latency=0 nReq=0 sn=71
12:11:59.114 INF Set TRUE. sn=75
12:11:59.114 INF validHtnMsgs sets. validHtnMsgs=18
12:11:59.114 INF validHtnMsgs sets. validHtnMsgs=18
12:11:59.207 INF Stopping profiler.
12:11:59.221 INF Stopping Tracer. events=118 fileName=experiment-output/0003/slave-003/peer.trc
12:11:59.221 INF Trace data written.
12:11:59.222 INF Profile data written. filename=experiment-output/0003/slave-003/prof.mutex name=mutex
12:11:59.225 INF Profile data written. filename=experiment-output/0003/slave-003/prof.cpu name=cpu
12:11:59.232 INF Profile data written. filename=experiment-output/0003/slave-003/prof.block name=block
