{"level":"debug","Logging":"info","time":"2023-03-28T09:43:33Z","message":"Config"}
{"level":"debug","UseTLS":false,"time":"2023-03-28T09:43:33Z","message":"Config"}
{"level":"debug","CACertFile":"tls-data/ca.pem","time":"2023-03-28T09:43:33Z","message":"Config"}
{"level":"debug","KeyFile":"tls-data/auth.key","time":"2023-03-28T09:43:33Z","message":"Config"}
{"level":"debug","CertFile":"tls-data/auth.pem","time":"2023-03-28T09:43:33Z","message":"Config"}
{"level":"debug","PriorityConnections":2,"time":"2023-03-28T09:43:33Z","message":"Config"}
{"level":"debug","BasicConnections":1,"time":"2023-03-28T09:43:33Z","message":"Config"}
{"level":"debug","TestConnections":false,"time":"2023-03-28T09:43:33Z","message":"Config"}
{"level":"debug","ExcessConnections":1,"time":"2023-03-28T09:43:33Z","message":"Config"}
{"level":"debug","ConnectionTestMsgs":4,"time":"2023-03-28T09:43:33Z","message":"Config"}
{"level":"debug","ConnectionTestPayload":131072,"time":"2023-03-28T09:43:33Z","message":"Config"}
{"level":"debug","OutMessageBufsize":1024,"time":"2023-03-28T09:43:33Z","message":"Config"}
{"level":"debug","OutMessageBufsize":8,"time":"2023-03-28T09:43:33Z","message":"Config"}
{"level":"debug","ThroughputCap":131072000,"time":"2023-03-28T09:43:33Z","message":"Config"}
{"level":"debug","StragglerTolerance":1000,"time":"2023-03-28T09:43:33Z","message":"Config"}
{"level":"debug","BatchSizeIncrement":256,"time":"2023-03-28T09:43:33Z","message":"Config"}
{"level":"debug","Orderer":"Pbft","time":"2023-03-28T09:43:33Z","message":"Config"}
{"level":"debug","Manager":"Mir","time":"2023-03-28T09:43:33Z","message":"Config"}
{"level":"debug","Failures":0,"time":"2023-03-28T09:43:33Z","message":"Config"}
{"level":"debug","StragglerCnt":0,"time":"2023-03-28T09:43:33Z","message":"Config"}
{"level":"debug","CrashTiming":"Straggler","time":"2023-03-28T09:43:33Z","message":"Config"}
{"level":"debug","CheckpointInterval":512,"time":"2023-03-28T09:43:33Z","message":"Config"}
{"level":"debug","WatermarkWindowSize":512,"time":"2023-03-28T09:43:33Z","message":"Config"}
{"level":"debug","EpochLength":512,"time":"2023-03-28T09:43:33Z","message":"Config"}
{"level":"debug","SegmentLength":16,"time":"2023-03-28T09:43:33Z","message":"Config"}
{"level":"debug","WaitForCheckpoints":true,"time":"2023-03-28T09:43:33Z","message":"Config"}
{"level":"debug","ClientWatermarkWindowSize":16384,"time":"2023-03-28T09:43:33Z","message":"Config"}
{"level":"debug","ClientRequestBacklogSize":16384,"time":"2023-03-28T09:43:33Z","message":"Config"}
{"level":"debug","RandomSeed":25440,"time":"2023-03-28T09:43:33Z","message":"Config"}
{"level":"debug","NodeToLeaderRatio":1,"time":"2023-03-28T09:43:33Z","message":"Config"}
{"level":"debug","LeaderPolicy":"Simple","time":"2023-03-28T09:43:33Z","message":"Config"}
{"level":"debug","DefaultLeaderBan":2,"time":"2023-03-28T09:43:33Z","message":"Config"}
{"level":"debug","NumBuckets":512,"time":"2023-03-28T09:43:33Z","message":"Config"}
{"level":"debug","BatchSize":1000,"time":"2023-03-28T09:43:33Z","message":"Config"}
{"level":"debug","DisabledViewChange":false,"time":"2023-03-28T09:43:33Z","message":"Config"}
{"level":"debug","ViewChangeTimeout":60000,"time":"2023-03-28T09:43:33Z","message":"Config"}
{"level":"debug","ClientTraceSampling":10,"time":"2023-03-28T09:43:33Z","message":"Config"}
{"level":"debug","EventBufferSize":2097152,"time":"2023-03-28T09:43:33Z","message":"Config"}
{"level":"debug","TraceSampling":1,"time":"2023-03-28T09:43:33Z","message":"Config"}
{"level":"debug","ClientsPerProcess":8,"time":"2023-03-28T09:43:33Z","message":"Config"}
{"level":"debug","RequestsPerClient":6445,"time":"2023-03-28T09:43:33Z","message":"Config"}
{"level":"debug","ClientRunTime":15000,"time":"2023-03-28T09:43:33Z","message":"Config"}
{"level":"debug","RequestRate":214,"time":"2023-03-28T09:43:33Z","message":"Config"}
{"level":"debug","HardRequestRateLimit":false,"time":"2023-03-28T09:43:33Z","message":"Config"}
{"level":"debug","RequestPayloadSize":500,"time":"2023-03-28T09:43:33Z","message":"Config"}
{"level":"debug","SignRequests":true,"time":"2023-03-28T09:43:33Z","message":"Config"}
{"level":"debug","ClientPrivKeyFile":"tls-data/client-ecdsa-256.key","time":"2023-03-28T09:43:33Z","message":"Config"}
{"level":"debug","ClientPubKeyFile":"tls-data/client-ecdsa-256.pem","time":"2023-03-28T09:43:33Z","message":"Config"}
{"level":"debug","PrecomputeRequests":false,"time":"2023-03-28T09:43:33Z","message":"Config"}
{"level":"debug","RequestHandlerThreads":32,"time":"2023-03-28T09:43:33Z","message":"Config"}
{"level":"debug","RequestInputChannelBuffer":8192,"time":"2023-03-28T09:43:33Z","message":"Config"}
{"level":"debug","BatchVerifier":"external","time":"2023-03-28T09:43:33Z","message":"Config"}
09:43:33.609 INF Started Profiler: CPU
09:43:33.609 INF Started Profiler: BLOCK
09:43:33.609 INF Started Profiler: MUTEX
09:43:33.609 INF Starting clients. numClients=8 numRequests=6445
09:43:33.609 INF Initilizing clients.
09:43:33.614 INF Registared with discovery server. numOrderers=32 ownClientId=0
09:43:33.615 INF Registared with discovery server. numOrderers=32 ownClientId=17
09:43:33.615 INF Registared with discovery server. numOrderers=32 ownClientId=18
09:43:33.615 INF Registared with discovery server. numOrderers=32 ownClientId=9
09:43:33.616 INF Registared with discovery server. numOrderers=32 ownClientId=20
09:43:33.616 INF Registared with discovery server. numOrderers=32 ownClientId=21
09:43:33.617 INF Registared with discovery server. numOrderers=32 ownClientId=46
09:43:33.617 INF Registared with discovery server. numOrderers=32 ownClientId=8
09:43:33.617 INF Clients initialized.
09:43:33.617 INF Launching clients.
09:43:33.617 INF Waiting for clients.
09:44:01.680 INF Stopping Tracer. events=1298 fileName=experiment-output/0010/slave-001/client-046.trc
zerolog: could not write event: write experiment-output/0010/slave-001/client-046.log: file already closed
zerolog: could not write event: write experiment-output/0010/slave-001/client-046.log: file already closed
zerolog: could not write event: write experiment-output/0010/slave-001/client-046.log: file already closed
zerolog: could not write event: write experiment-output/0010/slave-001/client-046.log: file already closed
zerolog: could not write event: write experiment-output/0010/slave-001/client-046.log: file already closed
zerolog: could not write event: write experiment-output/0010/slave-001/client-046.log: file already closed
zerolog: could not write event: write experiment-output/0010/slave-001/client-046.log: file already closed
zerolog: could not write event: write experiment-output/0010/slave-001/client-046.log: file already closed
09:44:01.682 INF Trace data written.
zerolog: could not write event: write experiment-output/0010/slave-001/client-046.log: file already closed
zerolog: could not write event: write experiment-output/0010/slave-001/client-046.log: file already closed
zerolog: could not write event: write experiment-output/0010/slave-001/client-046.log: file already closed
zerolog: could not write event: write experiment-output/0010/slave-001/client-046.log: file already closed
zerolog: could not write event: write experiment-output/0010/slave-001/client-046.log: file already closed
zerolog: could not write event: write experiment-output/0010/slave-001/client-046.log: file already closed
zerolog: could not write event: write experiment-output/0010/slave-001/client-046.log: file already closed
zerolog: could not write event: write experiment-output/0010/slave-001/client-046.log: file already closed
zerolog: could not write event: write experiment-output/0010/slave-001/client-046.log: file already closed
zerolog: could not write event: write experiment-output/0010/slave-001/client-046.log: file already closed
zerolog: could not write event: write experiment-output/0010/slave-001/client-046.log: file already closed
zerolog: could not write event: write experiment-output/0010/slave-001/client-046.log: file already closed
zerolog: could not write event: write experiment-output/0010/slave-001/client-046.log: file already closed
zerolog: could not write event: write experiment-output/0010/slave-001/client-046.log: file already closed
zerolog: could not write event: write experiment-output/0010/slave-001/client-046.log: file already closed
zerolog: could not write event: write experiment-output/0010/slave-001/client-046.log: file already closed
zerolog: could not write event: write experiment-output/0010/slave-001/client-046.log: file already closed
zerolog: could not write event: write experiment-output/0010/slave-001/client-046.log: file already closed
zerolog: could not write event: write experiment-output/0010/slave-001/client-046.log: file already closed
zerolog: could not write event: write experiment-output/0010/slave-001/client-046.log: file already closed
zerolog: could not write event: write experiment-output/0010/slave-001/client-046.log: file already closed
zerolog: could not write event: write experiment-output/0010/slave-001/client-046.log: file already closed
zerolog: could not write event: write experiment-output/0010/slave-001/client-046.log: file already closed
zerolog: could not write event: write experiment-output/0010/slave-001/client-046.log: file already closed
09:44:04.616 INF Stopping Tracer. events=1295 fileName=experiment-output/0010/slave-001/client-008.trc
zerolog: could not write event: write experiment-output/0010/slave-001/client-008.log: file already closed
zerolog: could not write event: write experiment-output/0010/slave-001/client-008.log: file already closed
zerolog: could not write event: write experiment-output/0010/slave-001/client-008.log: file already closed
zerolog: could not write event: write experiment-output/0010/slave-001/client-008.log: file already closed
zerolog: could not write event: write experiment-output/0010/slave-001/client-008.log: file already closed
zerolog: could not write event: write experiment-output/0010/slave-001/client-008.log: file already closed
zerolog: could not write event: write experiment-output/0010/slave-001/client-008.log: file already closed
zerolog: could not write event: write experiment-output/0010/slave-001/client-008.log: file already closed
09:44:04.619 INF Trace data written.
09:44:04.636 INF Stopping Tracer. events=2050 fileName=experiment-output/0010/slave-001/client-021.trc
zerolog: could not write event: write experiment-output/0010/slave-001/client-021.log: file already closed
zerolog: could not write event: write experiment-output/0010/slave-001/client-021.log: file already closed
zerolog: could not write event: write experiment-output/0010/slave-001/client-021.log: file already closed
zerolog: could not write event: write experiment-output/0010/slave-001/client-021.log: file already closed
zerolog: could not write event: write experiment-output/0010/slave-001/client-021.log: file already closed
zerolog: could not write event: write experiment-output/0010/slave-001/client-021.log: file already closed
zerolog: could not write event: write experiment-output/0010/slave-001/client-021.log: file already closed
zerolog: could not write event: write experiment-output/0010/slave-001/client-021.log: file already closed
09:44:04.639 INF Stopping Tracer. events=1295 fileName=experiment-output/0010/slave-001/client-018.trc
09:44:04.639 INF Stopping Tracer. events=1293 fileName=experiment-output/0010/slave-001/client-000.trc
zerolog: could not write event: write experiment-output/0010/slave-001/client-018.log: file already closed
zerolog: could not write event: write experiment-output/0010/slave-001/client-018.log: file already closed
zerolog: could not write event: write experiment-output/0010/slave-001/client-018.log: file already closed
zerolog: could not write event: write experiment-output/0010/slave-001/client-018.log: file already closed
zerolog: could not write event: write experiment-output/0010/slave-001/client-018.log: file already closed
zerolog: could not write event: write experiment-output/0010/slave-001/client-018.log: file already closed
zerolog: could not write event: write experiment-output/0010/slave-001/client-018.log: file already closed
zerolog: could not write event: write experiment-output/0010/slave-001/client-000.log: file already closed
zerolog: could not write event: write experiment-output/0010/slave-001/client-000.log: file already closed
zerolog: could not write event: write experiment-output/0010/slave-001/client-000.log: file already closed
zerolog: could not write event: write experiment-output/0010/slave-001/client-000.log: file already closed
zerolog: could not write event: write experiment-output/0010/slave-001/client-000.log: file already closed
zerolog: could not write event: write experiment-output/0010/slave-001/client-000.log: file already closed
zerolog: could not write event: write experiment-output/0010/slave-001/client-000.log: file already closed
zerolog: could not write event: write experiment-output/0010/slave-001/client-000.log: file already closed
zerolog: could not write event: write experiment-output/0010/slave-001/client-018.log: file already closed
09:44:04.640 INF Trace data written.
09:44:04.641 INF Trace data written.
09:44:04.641 INF Trace data written.
09:44:04.662 INF Stopping Tracer. events=1896 fileName=experiment-output/0010/slave-001/client-017.trc
zerolog: could not write event: write experiment-output/0010/slave-001/client-017.log: file already closed
zerolog: could not write event: write experiment-output/0010/slave-001/client-017.log: file already closed
zerolog: could not write event: write experiment-output/0010/slave-001/client-017.log: file already closed
zerolog: could not write event: write experiment-output/0010/slave-001/client-017.log: file already closed
zerolog: could not write event: write experiment-output/0010/slave-001/client-017.log: file already closed
zerolog: could not write event: write experiment-output/0010/slave-001/client-017.log: file already closed
zerolog: could not write event: write experiment-output/0010/slave-001/client-017.log: file already closed
zerolog: could not write event: write experiment-output/0010/slave-001/client-017.log: file already closed
09:44:04.665 INF Trace data written.
09:44:04.676 INF Stopping Tracer. events=1915 fileName=experiment-output/0010/slave-001/client-009.trc
zerolog: could not write event: write experiment-output/0010/slave-001/client-009.log: file already closed
zerolog: could not write event: write experiment-output/0010/slave-001/client-009.log: file already closed
09:44:04.677 INF Stopping Tracer. events=1294 fileName=experiment-output/0010/slave-001/client-020.trc
zerolog: could not write event: write experiment-output/0010/slave-001/client-009.log: file already closed
zerolog: could not write event: write experiment-output/0010/slave-001/client-009.log: file already closed
zerolog: could not write event: write experiment-output/0010/slave-001/client-009.log: file already closed
zerolog: could not write event: write experiment-output/0010/slave-001/client-009.log: file already closed
zerolog: could not write event: write experiment-output/0010/slave-001/client-009.log: file already closed
zerolog: could not write event: write experiment-output/0010/slave-001/client-009.log: file already closed
zerolog: could not write event: write experiment-output/0010/slave-001/client-020.log: file already closed
zerolog: could not write event: write experiment-output/0010/slave-001/client-020.log: file already closed
zerolog: could not write event: write experiment-output/0010/slave-001/client-020.log: file already closed
zerolog: could not write event: write experiment-output/0010/slave-001/client-020.log: file already closed
zerolog: could not write event: write experiment-output/0010/slave-001/client-020.log: file already closed
zerolog: could not write event: write experiment-output/0010/slave-001/client-020.log: file already closed
zerolog: could not write event: write experiment-output/0010/slave-001/client-020.log: file already closed
zerolog: could not write event: write experiment-output/0010/slave-001/client-020.log: file already closed
09:44:04.679 INF Trace data written.
09:44:04.680 INF Trace data written.
09:44:04.680 INF Done.
09:44:04.680 INF Stopping profiler.
zerolog: could not write event: write experiment-output/0010/slave-001/client-008.log: file already closed
zerolog: could not write event: write experiment-output/0010/slave-001/client-008.log: file already closed
zerolog: could not write event: write experiment-output/0010/slave-001/client-008.log: file already closed
zerolog: could not write event: write experiment-output/0010/slave-001/client-008.log: file already closed
zerolog: could not write event: write experiment-output/0010/slave-001/client-008.log: file already closed
zerolog: could not write event: write experiment-output/0010/slave-001/client-008.log: file already closed
zerolog: could not write event: write experiment-output/0010/slave-001/client-008.log: file already closed
zerolog: could not write event: write experiment-output/0010/slave-001/client-008.log: file already closed
zerolog: could not write event: write experiment-output/0010/slave-001/client-021.log: file already closed
zerolog: could not write event: write experiment-output/0010/slave-001/client-021.log: file already closed
zerolog: could not write event: write experiment-output/0010/slave-001/client-021.log: file already closed
zerolog: could not write event: write experiment-output/0010/slave-001/client-021.log: file already closed
zerolog: could not write event: write experiment-output/0010/slave-001/client-021.log: file already closed
zerolog: could not write event: write experiment-output/0010/slave-001/client-021.log: file already closed
zerolog: could not write event: write experiment-output/0010/slave-001/client-021.log: file already closed
zerolog: could not write event: write experiment-output/0010/slave-001/client-021.log: file already closed
zerolog: could not write event: write experiment-output/0010/slave-001/client-018.log: file already closed
zerolog: could not write event: write experiment-output/0010/slave-001/client-018.log: file already closed
zerolog: could not write event: write experiment-output/0010/slave-001/client-018.log: file already closed
zerolog: could not write event: write experiment-output/0010/slave-001/client-018.log: file already closed
zerolog: could not write event: write experiment-output/0010/slave-001/client-018.log: file already closed
zerolog: could not write event: write experiment-output/0010/slave-001/client-000.log: file already closed
zerolog: could not write event: write experiment-output/0010/slave-001/client-000.log: file already closed
zerolog: could not write event: write experiment-output/0010/slave-001/client-000.log: file already closed
zerolog: could not write event: write experiment-output/0010/slave-001/client-018.log: file already closed
zerolog: could not write event: write experiment-output/0010/slave-001/client-018.log: file already closed
zerolog: could not write event: write experiment-output/0010/slave-001/client-000.log: file already closed
zerolog: could not write event: write experiment-output/0010/slave-001/client-000.log: file already closed
zerolog: could not write event: write experiment-output/0010/slave-001/client-000.log: file already closed
zerolog: could not write event: write experiment-output/0010/slave-001/client-018.log: file already closed
zerolog: could not write event: write experiment-output/0010/slave-001/client-000.log: file already closed
zerolog: could not write event: write experiment-output/0010/slave-001/client-000.log: file already closed
zerolog: could not write event: write experiment-output/0010/slave-001/client-008.log: file already closed
zerolog: could not write event: write experiment-output/0010/slave-001/client-008.log: file already closed
zerolog: could not write event: write experiment-output/0010/slave-001/client-008.log: file already closed
zerolog: could not write event: write experiment-output/0010/slave-001/client-008.log: file already closed
zerolog: could not write event: write experiment-output/0010/slave-001/client-008.log: file already closed
zerolog: could not write event: write experiment-output/0010/slave-001/client-008.log: file already closed
zerolog: could not write event: write experiment-output/0010/slave-001/client-008.log: file already closed
zerolog: could not write event: write experiment-output/0010/slave-001/client-008.log: file already closed
zerolog: could not write event: write experiment-output/0010/slave-001/client-017.log: file already closed
zerolog: could not write event: write experiment-output/0010/slave-001/client-017.log: file already closed
zerolog: could not write event: write experiment-output/0010/slave-001/client-017.log: file already closed
zerolog: could not write event: write experiment-output/0010/slave-001/client-017.log: file already closed
zerolog: could not write event: write experiment-output/0010/slave-001/client-017.log: file already closed
zerolog: could not write event: write experiment-output/0010/slave-001/client-017.log: file already closed
zerolog: could not write event: write experiment-output/0010/slave-001/client-017.log: file already closed
zerolog: could not write event: write experiment-output/0010/slave-001/client-017.log: file already closed
zerolog: could not write event: write experiment-output/0010/slave-001/client-021.log: file already closed
zerolog: could not write event: write experiment-output/0010/slave-001/client-021.log: file already closed
zerolog: could not write event: write experiment-output/0010/slave-001/client-021.log: file already closed
zerolog: could not write event: write experiment-output/0010/slave-001/client-021.log: file already closed
zerolog: could not write event: write experiment-output/0010/slave-001/client-021.log: file already closed
zerolog: could not write event: write experiment-output/0010/slave-001/client-009.log: file already closed
zerolog: could not write event: write experiment-output/0010/slave-001/client-009.log: file already closed
zerolog: could not write event: write experiment-output/0010/slave-001/client-009.log: file already closed
zerolog: could not write event: write experiment-output/0010/slave-001/client-021.log: file already closed
zerolog: could not write event: write experiment-output/0010/slave-001/client-009.log: file already closed
zerolog: could not write event: write experiment-output/0010/slave-001/client-021.log: file already closed
zerolog: could not write event: write experiment-output/0010/slave-001/client-009.log: file already closed
zerolog: could not write event: write experiment-output/0010/slave-001/client-009.log: file already closed
zerolog: could not write event: write experiment-output/0010/slave-001/client-009.log: file already closed
zerolog: could not write event: write experiment-output/0010/slave-001/client-009.log: file already closed
zerolog: could not write event: write experiment-output/0010/slave-001/client-020.log: file already closed
zerolog: could not write event: write experiment-output/0010/slave-001/client-020.log: file already closed
zerolog: could not write event: write experiment-output/0010/slave-001/client-020.log: file already closed
zerolog: could not write event: write experiment-output/0010/slave-001/client-020.log: file already closed
zerolog: could not write event: write experiment-output/0010/slave-001/client-020.log: file already closed
zerolog: could not write event: write experiment-output/0010/slave-001/client-021.log: file already closed
zerolog: could not write event: write experiment-output/0010/slave-001/client-020.log: file already closed
zerolog: could not write event: write experiment-output/0010/slave-001/client-020.log: file already closed
zerolog: could not write event: write experiment-output/0010/slave-001/client-020.log: file already closed
zerolog: could not write event: write experiment-output/0010/slave-001/client-018.log: file already closed
zerolog: could not write event: write experiment-output/0010/slave-001/client-018.log: file already closed
zerolog: could not write event: write experiment-output/0010/slave-001/client-000.log: file already closed
zerolog: could not write event: write experiment-output/0010/slave-001/client-000.log: file already closed
zerolog: could not write event: write experiment-output/0010/slave-001/client-018.log: file already closed
zerolog: could not write event: write experiment-output/0010/slave-001/client-018.log: file already closed
zerolog: could not write event: write experiment-output/0010/slave-001/client-018.log: file already closed
zerolog: could not write event: write experiment-output/0010/slave-001/client-018.log: file already closed
zerolog: could not write event: write experiment-output/0010/slave-001/client-000.log: file already closed
zerolog: could not write event: write experiment-output/0010/slave-001/client-000.log: file already closed
zerolog: could not write event: write experiment-output/0010/slave-001/client-000.log: file already closed
zerolog: could not write event: write experiment-output/0010/slave-001/client-000.log: file already closed
zerolog: could not write event: write experiment-output/0010/slave-001/client-000.log: file already closed
zerolog: could not write event: write experiment-output/0010/slave-001/client-018.log: file already closed
zerolog: could not write event: write experiment-output/0010/slave-001/client-000.log: file already closed
zerolog: could not write event: write experiment-output/0010/slave-001/client-018.log: file already closed
zerolog: could not write event: write experiment-output/0010/slave-001/client-017.log: file already closed
zerolog: could not write event: write experiment-output/0010/slave-001/client-017.log: file already closed
zerolog: could not write event: write experiment-output/0010/slave-001/client-017.log: file already closed
zerolog: could not write event: write experiment-output/0010/slave-001/client-017.log: file already closed
zerolog: could not write event: write experiment-output/0010/slave-001/client-017.log: file already closed
zerolog: could not write event: write experiment-output/0010/slave-001/client-017.log: file already closed
zerolog: could not write event: write experiment-output/0010/slave-001/client-017.log: file already closed
zerolog: could not write event: write experiment-output/0010/slave-001/client-017.log: file already closed
zerolog: could not write event: write experiment-output/0010/slave-001/client-008.log: file already closed
zerolog: could not write event: write experiment-output/0010/slave-001/client-008.log: file already closed
zerolog: could not write event: write experiment-output/0010/slave-001/client-008.log: file already closed
zerolog: could not write event: write experiment-output/0010/slave-001/client-008.log: file already closed
zerolog: could not write event: write experiment-output/0010/slave-001/client-008.log: file already closed
zerolog: could not write event: write experiment-output/0010/slave-001/client-008.log: file already closed
zerolog: could not write event: write experiment-output/0010/slave-001/client-008.log: file already closed
zerolog: could not write event: write experiment-output/0010/slave-001/client-008.log: file already closed
zerolog: could not write event: write experiment-output/0010/slave-001/client-009.log: file already closed
zerolog: could not write event: write experiment-output/0010/slave-001/client-009.log: file already closed
zerolog: could not write event: write experiment-output/0010/slave-001/client-009.log: file already closed
zerolog: could not write event: write experiment-output/0010/slave-001/client-009.log: file already closed
zerolog: could not write event: write experiment-output/0010/slave-001/client-009.log: file already closed
zerolog: could not write event: write experiment-output/0010/slave-001/client-020.log: file already closed
zerolog: could not write event: write experiment-output/0010/slave-001/client-020.log: file already closed
zerolog: could not write event: write experiment-output/0010/slave-001/client-009.log: file already closed
zerolog: could not write event: write experiment-output/0010/slave-001/client-009.log: file already closed
zerolog: could not write event: write experiment-output/0010/slave-001/client-009.log: file already closed
zerolog: could not write event: write experiment-output/0010/slave-001/client-020.log: file already closed
zerolog: could not write event: write experiment-output/0010/slave-001/client-020.log: file already closed
zerolog: could not write event: write experiment-output/0010/slave-001/client-020.log: file already closed
zerolog: could not write event: write experiment-output/0010/slave-001/client-020.log: file already closed
zerolog: could not write event: write experiment-output/0010/slave-001/client-020.log: file already closed
zerolog: could not write event: write experiment-output/0010/slave-001/client-020.log: file already closed
zerolog: could not write event: write experiment-output/0010/slave-001/client-021.log: file already closed
zerolog: could not write event: write experiment-output/0010/slave-001/client-021.log: file already closed
zerolog: could not write event: write experiment-output/0010/slave-001/client-021.log: file already closed
zerolog: could not write event: write experiment-output/0010/slave-001/client-021.log: file already closed
zerolog: could not write event: write experiment-output/0010/slave-001/client-021.log: file already closed
zerolog: could not write event: write experiment-output/0010/slave-001/client-021.log: file already closed
zerolog: could not write event: write experiment-output/0010/slave-001/client-021.log: file already closed
zerolog: could not write event: write experiment-output/0010/slave-001/client-021.log: file already closed
09:44:04.824 INF Profile data written. filename=experiment-output/0010/slave-001/prof-client.cpu name=cpu
zerolog: could not write event: write experiment-output/0010/slave-001/client-000.log: file already closed
zerolog: could not write event: write experiment-output/0010/slave-001/client-018.log: file already closed
zerolog: could not write event: write experiment-output/0010/slave-001/client-018.log: file already closed
zerolog: could not write event: write experiment-output/0010/slave-001/client-018.log: file already closed
zerolog: could not write event: write experiment-output/0010/slave-001/client-000.log: file already closed
zerolog: could not write event: write experiment-output/0010/slave-001/client-000.log: file already closed
zerolog: could not write event: write experiment-output/0010/slave-001/client-018.log: file already closed
zerolog: could not write event: write experiment-output/0010/slave-001/client-018.log: file already closed
zerolog: could not write event: write experiment-output/0010/slave-001/client-000.log: file already closed
zerolog: could not write event: write experiment-output/0010/slave-001/client-018.log: file already closed
zerolog: could not write event: write experiment-output/0010/slave-001/client-018.log: file already closed
zerolog: could not write event: write experiment-output/0010/slave-001/client-000.log: file already closed
zerolog: could not write event: write experiment-output/0010/slave-001/client-000.log: file already closed
zerolog: could not write event: write experiment-output/0010/slave-001/client-018.log: file already closed
zerolog: could not write event: write experiment-output/0010/slave-001/client-000.log: file already closed
zerolog: could not write event: write experiment-output/0010/slave-001/client-000.log: file already closed
09:44:04.843 INF Profile data written. filename=experiment-output/0010/slave-001/prof-client.block name=block
zerolog: could not write event: write experiment-output/0010/slave-001/client-017.log: file already closed
zerolog: could not write event: write experiment-output/0010/slave-001/client-017.log: file already closed
zerolog: could not write event: write experiment-output/0010/slave-001/client-017.log: file already closed
zerolog: could not write event: write experiment-output/0010/slave-001/client-017.log: file already closed
zerolog: could not write event: write experiment-output/0010/slave-001/client-017.log: file already closed
zerolog: could not write event: write experiment-output/0010/slave-001/client-017.log: file already closed
zerolog: could not write event: write experiment-output/0010/slave-001/client-017.log: file already closed
zerolog: could not write event: write experiment-output/0010/slave-001/client-017.log: file already closed
09:44:04.850 INF Profile data written. filename=experiment-output/0010/slave-001/prof-client.mutex name=mutex
