{"level":"debug","Logging":"info","time":"2023-03-25T08:19:11Z","message":"Config"}
{"level":"debug","UseTLS":false,"time":"2023-03-25T08:19:11Z","message":"Config"}
{"level":"debug","CACertFile":"tls-data/ca.pem","time":"2023-03-25T08:19:11Z","message":"Config"}
{"level":"debug","KeyFile":"tls-data/auth.key","time":"2023-03-25T08:19:11Z","message":"Config"}
{"level":"debug","CertFile":"tls-data/auth.pem","time":"2023-03-25T08:19:11Z","message":"Config"}
{"level":"debug","PriorityConnections":2,"time":"2023-03-25T08:19:11Z","message":"Config"}
{"level":"debug","BasicConnections":1,"time":"2023-03-25T08:19:11Z","message":"Config"}
{"level":"debug","TestConnections":false,"time":"2023-03-25T08:19:11Z","message":"Config"}
{"level":"debug","ExcessConnections":1,"time":"2023-03-25T08:19:11Z","message":"Config"}
{"level":"debug","ConnectionTestMsgs":4,"time":"2023-03-25T08:19:11Z","message":"Config"}
{"level":"debug","ConnectionTestPayload":131072,"time":"2023-03-25T08:19:11Z","message":"Config"}
{"level":"debug","OutMessageBufsize":1024,"time":"2023-03-25T08:19:11Z","message":"Config"}
{"level":"debug","OutMessageBufsize":4,"time":"2023-03-25T08:19:11Z","message":"Config"}
{"level":"debug","ThroughputCap":131072000,"time":"2023-03-25T08:19:11Z","message":"Config"}
{"level":"debug","StragglerTolerance":1000,"time":"2023-03-25T08:19:11Z","message":"Config"}
{"level":"debug","BatchSizeIncrement":256,"time":"2023-03-25T08:19:11Z","message":"Config"}
{"level":"debug","Orderer":"Pbft","time":"2023-03-25T08:19:11Z","message":"Config"}
{"level":"debug","Manager":"Mir","time":"2023-03-25T08:19:11Z","message":"Config"}
{"level":"debug","Failures":0,"time":"2023-03-25T08:19:11Z","message":"Config"}
{"level":"debug","StragglerCnt":0,"time":"2023-03-25T08:19:11Z","message":"Config"}
{"level":"debug","PrivKeyCnt":10,"time":"2023-03-25T08:19:11Z","message":"Config"}
{"level":"debug","UseSig":false,"time":"2023-03-25T08:19:11Z","message":"Config"}
{"level":"debug","CrashTiming":"Straggler","time":"2023-03-25T08:19:11Z","message":"Config"}
{"level":"debug","CheckpointInterval":512,"time":"2023-03-25T08:19:11Z","message":"Config"}
{"level":"debug","WatermarkWindowSize":512,"time":"2023-03-25T08:19:11Z","message":"Config"}
{"level":"debug","EpochLength":512,"time":"2023-03-25T08:19:11Z","message":"Config"}
{"level":"debug","SegmentLength":32,"time":"2023-03-25T08:19:11Z","message":"Config"}
{"level":"debug","WaitForCheckpoints":true,"time":"2023-03-25T08:19:11Z","message":"Config"}
{"level":"debug","ClientWatermarkWindowSize":16384,"time":"2023-03-25T08:19:11Z","message":"Config"}
{"level":"debug","ClientRequestBacklogSize":16384,"time":"2023-03-25T08:19:11Z","message":"Config"}
{"level":"debug","RandomSeed":30627,"time":"2023-03-25T08:19:11Z","message":"Config"}
{"level":"debug","NodeToLeaderRatio":1,"time":"2023-03-25T08:19:11Z","message":"Config"}
{"level":"debug","LeaderPolicy":"Simple","time":"2023-03-25T08:19:11Z","message":"Config"}
{"level":"debug","DefaultLeaderBan":2,"time":"2023-03-25T08:19:11Z","message":"Config"}
{"level":"debug","NumBuckets":256,"time":"2023-03-25T08:19:11Z","message":"Config"}
{"level":"debug","BatchSize":2500,"time":"2023-03-25T08:19:11Z","message":"Config"}
{"level":"debug","DisabledViewChange":false,"time":"2023-03-25T08:19:11Z","message":"Config"}
{"level":"debug","ViewChangeTimeout":60000,"time":"2023-03-25T08:19:11Z","message":"Config"}
{"level":"debug","ClientTraceSampling":10,"time":"2023-03-25T08:19:11Z","message":"Config"}
{"level":"debug","EventBufferSize":2097152,"time":"2023-03-25T08:19:11Z","message":"Config"}
{"level":"debug","TraceSampling":1,"time":"2023-03-25T08:19:11Z","message":"Config"}
{"level":"debug","ClientsPerProcess":8,"time":"2023-03-25T08:19:11Z","message":"Config"}
{"level":"debug","RequestsPerClient":5859,"time":"2023-03-25T08:19:11Z","message":"Config"}
{"level":"debug","ClientRunTime":15000,"time":"2023-03-25T08:19:11Z","message":"Config"}
{"level":"debug","RequestRate":195,"time":"2023-03-25T08:19:11Z","message":"Config"}
{"level":"debug","HardRequestRateLimit":false,"time":"2023-03-25T08:19:11Z","message":"Config"}
{"level":"debug","RequestPayloadSize":500,"time":"2023-03-25T08:19:11Z","message":"Config"}
{"level":"debug","SignRequests":true,"time":"2023-03-25T08:19:11Z","message":"Config"}
{"level":"debug","ClientPrivKeyFile":"tls-data/client-ecdsa-256.key","time":"2023-03-25T08:19:11Z","message":"Config"}
{"level":"debug","ClientPubKeyFile":"tls-data/client-ecdsa-256.pem","time":"2023-03-25T08:19:11Z","message":"Config"}
{"level":"debug","PrecomputeRequests":false,"time":"2023-03-25T08:19:11Z","message":"Config"}
{"level":"debug","RequestHandlerThreads":32,"time":"2023-03-25T08:19:11Z","message":"Config"}
{"level":"debug","RequestInputChannelBuffer":8192,"time":"2023-03-25T08:19:11Z","message":"Config"}
{"level":"debug","BatchVerifier":"external","time":"2023-03-25T08:19:11Z","message":"Config"}
08:19:11.785 INF Started Profiler: CPU
08:19:11.785 INF Started Profiler: BLOCK
08:19:11.785 INF Started Profiler: MUTEX
08:19:11.785 INF Starting clients. numClients=8 numRequests=5859
08:19:11.785 INF Initilizing clients.
08:19:12.180 INF Registared with discovery server. numOrderers=16 ownClientId=130
08:19:12.181 INF Registared with discovery server. numOrderers=16 ownClientId=132
08:19:12.181 INF Registared with discovery server. numOrderers=16 ownClientId=137
08:19:12.184 INF Registared with discovery server. numOrderers=16 ownClientId=147
08:19:12.184 INF Registared with discovery server. numOrderers=16 ownClientId=148
08:19:12.185 INF Registared with discovery server. numOrderers=16 ownClientId=162
08:19:12.185 INF Registared with discovery server. numOrderers=16 ownClientId=155
08:19:12.186 INF Registared with discovery server. numOrderers=16 ownClientId=164
08:19:12.186 INF Clients initialized.
08:19:12.186 INF Launching clients.
08:19:12.186 INF Waiting for clients.
08:20:14.310 INF Stopping Tracer. events=1851 fileName=experiment-output/0002/slave-037/client-130.trc
zerolog: could not write event: write experiment-output/0002/slave-037/client-130.log: file already closed
zerolog: could not write event: write experiment-output/0002/slave-037/client-130.log: file already closed
zerolog: could not write event: write experiment-output/0002/slave-037/client-130.log: file already closed
zerolog: could not write event: write experiment-output/0002/slave-037/client-130.log: file already closed
08:20:14.313 INF Trace data written.
08:20:14.331 INF Stopping Tracer. events=1645 fileName=experiment-output/0002/slave-037/client-132.trc
08:20:14.331 INF Stopping Tracer. events=1704 fileName=experiment-output/0002/slave-037/client-148.trc
zerolog: could not write event: write experiment-output/0002/slave-037/client-132.log: file already closed
zerolog: could not write event: write experiment-output/0002/slave-037/client-132.log: file already closed
zerolog: could not write event: write experiment-output/0002/slave-037/client-132.log: file already closed
zerolog: could not write event: write experiment-output/0002/slave-037/client-148.log: file already closed
zerolog: could not write event: write experiment-output/0002/slave-037/client-148.log: file already closed
08:20:14.332 INF Stopping Tracer. events=1597 fileName=experiment-output/0002/slave-037/client-162.trc
zerolog: could not write event: write experiment-output/0002/slave-037/client-132.log: file already closed
zerolog: could not write event: write experiment-output/0002/slave-037/client-148.log: file already closed
zerolog: could not write event: write experiment-output/0002/slave-037/client-148.log: file already closed
zerolog: could not write event: write experiment-output/0002/slave-037/client-162.log: file already closed
zerolog: could not write event: write experiment-output/0002/slave-037/client-162.log: file already closed
zerolog: could not write event: write experiment-output/0002/slave-037/client-162.log: file already closed
zerolog: could not write event: write experiment-output/0002/slave-037/client-162.log: file already closed
08:20:14.335 INF Trace data written.
08:20:14.335 INF Trace data written.
08:20:14.335 INF Trace data written.
08:20:14.340 INF Stopping Tracer. events=1704 fileName=experiment-output/0002/slave-037/client-164.trc
zerolog: could not write event: write experiment-output/0002/slave-037/client-164.log: file already closed
zerolog: could not write event: write experiment-output/0002/slave-037/client-164.log: file already closed
zerolog: could not write event: write experiment-output/0002/slave-037/client-164.log: file already closed
zerolog: could not write event: write experiment-output/0002/slave-037/client-164.log: file already closed
08:20:14.342 INF Stopping Tracer. events=1229 fileName=experiment-output/0002/slave-037/client-155.trc
08:20:14.342 INF Stopping Tracer. events=1244 fileName=experiment-output/0002/slave-037/client-147.trc
zerolog: could not write event: write experiment-output/0002/slave-037/client-155.log: file already closed
zerolog: could not write event: write experiment-output/0002/slave-037/client-155.log: file already closed
zerolog: could not write event: write experiment-output/0002/slave-037/client-155.log: file already closed
zerolog: could not write event: write experiment-output/0002/slave-037/client-147.log: file already closed
zerolog: could not write event: write experiment-output/0002/slave-037/client-147.log: file already closed
zerolog: could not write event: write experiment-output/0002/slave-037/client-147.log: file already closed
zerolog: could not write event: write experiment-output/0002/slave-037/client-147.log: file already closed
zerolog: could not write event: write experiment-output/0002/slave-037/client-155.log: file already closed
08:20:14.343 INF Trace data written.
08:20:14.345 INF Trace data written.
08:20:14.345 INF Trace data written.
08:20:14.350 INF Stopping Tracer. events=1239 fileName=experiment-output/0002/slave-037/client-137.trc
zerolog: could not write event: write experiment-output/0002/slave-037/client-137.log: file already closed
zerolog: could not write event: write experiment-output/0002/slave-037/client-137.log: file already closed
zerolog: could not write event: write experiment-output/0002/slave-037/client-137.log: file already closed
zerolog: could not write event: write experiment-output/0002/slave-037/client-137.log: file already closed
08:20:14.352 INF Trace data written.
08:20:14.352 INF Done.
08:20:14.352 INF Stopping profiler.
zerolog: could not write event: write experiment-output/0002/slave-037/client-130.log: file already closed
zerolog: could not write event: write experiment-output/0002/slave-037/client-130.log: file already closed
zerolog: could not write event: write experiment-output/0002/slave-037/client-130.log: file already closed
zerolog: could not write event: write experiment-output/0002/slave-037/client-130.log: file already closed
zerolog: could not write event: write experiment-output/0002/slave-037/client-162.log: file already closed
zerolog: could not write event: write experiment-output/0002/slave-037/client-132.log: file already closed
zerolog: could not write event: write experiment-output/0002/slave-037/client-162.log: file already closed
zerolog: could not write event: write experiment-output/0002/slave-037/client-162.log: file already closed
zerolog: could not write event: write experiment-output/0002/slave-037/client-162.log: file already closed
zerolog: could not write event: write experiment-output/0002/slave-037/client-130.log: file already closed
zerolog: could not write event: write experiment-output/0002/slave-037/client-130.log: file already closed
zerolog: could not write event: write experiment-output/0002/slave-037/client-130.log: file already closed
zerolog: could not write event: write experiment-output/0002/slave-037/client-164.log: file already closed
zerolog: could not write event: write experiment-output/0002/slave-037/client-130.log: file already closed
zerolog: could not write event: write experiment-output/0002/slave-037/client-132.log: file already closed
zerolog: could not write event: write experiment-output/0002/slave-037/client-155.log: file already closed
zerolog: could not write event: write experiment-output/0002/slave-037/client-155.log: file already closed
zerolog: could not write event: write experiment-output/0002/slave-037/client-155.log: file already closed
zerolog: could not write event: write experiment-output/0002/slave-037/client-147.log: file already closed
zerolog: could not write event: write experiment-output/0002/slave-037/client-147.log: file already closed
zerolog: could not write event: write experiment-output/0002/slave-037/client-132.log: file already closed
zerolog: could not write event: write experiment-output/0002/slave-037/client-147.log: file already closed
zerolog: could not write event: write experiment-output/0002/slave-037/client-132.log: file already closed
zerolog: could not write event: write experiment-output/0002/slave-037/client-148.log: file already closed
zerolog: could not write event: write experiment-output/0002/slave-037/client-148.log: file already closed
zerolog: could not write event: write experiment-output/0002/slave-037/client-148.log: file already closed
zerolog: could not write event: write experiment-output/0002/slave-037/client-148.log: file already closed
zerolog: could not write event: write experiment-output/0002/slave-037/client-137.log: file already closed
zerolog: could not write event: write experiment-output/0002/slave-037/client-137.log: file already closed
zerolog: could not write event: write experiment-output/0002/slave-037/client-164.log: file already closed
zerolog: could not write event: write experiment-output/0002/slave-037/client-164.log: file already closed
zerolog: could not write event: write experiment-output/0002/slave-037/client-147.log: file already closed
zerolog: could not write event: write experiment-output/0002/slave-037/client-164.log: file already closed
zerolog: could not write event: write experiment-output/0002/slave-037/client-155.log: file already closed
zerolog: could not write event: write experiment-output/0002/slave-037/client-148.log: file already closed
zerolog: could not write event: write experiment-output/0002/slave-037/client-132.log: file already closed
zerolog: could not write event: write experiment-output/0002/slave-037/client-148.log: file already closed
zerolog: could not write event: write experiment-output/0002/slave-037/client-148.log: file already closed
zerolog: could not write event: write experiment-output/0002/slave-037/client-162.log: file already closed
zerolog: could not write event: write experiment-output/0002/slave-037/client-132.log: file already closed
zerolog: could not write event: write experiment-output/0002/slave-037/client-162.log: file already closed
zerolog: could not write event: write experiment-output/0002/slave-037/client-137.log: file already closed
zerolog: could not write event: write experiment-output/0002/slave-037/client-148.log: file already closed
zerolog: could not write event: write experiment-output/0002/slave-037/client-132.log: file already closed
zerolog: could not write event: write experiment-output/0002/slave-037/client-162.log: file already closed
zerolog: could not write event: write experiment-output/0002/slave-037/client-132.log: file already closed
zerolog: could not write event: write experiment-output/0002/slave-037/client-162.log: file already closed
zerolog: could not write event: write experiment-output/0002/slave-037/client-137.log: file already closed
zerolog: could not write event: write experiment-output/0002/slave-037/client-164.log: file already closed
zerolog: could not write event: write experiment-output/0002/slave-037/client-164.log: file already closed
zerolog: could not write event: write experiment-output/0002/slave-037/client-164.log: file already closed
zerolog: could not write event: write experiment-output/0002/slave-037/client-164.log: file already closed
zerolog: could not write event: write experiment-output/0002/slave-037/client-147.log: file already closed
zerolog: could not write event: write experiment-output/0002/slave-037/client-155.log: file already closed
zerolog: could not write event: write experiment-output/0002/slave-037/client-147.log: file already closed
zerolog: could not write event: write experiment-output/0002/slave-037/client-155.log: file already closed
zerolog: could not write event: write experiment-output/0002/slave-037/client-155.log: file already closed
zerolog: could not write event: write experiment-output/0002/slave-037/client-147.log: file already closed
zerolog: could not write event: write experiment-output/0002/slave-037/client-155.log: file already closed
zerolog: could not write event: write experiment-output/0002/slave-037/client-147.log: file already closed
zerolog: could not write event: write experiment-output/0002/slave-037/client-137.log: file already closed
zerolog: could not write event: write experiment-output/0002/slave-037/client-137.log: file already closed
zerolog: could not write event: write experiment-output/0002/slave-037/client-137.log: file already closed
zerolog: could not write event: write experiment-output/0002/slave-037/client-137.log: file already closed
zerolog: could not write event: write experiment-output/0002/slave-037/client-130.log: file already closed
zerolog: could not write event: write experiment-output/0002/slave-037/client-130.log: file already closed
zerolog: could not write event: write experiment-output/0002/slave-037/client-130.log: file already closed
zerolog: could not write event: write experiment-output/0002/slave-037/client-130.log: file already closed
08:20:14.538 INF Profile data written. filename=experiment-output/0002/slave-037/prof-client.cpu name=cpu
zerolog: could not write event: write experiment-output/0002/slave-037/client-132.log: file already closed
zerolog: could not write event: write experiment-output/0002/slave-037/client-162.log: file already closed
zerolog: could not write event: write experiment-output/0002/slave-037/client-148.log: file already closed
zerolog: could not write event: write experiment-output/0002/slave-037/client-132.log: file already closed
zerolog: could not write event: write experiment-output/0002/slave-037/client-148.log: file already closed
zerolog: could not write event: write experiment-output/0002/slave-037/client-162.log: file already closed
zerolog: could not write event: write experiment-output/0002/slave-037/client-132.log: file already closed
zerolog: could not write event: write experiment-output/0002/slave-037/client-162.log: file already closed
zerolog: could not write event: write experiment-output/0002/slave-037/client-148.log: file already closed
zerolog: could not write event: write experiment-output/0002/slave-037/client-132.log: file already closed
zerolog: could not write event: write experiment-output/0002/slave-037/client-148.log: file already closed
zerolog: could not write event: write experiment-output/0002/slave-037/client-162.log: file already closed
zerolog: could not write event: write experiment-output/0002/slave-037/client-164.log: file already closed
zerolog: could not write event: write experiment-output/0002/slave-037/client-164.log: file already closed
zerolog: could not write event: write experiment-output/0002/slave-037/client-147.log: file already closed
zerolog: could not write event: write experiment-output/0002/slave-037/client-164.log: file already closed
zerolog: could not write event: write experiment-output/0002/slave-037/client-155.log: file already closed
zerolog: could not write event: write experiment-output/0002/slave-037/client-155.log: file already closed
zerolog: could not write event: write experiment-output/0002/slave-037/client-147.log: file already closed
zerolog: could not write event: write experiment-output/0002/slave-037/client-164.log: file already closed
zerolog: could not write event: write experiment-output/0002/slave-037/client-155.log: file already closed
08:20:14.557 INF Profile data written. filename=experiment-output/0002/slave-037/prof-client.block name=block
zerolog: could not write event: write experiment-output/0002/slave-037/client-147.log: file already closed
zerolog: could not write event: write experiment-output/0002/slave-037/client-155.log: file already closed
zerolog: could not write event: write experiment-output/0002/slave-037/client-147.log: file already closed
08:20:14.563 INF Profile data written. filename=experiment-output/0002/slave-037/prof-client.mutex name=mutex
