{"level":"debug","Logging":"info","time":"2023-03-30T18:10:01Z","message":"Config"}
{"level":"debug","UseTLS":false,"time":"2023-03-30T18:10:01Z","message":"Config"}
{"level":"debug","CACertFile":"tls-data/ca.pem","time":"2023-03-30T18:10:01Z","message":"Config"}
{"level":"debug","KeyFile":"tls-data/auth.key","time":"2023-03-30T18:10:01Z","message":"Config"}
{"level":"debug","CertFile":"tls-data/auth.pem","time":"2023-03-30T18:10:01Z","message":"Config"}
{"level":"debug","PriorityConnections":2,"time":"2023-03-30T18:10:01Z","message":"Config"}
{"level":"debug","BasicConnections":1,"time":"2023-03-30T18:10:01Z","message":"Config"}
{"level":"debug","TestConnections":false,"time":"2023-03-30T18:10:01Z","message":"Config"}
{"level":"debug","ExcessConnections":1,"time":"2023-03-30T18:10:01Z","message":"Config"}
{"level":"debug","ConnectionTestMsgs":4,"time":"2023-03-30T18:10:01Z","message":"Config"}
{"level":"debug","ConnectionTestPayload":131072,"time":"2023-03-30T18:10:01Z","message":"Config"}
{"level":"debug","OutMessageBufsize":1024,"time":"2023-03-30T18:10:01Z","message":"Config"}
{"level":"debug","OutMessageBufsize":4,"time":"2023-03-30T18:10:01Z","message":"Config"}
{"level":"debug","ThroughputCap":131072000,"time":"2023-03-30T18:10:01Z","message":"Config"}
{"level":"debug","StragglerTolerance":1000,"time":"2023-03-30T18:10:01Z","message":"Config"}
{"level":"debug","BatchSizeIncrement":256,"time":"2023-03-30T18:10:01Z","message":"Config"}
{"level":"debug","Orderer":"Pbft","time":"2023-03-30T18:10:01Z","message":"Config"}
{"level":"debug","Manager":"Mir","time":"2023-03-30T18:10:01Z","message":"Config"}
{"level":"debug","Failures":0,"time":"2023-03-30T18:10:01Z","message":"Config"}
{"level":"debug","StragglerCnt":1,"time":"2023-03-30T18:10:01Z","message":"Config"}
{"level":"debug","PrivKeyCnt":10,"time":"2023-03-30T18:10:01Z","message":"Config"}
{"level":"debug","UseSig":false,"time":"2023-03-30T18:10:01Z","message":"Config"}
{"level":"debug","CrashTiming":"Straggler","time":"2023-03-30T18:10:01Z","message":"Config"}
{"level":"debug","CheckpointInterval":1024,"time":"2023-03-30T18:10:01Z","message":"Config"}
{"level":"debug","WatermarkWindowSize":1024,"time":"2023-03-30T18:10:01Z","message":"Config"}
{"level":"debug","EpochLength":1024,"time":"2023-03-30T18:10:01Z","message":"Config"}
{"level":"debug","SegmentLength":64,"time":"2023-03-30T18:10:01Z","message":"Config"}
{"level":"debug","WaitForCheckpoints":true,"time":"2023-03-30T18:10:01Z","message":"Config"}
{"level":"debug","ClientWatermarkWindowSize":24576,"time":"2023-03-30T18:10:01Z","message":"Config"}
{"level":"debug","ClientRequestBacklogSize":24576,"time":"2023-03-30T18:10:01Z","message":"Config"}
{"level":"debug","RandomSeed":27723,"time":"2023-03-30T18:10:01Z","message":"Config"}
{"level":"debug","NodeToLeaderRatio":1,"time":"2023-03-30T18:10:01Z","message":"Config"}
{"level":"debug","LeaderPolicy":"Simple","time":"2023-03-30T18:10:01Z","message":"Config"}
{"level":"debug","DefaultLeaderBan":2,"time":"2023-03-30T18:10:01Z","message":"Config"}
{"level":"debug","NumBuckets":256,"time":"2023-03-30T18:10:01Z","message":"Config"}
{"level":"debug","BatchSize":1000,"time":"2023-03-30T18:10:01Z","message":"Config"}
{"level":"debug","DisabledViewChange":false,"time":"2023-03-30T18:10:01Z","message":"Config"}
{"level":"debug","ViewChangeTimeout":60000,"time":"2023-03-30T18:10:01Z","message":"Config"}
{"level":"debug","ClientTraceSampling":10,"time":"2023-03-30T18:10:01Z","message":"Config"}
{"level":"debug","EventBufferSize":2097152,"time":"2023-03-30T18:10:01Z","message":"Config"}
{"level":"debug","TraceSampling":1,"time":"2023-03-30T18:10:01Z","message":"Config"}
{"level":"debug","ClientsPerProcess":8,"time":"2023-03-30T18:10:01Z","message":"Config"}
{"level":"debug","RequestsPerClient":4687,"time":"2023-03-30T18:10:01Z","message":"Config"}
{"level":"debug","ClientRunTime":15000,"time":"2023-03-30T18:10:01Z","message":"Config"}
{"level":"debug","RequestRate":156,"time":"2023-03-30T18:10:01Z","message":"Config"}
{"level":"debug","HardRequestRateLimit":false,"time":"2023-03-30T18:10:01Z","message":"Config"}
{"level":"debug","RequestPayloadSize":500,"time":"2023-03-30T18:10:01Z","message":"Config"}
{"level":"debug","SignRequests":true,"time":"2023-03-30T18:10:01Z","message":"Config"}
{"level":"debug","ClientPrivKeyFile":"tls-data/client-ecdsa-256.key","time":"2023-03-30T18:10:01Z","message":"Config"}
{"level":"debug","ClientPubKeyFile":"tls-data/client-ecdsa-256.pem","time":"2023-03-30T18:10:01Z","message":"Config"}
{"level":"debug","PrecomputeRequests":false,"time":"2023-03-30T18:10:01Z","message":"Config"}
{"level":"debug","RequestHandlerThreads":32,"time":"2023-03-30T18:10:01Z","message":"Config"}
{"level":"debug","RequestInputChannelBuffer":8192,"time":"2023-03-30T18:10:01Z","message":"Config"}
{"level":"debug","BatchVerifier":"external","time":"2023-03-30T18:10:01Z","message":"Config"}
18:10:01.610 INF Started Profiler: CPU
18:10:01.610 INF Started Profiler: BLOCK
18:10:01.610 INF Started Profiler: MUTEX
18:10:01.610 INF Starting clients. numClients=8 numRequests=4687
18:10:01.610 INF Initilizing clients.
18:10:02.005 INF Registared with discovery server. numOrderers=16 ownClientId=129
18:10:02.005 INF Registared with discovery server. numOrderers=16 ownClientId=128
18:10:02.030 INF Registared with discovery server. numOrderers=16 ownClientId=142
18:10:02.031 INF Registared with discovery server. numOrderers=16 ownClientId=150
18:10:02.031 INF Registared with discovery server. numOrderers=16 ownClientId=145
18:10:02.032 INF Registared with discovery server. numOrderers=16 ownClientId=144
18:10:02.033 INF Registared with discovery server. numOrderers=16 ownClientId=160
18:10:02.035 INF Registared with discovery server. numOrderers=16 ownClientId=189
18:10:02.035 INF Clients initialized.
18:10:02.035 INF Launching clients.
18:10:02.035 INF Waiting for clients.
18:11:11.194 INF Stopping Tracer. events=1213 fileName=experiment-output/0000/slave-015/client-189.trc
zerolog: could not write event: write experiment-output/0000/slave-015/client-189.log: file already closed
zerolog: could not write event: write experiment-output/0000/slave-015/client-189.log: file already closed
zerolog: could not write event: write experiment-output/0000/slave-015/client-189.log: file already closed
zerolog: could not write event: write experiment-output/0000/slave-015/client-189.log: file already closed
18:11:11.196 INF Trace data written.
18:11:11.207 INF Stopping Tracer. events=942 fileName=experiment-output/0000/slave-015/client-128.trc
zerolog: could not write event: write experiment-output/0000/slave-015/client-128.log: file already closed
18:11:11.207 INF Stopping Tracer. events=942 fileName=experiment-output/0000/slave-015/client-160.trc
zerolog: could not write event: write experiment-output/0000/slave-015/client-128.log: file already closed
zerolog: could not write event: write experiment-output/0000/slave-015/client-128.log: file already closed
zerolog: could not write event: write experiment-output/0000/slave-015/client-128.log: file already closed
zerolog: could not write event: write experiment-output/0000/slave-015/client-160.log: file already closed
zerolog: could not write event: write experiment-output/0000/slave-015/client-160.log: file already closed
zerolog: could not write event: write experiment-output/0000/slave-015/client-160.log: file already closed
zerolog: could not write event: write experiment-output/0000/slave-015/client-160.log: file already closed
18:11:11.208 INF Stopping Tracer. events=1342 fileName=experiment-output/0000/slave-015/client-129.trc
zerolog: could not write event: write experiment-output/0000/slave-015/client-129.log: file already closed
zerolog: could not write event: write experiment-output/0000/slave-015/client-129.log: file already closed
zerolog: could not write event: write experiment-output/0000/slave-015/client-129.log: file already closed
zerolog: could not write event: write experiment-output/0000/slave-015/client-129.log: file already closed
18:11:11.210 INF Trace data written.
18:11:11.210 INF Trace data written.
18:11:11.210 INF Trace data written.
18:11:11.215 INF Stopping Tracer. events=942 fileName=experiment-output/0000/slave-015/client-144.trc
18:11:11.215 INF Stopping Tracer. events=941 fileName=experiment-output/0000/slave-015/client-150.trc
18:11:11.216 INF Stopping Tracer. events=1454 fileName=experiment-output/0000/slave-015/client-145.trc
zerolog: could not write event: write experiment-output/0000/slave-015/client-144.log: file already closed
zerolog: could not write event: write experiment-output/0000/slave-015/client-144.log: file already closed
zerolog: could not write event: write experiment-output/0000/slave-015/client-144.log: file already closed
zerolog: could not write event: write experiment-output/0000/slave-015/client-144.log: file already closed
zerolog: could not write event: write experiment-output/0000/slave-015/client-150.log: file already closed
zerolog: could not write event: write experiment-output/0000/slave-015/client-150.log: file already closed
zerolog: could not write event: write experiment-output/0000/slave-015/client-150.log: file already closed
zerolog: could not write event: write experiment-output/0000/slave-015/client-150.log: file already closed
zerolog: could not write event: write experiment-output/0000/slave-015/client-145.log: file already closed
zerolog: could not write event: write experiment-output/0000/slave-015/client-145.log: file already closed
zerolog: could not write event: write experiment-output/0000/slave-015/client-145.log: file already closed
zerolog: could not write event: write experiment-output/0000/slave-015/client-145.log: file already closed
18:11:11.218 INF Trace data written.
18:11:11.218 INF Trace data written.
18:11:11.218 INF Trace data written.
18:11:11.224 INF Stopping Tracer. events=941 fileName=experiment-output/0000/slave-015/client-142.trc
zerolog: could not write event: write experiment-output/0000/slave-015/client-142.log: file already closed
zerolog: could not write event: write experiment-output/0000/slave-015/client-142.log: file already closed
zerolog: could not write event: write experiment-output/0000/slave-015/client-142.log: file already closed
zerolog: could not write event: write experiment-output/0000/slave-015/client-142.log: file already closed
18:11:11.225 INF Trace data written.
18:11:11.225 INF Done.
18:11:11.225 INF Stopping profiler.
zerolog: could not write event: write experiment-output/0000/slave-015/client-189.log: file already closed
zerolog: could not write event: write experiment-output/0000/slave-015/client-189.log: file already closed
zerolog: could not write event: write experiment-output/0000/slave-015/client-189.log: file already closed
zerolog: could not write event: write experiment-output/0000/slave-015/client-189.log: file already closed
zerolog: could not write event: write experiment-output/0000/slave-015/client-160.log: file already closed
zerolog: could not write event: write experiment-output/0000/slave-015/client-129.log: file already closed
zerolog: could not write event: write experiment-output/0000/slave-015/client-129.log: file already closed
zerolog: could not write event: write experiment-output/0000/slave-015/client-150.log: file already closed
zerolog: could not write event: write experiment-output/0000/slave-015/client-145.log: file already closed
zerolog: could not write event: write experiment-output/0000/slave-015/client-145.log: file already closed
zerolog: could not write event: write experiment-output/0000/slave-015/client-128.log: file already closed
zerolog: could not write event: write experiment-output/0000/slave-015/client-128.log: file already closed
zerolog: could not write event: write experiment-output/0000/slave-015/client-160.log: file already closed
zerolog: could not write event: write experiment-output/0000/slave-015/client-128.log: file already closed
zerolog: could not write event: write experiment-output/0000/slave-015/client-128.log: file already closed
zerolog: could not write event: write experiment-output/0000/slave-015/client-129.log: file already closed
zerolog: could not write event: write experiment-output/0000/slave-015/client-160.log: file already closed
zerolog: could not write event: write experiment-output/0000/slave-015/client-129.log: file already closed
zerolog: could not write event: write experiment-output/0000/slave-015/client-160.log: file already closed
zerolog: could not write event: write experiment-output/0000/slave-015/client-189.log: file already closed
zerolog: could not write event: write experiment-output/0000/slave-015/client-142.log: file already closed
zerolog: could not write event: write experiment-output/0000/slave-015/client-142.log: file already closed
zerolog: could not write event: write experiment-output/0000/slave-015/client-189.log: file already closed
zerolog: could not write event: write experiment-output/0000/slave-015/client-189.log: file already closed
zerolog: could not write event: write experiment-output/0000/slave-015/client-189.log: file already closed
zerolog: could not write event: write experiment-output/0000/slave-015/client-150.log: file already closed
zerolog: could not write event: write experiment-output/0000/slave-015/client-144.log: file already closed
zerolog: could not write event: write experiment-output/0000/slave-015/client-144.log: file already closed
zerolog: could not write event: write experiment-output/0000/slave-015/client-144.log: file already closed
zerolog: could not write event: write experiment-output/0000/slave-015/client-145.log: file already closed
zerolog: could not write event: write experiment-output/0000/slave-015/client-150.log: file already closed
zerolog: could not write event: write experiment-output/0000/slave-015/client-145.log: file already closed
zerolog: could not write event: write experiment-output/0000/slave-015/client-144.log: file already closed
zerolog: could not write event: write experiment-output/0000/slave-015/client-150.log: file already closed
zerolog: could not write event: write experiment-output/0000/slave-015/client-142.log: file already closed
zerolog: could not write event: write experiment-output/0000/slave-015/client-142.log: file already closed
zerolog: could not write event: write experiment-output/0000/slave-015/client-128.log: file already closed
zerolog: could not write event: write experiment-output/0000/slave-015/client-129.log: file already closed
zerolog: could not write event: write experiment-output/0000/slave-015/client-128.log: file already closed
zerolog: could not write event: write experiment-output/0000/slave-015/client-160.log: file already closed
zerolog: could not write event: write experiment-output/0000/slave-015/client-160.log: file already closed
zerolog: could not write event: write experiment-output/0000/slave-015/client-129.log: file already closed
zerolog: could not write event: write experiment-output/0000/slave-015/client-129.log: file already closed
zerolog: could not write event: write experiment-output/0000/slave-015/client-128.log: file already closed
zerolog: could not write event: write experiment-output/0000/slave-015/client-128.log: file already closed
zerolog: could not write event: write experiment-output/0000/slave-015/client-160.log: file already closed
zerolog: could not write event: write experiment-output/0000/slave-015/client-160.log: file already closed
zerolog: could not write event: write experiment-output/0000/slave-015/client-129.log: file already closed
zerolog: could not write event: write experiment-output/0000/slave-015/client-150.log: file already closed
zerolog: could not write event: write experiment-output/0000/slave-015/client-144.log: file already closed
zerolog: could not write event: write experiment-output/0000/slave-015/client-144.log: file already closed
zerolog: could not write event: write experiment-output/0000/slave-015/client-145.log: file already closed
zerolog: could not write event: write experiment-output/0000/slave-015/client-150.log: file already closed
zerolog: could not write event: write experiment-output/0000/slave-015/client-150.log: file already closed
zerolog: could not write event: write experiment-output/0000/slave-015/client-145.log: file already closed
zerolog: could not write event: write experiment-output/0000/slave-015/client-150.log: file already closed
zerolog: could not write event: write experiment-output/0000/slave-015/client-145.log: file already closed
zerolog: could not write event: write experiment-output/0000/slave-015/client-144.log: file already closed
zerolog: could not write event: write experiment-output/0000/slave-015/client-144.log: file already closed
zerolog: could not write event: write experiment-output/0000/slave-015/client-145.log: file already closed
zerolog: could not write event: write experiment-output/0000/slave-015/client-142.log: file already closed
zerolog: could not write event: write experiment-output/0000/slave-015/client-142.log: file already closed
zerolog: could not write event: write experiment-output/0000/slave-015/client-142.log: file already closed
zerolog: could not write event: write experiment-output/0000/slave-015/client-142.log: file already closed
zerolog: could not write event: write experiment-output/0000/slave-015/client-189.log: file already closed
zerolog: could not write event: write experiment-output/0000/slave-015/client-189.log: file already closed
zerolog: could not write event: write experiment-output/0000/slave-015/client-189.log: file already closed
zerolog: could not write event: write experiment-output/0000/slave-015/client-189.log: file already closed
18:11:11.414 INF Profile data written. filename=experiment-output/0000/slave-015/prof-client.cpu name=cpu
zerolog: could not write event: write experiment-output/0000/slave-015/client-128.log: file already closed
zerolog: could not write event: write experiment-output/0000/slave-015/client-160.log: file already closed
zerolog: could not write event: write experiment-output/0000/slave-015/client-128.log: file already closed
zerolog: could not write event: write experiment-output/0000/slave-015/client-160.log: file already closed
zerolog: could not write event: write experiment-output/0000/slave-015/client-128.log: file already closed
zerolog: could not write event: write experiment-output/0000/slave-015/client-128.log: file already closed
zerolog: could not write event: write experiment-output/0000/slave-015/client-129.log: file already closed
zerolog: could not write event: write experiment-output/0000/slave-015/client-160.log: file already closed
zerolog: could not write event: write experiment-output/0000/slave-015/client-129.log: file already closed
zerolog: could not write event: write experiment-output/0000/slave-015/client-129.log: file already closed
zerolog: could not write event: write experiment-output/0000/slave-015/client-160.log: file already closed
zerolog: could not write event: write experiment-output/0000/slave-015/client-129.log: file already closed
zerolog: could not write event: write experiment-output/0000/slave-015/client-144.log: file already closed
zerolog: could not write event: write experiment-output/0000/slave-015/client-145.log: file already closed
zerolog: could not write event: write experiment-output/0000/slave-015/client-145.log: file already closed
zerolog: could not write event: write experiment-output/0000/slave-015/client-145.log: file already closed
zerolog: could not write event: write experiment-output/0000/slave-015/client-150.log: file already closed
zerolog: could not write event: write experiment-output/0000/slave-015/client-145.log: file already closed
zerolog: could not write event: write experiment-output/0000/slave-015/client-144.log: file already closed
zerolog: could not write event: write experiment-output/0000/slave-015/client-144.log: file already closed
zerolog: could not write event: write experiment-output/0000/slave-015/client-150.log: file already closed
zerolog: could not write event: write experiment-output/0000/slave-015/client-144.log: file already closed
zerolog: could not write event: write experiment-output/0000/slave-015/client-150.log: file already closed
zerolog: could not write event: write experiment-output/0000/slave-015/client-150.log: file already closed
18:11:11.434 INF Profile data written. filename=experiment-output/0000/slave-015/prof-client.block name=block
zerolog: could not write event: write experiment-output/0000/slave-015/client-142.log: file already closed
zerolog: could not write event: write experiment-output/0000/slave-015/client-142.log: file already closed
zerolog: could not write event: write experiment-output/0000/slave-015/client-142.log: file already closed
zerolog: could not write event: write experiment-output/0000/slave-015/client-142.log: file already closed
18:11:11.440 INF Profile data written. filename=experiment-output/0000/slave-015/prof-client.mutex name=mutex
