{"level":"debug","Logging":"info","time":"2023-03-19T10:39:45Z","message":"Config"}
{"level":"debug","UseTLS":false,"time":"2023-03-19T10:39:45Z","message":"Config"}
{"level":"debug","CACertFile":"tls-data/ca.pem","time":"2023-03-19T10:39:45Z","message":"Config"}
{"level":"debug","KeyFile":"tls-data/auth.key","time":"2023-03-19T10:39:45Z","message":"Config"}
{"level":"debug","CertFile":"tls-data/auth.pem","time":"2023-03-19T10:39:45Z","message":"Config"}
{"level":"debug","PriorityConnections":2,"time":"2023-03-19T10:39:45Z","message":"Config"}
{"level":"debug","BasicConnections":1,"time":"2023-03-19T10:39:45Z","message":"Config"}
{"level":"debug","TestConnections":false,"time":"2023-03-19T10:39:45Z","message":"Config"}
{"level":"debug","ExcessConnections":1,"time":"2023-03-19T10:39:45Z","message":"Config"}
{"level":"debug","ConnectionTestMsgs":4,"time":"2023-03-19T10:39:45Z","message":"Config"}
{"level":"debug","ConnectionTestPayload":131072,"time":"2023-03-19T10:39:45Z","message":"Config"}
{"level":"debug","OutMessageBufsize":1024,"time":"2023-03-19T10:39:45Z","message":"Config"}
{"level":"debug","OutMessageBufsize":4,"time":"2023-03-19T10:39:45Z","message":"Config"}
{"level":"debug","ThroughputCap":131072000,"time":"2023-03-19T10:39:45Z","message":"Config"}
{"level":"debug","StragglerTolerance":1000,"time":"2023-03-19T10:39:45Z","message":"Config"}
{"level":"debug","BatchSizeIncrement":256,"time":"2023-03-19T10:39:45Z","message":"Config"}
{"level":"debug","Orderer":"Pbft","time":"2023-03-19T10:39:45Z","message":"Config"}
{"level":"debug","Manager":"Mir","time":"2023-03-19T10:39:45Z","message":"Config"}
{"level":"debug","Failures":0,"time":"2023-03-19T10:39:45Z","message":"Config"}
{"level":"debug","StragglerCnt":1,"time":"2023-03-19T10:39:45Z","message":"Config"}
{"level":"debug","PrivKeyCnt":10,"time":"2023-03-19T10:39:45Z","message":"Config"}
{"level":"debug","UseSig":false,"time":"2023-03-19T10:39:45Z","message":"Config"}
{"level":"debug","CrashTiming":"Straggler","time":"2023-03-19T10:39:45Z","message":"Config"}
{"level":"debug","CheckpointInterval":512,"time":"2023-03-19T10:39:45Z","message":"Config"}
{"level":"debug","WatermarkWindowSize":512,"time":"2023-03-19T10:39:45Z","message":"Config"}
{"level":"debug","EpochLength":512,"time":"2023-03-19T10:39:45Z","message":"Config"}
{"level":"debug","SegmentLength":32,"time":"2023-03-19T10:39:45Z","message":"Config"}
{"level":"debug","WaitForCheckpoints":true,"time":"2023-03-19T10:39:45Z","message":"Config"}
{"level":"debug","ClientWatermarkWindowSize":16384,"time":"2023-03-19T10:39:45Z","message":"Config"}
{"level":"debug","ClientRequestBacklogSize":16384,"time":"2023-03-19T10:39:45Z","message":"Config"}
{"level":"debug","RandomSeed":19386,"time":"2023-03-19T10:39:45Z","message":"Config"}
{"level":"debug","NodeToLeaderRatio":1,"time":"2023-03-19T10:39:45Z","message":"Config"}
{"level":"debug","LeaderPolicy":"Simple","time":"2023-03-19T10:39:45Z","message":"Config"}
{"level":"debug","DefaultLeaderBan":2,"time":"2023-03-19T10:39:45Z","message":"Config"}
{"level":"debug","NumBuckets":256,"time":"2023-03-19T10:39:45Z","message":"Config"}
{"level":"debug","BatchSize":1000,"time":"2023-03-19T10:39:45Z","message":"Config"}
{"level":"debug","DisabledViewChange":false,"time":"2023-03-19T10:39:45Z","message":"Config"}
{"level":"debug","ViewChangeTimeout":60000,"time":"2023-03-19T10:39:45Z","message":"Config"}
{"level":"debug","ClientTraceSampling":10,"time":"2023-03-19T10:39:45Z","message":"Config"}
{"level":"debug","EventBufferSize":2097152,"time":"2023-03-19T10:39:45Z","message":"Config"}
{"level":"debug","TraceSampling":1,"time":"2023-03-19T10:39:45Z","message":"Config"}
{"level":"debug","ClientsPerProcess":8,"time":"2023-03-19T10:39:45Z","message":"Config"}
{"level":"debug","RequestsPerClient":14062,"time":"2023-03-19T10:39:45Z","message":"Config"}
{"level":"debug","ClientRunTime":15000,"time":"2023-03-19T10:39:45Z","message":"Config"}
{"level":"debug","RequestRate":468,"time":"2023-03-19T10:39:45Z","message":"Config"}
{"level":"debug","HardRequestRateLimit":false,"time":"2023-03-19T10:39:45Z","message":"Config"}
{"level":"debug","RequestPayloadSize":500,"time":"2023-03-19T10:39:45Z","message":"Config"}
{"level":"debug","SignRequests":true,"time":"2023-03-19T10:39:45Z","message":"Config"}
{"level":"debug","ClientPrivKeyFile":"tls-data/client-ecdsa-256.key","time":"2023-03-19T10:39:45Z","message":"Config"}
{"level":"debug","ClientPubKeyFile":"tls-data/client-ecdsa-256.pem","time":"2023-03-19T10:39:45Z","message":"Config"}
{"level":"debug","PrecomputeRequests":false,"time":"2023-03-19T10:39:45Z","message":"Config"}
{"level":"debug","RequestHandlerThreads":32,"time":"2023-03-19T10:39:45Z","message":"Config"}
{"level":"debug","RequestInputChannelBuffer":8192,"time":"2023-03-19T10:39:45Z","message":"Config"}
{"level":"debug","BatchVerifier":"external","time":"2023-03-19T10:39:45Z","message":"Config"}
10:39:45.349 INF Started Profiler: CPU
10:39:45.349 INF Started Profiler: BLOCK
10:39:45.349 INF Started Profiler: MUTEX
10:39:45.349 INF Starting clients. numClients=8 numRequests=14062
10:39:45.349 INF Initilizing clients.
10:39:45.745 INF Registared with discovery server. numOrderers=16 ownClientId=131
10:39:45.745 INF Registared with discovery server. numOrderers=16 ownClientId=132
10:39:45.747 INF Registared with discovery server. numOrderers=16 ownClientId=139
10:39:45.748 INF Registared with discovery server. numOrderers=16 ownClientId=153
10:39:45.748 INF Registared with discovery server. numOrderers=16 ownClientId=161
10:39:45.749 INF Registared with discovery server. numOrderers=16 ownClientId=165
10:39:45.749 INF Registared with discovery server. numOrderers=16 ownClientId=159
10:39:45.753 INF Registared with discovery server. numOrderers=16 ownClientId=186
10:39:45.753 INF Clients initialized.
10:39:45.753 INF Launching clients.
10:39:45.753 INF Waiting for clients.
10:41:25.876 INF Stopping Tracer. events=2861 fileName=experiment-output/0008/slave-040/client-131.trc
zerolog: could not write event: write experiment-output/0008/slave-040/client-131.log: file already closed
zerolog: could not write event: write experiment-output/0008/slave-040/client-131.log: file already closed
zerolog: could not write event: write experiment-output/0008/slave-040/client-131.log: file already closed
zerolog: could not write event: write experiment-output/0008/slave-040/client-131.log: file already closed
10:41:25.881 INF Trace data written.
10:41:25.912 INF Stopping Tracer. events=2906 fileName=experiment-output/0008/slave-040/client-153.trc
zerolog: could not write event: write experiment-output/0008/slave-040/client-153.log: file already closed
zerolog: could not write event: write experiment-output/0008/slave-040/client-153.log: file already closed
zerolog: could not write event: write experiment-output/0008/slave-040/client-153.log: file already closed
zerolog: could not write event: write experiment-output/0008/slave-040/client-153.log: file already closed
10:41:25.917 INF Stopping Tracer. events=4255 fileName=experiment-output/0008/slave-040/client-186.trc
zerolog: could not write event: write experiment-output/0008/slave-040/client-186.log: file already closed
zerolog: could not write event: write experiment-output/0008/slave-040/client-186.log: file already closed
zerolog: could not write event: write experiment-output/0008/slave-040/client-186.log: file already closed
zerolog: could not write event: write experiment-output/0008/slave-040/client-186.log: file already closed
10:41:25.918 INF Trace data written.
10:41:25.924 INF Trace data written.
10:41:25.925 INF Stopping Tracer. events=4164 fileName=experiment-output/0008/slave-040/client-132.trc
10:41:25.925 INF Stopping Tracer. events=2920 fileName=experiment-output/0008/slave-040/client-139.trc
zerolog: could not write event: write experiment-output/0008/slave-040/client-132.log: file already closed
zerolog: could not write event: write experiment-output/0008/slave-040/client-139.log: file already closed
zerolog: could not write event: write experiment-output/0008/slave-040/client-139.log: file already closed
zerolog: could not write event: write experiment-output/0008/slave-040/client-132.log: file already closed
10:41:25.925 INF Stopping Tracer. events=2876 fileName=experiment-output/0008/slave-040/client-165.trc
zerolog: could not write event: write experiment-output/0008/slave-040/client-139.log: file already closed
zerolog: could not write event: write experiment-output/0008/slave-040/client-132.log: file already closed
zerolog: could not write event: write experiment-output/0008/slave-040/client-139.log: file already closed
zerolog: could not write event: write experiment-output/0008/slave-040/client-132.log: file already closed
10:41:25.925 INF Stopping Tracer. events=2905 fileName=experiment-output/0008/slave-040/client-159.trc
zerolog: could not write event: write experiment-output/0008/slave-040/client-159.log: file already closed
zerolog: could not write event: write experiment-output/0008/slave-040/client-159.log: file already closed
zerolog: could not write event: write experiment-output/0008/slave-040/client-159.log: file already closed
zerolog: could not write event: write experiment-output/0008/slave-040/client-165.log: file already closed
zerolog: could not write event: write experiment-output/0008/slave-040/client-159.log: file already closed
zerolog: could not write event: write experiment-output/0008/slave-040/client-165.log: file already closed
zerolog: could not write event: write experiment-output/0008/slave-040/client-165.log: file already closed
zerolog: could not write event: write experiment-output/0008/slave-040/client-165.log: file already closed
10:41:25.929 INF Stopping Tracer. events=2861 fileName=experiment-output/0008/slave-040/client-161.trc
zerolog: could not write event: write experiment-output/0008/slave-040/client-161.log: file already closed
zerolog: could not write event: write experiment-output/0008/slave-040/client-161.log: file already closed
zerolog: could not write event: write experiment-output/0008/slave-040/client-161.log: file already closed
zerolog: could not write event: write experiment-output/0008/slave-040/client-161.log: file already closed
10:41:25.931 INF Trace data written.
10:41:25.931 INF Trace data written.
10:41:25.932 INF Trace data written.
10:41:25.933 INF Trace data written.
10:41:25.935 INF Trace data written.
10:41:25.935 INF Done.
10:41:25.935 INF Stopping profiler.
zerolog: could not write event: write experiment-output/0008/slave-040/client-131.log: file already closed
zerolog: could not write event: write experiment-output/0008/slave-040/client-131.log: file already closed
zerolog: could not write event: write experiment-output/0008/slave-040/client-131.log: file already closed
zerolog: could not write event: write experiment-output/0008/slave-040/client-131.log: file already closed
zerolog: could not write event: write experiment-output/0008/slave-040/client-131.log: file already closed
zerolog: could not write event: write experiment-output/0008/slave-040/client-131.log: file already closed
zerolog: could not write event: write experiment-output/0008/slave-040/client-131.log: file already closed
zerolog: could not write event: write experiment-output/0008/slave-040/client-131.log: file already closed
zerolog: could not write event: write experiment-output/0008/slave-040/client-153.log: file already closed
zerolog: could not write event: write experiment-output/0008/slave-040/client-153.log: file already closed
zerolog: could not write event: write experiment-output/0008/slave-040/client-186.log: file already closed
zerolog: could not write event: write experiment-output/0008/slave-040/client-186.log: file already closed
zerolog: could not write event: write experiment-output/0008/slave-040/client-132.log: file already closed
zerolog: could not write event: write experiment-output/0008/slave-040/client-159.log: file already closed
zerolog: could not write event: write experiment-output/0008/slave-040/client-159.log: file already closed
zerolog: could not write event: write experiment-output/0008/slave-040/client-132.log: file already closed
zerolog: could not write event: write experiment-output/0008/slave-040/client-153.log: file already closed
zerolog: could not write event: write experiment-output/0008/slave-040/client-153.log: file already closed
zerolog: could not write event: write experiment-output/0008/slave-040/client-159.log: file already closed
zerolog: could not write event: write experiment-output/0008/slave-040/client-132.log: file already closed
zerolog: could not write event: write experiment-output/0008/slave-040/client-186.log: file already closed
zerolog: could not write event: write experiment-output/0008/slave-040/client-186.log: file already closed
zerolog: could not write event: write experiment-output/0008/slave-040/client-161.log: file already closed
zerolog: could not write event: write experiment-output/0008/slave-040/client-139.log: file already closed
zerolog: could not write event: write experiment-output/0008/slave-040/client-139.log: file already closed
zerolog: could not write event: write experiment-output/0008/slave-040/client-139.log: file already closed
zerolog: could not write event: write experiment-output/0008/slave-040/client-165.log: file already closed
zerolog: could not write event: write experiment-output/0008/slave-040/client-165.log: file already closed
zerolog: could not write event: write experiment-output/0008/slave-040/client-139.log: file already closed
zerolog: could not write event: write experiment-output/0008/slave-040/client-159.log: file already closed
zerolog: could not write event: write experiment-output/0008/slave-040/client-165.log: file already closed
zerolog: could not write event: write experiment-output/0008/slave-040/client-132.log: file already closed
zerolog: could not write event: write experiment-output/0008/slave-040/client-165.log: file already closed
zerolog: could not write event: write experiment-output/0008/slave-040/client-161.log: file already closed
zerolog: could not write event: write experiment-output/0008/slave-040/client-161.log: file already closed
zerolog: could not write event: write experiment-output/0008/slave-040/client-161.log: file already closed
zerolog: could not write event: write experiment-output/0008/slave-040/client-153.log: file already closed
zerolog: could not write event: write experiment-output/0008/slave-040/client-153.log: file already closed
zerolog: could not write event: write experiment-output/0008/slave-040/client-153.log: file already closed
zerolog: could not write event: write experiment-output/0008/slave-040/client-153.log: file already closed
zerolog: could not write event: write experiment-output/0008/slave-040/client-186.log: file already closed
zerolog: could not write event: write experiment-output/0008/slave-040/client-186.log: file already closed
zerolog: could not write event: write experiment-output/0008/slave-040/client-186.log: file already closed
zerolog: could not write event: write experiment-output/0008/slave-040/client-186.log: file already closed
zerolog: could not write event: write experiment-output/0008/slave-040/client-139.log: file already closed
zerolog: could not write event: write experiment-output/0008/slave-040/client-159.log: file already closed
zerolog: could not write event: write experiment-output/0008/slave-040/client-139.log: file already closed
zerolog: could not write event: write experiment-output/0008/slave-040/client-165.log: file already closed
zerolog: could not write event: write experiment-output/0008/slave-040/client-132.log: file already closed
zerolog: could not write event: write experiment-output/0008/slave-040/client-139.log: file already closed
zerolog: could not write event: write experiment-output/0008/slave-040/client-132.log: file already closed
zerolog: could not write event: write experiment-output/0008/slave-040/client-165.log: file already closed
zerolog: could not write event: write experiment-output/0008/slave-040/client-132.log: file already closed
zerolog: could not write event: write experiment-output/0008/slave-040/client-165.log: file already closed
zerolog: could not write event: write experiment-output/0008/slave-040/client-159.log: file already closed
zerolog: could not write event: write experiment-output/0008/slave-040/client-159.log: file already closed
zerolog: could not write event: write experiment-output/0008/slave-040/client-165.log: file already closed
zerolog: could not write event: write experiment-output/0008/slave-040/client-159.log: file already closed
zerolog: could not write event: write experiment-output/0008/slave-040/client-139.log: file already closed
zerolog: could not write event: write experiment-output/0008/slave-040/client-132.log: file already closed
zerolog: could not write event: write experiment-output/0008/slave-040/client-161.log: file already closed
zerolog: could not write event: write experiment-output/0008/slave-040/client-161.log: file already closed
zerolog: could not write event: write experiment-output/0008/slave-040/client-161.log: file already closed
zerolog: could not write event: write experiment-output/0008/slave-040/client-161.log: file already closed
10:41:26.086 INF Profile data written. filename=experiment-output/0008/slave-040/prof-client.cpu name=cpu
zerolog: could not write event: write experiment-output/0008/slave-040/client-131.log: file already closed
zerolog: could not write event: write experiment-output/0008/slave-040/client-131.log: file already closed
zerolog: could not write event: write experiment-output/0008/slave-040/client-131.log: file already closed
zerolog: could not write event: write experiment-output/0008/slave-040/client-131.log: file already closed
10:41:26.104 INF Profile data written. filename=experiment-output/0008/slave-040/prof-client.block name=block
10:41:26.112 INF Profile data written. filename=experiment-output/0008/slave-040/prof-client.mutex name=mutex
