{"level":"debug","Logging":"info","time":"2023-07-15T15:08:40Z","message":"Config"}
{"level":"debug","UseTLS":false,"time":"2023-07-15T15:08:40Z","message":"Config"}
{"level":"debug","CACertFile":"tls-data/ca.pem","time":"2023-07-15T15:08:40Z","message":"Config"}
{"level":"debug","KeyFile":"tls-data/auth.key","time":"2023-07-15T15:08:40Z","message":"Config"}
{"level":"debug","CertFile":"tls-data/auth.pem","time":"2023-07-15T15:08:40Z","message":"Config"}
{"level":"debug","PriorityConnections":2,"time":"2023-07-15T15:08:40Z","message":"Config"}
{"level":"debug","BasicConnections":1,"time":"2023-07-15T15:08:40Z","message":"Config"}
{"level":"debug","TestConnections":false,"time":"2023-07-15T15:08:40Z","message":"Config"}
{"level":"debug","ExcessConnections":1,"time":"2023-07-15T15:08:40Z","message":"Config"}
{"level":"debug","ConnectionTestMsgs":4,"time":"2023-07-15T15:08:40Z","message":"Config"}
{"level":"debug","ConnectionTestPayload":131072,"time":"2023-07-15T15:08:40Z","message":"Config"}
{"level":"debug","OutMessageBufsize":1024,"time":"2023-07-15T15:08:40Z","message":"Config"}
{"level":"debug","OutMessageBufsize":4,"time":"2023-07-15T15:08:40Z","message":"Config"}
{"level":"debug","ThroughputCap":131072000,"time":"2023-07-15T15:08:40Z","message":"Config"}
{"level":"debug","StragglerTolerance":1000,"time":"2023-07-15T15:08:40Z","message":"Config"}
{"level":"debug","BatchSizeIncrement":256,"time":"2023-07-15T15:08:40Z","message":"Config"}
{"level":"debug","Orderer":"HotStuff","time":"2023-07-15T15:08:40Z","message":"Config"}
{"level":"debug","Manager":"Mir","time":"2023-07-15T15:08:40Z","message":"Config"}
{"level":"debug","Failures":0,"time":"2023-07-15T15:08:40Z","message":"Config"}
{"level":"debug","StragglerCnt":3,"time":"2023-07-15T15:08:40Z","message":"Config"}
{"level":"debug","CrashTiming":"Straggler","time":"2023-07-15T15:08:40Z","message":"Config"}
{"level":"debug","CheckpointInterval":512,"time":"2023-07-15T15:08:40Z","message":"Config"}
{"level":"debug","WatermarkWindowSize":512,"time":"2023-07-15T15:08:40Z","message":"Config"}
{"level":"debug","EpochLength":512,"time":"2023-07-15T15:08:40Z","message":"Config"}
{"level":"debug","SegmentLength":32,"time":"2023-07-15T15:08:40Z","message":"Config"}
{"level":"debug","WaitForCheckpoints":true,"time":"2023-07-15T15:08:40Z","message":"Config"}
{"level":"debug","ClientWatermarkWindowSize":16384,"time":"2023-07-15T15:08:40Z","message":"Config"}
{"level":"debug","ClientRequestBacklogSize":16384,"time":"2023-07-15T15:08:40Z","message":"Config"}
{"level":"debug","RandomSeed":12440,"time":"2023-07-15T15:08:40Z","message":"Config"}
{"level":"debug","NodeToLeaderRatio":1,"time":"2023-07-15T15:08:40Z","message":"Config"}
{"level":"debug","LeaderPolicy":"Simple","time":"2023-07-15T15:08:40Z","message":"Config"}
{"level":"debug","DefaultLeaderBan":2,"time":"2023-07-15T15:08:40Z","message":"Config"}
{"level":"debug","NumBuckets":256,"time":"2023-07-15T15:08:40Z","message":"Config"}
{"level":"debug","BatchSize":2000,"time":"2023-07-15T15:08:40Z","message":"Config"}
{"level":"debug","DisabledViewChange":false,"time":"2023-07-15T15:08:40Z","message":"Config"}
{"level":"debug","ViewChangeTimeout":60000,"time":"2023-07-15T15:08:40Z","message":"Config"}
{"level":"debug","ClientTraceSampling":10,"time":"2023-07-15T15:08:40Z","message":"Config"}
{"level":"debug","EventBufferSize":2097152,"time":"2023-07-15T15:08:40Z","message":"Config"}
{"level":"debug","TraceSampling":1,"time":"2023-07-15T15:08:40Z","message":"Config"}
{"level":"debug","ClientsPerProcess":8,"time":"2023-07-15T15:08:40Z","message":"Config"}
{"level":"debug","RequestsPerClient":4101,"time":"2023-07-15T15:08:40Z","message":"Config"}
{"level":"debug","ClientRunTime":15000,"time":"2023-07-15T15:08:40Z","message":"Config"}
{"level":"debug","RequestRate":136,"time":"2023-07-15T15:08:40Z","message":"Config"}
{"level":"debug","HardRequestRateLimit":false,"time":"2023-07-15T15:08:40Z","message":"Config"}
{"level":"debug","RequestPayloadSize":500,"time":"2023-07-15T15:08:40Z","message":"Config"}
{"level":"debug","SignRequests":true,"time":"2023-07-15T15:08:40Z","message":"Config"}
{"level":"debug","ClientPrivKeyFile":"tls-data/client-ecdsa-256.key","time":"2023-07-15T15:08:40Z","message":"Config"}
{"level":"debug","ClientPubKeyFile":"tls-data/client-ecdsa-256.pem","time":"2023-07-15T15:08:40Z","message":"Config"}
{"level":"debug","PrecomputeRequests":false,"time":"2023-07-15T15:08:40Z","message":"Config"}
{"level":"debug","RequestHandlerThreads":32,"time":"2023-07-15T15:08:40Z","message":"Config"}
{"level":"debug","RequestInputChannelBuffer":8192,"time":"2023-07-15T15:08:40Z","message":"Config"}
{"level":"debug","BatchVerifier":"external","time":"2023-07-15T15:08:40Z","message":"Config"}
15:08:40.603 INF Started Profiler: CPU
15:08:40.603 INF Started Profiler: BLOCK
15:08:40.603 INF Started Profiler: MUTEX
15:08:40.603 INF Starting clients. numClients=8 numRequests=4101
15:08:40.603 INF Initilizing clients.
15:08:40.854 INF Registared with discovery server. numOrderers=16 ownClientId=5
15:08:40.899 INF Registared with discovery server. numOrderers=16 ownClientId=106
15:08:40.907 INF Registared with discovery server. numOrderers=16 ownClientId=82
15:08:40.908 INF Registared with discovery server. numOrderers=16 ownClientId=149
15:08:40.916 INF Registared with discovery server. numOrderers=16 ownClientId=94
15:08:40.926 INF Registared with discovery server. numOrderers=16 ownClientId=137
15:08:40.944 INF Registared with discovery server. numOrderers=16 ownClientId=186
15:08:40.960 INF Registared with discovery server. numOrderers=16 ownClientId=241
15:08:40.960 INF Clients initialized.
15:08:40.961 INF Launching clients.
15:08:40.961 INF Waiting for clients.
15:10:33.597 INF Stopping Tracer. events=1223 fileName=experiment-output/0001/slave-034/client-149.trc
15:10:33.599 INF Trace data written.
15:10:33.610 INF Stopping Tracer. events=825 fileName=experiment-output/0001/slave-034/client-082.trc
15:10:33.611 INF Trace data written.
15:10:33.620 INF Stopping Tracer. events=830 fileName=experiment-output/0001/slave-034/client-186.trc
15:10:33.621 INF Trace data written.
15:10:33.624 INF Stopping Tracer. events=1207 fileName=experiment-output/0001/slave-034/client-137.trc
15:10:33.625 INF Stopping Tracer. events=1330 fileName=experiment-output/0001/slave-034/client-005.trc
15:10:33.625 INF Stopping Tracer. events=1278 fileName=experiment-output/0001/slave-034/client-241.trc
15:10:33.627 INF Trace data written.
15:10:33.628 INF Trace data written.
15:10:33.628 INF Trace data written.
15:10:33.637 INF Stopping Tracer. events=828 fileName=experiment-output/0001/slave-034/client-094.trc
15:10:33.639 INF Trace data written.
15:10:33.653 INF Stopping Tracer. events=825 fileName=experiment-output/0001/slave-034/client-106.trc
15:10:33.654 INF Trace data written.
15:10:33.654 INF Done.
15:10:33.654 INF Stopping profiler.
zerolog: could not write event: write experiment-output/0001/slave-034/client-082.log: file already closed
zerolog: could not write event: write experiment-output/0001/slave-034/client-082.log: file already closed
zerolog: could not write event: write experiment-output/0001/slave-034/client-149.log: file already closed
zerolog: could not write event: write experiment-output/0001/slave-034/client-149.log: file already closed
zerolog: could not write event: write experiment-output/0001/slave-034/client-149.log: file already closed
zerolog: could not write event: write experiment-output/0001/slave-034/client-149.log: file already closed
zerolog: could not write event: write experiment-output/0001/slave-034/client-149.log: file already closed
zerolog: could not write event: write experiment-output/0001/slave-034/client-241.log: file already closed
zerolog: could not write event: write experiment-output/0001/slave-034/client-241.log: file already closed
zerolog: could not write event: write experiment-output/0001/slave-034/client-082.log: file already closed
zerolog: could not write event: write experiment-output/0001/slave-034/client-082.log: file already closed
zerolog: could not write event: write experiment-output/0001/slave-034/client-241.log: file already closed
zerolog: could not write event: write experiment-output/0001/slave-034/client-149.log: file already closed
zerolog: could not write event: write experiment-output/0001/slave-034/client-137.log: file already closed
zerolog: could not write event: write experiment-output/0001/slave-034/client-137.log: file already closed
zerolog: could not write event: write experiment-output/0001/slave-034/client-186.log: file already closed
zerolog: could not write event: write experiment-output/0001/slave-034/client-137.log: file already closed
zerolog: could not write event: write experiment-output/0001/slave-034/client-082.log: file already closed
zerolog: could not write event: write experiment-output/0001/slave-034/client-082.log: file already closed
zerolog: could not write event: write experiment-output/0001/slave-034/client-149.log: file already closed
zerolog: could not write event: write experiment-output/0001/slave-034/client-082.log: file already closed
zerolog: could not write event: write experiment-output/0001/slave-034/client-186.log: file already closed
zerolog: could not write event: write experiment-output/0001/slave-034/client-241.log: file already closed
zerolog: could not write event: write experiment-output/0001/slave-034/client-149.log: file already closed
zerolog: could not write event: write experiment-output/0001/slave-034/client-186.log: file already closed
zerolog: could not write event: write experiment-output/0001/slave-034/client-149.log: file already closed
zerolog: could not write event: write experiment-output/0001/slave-034/client-005.log: file already closed
zerolog: could not write event: write experiment-output/0001/slave-034/client-005.log: file already closed
zerolog: could not write event: write experiment-output/0001/slave-034/client-186.log: file already closed
zerolog: could not write event: write experiment-output/0001/slave-034/client-186.log: file already closed
zerolog: could not write event: write experiment-output/0001/slave-034/client-082.log: file already closed
zerolog: could not write event: write experiment-output/0001/slave-034/client-149.log: file already closed
zerolog: could not write event: write experiment-output/0001/slave-034/client-005.log: file already closed
zerolog: could not write event: write experiment-output/0001/slave-034/client-082.log: file already closed
zerolog: could not write event: write experiment-output/0001/slave-034/client-186.log: file already closed
zerolog: could not write event: write experiment-output/0001/slave-034/client-149.log: file already closed
zerolog: could not write event: write experiment-output/0001/slave-034/client-082.log: file already closed
zerolog: could not write event: write experiment-output/0001/slave-034/client-241.log: file already closed
zerolog: could not write event: write experiment-output/0001/slave-034/client-082.log: file already closed
zerolog: could not write event: write experiment-output/0001/slave-034/client-186.log: file already closed
zerolog: could not write event: write experiment-output/0001/slave-034/client-241.log: file already closed
zerolog: could not write event: write experiment-output/0001/slave-034/client-137.log: file already closed
zerolog: could not write event: write experiment-output/0001/slave-034/client-149.log: file already closed
zerolog: could not write event: write experiment-output/0001/slave-034/client-149.log: file already closed
zerolog: could not write event: write experiment-output/0001/slave-034/client-005.log: file already closed
zerolog: could not write event: write experiment-output/0001/slave-034/client-137.log: file already closed
zerolog: could not write event: write experiment-output/0001/slave-034/client-082.log: file already closed
zerolog: could not write event: write experiment-output/0001/slave-034/client-149.log: file already closed
zerolog: could not write event: write experiment-output/0001/slave-034/client-186.log: file already closed
zerolog: could not write event: write experiment-output/0001/slave-034/client-186.log: file already closed
zerolog: could not write event: write experiment-output/0001/slave-034/client-005.log: file already closed
zerolog: could not write event: write experiment-output/0001/slave-034/client-241.log: file already closed
zerolog: could not write event: write experiment-output/0001/slave-034/client-241.log: file already closed
zerolog: could not write event: write experiment-output/0001/slave-034/client-186.log: file already closed
zerolog: could not write event: write experiment-output/0001/slave-034/client-149.log: file already closed
zerolog: could not write event: write experiment-output/0001/slave-034/client-149.log: file already closed
zerolog: could not write event: write experiment-output/0001/slave-034/client-137.log: file already closed
zerolog: could not write event: write experiment-output/0001/slave-034/client-241.log: file already closed
zerolog: could not write event: write experiment-output/0001/slave-034/client-082.log: file already closed
zerolog: could not write event: write experiment-output/0001/slave-034/client-082.log: file already closed
zerolog: could not write event: write experiment-output/0001/slave-034/client-241.log: file already closed
zerolog: could not write event: write experiment-output/0001/slave-034/client-137.log: file already closed
zerolog: could not write event: write experiment-output/0001/slave-034/client-094.log: file already closed
zerolog: could not write event: write experiment-output/0001/slave-034/client-241.log: file already closed
zerolog: could not write event: write experiment-output/0001/slave-034/client-186.log: file already closed
zerolog: could not write event: write experiment-output/0001/slave-034/client-137.log: file already closed
zerolog: could not write event: write experiment-output/0001/slave-034/client-094.log: file already closed
zerolog: could not write event: write experiment-output/0001/slave-034/client-005.log: file already closed
zerolog: could not write event: write experiment-output/0001/slave-034/client-241.log: file already closed
zerolog: could not write event: write experiment-output/0001/slave-034/client-241.log: file already closed
zerolog: could not write event: write experiment-output/0001/slave-034/client-082.log: file already closed
zerolog: could not write event: write experiment-output/0001/slave-034/client-094.log: file already closed
zerolog: could not write event: write experiment-output/0001/slave-034/client-005.log: file already closed
zerolog: could not write event: write experiment-output/0001/slave-034/client-005.log: file already closed
zerolog: could not write event: write experiment-output/0001/slave-034/client-005.log: file already closed
zerolog: could not write event: write experiment-output/0001/slave-034/client-137.log: file already closed
zerolog: could not write event: write experiment-output/0001/slave-034/client-005.log: file already closed
zerolog: could not write event: write experiment-output/0001/slave-034/client-241.log: file already closed
zerolog: could not write event: write experiment-output/0001/slave-034/client-106.log: file already closed
zerolog: could not write event: write experiment-output/0001/slave-034/client-106.log: file already closed
zerolog: could not write event: write experiment-output/0001/slave-034/client-137.log: file already closed
zerolog: could not write event: write experiment-output/0001/slave-034/client-094.log: file already closed
zerolog: could not write event: write experiment-output/0001/slave-034/client-186.log: file already closed
zerolog: could not write event: write experiment-output/0001/slave-034/client-094.log: file already closed
zerolog: could not write event: write experiment-output/0001/slave-034/client-186.log: file already closed
zerolog: could not write event: write experiment-output/0001/slave-034/client-186.log: file already closed
zerolog: could not write event: write experiment-output/0001/slave-034/client-137.log: file already closed
zerolog: could not write event: write experiment-output/0001/slave-034/client-137.log: file already closed
zerolog: could not write event: write experiment-output/0001/slave-034/client-094.log: file already closed
zerolog: could not write event: write experiment-output/0001/slave-034/client-082.log: file already closed
zerolog: could not write event: write experiment-output/0001/slave-034/client-094.log: file already closed
zerolog: could not write event: write experiment-output/0001/slave-034/client-005.log: file already closed
zerolog: could not write event: write experiment-output/0001/slave-034/client-137.log: file already closed
zerolog: could not write event: write experiment-output/0001/slave-034/client-137.log: file already closed
zerolog: could not write event: write experiment-output/0001/slave-034/client-186.log: file already closed
zerolog: could not write event: write experiment-output/0001/slave-034/client-094.log: file already closed
zerolog: could not write event: write experiment-output/0001/slave-034/client-005.log: file already closed
zerolog: could not write event: write experiment-output/0001/slave-034/client-137.log: file already closed
zerolog: could not write event: write experiment-output/0001/slave-034/client-241.log: file already closed
zerolog: could not write event: write experiment-output/0001/slave-034/client-094.log: file already closed
zerolog: could not write event: write experiment-output/0001/slave-034/client-186.log: file already closed
zerolog: could not write event: write experiment-output/0001/slave-034/client-137.log: file already closed
zerolog: could not write event: write experiment-output/0001/slave-034/client-094.log: file already closed
zerolog: could not write event: write experiment-output/0001/slave-034/client-241.log: file already closed
zerolog: could not write event: write experiment-output/0001/slave-034/client-094.log: file already closed
zerolog: could not write event: write experiment-output/0001/slave-034/client-106.log: file already closed
zerolog: could not write event: write experiment-output/0001/slave-034/client-106.log: file already closed
zerolog: could not write event: write experiment-output/0001/slave-034/client-094.log: file already closed
zerolog: could not write event: write experiment-output/0001/slave-034/client-005.log: file already closed
zerolog: could not write event: write experiment-output/0001/slave-034/client-005.log: file already closed
zerolog: could not write event: write experiment-output/0001/slave-034/client-106.log: file already closed
zerolog: could not write event: write experiment-output/0001/slave-034/client-106.log: file already closed
zerolog: could not write event: write experiment-output/0001/slave-034/client-106.log: file already closed
zerolog: could not write event: write experiment-output/0001/slave-034/client-106.log: file already closed
zerolog: could not write event: write experiment-output/0001/slave-034/client-005.log: file already closed
zerolog: could not write event: write experiment-output/0001/slave-034/client-106.log: file already closed
zerolog: could not write event: write experiment-output/0001/slave-034/client-005.log: file already closed
zerolog: could not write event: write experiment-output/0001/slave-034/client-106.log: file already closed
zerolog: could not write event: write experiment-output/0001/slave-034/client-094.log: file already closed
zerolog: could not write event: write experiment-output/0001/slave-034/client-094.log: file already closed
zerolog: could not write event: write experiment-output/0001/slave-034/client-106.log: file already closed
zerolog: could not write event: write experiment-output/0001/slave-034/client-094.log: file already closed
zerolog: could not write event: write experiment-output/0001/slave-034/client-094.log: file already closed
zerolog: could not write event: write experiment-output/0001/slave-034/client-106.log: file already closed
zerolog: could not write event: write experiment-output/0001/slave-034/client-106.log: file already closed
zerolog: could not write event: write experiment-output/0001/slave-034/client-106.log: file already closed
zerolog: could not write event: write experiment-output/0001/slave-034/client-106.log: file already closed
zerolog: could not write event: write experiment-output/0001/slave-034/client-106.log: file already closed
15:10:33.802 INF Profile data written. filename=experiment-output/0001/slave-034/prof-client.cpu name=cpu
15:10:33.819 INF Profile data written. filename=experiment-output/0001/slave-034/prof-client.block name=block
15:10:33.823 INF Profile data written. filename=experiment-output/0001/slave-034/prof-client.mutex name=mutex
