{"level":"debug","Logging":"info","time":"2023-03-25T18:30:31Z","message":"Config"}
{"level":"debug","UseTLS":false,"time":"2023-03-25T18:30:31Z","message":"Config"}
{"level":"debug","CACertFile":"tls-data/ca.pem","time":"2023-03-25T18:30:31Z","message":"Config"}
{"level":"debug","KeyFile":"tls-data/auth.key","time":"2023-03-25T18:30:31Z","message":"Config"}
{"level":"debug","CertFile":"tls-data/auth.pem","time":"2023-03-25T18:30:31Z","message":"Config"}
{"level":"debug","PriorityConnections":2,"time":"2023-03-25T18:30:31Z","message":"Config"}
{"level":"debug","BasicConnections":1,"time":"2023-03-25T18:30:31Z","message":"Config"}
{"level":"debug","TestConnections":false,"time":"2023-03-25T18:30:31Z","message":"Config"}
{"level":"debug","ExcessConnections":1,"time":"2023-03-25T18:30:31Z","message":"Config"}
{"level":"debug","ConnectionTestMsgs":4,"time":"2023-03-25T18:30:31Z","message":"Config"}
{"level":"debug","ConnectionTestPayload":131072,"time":"2023-03-25T18:30:31Z","message":"Config"}
{"level":"debug","OutMessageBufsize":1024,"time":"2023-03-25T18:30:31Z","message":"Config"}
{"level":"debug","OutMessageBufsize":4,"time":"2023-03-25T18:30:31Z","message":"Config"}
{"level":"debug","ThroughputCap":131072000,"time":"2023-03-25T18:30:31Z","message":"Config"}
{"level":"debug","StragglerTolerance":1000,"time":"2023-03-25T18:30:31Z","message":"Config"}
{"level":"debug","BatchSizeIncrement":256,"time":"2023-03-25T18:30:31Z","message":"Config"}
{"level":"debug","Orderer":"Pbft","time":"2023-03-25T18:30:31Z","message":"Config"}
{"level":"debug","Manager":"Mir","time":"2023-03-25T18:30:31Z","message":"Config"}
{"level":"debug","Failures":0,"time":"2023-03-25T18:30:31Z","message":"Config"}
{"level":"debug","StragglerCnt":0,"time":"2023-03-25T18:30:31Z","message":"Config"}
{"level":"debug","CrashTiming":"Straggler","time":"2023-03-25T18:30:31Z","message":"Config"}
{"level":"debug","CheckpointInterval":512,"time":"2023-03-25T18:30:31Z","message":"Config"}
{"level":"debug","WatermarkWindowSize":512,"time":"2023-03-25T18:30:31Z","message":"Config"}
{"level":"debug","EpochLength":512,"time":"2023-03-25T18:30:31Z","message":"Config"}
{"level":"debug","SegmentLength":32,"time":"2023-03-25T18:30:31Z","message":"Config"}
{"level":"debug","WaitForCheckpoints":true,"time":"2023-03-25T18:30:31Z","message":"Config"}
{"level":"debug","ClientWatermarkWindowSize":16384,"time":"2023-03-25T18:30:31Z","message":"Config"}
{"level":"debug","ClientRequestBacklogSize":16384,"time":"2023-03-25T18:30:31Z","message":"Config"}
{"level":"debug","RandomSeed":30962,"time":"2023-03-25T18:30:31Z","message":"Config"}
{"level":"debug","NodeToLeaderRatio":1,"time":"2023-03-25T18:30:31Z","message":"Config"}
{"level":"debug","LeaderPolicy":"Simple","time":"2023-03-25T18:30:31Z","message":"Config"}
{"level":"debug","DefaultLeaderBan":2,"time":"2023-03-25T18:30:31Z","message":"Config"}
{"level":"debug","NumBuckets":256,"time":"2023-03-25T18:30:31Z","message":"Config"}
{"level":"debug","BatchSize":2500,"time":"2023-03-25T18:30:31Z","message":"Config"}
{"level":"debug","DisabledViewChange":false,"time":"2023-03-25T18:30:31Z","message":"Config"}
{"level":"debug","ViewChangeTimeout":60000,"time":"2023-03-25T18:30:31Z","message":"Config"}
{"level":"debug","ClientTraceSampling":10,"time":"2023-03-25T18:30:31Z","message":"Config"}
{"level":"debug","EventBufferSize":2097152,"time":"2023-03-25T18:30:31Z","message":"Config"}
{"level":"debug","TraceSampling":1,"time":"2023-03-25T18:30:31Z","message":"Config"}
{"level":"debug","ClientsPerProcess":8,"time":"2023-03-25T18:30:31Z","message":"Config"}
{"level":"debug","RequestsPerClient":10546,"time":"2023-03-25T18:30:31Z","message":"Config"}
{"level":"debug","ClientRunTime":15000,"time":"2023-03-25T18:30:31Z","message":"Config"}
{"level":"debug","RequestRate":351,"time":"2023-03-25T18:30:31Z","message":"Config"}
{"level":"debug","HardRequestRateLimit":false,"time":"2023-03-25T18:30:31Z","message":"Config"}
{"level":"debug","RequestPayloadSize":500,"time":"2023-03-25T18:30:31Z","message":"Config"}
{"level":"debug","SignRequests":true,"time":"2023-03-25T18:30:31Z","message":"Config"}
{"level":"debug","ClientPrivKeyFile":"tls-data/client-ecdsa-256.key","time":"2023-03-25T18:30:31Z","message":"Config"}
{"level":"debug","ClientPubKeyFile":"tls-data/client-ecdsa-256.pem","time":"2023-03-25T18:30:31Z","message":"Config"}
{"level":"debug","PrecomputeRequests":false,"time":"2023-03-25T18:30:31Z","message":"Config"}
{"level":"debug","RequestHandlerThreads":32,"time":"2023-03-25T18:30:31Z","message":"Config"}
{"level":"debug","RequestInputChannelBuffer":8192,"time":"2023-03-25T18:30:31Z","message":"Config"}
{"level":"debug","BatchVerifier":"external","time":"2023-03-25T18:30:31Z","message":"Config"}
18:30:31.860 INF Started Profiler: CPU
18:30:31.860 INF Started Profiler: BLOCK
18:30:31.861 INF Started Profiler: MUTEX
18:30:31.861 INF Starting clients. numClients=8 numRequests=10546
18:30:31.861 INF Initilizing clients.
18:30:32.425 INF Registared with discovery server. numOrderers=16 ownClientId=202
18:30:32.425 INF Registared with discovery server. numOrderers=16 ownClientId=199
18:30:32.426 INF Registared with discovery server. numOrderers=16 ownClientId=215
18:30:32.426 INF Registared with discovery server. numOrderers=16 ownClientId=213
18:30:32.425 INF Registared with discovery server. numOrderers=16 ownClientId=210
18:30:32.426 INF Registared with discovery server. numOrderers=16 ownClientId=218
18:30:32.428 INF Registared with discovery server. numOrderers=16 ownClientId=240
18:30:32.429 INF Registared with discovery server. numOrderers=16 ownClientId=247
18:30:32.429 INF Clients initialized.
18:30:32.429 INF Launching clients.
18:30:32.429 INF Waiting for clients.
18:31:26.847 INF Stopping Tracer. events=2134 fileName=experiment-output/0003/slave-047/client-240.trc
zerolog: could not write event: write experiment-output/0003/slave-047/client-240.log: file already closed
zerolog: could not write event: write experiment-output/0003/slave-047/client-240.log: file already closed
zerolog: could not write event: write experiment-output/0003/slave-047/client-240.log: file already closed
zerolog: could not write event: write experiment-output/0003/slave-047/client-240.log: file already closed
18:31:26.851 INF Trace data written.
18:31:26.891 INF Stopping Tracer. events=2134 fileName=experiment-output/0003/slave-047/client-202.trc
zerolog: could not write event: write experiment-output/0003/slave-047/client-202.log: file already closed
zerolog: could not write event: write experiment-output/0003/slave-047/client-202.log: file already closed
zerolog: could not write event: write experiment-output/0003/slave-047/client-202.log: file already closed
zerolog: could not write event: write experiment-output/0003/slave-047/client-202.log: file already closed
18:31:26.895 INF Trace data written.
18:31:26.897 INF Stopping Tracer. events=2131 fileName=experiment-output/0003/slave-047/client-210.trc
18:31:26.897 INF Stopping Tracer. events=3144 fileName=experiment-output/0003/slave-047/client-199.trc
18:31:26.898 INF Stopping Tracer. events=3168 fileName=experiment-output/0003/slave-047/client-213.trc
zerolog: could not write event: write experiment-output/0003/slave-047/client-199.log: file already closed
zerolog: could not write event: write experiment-output/0003/slave-047/client-210.log: file already closed
18:31:26.898 INF Stopping Tracer. events=3188 fileName=experiment-output/0003/slave-047/client-215.trc
zerolog: could not write event: write experiment-output/0003/slave-047/client-210.log: file already closed
18:31:26.898 INF Stopping Tracer. events=3109 fileName=experiment-output/0003/slave-047/client-247.trc
zerolog: could not write event: write experiment-output/0003/slave-047/client-199.log: file already closed
zerolog: could not write event: write experiment-output/0003/slave-047/client-210.log: file already closed
zerolog: could not write event: write experiment-output/0003/slave-047/client-199.log: file already closed
zerolog: could not write event: write experiment-output/0003/slave-047/client-210.log: file already closed
zerolog: could not write event: write experiment-output/0003/slave-047/client-213.log: file already closed
zerolog: could not write event: write experiment-output/0003/slave-047/client-213.log: file already closed
zerolog: could not write event: write experiment-output/0003/slave-047/client-213.log: file already closed
zerolog: could not write event: write experiment-output/0003/slave-047/client-213.log: file already closed
zerolog: could not write event: write experiment-output/0003/slave-047/client-199.log: file already closed
zerolog: could not write event: write experiment-output/0003/slave-047/client-215.log: file already closed
zerolog: could not write event: write experiment-output/0003/slave-047/client-247.log: file already closed
zerolog: could not write event: write experiment-output/0003/slave-047/client-215.log: file already closed
zerolog: could not write event: write experiment-output/0003/slave-047/client-215.log: file already closed
zerolog: could not write event: write experiment-output/0003/slave-047/client-215.log: file already closed
zerolog: could not write event: write experiment-output/0003/slave-047/client-247.log: file already closed
zerolog: could not write event: write experiment-output/0003/slave-047/client-247.log: file already closed
zerolog: could not write event: write experiment-output/0003/slave-047/client-247.log: file already closed
18:31:26.902 INF Trace data written.
18:31:26.904 INF Trace data written.
18:31:26.904 INF Stopping Tracer. events=2138 fileName=experiment-output/0003/slave-047/client-218.trc
zerolog: could not write event: write experiment-output/0003/slave-047/client-218.log: file already closed
zerolog: could not write event: write experiment-output/0003/slave-047/client-218.log: file already closed
zerolog: could not write event: write experiment-output/0003/slave-047/client-218.log: file already closed
zerolog: could not write event: write experiment-output/0003/slave-047/client-218.log: file already closed
18:31:26.905 INF Trace data written.
18:31:26.905 INF Trace data written.
18:31:26.906 INF Trace data written.
18:31:26.908 INF Trace data written.
18:31:26.908 INF Done.
18:31:26.908 INF Stopping profiler.
zerolog: could not write event: write experiment-output/0003/slave-047/client-240.log: file already closed
zerolog: could not write event: write experiment-output/0003/slave-047/client-240.log: file already closed
zerolog: could not write event: write experiment-output/0003/slave-047/client-240.log: file already closed
zerolog: could not write event: write experiment-output/0003/slave-047/client-240.log: file already closed
zerolog: could not write event: write experiment-output/0003/slave-047/client-202.log: file already closed
zerolog: could not write event: write experiment-output/0003/slave-047/client-202.log: file already closed
zerolog: could not write event: write experiment-output/0003/slave-047/client-202.log: file already closed
zerolog: could not write event: write experiment-output/0003/slave-047/client-202.log: file already closed
zerolog: could not write event: write experiment-output/0003/slave-047/client-199.log: file already closed
zerolog: could not write event: write experiment-output/0003/slave-047/client-210.log: file already closed
zerolog: could not write event: write experiment-output/0003/slave-047/client-215.log: file already closed
zerolog: could not write event: write experiment-output/0003/slave-047/client-213.log: file already closed
zerolog: could not write event: write experiment-output/0003/slave-047/client-213.log: file already closed
zerolog: could not write event: write experiment-output/0003/slave-047/client-247.log: file already closed
zerolog: could not write event: write experiment-output/0003/slave-047/client-247.log: file already closed
zerolog: could not write event: write experiment-output/0003/slave-047/client-218.log: file already closed
zerolog: could not write event: write experiment-output/0003/slave-047/client-218.log: file already closed
zerolog: could not write event: write experiment-output/0003/slave-047/client-210.log: file already closed
zerolog: could not write event: write experiment-output/0003/slave-047/client-210.log: file already closed
zerolog: could not write event: write experiment-output/0003/slave-047/client-213.log: file already closed
zerolog: could not write event: write experiment-output/0003/slave-047/client-210.log: file already closed
zerolog: could not write event: write experiment-output/0003/slave-047/client-199.log: file already closed
zerolog: could not write event: write experiment-output/0003/slave-047/client-247.log: file already closed
zerolog: could not write event: write experiment-output/0003/slave-047/client-215.log: file already closed
zerolog: could not write event: write experiment-output/0003/slave-047/client-215.log: file already closed
zerolog: could not write event: write experiment-output/0003/slave-047/client-199.log: file already closed
zerolog: could not write event: write experiment-output/0003/slave-047/client-199.log: file already closed
zerolog: could not write event: write experiment-output/0003/slave-047/client-213.log: file already closed
zerolog: could not write event: write experiment-output/0003/slave-047/client-215.log: file already closed
zerolog: could not write event: write experiment-output/0003/slave-047/client-247.log: file already closed
zerolog: could not write event: write experiment-output/0003/slave-047/client-218.log: file already closed
zerolog: could not write event: write experiment-output/0003/slave-047/client-218.log: file already closed
zerolog: could not write event: write experiment-output/0003/slave-047/client-240.log: file already closed
zerolog: could not write event: write experiment-output/0003/slave-047/client-240.log: file already closed
zerolog: could not write event: write experiment-output/0003/slave-047/client-240.log: file already closed
zerolog: could not write event: write experiment-output/0003/slave-047/client-240.log: file already closed
18:31:27.053 INF Profile data written. filename=experiment-output/0003/slave-047/prof-client.cpu name=cpu
18:31:27.071 INF Profile data written. filename=experiment-output/0003/slave-047/prof-client.block name=block
18:31:27.078 INF Profile data written. filename=experiment-output/0003/slave-047/prof-client.mutex name=mutex
