{"level":"debug","Logging":"info","time":"2023-03-19T16:45:05Z","message":"Config"}
{"level":"debug","UseTLS":false,"time":"2023-03-19T16:45:05Z","message":"Config"}
{"level":"debug","CACertFile":"tls-data/ca.pem","time":"2023-03-19T16:45:05Z","message":"Config"}
{"level":"debug","KeyFile":"tls-data/auth.key","time":"2023-03-19T16:45:05Z","message":"Config"}
{"level":"debug","CertFile":"tls-data/auth.pem","time":"2023-03-19T16:45:05Z","message":"Config"}
{"level":"debug","PriorityConnections":2,"time":"2023-03-19T16:45:05Z","message":"Config"}
{"level":"debug","BasicConnections":1,"time":"2023-03-19T16:45:05Z","message":"Config"}
{"level":"debug","TestConnections":false,"time":"2023-03-19T16:45:05Z","message":"Config"}
{"level":"debug","ExcessConnections":1,"time":"2023-03-19T16:45:05Z","message":"Config"}
{"level":"debug","ConnectionTestMsgs":4,"time":"2023-03-19T16:45:05Z","message":"Config"}
{"level":"debug","ConnectionTestPayload":131072,"time":"2023-03-19T16:45:05Z","message":"Config"}
{"level":"debug","OutMessageBufsize":1024,"time":"2023-03-19T16:45:05Z","message":"Config"}
{"level":"debug","OutMessageBufsize":4,"time":"2023-03-19T16:45:05Z","message":"Config"}
{"level":"debug","ThroughputCap":131072000,"time":"2023-03-19T16:45:05Z","message":"Config"}
{"level":"debug","StragglerTolerance":1000,"time":"2023-03-19T16:45:05Z","message":"Config"}
{"level":"debug","BatchSizeIncrement":256,"time":"2023-03-19T16:45:05Z","message":"Config"}
{"level":"debug","Orderer":"Pbft","time":"2023-03-19T16:45:05Z","message":"Config"}
{"level":"debug","Manager":"Mir","time":"2023-03-19T16:45:05Z","message":"Config"}
{"level":"debug","Failures":0,"time":"2023-03-19T16:45:05Z","message":"Config"}
{"level":"debug","StragglerCnt":0,"time":"2023-03-19T16:45:05Z","message":"Config"}
{"level":"debug","CrashTiming":"Straggler","time":"2023-03-19T16:45:05Z","message":"Config"}
{"level":"debug","CheckpointInterval":256,"time":"2023-03-19T16:45:05Z","message":"Config"}
{"level":"debug","WatermarkWindowSize":256,"time":"2023-03-19T16:45:05Z","message":"Config"}
{"level":"debug","EpochLength":256,"time":"2023-03-19T16:45:05Z","message":"Config"}
{"level":"debug","SegmentLength":16,"time":"2023-03-19T16:45:05Z","message":"Config"}
{"level":"debug","WaitForCheckpoints":true,"time":"2023-03-19T16:45:05Z","message":"Config"}
{"level":"debug","ClientWatermarkWindowSize":16384,"time":"2023-03-19T16:45:05Z","message":"Config"}
{"level":"debug","ClientRequestBacklogSize":16384,"time":"2023-03-19T16:45:05Z","message":"Config"}
{"level":"debug","RandomSeed":27041,"time":"2023-03-19T16:45:05Z","message":"Config"}
{"level":"debug","NodeToLeaderRatio":1,"time":"2023-03-19T16:45:05Z","message":"Config"}
{"level":"debug","LeaderPolicy":"Simple","time":"2023-03-19T16:45:05Z","message":"Config"}
{"level":"debug","DefaultLeaderBan":2,"time":"2023-03-19T16:45:05Z","message":"Config"}
{"level":"debug","NumBuckets":256,"time":"2023-03-19T16:45:05Z","message":"Config"}
{"level":"debug","BatchSize":1000,"time":"2023-03-19T16:45:05Z","message":"Config"}
{"level":"debug","DisabledViewChange":false,"time":"2023-03-19T16:45:05Z","message":"Config"}
{"level":"debug","ViewChangeTimeout":60000,"time":"2023-03-19T16:45:05Z","message":"Config"}
{"level":"debug","ClientTraceSampling":10,"time":"2023-03-19T16:45:05Z","message":"Config"}
{"level":"debug","EventBufferSize":2097152,"time":"2023-03-19T16:45:05Z","message":"Config"}
{"level":"debug","TraceSampling":1,"time":"2023-03-19T16:45:05Z","message":"Config"}
{"level":"debug","ClientsPerProcess":8,"time":"2023-03-19T16:45:05Z","message":"Config"}
{"level":"debug","RequestsPerClient":15234,"time":"2023-03-19T16:45:05Z","message":"Config"}
{"level":"debug","ClientRunTime":15000,"time":"2023-03-19T16:45:05Z","message":"Config"}
{"level":"debug","RequestRate":507,"time":"2023-03-19T16:45:05Z","message":"Config"}
{"level":"debug","HardRequestRateLimit":false,"time":"2023-03-19T16:45:05Z","message":"Config"}
{"level":"debug","RequestPayloadSize":500,"time":"2023-03-19T16:45:05Z","message":"Config"}
{"level":"debug","SignRequests":true,"time":"2023-03-19T16:45:05Z","message":"Config"}
{"level":"debug","ClientPrivKeyFile":"tls-data/client-ecdsa-256.key","time":"2023-03-19T16:45:05Z","message":"Config"}
{"level":"debug","ClientPubKeyFile":"tls-data/client-ecdsa-256.pem","time":"2023-03-19T16:45:05Z","message":"Config"}
{"level":"debug","PrecomputeRequests":false,"time":"2023-03-19T16:45:05Z","message":"Config"}
{"level":"debug","RequestHandlerThreads":32,"time":"2023-03-19T16:45:05Z","message":"Config"}
{"level":"debug","RequestInputChannelBuffer":8192,"time":"2023-03-19T16:45:05Z","message":"Config"}
{"level":"debug","BatchVerifier":"external","time":"2023-03-19T16:45:05Z","message":"Config"}
16:45:05.697 INF Started Profiler: CPU
16:45:05.697 INF Started Profiler: BLOCK
16:45:05.697 INF Started Profiler: MUTEX
16:45:05.697 INF Starting clients. numClients=8 numRequests=15234
16:45:05.697 INF Initilizing clients.
16:45:06.262 INF Registared with discovery server. numOrderers=16 ownClientId=194
16:45:06.262 INF Registared with discovery server. numOrderers=16 ownClientId=202
16:45:06.262 INF Registared with discovery server. numOrderers=16 ownClientId=196
16:45:06.263 INF Registared with discovery server. numOrderers=16 ownClientId=200
16:45:06.264 INF Registared with discovery server. numOrderers=16 ownClientId=215
16:45:06.264 INF Registared with discovery server. numOrderers=16 ownClientId=216
16:45:06.267 INF Registared with discovery server. numOrderers=16 ownClientId=247
16:45:06.267 INF Registared with discovery server. numOrderers=16 ownClientId=254
16:45:06.267 INF Clients initialized.
16:45:06.267 INF Launching clients.
16:45:06.267 INF Waiting for clients.
16:45:24.701 INF Stopping Tracer. events=3657 fileName=experiment-output/0009/slave-032/client-202.trc
zerolog: could not write event: write experiment-output/0009/slave-032/client-202.log: file already closed
zerolog: could not write event: write experiment-output/0009/slave-032/client-202.log: file already closed
zerolog: could not write event: write experiment-output/0009/slave-032/client-202.log: file already closed
zerolog: could not write event: write experiment-output/0009/slave-032/client-202.log: file already closed
16:45:24.707 INF Trace data written.
16:45:24.716 INF Stopping Tracer. events=3792 fileName=experiment-output/0009/slave-032/client-247.trc
zerolog: could not write event: write experiment-output/0009/slave-032/client-247.log: file already closed
zerolog: could not write event: write experiment-output/0009/slave-032/client-247.log: file already closed
zerolog: could not write event: write experiment-output/0009/slave-032/client-247.log: file already closed
zerolog: could not write event: write experiment-output/0009/slave-032/client-247.log: file already closed
16:45:24.718 INF Stopping Tracer. events=3744 fileName=experiment-output/0009/slave-032/client-216.trc
zerolog: could not write event: write experiment-output/0009/slave-032/client-216.log: file already closed
zerolog: could not write event: write experiment-output/0009/slave-032/client-216.log: file already closed
zerolog: could not write event: write experiment-output/0009/slave-032/client-216.log: file already closed
zerolog: could not write event: write experiment-output/0009/slave-032/client-216.log: file already closed
16:45:24.723 INF Trace data written.
16:45:24.725 INF Trace data written.
16:45:24.729 INF Stopping Tracer. events=3814 fileName=experiment-output/0009/slave-032/client-254.trc
16:45:24.729 INF Stopping Tracer. events=3871 fileName=experiment-output/0009/slave-032/client-194.trc
16:45:24.730 INF Stopping Tracer. events=3812 fileName=experiment-output/0009/slave-032/client-215.trc
16:45:24.730 INF Stopping Tracer. events=3735 fileName=experiment-output/0009/slave-032/client-200.trc
16:45:24.730 INF Stopping Tracer. events=3814 fileName=experiment-output/0009/slave-032/client-196.trc
zerolog: could not write event: write experiment-output/0009/slave-032/client-254.log: file already closed
zerolog: could not write event: write experiment-output/0009/slave-032/client-215.log: file already closed
zerolog: could not write event: write experiment-output/0009/slave-032/client-254.log: file already closed
zerolog: could not write event: write experiment-output/0009/slave-032/client-215.log: file already closed
zerolog: could not write event: write experiment-output/0009/slave-032/client-215.log: file already closed
zerolog: could not write event: write experiment-output/0009/slave-032/client-194.log: file already closed
zerolog: could not write event: write experiment-output/0009/slave-032/client-254.log: file already closed
zerolog: could not write event: write experiment-output/0009/slave-032/client-200.log: file already closed
zerolog: could not write event: write experiment-output/0009/slave-032/client-200.log: file already closed
zerolog: could not write event: write experiment-output/0009/slave-032/client-200.log: file already closed
zerolog: could not write event: write experiment-output/0009/slave-032/client-194.log: file already closed
zerolog: could not write event: write experiment-output/0009/slave-032/client-215.log: file already closed
zerolog: could not write event: write experiment-output/0009/slave-032/client-254.log: file already closed
zerolog: could not write event: write experiment-output/0009/slave-032/client-194.log: file already closed
zerolog: could not write event: write experiment-output/0009/slave-032/client-196.log: file already closed
zerolog: could not write event: write experiment-output/0009/slave-032/client-200.log: file already closed
zerolog: could not write event: write experiment-output/0009/slave-032/client-194.log: file already closed
zerolog: could not write event: write experiment-output/0009/slave-032/client-196.log: file already closed
zerolog: could not write event: write experiment-output/0009/slave-032/client-196.log: file already closed
zerolog: could not write event: write experiment-output/0009/slave-032/client-196.log: file already closed
16:45:24.736 INF Trace data written.
16:45:24.736 INF Trace data written.
16:45:24.737 INF Trace data written.
16:45:24.739 INF Trace data written.
16:45:24.739 INF Trace data written.
16:45:24.739 INF Done.
16:45:24.739 INF Stopping profiler.
zerolog: could not write event: write experiment-output/0009/slave-032/client-202.log: file already closed
zerolog: could not write event: write experiment-output/0009/slave-032/client-202.log: file already closed
zerolog: could not write event: write experiment-output/0009/slave-032/client-202.log: file already closed
zerolog: could not write event: write experiment-output/0009/slave-032/client-202.log: file already closed
zerolog: could not write event: write experiment-output/0009/slave-032/client-247.log: file already closed
zerolog: could not write event: write experiment-output/0009/slave-032/client-216.log: file already closed
zerolog: could not write event: write experiment-output/0009/slave-032/client-216.log: file already closed
zerolog: could not write event: write experiment-output/0009/slave-032/client-254.log: file already closed
zerolog: could not write event: write experiment-output/0009/slave-032/client-194.log: file already closed
zerolog: could not write event: write experiment-output/0009/slave-032/client-194.log: file already closed
zerolog: could not write event: write experiment-output/0009/slave-032/client-247.log: file already closed
zerolog: could not write event: write experiment-output/0009/slave-032/client-254.log: file already closed
zerolog: could not write event: write experiment-output/0009/slave-032/client-215.log: file already closed
zerolog: could not write event: write experiment-output/0009/slave-032/client-194.log: file already closed
zerolog: could not write event: write experiment-output/0009/slave-032/client-200.log: file already closed
zerolog: could not write event: write experiment-output/0009/slave-032/client-196.log: file already closed
zerolog: could not write event: write experiment-output/0009/slave-032/client-247.log: file already closed
zerolog: could not write event: write experiment-output/0009/slave-032/client-247.log: file already closed
zerolog: could not write event: write experiment-output/0009/slave-032/client-216.log: file already closed
zerolog: could not write event: write experiment-output/0009/slave-032/client-215.log: file already closed
zerolog: could not write event: write experiment-output/0009/slave-032/client-200.log: file already closed
zerolog: could not write event: write experiment-output/0009/slave-032/client-216.log: file already closed
zerolog: could not write event: write experiment-output/0009/slave-032/client-196.log: file already closed
zerolog: could not write event: write experiment-output/0009/slave-032/client-196.log: file already closed
zerolog: could not write event: write experiment-output/0009/slave-032/client-215.log: file already closed
zerolog: could not write event: write experiment-output/0009/slave-032/client-215.log: file already closed
zerolog: could not write event: write experiment-output/0009/slave-032/client-194.log: file already closed
zerolog: could not write event: write experiment-output/0009/slave-032/client-254.log: file already closed
zerolog: could not write event: write experiment-output/0009/slave-032/client-196.log: file already closed
zerolog: could not write event: write experiment-output/0009/slave-032/client-254.log: file already closed
zerolog: could not write event: write experiment-output/0009/slave-032/client-200.log: file already closed
zerolog: could not write event: write experiment-output/0009/slave-032/client-200.log: file already closed
zerolog: could not write event: write experiment-output/0009/slave-032/client-202.log: file already closed
zerolog: could not write event: write experiment-output/0009/slave-032/client-202.log: file already closed
zerolog: could not write event: write experiment-output/0009/slave-032/client-202.log: file already closed
zerolog: could not write event: write experiment-output/0009/slave-032/client-202.log: file already closed
zerolog: could not write event: write experiment-output/0009/slave-032/client-247.log: file already closed
zerolog: could not write event: write experiment-output/0009/slave-032/client-247.log: file already closed
zerolog: could not write event: write experiment-output/0009/slave-032/client-247.log: file already closed
zerolog: could not write event: write experiment-output/0009/slave-032/client-247.log: file already closed
zerolog: could not write event: write experiment-output/0009/slave-032/client-216.log: file already closed
zerolog: could not write event: write experiment-output/0009/slave-032/client-216.log: file already closed
zerolog: could not write event: write experiment-output/0009/slave-032/client-216.log: file already closed
zerolog: could not write event: write experiment-output/0009/slave-032/client-216.log: file already closed
16:45:24.913 INF Profile data written. filename=experiment-output/0009/slave-032/prof-client.cpu name=cpu
zerolog: could not write event: write experiment-output/0009/slave-032/client-194.log: file already closed
zerolog: could not write event: write experiment-output/0009/slave-032/client-194.log: file already closed
zerolog: could not write event: write experiment-output/0009/slave-032/client-254.log: file already closed
zerolog: could not write event: write experiment-output/0009/slave-032/client-215.log: file already closed
zerolog: could not write event: write experiment-output/0009/slave-032/client-254.log: file already closed
zerolog: could not write event: write experiment-output/0009/slave-032/client-254.log: file already closed
zerolog: could not write event: write experiment-output/0009/slave-032/client-200.log: file already closed
zerolog: could not write event: write experiment-output/0009/slave-032/client-200.log: file already closed
zerolog: could not write event: write experiment-output/0009/slave-032/client-196.log: file already closed
zerolog: could not write event: write experiment-output/0009/slave-032/client-200.log: file already closed
zerolog: could not write event: write experiment-output/0009/slave-032/client-200.log: file already closed
zerolog: could not write event: write experiment-output/0009/slave-032/client-194.log: file already closed
zerolog: could not write event: write experiment-output/0009/slave-032/client-215.log: file already closed
zerolog: could not write event: write experiment-output/0009/slave-032/client-215.log: file already closed
zerolog: could not write event: write experiment-output/0009/slave-032/client-196.log: file already closed
zerolog: could not write event: write experiment-output/0009/slave-032/client-196.log: file already closed
zerolog: could not write event: write experiment-output/0009/slave-032/client-215.log: file already closed
zerolog: could not write event: write experiment-output/0009/slave-032/client-254.log: file already closed
zerolog: could not write event: write experiment-output/0009/slave-032/client-194.log: file already closed
zerolog: could not write event: write experiment-output/0009/slave-032/client-196.log: file already closed
16:45:24.929 INF Profile data written. filename=experiment-output/0009/slave-032/prof-client.block name=block
16:45:24.935 INF Profile data written. filename=experiment-output/0009/slave-032/prof-client.mutex name=mutex
