{"level":"debug","Logging":"info","time":"2023-03-25T07:13:21Z","message":"Config"}
{"level":"debug","UseTLS":false,"time":"2023-03-25T07:13:21Z","message":"Config"}
{"level":"debug","CACertFile":"tls-data/ca.pem","time":"2023-03-25T07:13:21Z","message":"Config"}
{"level":"debug","KeyFile":"tls-data/auth.key","time":"2023-03-25T07:13:21Z","message":"Config"}
{"level":"debug","CertFile":"tls-data/auth.pem","time":"2023-03-25T07:13:21Z","message":"Config"}
{"level":"debug","PriorityConnections":2,"time":"2023-03-25T07:13:21Z","message":"Config"}
{"level":"debug","BasicConnections":1,"time":"2023-03-25T07:13:21Z","message":"Config"}
{"level":"debug","TestConnections":false,"time":"2023-03-25T07:13:21Z","message":"Config"}
{"level":"debug","ExcessConnections":1,"time":"2023-03-25T07:13:21Z","message":"Config"}
{"level":"debug","ConnectionTestMsgs":4,"time":"2023-03-25T07:13:21Z","message":"Config"}
{"level":"debug","ConnectionTestPayload":131072,"time":"2023-03-25T07:13:21Z","message":"Config"}
{"level":"debug","OutMessageBufsize":1024,"time":"2023-03-25T07:13:21Z","message":"Config"}
{"level":"debug","OutMessageBufsize":4,"time":"2023-03-25T07:13:21Z","message":"Config"}
{"level":"debug","ThroughputCap":131072000,"time":"2023-03-25T07:13:21Z","message":"Config"}
{"level":"debug","StragglerTolerance":1000,"time":"2023-03-25T07:13:21Z","message":"Config"}
{"level":"debug","BatchSizeIncrement":256,"time":"2023-03-25T07:13:21Z","message":"Config"}
{"level":"debug","Orderer":"Pbft","time":"2023-03-25T07:13:21Z","message":"Config"}
{"level":"debug","Manager":"Mir","time":"2023-03-25T07:13:21Z","message":"Config"}
{"level":"debug","Failures":0,"time":"2023-03-25T07:13:21Z","message":"Config"}
{"level":"debug","StragglerCnt":0,"time":"2023-03-25T07:13:21Z","message":"Config"}
{"level":"debug","PrivKeyCnt":10,"time":"2023-03-25T07:13:21Z","message":"Config"}
{"level":"debug","UseSig":false,"time":"2023-03-25T07:13:21Z","message":"Config"}
{"level":"debug","CrashTiming":"Straggler","time":"2023-03-25T07:13:21Z","message":"Config"}
{"level":"debug","CheckpointInterval":512,"time":"2023-03-25T07:13:21Z","message":"Config"}
{"level":"debug","WatermarkWindowSize":512,"time":"2023-03-25T07:13:21Z","message":"Config"}
{"level":"debug","EpochLength":512,"time":"2023-03-25T07:13:21Z","message":"Config"}
{"level":"debug","SegmentLength":32,"time":"2023-03-25T07:13:21Z","message":"Config"}
{"level":"debug","WaitForCheckpoints":true,"time":"2023-03-25T07:13:21Z","message":"Config"}
{"level":"debug","ClientWatermarkWindowSize":16384,"time":"2023-03-25T07:13:21Z","message":"Config"}
{"level":"debug","ClientRequestBacklogSize":16384,"time":"2023-03-25T07:13:21Z","message":"Config"}
{"level":"debug","RandomSeed":16331,"time":"2023-03-25T07:13:21Z","message":"Config"}
{"level":"debug","NodeToLeaderRatio":1,"time":"2023-03-25T07:13:21Z","message":"Config"}
{"level":"debug","LeaderPolicy":"Simple","time":"2023-03-25T07:13:21Z","message":"Config"}
{"level":"debug","DefaultLeaderBan":2,"time":"2023-03-25T07:13:21Z","message":"Config"}
{"level":"debug","NumBuckets":256,"time":"2023-03-25T07:13:21Z","message":"Config"}
{"level":"debug","BatchSize":2500,"time":"2023-03-25T07:13:21Z","message":"Config"}
{"level":"debug","DisabledViewChange":false,"time":"2023-03-25T07:13:21Z","message":"Config"}
{"level":"debug","ViewChangeTimeout":60000,"time":"2023-03-25T07:13:21Z","message":"Config"}
{"level":"debug","ClientTraceSampling":10,"time":"2023-03-25T07:13:21Z","message":"Config"}
{"level":"debug","EventBufferSize":2097152,"time":"2023-03-25T07:13:21Z","message":"Config"}
{"level":"debug","TraceSampling":1,"time":"2023-03-25T07:13:21Z","message":"Config"}
{"level":"debug","ClientsPerProcess":8,"time":"2023-03-25T07:13:21Z","message":"Config"}
{"level":"debug","RequestsPerClient":7031,"time":"2023-03-25T07:13:21Z","message":"Config"}
{"level":"debug","ClientRunTime":15000,"time":"2023-03-25T07:13:21Z","message":"Config"}
{"level":"debug","RequestRate":234,"time":"2023-03-25T07:13:21Z","message":"Config"}
{"level":"debug","HardRequestRateLimit":false,"time":"2023-03-25T07:13:21Z","message":"Config"}
{"level":"debug","RequestPayloadSize":500,"time":"2023-03-25T07:13:21Z","message":"Config"}
{"level":"debug","SignRequests":true,"time":"2023-03-25T07:13:21Z","message":"Config"}
{"level":"debug","ClientPrivKeyFile":"tls-data/client-ecdsa-256.key","time":"2023-03-25T07:13:21Z","message":"Config"}
{"level":"debug","ClientPubKeyFile":"tls-data/client-ecdsa-256.pem","time":"2023-03-25T07:13:21Z","message":"Config"}
{"level":"debug","PrecomputeRequests":false,"time":"2023-03-25T07:13:21Z","message":"Config"}
{"level":"debug","RequestHandlerThreads":32,"time":"2023-03-25T07:13:21Z","message":"Config"}
{"level":"debug","RequestInputChannelBuffer":8192,"time":"2023-03-25T07:13:21Z","message":"Config"}
{"level":"debug","BatchVerifier":"external","time":"2023-03-25T07:13:21Z","message":"Config"}
07:13:21.500 INF Started Profiler: CPU
07:13:21.500 INF Started Profiler: BLOCK
07:13:21.500 INF Started Profiler: MUTEX
07:13:21.500 INF Starting clients. numClients=8 numRequests=7031
07:13:21.500 INF Initilizing clients.
07:13:21.781 INF Registared with discovery server. numOrderers=16 ownClientId=103
07:13:21.781 INF Registared with discovery server. numOrderers=16 ownClientId=109
07:13:21.781 INF Registared with discovery server. numOrderers=16 ownClientId=101
07:13:21.781 INF Registared with discovery server. numOrderers=16 ownClientId=106
07:13:21.781 INF Registared with discovery server. numOrderers=16 ownClientId=98
07:13:21.781 INF Registared with discovery server. numOrderers=16 ownClientId=104
07:13:21.781 INF Registared with discovery server. numOrderers=16 ownClientId=116
07:13:21.781 INF Registared with discovery server. numOrderers=16 ownClientId=102
07:13:21.781 INF Clients initialized.
07:13:21.781 INF Launching clients.
07:13:21.781 INF Waiting for clients.
07:14:30.210 INF Stopping Tracer. events=1442 fileName=experiment-output/0003/slave-011/client-109.trc
zerolog: could not write event: write experiment-output/0003/slave-011/client-109.log: file already closed
zerolog: could not write event: write experiment-output/0003/slave-011/client-109.log: file already closed
zerolog: could not write event: write experiment-output/0003/slave-011/client-109.log: file already closed
zerolog: could not write event: write experiment-output/0003/slave-011/client-109.log: file already closed
07:14:30.212 INF Trace data written.
07:14:30.216 INF Stopping Tracer. events=2094 fileName=experiment-output/0003/slave-011/client-116.trc
07:14:30.216 INF Stopping Tracer. events=1428 fileName=experiment-output/0003/slave-011/client-103.trc
zerolog: could not write event: write experiment-output/0003/slave-011/client-116.log: file already closed
zerolog: could not write event: write experiment-output/0003/slave-011/client-103.log: file already closed
zerolog: could not write event: write experiment-output/0003/slave-011/client-103.log: file already closed
zerolog: could not write event: write experiment-output/0003/slave-011/client-116.log: file already closed
zerolog: could not write event: write experiment-output/0003/slave-011/client-103.log: file already closed
zerolog: could not write event: write experiment-output/0003/slave-011/client-116.log: file already closed
zerolog: could not write event: write experiment-output/0003/slave-011/client-103.log: file already closed
zerolog: could not write event: write experiment-output/0003/slave-011/client-116.log: file already closed
07:14:30.217 INF Stopping Tracer. events=1417 fileName=experiment-output/0003/slave-011/client-101.trc
zerolog: could not write event: write experiment-output/0003/slave-011/client-101.log: file already closed
zerolog: could not write event: write experiment-output/0003/slave-011/client-101.log: file already closed
zerolog: could not write event: write experiment-output/0003/slave-011/client-101.log: file already closed
zerolog: could not write event: write experiment-output/0003/slave-011/client-101.log: file already closed
07:14:30.219 INF Trace data written.
07:14:30.219 INF Trace data written.
07:14:30.220 INF Trace data written.
07:14:30.222 INF Stopping Tracer. events=2086 fileName=experiment-output/0003/slave-011/client-106.trc
07:14:30.222 INF Stopping Tracer. events=2111 fileName=experiment-output/0003/slave-011/client-102.trc
zerolog: could not write event: write experiment-output/0003/slave-011/client-106.log: file already closed
zerolog: could not write event: write experiment-output/0003/slave-011/client-106.log: file already closed
zerolog: could not write event: write experiment-output/0003/slave-011/client-102.log: file already closed
zerolog: could not write event: write experiment-output/0003/slave-011/client-106.log: file already closed
zerolog: could not write event: write experiment-output/0003/slave-011/client-102.log: file already closed
zerolog: could not write event: write experiment-output/0003/slave-011/client-102.log: file already closed
zerolog: could not write event: write experiment-output/0003/slave-011/client-106.log: file already closed
zerolog: could not write event: write experiment-output/0003/slave-011/client-102.log: file already closed
07:14:30.224 INF Stopping Tracer. events=2092 fileName=experiment-output/0003/slave-011/client-098.trc
07:14:30.224 INF Stopping Tracer. events=2083 fileName=experiment-output/0003/slave-011/client-104.trc
zerolog: could not write event: write experiment-output/0003/slave-011/client-098.log: file already closed
zerolog: could not write event: write experiment-output/0003/slave-011/client-098.log: file already closed
zerolog: could not write event: write experiment-output/0003/slave-011/client-098.log: file already closed
zerolog: could not write event: write experiment-output/0003/slave-011/client-104.log: file already closed
zerolog: could not write event: write experiment-output/0003/slave-011/client-104.log: file already closed
zerolog: could not write event: write experiment-output/0003/slave-011/client-104.log: file already closed
zerolog: could not write event: write experiment-output/0003/slave-011/client-104.log: file already closed
zerolog: could not write event: write experiment-output/0003/slave-011/client-098.log: file already closed
07:14:30.227 INF Trace data written.
07:14:30.227 INF Trace data written.
07:14:30.228 INF Trace data written.
07:14:30.228 INF Trace data written.
07:14:30.228 INF Done.
07:14:30.228 INF Stopping profiler.
zerolog: could not write event: write experiment-output/0003/slave-011/client-109.log: file already closed
zerolog: could not write event: write experiment-output/0003/slave-011/client-109.log: file already closed
zerolog: could not write event: write experiment-output/0003/slave-011/client-109.log: file already closed
zerolog: could not write event: write experiment-output/0003/slave-011/client-109.log: file already closed
zerolog: could not write event: write experiment-output/0003/slave-011/client-103.log: file already closed
zerolog: could not write event: write experiment-output/0003/slave-011/client-116.log: file already closed
zerolog: could not write event: write experiment-output/0003/slave-011/client-103.log: file already closed
zerolog: could not write event: write experiment-output/0003/slave-011/client-101.log: file already closed
zerolog: could not write event: write experiment-output/0003/slave-011/client-103.log: file already closed
zerolog: could not write event: write experiment-output/0003/slave-011/client-101.log: file already closed
zerolog: could not write event: write experiment-output/0003/slave-011/client-103.log: file already closed
zerolog: could not write event: write experiment-output/0003/slave-011/client-116.log: file already closed
zerolog: could not write event: write experiment-output/0003/slave-011/client-101.log: file already closed
zerolog: could not write event: write experiment-output/0003/slave-011/client-101.log: file already closed
zerolog: could not write event: write experiment-output/0003/slave-011/client-116.log: file already closed
zerolog: could not write event: write experiment-output/0003/slave-011/client-116.log: file already closed
zerolog: could not write event: write experiment-output/0003/slave-011/client-102.log: file already closed
zerolog: could not write event: write experiment-output/0003/slave-011/client-106.log: file already closed
zerolog: could not write event: write experiment-output/0003/slave-011/client-102.log: file already closed
zerolog: could not write event: write experiment-output/0003/slave-011/client-106.log: file already closed
zerolog: could not write event: write experiment-output/0003/slave-011/client-102.log: file already closed
zerolog: could not write event: write experiment-output/0003/slave-011/client-106.log: file already closed
zerolog: could not write event: write experiment-output/0003/slave-011/client-102.log: file already closed
zerolog: could not write event: write experiment-output/0003/slave-011/client-106.log: file already closed
zerolog: could not write event: write experiment-output/0003/slave-011/client-098.log: file already closed
zerolog: could not write event: write experiment-output/0003/slave-011/client-098.log: file already closed
zerolog: could not write event: write experiment-output/0003/slave-011/client-104.log: file already closed
zerolog: could not write event: write experiment-output/0003/slave-011/client-098.log: file already closed
zerolog: could not write event: write experiment-output/0003/slave-011/client-104.log: file already closed
zerolog: could not write event: write experiment-output/0003/slave-011/client-098.log: file already closed
zerolog: could not write event: write experiment-output/0003/slave-011/client-104.log: file already closed
zerolog: could not write event: write experiment-output/0003/slave-011/client-104.log: file already closed
zerolog: could not write event: write experiment-output/0003/slave-011/client-109.log: file already closed
zerolog: could not write event: write experiment-output/0003/slave-011/client-109.log: file already closed
07:14:30.425 INF Profile data written. filename=experiment-output/0003/slave-011/prof-client.cpu name=cpu
zerolog: could not write event: write experiment-output/0003/slave-011/client-109.log: file already closed
zerolog: could not write event: write experiment-output/0003/slave-011/client-109.log: file already closed
zerolog: could not write event: write experiment-output/0003/slave-011/client-103.log: file already closed
zerolog: could not write event: write experiment-output/0003/slave-011/client-103.log: file already closed
zerolog: could not write event: write experiment-output/0003/slave-011/client-116.log: file already closed
zerolog: could not write event: write experiment-output/0003/slave-011/client-103.log: file already closed
zerolog: could not write event: write experiment-output/0003/slave-011/client-116.log: file already closed
zerolog: could not write event: write experiment-output/0003/slave-011/client-101.log: file already closed
zerolog: could not write event: write experiment-output/0003/slave-011/client-101.log: file already closed
zerolog: could not write event: write experiment-output/0003/slave-011/client-103.log: file already closed
zerolog: could not write event: write experiment-output/0003/slave-011/client-101.log: file already closed
zerolog: could not write event: write experiment-output/0003/slave-011/client-116.log: file already closed
zerolog: could not write event: write experiment-output/0003/slave-011/client-101.log: file already closed
zerolog: could not write event: write experiment-output/0003/slave-011/client-116.log: file already closed
zerolog: could not write event: write experiment-output/0003/slave-011/client-106.log: file already closed
zerolog: could not write event: write experiment-output/0003/slave-011/client-106.log: file already closed
zerolog: could not write event: write experiment-output/0003/slave-011/client-102.log: file already closed
zerolog: could not write event: write experiment-output/0003/slave-011/client-102.log: file already closed
zerolog: could not write event: write experiment-output/0003/slave-011/client-106.log: file already closed
zerolog: could not write event: write experiment-output/0003/slave-011/client-104.log: file already closed
zerolog: could not write event: write experiment-output/0003/slave-011/client-102.log: file already closed
zerolog: could not write event: write experiment-output/0003/slave-011/client-106.log: file already closed
zerolog: could not write event: write experiment-output/0003/slave-011/client-098.log: file already closed
zerolog: could not write event: write experiment-output/0003/slave-011/client-098.log: file already closed
zerolog: could not write event: write experiment-output/0003/slave-011/client-098.log: file already closed
zerolog: could not write event: write experiment-output/0003/slave-011/client-104.log: file already closed
zerolog: could not write event: write experiment-output/0003/slave-011/client-098.log: file already closed
zerolog: could not write event: write experiment-output/0003/slave-011/client-102.log: file already closed
zerolog: could not write event: write experiment-output/0003/slave-011/client-104.log: file already closed
zerolog: could not write event: write experiment-output/0003/slave-011/client-104.log: file already closed
07:14:30.444 INF Profile data written. filename=experiment-output/0003/slave-011/prof-client.block name=block
07:14:30.451 INF Profile data written. filename=experiment-output/0003/slave-011/prof-client.mutex name=mutex
