{"level":"debug","Logging":"info","time":"2023-03-30T09:08:44Z","message":"Config"}
{"level":"debug","UseTLS":false,"time":"2023-03-30T09:08:44Z","message":"Config"}
{"level":"debug","CACertFile":"tls-data/ca.pem","time":"2023-03-30T09:08:44Z","message":"Config"}
{"level":"debug","KeyFile":"tls-data/auth.key","time":"2023-03-30T09:08:44Z","message":"Config"}
{"level":"debug","CertFile":"tls-data/auth.pem","time":"2023-03-30T09:08:44Z","message":"Config"}
{"level":"debug","PriorityConnections":2,"time":"2023-03-30T09:08:44Z","message":"Config"}
{"level":"debug","BasicConnections":1,"time":"2023-03-30T09:08:44Z","message":"Config"}
{"level":"debug","TestConnections":false,"time":"2023-03-30T09:08:44Z","message":"Config"}
{"level":"debug","ExcessConnections":1,"time":"2023-03-30T09:08:44Z","message":"Config"}
{"level":"debug","ConnectionTestMsgs":4,"time":"2023-03-30T09:08:44Z","message":"Config"}
{"level":"debug","ConnectionTestPayload":131072,"time":"2023-03-30T09:08:44Z","message":"Config"}
{"level":"debug","OutMessageBufsize":1024,"time":"2023-03-30T09:08:44Z","message":"Config"}
{"level":"debug","OutMessageBufsize":4,"time":"2023-03-30T09:08:44Z","message":"Config"}
{"level":"debug","ThroughputCap":131072000,"time":"2023-03-30T09:08:44Z","message":"Config"}
{"level":"debug","StragglerTolerance":1000,"time":"2023-03-30T09:08:44Z","message":"Config"}
{"level":"debug","BatchSizeIncrement":256,"time":"2023-03-30T09:08:44Z","message":"Config"}
{"level":"debug","Orderer":"Pbft","time":"2023-03-30T09:08:44Z","message":"Config"}
{"level":"debug","Manager":"Mir","time":"2023-03-30T09:08:44Z","message":"Config"}
{"level":"debug","Failures":0,"time":"2023-03-30T09:08:44Z","message":"Config"}
{"level":"debug","StragglerCnt":1,"time":"2023-03-30T09:08:44Z","message":"Config"}
{"level":"debug","CrashTiming":"Straggler","time":"2023-03-30T09:08:44Z","message":"Config"}
{"level":"debug","CheckpointInterval":512,"time":"2023-03-30T09:08:44Z","message":"Config"}
{"level":"debug","WatermarkWindowSize":512,"time":"2023-03-30T09:08:44Z","message":"Config"}
{"level":"debug","EpochLength":512,"time":"2023-03-30T09:08:44Z","message":"Config"}
{"level":"debug","SegmentLength":32,"time":"2023-03-30T09:08:44Z","message":"Config"}
{"level":"debug","WaitForCheckpoints":true,"time":"2023-03-30T09:08:44Z","message":"Config"}
{"level":"debug","ClientWatermarkWindowSize":16384,"time":"2023-03-30T09:08:44Z","message":"Config"}
{"level":"debug","ClientRequestBacklogSize":16384,"time":"2023-03-30T09:08:44Z","message":"Config"}
{"level":"debug","RandomSeed":14574,"time":"2023-03-30T09:08:44Z","message":"Config"}
{"level":"debug","NodeToLeaderRatio":1,"time":"2023-03-30T09:08:44Z","message":"Config"}
{"level":"debug","LeaderPolicy":"Simple","time":"2023-03-30T09:08:44Z","message":"Config"}
{"level":"debug","DefaultLeaderBan":2,"time":"2023-03-30T09:08:44Z","message":"Config"}
{"level":"debug","NumBuckets":256,"time":"2023-03-30T09:08:44Z","message":"Config"}
{"level":"debug","BatchSize":1000,"time":"2023-03-30T09:08:44Z","message":"Config"}
{"level":"debug","DisabledViewChange":false,"time":"2023-03-30T09:08:44Z","message":"Config"}
{"level":"debug","ViewChangeTimeout":60000,"time":"2023-03-30T09:08:44Z","message":"Config"}
{"level":"debug","ClientTraceSampling":10,"time":"2023-03-30T09:08:44Z","message":"Config"}
{"level":"debug","EventBufferSize":2097152,"time":"2023-03-30T09:08:44Z","message":"Config"}
{"level":"debug","TraceSampling":1,"time":"2023-03-30T09:08:44Z","message":"Config"}
{"level":"debug","ClientsPerProcess":8,"time":"2023-03-30T09:08:44Z","message":"Config"}
{"level":"debug","RequestsPerClient":5859,"time":"2023-03-30T09:08:44Z","message":"Config"}
{"level":"debug","ClientRunTime":15000,"time":"2023-03-30T09:08:44Z","message":"Config"}
{"level":"debug","RequestRate":195,"time":"2023-03-30T09:08:44Z","message":"Config"}
{"level":"debug","HardRequestRateLimit":false,"time":"2023-03-30T09:08:44Z","message":"Config"}
{"level":"debug","RequestPayloadSize":500,"time":"2023-03-30T09:08:44Z","message":"Config"}
{"level":"debug","SignRequests":true,"time":"2023-03-30T09:08:44Z","message":"Config"}
{"level":"debug","ClientPrivKeyFile":"tls-data/client-ecdsa-256.key","time":"2023-03-30T09:08:44Z","message":"Config"}
{"level":"debug","ClientPubKeyFile":"tls-data/client-ecdsa-256.pem","time":"2023-03-30T09:08:44Z","message":"Config"}
{"level":"debug","PrecomputeRequests":false,"time":"2023-03-30T09:08:44Z","message":"Config"}
{"level":"debug","RequestHandlerThreads":32,"time":"2023-03-30T09:08:44Z","message":"Config"}
{"level":"debug","RequestInputChannelBuffer":8192,"time":"2023-03-30T09:08:44Z","message":"Config"}
{"level":"debug","BatchVerifier":"external","time":"2023-03-30T09:08:44Z","message":"Config"}
09:08:44.164 INF Started Profiler: CPU
09:08:44.164 INF Started Profiler: BLOCK
09:08:44.164 INF Started Profiler: MUTEX
09:08:44.164 INF Starting clients. numClients=8 numRequests=5859
09:08:44.164 INF Initilizing clients.
09:08:44.727 INF Registared with discovery server. numOrderers=16 ownClientId=204
09:08:44.728 INF Registared with discovery server. numOrderers=16 ownClientId=226
09:08:44.729 INF Registared with discovery server. numOrderers=16 ownClientId=235
09:08:44.729 INF Registared with discovery server. numOrderers=16 ownClientId=241
09:08:44.729 INF Registared with discovery server. numOrderers=16 ownClientId=245
09:08:44.729 INF Registared with discovery server. numOrderers=16 ownClientId=244
09:08:44.729 INF Registared with discovery server. numOrderers=16 ownClientId=247
09:08:44.729 INF Registared with discovery server. numOrderers=16 ownClientId=246
09:08:44.730 INF Clients initialized.
09:08:44.730 INF Launching clients.
09:08:44.730 INF Waiting for clients.
09:16:15.464 INF Stopping Tracer. events=1909 fileName=experiment-output/0000/slave-037/client-241.trc
zerolog: could not write event: write experiment-output/0000/slave-037/client-241.log: file already closed
zerolog: could not write event: write experiment-output/0000/slave-037/client-241.log: file already closed
zerolog: could not write event: write experiment-output/0000/slave-037/client-241.log: file already closed
zerolog: could not write event: write experiment-output/0000/slave-037/client-241.log: file already closed
09:16:15.467 INF Trace data written.
09:16:15.492 INF Stopping Tracer. events=1701 fileName=experiment-output/0000/slave-037/client-245.trc
09:16:15.493 INF Stopping Tracer. events=1716 fileName=experiment-output/0000/slave-037/client-235.trc
09:16:15.493 INF Stopping Tracer. events=1173 fileName=experiment-output/0000/slave-037/client-246.trc
zerolog: could not write event: write experiment-output/0000/slave-037/client-245.log: file already closed
zerolog: could not write event: write experiment-output/0000/slave-037/client-245.log: file already closed
zerolog: could not write event: write experiment-output/0000/slave-037/client-245.log: file already closed
zerolog: could not write event: write experiment-output/0000/slave-037/client-235.log: file already closed
zerolog: could not write event: write experiment-output/0000/slave-037/client-235.log: file already closed
zerolog: could not write event: write experiment-output/0000/slave-037/client-246.log: file already closed
zerolog: could not write event: write experiment-output/0000/slave-037/client-245.log: file already closed
zerolog: could not write event: write experiment-output/0000/slave-037/client-235.log: file already closed
zerolog: could not write event: write experiment-output/0000/slave-037/client-246.log: file already closed
zerolog: could not write event: write experiment-output/0000/slave-037/client-246.log: file already closed
zerolog: could not write event: write experiment-output/0000/slave-037/client-246.log: file already closed
zerolog: could not write event: write experiment-output/0000/slave-037/client-235.log: file already closed
09:16:15.495 INF Trace data written.
09:16:15.496 INF Trace data written.
09:16:15.496 INF Trace data written.
09:16:15.497 INF Stopping Tracer. events=1173 fileName=experiment-output/0000/slave-037/client-226.trc
09:16:15.497 INF Stopping Tracer. events=1173 fileName=experiment-output/0000/slave-037/client-244.trc
09:16:15.497 INF Stopping Tracer. events=1791 fileName=experiment-output/0000/slave-037/client-247.trc
zerolog: could not write event: write experiment-output/0000/slave-037/client-226.log: file already closed
zerolog: could not write event: write experiment-output/0000/slave-037/client-244.log: file already closed
zerolog: could not write event: write experiment-output/0000/slave-037/client-244.log: file already closed
zerolog: could not write event: write experiment-output/0000/slave-037/client-226.log: file already closed
zerolog: could not write event: write experiment-output/0000/slave-037/client-226.log: file already closed
zerolog: could not write event: write experiment-output/0000/slave-037/client-247.log: file already closed
zerolog: could not write event: write experiment-output/0000/slave-037/client-244.log: file already closed
zerolog: could not write event: write experiment-output/0000/slave-037/client-226.log: file already closed
zerolog: could not write event: write experiment-output/0000/slave-037/client-247.log: file already closed
zerolog: could not write event: write experiment-output/0000/slave-037/client-244.log: file already closed
zerolog: could not write event: write experiment-output/0000/slave-037/client-247.log: file already closed
zerolog: could not write event: write experiment-output/0000/slave-037/client-247.log: file already closed
09:16:15.499 INF Trace data written.
09:16:15.499 INF Trace data written.
09:16:15.500 INF Trace data written.
09:16:15.504 INF Stopping Tracer. events=1173 fileName=experiment-output/0000/slave-037/client-204.trc
zerolog: could not write event: write experiment-output/0000/slave-037/client-204.log: file already closed
zerolog: could not write event: write experiment-output/0000/slave-037/client-204.log: file already closed
zerolog: could not write event: write experiment-output/0000/slave-037/client-204.log: file already closed
zerolog: could not write event: write experiment-output/0000/slave-037/client-204.log: file already closed
09:16:15.506 INF Trace data written.
09:16:15.506 INF Done.
09:16:15.506 INF Stopping profiler.
zerolog: could not write event: write experiment-output/0000/slave-037/client-241.log: file already closed
zerolog: could not write event: write experiment-output/0000/slave-037/client-241.log: file already closed
zerolog: could not write event: write experiment-output/0000/slave-037/client-241.log: file already closed
zerolog: could not write event: write experiment-output/0000/slave-037/client-241.log: file already closed
zerolog: could not write event: write experiment-output/0000/slave-037/client-245.log: file already closed
zerolog: could not write event: write experiment-output/0000/slave-037/client-245.log: file already closed
zerolog: could not write event: write experiment-output/0000/slave-037/client-235.log: file already closed
zerolog: could not write event: write experiment-output/0000/slave-037/client-246.log: file already closed
zerolog: could not write event: write experiment-output/0000/slave-037/client-235.log: file already closed
zerolog: could not write event: write experiment-output/0000/slave-037/client-246.log: file already closed
zerolog: could not write event: write experiment-output/0000/slave-037/client-226.log: file already closed
zerolog: could not write event: write experiment-output/0000/slave-037/client-226.log: file already closed
zerolog: could not write event: write experiment-output/0000/slave-037/client-244.log: file already closed
zerolog: could not write event: write experiment-output/0000/slave-037/client-247.log: file already closed
zerolog: could not write event: write experiment-output/0000/slave-037/client-247.log: file already closed
zerolog: could not write event: write experiment-output/0000/slave-037/client-226.log: file already closed
zerolog: could not write event: write experiment-output/0000/slave-037/client-245.log: file already closed
zerolog: could not write event: write experiment-output/0000/slave-037/client-245.log: file already closed
zerolog: could not write event: write experiment-output/0000/slave-037/client-204.log: file already closed
zerolog: could not write event: write experiment-output/0000/slave-037/client-204.log: file already closed
zerolog: could not write event: write experiment-output/0000/slave-037/client-235.log: file already closed
zerolog: could not write event: write experiment-output/0000/slave-037/client-246.log: file already closed
zerolog: could not write event: write experiment-output/0000/slave-037/client-246.log: file already closed
zerolog: could not write event: write experiment-output/0000/slave-037/client-235.log: file already closed
zerolog: could not write event: write experiment-output/0000/slave-037/client-247.log: file already closed
zerolog: could not write event: write experiment-output/0000/slave-037/client-247.log: file already closed
zerolog: could not write event: write experiment-output/0000/slave-037/client-226.log: file already closed
zerolog: could not write event: write experiment-output/0000/slave-037/client-244.log: file already closed
zerolog: could not write event: write experiment-output/0000/slave-037/client-244.log: file already closed
zerolog: could not write event: write experiment-output/0000/slave-037/client-244.log: file already closed
zerolog: could not write event: write experiment-output/0000/slave-037/client-204.log: file already closed
zerolog: could not write event: write experiment-output/0000/slave-037/client-204.log: file already closed
zerolog: could not write event: write experiment-output/0000/slave-037/client-241.log: file already closed
zerolog: could not write event: write experiment-output/0000/slave-037/client-241.log: file already closed
zerolog: could not write event: write experiment-output/0000/slave-037/client-241.log: file already closed
zerolog: could not write event: write experiment-output/0000/slave-037/client-241.log: file already closed
09:16:15.669 INF Profile data written. filename=experiment-output/0000/slave-037/prof-client.cpu name=cpu
zerolog: could not write event: write experiment-output/0000/slave-037/client-245.log: file already closed
zerolog: could not write event: write experiment-output/0000/slave-037/client-245.log: file already closed
zerolog: could not write event: write experiment-output/0000/slave-037/client-245.log: file already closed
zerolog: could not write event: write experiment-output/0000/slave-037/client-245.log: file already closed
zerolog: could not write event: write experiment-output/0000/slave-037/client-246.log: file already closed
zerolog: could not write event: write experiment-output/0000/slave-037/client-235.log: file already closed
zerolog: could not write event: write experiment-output/0000/slave-037/client-246.log: file already closed
zerolog: could not write event: write experiment-output/0000/slave-037/client-235.log: file already closed
zerolog: could not write event: write experiment-output/0000/slave-037/client-235.log: file already closed
zerolog: could not write event: write experiment-output/0000/slave-037/client-246.log: file already closed
zerolog: could not write event: write experiment-output/0000/slave-037/client-246.log: file already closed
zerolog: could not write event: write experiment-output/0000/slave-037/client-235.log: file already closed
zerolog: could not write event: write experiment-output/0000/slave-037/client-244.log: file already closed
zerolog: could not write event: write experiment-output/0000/slave-037/client-247.log: file already closed
zerolog: could not write event: write experiment-output/0000/slave-037/client-226.log: file already closed
zerolog: could not write event: write experiment-output/0000/slave-037/client-226.log: file already closed
zerolog: could not write event: write experiment-output/0000/slave-037/client-226.log: file already closed
zerolog: could not write event: write experiment-output/0000/slave-037/client-247.log: file already closed
zerolog: could not write event: write experiment-output/0000/slave-037/client-247.log: file already closed
zerolog: could not write event: write experiment-output/0000/slave-037/client-247.log: file already closed
zerolog: could not write event: write experiment-output/0000/slave-037/client-244.log: file already closed
zerolog: could not write event: write experiment-output/0000/slave-037/client-244.log: file already closed
zerolog: could not write event: write experiment-output/0000/slave-037/client-226.log: file already closed
zerolog: could not write event: write experiment-output/0000/slave-037/client-244.log: file already closed
09:16:15.689 INF Profile data written. filename=experiment-output/0000/slave-037/prof-client.block name=block
zerolog: could not write event: write experiment-output/0000/slave-037/client-204.log: file already closed
zerolog: could not write event: write experiment-output/0000/slave-037/client-204.log: file already closed
zerolog: could not write event: write experiment-output/0000/slave-037/client-204.log: file already closed
zerolog: could not write event: write experiment-output/0000/slave-037/client-204.log: file already closed
09:16:15.695 INF Profile data written. filename=experiment-output/0000/slave-037/prof-client.mutex name=mutex
