{"level":"debug","Logging":"info","time":"2023-07-11T07:10:10Z","message":"Config"}
{"level":"debug","UseTLS":false,"time":"2023-07-11T07:10:10Z","message":"Config"}
{"level":"debug","CACertFile":"tls-data/ca.pem","time":"2023-07-11T07:10:10Z","message":"Config"}
{"level":"debug","KeyFile":"tls-data/auth.key","time":"2023-07-11T07:10:10Z","message":"Config"}
{"level":"debug","CertFile":"tls-data/auth.pem","time":"2023-07-11T07:10:10Z","message":"Config"}
{"level":"debug","PriorityConnections":2,"time":"2023-07-11T07:10:10Z","message":"Config"}
{"level":"debug","BasicConnections":1,"time":"2023-07-11T07:10:10Z","message":"Config"}
{"level":"debug","TestConnections":false,"time":"2023-07-11T07:10:10Z","message":"Config"}
{"level":"debug","ExcessConnections":1,"time":"2023-07-11T07:10:10Z","message":"Config"}
{"level":"debug","ConnectionTestMsgs":4,"time":"2023-07-11T07:10:10Z","message":"Config"}
{"level":"debug","ConnectionTestPayload":131072,"time":"2023-07-11T07:10:10Z","message":"Config"}
{"level":"debug","OutMessageBufsize":1024,"time":"2023-07-11T07:10:10Z","message":"Config"}
{"level":"debug","OutMessageBufsize":4,"time":"2023-07-11T07:10:10Z","message":"Config"}
{"level":"debug","ThroughputCap":131072000,"time":"2023-07-11T07:10:10Z","message":"Config"}
{"level":"debug","StragglerTolerance":1000,"time":"2023-07-11T07:10:10Z","message":"Config"}
{"level":"debug","BatchSizeIncrement":256,"time":"2023-07-11T07:10:10Z","message":"Config"}
{"level":"debug","Orderer":"Pbft","time":"2023-07-11T07:10:10Z","message":"Config"}
{"level":"debug","Manager":"Mir","time":"2023-07-11T07:10:10Z","message":"Config"}
{"level":"debug","Failures":0,"time":"2023-07-11T07:10:10Z","message":"Config"}
{"level":"debug","StragglerCnt":0,"time":"2023-07-11T07:10:10Z","message":"Config"}
{"level":"debug","CrashTiming":"Straggler","time":"2023-07-11T07:10:10Z","message":"Config"}
{"level":"debug","CheckpointInterval":2048,"time":"2023-07-11T07:10:10Z","message":"Config"}
{"level":"debug","WatermarkWindowSize":2048,"time":"2023-07-11T07:10:10Z","message":"Config"}
{"level":"debug","EpochLength":2048,"time":"2023-07-11T07:10:10Z","message":"Config"}
{"level":"debug","SegmentLength":128,"time":"2023-07-11T07:10:10Z","message":"Config"}
{"level":"debug","WaitForCheckpoints":true,"time":"2023-07-11T07:10:10Z","message":"Config"}
{"level":"debug","ClientWatermarkWindowSize":49152,"time":"2023-07-11T07:10:10Z","message":"Config"}
{"level":"debug","ClientRequestBacklogSize":49152,"time":"2023-07-11T07:10:10Z","message":"Config"}
{"level":"debug","RandomSeed":15787,"time":"2023-07-11T07:10:10Z","message":"Config"}
{"level":"debug","NodeToLeaderRatio":1,"time":"2023-07-11T07:10:10Z","message":"Config"}
{"level":"debug","LeaderPolicy":"Simple","time":"2023-07-11T07:10:10Z","message":"Config"}
{"level":"debug","DefaultLeaderBan":2,"time":"2023-07-11T07:10:10Z","message":"Config"}
{"level":"debug","NumBuckets":256,"time":"2023-07-11T07:10:10Z","message":"Config"}
{"level":"debug","BatchSize":2000,"time":"2023-07-11T07:10:10Z","message":"Config"}
{"level":"debug","DisabledViewChange":false,"time":"2023-07-11T07:10:10Z","message":"Config"}
{"level":"debug","ViewChangeTimeout":60000,"time":"2023-07-11T07:10:10Z","message":"Config"}
{"level":"debug","ClientTraceSampling":10,"time":"2023-07-11T07:10:10Z","message":"Config"}
{"level":"debug","EventBufferSize":2097152,"time":"2023-07-11T07:10:10Z","message":"Config"}
{"level":"debug","TraceSampling":1,"time":"2023-07-11T07:10:10Z","message":"Config"}
{"level":"debug","ClientsPerProcess":8,"time":"2023-07-11T07:10:10Z","message":"Config"}
{"level":"debug","RequestsPerClient":3515,"time":"2023-07-11T07:10:10Z","message":"Config"}
{"level":"debug","ClientRunTime":15000,"time":"2023-07-11T07:10:10Z","message":"Config"}
{"level":"debug","RequestRate":117,"time":"2023-07-11T07:10:10Z","message":"Config"}
{"level":"debug","HardRequestRateLimit":false,"time":"2023-07-11T07:10:10Z","message":"Config"}
{"level":"debug","RequestPayloadSize":500,"time":"2023-07-11T07:10:10Z","message":"Config"}
{"level":"debug","SignRequests":true,"time":"2023-07-11T07:10:10Z","message":"Config"}
{"level":"debug","ClientPrivKeyFile":"tls-data/client-ecdsa-256.key","time":"2023-07-11T07:10:10Z","message":"Config"}
{"level":"debug","ClientPubKeyFile":"tls-data/client-ecdsa-256.pem","time":"2023-07-11T07:10:10Z","message":"Config"}
{"level":"debug","PrecomputeRequests":false,"time":"2023-07-11T07:10:10Z","message":"Config"}
{"level":"debug","RequestHandlerThreads":32,"time":"2023-07-11T07:10:10Z","message":"Config"}
{"level":"debug","RequestInputChannelBuffer":8192,"time":"2023-07-11T07:10:10Z","message":"Config"}
{"level":"debug","BatchVerifier":"external","time":"2023-07-11T07:10:10Z","message":"Config"}
07:10:10.393 INF Started Profiler: CPU
07:10:10.393 INF Started Profiler: BLOCK
07:10:10.393 INF Started Profiler: MUTEX
07:10:10.393 INF Starting clients. numClients=8 numRequests=3515
07:10:10.393 INF Initilizing clients.
07:10:10.674 INF Registared with discovery server. numOrderers=16 ownClientId=27
07:10:10.677 INF Registared with discovery server. numOrderers=16 ownClientId=13
07:10:10.687 INF Registared with discovery server. numOrderers=16 ownClientId=20
07:10:10.695 INF Registared with discovery server. numOrderers=16 ownClientId=21
07:10:10.698 INF Registared with discovery server. numOrderers=16 ownClientId=44
07:10:10.700 INF Registared with discovery server. numOrderers=16 ownClientId=23
07:10:10.701 INF Registared with discovery server. numOrderers=16 ownClientId=70
07:10:10.716 INF Registared with discovery server. numOrderers=16 ownClientId=83
07:10:10.716 INF Clients initialized.
07:10:10.716 INF Launching clients.
07:10:10.716 INF Waiting for clients.
07:10:28.274 INF Stopping Tracer. events=1012 fileName=experiment-output/0000/slave-044/client-083.trc
07:10:28.276 INF Trace data written.
07:10:28.281 INF Stopping Tracer. events=1039 fileName=experiment-output/0000/slave-044/client-021.trc
07:10:28.283 INF Trace data written.
07:10:28.300 INF Stopping Tracer. events=729 fileName=experiment-output/0000/slave-044/client-020.trc
07:10:28.301 INF Trace data written.
07:10:28.306 INF Stopping Tracer. events=1034 fileName=experiment-output/0000/slave-044/client-027.trc
07:10:28.307 INF Trace data written.
07:10:28.317 INF Stopping Tracer. events=1043 fileName=experiment-output/0000/slave-044/client-023.trc
07:10:28.318 INF Trace data written.
07:10:28.323 INF Stopping Tracer. events=1050 fileName=experiment-output/0000/slave-044/client-013.trc
07:10:28.324 INF Trace data written.
07:10:28.346 INF Stopping Tracer. events=710 fileName=experiment-output/0000/slave-044/client-044.trc
07:10:28.346 INF Stopping Tracer. events=730 fileName=experiment-output/0000/slave-044/client-070.trc
07:10:28.347 INF Trace data written.
07:10:28.348 INF Trace data written.
07:10:28.348 INF Done.
07:10:28.348 INF Stopping profiler.
zerolog: could not write event: write experiment-output/0000/slave-044/client-021.log: file already closed
zerolog: could not write event: write experiment-output/0000/slave-044/client-021.log: file already closed
zerolog: could not write event: write experiment-output/0000/slave-044/client-083.log: file already closed
zerolog: could not write event: write experiment-output/0000/slave-044/client-083.log: file already closed
zerolog: could not write event: write experiment-output/0000/slave-044/client-083.log: file already closed
zerolog: could not write event: write experiment-output/0000/slave-044/client-021.log: file already closed
zerolog: could not write event: write experiment-output/0000/slave-044/client-021.log: file already closed
07:10:28.372 INF Profile data written. filename=experiment-output/0000/slave-044/prof-client.block name=block
zerolog: could not write event: write experiment-output/0000/slave-044/client-083.log: file already closed
07:10:28.376 INF Profile data written. filename=experiment-output/0000/slave-044/prof-client.mutex name=mutex
zerolog: could not write event: write experiment-output/0000/slave-044/client-020.log: file already closed
zerolog: could not write event: write experiment-output/0000/slave-044/client-021.log: file already closed
zerolog: could not write event: write experiment-output/0000/slave-044/client-023.log: file already closed
zerolog: could not write event: write experiment-output/0000/slave-044/client-021.log: file already closed
zerolog: could not write event: write experiment-output/0000/slave-044/client-083.log: file already closed
zerolog: could not write event: write experiment-output/0000/slave-044/client-027.log: file already closed
zerolog: could not write event: write experiment-output/0000/slave-044/client-083.log: file already closed
zerolog: could not write event: write experiment-output/0000/slave-044/client-021.log: file already closed
zerolog: could not write event: write experiment-output/0000/slave-044/client-021.log: file already closed
zerolog: could not write event: write experiment-output/0000/slave-044/client-083.log: file already closed
zerolog: could not write event: write experiment-output/0000/slave-044/client-020.log: file already closed
zerolog: could not write event: write experiment-output/0000/slave-044/client-083.log: file already closed
zerolog: could not write event: write experiment-output/0000/slave-044/client-083.log: file already closed
zerolog: could not write event: write experiment-output/0000/slave-044/client-021.log: file already closed
zerolog: could not write event: write experiment-output/0000/slave-044/client-020.log: file already closed
zerolog: could not write event: write experiment-output/0000/slave-044/client-021.log: file already closed
zerolog: could not write event: write experiment-output/0000/slave-044/client-020.log: file already closed
zerolog: could not write event: write experiment-output/0000/slave-044/client-083.log: file already closed
zerolog: could not write event: write experiment-output/0000/slave-044/client-021.log: file already closed
zerolog: could not write event: write experiment-output/0000/slave-044/client-083.log: file already closed
zerolog: could not write event: write experiment-output/0000/slave-044/client-083.log: file already closed
zerolog: could not write event: write experiment-output/0000/slave-044/client-083.log: file already closed
zerolog: could not write event: write experiment-output/0000/slave-044/client-027.log: file already closed
zerolog: could not write event: write experiment-output/0000/slave-044/client-027.log: file already closed
zerolog: could not write event: write experiment-output/0000/slave-044/client-083.log: file already closed
zerolog: could not write event: write experiment-output/0000/slave-044/client-021.log: file already closed
zerolog: could not write event: write experiment-output/0000/slave-044/client-021.log: file already closed
zerolog: could not write event: write experiment-output/0000/slave-044/client-020.log: file already closed
zerolog: could not write event: write experiment-output/0000/slave-044/client-023.log: file already closed
zerolog: could not write event: write experiment-output/0000/slave-044/client-021.log: file already closed
zerolog: could not write event: write experiment-output/0000/slave-044/client-083.log: file already closed
zerolog: could not write event: write experiment-output/0000/slave-044/client-023.log: file already closed
zerolog: could not write event: write experiment-output/0000/slave-044/client-083.log: file already closed
zerolog: could not write event: write experiment-output/0000/slave-044/client-027.log: file already closed
zerolog: could not write event: write experiment-output/0000/slave-044/client-027.log: file already closed
zerolog: could not write event: write experiment-output/0000/slave-044/client-013.log: file already closed
zerolog: could not write event: write experiment-output/0000/slave-044/client-020.log: file already closed
zerolog: could not write event: write experiment-output/0000/slave-044/client-020.log: file already closed
zerolog: could not write event: write experiment-output/0000/slave-044/client-021.log: file already closed
zerolog: could not write event: write experiment-output/0000/slave-044/client-021.log: file already closed
zerolog: could not write event: write experiment-output/0000/slave-044/client-027.log: file already closed
zerolog: could not write event: write experiment-output/0000/slave-044/client-023.log: file already closed
zerolog: could not write event: write experiment-output/0000/slave-044/client-013.log: file already closed
zerolog: could not write event: write experiment-output/0000/slave-044/client-027.log: file already closed
zerolog: could not write event: write experiment-output/0000/slave-044/client-027.log: file already closed
zerolog: could not write event: write experiment-output/0000/slave-044/client-020.log: file already closed
zerolog: could not write event: write experiment-output/0000/slave-044/client-027.log: file already closed
zerolog: could not write event: write experiment-output/0000/slave-044/client-023.log: file already closed
zerolog: could not write event: write experiment-output/0000/slave-044/client-023.log: file already closed
zerolog: could not write event: write experiment-output/0000/slave-044/client-013.log: file already closed
zerolog: could not write event: write experiment-output/0000/slave-044/client-027.log: file already closed
zerolog: could not write event: write experiment-output/0000/slave-044/client-023.log: file already closed
zerolog: could not write event: write experiment-output/0000/slave-044/client-013.log: file already closed
zerolog: could not write event: write experiment-output/0000/slave-044/client-027.log: file already closed
zerolog: could not write event: write experiment-output/0000/slave-044/client-020.log: file already closed
zerolog: could not write event: write experiment-output/0000/slave-044/client-027.log: file already closed
zerolog: could not write event: write experiment-output/0000/slave-044/client-027.log: file already closed
zerolog: could not write event: write experiment-output/0000/slave-044/client-023.log: file already closed
zerolog: could not write event: write experiment-output/0000/slave-044/client-020.log: file already closed
zerolog: could not write event: write experiment-output/0000/slave-044/client-023.log: file already closed
zerolog: could not write event: write experiment-output/0000/slave-044/client-023.log: file already closed
zerolog: could not write event: write experiment-output/0000/slave-044/client-020.log: file already closed
zerolog: could not write event: write experiment-output/0000/slave-044/client-020.log: file already closed
zerolog: could not write event: write experiment-output/0000/slave-044/client-020.log: file already closed
zerolog: could not write event: write experiment-output/0000/slave-044/client-023.log: file already closed
zerolog: could not write event: write experiment-output/0000/slave-044/client-070.log: file already closed
zerolog: could not write event: write experiment-output/0000/slave-044/client-013.log: file already closed
zerolog: could not write event: write experiment-output/0000/slave-044/client-070.log: file already closed
zerolog: could not write event: write experiment-output/0000/slave-044/client-020.log: file already closed
zerolog: could not write event: write experiment-output/0000/slave-044/client-013.log: file already closed
zerolog: could not write event: write experiment-output/0000/slave-044/client-013.log: file already closed
zerolog: could not write event: write experiment-output/0000/slave-044/client-020.log: file already closed
zerolog: could not write event: write experiment-output/0000/slave-044/client-013.log: file already closed
zerolog: could not write event: write experiment-output/0000/slave-044/client-023.log: file already closed
zerolog: could not write event: write experiment-output/0000/slave-044/client-070.log: file already closed
zerolog: could not write event: write experiment-output/0000/slave-044/client-027.log: file already closed
zerolog: could not write event: write experiment-output/0000/slave-044/client-044.log: file already closed
zerolog: could not write event: write experiment-output/0000/slave-044/client-044.log: file already closed
zerolog: could not write event: write experiment-output/0000/slave-044/client-013.log: file already closed
zerolog: could not write event: write experiment-output/0000/slave-044/client-013.log: file already closed
zerolog: could not write event: write experiment-output/0000/slave-044/client-070.log: file already closed
zerolog: could not write event: write experiment-output/0000/slave-044/client-044.log: file already closed
zerolog: could not write event: write experiment-output/0000/slave-044/client-070.log: file already closed
zerolog: could not write event: write experiment-output/0000/slave-044/client-070.log: file already closed
zerolog: could not write event: write experiment-output/0000/slave-044/client-013.log: file already closed
zerolog: could not write event: write experiment-output/0000/slave-044/client-020.log: file already closed
zerolog: could not write event: write experiment-output/0000/slave-044/client-013.log: file already closed
zerolog: could not write event: write experiment-output/0000/slave-044/client-027.log: file already closed
zerolog: could not write event: write experiment-output/0000/slave-044/client-013.log: file already closed
zerolog: could not write event: write experiment-output/0000/slave-044/client-023.log: file already closed
zerolog: could not write event: write experiment-output/0000/slave-044/client-070.log: file already closed
zerolog: could not write event: write experiment-output/0000/slave-044/client-070.log: file already closed
zerolog: could not write event: write experiment-output/0000/slave-044/client-013.log: file already closed
zerolog: could not write event: write experiment-output/0000/slave-044/client-027.log: file already closed
zerolog: could not write event: write experiment-output/0000/slave-044/client-023.log: file already closed
zerolog: could not write event: write experiment-output/0000/slave-044/client-044.log: file already closed
zerolog: could not write event: write experiment-output/0000/slave-044/client-070.log: file already closed
zerolog: could not write event: write experiment-output/0000/slave-044/client-044.log: file already closed
zerolog: could not write event: write experiment-output/0000/slave-044/client-070.log: file already closed
zerolog: could not write event: write experiment-output/0000/slave-044/client-070.log: file already closed
zerolog: could not write event: write experiment-output/0000/slave-044/client-013.log: file already closed
zerolog: could not write event: write experiment-output/0000/slave-044/client-044.log: file already closed
zerolog: could not write event: write experiment-output/0000/slave-044/client-044.log: file already closed
zerolog: could not write event: write experiment-output/0000/slave-044/client-023.log: file already closed
zerolog: could not write event: write experiment-output/0000/slave-044/client-013.log: file already closed
zerolog: could not write event: write experiment-output/0000/slave-044/client-023.log: file already closed
zerolog: could not write event: write experiment-output/0000/slave-044/client-070.log: file already closed
zerolog: could not write event: write experiment-output/0000/slave-044/client-044.log: file already closed
zerolog: could not write event: write experiment-output/0000/slave-044/client-070.log: file already closed
zerolog: could not write event: write experiment-output/0000/slave-044/client-070.log: file already closed
zerolog: could not write event: write experiment-output/0000/slave-044/client-044.log: file already closed
zerolog: could not write event: write experiment-output/0000/slave-044/client-044.log: file already closed
zerolog: could not write event: write experiment-output/0000/slave-044/client-044.log: file already closed
zerolog: could not write event: write experiment-output/0000/slave-044/client-044.log: file already closed
zerolog: could not write event: write experiment-output/0000/slave-044/client-070.log: file already closed
zerolog: could not write event: write experiment-output/0000/slave-044/client-044.log: file already closed
zerolog: could not write event: write experiment-output/0000/slave-044/client-044.log: file already closed
zerolog: could not write event: write experiment-output/0000/slave-044/client-044.log: file already closed
zerolog: could not write event: write experiment-output/0000/slave-044/client-044.log: file already closed
zerolog: could not write event: write experiment-output/0000/slave-044/client-070.log: file already closed
07:10:28.486 INF Profile data written. filename=experiment-output/0000/slave-044/prof-client.cpu name=cpu
