{"level":"debug","Logging":"info","time":"2023-07-15T15:48:56Z","message":"Config"}
{"level":"debug","UseTLS":false,"time":"2023-07-15T15:48:56Z","message":"Config"}
{"level":"debug","CACertFile":"tls-data/ca.pem","time":"2023-07-15T15:48:56Z","message":"Config"}
{"level":"debug","KeyFile":"tls-data/auth.key","time":"2023-07-15T15:48:56Z","message":"Config"}
{"level":"debug","CertFile":"tls-data/auth.pem","time":"2023-07-15T15:48:56Z","message":"Config"}
{"level":"debug","PriorityConnections":2,"time":"2023-07-15T15:48:56Z","message":"Config"}
{"level":"debug","BasicConnections":1,"time":"2023-07-15T15:48:56Z","message":"Config"}
{"level":"debug","TestConnections":false,"time":"2023-07-15T15:48:56Z","message":"Config"}
{"level":"debug","ExcessConnections":1,"time":"2023-07-15T15:48:56Z","message":"Config"}
{"level":"debug","ConnectionTestMsgs":4,"time":"2023-07-15T15:48:56Z","message":"Config"}
{"level":"debug","ConnectionTestPayload":131072,"time":"2023-07-15T15:48:56Z","message":"Config"}
{"level":"debug","OutMessageBufsize":1024,"time":"2023-07-15T15:48:56Z","message":"Config"}
{"level":"debug","OutMessageBufsize":4,"time":"2023-07-15T15:48:56Z","message":"Config"}
{"level":"debug","ThroughputCap":131072000,"time":"2023-07-15T15:48:56Z","message":"Config"}
{"level":"debug","StragglerTolerance":1000,"time":"2023-07-15T15:48:56Z","message":"Config"}
{"level":"debug","BatchSizeIncrement":256,"time":"2023-07-15T15:48:56Z","message":"Config"}
{"level":"debug","Orderer":"HotStuff","time":"2023-07-15T15:48:56Z","message":"Config"}
{"level":"debug","Manager":"Mir","time":"2023-07-15T15:48:56Z","message":"Config"}
{"level":"debug","Failures":0,"time":"2023-07-15T15:48:56Z","message":"Config"}
{"level":"debug","StragglerCnt":1,"time":"2023-07-15T15:48:56Z","message":"Config"}
{"level":"debug","CrashTiming":"Straggler","time":"2023-07-15T15:48:56Z","message":"Config"}
{"level":"debug","CheckpointInterval":512,"time":"2023-07-15T15:48:56Z","message":"Config"}
{"level":"debug","WatermarkWindowSize":512,"time":"2023-07-15T15:48:56Z","message":"Config"}
{"level":"debug","EpochLength":512,"time":"2023-07-15T15:48:56Z","message":"Config"}
{"level":"debug","SegmentLength":32,"time":"2023-07-15T15:48:56Z","message":"Config"}
{"level":"debug","WaitForCheckpoints":true,"time":"2023-07-15T15:48:56Z","message":"Config"}
{"level":"debug","ClientWatermarkWindowSize":16384,"time":"2023-07-15T15:48:56Z","message":"Config"}
{"level":"debug","ClientRequestBacklogSize":16384,"time":"2023-07-15T15:48:56Z","message":"Config"}
{"level":"debug","RandomSeed":9438,"time":"2023-07-15T15:48:56Z","message":"Config"}
{"level":"debug","NodeToLeaderRatio":1,"time":"2023-07-15T15:48:56Z","message":"Config"}
{"level":"debug","LeaderPolicy":"Simple","time":"2023-07-15T15:48:56Z","message":"Config"}
{"level":"debug","DefaultLeaderBan":2,"time":"2023-07-15T15:48:56Z","message":"Config"}
{"level":"debug","NumBuckets":256,"time":"2023-07-15T15:48:56Z","message":"Config"}
{"level":"debug","BatchSize":2000,"time":"2023-07-15T15:48:56Z","message":"Config"}
{"level":"debug","DisabledViewChange":false,"time":"2023-07-15T15:48:56Z","message":"Config"}
{"level":"debug","ViewChangeTimeout":60000,"time":"2023-07-15T15:48:56Z","message":"Config"}
{"level":"debug","ClientTraceSampling":10,"time":"2023-07-15T15:48:56Z","message":"Config"}
{"level":"debug","EventBufferSize":2097152,"time":"2023-07-15T15:48:56Z","message":"Config"}
{"level":"debug","TraceSampling":1,"time":"2023-07-15T15:48:56Z","message":"Config"}
{"level":"debug","ClientsPerProcess":8,"time":"2023-07-15T15:48:56Z","message":"Config"}
{"level":"debug","RequestsPerClient":4101,"time":"2023-07-15T15:48:56Z","message":"Config"}
{"level":"debug","ClientRunTime":15000,"time":"2023-07-15T15:48:56Z","message":"Config"}
{"level":"debug","RequestRate":136,"time":"2023-07-15T15:48:56Z","message":"Config"}
{"level":"debug","HardRequestRateLimit":false,"time":"2023-07-15T15:48:56Z","message":"Config"}
{"level":"debug","RequestPayloadSize":500,"time":"2023-07-15T15:48:56Z","message":"Config"}
{"level":"debug","SignRequests":true,"time":"2023-07-15T15:48:56Z","message":"Config"}
{"level":"debug","ClientPrivKeyFile":"tls-data/client-ecdsa-256.key","time":"2023-07-15T15:48:56Z","message":"Config"}
{"level":"debug","ClientPubKeyFile":"tls-data/client-ecdsa-256.pem","time":"2023-07-15T15:48:56Z","message":"Config"}
{"level":"debug","PrecomputeRequests":false,"time":"2023-07-15T15:48:56Z","message":"Config"}
{"level":"debug","RequestHandlerThreads":32,"time":"2023-07-15T15:48:56Z","message":"Config"}
{"level":"debug","RequestInputChannelBuffer":8192,"time":"2023-07-15T15:48:56Z","message":"Config"}
{"level":"debug","BatchVerifier":"external","time":"2023-07-15T15:48:56Z","message":"Config"}
15:48:56.758 INF Started Profiler: CPU
15:48:56.758 INF Started Profiler: BLOCK
15:48:56.758 INF Started Profiler: MUTEX
15:48:56.758 INF Starting clients. numClients=8 numRequests=4101
15:48:56.758 INF Initilizing clients.
15:48:57.026 INF Registared with discovery server. numOrderers=16 ownClientId=15
15:48:57.039 INF Registared with discovery server. numOrderers=16 ownClientId=98
15:48:57.054 INF Registared with discovery server. numOrderers=16 ownClientId=79
15:48:57.058 INF Registared with discovery server. numOrderers=16 ownClientId=144
15:48:57.077 INF Registared with discovery server. numOrderers=16 ownClientId=201
15:48:57.089 INF Registared with discovery server. numOrderers=16 ownClientId=220
15:48:57.096 INF Registared with discovery server. numOrderers=16 ownClientId=206
15:48:57.098 INF Registared with discovery server. numOrderers=16 ownClientId=191
15:48:57.099 INF Clients initialized.
15:48:57.099 INF Launching clients.
15:48:57.099 INF Waiting for clients.
15:50:27.714 INF Stopping Tracer. events=823 fileName=experiment-output/0001/slave-001/client-144.trc
15:50:27.715 INF Trace data written.
15:50:27.727 INF Stopping Tracer. events=1332 fileName=experiment-output/0001/slave-001/client-015.trc
15:50:27.729 INF Trace data written.
15:50:27.742 INF Stopping Tracer. events=1238 fileName=experiment-output/0001/slave-001/client-201.trc
15:50:27.744 INF Trace data written.
15:50:27.751 INF Stopping Tracer. events=1139 fileName=experiment-output/0001/slave-001/client-079.trc
15:50:27.751 INF Stopping Tracer. events=1261 fileName=experiment-output/0001/slave-001/client-191.trc
15:50:27.752 INF Stopping Tracer. events=824 fileName=experiment-output/0001/slave-001/client-098.trc
15:50:27.753 INF Trace data written.
15:50:27.753 INF Trace data written.
15:50:27.754 INF Trace data written.
15:50:27.756 INF Stopping Tracer. events=828 fileName=experiment-output/0001/slave-001/client-206.trc
15:50:27.757 INF Trace data written.
15:50:27.763 INF Stopping Tracer. events=831 fileName=experiment-output/0001/slave-001/client-220.trc
15:50:27.764 INF Trace data written.
15:50:27.764 INF Done.
15:50:27.764 INF Stopping profiler.
zerolog: could not write event: write experiment-output/0001/slave-001/client-144.log: file already closed
zerolog: could not write event: write experiment-output/0001/slave-001/client-144.log: file already closed
zerolog: could not write event: write experiment-output/0001/slave-001/client-144.log: file already closed
zerolog: could not write event: write experiment-output/0001/slave-001/client-015.log: file already closed
zerolog: could not write event: write experiment-output/0001/slave-001/client-015.log: file already closed
zerolog: could not write event: write experiment-output/0001/slave-001/client-144.log: file already closed
zerolog: could not write event: write experiment-output/0001/slave-001/client-144.log: file already closed
zerolog: could not write event: write experiment-output/0001/slave-001/client-144.log: file already closed
zerolog: could not write event: write experiment-output/0001/slave-001/client-144.log: file already closed
zerolog: could not write event: write experiment-output/0001/slave-001/client-144.log: file already closed
zerolog: could not write event: write experiment-output/0001/slave-001/client-144.log: file already closed
zerolog: could not write event: write experiment-output/0001/slave-001/client-144.log: file already closed
zerolog: could not write event: write experiment-output/0001/slave-001/client-144.log: file already closed
zerolog: could not write event: write experiment-output/0001/slave-001/client-015.log: file already closed
zerolog: could not write event: write experiment-output/0001/slave-001/client-015.log: file already closed
zerolog: could not write event: write experiment-output/0001/slave-001/client-191.log: file already closed
zerolog: could not write event: write experiment-output/0001/slave-001/client-144.log: file already closed
zerolog: could not write event: write experiment-output/0001/slave-001/client-015.log: file already closed
zerolog: could not write event: write experiment-output/0001/slave-001/client-015.log: file already closed
zerolog: could not write event: write experiment-output/0001/slave-001/client-144.log: file already closed
zerolog: could not write event: write experiment-output/0001/slave-001/client-144.log: file already closed
zerolog: could not write event: write experiment-output/0001/slave-001/client-201.log: file already closed
zerolog: could not write event: write experiment-output/0001/slave-001/client-201.log: file already closed
zerolog: could not write event: write experiment-output/0001/slave-001/client-098.log: file already closed
zerolog: could not write event: write experiment-output/0001/slave-001/client-201.log: file already closed
zerolog: could not write event: write experiment-output/0001/slave-001/client-201.log: file already closed
zerolog: could not write event: write experiment-output/0001/slave-001/client-201.log: file already closed
zerolog: could not write event: write experiment-output/0001/slave-001/client-015.log: file already closed
zerolog: could not write event: write experiment-output/0001/slave-001/client-206.log: file already closed
zerolog: could not write event: write experiment-output/0001/slave-001/client-015.log: file already closed
zerolog: could not write event: write experiment-output/0001/slave-001/client-015.log: file already closed
zerolog: could not write event: write experiment-output/0001/slave-001/client-098.log: file already closed
zerolog: could not write event: write experiment-output/0001/slave-001/client-015.log: file already closed
zerolog: could not write event: write experiment-output/0001/slave-001/client-079.log: file already closed
zerolog: could not write event: write experiment-output/0001/slave-001/client-015.log: file already closed
zerolog: could not write event: write experiment-output/0001/slave-001/client-015.log: file already closed
zerolog: could not write event: write experiment-output/0001/slave-001/client-144.log: file already closed
zerolog: could not write event: write experiment-output/0001/slave-001/client-191.log: file already closed
zerolog: could not write event: write experiment-output/0001/slave-001/client-079.log: file already closed
zerolog: could not write event: write experiment-output/0001/slave-001/client-015.log: file already closed
zerolog: could not write event: write experiment-output/0001/slave-001/client-201.log: file already closed
zerolog: could not write event: write experiment-output/0001/slave-001/client-201.log: file already closed
zerolog: could not write event: write experiment-output/0001/slave-001/client-201.log: file already closed
zerolog: could not write event: write experiment-output/0001/slave-001/client-220.log: file already closed
zerolog: could not write event: write experiment-output/0001/slave-001/client-079.log: file already closed
zerolog: could not write event: write experiment-output/0001/slave-001/client-079.log: file already closed
zerolog: could not write event: write experiment-output/0001/slave-001/client-206.log: file already closed
zerolog: could not write event: write experiment-output/0001/slave-001/client-144.log: file already closed
zerolog: could not write event: write experiment-output/0001/slave-001/client-079.log: file already closed
zerolog: could not write event: write experiment-output/0001/slave-001/client-191.log: file already closed
zerolog: could not write event: write experiment-output/0001/slave-001/client-206.log: file already closed
zerolog: could not write event: write experiment-output/0001/slave-001/client-079.log: file already closed
zerolog: could not write event: write experiment-output/0001/slave-001/client-220.log: file already closed
zerolog: could not write event: write experiment-output/0001/slave-001/client-098.log: file already closed
zerolog: could not write event: write experiment-output/0001/slave-001/client-191.log: file already closed
zerolog: could not write event: write experiment-output/0001/slave-001/client-201.log: file already closed
zerolog: could not write event: write experiment-output/0001/slave-001/client-015.log: file already closed
zerolog: could not write event: write experiment-output/0001/slave-001/client-098.log: file already closed
zerolog: could not write event: write experiment-output/0001/slave-001/client-098.log: file already closed
zerolog: could not write event: write experiment-output/0001/slave-001/client-191.log: file already closed
zerolog: could not write event: write experiment-output/0001/slave-001/client-191.log: file already closed
zerolog: could not write event: write experiment-output/0001/slave-001/client-191.log: file already closed
zerolog: could not write event: write experiment-output/0001/slave-001/client-098.log: file already closed
zerolog: could not write event: write experiment-output/0001/slave-001/client-079.log: file already closed
zerolog: could not write event: write experiment-output/0001/slave-001/client-201.log: file already closed
zerolog: could not write event: write experiment-output/0001/slave-001/client-191.log: file already closed
zerolog: could not write event: write experiment-output/0001/slave-001/client-201.log: file already closed
zerolog: could not write event: write experiment-output/0001/slave-001/client-098.log: file already closed
zerolog: could not write event: write experiment-output/0001/slave-001/client-191.log: file already closed
zerolog: could not write event: write experiment-output/0001/slave-001/client-201.log: file already closed
15:50:27.857 INF Profile data written. filename=experiment-output/0001/slave-001/prof-client.cpu name=cpu
zerolog: could not write event: write experiment-output/0001/slave-001/client-079.log: file already closed
zerolog: could not write event: write experiment-output/0001/slave-001/client-191.log: file already closed
zerolog: could not write event: write experiment-output/0001/slave-001/client-206.log: file already closed
zerolog: could not write event: write experiment-output/0001/slave-001/client-220.log: file already closed
zerolog: could not write event: write experiment-output/0001/slave-001/client-201.log: file already closed
zerolog: could not write event: write experiment-output/0001/slave-001/client-191.log: file already closed
zerolog: could not write event: write experiment-output/0001/slave-001/client-191.log: file already closed
zerolog: could not write event: write experiment-output/0001/slave-001/client-015.log: file already closed
zerolog: could not write event: write experiment-output/0001/slave-001/client-201.log: file already closed
zerolog: could not write event: write experiment-output/0001/slave-001/client-079.log: file already closed
zerolog: could not write event: write experiment-output/0001/slave-001/client-206.log: file already closed
zerolog: could not write event: write experiment-output/0001/slave-001/client-098.log: file already closed
zerolog: could not write event: write experiment-output/0001/slave-001/client-015.log: file already closed
zerolog: could not write event: write experiment-output/0001/slave-001/client-206.log: file already closed
zerolog: could not write event: write experiment-output/0001/slave-001/client-098.log: file already closed
zerolog: could not write event: write experiment-output/0001/slave-001/client-220.log: file already closed
zerolog: could not write event: write experiment-output/0001/slave-001/client-206.log: file already closed
zerolog: could not write event: write experiment-output/0001/slave-001/client-220.log: file already closed
zerolog: could not write event: write experiment-output/0001/slave-001/client-206.log: file already closed
zerolog: could not write event: write experiment-output/0001/slave-001/client-220.log: file already closed
zerolog: could not write event: write experiment-output/0001/slave-001/client-220.log: file already closed
zerolog: could not write event: write experiment-output/0001/slave-001/client-191.log: file already closed
zerolog: could not write event: write experiment-output/0001/slave-001/client-079.log: file already closed
zerolog: could not write event: write experiment-output/0001/slave-001/client-191.log: file already closed
zerolog: could not write event: write experiment-output/0001/slave-001/client-098.log: file already closed
zerolog: could not write event: write experiment-output/0001/slave-001/client-098.log: file already closed
zerolog: could not write event: write experiment-output/0001/slave-001/client-220.log: file already closed
zerolog: could not write event: write experiment-output/0001/slave-001/client-220.log: file already closed
zerolog: could not write event: write experiment-output/0001/slave-001/client-206.log: file already closed
zerolog: could not write event: write experiment-output/0001/slave-001/client-098.log: file already closed
zerolog: could not write event: write experiment-output/0001/slave-001/client-206.log: file already closed
zerolog: could not write event: write experiment-output/0001/slave-001/client-079.log: file already closed
zerolog: could not write event: write experiment-output/0001/slave-001/client-201.log: file already closed
zerolog: could not write event: write experiment-output/0001/slave-001/client-079.log: file already closed
zerolog: could not write event: write experiment-output/0001/slave-001/client-079.log: file already closed
zerolog: could not write event: write experiment-output/0001/slave-001/client-201.log: file already closed
zerolog: could not write event: write experiment-output/0001/slave-001/client-079.log: file already closed
zerolog: could not write event: write experiment-output/0001/slave-001/client-079.log: file already closed
zerolog: could not write event: write experiment-output/0001/slave-001/client-220.log: file already closed
zerolog: could not write event: write experiment-output/0001/slave-001/client-079.log: file already closed
zerolog: could not write event: write experiment-output/0001/slave-001/client-098.log: file already closed
zerolog: could not write event: write experiment-output/0001/slave-001/client-098.log: file already closed
zerolog: could not write event: write experiment-output/0001/slave-001/client-191.log: file already closed
zerolog: could not write event: write experiment-output/0001/slave-001/client-206.log: file already closed
zerolog: could not write event: write experiment-output/0001/slave-001/client-098.log: file already closed
15:50:27.876 INF Profile data written. filename=experiment-output/0001/slave-001/prof-client.block name=block
zerolog: could not write event: write experiment-output/0001/slave-001/client-206.log: file already closed
zerolog: could not write event: write experiment-output/0001/slave-001/client-220.log: file already closed
zerolog: could not write event: write experiment-output/0001/slave-001/client-206.log: file already closed
zerolog: could not write event: write experiment-output/0001/slave-001/client-191.log: file already closed
zerolog: could not write event: write experiment-output/0001/slave-001/client-206.log: file already closed
zerolog: could not write event: write experiment-output/0001/slave-001/client-220.log: file already closed
15:50:27.881 INF Profile data written. filename=experiment-output/0001/slave-001/prof-client.mutex name=mutex
