{"level":"debug","Logging":"info","time":"2023-03-25T18:27:19Z","message":"Config"}
{"level":"debug","UseTLS":false,"time":"2023-03-25T18:27:19Z","message":"Config"}
{"level":"debug","CACertFile":"tls-data/ca.pem","time":"2023-03-25T18:27:19Z","message":"Config"}
{"level":"debug","KeyFile":"tls-data/auth.key","time":"2023-03-25T18:27:19Z","message":"Config"}
{"level":"debug","CertFile":"tls-data/auth.pem","time":"2023-03-25T18:27:19Z","message":"Config"}
{"level":"debug","PriorityConnections":2,"time":"2023-03-25T18:27:19Z","message":"Config"}
{"level":"debug","BasicConnections":1,"time":"2023-03-25T18:27:19Z","message":"Config"}
{"level":"debug","TestConnections":false,"time":"2023-03-25T18:27:19Z","message":"Config"}
{"level":"debug","ExcessConnections":1,"time":"2023-03-25T18:27:19Z","message":"Config"}
{"level":"debug","ConnectionTestMsgs":4,"time":"2023-03-25T18:27:19Z","message":"Config"}
{"level":"debug","ConnectionTestPayload":131072,"time":"2023-03-25T18:27:19Z","message":"Config"}
{"level":"debug","OutMessageBufsize":1024,"time":"2023-03-25T18:27:19Z","message":"Config"}
{"level":"debug","OutMessageBufsize":4,"time":"2023-03-25T18:27:19Z","message":"Config"}
{"level":"debug","ThroughputCap":131072000,"time":"2023-03-25T18:27:19Z","message":"Config"}
{"level":"debug","StragglerTolerance":1000,"time":"2023-03-25T18:27:19Z","message":"Config"}
{"level":"debug","BatchSizeIncrement":256,"time":"2023-03-25T18:27:19Z","message":"Config"}
{"level":"debug","Orderer":"Pbft","time":"2023-03-25T18:27:19Z","message":"Config"}
{"level":"debug","Manager":"Mir","time":"2023-03-25T18:27:19Z","message":"Config"}
{"level":"debug","Failures":0,"time":"2023-03-25T18:27:19Z","message":"Config"}
{"level":"debug","StragglerCnt":0,"time":"2023-03-25T18:27:19Z","message":"Config"}
{"level":"debug","CrashTiming":"Straggler","time":"2023-03-25T18:27:19Z","message":"Config"}
{"level":"debug","CheckpointInterval":512,"time":"2023-03-25T18:27:19Z","message":"Config"}
{"level":"debug","WatermarkWindowSize":512,"time":"2023-03-25T18:27:19Z","message":"Config"}
{"level":"debug","EpochLength":512,"time":"2023-03-25T18:27:19Z","message":"Config"}
{"level":"debug","SegmentLength":32,"time":"2023-03-25T18:27:19Z","message":"Config"}
{"level":"debug","WaitForCheckpoints":true,"time":"2023-03-25T18:27:19Z","message":"Config"}
{"level":"debug","ClientWatermarkWindowSize":16384,"time":"2023-03-25T18:27:19Z","message":"Config"}
{"level":"debug","ClientRequestBacklogSize":16384,"time":"2023-03-25T18:27:19Z","message":"Config"}
{"level":"debug","RandomSeed":30962,"time":"2023-03-25T18:27:19Z","message":"Config"}
{"level":"debug","NodeToLeaderRatio":1,"time":"2023-03-25T18:27:19Z","message":"Config"}
{"level":"debug","LeaderPolicy":"Simple","time":"2023-03-25T18:27:19Z","message":"Config"}
{"level":"debug","DefaultLeaderBan":2,"time":"2023-03-25T18:27:19Z","message":"Config"}
{"level":"debug","NumBuckets":256,"time":"2023-03-25T18:27:19Z","message":"Config"}
{"level":"debug","BatchSize":2500,"time":"2023-03-25T18:27:19Z","message":"Config"}
{"level":"debug","DisabledViewChange":false,"time":"2023-03-25T18:27:19Z","message":"Config"}
{"level":"debug","ViewChangeTimeout":60000,"time":"2023-03-25T18:27:19Z","message":"Config"}
{"level":"debug","ClientTraceSampling":10,"time":"2023-03-25T18:27:19Z","message":"Config"}
{"level":"debug","EventBufferSize":2097152,"time":"2023-03-25T18:27:19Z","message":"Config"}
{"level":"debug","TraceSampling":1,"time":"2023-03-25T18:27:19Z","message":"Config"}
{"level":"debug","ClientsPerProcess":8,"time":"2023-03-25T18:27:19Z","message":"Config"}
{"level":"debug","RequestsPerClient":3515,"time":"2023-03-25T18:27:19Z","message":"Config"}
{"level":"debug","ClientRunTime":15000,"time":"2023-03-25T18:27:19Z","message":"Config"}
{"level":"debug","RequestRate":117,"time":"2023-03-25T18:27:19Z","message":"Config"}
{"level":"debug","HardRequestRateLimit":false,"time":"2023-03-25T18:27:19Z","message":"Config"}
{"level":"debug","RequestPayloadSize":500,"time":"2023-03-25T18:27:19Z","message":"Config"}
{"level":"debug","SignRequests":true,"time":"2023-03-25T18:27:19Z","message":"Config"}
{"level":"debug","ClientPrivKeyFile":"tls-data/client-ecdsa-256.key","time":"2023-03-25T18:27:19Z","message":"Config"}
{"level":"debug","ClientPubKeyFile":"tls-data/client-ecdsa-256.pem","time":"2023-03-25T18:27:19Z","message":"Config"}
{"level":"debug","PrecomputeRequests":false,"time":"2023-03-25T18:27:19Z","message":"Config"}
{"level":"debug","RequestHandlerThreads":32,"time":"2023-03-25T18:27:19Z","message":"Config"}
{"level":"debug","RequestInputChannelBuffer":8192,"time":"2023-03-25T18:27:19Z","message":"Config"}
{"level":"debug","BatchVerifier":"external","time":"2023-03-25T18:27:19Z","message":"Config"}
18:27:19.500 INF Started Profiler: CPU
18:27:19.500 INF Started Profiler: BLOCK
18:27:19.500 INF Started Profiler: MUTEX
18:27:19.500 INF Starting clients. numClients=8 numRequests=3515
18:27:19.500 INF Initilizing clients.
18:27:20.063 INF Registared with discovery server. numOrderers=16 ownClientId=192
18:27:20.063 INF Registared with discovery server. numOrderers=16 ownClientId=196
18:27:20.064 INF Registared with discovery server. numOrderers=16 ownClientId=206
18:27:20.065 INF Registared with discovery server. numOrderers=16 ownClientId=208
18:27:20.065 INF Registared with discovery server. numOrderers=16 ownClientId=219
18:27:20.065 INF Registared with discovery server. numOrderers=16 ownClientId=220
18:27:20.066 INF Registared with discovery server. numOrderers=16 ownClientId=244
18:27:20.067 INF Registared with discovery server. numOrderers=16 ownClientId=253
18:27:20.067 INF Clients initialized.
18:27:20.067 INF Launching clients.
18:27:20.067 INF Waiting for clients.
18:27:41.464 INF Stopping Tracer. events=716 fileName=experiment-output/0000/slave-021/client-206.trc
zerolog: could not write event: write experiment-output/0000/slave-021/client-206.log: file already closed
zerolog: could not write event: write experiment-output/0000/slave-021/client-206.log: file already closed
zerolog: could not write event: write experiment-output/0000/slave-021/client-206.log: file already closed
zerolog: could not write event: write experiment-output/0000/slave-021/client-206.log: file already closed
18:27:41.466 INF Trace data written.
18:27:41.481 INF Stopping Tracer. events=1022 fileName=experiment-output/0000/slave-021/client-253.trc
zerolog: could not write event: write experiment-output/0000/slave-021/client-253.log: file already closed
zerolog: could not write event: write experiment-output/0000/slave-021/client-253.log: file already closed
zerolog: could not write event: write experiment-output/0000/slave-021/client-253.log: file already closed
zerolog: could not write event: write experiment-output/0000/slave-021/client-253.log: file already closed
18:27:41.483 INF Trace data written.
18:27:41.501 INF Stopping Tracer. events=715 fileName=experiment-output/0000/slave-021/client-196.trc
zerolog: could not write event: write experiment-output/0000/slave-021/client-196.log: file already closed
zerolog: could not write event: write experiment-output/0000/slave-021/client-196.log: file already closed
zerolog: could not write event: write experiment-output/0000/slave-021/client-196.log: file already closed
zerolog: could not write event: write experiment-output/0000/slave-021/client-196.log: file already closed
18:27:41.502 INF Trace data written.
18:27:41.505 INF Stopping Tracer. events=716 fileName=experiment-output/0000/slave-021/client-244.trc
18:27:41.505 INF Stopping Tracer. events=715 fileName=experiment-output/0000/slave-021/client-220.trc
18:27:41.505 INF Stopping Tracer. events=1068 fileName=experiment-output/0000/slave-021/client-219.trc
zerolog: could not write event: write experiment-output/0000/slave-021/client-220.log: file already closed
zerolog: could not write event: write experiment-output/0000/slave-021/client-220.log: file already closed
zerolog: could not write event: write experiment-output/0000/slave-021/client-220.log: file already closed
18:27:41.506 INF Stopping Tracer. events=713 fileName=experiment-output/0000/slave-021/client-208.trc
zerolog: could not write event: write experiment-output/0000/slave-021/client-219.log: file already closed
zerolog: could not write event: write experiment-output/0000/slave-021/client-244.log: file already closed
zerolog: could not write event: write experiment-output/0000/slave-021/client-219.log: file already closed
zerolog: could not write event: write experiment-output/0000/slave-021/client-219.log: file already closed
zerolog: could not write event: write experiment-output/0000/slave-021/client-219.log: file already closed
zerolog: could not write event: write experiment-output/0000/slave-021/client-244.log: file already closed
zerolog: could not write event: write experiment-output/0000/slave-021/client-244.log: file already closed
zerolog: could not write event: write experiment-output/0000/slave-021/client-244.log: file already closed
zerolog: could not write event: write experiment-output/0000/slave-021/client-220.log: file already closed
zerolog: could not write event: write experiment-output/0000/slave-021/client-208.log: file already closed
zerolog: could not write event: write experiment-output/0000/slave-021/client-208.log: file already closed
zerolog: could not write event: write experiment-output/0000/slave-021/client-208.log: file already closed
zerolog: could not write event: write experiment-output/0000/slave-021/client-208.log: file already closed
18:27:41.507 INF Trace data written.
18:27:41.507 INF Trace data written.
18:27:41.507 INF Trace data written.
18:27:41.508 INF Trace data written.
18:27:41.508 INF Stopping Tracer. events=713 fileName=experiment-output/0000/slave-021/client-192.trc
zerolog: could not write event: write experiment-output/0000/slave-021/client-192.log: file already closed
zerolog: could not write event: write experiment-output/0000/slave-021/client-192.log: file already closed
zerolog: could not write event: write experiment-output/0000/slave-021/client-192.log: file already closed
zerolog: could not write event: write experiment-output/0000/slave-021/client-192.log: file already closed
18:27:41.509 INF Trace data written.
18:27:41.509 INF Done.
18:27:41.509 INF Stopping profiler.
zerolog: could not write event: write experiment-output/0000/slave-021/client-206.log: file already closed
zerolog: could not write event: write experiment-output/0000/slave-021/client-206.log: file already closed
zerolog: could not write event: write experiment-output/0000/slave-021/client-206.log: file already closed
zerolog: could not write event: write experiment-output/0000/slave-021/client-206.log: file already closed
zerolog: could not write event: write experiment-output/0000/slave-021/client-253.log: file already closed
zerolog: could not write event: write experiment-output/0000/slave-021/client-253.log: file already closed
zerolog: could not write event: write experiment-output/0000/slave-021/client-253.log: file already closed
zerolog: could not write event: write experiment-output/0000/slave-021/client-253.log: file already closed
zerolog: could not write event: write experiment-output/0000/slave-021/client-196.log: file already closed
zerolog: could not write event: write experiment-output/0000/slave-021/client-196.log: file already closed
zerolog: could not write event: write experiment-output/0000/slave-021/client-244.log: file already closed
zerolog: could not write event: write experiment-output/0000/slave-021/client-220.log: file already closed
zerolog: could not write event: write experiment-output/0000/slave-021/client-244.log: file already closed
zerolog: could not write event: write experiment-output/0000/slave-021/client-219.log: file already closed
zerolog: could not write event: write experiment-output/0000/slave-021/client-208.log: file already closed
zerolog: could not write event: write experiment-output/0000/slave-021/client-244.log: file already closed
zerolog: could not write event: write experiment-output/0000/slave-021/client-220.log: file already closed
zerolog: could not write event: write experiment-output/0000/slave-021/client-192.log: file already closed
zerolog: could not write event: write experiment-output/0000/slave-021/client-192.log: file already closed
zerolog: could not write event: write experiment-output/0000/slave-021/client-192.log: file already closed
zerolog: could not write event: write experiment-output/0000/slave-021/client-196.log: file already closed
zerolog: could not write event: write experiment-output/0000/slave-021/client-196.log: file already closed
zerolog: could not write event: write experiment-output/0000/slave-021/client-219.log: file already closed
zerolog: could not write event: write experiment-output/0000/slave-021/client-219.log: file already closed
zerolog: could not write event: write experiment-output/0000/slave-021/client-220.log: file already closed
zerolog: could not write event: write experiment-output/0000/slave-021/client-208.log: file already closed
zerolog: could not write event: write experiment-output/0000/slave-021/client-220.log: file already closed
zerolog: could not write event: write experiment-output/0000/slave-021/client-208.log: file already closed
zerolog: could not write event: write experiment-output/0000/slave-021/client-208.log: file already closed
zerolog: could not write event: write experiment-output/0000/slave-021/client-219.log: file already closed
zerolog: could not write event: write experiment-output/0000/slave-021/client-244.log: file already closed
zerolog: could not write event: write experiment-output/0000/slave-021/client-192.log: file already closed
zerolog: could not write event: write experiment-output/0000/slave-021/client-206.log: file already closed
zerolog: could not write event: write experiment-output/0000/slave-021/client-206.log: file already closed
zerolog: could not write event: write experiment-output/0000/slave-021/client-206.log: file already closed
zerolog: could not write event: write experiment-output/0000/slave-021/client-206.log: file already closed
zerolog: could not write event: write experiment-output/0000/slave-021/client-253.log: file already closed
zerolog: could not write event: write experiment-output/0000/slave-021/client-253.log: file already closed
zerolog: could not write event: write experiment-output/0000/slave-021/client-253.log: file already closed
18:27:41.670 INF Profile data written. filename=experiment-output/0000/slave-021/prof-client.cpu name=cpu
zerolog: could not write event: write experiment-output/0000/slave-021/client-253.log: file already closed
zerolog: could not write event: write experiment-output/0000/slave-021/client-196.log: file already closed
zerolog: could not write event: write experiment-output/0000/slave-021/client-196.log: file already closed
zerolog: could not write event: write experiment-output/0000/slave-021/client-196.log: file already closed
zerolog: could not write event: write experiment-output/0000/slave-021/client-196.log: file already closed
18:27:41.688 INF Profile data written. filename=experiment-output/0000/slave-021/prof-client.block name=block
zerolog: could not write event: write experiment-output/0000/slave-021/client-220.log: file already closed
zerolog: could not write event: write experiment-output/0000/slave-021/client-220.log: file already closed
zerolog: could not write event: write experiment-output/0000/slave-021/client-244.log: file already closed
zerolog: could not write event: write experiment-output/0000/slave-021/client-244.log: file already closed
zerolog: could not write event: write experiment-output/0000/slave-021/client-219.log: file already closed
zerolog: could not write event: write experiment-output/0000/slave-021/client-220.log: file already closed
zerolog: could not write event: write experiment-output/0000/slave-021/client-244.log: file already closed
zerolog: could not write event: write experiment-output/0000/slave-021/client-219.log: file already closed
zerolog: could not write event: write experiment-output/0000/slave-021/client-244.log: file already closed
zerolog: could not write event: write experiment-output/0000/slave-021/client-220.log: file already closed
zerolog: could not write event: write experiment-output/0000/slave-021/client-208.log: file already closed
zerolog: could not write event: write experiment-output/0000/slave-021/client-219.log: file already closed
zerolog: could not write event: write experiment-output/0000/slave-021/client-208.log: file already closed
zerolog: could not write event: write experiment-output/0000/slave-021/client-208.log: file already closed
zerolog: could not write event: write experiment-output/0000/slave-021/client-219.log: file already closed
zerolog: could not write event: write experiment-output/0000/slave-021/client-208.log: file already closed
zerolog: could not write event: write experiment-output/0000/slave-021/client-192.log: file already closed
18:27:41.694 INF Profile data written. filename=experiment-output/0000/slave-021/prof-client.mutex name=mutex
