{"level":"debug","Logging":"info","time":"2023-03-30T18:02:21Z","message":"Config"}
{"level":"debug","UseTLS":false,"time":"2023-03-30T18:02:21Z","message":"Config"}
{"level":"debug","CACertFile":"tls-data/ca.pem","time":"2023-03-30T18:02:21Z","message":"Config"}
{"level":"debug","KeyFile":"tls-data/auth.key","time":"2023-03-30T18:02:21Z","message":"Config"}
{"level":"debug","CertFile":"tls-data/auth.pem","time":"2023-03-30T18:02:21Z","message":"Config"}
{"level":"debug","PriorityConnections":2,"time":"2023-03-30T18:02:21Z","message":"Config"}
{"level":"debug","BasicConnections":1,"time":"2023-03-30T18:02:21Z","message":"Config"}
{"level":"debug","TestConnections":false,"time":"2023-03-30T18:02:21Z","message":"Config"}
{"level":"debug","ExcessConnections":1,"time":"2023-03-30T18:02:21Z","message":"Config"}
{"level":"debug","ConnectionTestMsgs":4,"time":"2023-03-30T18:02:21Z","message":"Config"}
{"level":"debug","ConnectionTestPayload":131072,"time":"2023-03-30T18:02:21Z","message":"Config"}
{"level":"debug","OutMessageBufsize":1024,"time":"2023-03-30T18:02:21Z","message":"Config"}
{"level":"debug","OutMessageBufsize":4,"time":"2023-03-30T18:02:21Z","message":"Config"}
{"level":"debug","ThroughputCap":131072000,"time":"2023-03-30T18:02:21Z","message":"Config"}
{"level":"debug","StragglerTolerance":1000,"time":"2023-03-30T18:02:21Z","message":"Config"}
{"level":"debug","BatchSizeIncrement":256,"time":"2023-03-30T18:02:21Z","message":"Config"}
{"level":"debug","Orderer":"Pbft","time":"2023-03-30T18:02:21Z","message":"Config"}
{"level":"debug","Manager":"Mir","time":"2023-03-30T18:02:21Z","message":"Config"}
{"level":"debug","Failures":0,"time":"2023-03-30T18:02:21Z","message":"Config"}
{"level":"debug","StragglerCnt":3,"time":"2023-03-30T18:02:21Z","message":"Config"}
{"level":"debug","PrivKeyCnt":10,"time":"2023-03-30T18:02:21Z","message":"Config"}
{"level":"debug","UseSig":false,"time":"2023-03-30T18:02:21Z","message":"Config"}
{"level":"debug","CrashTiming":"Straggler","time":"2023-03-30T18:02:21Z","message":"Config"}
{"level":"debug","CheckpointInterval":1024,"time":"2023-03-30T18:02:21Z","message":"Config"}
{"level":"debug","WatermarkWindowSize":1024,"time":"2023-03-30T18:02:21Z","message":"Config"}
{"level":"debug","EpochLength":1024,"time":"2023-03-30T18:02:21Z","message":"Config"}
{"level":"debug","SegmentLength":64,"time":"2023-03-30T18:02:21Z","message":"Config"}
{"level":"debug","WaitForCheckpoints":true,"time":"2023-03-30T18:02:21Z","message":"Config"}
{"level":"debug","ClientWatermarkWindowSize":24576,"time":"2023-03-30T18:02:21Z","message":"Config"}
{"level":"debug","ClientRequestBacklogSize":24576,"time":"2023-03-30T18:02:21Z","message":"Config"}
{"level":"debug","RandomSeed":21073,"time":"2023-03-30T18:02:21Z","message":"Config"}
{"level":"debug","NodeToLeaderRatio":1,"time":"2023-03-30T18:02:21Z","message":"Config"}
{"level":"debug","LeaderPolicy":"Simple","time":"2023-03-30T18:02:21Z","message":"Config"}
{"level":"debug","DefaultLeaderBan":2,"time":"2023-03-30T18:02:21Z","message":"Config"}
{"level":"debug","NumBuckets":256,"time":"2023-03-30T18:02:21Z","message":"Config"}
{"level":"debug","BatchSize":1000,"time":"2023-03-30T18:02:21Z","message":"Config"}
{"level":"debug","DisabledViewChange":false,"time":"2023-03-30T18:02:21Z","message":"Config"}
{"level":"debug","ViewChangeTimeout":60000,"time":"2023-03-30T18:02:21Z","message":"Config"}
{"level":"debug","ClientTraceSampling":10,"time":"2023-03-30T18:02:21Z","message":"Config"}
{"level":"debug","EventBufferSize":2097152,"time":"2023-03-30T18:02:21Z","message":"Config"}
{"level":"debug","TraceSampling":1,"time":"2023-03-30T18:02:21Z","message":"Config"}
{"level":"debug","ClientsPerProcess":8,"time":"2023-03-30T18:02:21Z","message":"Config"}
{"level":"debug","RequestsPerClient":4687,"time":"2023-03-30T18:02:21Z","message":"Config"}
{"level":"debug","ClientRunTime":15000,"time":"2023-03-30T18:02:21Z","message":"Config"}
{"level":"debug","RequestRate":156,"time":"2023-03-30T18:02:21Z","message":"Config"}
{"level":"debug","HardRequestRateLimit":false,"time":"2023-03-30T18:02:21Z","message":"Config"}
{"level":"debug","RequestPayloadSize":500,"time":"2023-03-30T18:02:21Z","message":"Config"}
{"level":"debug","SignRequests":true,"time":"2023-03-30T18:02:21Z","message":"Config"}
{"level":"debug","ClientPrivKeyFile":"tls-data/client-ecdsa-256.key","time":"2023-03-30T18:02:21Z","message":"Config"}
{"level":"debug","ClientPubKeyFile":"tls-data/client-ecdsa-256.pem","time":"2023-03-30T18:02:21Z","message":"Config"}
{"level":"debug","PrecomputeRequests":false,"time":"2023-03-30T18:02:21Z","message":"Config"}
{"level":"debug","RequestHandlerThreads":32,"time":"2023-03-30T18:02:21Z","message":"Config"}
{"level":"debug","RequestInputChannelBuffer":8192,"time":"2023-03-30T18:02:21Z","message":"Config"}
{"level":"debug","BatchVerifier":"external","time":"2023-03-30T18:02:21Z","message":"Config"}
18:02:21.270 INF Started Profiler: CPU
18:02:21.270 INF Started Profiler: BLOCK
18:02:21.270 INF Started Profiler: MUTEX
18:02:21.270 INF Starting clients. numClients=8 numRequests=4687
18:02:21.270 INF Initilizing clients.
18:02:21.682 INF Registared with discovery server. numOrderers=16 ownClientId=138
18:02:21.684 INF Registared with discovery server. numOrderers=16 ownClientId=150
18:02:21.684 INF Registared with discovery server. numOrderers=16 ownClientId=166
18:02:21.684 INF Registared with discovery server. numOrderers=16 ownClientId=158
18:02:21.685 INF Registared with discovery server. numOrderers=16 ownClientId=169
18:02:21.686 INF Registared with discovery server. numOrderers=16 ownClientId=176
18:02:21.688 INF Registared with discovery server. numOrderers=16 ownClientId=190
18:02:21.688 INF Registared with discovery server. numOrderers=16 ownClientId=191
18:02:21.688 INF Clients initialized.
18:02:21.688 INF Launching clients.
18:02:21.688 INF Waiting for clients.
18:03:52.860 INF Stopping Tracer. events=1468 fileName=experiment-output/0000/slave-026/client-176.trc
zerolog: could not write event: write experiment-output/0000/slave-026/client-176.log: file already closed
zerolog: could not write event: write experiment-output/0000/slave-026/client-176.log: file already closed
zerolog: could not write event: write experiment-output/0000/slave-026/client-176.log: file already closed
zerolog: could not write event: write experiment-output/0000/slave-026/client-176.log: file already closed
18:03:52.862 INF Trace data written.
18:03:52.871 INF Stopping Tracer. events=941 fileName=experiment-output/0000/slave-026/client-191.trc
zerolog: could not write event: write experiment-output/0000/slave-026/client-191.log: file already closed
zerolog: could not write event: write experiment-output/0000/slave-026/client-191.log: file already closed
zerolog: could not write event: write experiment-output/0000/slave-026/client-191.log: file already closed
zerolog: could not write event: write experiment-output/0000/slave-026/client-191.log: file already closed
18:03:52.873 INF Trace data written.
18:03:52.886 INF Stopping Tracer. events=1469 fileName=experiment-output/0000/slave-026/client-166.trc
zerolog: could not write event: write experiment-output/0000/slave-026/client-166.log: file already closed
zerolog: could not write event: write experiment-output/0000/slave-026/client-166.log: file already closed
18:03:52.887 INF Stopping Tracer. events=1605 fileName=experiment-output/0000/slave-026/client-190.trc
zerolog: could not write event: write experiment-output/0000/slave-026/client-166.log: file already closed
zerolog: could not write event: write experiment-output/0000/slave-026/client-166.log: file already closed
18:03:52.887 INF Stopping Tracer. events=1461 fileName=experiment-output/0000/slave-026/client-158.trc
zerolog: could not write event: write experiment-output/0000/slave-026/client-190.log: file already closed
zerolog: could not write event: write experiment-output/0000/slave-026/client-190.log: file already closed
zerolog: could not write event: write experiment-output/0000/slave-026/client-190.log: file already closed
zerolog: could not write event: write experiment-output/0000/slave-026/client-190.log: file already closed
zerolog: could not write event: write experiment-output/0000/slave-026/client-158.log: file already closed
zerolog: could not write event: write experiment-output/0000/slave-026/client-158.log: file already closed
zerolog: could not write event: write experiment-output/0000/slave-026/client-158.log: file already closed
zerolog: could not write event: write experiment-output/0000/slave-026/client-158.log: file already closed
18:03:52.889 INF Trace data written.
18:03:52.890 INF Trace data written.
18:03:52.890 INF Trace data written.
18:03:52.891 INF Stopping Tracer. events=941 fileName=experiment-output/0000/slave-026/client-169.trc
zerolog: could not write event: write experiment-output/0000/slave-026/client-169.log: file already closed
zerolog: could not write event: write experiment-output/0000/slave-026/client-169.log: file already closed
zerolog: could not write event: write experiment-output/0000/slave-026/client-169.log: file already closed
zerolog: could not write event: write experiment-output/0000/slave-026/client-169.log: file already closed
18:03:52.892 INF Trace data written.
18:03:52.896 INF Stopping Tracer. events=1462 fileName=experiment-output/0000/slave-026/client-150.trc
18:03:52.896 INF Stopping Tracer. events=1437 fileName=experiment-output/0000/slave-026/client-138.trc
zerolog: could not write event: write experiment-output/0000/slave-026/client-150.log: file already closed
zerolog: could not write event: write experiment-output/0000/slave-026/client-138.log: file already closed
zerolog: could not write event: write experiment-output/0000/slave-026/client-138.log: file already closed
zerolog: could not write event: write experiment-output/0000/slave-026/client-150.log: file already closed
zerolog: could not write event: write experiment-output/0000/slave-026/client-150.log: file already closed
zerolog: could not write event: write experiment-output/0000/slave-026/client-138.log: file already closed
zerolog: could not write event: write experiment-output/0000/slave-026/client-138.log: file already closed
zerolog: could not write event: write experiment-output/0000/slave-026/client-150.log: file already closed
18:03:52.898 INF Trace data written.
18:03:52.898 INF Trace data written.
18:03:52.899 INF Done.
18:03:52.899 INF Stopping profiler.
zerolog: could not write event: write experiment-output/0000/slave-026/client-176.log: file already closed
zerolog: could not write event: write experiment-output/0000/slave-026/client-176.log: file already closed
zerolog: could not write event: write experiment-output/0000/slave-026/client-176.log: file already closed
zerolog: could not write event: write experiment-output/0000/slave-026/client-191.log: file already closed
zerolog: could not write event: write experiment-output/0000/slave-026/client-191.log: file already closed
zerolog: could not write event: write experiment-output/0000/slave-026/client-191.log: file already closed
zerolog: could not write event: write experiment-output/0000/slave-026/client-176.log: file already closed
zerolog: could not write event: write experiment-output/0000/slave-026/client-191.log: file already closed
zerolog: could not write event: write experiment-output/0000/slave-026/client-190.log: file already closed
zerolog: could not write event: write experiment-output/0000/slave-026/client-190.log: file already closed
zerolog: could not write event: write experiment-output/0000/slave-026/client-190.log: file already closed
zerolog: could not write event: write experiment-output/0000/slave-026/client-158.log: file already closed
zerolog: could not write event: write experiment-output/0000/slave-026/client-158.log: file already closed
zerolog: could not write event: write experiment-output/0000/slave-026/client-166.log: file already closed
zerolog: could not write event: write experiment-output/0000/slave-026/client-158.log: file already closed
zerolog: could not write event: write experiment-output/0000/slave-026/client-176.log: file already closed
zerolog: could not write event: write experiment-output/0000/slave-026/client-169.log: file already closed
zerolog: could not write event: write experiment-output/0000/slave-026/client-176.log: file already closed
zerolog: could not write event: write experiment-output/0000/slave-026/client-176.log: file already closed
zerolog: could not write event: write experiment-output/0000/slave-026/client-169.log: file already closed
zerolog: could not write event: write experiment-output/0000/slave-026/client-176.log: file already closed
zerolog: could not write event: write experiment-output/0000/slave-026/client-169.log: file already closed
zerolog: could not write event: write experiment-output/0000/slave-026/client-150.log: file already closed
zerolog: could not write event: write experiment-output/0000/slave-026/client-138.log: file already closed
zerolog: could not write event: write experiment-output/0000/slave-026/client-138.log: file already closed
zerolog: could not write event: write experiment-output/0000/slave-026/client-138.log: file already closed
zerolog: could not write event: write experiment-output/0000/slave-026/client-138.log: file already closed
zerolog: could not write event: write experiment-output/0000/slave-026/client-190.log: file already closed
zerolog: could not write event: write experiment-output/0000/slave-026/client-166.log: file already closed
zerolog: could not write event: write experiment-output/0000/slave-026/client-166.log: file already closed
zerolog: could not write event: write experiment-output/0000/slave-026/client-191.log: file already closed
zerolog: could not write event: write experiment-output/0000/slave-026/client-158.log: file already closed
zerolog: could not write event: write experiment-output/0000/slave-026/client-166.log: file already closed
zerolog: could not write event: write experiment-output/0000/slave-026/client-191.log: file already closed
zerolog: could not write event: write experiment-output/0000/slave-026/client-191.log: file already closed
zerolog: could not write event: write experiment-output/0000/slave-026/client-191.log: file already closed
zerolog: could not write event: write experiment-output/0000/slave-026/client-169.log: file already closed
zerolog: could not write event: write experiment-output/0000/slave-026/client-150.log: file already closed
zerolog: could not write event: write experiment-output/0000/slave-026/client-150.log: file already closed
zerolog: could not write event: write experiment-output/0000/slave-026/client-150.log: file already closed
zerolog: could not write event: write experiment-output/0000/slave-026/client-166.log: file already closed
zerolog: could not write event: write experiment-output/0000/slave-026/client-190.log: file already closed
zerolog: could not write event: write experiment-output/0000/slave-026/client-190.log: file already closed
zerolog: could not write event: write experiment-output/0000/slave-026/client-166.log: file already closed
zerolog: could not write event: write experiment-output/0000/slave-026/client-166.log: file already closed
zerolog: could not write event: write experiment-output/0000/slave-026/client-166.log: file already closed
zerolog: could not write event: write experiment-output/0000/slave-026/client-190.log: file already closed
zerolog: could not write event: write experiment-output/0000/slave-026/client-158.log: file already closed
zerolog: could not write event: write experiment-output/0000/slave-026/client-158.log: file already closed
zerolog: could not write event: write experiment-output/0000/slave-026/client-158.log: file already closed
zerolog: could not write event: write experiment-output/0000/slave-026/client-190.log: file already closed
zerolog: could not write event: write experiment-output/0000/slave-026/client-158.log: file already closed
zerolog: could not write event: write experiment-output/0000/slave-026/client-169.log: file already closed
zerolog: could not write event: write experiment-output/0000/slave-026/client-169.log: file already closed
zerolog: could not write event: write experiment-output/0000/slave-026/client-169.log: file already closed
zerolog: could not write event: write experiment-output/0000/slave-026/client-169.log: file already closed
zerolog: could not write event: write experiment-output/0000/slave-026/client-150.log: file already closed
zerolog: could not write event: write experiment-output/0000/slave-026/client-150.log: file already closed
zerolog: could not write event: write experiment-output/0000/slave-026/client-150.log: file already closed
zerolog: could not write event: write experiment-output/0000/slave-026/client-138.log: file already closed
zerolog: could not write event: write experiment-output/0000/slave-026/client-138.log: file already closed
zerolog: could not write event: write experiment-output/0000/slave-026/client-138.log: file already closed
zerolog: could not write event: write experiment-output/0000/slave-026/client-150.log: file already closed
zerolog: could not write event: write experiment-output/0000/slave-026/client-138.log: file already closed
zerolog: could not write event: write experiment-output/0000/slave-026/client-176.log: file already closed
zerolog: could not write event: write experiment-output/0000/slave-026/client-176.log: file already closed
zerolog: could not write event: write experiment-output/0000/slave-026/client-176.log: file already closed
zerolog: could not write event: write experiment-output/0000/slave-026/client-176.log: file already closed
18:03:53.077 INF Profile data written. filename=experiment-output/0000/slave-026/prof-client.cpu name=cpu
zerolog: could not write event: write experiment-output/0000/slave-026/client-191.log: file already closed
zerolog: could not write event: write experiment-output/0000/slave-026/client-191.log: file already closed
zerolog: could not write event: write experiment-output/0000/slave-026/client-191.log: file already closed
zerolog: could not write event: write experiment-output/0000/slave-026/client-191.log: file already closed
18:03:53.096 INF Profile data written. filename=experiment-output/0000/slave-026/prof-client.block name=block
zerolog: could not write event: write experiment-output/0000/slave-026/client-166.log: file already closed
zerolog: could not write event: write experiment-output/0000/slave-026/client-166.log: file already closed
zerolog: could not write event: write experiment-output/0000/slave-026/client-166.log: file already closed
zerolog: could not write event: write experiment-output/0000/slave-026/client-158.log: file already closed
zerolog: could not write event: write experiment-output/0000/slave-026/client-158.log: file already closed
zerolog: could not write event: write experiment-output/0000/slave-026/client-190.log: file already closed
zerolog: could not write event: write experiment-output/0000/slave-026/client-166.log: file already closed
zerolog: could not write event: write experiment-output/0000/slave-026/client-190.log: file already closed
zerolog: could not write event: write experiment-output/0000/slave-026/client-190.log: file already closed
18:03:53.102 INF Profile data written. filename=experiment-output/0000/slave-026/prof-client.mutex name=mutex
