{"level":"debug","Logging":"info","time":"2023-03-24T03:16:55Z","message":"Config"}
{"level":"debug","UseTLS":false,"time":"2023-03-24T03:16:55Z","message":"Config"}
{"level":"debug","CACertFile":"tls-data/ca.pem","time":"2023-03-24T03:16:55Z","message":"Config"}
{"level":"debug","KeyFile":"tls-data/auth.key","time":"2023-03-24T03:16:55Z","message":"Config"}
{"level":"debug","CertFile":"tls-data/auth.pem","time":"2023-03-24T03:16:55Z","message":"Config"}
{"level":"debug","PriorityConnections":2,"time":"2023-03-24T03:16:55Z","message":"Config"}
{"level":"debug","BasicConnections":1,"time":"2023-03-24T03:16:55Z","message":"Config"}
{"level":"debug","TestConnections":false,"time":"2023-03-24T03:16:55Z","message":"Config"}
{"level":"debug","ExcessConnections":1,"time":"2023-03-24T03:16:55Z","message":"Config"}
{"level":"debug","ConnectionTestMsgs":4,"time":"2023-03-24T03:16:55Z","message":"Config"}
{"level":"debug","ConnectionTestPayload":131072,"time":"2023-03-24T03:16:55Z","message":"Config"}
{"level":"debug","OutMessageBufsize":1024,"time":"2023-03-24T03:16:55Z","message":"Config"}
{"level":"debug","OutMessageBufsize":4,"time":"2023-03-24T03:16:55Z","message":"Config"}
{"level":"debug","ThroughputCap":131072000,"time":"2023-03-24T03:16:55Z","message":"Config"}
{"level":"debug","StragglerTolerance":1000,"time":"2023-03-24T03:16:55Z","message":"Config"}
{"level":"debug","BatchSizeIncrement":256,"time":"2023-03-24T03:16:55Z","message":"Config"}
{"level":"debug","Orderer":"Pbft","time":"2023-03-24T03:16:55Z","message":"Config"}
{"level":"debug","Manager":"Mir","time":"2023-03-24T03:16:55Z","message":"Config"}
{"level":"debug","Failures":0,"time":"2023-03-24T03:16:55Z","message":"Config"}
{"level":"debug","StragglerCnt":1,"time":"2023-03-24T03:16:55Z","message":"Config"}
{"level":"debug","PrivKeyCnt":10,"time":"2023-03-24T03:16:55Z","message":"Config"}
{"level":"debug","UseSig":false,"time":"2023-03-24T03:16:55Z","message":"Config"}
{"level":"debug","CrashTiming":"Straggler","time":"2023-03-24T03:16:55Z","message":"Config"}
{"level":"debug","CheckpointInterval":512,"time":"2023-03-24T03:16:55Z","message":"Config"}
{"level":"debug","WatermarkWindowSize":512,"time":"2023-03-24T03:16:55Z","message":"Config"}
{"level":"debug","EpochLength":512,"time":"2023-03-24T03:16:55Z","message":"Config"}
{"level":"debug","SegmentLength":32,"time":"2023-03-24T03:16:55Z","message":"Config"}
{"level":"debug","WaitForCheckpoints":true,"time":"2023-03-24T03:16:55Z","message":"Config"}
{"level":"debug","ClientWatermarkWindowSize":16384,"time":"2023-03-24T03:16:55Z","message":"Config"}
{"level":"debug","ClientRequestBacklogSize":16384,"time":"2023-03-24T03:16:55Z","message":"Config"}
{"level":"debug","RandomSeed":21955,"time":"2023-03-24T03:16:55Z","message":"Config"}
{"level":"debug","NodeToLeaderRatio":1,"time":"2023-03-24T03:16:55Z","message":"Config"}
{"level":"debug","LeaderPolicy":"Simple","time":"2023-03-24T03:16:55Z","message":"Config"}
{"level":"debug","DefaultLeaderBan":2,"time":"2023-03-24T03:16:55Z","message":"Config"}
{"level":"debug","NumBuckets":256,"time":"2023-03-24T03:16:55Z","message":"Config"}
{"level":"debug","BatchSize":2500,"time":"2023-03-24T03:16:55Z","message":"Config"}
{"level":"debug","DisabledViewChange":false,"time":"2023-03-24T03:16:55Z","message":"Config"}
{"level":"debug","ViewChangeTimeout":60000,"time":"2023-03-24T03:16:55Z","message":"Config"}
{"level":"debug","ClientTraceSampling":10,"time":"2023-03-24T03:16:55Z","message":"Config"}
{"level":"debug","EventBufferSize":2097152,"time":"2023-03-24T03:16:55Z","message":"Config"}
{"level":"debug","TraceSampling":1,"time":"2023-03-24T03:16:55Z","message":"Config"}
{"level":"debug","ClientsPerProcess":8,"time":"2023-03-24T03:16:55Z","message":"Config"}
{"level":"debug","RequestsPerClient":9375,"time":"2023-03-24T03:16:55Z","message":"Config"}
{"level":"debug","ClientRunTime":15000,"time":"2023-03-24T03:16:55Z","message":"Config"}
{"level":"debug","RequestRate":312,"time":"2023-03-24T03:16:55Z","message":"Config"}
{"level":"debug","HardRequestRateLimit":false,"time":"2023-03-24T03:16:55Z","message":"Config"}
{"level":"debug","RequestPayloadSize":500,"time":"2023-03-24T03:16:55Z","message":"Config"}
{"level":"debug","SignRequests":true,"time":"2023-03-24T03:16:55Z","message":"Config"}
{"level":"debug","ClientPrivKeyFile":"tls-data/client-ecdsa-256.key","time":"2023-03-24T03:16:55Z","message":"Config"}
{"level":"debug","ClientPubKeyFile":"tls-data/client-ecdsa-256.pem","time":"2023-03-24T03:16:55Z","message":"Config"}
{"level":"debug","PrecomputeRequests":false,"time":"2023-03-24T03:16:55Z","message":"Config"}
{"level":"debug","RequestHandlerThreads":32,"time":"2023-03-24T03:16:55Z","message":"Config"}
{"level":"debug","RequestInputChannelBuffer":8192,"time":"2023-03-24T03:16:55Z","message":"Config"}
{"level":"debug","BatchVerifier":"external","time":"2023-03-24T03:16:55Z","message":"Config"}
03:16:55.708 INF Started Profiler: CPU
03:16:55.708 INF Started Profiler: BLOCK
03:16:55.708 INF Started Profiler: MUTEX
03:16:55.708 INF Starting clients. numClients=8 numRequests=9375
03:16:55.708 INF Initilizing clients.
03:16:56.104 INF Registared with discovery server. numOrderers=16 ownClientId=141
03:16:56.104 INF Registared with discovery server. numOrderers=16 ownClientId=140
03:16:56.108 INF Registared with discovery server. numOrderers=16 ownClientId=168
03:16:56.108 INF Registared with discovery server. numOrderers=16 ownClientId=162
03:16:56.108 INF Registared with discovery server. numOrderers=16 ownClientId=171
03:16:56.110 INF Registared with discovery server. numOrderers=16 ownClientId=178
03:16:56.110 INF Registared with discovery server. numOrderers=16 ownClientId=184
03:16:56.111 INF Registared with discovery server. numOrderers=16 ownClientId=190
03:16:56.111 INF Clients initialized.
03:16:56.111 INF Launching clients.
03:16:56.111 INF Waiting for clients.
03:18:00.249 INF Stopping Tracer. events=1877 fileName=experiment-output/0003/slave-025/client-141.trc
zerolog: could not write event: write experiment-output/0003/slave-025/client-141.log: file already closed
zerolog: could not write event: write experiment-output/0003/slave-025/client-141.log: file already closed
zerolog: could not write event: write experiment-output/0003/slave-025/client-141.log: file already closed
zerolog: could not write event: write experiment-output/0003/slave-025/client-141.log: file already closed
03:18:00.252 INF Trace data written.
03:18:00.263 INF Stopping Tracer. events=2885 fileName=experiment-output/0003/slave-025/client-140.trc
zerolog: could not write event: write experiment-output/0003/slave-025/client-140.log: file already closed
zerolog: could not write event: write experiment-output/0003/slave-025/client-140.log: file already closed
zerolog: could not write event: write experiment-output/0003/slave-025/client-140.log: file already closed
zerolog: could not write event: write experiment-output/0003/slave-025/client-140.log: file already closed
03:18:00.268 INF Trace data written.
03:18:00.271 INF Stopping Tracer. events=2901 fileName=experiment-output/0003/slave-025/client-190.trc
03:18:00.271 INF Stopping Tracer. events=2688 fileName=experiment-output/0003/slave-025/client-168.trc
zerolog: could not write event: write experiment-output/0003/slave-025/client-190.log: file already closed
zerolog: could not write event: write experiment-output/0003/slave-025/client-190.log: file already closed
zerolog: could not write event: write experiment-output/0003/slave-025/client-190.log: file already closed
zerolog: could not write event: write experiment-output/0003/slave-025/client-190.log: file already closed
zerolog: could not write event: write experiment-output/0003/slave-025/client-168.log: file already closed
zerolog: could not write event: write experiment-output/0003/slave-025/client-168.log: file already closed
zerolog: could not write event: write experiment-output/0003/slave-025/client-168.log: file already closed
zerolog: could not write event: write experiment-output/0003/slave-025/client-168.log: file already closed
03:18:00.275 INF Trace data written.
03:18:00.276 INF Trace data written.
03:18:00.276 INF Stopping Tracer. events=2722 fileName=experiment-output/0003/slave-025/client-178.trc
03:18:00.277 INF Stopping Tracer. events=2947 fileName=experiment-output/0003/slave-025/client-162.trc
zerolog: could not write event: write experiment-output/0003/slave-025/client-178.log: file already closed
zerolog: could not write event: write experiment-output/0003/slave-025/client-178.log: file already closed
zerolog: could not write event: write experiment-output/0003/slave-025/client-178.log: file already closed
03:18:00.277 INF Stopping Tracer. events=2753 fileName=experiment-output/0003/slave-025/client-184.trc
zerolog: could not write event: write experiment-output/0003/slave-025/client-178.log: file already closed
zerolog: could not write event: write experiment-output/0003/slave-025/client-162.log: file already closed
zerolog: could not write event: write experiment-output/0003/slave-025/client-162.log: file already closed
zerolog: could not write event: write experiment-output/0003/slave-025/client-184.log: file already closed
zerolog: could not write event: write experiment-output/0003/slave-025/client-162.log: file already closed
zerolog: could not write event: write experiment-output/0003/slave-025/client-184.log: file already closed
zerolog: could not write event: write experiment-output/0003/slave-025/client-184.log: file already closed
zerolog: could not write event: write experiment-output/0003/slave-025/client-184.log: file already closed
03:18:00.277 INF Stopping Tracer. events=1877 fileName=experiment-output/0003/slave-025/client-171.trc
zerolog: could not write event: write experiment-output/0003/slave-025/client-171.log: file already closed
zerolog: could not write event: write experiment-output/0003/slave-025/client-171.log: file already closed
zerolog: could not write event: write experiment-output/0003/slave-025/client-162.log: file already closed
zerolog: could not write event: write experiment-output/0003/slave-025/client-171.log: file already closed
zerolog: could not write event: write experiment-output/0003/slave-025/client-171.log: file already closed
03:18:00.281 INF Trace data written.
03:18:00.281 INF Trace data written.
03:18:00.283 INF Trace data written.
03:18:00.284 INF Trace data written.
03:18:00.284 INF Done.
03:18:00.284 INF Stopping profiler.
03:18:00.302 INF Profile data written. filename=experiment-output/0003/slave-025/prof-client.mutex name=mutex
zerolog: could not write event: write experiment-output/0003/slave-025/client-141.log: file already closed
zerolog: could not write event: write experiment-output/0003/slave-025/client-141.log: file already closed
zerolog: could not write event: write experiment-output/0003/slave-025/client-141.log: file already closed
zerolog: could not write event: write experiment-output/0003/slave-025/client-141.log: file already closed
zerolog: could not write event: write experiment-output/0003/slave-025/client-140.log: file already closed
zerolog: could not write event: write experiment-output/0003/slave-025/client-190.log: file already closed
zerolog: could not write event: write experiment-output/0003/slave-025/client-168.log: file already closed
zerolog: could not write event: write experiment-output/0003/slave-025/client-190.log: file already closed
zerolog: could not write event: write experiment-output/0003/slave-025/client-190.log: file already closed
zerolog: could not write event: write experiment-output/0003/slave-025/client-168.log: file already closed
zerolog: could not write event: write experiment-output/0003/slave-025/client-168.log: file already closed
zerolog: could not write event: write experiment-output/0003/slave-025/client-168.log: file already closed
zerolog: could not write event: write experiment-output/0003/slave-025/client-140.log: file already closed
zerolog: could not write event: write experiment-output/0003/slave-025/client-184.log: file already closed
zerolog: could not write event: write experiment-output/0003/slave-025/client-140.log: file already closed
zerolog: could not write event: write experiment-output/0003/slave-025/client-171.log: file already closed
zerolog: could not write event: write experiment-output/0003/slave-025/client-171.log: file already closed
zerolog: could not write event: write experiment-output/0003/slave-025/client-178.log: file already closed
zerolog: could not write event: write experiment-output/0003/slave-025/client-178.log: file already closed
zerolog: could not write event: write experiment-output/0003/slave-025/client-162.log: file already closed
zerolog: could not write event: write experiment-output/0003/slave-025/client-184.log: file already closed
zerolog: could not write event: write experiment-output/0003/slave-025/client-162.log: file already closed
zerolog: could not write event: write experiment-output/0003/slave-025/client-171.log: file already closed
zerolog: could not write event: write experiment-output/0003/slave-025/client-140.log: file already closed
zerolog: could not write event: write experiment-output/0003/slave-025/client-162.log: file already closed
zerolog: could not write event: write experiment-output/0003/slave-025/client-162.log: file already closed
zerolog: could not write event: write experiment-output/0003/slave-025/client-171.log: file already closed
zerolog: could not write event: write experiment-output/0003/slave-025/client-141.log: file already closed
zerolog: could not write event: write experiment-output/0003/slave-025/client-141.log: file already closed
zerolog: could not write event: write experiment-output/0003/slave-025/client-141.log: file already closed
zerolog: could not write event: write experiment-output/0003/slave-025/client-141.log: file already closed
zerolog: could not write event: write experiment-output/0003/slave-025/client-190.log: file already closed
zerolog: could not write event: write experiment-output/0003/slave-025/client-178.log: file already closed
zerolog: could not write event: write experiment-output/0003/slave-025/client-184.log: file already closed
zerolog: could not write event: write experiment-output/0003/slave-025/client-184.log: file already closed
zerolog: could not write event: write experiment-output/0003/slave-025/client-178.log: file already closed
zerolog: could not write event: write experiment-output/0003/slave-025/client-140.log: file already closed
zerolog: could not write event: write experiment-output/0003/slave-025/client-140.log: file already closed
zerolog: could not write event: write experiment-output/0003/slave-025/client-140.log: file already closed
zerolog: could not write event: write experiment-output/0003/slave-025/client-140.log: file already closed
zerolog: could not write event: write experiment-output/0003/slave-025/client-190.log: file already closed
zerolog: could not write event: write experiment-output/0003/slave-025/client-190.log: file already closed
zerolog: could not write event: write experiment-output/0003/slave-025/client-168.log: file already closed
zerolog: could not write event: write experiment-output/0003/slave-025/client-168.log: file already closed
zerolog: could not write event: write experiment-output/0003/slave-025/client-168.log: file already closed
zerolog: could not write event: write experiment-output/0003/slave-025/client-190.log: file already closed
zerolog: could not write event: write experiment-output/0003/slave-025/client-168.log: file already closed
zerolog: could not write event: write experiment-output/0003/slave-025/client-190.log: file already closed
zerolog: could not write event: write experiment-output/0003/slave-025/client-178.log: file already closed
zerolog: could not write event: write experiment-output/0003/slave-025/client-178.log: file already closed
zerolog: could not write event: write experiment-output/0003/slave-025/client-162.log: file already closed
zerolog: could not write event: write experiment-output/0003/slave-025/client-184.log: file already closed
zerolog: could not write event: write experiment-output/0003/slave-025/client-184.log: file already closed
zerolog: could not write event: write experiment-output/0003/slave-025/client-178.log: file already closed
zerolog: could not write event: write experiment-output/0003/slave-025/client-171.log: file already closed
zerolog: could not write event: write experiment-output/0003/slave-025/client-162.log: file already closed
zerolog: could not write event: write experiment-output/0003/slave-025/client-178.log: file already closed
zerolog: could not write event: write experiment-output/0003/slave-025/client-171.log: file already closed
zerolog: could not write event: write experiment-output/0003/slave-025/client-171.log: file already closed
zerolog: could not write event: write experiment-output/0003/slave-025/client-171.log: file already closed
zerolog: could not write event: write experiment-output/0003/slave-025/client-162.log: file already closed
zerolog: could not write event: write experiment-output/0003/slave-025/client-162.log: file already closed
zerolog: could not write event: write experiment-output/0003/slave-025/client-184.log: file already closed
zerolog: could not write event: write experiment-output/0003/slave-025/client-184.log: file already closed
03:18:00.456 INF Profile data written. filename=experiment-output/0003/slave-025/prof-client.cpu name=cpu
zerolog: could not write event: write experiment-output/0003/slave-025/client-141.log: file already closed
zerolog: could not write event: write experiment-output/0003/slave-025/client-141.log: file already closed
zerolog: could not write event: write experiment-output/0003/slave-025/client-141.log: file already closed
zerolog: could not write event: write experiment-output/0003/slave-025/client-141.log: file already closed
03:18:00.467 INF Profile data written. filename=experiment-output/0003/slave-025/prof-client.block name=block
