{"level":"debug","Logging":"info","time":"2023-03-25T18:29:16Z","message":"Config"}
{"level":"debug","UseTLS":false,"time":"2023-03-25T18:29:16Z","message":"Config"}
{"level":"debug","CACertFile":"tls-data/ca.pem","time":"2023-03-25T18:29:16Z","message":"Config"}
{"level":"debug","KeyFile":"tls-data/auth.key","time":"2023-03-25T18:29:16Z","message":"Config"}
{"level":"debug","CertFile":"tls-data/auth.pem","time":"2023-03-25T18:29:16Z","message":"Config"}
{"level":"debug","PriorityConnections":2,"time":"2023-03-25T18:29:16Z","message":"Config"}
{"level":"debug","BasicConnections":1,"time":"2023-03-25T18:29:16Z","message":"Config"}
{"level":"debug","TestConnections":false,"time":"2023-03-25T18:29:16Z","message":"Config"}
{"level":"debug","ExcessConnections":1,"time":"2023-03-25T18:29:16Z","message":"Config"}
{"level":"debug","ConnectionTestMsgs":4,"time":"2023-03-25T18:29:16Z","message":"Config"}
{"level":"debug","ConnectionTestPayload":131072,"time":"2023-03-25T18:29:16Z","message":"Config"}
{"level":"debug","OutMessageBufsize":1024,"time":"2023-03-25T18:29:16Z","message":"Config"}
{"level":"debug","OutMessageBufsize":4,"time":"2023-03-25T18:29:16Z","message":"Config"}
{"level":"debug","ThroughputCap":131072000,"time":"2023-03-25T18:29:16Z","message":"Config"}
{"level":"debug","StragglerTolerance":1000,"time":"2023-03-25T18:29:16Z","message":"Config"}
{"level":"debug","BatchSizeIncrement":256,"time":"2023-03-25T18:29:16Z","message":"Config"}
{"level":"debug","Orderer":"Pbft","time":"2023-03-25T18:29:16Z","message":"Config"}
{"level":"debug","Manager":"Mir","time":"2023-03-25T18:29:16Z","message":"Config"}
{"level":"debug","Failures":0,"time":"2023-03-25T18:29:16Z","message":"Config"}
{"level":"debug","StragglerCnt":0,"time":"2023-03-25T18:29:16Z","message":"Config"}
{"level":"debug","CrashTiming":"Straggler","time":"2023-03-25T18:29:16Z","message":"Config"}
{"level":"debug","CheckpointInterval":512,"time":"2023-03-25T18:29:16Z","message":"Config"}
{"level":"debug","WatermarkWindowSize":512,"time":"2023-03-25T18:29:16Z","message":"Config"}
{"level":"debug","EpochLength":512,"time":"2023-03-25T18:29:16Z","message":"Config"}
{"level":"debug","SegmentLength":32,"time":"2023-03-25T18:29:16Z","message":"Config"}
{"level":"debug","WaitForCheckpoints":true,"time":"2023-03-25T18:29:16Z","message":"Config"}
{"level":"debug","ClientWatermarkWindowSize":16384,"time":"2023-03-25T18:29:16Z","message":"Config"}
{"level":"debug","ClientRequestBacklogSize":16384,"time":"2023-03-25T18:29:16Z","message":"Config"}
{"level":"debug","RandomSeed":30962,"time":"2023-03-25T18:29:16Z","message":"Config"}
{"level":"debug","NodeToLeaderRatio":1,"time":"2023-03-25T18:29:16Z","message":"Config"}
{"level":"debug","LeaderPolicy":"Simple","time":"2023-03-25T18:29:16Z","message":"Config"}
{"level":"debug","DefaultLeaderBan":2,"time":"2023-03-25T18:29:16Z","message":"Config"}
{"level":"debug","NumBuckets":256,"time":"2023-03-25T18:29:16Z","message":"Config"}
{"level":"debug","BatchSize":2500,"time":"2023-03-25T18:29:16Z","message":"Config"}
{"level":"debug","DisabledViewChange":false,"time":"2023-03-25T18:29:16Z","message":"Config"}
{"level":"debug","ViewChangeTimeout":60000,"time":"2023-03-25T18:29:16Z","message":"Config"}
{"level":"debug","ClientTraceSampling":10,"time":"2023-03-25T18:29:16Z","message":"Config"}
{"level":"debug","EventBufferSize":2097152,"time":"2023-03-25T18:29:16Z","message":"Config"}
{"level":"debug","TraceSampling":1,"time":"2023-03-25T18:29:16Z","message":"Config"}
{"level":"debug","ClientsPerProcess":8,"time":"2023-03-25T18:29:16Z","message":"Config"}
{"level":"debug","RequestsPerClient":8203,"time":"2023-03-25T18:29:16Z","message":"Config"}
{"level":"debug","ClientRunTime":15000,"time":"2023-03-25T18:29:16Z","message":"Config"}
{"level":"debug","RequestRate":273,"time":"2023-03-25T18:29:16Z","message":"Config"}
{"level":"debug","HardRequestRateLimit":false,"time":"2023-03-25T18:29:16Z","message":"Config"}
{"level":"debug","RequestPayloadSize":500,"time":"2023-03-25T18:29:16Z","message":"Config"}
{"level":"debug","SignRequests":true,"time":"2023-03-25T18:29:16Z","message":"Config"}
{"level":"debug","ClientPrivKeyFile":"tls-data/client-ecdsa-256.key","time":"2023-03-25T18:29:16Z","message":"Config"}
{"level":"debug","ClientPubKeyFile":"tls-data/client-ecdsa-256.pem","time":"2023-03-25T18:29:16Z","message":"Config"}
{"level":"debug","PrecomputeRequests":false,"time":"2023-03-25T18:29:16Z","message":"Config"}
{"level":"debug","RequestHandlerThreads":32,"time":"2023-03-25T18:29:16Z","message":"Config"}
{"level":"debug","RequestInputChannelBuffer":8192,"time":"2023-03-25T18:29:16Z","message":"Config"}
{"level":"debug","BatchVerifier":"external","time":"2023-03-25T18:29:16Z","message":"Config"}
18:29:16.181 INF Started Profiler: CPU
18:29:16.181 INF Started Profiler: BLOCK
18:29:16.181 INF Started Profiler: MUTEX
18:29:16.181 INF Starting clients. numClients=8 numRequests=8203
18:29:16.181 INF Initilizing clients.
18:29:16.581 INF Registared with discovery server. numOrderers=16 ownClientId=161
18:29:16.581 INF Registared with discovery server. numOrderers=16 ownClientId=175
18:29:16.581 INF Registared with discovery server. numOrderers=16 ownClientId=174
18:29:16.581 INF Registared with discovery server. numOrderers=16 ownClientId=170
18:29:16.582 INF Registared with discovery server. numOrderers=16 ownClientId=173
18:29:16.582 INF Registared with discovery server. numOrderers=16 ownClientId=184
18:29:16.582 INF Registared with discovery server. numOrderers=16 ownClientId=176
18:29:16.582 INF Registared with discovery server. numOrderers=16 ownClientId=185
18:29:16.582 INF Clients initialized.
18:29:16.582 INF Launching clients.
18:29:16.582 INF Waiting for clients.
18:29:58.704 INF Stopping Tracer. events=2408 fileName=experiment-output/0002/slave-017/client-161.trc
zerolog: could not write event: write experiment-output/0002/slave-017/client-161.log: file already closed
zerolog: could not write event: write experiment-output/0002/slave-017/client-161.log: file already closed
zerolog: could not write event: write experiment-output/0002/slave-017/client-161.log: file already closed
zerolog: could not write event: write experiment-output/0002/slave-017/client-161.log: file already closed
18:29:58.708 INF Trace data written.
18:29:58.721 INF Stopping Tracer. events=1656 fileName=experiment-output/0002/slave-017/client-174.trc
18:29:58.721 INF Stopping Tracer. events=1656 fileName=experiment-output/0002/slave-017/client-170.trc
zerolog: could not write event: write experiment-output/0002/slave-017/client-174.log: file already closed
18:29:58.721 INF Stopping Tracer. events=1659 fileName=experiment-output/0002/slave-017/client-184.trc
zerolog: could not write event: write experiment-output/0002/slave-017/client-174.log: file already closed
zerolog: could not write event: write experiment-output/0002/slave-017/client-174.log: file already closed
zerolog: could not write event: write experiment-output/0002/slave-017/client-174.log: file already closed
zerolog: could not write event: write experiment-output/0002/slave-017/client-170.log: file already closed
zerolog: could not write event: write experiment-output/0002/slave-017/client-170.log: file already closed
zerolog: could not write event: write experiment-output/0002/slave-017/client-170.log: file already closed
zerolog: could not write event: write experiment-output/0002/slave-017/client-184.log: file already closed
zerolog: could not write event: write experiment-output/0002/slave-017/client-170.log: file already closed
zerolog: could not write event: write experiment-output/0002/slave-017/client-184.log: file already closed
zerolog: could not write event: write experiment-output/0002/slave-017/client-184.log: file already closed
zerolog: could not write event: write experiment-output/0002/slave-017/client-184.log: file already closed
18:29:58.724 INF Trace data written.
18:29:58.724 INF Trace data written.
18:29:58.724 INF Trace data written.
18:29:58.726 INF Stopping Tracer. events=2577 fileName=experiment-output/0002/slave-017/client-185.trc
18:29:58.726 INF Stopping Tracer. events=2587 fileName=experiment-output/0002/slave-017/client-175.trc
18:29:58.726 INF Stopping Tracer. events=1654 fileName=experiment-output/0002/slave-017/client-176.trc
zerolog: could not write event: write experiment-output/0002/slave-017/client-185.log: file already closed
zerolog: could not write event: write experiment-output/0002/slave-017/client-185.log: file already closed
zerolog: could not write event: write experiment-output/0002/slave-017/client-175.log: file already closed
zerolog: could not write event: write experiment-output/0002/slave-017/client-176.log: file already closed
zerolog: could not write event: write experiment-output/0002/slave-017/client-185.log: file already closed
zerolog: could not write event: write experiment-output/0002/slave-017/client-185.log: file already closed
zerolog: could not write event: write experiment-output/0002/slave-017/client-175.log: file already closed
zerolog: could not write event: write experiment-output/0002/slave-017/client-176.log: file already closed
zerolog: could not write event: write experiment-output/0002/slave-017/client-176.log: file already closed
zerolog: could not write event: write experiment-output/0002/slave-017/client-176.log: file already closed
zerolog: could not write event: write experiment-output/0002/slave-017/client-175.log: file already closed
zerolog: could not write event: write experiment-output/0002/slave-017/client-175.log: file already closed
18:29:58.727 INF Stopping Tracer. events=2416 fileName=experiment-output/0002/slave-017/client-173.trc
zerolog: could not write event: write experiment-output/0002/slave-017/client-173.log: file already closed
zerolog: could not write event: write experiment-output/0002/slave-017/client-173.log: file already closed
zerolog: could not write event: write experiment-output/0002/slave-017/client-173.log: file already closed
zerolog: could not write event: write experiment-output/0002/slave-017/client-173.log: file already closed
18:29:58.730 INF Trace data written.
18:29:58.731 INF Trace data written.
18:29:58.731 INF Trace data written.
18:29:58.732 INF Trace data written.
18:29:58.732 INF Done.
18:29:58.732 INF Stopping profiler.
zerolog: could not write event: write experiment-output/0002/slave-017/client-161.log: file already closed
zerolog: could not write event: write experiment-output/0002/slave-017/client-161.log: file already closed
zerolog: could not write event: write experiment-output/0002/slave-017/client-161.log: file already closed
zerolog: could not write event: write experiment-output/0002/slave-017/client-161.log: file already closed
zerolog: could not write event: write experiment-output/0002/slave-017/client-170.log: file already closed
zerolog: could not write event: write experiment-output/0002/slave-017/client-170.log: file already closed
zerolog: could not write event: write experiment-output/0002/slave-017/client-184.log: file already closed
zerolog: could not write event: write experiment-output/0002/slave-017/client-174.log: file already closed
zerolog: could not write event: write experiment-output/0002/slave-017/client-174.log: file already closed
zerolog: could not write event: write experiment-output/0002/slave-017/client-184.log: file already closed
zerolog: could not write event: write experiment-output/0002/slave-017/client-184.log: file already closed
zerolog: could not write event: write experiment-output/0002/slave-017/client-185.log: file already closed
zerolog: could not write event: write experiment-output/0002/slave-017/client-175.log: file already closed
zerolog: could not write event: write experiment-output/0002/slave-017/client-185.log: file already closed
zerolog: could not write event: write experiment-output/0002/slave-017/client-176.log: file already closed
zerolog: could not write event: write experiment-output/0002/slave-017/client-175.log: file already closed
zerolog: could not write event: write experiment-output/0002/slave-017/client-176.log: file already closed
zerolog: could not write event: write experiment-output/0002/slave-017/client-173.log: file already closed
zerolog: could not write event: write experiment-output/0002/slave-017/client-173.log: file already closed
zerolog: could not write event: write experiment-output/0002/slave-017/client-170.log: file already closed
zerolog: could not write event: write experiment-output/0002/slave-017/client-170.log: file already closed
zerolog: could not write event: write experiment-output/0002/slave-017/client-184.log: file already closed
zerolog: could not write event: write experiment-output/0002/slave-017/client-161.log: file already closed
zerolog: could not write event: write experiment-output/0002/slave-017/client-174.log: file already closed
zerolog: could not write event: write experiment-output/0002/slave-017/client-174.log: file already closed
zerolog: could not write event: write experiment-output/0002/slave-017/client-161.log: file already closed
zerolog: could not write event: write experiment-output/0002/slave-017/client-161.log: file already closed
zerolog: could not write event: write experiment-output/0002/slave-017/client-161.log: file already closed
zerolog: could not write event: write experiment-output/0002/slave-017/client-176.log: file already closed
zerolog: could not write event: write experiment-output/0002/slave-017/client-175.log: file already closed
zerolog: could not write event: write experiment-output/0002/slave-017/client-176.log: file already closed
zerolog: could not write event: write experiment-output/0002/slave-017/client-185.log: file already closed
zerolog: could not write event: write experiment-output/0002/slave-017/client-175.log: file already closed
zerolog: could not write event: write experiment-output/0002/slave-017/client-185.log: file already closed
zerolog: could not write event: write experiment-output/0002/slave-017/client-173.log: file already closed
zerolog: could not write event: write experiment-output/0002/slave-017/client-173.log: file already closed
zerolog: could not write event: write experiment-output/0002/slave-017/client-184.log: file already closed
zerolog: could not write event: write experiment-output/0002/slave-017/client-174.log: file already closed
zerolog: could not write event: write experiment-output/0002/slave-017/client-170.log: file already closed
zerolog: could not write event: write experiment-output/0002/slave-017/client-184.log: file already closed
zerolog: could not write event: write experiment-output/0002/slave-017/client-170.log: file already closed
zerolog: could not write event: write experiment-output/0002/slave-017/client-174.log: file already closed
zerolog: could not write event: write experiment-output/0002/slave-017/client-174.log: file already closed
zerolog: could not write event: write experiment-output/0002/slave-017/client-170.log: file already closed
zerolog: could not write event: write experiment-output/0002/slave-017/client-184.log: file already closed
zerolog: could not write event: write experiment-output/0002/slave-017/client-174.log: file already closed
zerolog: could not write event: write experiment-output/0002/slave-017/client-170.log: file already closed
zerolog: could not write event: write experiment-output/0002/slave-017/client-184.log: file already closed
zerolog: could not write event: write experiment-output/0002/slave-017/client-175.log: file already closed
zerolog: could not write event: write experiment-output/0002/slave-017/client-176.log: file already closed
zerolog: could not write event: write experiment-output/0002/slave-017/client-176.log: file already closed
zerolog: could not write event: write experiment-output/0002/slave-017/client-185.log: file already closed
zerolog: could not write event: write experiment-output/0002/slave-017/client-173.log: file already closed
zerolog: could not write event: write experiment-output/0002/slave-017/client-176.log: file already closed
zerolog: could not write event: write experiment-output/0002/slave-017/client-185.log: file already closed
zerolog: could not write event: write experiment-output/0002/slave-017/client-173.log: file already closed
zerolog: could not write event: write experiment-output/0002/slave-017/client-185.log: file already closed
zerolog: could not write event: write experiment-output/0002/slave-017/client-175.log: file already closed
zerolog: could not write event: write experiment-output/0002/slave-017/client-175.log: file already closed
zerolog: could not write event: write experiment-output/0002/slave-017/client-173.log: file already closed
zerolog: could not write event: write experiment-output/0002/slave-017/client-185.log: file already closed
zerolog: could not write event: write experiment-output/0002/slave-017/client-175.log: file already closed
zerolog: could not write event: write experiment-output/0002/slave-017/client-173.log: file already closed
zerolog: could not write event: write experiment-output/0002/slave-017/client-176.log: file already closed
18:29:58.913 INF Profile data written. filename=experiment-output/0002/slave-017/prof-client.cpu name=cpu
zerolog: could not write event: write experiment-output/0002/slave-017/client-161.log: file already closed
zerolog: could not write event: write experiment-output/0002/slave-017/client-161.log: file already closed
zerolog: could not write event: write experiment-output/0002/slave-017/client-161.log: file already closed
zerolog: could not write event: write experiment-output/0002/slave-017/client-161.log: file already closed
18:29:58.930 INF Profile data written. filename=experiment-output/0002/slave-017/prof-client.block name=block
zerolog: could not write event: write experiment-output/0002/slave-017/client-170.log: file already closed
zerolog: could not write event: write experiment-output/0002/slave-017/client-170.log: file already closed
zerolog: could not write event: write experiment-output/0002/slave-017/client-184.log: file already closed
zerolog: could not write event: write experiment-output/0002/slave-017/client-170.log: file already closed
zerolog: could not write event: write experiment-output/0002/slave-017/client-174.log: file already closed
zerolog: could not write event: write experiment-output/0002/slave-017/client-174.log: file already closed
zerolog: could not write event: write experiment-output/0002/slave-017/client-184.log: file already closed
zerolog: could not write event: write experiment-output/0002/slave-017/client-174.log: file already closed
zerolog: could not write event: write experiment-output/0002/slave-017/client-174.log: file already closed
zerolog: could not write event: write experiment-output/0002/slave-017/client-184.log: file already closed
zerolog: could not write event: write experiment-output/0002/slave-017/client-184.log: file already closed
18:29:58.937 INF Profile data written. filename=experiment-output/0002/slave-017/prof-client.mutex name=mutex
