{"level":"debug","Logging":"info","time":"2023-03-25T14:45:21Z","message":"Config"}
{"level":"debug","UseTLS":false,"time":"2023-03-25T14:45:21Z","message":"Config"}
{"level":"debug","CACertFile":"tls-data/ca.pem","time":"2023-03-25T14:45:21Z","message":"Config"}
{"level":"debug","KeyFile":"tls-data/auth.key","time":"2023-03-25T14:45:21Z","message":"Config"}
{"level":"debug","CertFile":"tls-data/auth.pem","time":"2023-03-25T14:45:21Z","message":"Config"}
{"level":"debug","PriorityConnections":2,"time":"2023-03-25T14:45:21Z","message":"Config"}
{"level":"debug","BasicConnections":1,"time":"2023-03-25T14:45:21Z","message":"Config"}
{"level":"debug","TestConnections":false,"time":"2023-03-25T14:45:21Z","message":"Config"}
{"level":"debug","ExcessConnections":1,"time":"2023-03-25T14:45:21Z","message":"Config"}
{"level":"debug","ConnectionTestMsgs":4,"time":"2023-03-25T14:45:21Z","message":"Config"}
{"level":"debug","ConnectionTestPayload":131072,"time":"2023-03-25T14:45:21Z","message":"Config"}
{"level":"debug","OutMessageBufsize":1024,"time":"2023-03-25T14:45:21Z","message":"Config"}
{"level":"debug","OutMessageBufsize":4,"time":"2023-03-25T14:45:21Z","message":"Config"}
{"level":"debug","ThroughputCap":131072000,"time":"2023-03-25T14:45:21Z","message":"Config"}
{"level":"debug","StragglerTolerance":1000,"time":"2023-03-25T14:45:21Z","message":"Config"}
{"level":"debug","BatchSizeIncrement":256,"time":"2023-03-25T14:45:21Z","message":"Config"}
{"level":"debug","Orderer":"Pbft","time":"2023-03-25T14:45:21Z","message":"Config"}
{"level":"debug","Manager":"Mir","time":"2023-03-25T14:45:21Z","message":"Config"}
{"level":"debug","Failures":0,"time":"2023-03-25T14:45:21Z","message":"Config"}
{"level":"debug","StragglerCnt":0,"time":"2023-03-25T14:45:21Z","message":"Config"}
{"level":"debug","CrashTiming":"Straggler","time":"2023-03-25T14:45:21Z","message":"Config"}
{"level":"debug","CheckpointInterval":512,"time":"2023-03-25T14:45:21Z","message":"Config"}
{"level":"debug","WatermarkWindowSize":512,"time":"2023-03-25T14:45:21Z","message":"Config"}
{"level":"debug","EpochLength":512,"time":"2023-03-25T14:45:21Z","message":"Config"}
{"level":"debug","SegmentLength":32,"time":"2023-03-25T14:45:21Z","message":"Config"}
{"level":"debug","WaitForCheckpoints":true,"time":"2023-03-25T14:45:21Z","message":"Config"}
{"level":"debug","ClientWatermarkWindowSize":16384,"time":"2023-03-25T14:45:21Z","message":"Config"}
{"level":"debug","ClientRequestBacklogSize":16384,"time":"2023-03-25T14:45:21Z","message":"Config"}
{"level":"debug","RandomSeed":16270,"time":"2023-03-25T14:45:21Z","message":"Config"}
{"level":"debug","NodeToLeaderRatio":1,"time":"2023-03-25T14:45:21Z","message":"Config"}
{"level":"debug","LeaderPolicy":"Simple","time":"2023-03-25T14:45:21Z","message":"Config"}
{"level":"debug","DefaultLeaderBan":2,"time":"2023-03-25T14:45:21Z","message":"Config"}
{"level":"debug","NumBuckets":256,"time":"2023-03-25T14:45:21Z","message":"Config"}
{"level":"debug","BatchSize":1000,"time":"2023-03-25T14:45:21Z","message":"Config"}
{"level":"debug","DisabledViewChange":false,"time":"2023-03-25T14:45:21Z","message":"Config"}
{"level":"debug","ViewChangeTimeout":60000,"time":"2023-03-25T14:45:21Z","message":"Config"}
{"level":"debug","ClientTraceSampling":10,"time":"2023-03-25T14:45:21Z","message":"Config"}
{"level":"debug","EventBufferSize":2097152,"time":"2023-03-25T14:45:21Z","message":"Config"}
{"level":"debug","TraceSampling":1,"time":"2023-03-25T14:45:21Z","message":"Config"}
{"level":"debug","ClientsPerProcess":8,"time":"2023-03-25T14:45:21Z","message":"Config"}
{"level":"debug","RequestsPerClient":10546,"time":"2023-03-25T14:45:21Z","message":"Config"}
{"level":"debug","ClientRunTime":15000,"time":"2023-03-25T14:45:21Z","message":"Config"}
{"level":"debug","RequestRate":351,"time":"2023-03-25T14:45:21Z","message":"Config"}
{"level":"debug","HardRequestRateLimit":false,"time":"2023-03-25T14:45:21Z","message":"Config"}
{"level":"debug","RequestPayloadSize":500,"time":"2023-03-25T14:45:21Z","message":"Config"}
{"level":"debug","SignRequests":true,"time":"2023-03-25T14:45:21Z","message":"Config"}
{"level":"debug","ClientPrivKeyFile":"tls-data/client-ecdsa-256.key","time":"2023-03-25T14:45:21Z","message":"Config"}
{"level":"debug","ClientPubKeyFile":"tls-data/client-ecdsa-256.pem","time":"2023-03-25T14:45:21Z","message":"Config"}
{"level":"debug","PrecomputeRequests":false,"time":"2023-03-25T14:45:21Z","message":"Config"}
{"level":"debug","RequestHandlerThreads":32,"time":"2023-03-25T14:45:21Z","message":"Config"}
{"level":"debug","RequestInputChannelBuffer":8192,"time":"2023-03-25T14:45:21Z","message":"Config"}
{"level":"debug","BatchVerifier":"external","time":"2023-03-25T14:45:21Z","message":"Config"}
14:45:21.779 INF Started Profiler: CPU
14:45:21.779 INF Started Profiler: BLOCK
14:45:21.779 INF Started Profiler: MUTEX
14:45:21.779 INF Starting clients. numClients=8 numRequests=10546
14:45:21.779 INF Initilizing clients.
14:45:21.784 INF Registared with discovery server. numOrderers=16 ownClientId=0
14:45:21.784 INF Registared with discovery server. numOrderers=16 ownClientId=1
14:45:21.785 INF Registared with discovery server. numOrderers=16 ownClientId=9
14:45:21.785 INF Registared with discovery server. numOrderers=16 ownClientId=14
14:45:21.786 INF Registared with discovery server. numOrderers=16 ownClientId=39
14:45:21.787 INF Registared with discovery server. numOrderers=16 ownClientId=29
14:45:21.787 INF Registared with discovery server. numOrderers=16 ownClientId=28
14:45:21.787 INF Registared with discovery server. numOrderers=16 ownClientId=36
14:45:21.787 INF Clients initialized.
14:45:21.788 INF Launching clients.
14:45:21.788 INF Waiting for clients.
14:47:06.827 INF Stopping Tracer. events=2366 fileName=experiment-output/0003/slave-003/client-028.trc
zerolog: could not write event: write experiment-output/0003/slave-003/client-028.log: file already closed
zerolog: could not write event: write experiment-output/0003/slave-003/client-028.log: file already closed
zerolog: could not write event: write experiment-output/0003/slave-003/client-028.log: file already closed
zerolog: could not write event: write experiment-output/0003/slave-003/client-028.log: file already closed
14:47:06.831 INF Trace data written.
14:47:06.835 INF Stopping Tracer. events=2909 fileName=experiment-output/0003/slave-003/client-009.trc
zerolog: could not write event: write experiment-output/0003/slave-003/client-009.log: file already closed
zerolog: could not write event: write experiment-output/0003/slave-003/client-009.log: file already closed
zerolog: could not write event: write experiment-output/0003/slave-003/client-009.log: file already closed
zerolog: could not write event: write experiment-output/0003/slave-003/client-009.log: file already closed
14:47:06.836 INF Stopping Tracer. events=2271 fileName=experiment-output/0003/slave-003/client-000.trc
14:47:06.836 INF Stopping Tracer. events=2360 fileName=experiment-output/0003/slave-003/client-014.trc
14:47:06.837 INF Stopping Tracer. events=2909 fileName=experiment-output/0003/slave-003/client-039.trc
zerolog: could not write event: write experiment-output/0003/slave-003/client-000.log: file already closed
zerolog: could not write event: write experiment-output/0003/slave-003/client-000.log: file already closed
zerolog: could not write event: write experiment-output/0003/slave-003/client-000.log: file already closed
14:47:06.837 INF Stopping Tracer. events=2914 fileName=experiment-output/0003/slave-003/client-029.trc
14:47:06.837 INF Stopping Tracer. events=2918 fileName=experiment-output/0003/slave-003/client-001.trc
zerolog: could not write event: write experiment-output/0003/slave-003/client-014.log: file already closed
14:47:06.837 INF Stopping Tracer. events=2387 fileName=experiment-output/0003/slave-003/client-036.trc
zerolog: could not write event: write experiment-output/0003/slave-003/client-039.log: file already closed
zerolog: could not write event: write experiment-output/0003/slave-003/client-039.log: file already closed
zerolog: could not write event: write experiment-output/0003/slave-003/client-039.log: file already closed
zerolog: could not write event: write experiment-output/0003/slave-003/client-036.log: file already closed
zerolog: could not write event: write experiment-output/0003/slave-003/client-039.log: file already closed
zerolog: could not write event: write experiment-output/0003/slave-003/client-036.log: file already closed
zerolog: could not write event: write experiment-output/0003/slave-003/client-014.log: file already closed
zerolog: could not write event: write experiment-output/0003/slave-003/client-036.log: file already closed
zerolog: could not write event: write experiment-output/0003/slave-003/client-014.log: file already closed
zerolog: could not write event: write experiment-output/0003/slave-003/client-036.log: file already closed
zerolog: could not write event: write experiment-output/0003/slave-003/client-001.log: file already closed
zerolog: could not write event: write experiment-output/0003/slave-003/client-001.log: file already closed
zerolog: could not write event: write experiment-output/0003/slave-003/client-001.log: file already closed
zerolog: could not write event: write experiment-output/0003/slave-003/client-001.log: file already closed
zerolog: could not write event: write experiment-output/0003/slave-003/client-029.log: file already closed
zerolog: could not write event: write experiment-output/0003/slave-003/client-029.log: file already closed
zerolog: could not write event: write experiment-output/0003/slave-003/client-029.log: file already closed
zerolog: could not write event: write experiment-output/0003/slave-003/client-029.log: file already closed
zerolog: could not write event: write experiment-output/0003/slave-003/client-014.log: file already closed
zerolog: could not write event: write experiment-output/0003/slave-003/client-000.log: file already closed
14:47:06.842 INF Trace data written.
14:47:06.842 INF Trace data written.
14:47:06.843 INF Trace data written.
14:47:06.843 INF Trace data written.
14:47:06.843 INF Trace data written.
14:47:06.844 INF Trace data written.
14:47:06.844 INF Trace data written.
14:47:06.844 INF Done.
14:47:06.844 INF Stopping profiler.
zerolog: could not write event: write experiment-output/0003/slave-003/client-028.log: file already closed
zerolog: could not write event: write experiment-output/0003/slave-003/client-028.log: file already closed
zerolog: could not write event: write experiment-output/0003/slave-003/client-028.log: file already closed
zerolog: could not write event: write experiment-output/0003/slave-003/client-028.log: file already closed
zerolog: could not write event: write experiment-output/0003/slave-003/client-009.log: file already closed
zerolog: could not write event: write experiment-output/0003/slave-003/client-009.log: file already closed
zerolog: could not write event: write experiment-output/0003/slave-003/client-009.log: file already closed
zerolog: could not write event: write experiment-output/0003/slave-003/client-000.log: file already closed
zerolog: could not write event: write experiment-output/0003/slave-003/client-009.log: file already closed
zerolog: could not write event: write experiment-output/0003/slave-003/client-014.log: file already closed
zerolog: could not write event: write experiment-output/0003/slave-003/client-000.log: file already closed
zerolog: could not write event: write experiment-output/0003/slave-003/client-000.log: file already closed
zerolog: could not write event: write experiment-output/0003/slave-003/client-000.log: file already closed
zerolog: could not write event: write experiment-output/0003/slave-003/client-014.log: file already closed
zerolog: could not write event: write experiment-output/0003/slave-003/client-014.log: file already closed
zerolog: could not write event: write experiment-output/0003/slave-003/client-014.log: file already closed
zerolog: could not write event: write experiment-output/0003/slave-003/client-039.log: file already closed
zerolog: could not write event: write experiment-output/0003/slave-003/client-039.log: file already closed
zerolog: could not write event: write experiment-output/0003/slave-003/client-039.log: file already closed
zerolog: could not write event: write experiment-output/0003/slave-003/client-036.log: file already closed
zerolog: could not write event: write experiment-output/0003/slave-003/client-036.log: file already closed
zerolog: could not write event: write experiment-output/0003/slave-003/client-001.log: file already closed
zerolog: could not write event: write experiment-output/0003/slave-003/client-036.log: file already closed
zerolog: could not write event: write experiment-output/0003/slave-003/client-001.log: file already closed
zerolog: could not write event: write experiment-output/0003/slave-003/client-001.log: file already closed
zerolog: could not write event: write experiment-output/0003/slave-003/client-036.log: file already closed
zerolog: could not write event: write experiment-output/0003/slave-003/client-029.log: file already closed
zerolog: could not write event: write experiment-output/0003/slave-003/client-029.log: file already closed
zerolog: could not write event: write experiment-output/0003/slave-003/client-029.log: file already closed
zerolog: could not write event: write experiment-output/0003/slave-003/client-001.log: file already closed
zerolog: could not write event: write experiment-output/0003/slave-003/client-029.log: file already closed
zerolog: could not write event: write experiment-output/0003/slave-003/client-039.log: file already closed
zerolog: could not write event: write experiment-output/0003/slave-003/client-028.log: file already closed
zerolog: could not write event: write experiment-output/0003/slave-003/client-028.log: file already closed
zerolog: could not write event: write experiment-output/0003/slave-003/client-028.log: file already closed
zerolog: could not write event: write experiment-output/0003/slave-003/client-028.log: file already closed
zerolog: could not write event: write experiment-output/0003/slave-003/client-009.log: file already closed
zerolog: could not write event: write experiment-output/0003/slave-003/client-000.log: file already closed
zerolog: could not write event: write experiment-output/0003/slave-003/client-014.log: file already closed
zerolog: could not write event: write experiment-output/0003/slave-003/client-036.log: file already closed
zerolog: could not write event: write experiment-output/0003/slave-003/client-014.log: file already closed
zerolog: could not write event: write experiment-output/0003/slave-003/client-000.log: file already closed
zerolog: could not write event: write experiment-output/0003/slave-003/client-000.log: file already closed
zerolog: could not write event: write experiment-output/0003/slave-003/client-009.log: file already closed
zerolog: could not write event: write experiment-output/0003/slave-003/client-009.log: file already closed
zerolog: could not write event: write experiment-output/0003/slave-003/client-009.log: file already closed
zerolog: could not write event: write experiment-output/0003/slave-003/client-039.log: file already closed
zerolog: could not write event: write experiment-output/0003/slave-003/client-000.log: file already closed
zerolog: could not write event: write experiment-output/0003/slave-003/client-039.log: file already closed
zerolog: could not write event: write experiment-output/0003/slave-003/client-001.log: file already closed
zerolog: could not write event: write experiment-output/0003/slave-003/client-039.log: file already closed
zerolog: could not write event: write experiment-output/0003/slave-003/client-039.log: file already closed
zerolog: could not write event: write experiment-output/0003/slave-003/client-014.log: file already closed
zerolog: could not write event: write experiment-output/0003/slave-003/client-036.log: file already closed
zerolog: could not write event: write experiment-output/0003/slave-003/client-029.log: file already closed
zerolog: could not write event: write experiment-output/0003/slave-003/client-014.log: file already closed
zerolog: could not write event: write experiment-output/0003/slave-003/client-001.log: file already closed
zerolog: could not write event: write experiment-output/0003/slave-003/client-001.log: file already closed
zerolog: could not write event: write experiment-output/0003/slave-003/client-036.log: file already closed
zerolog: could not write event: write experiment-output/0003/slave-003/client-001.log: file already closed
zerolog: could not write event: write experiment-output/0003/slave-003/client-029.log: file already closed
zerolog: could not write event: write experiment-output/0003/slave-003/client-029.log: file already closed
zerolog: could not write event: write experiment-output/0003/slave-003/client-036.log: file already closed
zerolog: could not write event: write experiment-output/0003/slave-003/client-029.log: file already closed
zerolog: could not write event: write experiment-output/0003/slave-003/client-028.log: file already closed
zerolog: could not write event: write experiment-output/0003/slave-003/client-028.log: file already closed
zerolog: could not write event: write experiment-output/0003/slave-003/client-028.log: file already closed
zerolog: could not write event: write experiment-output/0003/slave-003/client-028.log: file already closed
zerolog: could not write event: write experiment-output/0003/slave-003/client-000.log: file already closed
zerolog: could not write event: write experiment-output/0003/slave-003/client-009.log: file already closed
zerolog: could not write event: write experiment-output/0003/slave-003/client-009.log: file already closed
zerolog: could not write event: write experiment-output/0003/slave-003/client-000.log: file already closed
zerolog: could not write event: write experiment-output/0003/slave-003/client-039.log: file already closed
zerolog: could not write event: write experiment-output/0003/slave-003/client-014.log: file already closed
zerolog: could not write event: write experiment-output/0003/slave-003/client-000.log: file already closed
zerolog: could not write event: write experiment-output/0003/slave-003/client-009.log: file already closed
zerolog: could not write event: write experiment-output/0003/slave-003/client-036.log: file already closed
zerolog: could not write event: write experiment-output/0003/slave-003/client-000.log: file already closed
zerolog: could not write event: write experiment-output/0003/slave-003/client-039.log: file already closed
zerolog: could not write event: write experiment-output/0003/slave-003/client-036.log: file already closed
zerolog: could not write event: write experiment-output/0003/slave-003/client-036.log: file already closed
zerolog: could not write event: write experiment-output/0003/slave-003/client-039.log: file already closed
zerolog: could not write event: write experiment-output/0003/slave-003/client-036.log: file already closed
zerolog: could not write event: write experiment-output/0003/slave-003/client-039.log: file already closed
zerolog: could not write event: write experiment-output/0003/slave-003/client-029.log: file already closed
zerolog: could not write event: write experiment-output/0003/slave-003/client-001.log: file already closed
zerolog: could not write event: write experiment-output/0003/slave-003/client-001.log: file already closed
zerolog: could not write event: write experiment-output/0003/slave-003/client-029.log: file already closed
zerolog: could not write event: write experiment-output/0003/slave-003/client-014.log: file already closed
zerolog: could not write event: write experiment-output/0003/slave-003/client-029.log: file already closed
zerolog: could not write event: write experiment-output/0003/slave-003/client-001.log: file already closed
zerolog: could not write event: write experiment-output/0003/slave-003/client-009.log: file already closed
zerolog: could not write event: write experiment-output/0003/slave-003/client-001.log: file already closed
zerolog: could not write event: write experiment-output/0003/slave-003/client-014.log: file already closed
zerolog: could not write event: write experiment-output/0003/slave-003/client-014.log: file already closed
zerolog: could not write event: write experiment-output/0003/slave-003/client-029.log: file already closed
14:47:07.034 INF Profile data written. filename=experiment-output/0003/slave-003/prof-client.cpu name=cpu
14:47:07.046 INF Profile data written. filename=experiment-output/0003/slave-003/prof-client.block name=block
14:47:07.053 INF Profile data written. filename=experiment-output/0003/slave-003/prof-client.mutex name=mutex
