{"level":"debug","Logging":"info","time":"2023-07-15T14:51:44Z","message":"Config"}
{"level":"debug","UseTLS":false,"time":"2023-07-15T14:51:44Z","message":"Config"}
{"level":"debug","CACertFile":"tls-data/ca.pem","time":"2023-07-15T14:51:44Z","message":"Config"}
{"level":"debug","KeyFile":"tls-data/auth.key","time":"2023-07-15T14:51:44Z","message":"Config"}
{"level":"debug","CertFile":"tls-data/auth.pem","time":"2023-07-15T14:51:44Z","message":"Config"}
{"level":"debug","PriorityConnections":2,"time":"2023-07-15T14:51:44Z","message":"Config"}
{"level":"debug","BasicConnections":1,"time":"2023-07-15T14:51:44Z","message":"Config"}
{"level":"debug","TestConnections":false,"time":"2023-07-15T14:51:44Z","message":"Config"}
{"level":"debug","ExcessConnections":1,"time":"2023-07-15T14:51:44Z","message":"Config"}
{"level":"debug","ConnectionTestMsgs":4,"time":"2023-07-15T14:51:44Z","message":"Config"}
{"level":"debug","ConnectionTestPayload":131072,"time":"2023-07-15T14:51:44Z","message":"Config"}
{"level":"debug","OutMessageBufsize":1024,"time":"2023-07-15T14:51:44Z","message":"Config"}
{"level":"debug","OutMessageBufsize":4,"time":"2023-07-15T14:51:44Z","message":"Config"}
{"level":"debug","ThroughputCap":131072000,"time":"2023-07-15T14:51:44Z","message":"Config"}
{"level":"debug","StragglerTolerance":1000,"time":"2023-07-15T14:51:44Z","message":"Config"}
{"level":"debug","BatchSizeIncrement":256,"time":"2023-07-15T14:51:44Z","message":"Config"}
{"level":"debug","Orderer":"HotStuff","time":"2023-07-15T14:51:44Z","message":"Config"}
{"level":"debug","Manager":"Mir","time":"2023-07-15T14:51:44Z","message":"Config"}
{"level":"debug","Failures":0,"time":"2023-07-15T14:51:44Z","message":"Config"}
{"level":"debug","StragglerCnt":2,"time":"2023-07-15T14:51:44Z","message":"Config"}
{"level":"debug","CrashTiming":"Straggler","time":"2023-07-15T14:51:44Z","message":"Config"}
{"level":"debug","CheckpointInterval":512,"time":"2023-07-15T14:51:44Z","message":"Config"}
{"level":"debug","WatermarkWindowSize":512,"time":"2023-07-15T14:51:44Z","message":"Config"}
{"level":"debug","EpochLength":512,"time":"2023-07-15T14:51:44Z","message":"Config"}
{"level":"debug","SegmentLength":32,"time":"2023-07-15T14:51:44Z","message":"Config"}
{"level":"debug","WaitForCheckpoints":true,"time":"2023-07-15T14:51:44Z","message":"Config"}
{"level":"debug","ClientWatermarkWindowSize":16384,"time":"2023-07-15T14:51:44Z","message":"Config"}
{"level":"debug","ClientRequestBacklogSize":16384,"time":"2023-07-15T14:51:44Z","message":"Config"}
{"level":"debug","RandomSeed":25895,"time":"2023-07-15T14:51:44Z","message":"Config"}
{"level":"debug","NodeToLeaderRatio":1,"time":"2023-07-15T14:51:44Z","message":"Config"}
{"level":"debug","LeaderPolicy":"Simple","time":"2023-07-15T14:51:44Z","message":"Config"}
{"level":"debug","DefaultLeaderBan":2,"time":"2023-07-15T14:51:44Z","message":"Config"}
{"level":"debug","NumBuckets":256,"time":"2023-07-15T14:51:44Z","message":"Config"}
{"level":"debug","BatchSize":2000,"time":"2023-07-15T14:51:44Z","message":"Config"}
{"level":"debug","DisabledViewChange":false,"time":"2023-07-15T14:51:44Z","message":"Config"}
{"level":"debug","ViewChangeTimeout":60000,"time":"2023-07-15T14:51:44Z","message":"Config"}
{"level":"debug","ClientTraceSampling":10,"time":"2023-07-15T14:51:44Z","message":"Config"}
{"level":"debug","EventBufferSize":2097152,"time":"2023-07-15T14:51:44Z","message":"Config"}
{"level":"debug","TraceSampling":1,"time":"2023-07-15T14:51:44Z","message":"Config"}
{"level":"debug","ClientsPerProcess":8,"time":"2023-07-15T14:51:44Z","message":"Config"}
{"level":"debug","RequestsPerClient":3515,"time":"2023-07-15T14:51:44Z","message":"Config"}
{"level":"debug","ClientRunTime":15000,"time":"2023-07-15T14:51:44Z","message":"Config"}
{"level":"debug","RequestRate":117,"time":"2023-07-15T14:51:44Z","message":"Config"}
{"level":"debug","HardRequestRateLimit":false,"time":"2023-07-15T14:51:44Z","message":"Config"}
{"level":"debug","RequestPayloadSize":500,"time":"2023-07-15T14:51:44Z","message":"Config"}
{"level":"debug","SignRequests":true,"time":"2023-07-15T14:51:44Z","message":"Config"}
{"level":"debug","ClientPrivKeyFile":"tls-data/client-ecdsa-256.key","time":"2023-07-15T14:51:44Z","message":"Config"}
{"level":"debug","ClientPubKeyFile":"tls-data/client-ecdsa-256.pem","time":"2023-07-15T14:51:44Z","message":"Config"}
{"level":"debug","PrecomputeRequests":false,"time":"2023-07-15T14:51:44Z","message":"Config"}
{"level":"debug","RequestHandlerThreads":32,"time":"2023-07-15T14:51:44Z","message":"Config"}
{"level":"debug","RequestInputChannelBuffer":8192,"time":"2023-07-15T14:51:44Z","message":"Config"}
{"level":"debug","BatchVerifier":"external","time":"2023-07-15T14:51:44Z","message":"Config"}
14:51:44.495 INF Started Profiler: CPU
14:51:44.495 INF Started Profiler: BLOCK
14:51:44.495 INF Started Profiler: MUTEX
14:51:44.495 INF Starting clients. numClients=8 numRequests=3515
14:51:44.495 INF Initilizing clients.
14:51:44.781 INF Registared with discovery server. numOrderers=16 ownClientId=11
14:51:44.805 INF Registared with discovery server. numOrderers=16 ownClientId=109
14:51:44.812 INF Registared with discovery server. numOrderers=16 ownClientId=56
14:51:44.819 INF Registared with discovery server. numOrderers=16 ownClientId=175
14:51:44.826 INF Registared with discovery server. numOrderers=16 ownClientId=135
14:51:44.830 INF Registared with discovery server. numOrderers=16 ownClientId=164
14:51:44.836 INF Registared with discovery server. numOrderers=16 ownClientId=132
14:51:44.851 INF Registared with discovery server. numOrderers=16 ownClientId=176
14:51:44.851 INF Clients initialized.
14:51:44.851 INF Launching clients.
14:51:44.851 INF Waiting for clients.
14:53:27.474 INF Stopping Tracer. events=710 fileName=experiment-output/0000/slave-013/client-164.trc
14:53:27.475 INF Trace data written.
14:53:27.486 INF Stopping Tracer. events=992 fileName=experiment-output/0000/slave-013/client-109.trc
14:53:27.488 INF Trace data written.
14:53:27.496 INF Stopping Tracer. events=708 fileName=experiment-output/0000/slave-013/client-056.trc
14:53:27.497 INF Trace data written.
14:53:27.501 INF Stopping Tracer. events=1036 fileName=experiment-output/0000/slave-013/client-011.trc
14:53:27.503 INF Stopping Tracer. events=1042 fileName=experiment-output/0000/slave-013/client-175.trc
14:53:27.503 INF Trace data written.
14:53:27.504 INF Trace data written.
14:53:27.509 INF Stopping Tracer. events=714 fileName=experiment-output/0000/slave-013/client-132.trc
14:53:27.510 INF Trace data written.
14:53:27.519 INF Stopping Tracer. events=1188 fileName=experiment-output/0000/slave-013/client-135.trc
14:53:27.519 INF Stopping Tracer. events=710 fileName=experiment-output/0000/slave-013/client-176.trc
14:53:27.520 INF Trace data written.
14:53:27.521 INF Trace data written.
14:53:27.521 INF Done.
14:53:27.521 INF Stopping profiler.
zerolog: could not write event: write experiment-output/0000/slave-013/client-164.log: file already closed
zerolog: could not write event: write experiment-output/0000/slave-013/client-164.log: file already closed
zerolog: could not write event: write experiment-output/0000/slave-013/client-109.log: file already closed
zerolog: could not write event: write experiment-output/0000/slave-013/client-164.log: file already closed
zerolog: could not write event: write experiment-output/0000/slave-013/client-164.log: file already closed
zerolog: could not write event: write experiment-output/0000/slave-013/client-109.log: file already closed
zerolog: could not write event: write experiment-output/0000/slave-013/client-164.log: file already closed
zerolog: could not write event: write experiment-output/0000/slave-013/client-056.log: file already closed
zerolog: could not write event: write experiment-output/0000/slave-013/client-164.log: file already closed
zerolog: could not write event: write experiment-output/0000/slave-013/client-175.log: file already closed
zerolog: could not write event: write experiment-output/0000/slave-013/client-109.log: file already closed
zerolog: could not write event: write experiment-output/0000/slave-013/client-164.log: file already closed
14:53:27.577 INF Profile data written. filename=experiment-output/0000/slave-013/prof-client.cpu name=cpu
zerolog: could not write event: write experiment-output/0000/slave-013/client-132.log: file already closed
zerolog: could not write event: write experiment-output/0000/slave-013/client-056.log: file already closed
zerolog: could not write event: write experiment-output/0000/slave-013/client-164.log: file already closed
zerolog: could not write event: write experiment-output/0000/slave-013/client-056.log: file already closed
zerolog: could not write event: write experiment-output/0000/slave-013/client-164.log: file already closed
zerolog: could not write event: write experiment-output/0000/slave-013/client-056.log: file already closed
zerolog: could not write event: write experiment-output/0000/slave-013/client-109.log: file already closed
zerolog: could not write event: write experiment-output/0000/slave-013/client-056.log: file already closed
zerolog: could not write event: write experiment-output/0000/slave-013/client-175.log: file already closed
zerolog: could not write event: write experiment-output/0000/slave-013/client-109.log: file already closed
zerolog: could not write event: write experiment-output/0000/slave-013/client-164.log: file already closed
zerolog: could not write event: write experiment-output/0000/slave-013/client-109.log: file already closed
zerolog: could not write event: write experiment-output/0000/slave-013/client-109.log: file already closed
zerolog: could not write event: write experiment-output/0000/slave-013/client-011.log: file already closed
zerolog: could not write event: write experiment-output/0000/slave-013/client-164.log: file already closed
zerolog: could not write event: write experiment-output/0000/slave-013/client-011.log: file already closed
zerolog: could not write event: write experiment-output/0000/slave-013/client-175.log: file already closed
zerolog: could not write event: write experiment-output/0000/slave-013/client-011.log: file already closed
zerolog: could not write event: write experiment-output/0000/slave-013/client-164.log: file already closed
14:53:27.591 INF Profile data written. filename=experiment-output/0000/slave-013/prof-client.block name=block
zerolog: could not write event: write experiment-output/0000/slave-013/client-164.log: file already closed
zerolog: could not write event: write experiment-output/0000/slave-013/client-164.log: file already closed
zerolog: could not write event: write experiment-output/0000/slave-013/client-109.log: file already closed
zerolog: could not write event: write experiment-output/0000/slave-013/client-132.log: file already closed
zerolog: could not write event: write experiment-output/0000/slave-013/client-011.log: file already closed
zerolog: could not write event: write experiment-output/0000/slave-013/client-109.log: file already closed
zerolog: could not write event: write experiment-output/0000/slave-013/client-164.log: file already closed
zerolog: could not write event: write experiment-output/0000/slave-013/client-132.log: file already closed
zerolog: could not write event: write experiment-output/0000/slave-013/client-109.log: file already closed
zerolog: could not write event: write experiment-output/0000/slave-013/client-109.log: file already closed
zerolog: could not write event: write experiment-output/0000/slave-013/client-175.log: file already closed
14:53:27.595 INF Profile data written. filename=experiment-output/0000/slave-013/prof-client.mutex name=mutex
