{"level":"debug","Logging":"info","time":"2023-03-30T03:56:03Z","message":"Config"}
{"level":"debug","UseTLS":false,"time":"2023-03-30T03:56:03Z","message":"Config"}
{"level":"debug","CACertFile":"tls-data/ca.pem","time":"2023-03-30T03:56:03Z","message":"Config"}
{"level":"debug","KeyFile":"tls-data/auth.key","time":"2023-03-30T03:56:03Z","message":"Config"}
{"level":"debug","CertFile":"tls-data/auth.pem","time":"2023-03-30T03:56:03Z","message":"Config"}
{"level":"debug","PriorityConnections":2,"time":"2023-03-30T03:56:03Z","message":"Config"}
{"level":"debug","BasicConnections":1,"time":"2023-03-30T03:56:03Z","message":"Config"}
{"level":"debug","TestConnections":false,"time":"2023-03-30T03:56:03Z","message":"Config"}
{"level":"debug","ExcessConnections":1,"time":"2023-03-30T03:56:03Z","message":"Config"}
{"level":"debug","ConnectionTestMsgs":4,"time":"2023-03-30T03:56:03Z","message":"Config"}
{"level":"debug","ConnectionTestPayload":131072,"time":"2023-03-30T03:56:03Z","message":"Config"}
{"level":"debug","OutMessageBufsize":1024,"time":"2023-03-30T03:56:03Z","message":"Config"}
{"level":"debug","OutMessageBufsize":4,"time":"2023-03-30T03:56:03Z","message":"Config"}
{"level":"debug","ThroughputCap":131072000,"time":"2023-03-30T03:56:03Z","message":"Config"}
{"level":"debug","StragglerTolerance":1000,"time":"2023-03-30T03:56:03Z","message":"Config"}
{"level":"debug","BatchSizeIncrement":256,"time":"2023-03-30T03:56:03Z","message":"Config"}
{"level":"debug","Orderer":"Pbft","time":"2023-03-30T03:56:03Z","message":"Config"}
{"level":"debug","Manager":"Mir","time":"2023-03-30T03:56:03Z","message":"Config"}
{"level":"debug","Failures":0,"time":"2023-03-30T03:56:03Z","message":"Config"}
{"level":"debug","StragglerCnt":0,"time":"2023-03-30T03:56:03Z","message":"Config"}
{"level":"debug","CrashTiming":"Straggler","time":"2023-03-30T03:56:03Z","message":"Config"}
{"level":"debug","CheckpointInterval":512,"time":"2023-03-30T03:56:03Z","message":"Config"}
{"level":"debug","WatermarkWindowSize":512,"time":"2023-03-30T03:56:03Z","message":"Config"}
{"level":"debug","EpochLength":512,"time":"2023-03-30T03:56:03Z","message":"Config"}
{"level":"debug","SegmentLength":32,"time":"2023-03-30T03:56:03Z","message":"Config"}
{"level":"debug","WaitForCheckpoints":true,"time":"2023-03-30T03:56:03Z","message":"Config"}
{"level":"debug","ClientWatermarkWindowSize":16384,"time":"2023-03-30T03:56:03Z","message":"Config"}
{"level":"debug","ClientRequestBacklogSize":16384,"time":"2023-03-30T03:56:03Z","message":"Config"}
{"level":"debug","RandomSeed":18003,"time":"2023-03-30T03:56:03Z","message":"Config"}
{"level":"debug","NodeToLeaderRatio":1,"time":"2023-03-30T03:56:03Z","message":"Config"}
{"level":"debug","LeaderPolicy":"Simple","time":"2023-03-30T03:56:03Z","message":"Config"}
{"level":"debug","DefaultLeaderBan":2,"time":"2023-03-30T03:56:03Z","message":"Config"}
{"level":"debug","NumBuckets":256,"time":"2023-03-30T03:56:03Z","message":"Config"}
{"level":"debug","BatchSize":1000,"time":"2023-03-30T03:56:03Z","message":"Config"}
{"level":"debug","DisabledViewChange":false,"time":"2023-03-30T03:56:03Z","message":"Config"}
{"level":"debug","ViewChangeTimeout":60000,"time":"2023-03-30T03:56:03Z","message":"Config"}
{"level":"debug","ClientTraceSampling":10,"time":"2023-03-30T03:56:03Z","message":"Config"}
{"level":"debug","EventBufferSize":2097152,"time":"2023-03-30T03:56:03Z","message":"Config"}
{"level":"debug","TraceSampling":1,"time":"2023-03-30T03:56:03Z","message":"Config"}
{"level":"debug","ClientsPerProcess":8,"time":"2023-03-30T03:56:03Z","message":"Config"}
{"level":"debug","RequestsPerClient":4687,"time":"2023-03-30T03:56:03Z","message":"Config"}
{"level":"debug","ClientRunTime":15000,"time":"2023-03-30T03:56:03Z","message":"Config"}
{"level":"debug","RequestRate":156,"time":"2023-03-30T03:56:03Z","message":"Config"}
{"level":"debug","HardRequestRateLimit":false,"time":"2023-03-30T03:56:03Z","message":"Config"}
{"level":"debug","RequestPayloadSize":500,"time":"2023-03-30T03:56:03Z","message":"Config"}
{"level":"debug","SignRequests":true,"time":"2023-03-30T03:56:03Z","message":"Config"}
{"level":"debug","ClientPrivKeyFile":"tls-data/client-ecdsa-256.key","time":"2023-03-30T03:56:03Z","message":"Config"}
{"level":"debug","ClientPubKeyFile":"tls-data/client-ecdsa-256.pem","time":"2023-03-30T03:56:03Z","message":"Config"}
{"level":"debug","PrecomputeRequests":false,"time":"2023-03-30T03:56:03Z","message":"Config"}
{"level":"debug","RequestHandlerThreads":32,"time":"2023-03-30T03:56:03Z","message":"Config"}
{"level":"debug","RequestInputChannelBuffer":8192,"time":"2023-03-30T03:56:03Z","message":"Config"}
{"level":"debug","BatchVerifier":"external","time":"2023-03-30T03:56:03Z","message":"Config"}
03:56:03.161 INF Started Profiler: CPU
03:56:03.161 INF Started Profiler: BLOCK
03:56:03.161 INF Started Profiler: MUTEX
03:56:03.161 INF Starting clients. numClients=8 numRequests=4687
03:56:03.161 INF Initilizing clients.
03:56:03.444 INF Registared with discovery server. numOrderers=16 ownClientId=93
03:56:03.444 INF Registared with discovery server. numOrderers=16 ownClientId=123
03:56:03.444 INF Registared with discovery server. numOrderers=16 ownClientId=124
03:56:03.444 INF Registared with discovery server. numOrderers=16 ownClientId=125
03:56:03.444 INF Registared with discovery server. numOrderers=16 ownClientId=118
03:56:03.444 INF Registared with discovery server. numOrderers=16 ownClientId=113
03:56:03.444 INF Registared with discovery server. numOrderers=16 ownClientId=110
03:56:03.444 INF Registared with discovery server. numOrderers=16 ownClientId=117
03:56:03.445 INF Clients initialized.
03:56:03.445 INF Launching clients.
03:56:03.445 INF Waiting for clients.
03:56:25.852 INF Stopping Tracer. events=950 fileName=experiment-output/0000/slave-024/client-118.trc
zerolog: could not write event: write experiment-output/0000/slave-024/client-118.log: file already closed
zerolog: could not write event: write experiment-output/0000/slave-024/client-118.log: file already closed
zerolog: could not write event: write experiment-output/0000/slave-024/client-118.log: file already closed
zerolog: could not write event: write experiment-output/0000/slave-024/client-118.log: file already closed
03:56:25.854 INF Stopping Tracer. events=1402 fileName=experiment-output/0000/slave-024/client-113.trc
zerolog: could not write event: write experiment-output/0000/slave-024/client-113.log: file already closed
zerolog: could not write event: write experiment-output/0000/slave-024/client-113.log: file already closed
03:56:25.854 INF Trace data written.
zerolog: could not write event: write experiment-output/0000/slave-024/client-113.log: file already closed
zerolog: could not write event: write experiment-output/0000/slave-024/client-113.log: file already closed
03:56:25.856 INF Trace data written.
03:56:25.906 INF Stopping Tracer. events=951 fileName=experiment-output/0000/slave-024/client-124.trc
zerolog: could not write event: write experiment-output/0000/slave-024/client-124.log: file already closed
zerolog: could not write event: write experiment-output/0000/slave-024/client-124.log: file already closed
zerolog: could not write event: write experiment-output/0000/slave-024/client-124.log: file already closed
zerolog: could not write event: write experiment-output/0000/slave-024/client-124.log: file already closed
03:56:25.906 INF Stopping Tracer. events=1388 fileName=experiment-output/0000/slave-024/client-125.trc
03:56:25.907 INF Stopping Tracer. events=963 fileName=experiment-output/0000/slave-024/client-110.trc
zerolog: could not write event: write experiment-output/0000/slave-024/client-125.log: file already closed
zerolog: could not write event: write experiment-output/0000/slave-024/client-125.log: file already closed
zerolog: could not write event: write experiment-output/0000/slave-024/client-125.log: file already closed
zerolog: could not write event: write experiment-output/0000/slave-024/client-125.log: file already closed
zerolog: could not write event: write experiment-output/0000/slave-024/client-110.log: file already closed
zerolog: could not write event: write experiment-output/0000/slave-024/client-110.log: file already closed
zerolog: could not write event: write experiment-output/0000/slave-024/client-110.log: file already closed
zerolog: could not write event: write experiment-output/0000/slave-024/client-110.log: file already closed
03:56:25.909 INF Trace data written.
03:56:25.909 INF Trace data written.
03:56:25.910 INF Trace data written.
03:56:25.915 INF Stopping Tracer. events=1405 fileName=experiment-output/0000/slave-024/client-123.trc
zerolog: could not write event: write experiment-output/0000/slave-024/client-123.log: file already closed
zerolog: could not write event: write experiment-output/0000/slave-024/client-123.log: file already closed
zerolog: could not write event: write experiment-output/0000/slave-024/client-123.log: file already closed
zerolog: could not write event: write experiment-output/0000/slave-024/client-123.log: file already closed
03:56:25.917 INF Trace data written.
03:56:25.919 INF Stopping Tracer. events=1395 fileName=experiment-output/0000/slave-024/client-093.trc
zerolog: could not write event: write experiment-output/0000/slave-024/client-093.log: file already closed
zerolog: could not write event: write experiment-output/0000/slave-024/client-093.log: file already closed
zerolog: could not write event: write experiment-output/0000/slave-024/client-093.log: file already closed
zerolog: could not write event: write experiment-output/0000/slave-024/client-093.log: file already closed
03:56:25.921 INF Stopping Tracer. events=1406 fileName=experiment-output/0000/slave-024/client-117.trc
zerolog: could not write event: write experiment-output/0000/slave-024/client-117.log: file already closed
zerolog: could not write event: write experiment-output/0000/slave-024/client-117.log: file already closed
zerolog: could not write event: write experiment-output/0000/slave-024/client-117.log: file already closed
zerolog: could not write event: write experiment-output/0000/slave-024/client-117.log: file already closed
03:56:25.922 INF Trace data written.
03:56:25.924 INF Trace data written.
03:56:25.924 INF Done.
03:56:25.924 INF Stopping profiler.
zerolog: could not write event: write experiment-output/0000/slave-024/client-118.log: file already closed
zerolog: could not write event: write experiment-output/0000/slave-024/client-118.log: file already closed
zerolog: could not write event: write experiment-output/0000/slave-024/client-118.log: file already closed
zerolog: could not write event: write experiment-output/0000/slave-024/client-118.log: file already closed
zerolog: could not write event: write experiment-output/0000/slave-024/client-113.log: file already closed
zerolog: could not write event: write experiment-output/0000/slave-024/client-113.log: file already closed
zerolog: could not write event: write experiment-output/0000/slave-024/client-113.log: file already closed
zerolog: could not write event: write experiment-output/0000/slave-024/client-113.log: file already closed
zerolog: could not write event: write experiment-output/0000/slave-024/client-124.log: file already closed
zerolog: could not write event: write experiment-output/0000/slave-024/client-124.log: file already closed
zerolog: could not write event: write experiment-output/0000/slave-024/client-124.log: file already closed
zerolog: could not write event: write experiment-output/0000/slave-024/client-124.log: file already closed
zerolog: could not write event: write experiment-output/0000/slave-024/client-125.log: file already closed
zerolog: could not write event: write experiment-output/0000/slave-024/client-110.log: file already closed
zerolog: could not write event: write experiment-output/0000/slave-024/client-125.log: file already closed
zerolog: could not write event: write experiment-output/0000/slave-024/client-110.log: file already closed
zerolog: could not write event: write experiment-output/0000/slave-024/client-125.log: file already closed
zerolog: could not write event: write experiment-output/0000/slave-024/client-110.log: file already closed
zerolog: could not write event: write experiment-output/0000/slave-024/client-125.log: file already closed
zerolog: could not write event: write experiment-output/0000/slave-024/client-110.log: file already closed
zerolog: could not write event: write experiment-output/0000/slave-024/client-123.log: file already closed
zerolog: could not write event: write experiment-output/0000/slave-024/client-123.log: file already closed
zerolog: could not write event: write experiment-output/0000/slave-024/client-123.log: file already closed
zerolog: could not write event: write experiment-output/0000/slave-024/client-123.log: file already closed
zerolog: could not write event: write experiment-output/0000/slave-024/client-093.log: file already closed
zerolog: could not write event: write experiment-output/0000/slave-024/client-093.log: file already closed
zerolog: could not write event: write experiment-output/0000/slave-024/client-093.log: file already closed
zerolog: could not write event: write experiment-output/0000/slave-024/client-093.log: file already closed
zerolog: could not write event: write experiment-output/0000/slave-024/client-117.log: file already closed
zerolog: could not write event: write experiment-output/0000/slave-024/client-117.log: file already closed
zerolog: could not write event: write experiment-output/0000/slave-024/client-117.log: file already closed
zerolog: could not write event: write experiment-output/0000/slave-024/client-117.log: file already closed
03:56:26.059 INF Profile data written. filename=experiment-output/0000/slave-024/prof-client.cpu name=cpu
zerolog: could not write event: write experiment-output/0000/slave-024/client-118.log: file already closed
zerolog: could not write event: write experiment-output/0000/slave-024/client-118.log: file already closed
zerolog: could not write event: write experiment-output/0000/slave-024/client-118.log: file already closed
zerolog: could not write event: write experiment-output/0000/slave-024/client-118.log: file already closed
zerolog: could not write event: write experiment-output/0000/slave-024/client-113.log: file already closed
zerolog: could not write event: write experiment-output/0000/slave-024/client-113.log: file already closed
zerolog: could not write event: write experiment-output/0000/slave-024/client-113.log: file already closed
zerolog: could not write event: write experiment-output/0000/slave-024/client-113.log: file already closed
03:56:26.081 INF Profile data written. filename=experiment-output/0000/slave-024/prof-client.block name=block
03:56:26.090 INF Profile data written. filename=experiment-output/0000/slave-024/prof-client.mutex name=mutex
