{"level":"debug","Logging":"info","time":"2023-03-19T17:05:00Z","message":"Config"}
{"level":"debug","UseTLS":false,"time":"2023-03-19T17:05:00Z","message":"Config"}
{"level":"debug","CACertFile":"tls-data/ca.pem","time":"2023-03-19T17:05:00Z","message":"Config"}
{"level":"debug","KeyFile":"tls-data/auth.key","time":"2023-03-19T17:05:00Z","message":"Config"}
{"level":"debug","CertFile":"tls-data/auth.pem","time":"2023-03-19T17:05:00Z","message":"Config"}
{"level":"debug","PriorityConnections":2,"time":"2023-03-19T17:05:00Z","message":"Config"}
{"level":"debug","BasicConnections":1,"time":"2023-03-19T17:05:00Z","message":"Config"}
{"level":"debug","TestConnections":false,"time":"2023-03-19T17:05:00Z","message":"Config"}
{"level":"debug","ExcessConnections":1,"time":"2023-03-19T17:05:00Z","message":"Config"}
{"level":"debug","ConnectionTestMsgs":4,"time":"2023-03-19T17:05:00Z","message":"Config"}
{"level":"debug","ConnectionTestPayload":131072,"time":"2023-03-19T17:05:00Z","message":"Config"}
{"level":"debug","OutMessageBufsize":1024,"time":"2023-03-19T17:05:00Z","message":"Config"}
{"level":"debug","OutMessageBufsize":4,"time":"2023-03-19T17:05:00Z","message":"Config"}
{"level":"debug","ThroughputCap":131072000,"time":"2023-03-19T17:05:00Z","message":"Config"}
{"level":"debug","StragglerTolerance":1000,"time":"2023-03-19T17:05:00Z","message":"Config"}
{"level":"debug","BatchSizeIncrement":256,"time":"2023-03-19T17:05:00Z","message":"Config"}
{"level":"debug","Orderer":"Pbft","time":"2023-03-19T17:05:00Z","message":"Config"}
{"level":"debug","Manager":"Mir","time":"2023-03-19T17:05:00Z","message":"Config"}
{"level":"debug","Failures":0,"time":"2023-03-19T17:05:00Z","message":"Config"}
{"level":"debug","StragglerCnt":0,"time":"2023-03-19T17:05:00Z","message":"Config"}
{"level":"debug","CrashTiming":"Straggler","time":"2023-03-19T17:05:00Z","message":"Config"}
{"level":"debug","CheckpointInterval":256,"time":"2023-03-19T17:05:00Z","message":"Config"}
{"level":"debug","WatermarkWindowSize":256,"time":"2023-03-19T17:05:00Z","message":"Config"}
{"level":"debug","EpochLength":256,"time":"2023-03-19T17:05:00Z","message":"Config"}
{"level":"debug","SegmentLength":16,"time":"2023-03-19T17:05:00Z","message":"Config"}
{"level":"debug","WaitForCheckpoints":true,"time":"2023-03-19T17:05:00Z","message":"Config"}
{"level":"debug","ClientWatermarkWindowSize":16384,"time":"2023-03-19T17:05:00Z","message":"Config"}
{"level":"debug","ClientRequestBacklogSize":16384,"time":"2023-03-19T17:05:00Z","message":"Config"}
{"level":"debug","RandomSeed":27947,"time":"2023-03-19T17:05:00Z","message":"Config"}
{"level":"debug","NodeToLeaderRatio":1,"time":"2023-03-19T17:05:00Z","message":"Config"}
{"level":"debug","LeaderPolicy":"Simple","time":"2023-03-19T17:05:00Z","message":"Config"}
{"level":"debug","DefaultLeaderBan":2,"time":"2023-03-19T17:05:00Z","message":"Config"}
{"level":"debug","NumBuckets":256,"time":"2023-03-19T17:05:00Z","message":"Config"}
{"level":"debug","BatchSize":1000,"time":"2023-03-19T17:05:00Z","message":"Config"}
{"level":"debug","DisabledViewChange":false,"time":"2023-03-19T17:05:00Z","message":"Config"}
{"level":"debug","ViewChangeTimeout":60000,"time":"2023-03-19T17:05:00Z","message":"Config"}
{"level":"debug","ClientTraceSampling":10,"time":"2023-03-19T17:05:00Z","message":"Config"}
{"level":"debug","EventBufferSize":2097152,"time":"2023-03-19T17:05:00Z","message":"Config"}
{"level":"debug","TraceSampling":1,"time":"2023-03-19T17:05:00Z","message":"Config"}
{"level":"debug","ClientsPerProcess":8,"time":"2023-03-19T17:05:00Z","message":"Config"}
{"level":"debug","RequestsPerClient":11718,"time":"2023-03-19T17:05:00Z","message":"Config"}
{"level":"debug","ClientRunTime":15000,"time":"2023-03-19T17:05:00Z","message":"Config"}
{"level":"debug","RequestRate":390,"time":"2023-03-19T17:05:00Z","message":"Config"}
{"level":"debug","HardRequestRateLimit":false,"time":"2023-03-19T17:05:00Z","message":"Config"}
{"level":"debug","RequestPayloadSize":500,"time":"2023-03-19T17:05:00Z","message":"Config"}
{"level":"debug","SignRequests":true,"time":"2023-03-19T17:05:00Z","message":"Config"}
{"level":"debug","ClientPrivKeyFile":"tls-data/client-ecdsa-256.key","time":"2023-03-19T17:05:00Z","message":"Config"}
{"level":"debug","ClientPubKeyFile":"tls-data/client-ecdsa-256.pem","time":"2023-03-19T17:05:00Z","message":"Config"}
{"level":"debug","PrecomputeRequests":false,"time":"2023-03-19T17:05:00Z","message":"Config"}
{"level":"debug","RequestHandlerThreads":32,"time":"2023-03-19T17:05:00Z","message":"Config"}
{"level":"debug","RequestInputChannelBuffer":8192,"time":"2023-03-19T17:05:00Z","message":"Config"}
{"level":"debug","BatchVerifier":"external","time":"2023-03-19T17:05:00Z","message":"Config"}
17:05:00.383 INF Started Profiler: CPU
17:05:00.383 INF Started Profiler: BLOCK
17:05:00.383 INF Started Profiler: MUTEX
17:05:00.383 INF Starting clients. numClients=8 numRequests=11718
17:05:00.383 INF Initilizing clients.
17:05:00.387 INF Registared with discovery server. numOrderers=16 ownClientId=0
17:05:00.387 INF Registared with discovery server. numOrderers=16 ownClientId=1
17:05:00.387 INF Registared with discovery server. numOrderers=16 ownClientId=2
17:05:00.388 INF Registared with discovery server. numOrderers=16 ownClientId=5
17:05:00.394 INF Registared with discovery server. numOrderers=16 ownClientId=36
17:05:00.394 INF Registared with discovery server. numOrderers=16 ownClientId=40
17:05:00.400 INF Registared with discovery server. numOrderers=16 ownClientId=175
17:05:00.406 INF Registared with discovery server. numOrderers=16 ownClientId=247
17:05:00.406 INF Clients initialized.
17:05:00.406 INF Launching clients.
17:05:00.406 INF Waiting for clients.
17:05:16.499 INF Stopping Tracer. events=2756 fileName=experiment-output/0006/slave-023/client-002.trc
zerolog: could not write event: write experiment-output/0006/slave-023/client-002.log: file already closed
zerolog: could not write event: write experiment-output/0006/slave-023/client-002.log: file already closed
zerolog: could not write event: write experiment-output/0006/slave-023/client-002.log: file already closed
zerolog: could not write event: write experiment-output/0006/slave-023/client-002.log: file already closed
zerolog: could not write event: write experiment-output/0006/slave-023/client-002.log: file already closed
zerolog: could not write event: write experiment-output/0006/slave-023/client-002.log: file already closed
zerolog: could not write event: write experiment-output/0006/slave-023/client-002.log: file already closed
zerolog: could not write event: write experiment-output/0006/slave-023/client-002.log: file already closed
zerolog: could not write event: write experiment-output/0006/slave-023/client-002.log: file already closed
zerolog: could not write event: write experiment-output/0006/slave-023/client-002.log: file already closed
zerolog: could not write event: write experiment-output/0006/slave-023/client-002.log: file already closed
zerolog: could not write event: write experiment-output/0006/slave-023/client-002.log: file already closed
zerolog: could not write event: write experiment-output/0006/slave-023/client-002.log: file already closed
zerolog: could not write event: write experiment-output/0006/slave-023/client-002.log: file already closed
zerolog: could not write event: write experiment-output/0006/slave-023/client-002.log: file already closed
zerolog: could not write event: write experiment-output/0006/slave-023/client-002.log: file already closed
17:05:16.503 INF Stopping Tracer. events=3119 fileName=experiment-output/0006/slave-023/client-175.trc
zerolog: could not write event: write experiment-output/0006/slave-023/client-175.log: file already closed
zerolog: could not write event: write experiment-output/0006/slave-023/client-175.log: file already closed
zerolog: could not write event: write experiment-output/0006/slave-023/client-175.log: file already closed
zerolog: could not write event: write experiment-output/0006/slave-023/client-175.log: file already closed
zerolog: could not write event: write experiment-output/0006/slave-023/client-175.log: file already closed
zerolog: could not write event: write experiment-output/0006/slave-023/client-175.log: file already closed
zerolog: could not write event: write experiment-output/0006/slave-023/client-175.log: file already closed
zerolog: could not write event: write experiment-output/0006/slave-023/client-175.log: file already closed
zerolog: could not write event: write experiment-output/0006/slave-023/client-175.log: file already closed
zerolog: could not write event: write experiment-output/0006/slave-023/client-175.log: file already closed
zerolog: could not write event: write experiment-output/0006/slave-023/client-175.log: file already closed
zerolog: could not write event: write experiment-output/0006/slave-023/client-175.log: file already closed
zerolog: could not write event: write experiment-output/0006/slave-023/client-175.log: file already closed
zerolog: could not write event: write experiment-output/0006/slave-023/client-175.log: file already closed
zerolog: could not write event: write experiment-output/0006/slave-023/client-175.log: file already closed
zerolog: could not write event: write experiment-output/0006/slave-023/client-175.log: file already closed
17:05:16.504 INF Trace data written.
17:05:16.507 INF Stopping Tracer. events=3107 fileName=experiment-output/0006/slave-023/client-005.trc
zerolog: could not write event: write experiment-output/0006/slave-023/client-005.log: file already closed
zerolog: could not write event: write experiment-output/0006/slave-023/client-005.log: file already closed
zerolog: could not write event: write experiment-output/0006/slave-023/client-005.log: file already closed
zerolog: could not write event: write experiment-output/0006/slave-023/client-005.log: file already closed
zerolog: could not write event: write experiment-output/0006/slave-023/client-005.log: file already closed
zerolog: could not write event: write experiment-output/0006/slave-023/client-005.log: file already closed
zerolog: could not write event: write experiment-output/0006/slave-023/client-005.log: file already closed
zerolog: could not write event: write experiment-output/0006/slave-023/client-005.log: file already closed
zerolog: could not write event: write experiment-output/0006/slave-023/client-005.log: file already closed
zerolog: could not write event: write experiment-output/0006/slave-023/client-005.log: file already closed
zerolog: could not write event: write experiment-output/0006/slave-023/client-005.log: file already closed
zerolog: could not write event: write experiment-output/0006/slave-023/client-005.log: file already closed
zerolog: could not write event: write experiment-output/0006/slave-023/client-005.log: file already closed
zerolog: could not write event: write experiment-output/0006/slave-023/client-005.log: file already closed
zerolog: could not write event: write experiment-output/0006/slave-023/client-005.log: file already closed
zerolog: could not write event: write experiment-output/0006/slave-023/client-005.log: file already closed
17:05:16.509 INF Trace data written.
17:05:16.512 INF Trace data written.
17:05:16.513 INF Stopping Tracer. events=2802 fileName=experiment-output/0006/slave-023/client-000.trc
zerolog: could not write event: write experiment-output/0006/slave-023/client-000.log: file already closed
zerolog: could not write event: write experiment-output/0006/slave-023/client-000.log: file already closed
zerolog: could not write event: write experiment-output/0006/slave-023/client-000.log: file already closed
zerolog: could not write event: write experiment-output/0006/slave-023/client-000.log: file already closed
zerolog: could not write event: write experiment-output/0006/slave-023/client-000.log: file already closed
zerolog: could not write event: write experiment-output/0006/slave-023/client-000.log: file already closed
zerolog: could not write event: write experiment-output/0006/slave-023/client-000.log: file already closed
zerolog: could not write event: write experiment-output/0006/slave-023/client-000.log: file already closed
zerolog: could not write event: write experiment-output/0006/slave-023/client-000.log: file already closed
zerolog: could not write event: write experiment-output/0006/slave-023/client-000.log: file already closed
zerolog: could not write event: write experiment-output/0006/slave-023/client-000.log: file already closed
zerolog: could not write event: write experiment-output/0006/slave-023/client-000.log: file already closed
zerolog: could not write event: write experiment-output/0006/slave-023/client-000.log: file already closed
zerolog: could not write event: write experiment-output/0006/slave-023/client-000.log: file already closed
zerolog: could not write event: write experiment-output/0006/slave-023/client-000.log: file already closed
zerolog: could not write event: write experiment-output/0006/slave-023/client-000.log: file already closed
17:05:16.516 INF Stopping Tracer. events=2744 fileName=experiment-output/0006/slave-023/client-036.trc
17:05:16.517 INF Stopping Tracer. events=3097 fileName=experiment-output/0006/slave-023/client-001.trc
zerolog: could not write event: write experiment-output/0006/slave-023/client-036.log: file already closed
zerolog: could not write event: write experiment-output/0006/slave-023/client-036.log: file already closed
zerolog: could not write event: write experiment-output/0006/slave-023/client-036.log: file already closed
zerolog: could not write event: write experiment-output/0006/slave-023/client-036.log: file already closed
zerolog: could not write event: write experiment-output/0006/slave-023/client-036.log: file already closed
zerolog: could not write event: write experiment-output/0006/slave-023/client-001.log: file already closed
zerolog: could not write event: write experiment-output/0006/slave-023/client-001.log: file already closed
zerolog: could not write event: write experiment-output/0006/slave-023/client-036.log: file already closed
zerolog: could not write event: write experiment-output/0006/slave-023/client-036.log: file already closed
zerolog: could not write event: write experiment-output/0006/slave-023/client-036.log: file already closed
zerolog: could not write event: write experiment-output/0006/slave-023/client-001.log: file already closed
zerolog: could not write event: write experiment-output/0006/slave-023/client-001.log: file already closed
zerolog: could not write event: write experiment-output/0006/slave-023/client-001.log: file already closed
zerolog: could not write event: write experiment-output/0006/slave-023/client-001.log: file already closed
zerolog: could not write event: write experiment-output/0006/slave-023/client-001.log: file already closed
zerolog: could not write event: write experiment-output/0006/slave-023/client-036.log: file already closed
zerolog: could not write event: write experiment-output/0006/slave-023/client-036.log: file already closed
zerolog: could not write event: write experiment-output/0006/slave-023/client-001.log: file already closed
zerolog: could not write event: write experiment-output/0006/slave-023/client-001.log: file already closed
zerolog: could not write event: write experiment-output/0006/slave-023/client-001.log: file already closed
zerolog: could not write event: write experiment-output/0006/slave-023/client-001.log: file already closed
zerolog: could not write event: write experiment-output/0006/slave-023/client-001.log: file already closed
zerolog: could not write event: write experiment-output/0006/slave-023/client-036.log: file already closed
zerolog: could not write event: write experiment-output/0006/slave-023/client-036.log: file already closed
zerolog: could not write event: write experiment-output/0006/slave-023/client-001.log: file already closed
zerolog: could not write event: write experiment-output/0006/slave-023/client-036.log: file already closed
zerolog: could not write event: write experiment-output/0006/slave-023/client-001.log: file already closed
zerolog: could not write event: write experiment-output/0006/slave-023/client-036.log: file already closed
zerolog: could not write event: write experiment-output/0006/slave-023/client-001.log: file already closed
zerolog: could not write event: write experiment-output/0006/slave-023/client-036.log: file already closed
zerolog: could not write event: write experiment-output/0006/slave-023/client-001.log: file already closed
zerolog: could not write event: write experiment-output/0006/slave-023/client-036.log: file already closed
17:05:16.518 INF Stopping Tracer. events=2778 fileName=experiment-output/0006/slave-023/client-040.trc
zerolog: could not write event: write experiment-output/0006/slave-023/client-040.log: file already closed
zerolog: could not write event: write experiment-output/0006/slave-023/client-040.log: file already closed
zerolog: could not write event: write experiment-output/0006/slave-023/client-040.log: file already closed
zerolog: could not write event: write experiment-output/0006/slave-023/client-040.log: file already closed
zerolog: could not write event: write experiment-output/0006/slave-023/client-040.log: file already closed
zerolog: could not write event: write experiment-output/0006/slave-023/client-040.log: file already closed
zerolog: could not write event: write experiment-output/0006/slave-023/client-040.log: file already closed
zerolog: could not write event: write experiment-output/0006/slave-023/client-040.log: file already closed
zerolog: could not write event: write experiment-output/0006/slave-023/client-040.log: file already closed
zerolog: could not write event: write experiment-output/0006/slave-023/client-040.log: file already closed
zerolog: could not write event: write experiment-output/0006/slave-023/client-040.log: file already closed
zerolog: could not write event: write experiment-output/0006/slave-023/client-040.log: file already closed
zerolog: could not write event: write experiment-output/0006/slave-023/client-040.log: file already closed
zerolog: could not write event: write experiment-output/0006/slave-023/client-040.log: file already closed
zerolog: could not write event: write experiment-output/0006/slave-023/client-040.log: file already closed
zerolog: could not write event: write experiment-output/0006/slave-023/client-040.log: file already closed
17:05:16.519 INF Trace data written.
17:05:16.522 INF Trace data written.
17:05:16.522 INF Stopping Tracer. events=3109 fileName=experiment-output/0006/slave-023/client-247.trc
zerolog: could not write event: write experiment-output/0006/slave-023/client-247.log: file already closed
zerolog: could not write event: write experiment-output/0006/slave-023/client-247.log: file already closed
zerolog: could not write event: write experiment-output/0006/slave-023/client-247.log: file already closed
zerolog: could not write event: write experiment-output/0006/slave-023/client-247.log: file already closed
zerolog: could not write event: write experiment-output/0006/slave-023/client-247.log: file already closed
zerolog: could not write event: write experiment-output/0006/slave-023/client-247.log: file already closed
zerolog: could not write event: write experiment-output/0006/slave-023/client-247.log: file already closed
zerolog: could not write event: write experiment-output/0006/slave-023/client-247.log: file already closed
zerolog: could not write event: write experiment-output/0006/slave-023/client-247.log: file already closed
zerolog: could not write event: write experiment-output/0006/slave-023/client-247.log: file already closed
zerolog: could not write event: write experiment-output/0006/slave-023/client-247.log: file already closed
zerolog: could not write event: write experiment-output/0006/slave-023/client-247.log: file already closed
zerolog: could not write event: write experiment-output/0006/slave-023/client-247.log: file already closed
zerolog: could not write event: write experiment-output/0006/slave-023/client-247.log: file already closed
zerolog: could not write event: write experiment-output/0006/slave-023/client-247.log: file already closed
zerolog: could not write event: write experiment-output/0006/slave-023/client-247.log: file already closed
17:05:16.523 INF Trace data written.
17:05:16.523 INF Trace data written.
17:05:16.527 INF Trace data written.
17:05:16.527 INF Done.
17:05:16.527 INF Stopping profiler.
17:05:16.647 INF Profile data written. filename=experiment-output/0006/slave-023/prof-client.cpu name=cpu
17:05:16.658 INF Profile data written. filename=experiment-output/0006/slave-023/prof-client.block name=block
17:05:16.665 INF Profile data written. filename=experiment-output/0006/slave-023/prof-client.mutex name=mutex
