{"level":"debug","Logging":"info","time":"2023-03-30T19:18:26Z","message":"Config"}
{"level":"debug","UseTLS":false,"time":"2023-03-30T19:18:26Z","message":"Config"}
{"level":"debug","CACertFile":"tls-data/ca.pem","time":"2023-03-30T19:18:26Z","message":"Config"}
{"level":"debug","KeyFile":"tls-data/auth.key","time":"2023-03-30T19:18:26Z","message":"Config"}
{"level":"debug","CertFile":"tls-data/auth.pem","time":"2023-03-30T19:18:26Z","message":"Config"}
{"level":"debug","PriorityConnections":2,"time":"2023-03-30T19:18:26Z","message":"Config"}
{"level":"debug","BasicConnections":1,"time":"2023-03-30T19:18:26Z","message":"Config"}
{"level":"debug","TestConnections":false,"time":"2023-03-30T19:18:26Z","message":"Config"}
{"level":"debug","ExcessConnections":1,"time":"2023-03-30T19:18:26Z","message":"Config"}
{"level":"debug","ConnectionTestMsgs":4,"time":"2023-03-30T19:18:26Z","message":"Config"}
{"level":"debug","ConnectionTestPayload":131072,"time":"2023-03-30T19:18:26Z","message":"Config"}
{"level":"debug","OutMessageBufsize":1024,"time":"2023-03-30T19:18:26Z","message":"Config"}
{"level":"debug","OutMessageBufsize":4,"time":"2023-03-30T19:18:26Z","message":"Config"}
{"level":"debug","ThroughputCap":131072000,"time":"2023-03-30T19:18:26Z","message":"Config"}
{"level":"debug","StragglerTolerance":1000,"time":"2023-03-30T19:18:26Z","message":"Config"}
{"level":"debug","BatchSizeIncrement":256,"time":"2023-03-30T19:18:26Z","message":"Config"}
{"level":"debug","Orderer":"Pbft","time":"2023-03-30T19:18:26Z","message":"Config"}
{"level":"debug","Manager":"Mir","time":"2023-03-30T19:18:26Z","message":"Config"}
{"level":"debug","Failures":0,"time":"2023-03-30T19:18:26Z","message":"Config"}
{"level":"debug","StragglerCnt":0,"time":"2023-03-30T19:18:26Z","message":"Config"}
{"level":"debug","PrivKeyCnt":10,"time":"2023-03-30T19:18:26Z","message":"Config"}
{"level":"debug","UseSig":false,"time":"2023-03-30T19:18:26Z","message":"Config"}
{"level":"debug","CrashTiming":"Straggler","time":"2023-03-30T19:18:26Z","message":"Config"}
{"level":"debug","CheckpointInterval":512,"time":"2023-03-30T19:18:26Z","message":"Config"}
{"level":"debug","WatermarkWindowSize":512,"time":"2023-03-30T19:18:26Z","message":"Config"}
{"level":"debug","EpochLength":512,"time":"2023-03-30T19:18:26Z","message":"Config"}
{"level":"debug","SegmentLength":32,"time":"2023-03-30T19:18:26Z","message":"Config"}
{"level":"debug","WaitForCheckpoints":true,"time":"2023-03-30T19:18:26Z","message":"Config"}
{"level":"debug","ClientWatermarkWindowSize":16384,"time":"2023-03-30T19:18:26Z","message":"Config"}
{"level":"debug","ClientRequestBacklogSize":16384,"time":"2023-03-30T19:18:26Z","message":"Config"}
{"level":"debug","RandomSeed":19643,"time":"2023-03-30T19:18:26Z","message":"Config"}
{"level":"debug","NodeToLeaderRatio":1,"time":"2023-03-30T19:18:26Z","message":"Config"}
{"level":"debug","LeaderPolicy":"Simple","time":"2023-03-30T19:18:26Z","message":"Config"}
{"level":"debug","DefaultLeaderBan":2,"time":"2023-03-30T19:18:26Z","message":"Config"}
{"level":"debug","NumBuckets":256,"time":"2023-03-30T19:18:26Z","message":"Config"}
{"level":"debug","BatchSize":1000,"time":"2023-03-30T19:18:26Z","message":"Config"}
{"level":"debug","DisabledViewChange":false,"time":"2023-03-30T19:18:26Z","message":"Config"}
{"level":"debug","ViewChangeTimeout":60000,"time":"2023-03-30T19:18:26Z","message":"Config"}
{"level":"debug","ClientTraceSampling":10,"time":"2023-03-30T19:18:26Z","message":"Config"}
{"level":"debug","EventBufferSize":2097152,"time":"2023-03-30T19:18:26Z","message":"Config"}
{"level":"debug","TraceSampling":1,"time":"2023-03-30T19:18:26Z","message":"Config"}
{"level":"debug","ClientsPerProcess":8,"time":"2023-03-30T19:18:26Z","message":"Config"}
{"level":"debug","RequestsPerClient":11718,"time":"2023-03-30T19:18:26Z","message":"Config"}
{"level":"debug","ClientRunTime":15000,"time":"2023-03-30T19:18:26Z","message":"Config"}
{"level":"debug","RequestRate":390,"time":"2023-03-30T19:18:26Z","message":"Config"}
{"level":"debug","HardRequestRateLimit":false,"time":"2023-03-30T19:18:26Z","message":"Config"}
{"level":"debug","RequestPayloadSize":500,"time":"2023-03-30T19:18:26Z","message":"Config"}
{"level":"debug","SignRequests":true,"time":"2023-03-30T19:18:26Z","message":"Config"}
{"level":"debug","ClientPrivKeyFile":"tls-data/client-ecdsa-256.key","time":"2023-03-30T19:18:26Z","message":"Config"}
{"level":"debug","ClientPubKeyFile":"tls-data/client-ecdsa-256.pem","time":"2023-03-30T19:18:26Z","message":"Config"}
{"level":"debug","PrecomputeRequests":false,"time":"2023-03-30T19:18:26Z","message":"Config"}
{"level":"debug","RequestHandlerThreads":32,"time":"2023-03-30T19:18:26Z","message":"Config"}
{"level":"debug","RequestInputChannelBuffer":8192,"time":"2023-03-30T19:18:26Z","message":"Config"}
{"level":"debug","BatchVerifier":"external","time":"2023-03-30T19:18:26Z","message":"Config"}
19:18:26.020 INF Started Profiler: CPU
19:18:26.020 INF Started Profiler: BLOCK
19:18:26.020 INF Started Profiler: MUTEX
19:18:26.020 INF Starting clients. numClients=8 numRequests=11718
19:18:26.020 INF Initilizing clients.
19:18:26.585 INF Registared with discovery server. numOrderers=16 ownClientId=229
19:18:26.585 INF Registared with discovery server. numOrderers=16 ownClientId=228
19:18:26.586 INF Registared with discovery server. numOrderers=16 ownClientId=227
19:18:26.586 INF Registared with discovery server. numOrderers=16 ownClientId=226
19:18:26.587 INF Registared with discovery server. numOrderers=16 ownClientId=247
19:18:26.587 INF Registared with discovery server. numOrderers=16 ownClientId=251
19:18:26.587 INF Registared with discovery server. numOrderers=16 ownClientId=252
19:18:26.588 INF Registared with discovery server. numOrderers=16 ownClientId=255
19:18:26.589 INF Clients initialized.
19:18:26.589 INF Launching clients.
19:18:26.589 INF Waiting for clients.
19:21:12.101 INF Stopping Tracer. events=2378 fileName=experiment-output/0000/slave-045/client-252.trc
zerolog: could not write event: write experiment-output/0000/slave-045/client-252.log: file already closed
zerolog: could not write event: write experiment-output/0000/slave-045/client-252.log: file already closed
zerolog: could not write event: write experiment-output/0000/slave-045/client-252.log: file already closed
zerolog: could not write event: write experiment-output/0000/slave-045/client-252.log: file already closed
19:21:12.105 INF Trace data written.
19:21:12.126 INF Stopping Tracer. events=2398 fileName=experiment-output/0000/slave-045/client-226.trc
19:21:12.126 INF Stopping Tracer. events=3382 fileName=experiment-output/0000/slave-045/client-247.trc
19:21:12.127 INF Stopping Tracer. events=3397 fileName=experiment-output/0000/slave-045/client-227.trc
19:21:12.127 INF Stopping Tracer. events=3407 fileName=experiment-output/0000/slave-045/client-251.trc
19:21:12.127 INF Stopping Tracer. events=2397 fileName=experiment-output/0000/slave-045/client-228.trc
zerolog: could not write event: write experiment-output/0000/slave-045/client-226.log: file already closed
zerolog: could not write event: write experiment-output/0000/slave-045/client-226.log: file already closed
zerolog: could not write event: write experiment-output/0000/slave-045/client-247.log: file already closed
zerolog: could not write event: write experiment-output/0000/slave-045/client-247.log: file already closed
zerolog: could not write event: write experiment-output/0000/slave-045/client-228.log: file already closed
zerolog: could not write event: write experiment-output/0000/slave-045/client-228.log: file already closed
zerolog: could not write event: write experiment-output/0000/slave-045/client-227.log: file already closed
zerolog: could not write event: write experiment-output/0000/slave-045/client-228.log: file already closed
zerolog: could not write event: write experiment-output/0000/slave-045/client-228.log: file already closed
zerolog: could not write event: write experiment-output/0000/slave-045/client-227.log: file already closed
19:21:12.127 INF Stopping Tracer. events=3684 fileName=experiment-output/0000/slave-045/client-255.trc
zerolog: could not write event: write experiment-output/0000/slave-045/client-226.log: file already closed
zerolog: could not write event: write experiment-output/0000/slave-045/client-227.log: file already closed
zerolog: could not write event: write experiment-output/0000/slave-045/client-251.log: file already closed
zerolog: could not write event: write experiment-output/0000/slave-045/client-251.log: file already closed
zerolog: could not write event: write experiment-output/0000/slave-045/client-251.log: file already closed
19:21:12.128 INF Stopping Tracer. events=3478 fileName=experiment-output/0000/slave-045/client-229.trc
zerolog: could not write event: write experiment-output/0000/slave-045/client-255.log: file already closed
zerolog: could not write event: write experiment-output/0000/slave-045/client-255.log: file already closed
zerolog: could not write event: write experiment-output/0000/slave-045/client-255.log: file already closed
zerolog: could not write event: write experiment-output/0000/slave-045/client-255.log: file already closed
zerolog: could not write event: write experiment-output/0000/slave-045/client-247.log: file already closed
zerolog: could not write event: write experiment-output/0000/slave-045/client-229.log: file already closed
zerolog: could not write event: write experiment-output/0000/slave-045/client-229.log: file already closed
zerolog: could not write event: write experiment-output/0000/slave-045/client-251.log: file already closed
zerolog: could not write event: write experiment-output/0000/slave-045/client-229.log: file already closed
zerolog: could not write event: write experiment-output/0000/slave-045/client-226.log: file already closed
zerolog: could not write event: write experiment-output/0000/slave-045/client-229.log: file already closed
zerolog: could not write event: write experiment-output/0000/slave-045/client-227.log: file already closed
zerolog: could not write event: write experiment-output/0000/slave-045/client-247.log: file already closed
19:21:12.132 INF Trace data written.
19:21:12.133 INF Trace data written.
19:21:12.134 INF Trace data written.
19:21:12.134 INF Trace data written.
19:21:12.135 INF Trace data written.
19:21:12.135 INF Trace data written.
19:21:12.135 INF Trace data written.
19:21:12.135 INF Done.
19:21:12.135 INF Stopping profiler.
zerolog: could not write event: write experiment-output/0000/slave-045/client-252.log: file already closed
zerolog: could not write event: write experiment-output/0000/slave-045/client-252.log: file already closed
zerolog: could not write event: write experiment-output/0000/slave-045/client-252.log: file already closed
zerolog: could not write event: write experiment-output/0000/slave-045/client-252.log: file already closed
zerolog: could not write event: write experiment-output/0000/slave-045/client-247.log: file already closed
zerolog: could not write event: write experiment-output/0000/slave-045/client-247.log: file already closed
zerolog: could not write event: write experiment-output/0000/slave-045/client-228.log: file already closed
zerolog: could not write event: write experiment-output/0000/slave-045/client-228.log: file already closed
zerolog: could not write event: write experiment-output/0000/slave-045/client-227.log: file already closed
zerolog: could not write event: write experiment-output/0000/slave-045/client-226.log: file already closed
zerolog: could not write event: write experiment-output/0000/slave-045/client-227.log: file already closed
zerolog: could not write event: write experiment-output/0000/slave-045/client-227.log: file already closed
zerolog: could not write event: write experiment-output/0000/slave-045/client-226.log: file already closed
zerolog: could not write event: write experiment-output/0000/slave-045/client-247.log: file already closed
zerolog: could not write event: write experiment-output/0000/slave-045/client-227.log: file already closed
zerolog: could not write event: write experiment-output/0000/slave-045/client-251.log: file already closed
zerolog: could not write event: write experiment-output/0000/slave-045/client-229.log: file already closed
zerolog: could not write event: write experiment-output/0000/slave-045/client-226.log: file already closed
zerolog: could not write event: write experiment-output/0000/slave-045/client-247.log: file already closed
zerolog: could not write event: write experiment-output/0000/slave-045/client-255.log: file already closed
zerolog: could not write event: write experiment-output/0000/slave-045/client-229.log: file already closed
zerolog: could not write event: write experiment-output/0000/slave-045/client-251.log: file already closed
zerolog: could not write event: write experiment-output/0000/slave-045/client-226.log: file already closed
zerolog: could not write event: write experiment-output/0000/slave-045/client-229.log: file already closed
zerolog: could not write event: write experiment-output/0000/slave-045/client-255.log: file already closed
zerolog: could not write event: write experiment-output/0000/slave-045/client-255.log: file already closed
zerolog: could not write event: write experiment-output/0000/slave-045/client-228.log: file already closed
zerolog: could not write event: write experiment-output/0000/slave-045/client-228.log: file already closed
zerolog: could not write event: write experiment-output/0000/slave-045/client-251.log: file already closed
zerolog: could not write event: write experiment-output/0000/slave-045/client-251.log: file already closed
zerolog: could not write event: write experiment-output/0000/slave-045/client-255.log: file already closed
zerolog: could not write event: write experiment-output/0000/slave-045/client-229.log: file already closed
zerolog: could not write event: write experiment-output/0000/slave-045/client-252.log: file already closed
zerolog: could not write event: write experiment-output/0000/slave-045/client-252.log: file already closed
zerolog: could not write event: write experiment-output/0000/slave-045/client-252.log: file already closed
zerolog: could not write event: write experiment-output/0000/slave-045/client-252.log: file already closed
zerolog: could not write event: write experiment-output/0000/slave-045/client-247.log: file already closed
zerolog: could not write event: write experiment-output/0000/slave-045/client-247.log: file already closed
zerolog: could not write event: write experiment-output/0000/slave-045/client-247.log: file already closed
zerolog: could not write event: write experiment-output/0000/slave-045/client-226.log: file already closed
zerolog: could not write event: write experiment-output/0000/slave-045/client-226.log: file already closed
zerolog: could not write event: write experiment-output/0000/slave-045/client-226.log: file already closed
zerolog: could not write event: write experiment-output/0000/slave-045/client-228.log: file already closed
zerolog: could not write event: write experiment-output/0000/slave-045/client-247.log: file already closed
zerolog: could not write event: write experiment-output/0000/slave-045/client-226.log: file already closed
zerolog: could not write event: write experiment-output/0000/slave-045/client-227.log: file already closed
zerolog: could not write event: write experiment-output/0000/slave-045/client-228.log: file already closed
zerolog: could not write event: write experiment-output/0000/slave-045/client-228.log: file already closed
zerolog: could not write event: write experiment-output/0000/slave-045/client-228.log: file already closed
zerolog: could not write event: write experiment-output/0000/slave-045/client-255.log: file already closed
zerolog: could not write event: write experiment-output/0000/slave-045/client-227.log: file already closed
zerolog: could not write event: write experiment-output/0000/slave-045/client-227.log: file already closed
zerolog: could not write event: write experiment-output/0000/slave-045/client-227.log: file already closed
zerolog: could not write event: write experiment-output/0000/slave-045/client-255.log: file already closed
zerolog: could not write event: write experiment-output/0000/slave-045/client-255.log: file already closed
zerolog: could not write event: write experiment-output/0000/slave-045/client-251.log: file already closed
zerolog: could not write event: write experiment-output/0000/slave-045/client-229.log: file already closed
zerolog: could not write event: write experiment-output/0000/slave-045/client-255.log: file already closed
zerolog: could not write event: write experiment-output/0000/slave-045/client-251.log: file already closed
zerolog: could not write event: write experiment-output/0000/slave-045/client-229.log: file already closed
zerolog: could not write event: write experiment-output/0000/slave-045/client-251.log: file already closed
zerolog: could not write event: write experiment-output/0000/slave-045/client-229.log: file already closed
zerolog: could not write event: write experiment-output/0000/slave-045/client-229.log: file already closed
zerolog: could not write event: write experiment-output/0000/slave-045/client-251.log: file already closed
19:21:12.337 INF Profile data written. filename=experiment-output/0000/slave-045/prof-client.cpu name=cpu
19:21:12.355 INF Profile data written. filename=experiment-output/0000/slave-045/prof-client.block name=block
19:21:12.362 INF Profile data written. filename=experiment-output/0000/slave-045/prof-client.mutex name=mutex
