{"level":"debug","a":1,"time":"2023-07-27T08:04:26Z","message":"In balance init() !"}
{"level":"debug","Logging":"info","time":"2023-07-27T08:04:26Z","message":"Config"}
{"level":"debug","UseTLS":false,"time":"2023-07-27T08:04:26Z","message":"Config"}
{"level":"debug","CACertFile":"tls-data/ca.pem","time":"2023-07-27T08:04:26Z","message":"Config"}
{"level":"debug","KeyFile":"tls-data/auth.key","time":"2023-07-27T08:04:26Z","message":"Config"}
{"level":"debug","CertFile":"tls-data/auth.pem","time":"2023-07-27T08:04:26Z","message":"Config"}
{"level":"debug","PriorityConnections":2,"time":"2023-07-27T08:04:26Z","message":"Config"}
{"level":"debug","BasicConnections":1,"time":"2023-07-27T08:04:26Z","message":"Config"}
{"level":"debug","TestConnections":false,"time":"2023-07-27T08:04:26Z","message":"Config"}
{"level":"debug","ExcessConnections":1,"time":"2023-07-27T08:04:26Z","message":"Config"}
{"level":"debug","ConnectionTestMsgs":4,"time":"2023-07-27T08:04:26Z","message":"Config"}
{"level":"debug","ConnectionTestPayload":131072,"time":"2023-07-27T08:04:26Z","message":"Config"}
{"level":"debug","OutMessageBufsize":1024,"time":"2023-07-27T08:04:26Z","message":"Config"}
{"level":"debug","OutMessageBufsize":4,"time":"2023-07-27T08:04:26Z","message":"Config"}
{"level":"debug","ThroughputCap":131072000,"time":"2023-07-27T08:04:26Z","message":"Config"}
{"level":"debug","StragglerTolerance":1000,"time":"2023-07-27T08:04:26Z","message":"Config"}
{"level":"debug","BatchSizeIncrement":256,"time":"2023-07-27T08:04:26Z","message":"Config"}
{"level":"debug","Orderer":"Pbft","time":"2023-07-27T08:04:26Z","message":"Config"}
{"level":"debug","Manager":"Mir","time":"2023-07-27T08:04:26Z","message":"Config"}
{"level":"debug","Failures":0,"time":"2023-07-27T08:04:26Z","message":"Config"}
{"level":"debug","StragglerCnt":0,"time":"2023-07-27T08:04:26Z","message":"Config"}
{"level":"debug","TotalClients":32,"time":"2023-07-27T08:04:26Z","message":"Config"}
{"level":"debug","CrashTiming":"Straggler","time":"2023-07-27T08:04:26Z","message":"Config"}
{"level":"debug","CheckpointInterval":256,"time":"2023-07-27T08:04:26Z","message":"Config"}
{"level":"debug","WatermarkWindowSize":256,"time":"2023-07-27T08:04:26Z","message":"Config"}
{"level":"debug","EpochLength":256,"time":"2023-07-27T08:04:26Z","message":"Config"}
{"level":"debug","SegmentLength":16,"time":"2023-07-27T08:04:26Z","message":"Config"}
{"level":"debug","WaitForCheckpoints":true,"time":"2023-07-27T08:04:26Z","message":"Config"}
{"level":"debug","ClientWatermarkWindowSize":131072,"time":"2023-07-27T08:04:26Z","message":"Config"}
{"level":"debug","ClientRequestBacklogSize":131072,"time":"2023-07-27T08:04:26Z","message":"Config"}
{"level":"debug","RandomSeed":15586,"time":"2023-07-27T08:04:26Z","message":"Config"}
{"level":"debug","NodeToLeaderRatio":1,"time":"2023-07-27T08:04:26Z","message":"Config"}
{"level":"debug","LeaderPolicy":"Simple","time":"2023-07-27T08:04:26Z","message":"Config"}
{"level":"debug","DefaultLeaderBan":2,"time":"2023-07-27T08:04:26Z","message":"Config"}
{"level":"debug","NumBuckets":256,"time":"2023-07-27T08:04:26Z","message":"Config"}
{"level":"debug","BatchSize":2000,"time":"2023-07-27T08:04:26Z","message":"Config"}
{"level":"debug","DisabledViewChange":false,"time":"2023-07-27T08:04:26Z","message":"Config"}
{"level":"debug","ViewChangeTimeout":60000,"time":"2023-07-27T08:04:26Z","message":"Config"}
{"level":"debug","ClientTraceSampling":10,"time":"2023-07-27T08:04:26Z","message":"Config"}
{"level":"debug","EventBufferSize":2097152,"time":"2023-07-27T08:04:26Z","message":"Config"}
{"level":"debug","TraceSampling":1,"time":"2023-07-27T08:04:26Z","message":"Config"}
{"level":"debug","ClientsPerProcess":2,"time":"2023-07-27T08:04:26Z","message":"Config"}
{"level":"debug","RequestsPerClient":18750,"time":"2023-07-27T08:04:26Z","message":"Config"}
{"level":"debug","ClientRunTime":15000,"time":"2023-07-27T08:04:26Z","message":"Config"}
{"level":"debug","RequestRate":625,"time":"2023-07-27T08:04:26Z","message":"Config"}
{"level":"debug","HardRequestRateLimit":false,"time":"2023-07-27T08:04:26Z","message":"Config"}
{"level":"debug","RequestPayloadSize":500,"time":"2023-07-27T08:04:26Z","message":"Config"}
{"level":"debug","SignRequests":true,"time":"2023-07-27T08:04:26Z","message":"Config"}
{"level":"debug","ClientPrivKeyFile":"tls-data/client-ecdsa-256.key","time":"2023-07-27T08:04:26Z","message":"Config"}
{"level":"debug","ClientPubKeyFile":"tls-data/client-ecdsa-256.pem","time":"2023-07-27T08:04:26Z","message":"Config"}
{"level":"debug","PrecomputeRequests":true,"time":"2023-07-27T08:04:26Z","message":"Config"}
{"level":"debug","RequestHandlerThreads":32,"time":"2023-07-27T08:04:26Z","message":"Config"}
{"level":"debug","RequestInputChannelBuffer":8192,"time":"2023-07-27T08:04:26Z","message":"Config"}
{"level":"debug","BatchVerifier":"external","time":"2023-07-27T08:04:26Z","message":"Config"}
08:04:26.536 INF Started Profiler: CPU
08:04:26.536 INF Started Profiler: BLOCK
08:04:26.536 INF Started Profiler: MUTEX
08:04:26.536 INF Starting clients. numClients=2 numRequests=18750 totalClients=32
08:04:26.536 INF Initilizing clients.
08:04:26.843 INF Registared with discovery server. numOrderers=16 ownClientId=18
fetchFromFile !
08:04:26.893 INF Registared with discovery server. numOrderers=16 ownClientId=29
fetchFromFile !
08:04:26.957 INF Load ethTx data ! TxCnt=205108
08:04:27.010 INF Load ethTx data ! TxCnt=205108
08:04:27.686 INF Clients initialized.
08:04:27.687 INF Launching clients.
08:04:27.687 INF Waiting for clients.
08:04:46.242 INF Stopping Tracer. events=18724 fileName=experiment-output/0000/slave-008/client-018.trc
08:04:46.255 INF Stopping Tracer. events=18760 fileName=experiment-output/0000/slave-008/client-029.trc
08:04:46.270 INF Trace data written.
08:04:46.284 INF Trace data written.
08:04:46.284 INF Done.
08:04:46.284 INF Stopping profiler.
zerolog: could not write event: write experiment-output/0000/slave-008/client-018.log: file already closed
zerolog: could not write event: write experiment-output/0000/slave-008/client-029.log: file already closed
zerolog: could not write event: write experiment-output/0000/slave-008/client-029.log: file already closed
zerolog: could not write event: write experiment-output/0000/slave-008/client-029.log: file already closed
zerolog: could not write event: write experiment-output/0000/slave-008/client-018.log: file already closed
zerolog: could not write event: write experiment-output/0000/slave-008/client-018.log: file already closed
zerolog: could not write event: write experiment-output/0000/slave-008/client-018.log: file already closed
zerolog: could not write event: write experiment-output/0000/slave-008/client-029.log: file already closed
zerolog: could not write event: write experiment-output/0000/slave-008/client-018.log: file already closed
zerolog: could not write event: write experiment-output/0000/slave-008/client-018.log: file already closed
zerolog: could not write event: write experiment-output/0000/slave-008/client-018.log: file already closed
zerolog: could not write event: write experiment-output/0000/slave-008/client-018.log: file already closed
zerolog: could not write event: write experiment-output/0000/slave-008/client-018.log: file already closed
zerolog: could not write event: write experiment-output/0000/slave-008/client-029.log: file already closed
zerolog: could not write event: write experiment-output/0000/slave-008/client-018.log: file already closed
zerolog: could not write event: write experiment-output/0000/slave-008/client-018.log: file already closed
zerolog: could not write event: write experiment-output/0000/slave-008/client-018.log: file already closed
zerolog: could not write event: write experiment-output/0000/slave-008/client-029.log: file already closed
zerolog: could not write event: write experiment-output/0000/slave-008/client-029.log: file already closed
zerolog: could not write event: write experiment-output/0000/slave-008/client-029.log: file already closed
zerolog: could not write event: write experiment-output/0000/slave-008/client-018.log: file already closed
zerolog: could not write event: write experiment-output/0000/slave-008/client-029.log: file already closed
zerolog: could not write event: write experiment-output/0000/slave-008/client-018.log: file already closed
zerolog: could not write event: write experiment-output/0000/slave-008/client-029.log: file already closed
zerolog: could not write event: write experiment-output/0000/slave-008/client-029.log: file already closed
zerolog: could not write event: write experiment-output/0000/slave-008/client-018.log: file already closed
zerolog: could not write event: write experiment-output/0000/slave-008/client-029.log: file already closed
zerolog: could not write event: write experiment-output/0000/slave-008/client-029.log: file already closed
zerolog: could not write event: write experiment-output/0000/slave-008/client-029.log: file already closed
zerolog: could not write event: write experiment-output/0000/slave-008/client-018.log: file already closed
zerolog: could not write event: write experiment-output/0000/slave-008/client-029.log: file already closed
zerolog: could not write event: write experiment-output/0000/slave-008/client-029.log: file already closed
08:04:46.452 INF Profile data written. filename=experiment-output/0000/slave-008/prof-client.cpu name=cpu
08:04:46.468 INF Profile data written. filename=experiment-output/0000/slave-008/prof-client.block name=block
08:04:46.471 INF Profile data written. filename=experiment-output/0000/slave-008/prof-client.mutex name=mutex
