{"level":"debug","Logging":"info","time":"2023-03-19T10:35:35Z","message":"Config"}
{"level":"debug","UseTLS":false,"time":"2023-03-19T10:35:35Z","message":"Config"}
{"level":"debug","CACertFile":"tls-data/ca.pem","time":"2023-03-19T10:35:35Z","message":"Config"}
{"level":"debug","KeyFile":"tls-data/auth.key","time":"2023-03-19T10:35:35Z","message":"Config"}
{"level":"debug","CertFile":"tls-data/auth.pem","time":"2023-03-19T10:35:35Z","message":"Config"}
{"level":"debug","PriorityConnections":2,"time":"2023-03-19T10:35:35Z","message":"Config"}
{"level":"debug","BasicConnections":1,"time":"2023-03-19T10:35:35Z","message":"Config"}
{"level":"debug","TestConnections":false,"time":"2023-03-19T10:35:35Z","message":"Config"}
{"level":"debug","ExcessConnections":1,"time":"2023-03-19T10:35:35Z","message":"Config"}
{"level":"debug","ConnectionTestMsgs":4,"time":"2023-03-19T10:35:35Z","message":"Config"}
{"level":"debug","ConnectionTestPayload":131072,"time":"2023-03-19T10:35:35Z","message":"Config"}
{"level":"debug","OutMessageBufsize":1024,"time":"2023-03-19T10:35:35Z","message":"Config"}
{"level":"debug","OutMessageBufsize":4,"time":"2023-03-19T10:35:35Z","message":"Config"}
{"level":"debug","ThroughputCap":131072000,"time":"2023-03-19T10:35:35Z","message":"Config"}
{"level":"debug","StragglerTolerance":1000,"time":"2023-03-19T10:35:35Z","message":"Config"}
{"level":"debug","BatchSizeIncrement":256,"time":"2023-03-19T10:35:35Z","message":"Config"}
{"level":"debug","Orderer":"Pbft","time":"2023-03-19T10:35:35Z","message":"Config"}
{"level":"debug","Manager":"Mir","time":"2023-03-19T10:35:35Z","message":"Config"}
{"level":"debug","Failures":0,"time":"2023-03-19T10:35:35Z","message":"Config"}
{"level":"debug","StragglerCnt":1,"time":"2023-03-19T10:35:35Z","message":"Config"}
{"level":"debug","PrivKeyCnt":10,"time":"2023-03-19T10:35:35Z","message":"Config"}
{"level":"debug","UseSig":false,"time":"2023-03-19T10:35:35Z","message":"Config"}
{"level":"debug","CrashTiming":"Straggler","time":"2023-03-19T10:35:35Z","message":"Config"}
{"level":"debug","CheckpointInterval":512,"time":"2023-03-19T10:35:35Z","message":"Config"}
{"level":"debug","WatermarkWindowSize":512,"time":"2023-03-19T10:35:35Z","message":"Config"}
{"level":"debug","EpochLength":512,"time":"2023-03-19T10:35:35Z","message":"Config"}
{"level":"debug","SegmentLength":32,"time":"2023-03-19T10:35:35Z","message":"Config"}
{"level":"debug","WaitForCheckpoints":true,"time":"2023-03-19T10:35:35Z","message":"Config"}
{"level":"debug","ClientWatermarkWindowSize":16384,"time":"2023-03-19T10:35:35Z","message":"Config"}
{"level":"debug","ClientRequestBacklogSize":16384,"time":"2023-03-19T10:35:35Z","message":"Config"}
{"level":"debug","RandomSeed":19386,"time":"2023-03-19T10:35:35Z","message":"Config"}
{"level":"debug","NodeToLeaderRatio":1,"time":"2023-03-19T10:35:35Z","message":"Config"}
{"level":"debug","LeaderPolicy":"Simple","time":"2023-03-19T10:35:35Z","message":"Config"}
{"level":"debug","DefaultLeaderBan":2,"time":"2023-03-19T10:35:35Z","message":"Config"}
{"level":"debug","NumBuckets":256,"time":"2023-03-19T10:35:35Z","message":"Config"}
{"level":"debug","BatchSize":1000,"time":"2023-03-19T10:35:35Z","message":"Config"}
{"level":"debug","DisabledViewChange":false,"time":"2023-03-19T10:35:35Z","message":"Config"}
{"level":"debug","ViewChangeTimeout":60000,"time":"2023-03-19T10:35:35Z","message":"Config"}
{"level":"debug","ClientTraceSampling":10,"time":"2023-03-19T10:35:35Z","message":"Config"}
{"level":"debug","EventBufferSize":2097152,"time":"2023-03-19T10:35:35Z","message":"Config"}
{"level":"debug","TraceSampling":1,"time":"2023-03-19T10:35:35Z","message":"Config"}
{"level":"debug","ClientsPerProcess":8,"time":"2023-03-19T10:35:35Z","message":"Config"}
{"level":"debug","RequestsPerClient":11718,"time":"2023-03-19T10:35:35Z","message":"Config"}
{"level":"debug","ClientRunTime":15000,"time":"2023-03-19T10:35:35Z","message":"Config"}
{"level":"debug","RequestRate":390,"time":"2023-03-19T10:35:35Z","message":"Config"}
{"level":"debug","HardRequestRateLimit":false,"time":"2023-03-19T10:35:35Z","message":"Config"}
{"level":"debug","RequestPayloadSize":500,"time":"2023-03-19T10:35:35Z","message":"Config"}
{"level":"debug","SignRequests":true,"time":"2023-03-19T10:35:35Z","message":"Config"}
{"level":"debug","ClientPrivKeyFile":"tls-data/client-ecdsa-256.key","time":"2023-03-19T10:35:35Z","message":"Config"}
{"level":"debug","ClientPubKeyFile":"tls-data/client-ecdsa-256.pem","time":"2023-03-19T10:35:35Z","message":"Config"}
{"level":"debug","PrecomputeRequests":false,"time":"2023-03-19T10:35:35Z","message":"Config"}
{"level":"debug","RequestHandlerThreads":32,"time":"2023-03-19T10:35:35Z","message":"Config"}
{"level":"debug","RequestInputChannelBuffer":8192,"time":"2023-03-19T10:35:35Z","message":"Config"}
{"level":"debug","BatchVerifier":"external","time":"2023-03-19T10:35:35Z","message":"Config"}
10:35:35.211 INF Started Profiler: CPU
10:35:35.211 INF Started Profiler: BLOCK
10:35:35.211 INF Started Profiler: MUTEX
10:35:35.211 INF Starting clients. numClients=8 numRequests=11718
10:35:35.211 INF Initilizing clients.
10:35:35.610 INF Registared with discovery server. numOrderers=16 ownClientId=144
10:35:35.610 INF Registared with discovery server. numOrderers=16 ownClientId=146
10:35:35.610 INF Registared with discovery server. numOrderers=16 ownClientId=139
10:35:35.611 INF Registared with discovery server. numOrderers=16 ownClientId=141
10:35:35.611 INF Registared with discovery server. numOrderers=16 ownClientId=142
10:35:35.613 INF Registared with discovery server. numOrderers=16 ownClientId=169
10:35:35.614 INF Registared with discovery server. numOrderers=16 ownClientId=166
10:35:35.616 INF Registared with discovery server. numOrderers=16 ownClientId=183
10:35:35.616 INF Clients initialized.
10:35:35.616 INF Launching clients.
10:35:35.616 INF Waiting for clients.
10:37:00.761 INF Stopping Tracer. events=2345 fileName=experiment-output/0006/slave-027/client-141.trc
zerolog: could not write event: write experiment-output/0006/slave-027/client-141.log: file already closed
zerolog: could not write event: write experiment-output/0006/slave-027/client-141.log: file already closed
zerolog: could not write event: write experiment-output/0006/slave-027/client-141.log: file already closed
zerolog: could not write event: write experiment-output/0006/slave-027/client-141.log: file already closed
10:37:00.765 INF Trace data written.
10:37:00.791 INF Stopping Tracer. events=3508 fileName=experiment-output/0006/slave-027/client-144.trc
10:37:00.791 INF Stopping Tracer. events=3515 fileName=experiment-output/0006/slave-027/client-166.trc
zerolog: could not write event: write experiment-output/0006/slave-027/client-144.log: file already closed
zerolog: could not write event: write experiment-output/0006/slave-027/client-144.log: file already closed
10:37:00.792 INF Stopping Tracer. events=2345 fileName=experiment-output/0006/slave-027/client-139.trc
zerolog: could not write event: write experiment-output/0006/slave-027/client-144.log: file already closed
10:37:00.792 INF Stopping Tracer. events=3593 fileName=experiment-output/0006/slave-027/client-142.trc
zerolog: could not write event: write experiment-output/0006/slave-027/client-144.log: file already closed
zerolog: could not write event: write experiment-output/0006/slave-027/client-166.log: file already closed
zerolog: could not write event: write experiment-output/0006/slave-027/client-166.log: file already closed
zerolog: could not write event: write experiment-output/0006/slave-027/client-166.log: file already closed
zerolog: could not write event: write experiment-output/0006/slave-027/client-142.log: file already closed
zerolog: could not write event: write experiment-output/0006/slave-027/client-142.log: file already closed
zerolog: could not write event: write experiment-output/0006/slave-027/client-166.log: file already closed
zerolog: could not write event: write experiment-output/0006/slave-027/client-142.log: file already closed
zerolog: could not write event: write experiment-output/0006/slave-027/client-139.log: file already closed
zerolog: could not write event: write experiment-output/0006/slave-027/client-139.log: file already closed
zerolog: could not write event: write experiment-output/0006/slave-027/client-139.log: file already closed
zerolog: could not write event: write experiment-output/0006/slave-027/client-139.log: file already closed
zerolog: could not write event: write experiment-output/0006/slave-027/client-142.log: file already closed
10:37:00.798 INF Trace data written.
10:37:00.800 INF Trace data written.
10:37:00.800 INF Trace data written.
10:37:00.800 INF Trace data written.
10:37:00.801 INF Stopping Tracer. events=3498 fileName=experiment-output/0006/slave-027/client-146.trc
10:37:00.801 INF Stopping Tracer. events=2345 fileName=experiment-output/0006/slave-027/client-183.trc
zerolog: could not write event: write experiment-output/0006/slave-027/client-146.log: file already closed
10:37:00.801 INF Stopping Tracer. events=2345 fileName=experiment-output/0006/slave-027/client-169.trc
zerolog: could not write event: write experiment-output/0006/slave-027/client-146.log: file already closed
zerolog: could not write event: write experiment-output/0006/slave-027/client-183.log: file already closed
zerolog: could not write event: write experiment-output/0006/slave-027/client-183.log: file already closed
zerolog: could not write event: write experiment-output/0006/slave-027/client-146.log: file already closed
zerolog: could not write event: write experiment-output/0006/slave-027/client-169.log: file already closed
zerolog: could not write event: write experiment-output/0006/slave-027/client-169.log: file already closed
zerolog: could not write event: write experiment-output/0006/slave-027/client-169.log: file already closed
zerolog: could not write event: write experiment-output/0006/slave-027/client-146.log: file already closed
zerolog: could not write event: write experiment-output/0006/slave-027/client-169.log: file already closed
zerolog: could not write event: write experiment-output/0006/slave-027/client-183.log: file already closed
zerolog: could not write event: write experiment-output/0006/slave-027/client-183.log: file already closed
10:37:00.807 INF Trace data written.
10:37:00.807 INF Trace data written.
10:37:00.807 INF Trace data written.
10:37:00.807 INF Done.
10:37:00.807 INF Stopping profiler.
zerolog: could not write event: write experiment-output/0006/slave-027/client-141.log: file already closed
zerolog: could not write event: write experiment-output/0006/slave-027/client-141.log: file already closed
zerolog: could not write event: write experiment-output/0006/slave-027/client-141.log: file already closed
zerolog: could not write event: write experiment-output/0006/slave-027/client-141.log: file already closed
zerolog: could not write event: write experiment-output/0006/slave-027/client-144.log: file already closed
zerolog: could not write event: write experiment-output/0006/slave-027/client-141.log: file already closed
zerolog: could not write event: write experiment-output/0006/slave-027/client-142.log: file already closed
zerolog: could not write event: write experiment-output/0006/slave-027/client-141.log: file already closed
zerolog: could not write event: write experiment-output/0006/slave-027/client-141.log: file already closed
zerolog: could not write event: write experiment-output/0006/slave-027/client-166.log: file already closed
zerolog: could not write event: write experiment-output/0006/slave-027/client-141.log: file already closed
zerolog: could not write event: write experiment-output/0006/slave-027/client-139.log: file already closed
zerolog: could not write event: write experiment-output/0006/slave-027/client-166.log: file already closed
zerolog: could not write event: write experiment-output/0006/slave-027/client-139.log: file already closed
zerolog: could not write event: write experiment-output/0006/slave-027/client-169.log: file already closed
zerolog: could not write event: write experiment-output/0006/slave-027/client-146.log: file already closed
zerolog: could not write event: write experiment-output/0006/slave-027/client-146.log: file already closed
zerolog: could not write event: write experiment-output/0006/slave-027/client-144.log: file already closed
zerolog: could not write event: write experiment-output/0006/slave-027/client-144.log: file already closed
zerolog: could not write event: write experiment-output/0006/slave-027/client-144.log: file already closed
zerolog: could not write event: write experiment-output/0006/slave-027/client-139.log: file already closed
zerolog: could not write event: write experiment-output/0006/slave-027/client-142.log: file already closed
zerolog: could not write event: write experiment-output/0006/slave-027/client-139.log: file already closed
zerolog: could not write event: write experiment-output/0006/slave-027/client-166.log: file already closed
zerolog: could not write event: write experiment-output/0006/slave-027/client-166.log: file already closed
zerolog: could not write event: write experiment-output/0006/slave-027/client-142.log: file already closed
zerolog: could not write event: write experiment-output/0006/slave-027/client-142.log: file already closed
zerolog: could not write event: write experiment-output/0006/slave-027/client-146.log: file already closed
zerolog: could not write event: write experiment-output/0006/slave-027/client-183.log: file already closed
zerolog: could not write event: write experiment-output/0006/slave-027/client-146.log: file already closed
zerolog: could not write event: write experiment-output/0006/slave-027/client-183.log: file already closed
zerolog: could not write event: write experiment-output/0006/slave-027/client-183.log: file already closed
zerolog: could not write event: write experiment-output/0006/slave-027/client-169.log: file already closed
zerolog: could not write event: write experiment-output/0006/slave-027/client-183.log: file already closed
zerolog: could not write event: write experiment-output/0006/slave-027/client-169.log: file already closed
zerolog: could not write event: write experiment-output/0006/slave-027/client-169.log: file already closed
zerolog: could not write event: write experiment-output/0006/slave-027/client-144.log: file already closed
zerolog: could not write event: write experiment-output/0006/slave-027/client-166.log: file already closed
zerolog: could not write event: write experiment-output/0006/slave-027/client-142.log: file already closed
zerolog: could not write event: write experiment-output/0006/slave-027/client-139.log: file already closed
zerolog: could not write event: write experiment-output/0006/slave-027/client-144.log: file already closed
zerolog: could not write event: write experiment-output/0006/slave-027/client-142.log: file already closed
zerolog: could not write event: write experiment-output/0006/slave-027/client-144.log: file already closed
zerolog: could not write event: write experiment-output/0006/slave-027/client-144.log: file already closed
zerolog: could not write event: write experiment-output/0006/slave-027/client-142.log: file already closed
zerolog: could not write event: write experiment-output/0006/slave-027/client-142.log: file already closed
zerolog: could not write event: write experiment-output/0006/slave-027/client-139.log: file already closed
zerolog: could not write event: write experiment-output/0006/slave-027/client-166.log: file already closed
zerolog: could not write event: write experiment-output/0006/slave-027/client-166.log: file already closed
zerolog: could not write event: write experiment-output/0006/slave-027/client-166.log: file already closed
zerolog: could not write event: write experiment-output/0006/slave-027/client-139.log: file already closed
zerolog: could not write event: write experiment-output/0006/slave-027/client-139.log: file already closed
zerolog: could not write event: write experiment-output/0006/slave-027/client-146.log: file already closed
zerolog: could not write event: write experiment-output/0006/slave-027/client-146.log: file already closed
zerolog: could not write event: write experiment-output/0006/slave-027/client-183.log: file already closed
zerolog: could not write event: write experiment-output/0006/slave-027/client-169.log: file already closed
zerolog: could not write event: write experiment-output/0006/slave-027/client-146.log: file already closed
zerolog: could not write event: write experiment-output/0006/slave-027/client-146.log: file already closed
zerolog: could not write event: write experiment-output/0006/slave-027/client-169.log: file already closed
zerolog: could not write event: write experiment-output/0006/slave-027/client-183.log: file already closed
zerolog: could not write event: write experiment-output/0006/slave-027/client-183.log: file already closed
zerolog: could not write event: write experiment-output/0006/slave-027/client-183.log: file already closed
zerolog: could not write event: write experiment-output/0006/slave-027/client-169.log: file already closed
zerolog: could not write event: write experiment-output/0006/slave-027/client-169.log: file already closed
zerolog: could not write event: write experiment-output/0006/slave-027/client-141.log: file already closed
zerolog: could not write event: write experiment-output/0006/slave-027/client-141.log: file already closed
zerolog: could not write event: write experiment-output/0006/slave-027/client-141.log: file already closed
zerolog: could not write event: write experiment-output/0006/slave-027/client-141.log: file already closed
10:37:01.000 INF Profile data written. filename=experiment-output/0006/slave-027/prof-client.cpu name=cpu
zerolog: could not write event: write experiment-output/0006/slave-027/client-166.log: file already closed
zerolog: could not write event: write experiment-output/0006/slave-027/client-144.log: file already closed
zerolog: could not write event: write experiment-output/0006/slave-027/client-166.log: file already closed
zerolog: could not write event: write experiment-output/0006/slave-027/client-142.log: file already closed
zerolog: could not write event: write experiment-output/0006/slave-027/client-144.log: file already closed
zerolog: could not write event: write experiment-output/0006/slave-027/client-139.log: file already closed
zerolog: could not write event: write experiment-output/0006/slave-027/client-144.log: file already closed
zerolog: could not write event: write experiment-output/0006/slave-027/client-142.log: file already closed
zerolog: could not write event: write experiment-output/0006/slave-027/client-139.log: file already closed
zerolog: could not write event: write experiment-output/0006/slave-027/client-144.log: file already closed
zerolog: could not write event: write experiment-output/0006/slave-027/client-166.log: file already closed
zerolog: could not write event: write experiment-output/0006/slave-027/client-142.log: file already closed
zerolog: could not write event: write experiment-output/0006/slave-027/client-139.log: file already closed
zerolog: could not write event: write experiment-output/0006/slave-027/client-142.log: file already closed
zerolog: could not write event: write experiment-output/0006/slave-027/client-166.log: file already closed
zerolog: could not write event: write experiment-output/0006/slave-027/client-139.log: file already closed
zerolog: could not write event: write experiment-output/0006/slave-027/client-169.log: file already closed
zerolog: could not write event: write experiment-output/0006/slave-027/client-146.log: file already closed
zerolog: could not write event: write experiment-output/0006/slave-027/client-169.log: file already closed
zerolog: could not write event: write experiment-output/0006/slave-027/client-146.log: file already closed
zerolog: could not write event: write experiment-output/0006/slave-027/client-169.log: file already closed
zerolog: could not write event: write experiment-output/0006/slave-027/client-146.log: file already closed
zerolog: could not write event: write experiment-output/0006/slave-027/client-183.log: file already closed
zerolog: could not write event: write experiment-output/0006/slave-027/client-183.log: file already closed
zerolog: could not write event: write experiment-output/0006/slave-027/client-183.log: file already closed
zerolog: could not write event: write experiment-output/0006/slave-027/client-169.log: file already closed
zerolog: could not write event: write experiment-output/0006/slave-027/client-183.log: file already closed
zerolog: could not write event: write experiment-output/0006/slave-027/client-146.log: file already closed
10:37:01.020 INF Profile data written. filename=experiment-output/0006/slave-027/prof-client.block name=block
10:37:01.027 INF Profile data written. filename=experiment-output/0006/slave-027/prof-client.mutex name=mutex
