{"level":"debug","Logging":"info","time":"2023-03-19T10:33:42Z","message":"Config"}
{"level":"debug","UseTLS":false,"time":"2023-03-19T10:33:42Z","message":"Config"}
{"level":"debug","CACertFile":"tls-data/ca.pem","time":"2023-03-19T10:33:42Z","message":"Config"}
{"level":"debug","KeyFile":"tls-data/auth.key","time":"2023-03-19T10:33:42Z","message":"Config"}
{"level":"debug","CertFile":"tls-data/auth.pem","time":"2023-03-19T10:33:42Z","message":"Config"}
{"level":"debug","PriorityConnections":2,"time":"2023-03-19T10:33:42Z","message":"Config"}
{"level":"debug","BasicConnections":1,"time":"2023-03-19T10:33:42Z","message":"Config"}
{"level":"debug","TestConnections":false,"time":"2023-03-19T10:33:42Z","message":"Config"}
{"level":"debug","ExcessConnections":1,"time":"2023-03-19T10:33:42Z","message":"Config"}
{"level":"debug","ConnectionTestMsgs":4,"time":"2023-03-19T10:33:42Z","message":"Config"}
{"level":"debug","ConnectionTestPayload":131072,"time":"2023-03-19T10:33:42Z","message":"Config"}
{"level":"debug","OutMessageBufsize":1024,"time":"2023-03-19T10:33:42Z","message":"Config"}
{"level":"debug","OutMessageBufsize":4,"time":"2023-03-19T10:33:42Z","message":"Config"}
{"level":"debug","ThroughputCap":131072000,"time":"2023-03-19T10:33:42Z","message":"Config"}
{"level":"debug","StragglerTolerance":1000,"time":"2023-03-19T10:33:42Z","message":"Config"}
{"level":"debug","BatchSizeIncrement":256,"time":"2023-03-19T10:33:42Z","message":"Config"}
{"level":"debug","Orderer":"Pbft","time":"2023-03-19T10:33:42Z","message":"Config"}
{"level":"debug","Manager":"Mir","time":"2023-03-19T10:33:42Z","message":"Config"}
{"level":"debug","Failures":0,"time":"2023-03-19T10:33:42Z","message":"Config"}
{"level":"debug","StragglerCnt":1,"time":"2023-03-19T10:33:42Z","message":"Config"}
{"level":"debug","PrivKeyCnt":10,"time":"2023-03-19T10:33:42Z","message":"Config"}
{"level":"debug","UseSig":false,"time":"2023-03-19T10:33:42Z","message":"Config"}
{"level":"debug","CrashTiming":"Straggler","time":"2023-03-19T10:33:42Z","message":"Config"}
{"level":"debug","CheckpointInterval":512,"time":"2023-03-19T10:33:42Z","message":"Config"}
{"level":"debug","WatermarkWindowSize":512,"time":"2023-03-19T10:33:42Z","message":"Config"}
{"level":"debug","EpochLength":512,"time":"2023-03-19T10:33:42Z","message":"Config"}
{"level":"debug","SegmentLength":32,"time":"2023-03-19T10:33:42Z","message":"Config"}
{"level":"debug","WaitForCheckpoints":true,"time":"2023-03-19T10:33:42Z","message":"Config"}
{"level":"debug","ClientWatermarkWindowSize":16384,"time":"2023-03-19T10:33:42Z","message":"Config"}
{"level":"debug","ClientRequestBacklogSize":16384,"time":"2023-03-19T10:33:42Z","message":"Config"}
{"level":"debug","RandomSeed":19386,"time":"2023-03-19T10:33:42Z","message":"Config"}
{"level":"debug","NodeToLeaderRatio":1,"time":"2023-03-19T10:33:42Z","message":"Config"}
{"level":"debug","LeaderPolicy":"Simple","time":"2023-03-19T10:33:42Z","message":"Config"}
{"level":"debug","DefaultLeaderBan":2,"time":"2023-03-19T10:33:42Z","message":"Config"}
{"level":"debug","NumBuckets":256,"time":"2023-03-19T10:33:42Z","message":"Config"}
{"level":"debug","BatchSize":1000,"time":"2023-03-19T10:33:42Z","message":"Config"}
{"level":"debug","DisabledViewChange":false,"time":"2023-03-19T10:33:42Z","message":"Config"}
{"level":"debug","ViewChangeTimeout":60000,"time":"2023-03-19T10:33:42Z","message":"Config"}
{"level":"debug","ClientTraceSampling":10,"time":"2023-03-19T10:33:42Z","message":"Config"}
{"level":"debug","EventBufferSize":2097152,"time":"2023-03-19T10:33:42Z","message":"Config"}
{"level":"debug","TraceSampling":1,"time":"2023-03-19T10:33:42Z","message":"Config"}
{"level":"debug","ClientsPerProcess":8,"time":"2023-03-19T10:33:42Z","message":"Config"}
{"level":"debug","RequestsPerClient":9375,"time":"2023-03-19T10:33:42Z","message":"Config"}
{"level":"debug","ClientRunTime":15000,"time":"2023-03-19T10:33:42Z","message":"Config"}
{"level":"debug","RequestRate":312,"time":"2023-03-19T10:33:42Z","message":"Config"}
{"level":"debug","HardRequestRateLimit":false,"time":"2023-03-19T10:33:42Z","message":"Config"}
{"level":"debug","RequestPayloadSize":500,"time":"2023-03-19T10:33:42Z","message":"Config"}
{"level":"debug","SignRequests":true,"time":"2023-03-19T10:33:42Z","message":"Config"}
{"level":"debug","ClientPrivKeyFile":"tls-data/client-ecdsa-256.key","time":"2023-03-19T10:33:42Z","message":"Config"}
{"level":"debug","ClientPubKeyFile":"tls-data/client-ecdsa-256.pem","time":"2023-03-19T10:33:42Z","message":"Config"}
{"level":"debug","PrecomputeRequests":false,"time":"2023-03-19T10:33:42Z","message":"Config"}
{"level":"debug","RequestHandlerThreads":32,"time":"2023-03-19T10:33:42Z","message":"Config"}
{"level":"debug","RequestInputChannelBuffer":8192,"time":"2023-03-19T10:33:42Z","message":"Config"}
{"level":"debug","BatchVerifier":"external","time":"2023-03-19T10:33:42Z","message":"Config"}
10:33:42.385 INF Started Profiler: CPU
10:33:42.386 INF Started Profiler: BLOCK
10:33:42.386 INF Started Profiler: MUTEX
10:33:42.386 INF Starting clients. numClients=8 numRequests=9375
10:33:42.386 INF Initilizing clients.
10:33:42.950 INF Registared with discovery server. numOrderers=16 ownClientId=202
10:33:42.950 INF Registared with discovery server. numOrderers=16 ownClientId=204
10:33:42.950 INF Registared with discovery server. numOrderers=16 ownClientId=206
10:33:42.951 INF Registared with discovery server. numOrderers=16 ownClientId=210
10:33:42.951 INF Registared with discovery server. numOrderers=16 ownClientId=218
10:33:42.952 INF Registared with discovery server. numOrderers=16 ownClientId=235
10:33:42.952 INF Registared with discovery server. numOrderers=16 ownClientId=240
10:33:42.952 INF Registared with discovery server. numOrderers=16 ownClientId=230
10:33:42.952 INF Clients initialized.
10:33:42.952 INF Launching clients.
10:33:42.952 INF Waiting for clients.
10:35:01.390 INF Stopping Tracer. events=2837 fileName=experiment-output/0005/slave-042/client-210.trc
zerolog: could not write event: write experiment-output/0005/slave-042/client-210.log: file already closed
zerolog: could not write event: write experiment-output/0005/slave-042/client-210.log: file already closed
zerolog: could not write event: write experiment-output/0005/slave-042/client-210.log: file already closed
zerolog: could not write event: write experiment-output/0005/slave-042/client-210.log: file already closed
10:35:01.395 INF Trace data written.
10:35:01.431 INF Stopping Tracer. events=2852 fileName=experiment-output/0005/slave-042/client-240.trc
zerolog: could not write event: write experiment-output/0005/slave-042/client-240.log: file already closed
zerolog: could not write event: write experiment-output/0005/slave-042/client-240.log: file already closed
zerolog: could not write event: write experiment-output/0005/slave-042/client-240.log: file already closed
zerolog: could not write event: write experiment-output/0005/slave-042/client-240.log: file already closed
10:35:01.432 INF Stopping Tracer. events=2853 fileName=experiment-output/0005/slave-042/client-202.trc
zerolog: could not write event: write experiment-output/0005/slave-042/client-202.log: file already closed
zerolog: could not write event: write experiment-output/0005/slave-042/client-202.log: file already closed
zerolog: could not write event: write experiment-output/0005/slave-042/client-202.log: file already closed
zerolog: could not write event: write experiment-output/0005/slave-042/client-202.log: file already closed
10:35:01.438 INF Stopping Tracer. events=1877 fileName=experiment-output/0005/slave-042/client-235.trc
10:35:01.439 INF Trace data written.
zerolog: could not write event: write experiment-output/0005/slave-042/client-235.log: file already closed
zerolog: could not write event: write experiment-output/0005/slave-042/client-235.log: file already closed
10:35:01.440 INF Trace data written.
zerolog: could not write event: write experiment-output/0005/slave-042/client-235.log: file already closed
zerolog: could not write event: write experiment-output/0005/slave-042/client-235.log: file already closed
10:35:01.440 INF Stopping Tracer. events=2821 fileName=experiment-output/0005/slave-042/client-206.trc
10:35:01.440 INF Stopping Tracer. events=2773 fileName=experiment-output/0005/slave-042/client-204.trc
zerolog: could not write event: write experiment-output/0005/slave-042/client-206.log: file already closed
zerolog: could not write event: write experiment-output/0005/slave-042/client-206.log: file already closed
zerolog: could not write event: write experiment-output/0005/slave-042/client-206.log: file already closed
zerolog: could not write event: write experiment-output/0005/slave-042/client-206.log: file already closed
10:35:01.441 INF Stopping Tracer. events=2793 fileName=experiment-output/0005/slave-042/client-218.trc
10:35:01.441 INF Stopping Tracer. events=2933 fileName=experiment-output/0005/slave-042/client-230.trc
zerolog: could not write event: write experiment-output/0005/slave-042/client-204.log: file already closed
zerolog: could not write event: write experiment-output/0005/slave-042/client-204.log: file already closed
zerolog: could not write event: write experiment-output/0005/slave-042/client-204.log: file already closed
zerolog: could not write event: write experiment-output/0005/slave-042/client-218.log: file already closed
zerolog: could not write event: write experiment-output/0005/slave-042/client-218.log: file already closed
zerolog: could not write event: write experiment-output/0005/slave-042/client-218.log: file already closed
zerolog: could not write event: write experiment-output/0005/slave-042/client-218.log: file already closed
zerolog: could not write event: write experiment-output/0005/slave-042/client-230.log: file already closed
zerolog: could not write event: write experiment-output/0005/slave-042/client-204.log: file already closed
zerolog: could not write event: write experiment-output/0005/slave-042/client-230.log: file already closed
zerolog: could not write event: write experiment-output/0005/slave-042/client-230.log: file already closed
zerolog: could not write event: write experiment-output/0005/slave-042/client-230.log: file already closed
10:35:01.445 INF Trace data written.
10:35:01.447 INF Trace data written.
10:35:01.447 INF Trace data written.
10:35:01.450 INF Trace data written.
10:35:01.450 INF Trace data written.
10:35:01.451 INF Done.
10:35:01.451 INF Stopping profiler.
10:35:01.466 INF Profile data written. filename=experiment-output/0005/slave-042/prof-client.block name=block
10:35:01.473 INF Profile data written. filename=experiment-output/0005/slave-042/prof-client.mutex name=mutex
zerolog: could not write event: write experiment-output/0005/slave-042/client-210.log: file already closed
zerolog: could not write event: write experiment-output/0005/slave-042/client-210.log: file already closed
zerolog: could not write event: write experiment-output/0005/slave-042/client-210.log: file already closed
zerolog: could not write event: write experiment-output/0005/slave-042/client-210.log: file already closed
zerolog: could not write event: write experiment-output/0005/slave-042/client-202.log: file already closed
zerolog: could not write event: write experiment-output/0005/slave-042/client-202.log: file already closed
zerolog: could not write event: write experiment-output/0005/slave-042/client-240.log: file already closed
zerolog: could not write event: write experiment-output/0005/slave-042/client-240.log: file already closed
zerolog: could not write event: write experiment-output/0005/slave-042/client-202.log: file already closed
zerolog: could not write event: write experiment-output/0005/slave-042/client-235.log: file already closed
zerolog: could not write event: write experiment-output/0005/slave-042/client-235.log: file already closed
zerolog: could not write event: write experiment-output/0005/slave-042/client-218.log: file already closed
zerolog: could not write event: write experiment-output/0005/slave-042/client-235.log: file already closed
zerolog: could not write event: write experiment-output/0005/slave-042/client-230.log: file already closed
zerolog: could not write event: write experiment-output/0005/slave-042/client-218.log: file already closed
zerolog: could not write event: write experiment-output/0005/slave-042/client-202.log: file already closed
zerolog: could not write event: write experiment-output/0005/slave-042/client-240.log: file already closed
zerolog: could not write event: write experiment-output/0005/slave-042/client-240.log: file already closed
zerolog: could not write event: write experiment-output/0005/slave-042/client-235.log: file already closed
zerolog: could not write event: write experiment-output/0005/slave-042/client-206.log: file already closed
zerolog: could not write event: write experiment-output/0005/slave-042/client-204.log: file already closed
zerolog: could not write event: write experiment-output/0005/slave-042/client-206.log: file already closed
zerolog: could not write event: write experiment-output/0005/slave-042/client-204.log: file already closed
zerolog: could not write event: write experiment-output/0005/slave-042/client-206.log: file already closed
zerolog: could not write event: write experiment-output/0005/slave-042/client-230.log: file already closed
zerolog: could not write event: write experiment-output/0005/slave-042/client-218.log: file already closed
zerolog: could not write event: write experiment-output/0005/slave-042/client-206.log: file already closed
zerolog: could not write event: write experiment-output/0005/slave-042/client-204.log: file already closed
zerolog: could not write event: write experiment-output/0005/slave-042/client-204.log: file already closed
zerolog: could not write event: write experiment-output/0005/slave-042/client-230.log: file already closed
zerolog: could not write event: write experiment-output/0005/slave-042/client-218.log: file already closed
zerolog: could not write event: write experiment-output/0005/slave-042/client-230.log: file already closed
zerolog: could not write event: write experiment-output/0005/slave-042/client-210.log: file already closed
zerolog: could not write event: write experiment-output/0005/slave-042/client-210.log: file already closed
zerolog: could not write event: write experiment-output/0005/slave-042/client-210.log: file already closed
zerolog: could not write event: write experiment-output/0005/slave-042/client-210.log: file already closed
10:35:01.616 INF Profile data written. filename=experiment-output/0005/slave-042/prof-client.cpu name=cpu
