{"level":"debug","Logging":"info","time":"2023-07-15T15:06:25Z","message":"Config"}
{"level":"debug","UseTLS":false,"time":"2023-07-15T15:06:25Z","message":"Config"}
{"level":"debug","CACertFile":"tls-data/ca.pem","time":"2023-07-15T15:06:25Z","message":"Config"}
{"level":"debug","KeyFile":"tls-data/auth.key","time":"2023-07-15T15:06:25Z","message":"Config"}
{"level":"debug","CertFile":"tls-data/auth.pem","time":"2023-07-15T15:06:25Z","message":"Config"}
{"level":"debug","PriorityConnections":2,"time":"2023-07-15T15:06:25Z","message":"Config"}
{"level":"debug","BasicConnections":1,"time":"2023-07-15T15:06:25Z","message":"Config"}
{"level":"debug","TestConnections":false,"time":"2023-07-15T15:06:25Z","message":"Config"}
{"level":"debug","ExcessConnections":1,"time":"2023-07-15T15:06:25Z","message":"Config"}
{"level":"debug","ConnectionTestMsgs":4,"time":"2023-07-15T15:06:25Z","message":"Config"}
{"level":"debug","ConnectionTestPayload":131072,"time":"2023-07-15T15:06:25Z","message":"Config"}
{"level":"debug","OutMessageBufsize":1024,"time":"2023-07-15T15:06:25Z","message":"Config"}
{"level":"debug","OutMessageBufsize":4,"time":"2023-07-15T15:06:25Z","message":"Config"}
{"level":"debug","ThroughputCap":131072000,"time":"2023-07-15T15:06:25Z","message":"Config"}
{"level":"debug","StragglerTolerance":1000,"time":"2023-07-15T15:06:25Z","message":"Config"}
{"level":"debug","BatchSizeIncrement":256,"time":"2023-07-15T15:06:25Z","message":"Config"}
{"level":"debug","Orderer":"HotStuff","time":"2023-07-15T15:06:25Z","message":"Config"}
{"level":"debug","Manager":"Mir","time":"2023-07-15T15:06:25Z","message":"Config"}
{"level":"debug","Failures":0,"time":"2023-07-15T15:06:25Z","message":"Config"}
{"level":"debug","StragglerCnt":3,"time":"2023-07-15T15:06:25Z","message":"Config"}
{"level":"debug","CrashTiming":"Straggler","time":"2023-07-15T15:06:25Z","message":"Config"}
{"level":"debug","CheckpointInterval":512,"time":"2023-07-15T15:06:25Z","message":"Config"}
{"level":"debug","WatermarkWindowSize":512,"time":"2023-07-15T15:06:25Z","message":"Config"}
{"level":"debug","EpochLength":512,"time":"2023-07-15T15:06:25Z","message":"Config"}
{"level":"debug","SegmentLength":32,"time":"2023-07-15T15:06:25Z","message":"Config"}
{"level":"debug","WaitForCheckpoints":true,"time":"2023-07-15T15:06:25Z","message":"Config"}
{"level":"debug","ClientWatermarkWindowSize":16384,"time":"2023-07-15T15:06:25Z","message":"Config"}
{"level":"debug","ClientRequestBacklogSize":16384,"time":"2023-07-15T15:06:25Z","message":"Config"}
{"level":"debug","RandomSeed":12440,"time":"2023-07-15T15:06:25Z","message":"Config"}
{"level":"debug","NodeToLeaderRatio":1,"time":"2023-07-15T15:06:25Z","message":"Config"}
{"level":"debug","LeaderPolicy":"Simple","time":"2023-07-15T15:06:25Z","message":"Config"}
{"level":"debug","DefaultLeaderBan":2,"time":"2023-07-15T15:06:25Z","message":"Config"}
{"level":"debug","NumBuckets":256,"time":"2023-07-15T15:06:25Z","message":"Config"}
{"level":"debug","BatchSize":2000,"time":"2023-07-15T15:06:25Z","message":"Config"}
{"level":"debug","DisabledViewChange":false,"time":"2023-07-15T15:06:25Z","message":"Config"}
{"level":"debug","ViewChangeTimeout":60000,"time":"2023-07-15T15:06:25Z","message":"Config"}
{"level":"debug","ClientTraceSampling":10,"time":"2023-07-15T15:06:25Z","message":"Config"}
{"level":"debug","EventBufferSize":2097152,"time":"2023-07-15T15:06:25Z","message":"Config"}
{"level":"debug","TraceSampling":1,"time":"2023-07-15T15:06:25Z","message":"Config"}
{"level":"debug","ClientsPerProcess":8,"time":"2023-07-15T15:06:25Z","message":"Config"}
{"level":"debug","RequestsPerClient":3515,"time":"2023-07-15T15:06:25Z","message":"Config"}
{"level":"debug","ClientRunTime":15000,"time":"2023-07-15T15:06:25Z","message":"Config"}
{"level":"debug","RequestRate":117,"time":"2023-07-15T15:06:25Z","message":"Config"}
{"level":"debug","HardRequestRateLimit":false,"time":"2023-07-15T15:06:25Z","message":"Config"}
{"level":"debug","RequestPayloadSize":500,"time":"2023-07-15T15:06:25Z","message":"Config"}
{"level":"debug","SignRequests":true,"time":"2023-07-15T15:06:25Z","message":"Config"}
{"level":"debug","ClientPrivKeyFile":"tls-data/client-ecdsa-256.key","time":"2023-07-15T15:06:25Z","message":"Config"}
{"level":"debug","ClientPubKeyFile":"tls-data/client-ecdsa-256.pem","time":"2023-07-15T15:06:25Z","message":"Config"}
{"level":"debug","PrecomputeRequests":false,"time":"2023-07-15T15:06:25Z","message":"Config"}
{"level":"debug","RequestHandlerThreads":32,"time":"2023-07-15T15:06:25Z","message":"Config"}
{"level":"debug","RequestInputChannelBuffer":8192,"time":"2023-07-15T15:06:25Z","message":"Config"}
{"level":"debug","BatchVerifier":"external","time":"2023-07-15T15:06:25Z","message":"Config"}
15:06:25.675 INF Started Profiler: CPU
15:06:25.675 INF Started Profiler: BLOCK
15:06:25.675 INF Started Profiler: MUTEX
15:06:25.675 INF Starting clients. numClients=8 numRequests=3515
15:06:25.675 INF Initilizing clients.
15:06:25.925 INF Registared with discovery server. numOrderers=16 ownClientId=56
15:06:25.954 INF Registared with discovery server. numOrderers=16 ownClientId=62
15:06:25.974 INF Registared with discovery server. numOrderers=16 ownClientId=98
15:06:25.977 INF Registared with discovery server. numOrderers=16 ownClientId=151
15:06:25.986 INF Registared with discovery server. numOrderers=16 ownClientId=138
15:06:26.003 INF Registared with discovery server. numOrderers=16 ownClientId=199
15:06:26.013 INF Registared with discovery server. numOrderers=16 ownClientId=221
15:06:26.018 INF Registared with discovery server. numOrderers=16 ownClientId=242
15:06:26.018 INF Clients initialized.
15:06:26.018 INF Launching clients.
15:06:26.018 INF Waiting for clients.
15:08:08.637 INF Stopping Tracer. events=709 fileName=experiment-output/0000/slave-007/client-242.trc
15:08:08.638 INF Trace data written.
15:08:08.657 INF Stopping Tracer. events=711 fileName=experiment-output/0000/slave-007/client-056.trc
15:08:08.658 INF Trace data written.
15:08:08.670 INF Stopping Tracer. events=710 fileName=experiment-output/0000/slave-007/client-098.trc
15:08:08.671 INF Trace data written.
15:08:08.674 INF Stopping Tracer. events=1113 fileName=experiment-output/0000/slave-007/client-199.trc
15:08:08.675 INF Stopping Tracer. events=714 fileName=experiment-output/0000/slave-007/client-062.trc
15:08:08.676 INF Trace data written.
15:08:08.676 INF Trace data written.
15:08:08.687 INF Stopping Tracer. events=1196 fileName=experiment-output/0000/slave-007/client-151.trc
15:08:08.689 INF Trace data written.
15:08:08.698 INF Stopping Tracer. events=709 fileName=experiment-output/0000/slave-007/client-138.trc
15:08:08.699 INF Trace data written.
zerolog: could not write event: write experiment-output/0000/slave-007/client-242.log: file already closed
zerolog: could not write event: write experiment-output/0000/slave-007/client-242.log: file already closed
zerolog: could not write event: write experiment-output/0000/slave-007/client-242.log: file already closed
zerolog: could not write event: write experiment-output/0000/slave-007/client-242.log: file already closed
zerolog: could not write event: write experiment-output/0000/slave-007/client-056.log: file already closed
zerolog: could not write event: write experiment-output/0000/slave-007/client-242.log: file already closed
zerolog: could not write event: write experiment-output/0000/slave-007/client-056.log: file already closed
zerolog: could not write event: write experiment-output/0000/slave-007/client-242.log: file already closed
zerolog: could not write event: write experiment-output/0000/slave-007/client-242.log: file already closed
zerolog: could not write event: write experiment-output/0000/slave-007/client-242.log: file already closed
zerolog: could not write event: write experiment-output/0000/slave-007/client-056.log: file already closed
zerolog: could not write event: write experiment-output/0000/slave-007/client-242.log: file already closed
zerolog: could not write event: write experiment-output/0000/slave-007/client-098.log: file already closed
zerolog: could not write event: write experiment-output/0000/slave-007/client-242.log: file already closed
zerolog: could not write event: write experiment-output/0000/slave-007/client-199.log: file already closed
zerolog: could not write event: write experiment-output/0000/slave-007/client-199.log: file already closed
zerolog: could not write event: write experiment-output/0000/slave-007/client-062.log: file already closed
zerolog: could not write event: write experiment-output/0000/slave-007/client-056.log: file already closed
zerolog: could not write event: write experiment-output/0000/slave-007/client-062.log: file already closed
zerolog: could not write event: write experiment-output/0000/slave-007/client-242.log: file already closed
zerolog: could not write event: write experiment-output/0000/slave-007/client-242.log: file already closed
zerolog: could not write event: write experiment-output/0000/slave-007/client-242.log: file already closed
zerolog: could not write event: write experiment-output/0000/slave-007/client-056.log: file already closed
zerolog: could not write event: write experiment-output/0000/slave-007/client-056.log: file already closed
zerolog: could not write event: write experiment-output/0000/slave-007/client-056.log: file already closed
zerolog: could not write event: write experiment-output/0000/slave-007/client-242.log: file already closed
zerolog: could not write event: write experiment-output/0000/slave-007/client-056.log: file already closed
zerolog: could not write event: write experiment-output/0000/slave-007/client-098.log: file already closed
zerolog: could not write event: write experiment-output/0000/slave-007/client-056.log: file already closed
zerolog: could not write event: write experiment-output/0000/slave-007/client-242.log: file already closed
zerolog: could not write event: write experiment-output/0000/slave-007/client-242.log: file already closed
zerolog: could not write event: write experiment-output/0000/slave-007/client-138.log: file already closed
zerolog: could not write event: write experiment-output/0000/slave-007/client-062.log: file already closed
zerolog: could not write event: write experiment-output/0000/slave-007/client-056.log: file already closed
zerolog: could not write event: write experiment-output/0000/slave-007/client-151.log: file already closed
zerolog: could not write event: write experiment-output/0000/slave-007/client-062.log: file already closed
zerolog: could not write event: write experiment-output/0000/slave-007/client-062.log: file already closed
zerolog: could not write event: write experiment-output/0000/slave-007/client-199.log: file already closed
zerolog: could not write event: write experiment-output/0000/slave-007/client-151.log: file already closed
zerolog: could not write event: write experiment-output/0000/slave-007/client-199.log: file already closed
zerolog: could not write event: write experiment-output/0000/slave-007/client-062.log: file already closed
zerolog: could not write event: write experiment-output/0000/slave-007/client-098.log: file already closed
zerolog: could not write event: write experiment-output/0000/slave-007/client-199.log: file already closed
zerolog: could not write event: write experiment-output/0000/slave-007/client-056.log: file already closed
zerolog: could not write event: write experiment-output/0000/slave-007/client-151.log: file already closed
zerolog: could not write event: write experiment-output/0000/slave-007/client-199.log: file already closed
zerolog: could not write event: write experiment-output/0000/slave-007/client-098.log: file already closed
zerolog: could not write event: write experiment-output/0000/slave-007/client-199.log: file already closed
zerolog: could not write event: write experiment-output/0000/slave-007/client-098.log: file already closed
zerolog: could not write event: write experiment-output/0000/slave-007/client-098.log: file already closed
zerolog: could not write event: write experiment-output/0000/slave-007/client-151.log: file already closed
zerolog: could not write event: write experiment-output/0000/slave-007/client-098.log: file already closed
zerolog: could not write event: write experiment-output/0000/slave-007/client-056.log: file already closed
zerolog: could not write event: write experiment-output/0000/slave-007/client-062.log: file already closed
zerolog: could not write event: write experiment-output/0000/slave-007/client-199.log: file already closed
zerolog: could not write event: write experiment-output/0000/slave-007/client-056.log: file already closed
zerolog: could not write event: write experiment-output/0000/slave-007/client-199.log: file already closed
zerolog: could not write event: write experiment-output/0000/slave-007/client-056.log: file already closed
zerolog: could not write event: write experiment-output/0000/slave-007/client-062.log: file already closed
zerolog: could not write event: write experiment-output/0000/slave-007/client-098.log: file already closed
zerolog: could not write event: write experiment-output/0000/slave-007/client-056.log: file already closed
zerolog: could not write event: write experiment-output/0000/slave-007/client-056.log: file already closed
zerolog: could not write event: write experiment-output/0000/slave-007/client-098.log: file already closed
zerolog: could not write event: write experiment-output/0000/slave-007/client-062.log: file already closed
zerolog: could not write event: write experiment-output/0000/slave-007/client-098.log: file already closed
zerolog: could not write event: write experiment-output/0000/slave-007/client-199.log: file already closed
zerolog: could not write event: write experiment-output/0000/slave-007/client-062.log: file already closed
zerolog: could not write event: write experiment-output/0000/slave-007/client-138.log: file already closed
zerolog: could not write event: write experiment-output/0000/slave-007/client-098.log: file already closed
zerolog: could not write event: write experiment-output/0000/slave-007/client-098.log: file already closed
zerolog: could not write event: write experiment-output/0000/slave-007/client-151.log: file already closed
zerolog: could not write event: write experiment-output/0000/slave-007/client-151.log: file already closed
zerolog: could not write event: write experiment-output/0000/slave-007/client-098.log: file already closed
zerolog: could not write event: write experiment-output/0000/slave-007/client-098.log: file already closed
zerolog: could not write event: write experiment-output/0000/slave-007/client-062.log: file already closed
zerolog: could not write event: write experiment-output/0000/slave-007/client-062.log: file already closed
zerolog: could not write event: write experiment-output/0000/slave-007/client-062.log: file already closed
zerolog: could not write event: write experiment-output/0000/slave-007/client-062.log: file already closed
zerolog: could not write event: write experiment-output/0000/slave-007/client-138.log: file already closed
zerolog: could not write event: write experiment-output/0000/slave-007/client-062.log: file already closed
zerolog: could not write event: write experiment-output/0000/slave-007/client-138.log: file already closed
zerolog: could not write event: write experiment-output/0000/slave-007/client-151.log: file already closed
zerolog: could not write event: write experiment-output/0000/slave-007/client-138.log: file already closed
zerolog: could not write event: write experiment-output/0000/slave-007/client-199.log: file already closed
zerolog: could not write event: write experiment-output/0000/slave-007/client-199.log: file already closed
zerolog: could not write event: write experiment-output/0000/slave-007/client-199.log: file already closed
zerolog: could not write event: write experiment-output/0000/slave-007/client-062.log: file already closed
zerolog: could not write event: write experiment-output/0000/slave-007/client-098.log: file already closed
zerolog: could not write event: write experiment-output/0000/slave-007/client-151.log: file already closed
zerolog: could not write event: write experiment-output/0000/slave-007/client-151.log: file already closed
zerolog: could not write event: write experiment-output/0000/slave-007/client-199.log: file already closed
zerolog: could not write event: write experiment-output/0000/slave-007/client-138.log: file already closed
zerolog: could not write event: write experiment-output/0000/slave-007/client-199.log: file already closed
zerolog: could not write event: write experiment-output/0000/slave-007/client-138.log: file already closed
zerolog: could not write event: write experiment-output/0000/slave-007/client-098.log: file already closed
zerolog: could not write event: write experiment-output/0000/slave-007/client-151.log: file already closed
zerolog: could not write event: write experiment-output/0000/slave-007/client-151.log: file already closed
zerolog: could not write event: write experiment-output/0000/slave-007/client-151.log: file already closed
zerolog: could not write event: write experiment-output/0000/slave-007/client-151.log: file already closed
zerolog: could not write event: write experiment-output/0000/slave-007/client-138.log: file already closed
zerolog: could not write event: write experiment-output/0000/slave-007/client-138.log: file already closed
zerolog: could not write event: write experiment-output/0000/slave-007/client-151.log: file already closed
zerolog: could not write event: write experiment-output/0000/slave-007/client-138.log: file already closed
zerolog: could not write event: write experiment-output/0000/slave-007/client-199.log: file already closed
zerolog: could not write event: write experiment-output/0000/slave-007/client-138.log: file already closed
zerolog: could not write event: write experiment-output/0000/slave-007/client-151.log: file already closed
zerolog: could not write event: write experiment-output/0000/slave-007/client-138.log: file already closed
zerolog: could not write event: write experiment-output/0000/slave-007/client-138.log: file already closed
zerolog: could not write event: write experiment-output/0000/slave-007/client-138.log: file already closed
zerolog: could not write event: write experiment-output/0000/slave-007/client-138.log: file already closed
zerolog: could not write event: write experiment-output/0000/slave-007/client-138.log: file already closed
zerolog: could not write event: write experiment-output/0000/slave-007/client-151.log: file already closed
15:08:18.676 INF Stopping Tracer. events=1133 fileName=experiment-output/0000/slave-007/client-221.trc
15:08:18.677 INF Trace data written.
15:08:18.678 INF Done.
15:08:18.678 INF Stopping profiler.
zerolog: could not write event: write experiment-output/0000/slave-007/client-221.log: file already closed
zerolog: could not write event: write experiment-output/0000/slave-007/client-221.log: file already closed
zerolog: could not write event: write experiment-output/0000/slave-007/client-221.log: file already closed
zerolog: could not write event: write experiment-output/0000/slave-007/client-221.log: file already closed
zerolog: could not write event: write experiment-output/0000/slave-007/client-221.log: file already closed
zerolog: could not write event: write experiment-output/0000/slave-007/client-221.log: file already closed
15:08:18.780 INF Profile data written. filename=experiment-output/0000/slave-007/prof-client.cpu name=cpu
zerolog: could not write event: write experiment-output/0000/slave-007/client-221.log: file already closed
zerolog: could not write event: write experiment-output/0000/slave-007/client-221.log: file already closed
zerolog: could not write event: write experiment-output/0000/slave-007/client-221.log: file already closed
zerolog: could not write event: write experiment-output/0000/slave-007/client-221.log: file already closed
zerolog: could not write event: write experiment-output/0000/slave-007/client-221.log: file already closed
zerolog: could not write event: write experiment-output/0000/slave-007/client-221.log: file already closed
15:08:18.798 INF Profile data written. filename=experiment-output/0000/slave-007/prof-client.block name=block
zerolog: could not write event: write experiment-output/0000/slave-007/client-221.log: file already closed
15:08:18.801 INF Profile data written. filename=experiment-output/0000/slave-007/prof-client.mutex name=mutex
