{"level":"debug","Logging":"info","time":"2023-03-27T09:59:59Z","message":"Config"}
{"level":"debug","UseTLS":false,"time":"2023-03-27T09:59:59Z","message":"Config"}
{"level":"debug","CACertFile":"tls-data/ca.pem","time":"2023-03-27T09:59:59Z","message":"Config"}
{"level":"debug","KeyFile":"tls-data/auth.key","time":"2023-03-27T09:59:59Z","message":"Config"}
{"level":"debug","CertFile":"tls-data/auth.pem","time":"2023-03-27T09:59:59Z","message":"Config"}
{"level":"debug","PriorityConnections":2,"time":"2023-03-27T09:59:59Z","message":"Config"}
{"level":"debug","BasicConnections":1,"time":"2023-03-27T09:59:59Z","message":"Config"}
{"level":"debug","TestConnections":false,"time":"2023-03-27T09:59:59Z","message":"Config"}
{"level":"debug","ExcessConnections":1,"time":"2023-03-27T09:59:59Z","message":"Config"}
{"level":"debug","ConnectionTestMsgs":4,"time":"2023-03-27T09:59:59Z","message":"Config"}
{"level":"debug","ConnectionTestPayload":131072,"time":"2023-03-27T09:59:59Z","message":"Config"}
{"level":"debug","OutMessageBufsize":1024,"time":"2023-03-27T09:59:59Z","message":"Config"}
{"level":"debug","OutMessageBufsize":4,"time":"2023-03-27T09:59:59Z","message":"Config"}
{"level":"debug","ThroughputCap":131072000,"time":"2023-03-27T09:59:59Z","message":"Config"}
{"level":"debug","StragglerTolerance":1000,"time":"2023-03-27T09:59:59Z","message":"Config"}
{"level":"debug","BatchSizeIncrement":256,"time":"2023-03-27T09:59:59Z","message":"Config"}
{"level":"debug","Orderer":"Pbft","time":"2023-03-27T09:59:59Z","message":"Config"}
{"level":"debug","Manager":"Mir","time":"2023-03-27T09:59:59Z","message":"Config"}
{"level":"debug","Failures":0,"time":"2023-03-27T09:59:59Z","message":"Config"}
{"level":"debug","StragglerCnt":1,"time":"2023-03-27T09:59:59Z","message":"Config"}
{"level":"debug","CrashTiming":"Straggler","time":"2023-03-27T09:59:59Z","message":"Config"}
{"level":"debug","CheckpointInterval":512,"time":"2023-03-27T09:59:59Z","message":"Config"}
{"level":"debug","WatermarkWindowSize":512,"time":"2023-03-27T09:59:59Z","message":"Config"}
{"level":"debug","EpochLength":512,"time":"2023-03-27T09:59:59Z","message":"Config"}
{"level":"debug","SegmentLength":32,"time":"2023-03-27T09:59:59Z","message":"Config"}
{"level":"debug","WaitForCheckpoints":true,"time":"2023-03-27T09:59:59Z","message":"Config"}
{"level":"debug","ClientWatermarkWindowSize":16384,"time":"2023-03-27T09:59:59Z","message":"Config"}
{"level":"debug","ClientRequestBacklogSize":16384,"time":"2023-03-27T09:59:59Z","message":"Config"}
{"level":"debug","RandomSeed":23325,"time":"2023-03-27T09:59:59Z","message":"Config"}
{"level":"debug","NodeToLeaderRatio":1,"time":"2023-03-27T09:59:59Z","message":"Config"}
{"level":"debug","LeaderPolicy":"Simple","time":"2023-03-27T09:59:59Z","message":"Config"}
{"level":"debug","DefaultLeaderBan":2,"time":"2023-03-27T09:59:59Z","message":"Config"}
{"level":"debug","NumBuckets":256,"time":"2023-03-27T09:59:59Z","message":"Config"}
{"level":"debug","BatchSize":1000,"time":"2023-03-27T09:59:59Z","message":"Config"}
{"level":"debug","DisabledViewChange":false,"time":"2023-03-27T09:59:59Z","message":"Config"}
{"level":"debug","ViewChangeTimeout":60000,"time":"2023-03-27T09:59:59Z","message":"Config"}
{"level":"debug","ClientTraceSampling":10,"time":"2023-03-27T09:59:59Z","message":"Config"}
{"level":"debug","EventBufferSize":2097152,"time":"2023-03-27T09:59:59Z","message":"Config"}
{"level":"debug","TraceSampling":1,"time":"2023-03-27T09:59:59Z","message":"Config"}
{"level":"debug","ClientsPerProcess":8,"time":"2023-03-27T09:59:59Z","message":"Config"}
{"level":"debug","RequestsPerClient":2343,"time":"2023-03-27T09:59:59Z","message":"Config"}
{"level":"debug","ClientRunTime":15000,"time":"2023-03-27T09:59:59Z","message":"Config"}
{"level":"debug","RequestRate":78,"time":"2023-03-27T09:59:59Z","message":"Config"}
{"level":"debug","HardRequestRateLimit":false,"time":"2023-03-27T09:59:59Z","message":"Config"}
{"level":"debug","RequestPayloadSize":500,"time":"2023-03-27T09:59:59Z","message":"Config"}
{"level":"debug","SignRequests":true,"time":"2023-03-27T09:59:59Z","message":"Config"}
{"level":"debug","ClientPrivKeyFile":"tls-data/client-ecdsa-256.key","time":"2023-03-27T09:59:59Z","message":"Config"}
{"level":"debug","ClientPubKeyFile":"tls-data/client-ecdsa-256.pem","time":"2023-03-27T09:59:59Z","message":"Config"}
{"level":"debug","PrecomputeRequests":false,"time":"2023-03-27T09:59:59Z","message":"Config"}
{"level":"debug","RequestHandlerThreads":32,"time":"2023-03-27T09:59:59Z","message":"Config"}
{"level":"debug","RequestInputChannelBuffer":8192,"time":"2023-03-27T09:59:59Z","message":"Config"}
{"level":"debug","BatchVerifier":"external","time":"2023-03-27T09:59:59Z","message":"Config"}
09:59:59.885 INF Started Profiler: CPU
09:59:59.885 INF Started Profiler: BLOCK
09:59:59.885 INF Started Profiler: MUTEX
09:59:59.885 INF Starting clients. numClients=8 numRequests=2343
09:59:59.885 INF Initilizing clients.
10:00:00.280 INF Registared with discovery server. numOrderers=16 ownClientId=132
10:00:00.280 INF Registared with discovery server. numOrderers=16 ownClientId=134
10:00:00.282 INF Registared with discovery server. numOrderers=16 ownClientId=149
10:00:00.283 INF Registared with discovery server. numOrderers=16 ownClientId=160
10:00:00.285 INF Registared with discovery server. numOrderers=16 ownClientId=174
10:00:00.285 INF Registared with discovery server. numOrderers=16 ownClientId=175
10:00:00.286 INF Registared with discovery server. numOrderers=16 ownClientId=180
10:00:00.287 INF Registared with discovery server. numOrderers=16 ownClientId=184
10:00:00.287 INF Clients initialized.
10:00:00.287 INF Launching clients.
10:00:00.287 INF Waiting for clients.
10:06:00.645 INF Stopping Tracer. events=473 fileName=experiment-output/0003/slave-012/client-160.trc
zerolog: could not write event: write experiment-output/0003/slave-012/client-160.log: file already closed
zerolog: could not write event: write experiment-output/0003/slave-012/client-160.log: file already closed
zerolog: could not write event: write experiment-output/0003/slave-012/client-160.log: file already closed
zerolog: could not write event: write experiment-output/0003/slave-012/client-160.log: file already closed
10:06:00.646 INF Stopping Tracer. events=473 fileName=experiment-output/0003/slave-012/client-174.trc
10:06:00.646 INF Stopping Tracer. events=474 fileName=experiment-output/0003/slave-012/client-180.trc
zerolog: could not write event: write experiment-output/0003/slave-012/client-174.log: file already closed
10:06:00.646 INF Stopping Tracer. events=588 fileName=experiment-output/0003/slave-012/client-175.trc
10:06:00.646 INF Stopping Tracer. events=474 fileName=experiment-output/0003/slave-012/client-132.trc
zerolog: could not write event: write experiment-output/0003/slave-012/client-174.log: file already closed
zerolog: could not write event: write experiment-output/0003/slave-012/client-174.log: file already closed
zerolog: could not write event: write experiment-output/0003/slave-012/client-174.log: file already closed
10:06:00.646 INF Trace data written.
zerolog: could not write event: write experiment-output/0003/slave-012/client-175.log: file already closed
zerolog: could not write event: write experiment-output/0003/slave-012/client-175.log: file already closed
zerolog: could not write event: write experiment-output/0003/slave-012/client-175.log: file already closed
zerolog: could not write event: write experiment-output/0003/slave-012/client-180.log: file already closed
zerolog: could not write event: write experiment-output/0003/slave-012/client-180.log: file already closed
zerolog: could not write event: write experiment-output/0003/slave-012/client-132.log: file already closed
zerolog: could not write event: write experiment-output/0003/slave-012/client-132.log: file already closed
zerolog: could not write event: write experiment-output/0003/slave-012/client-132.log: file already closed
zerolog: could not write event: write experiment-output/0003/slave-012/client-180.log: file already closed
zerolog: could not write event: write experiment-output/0003/slave-012/client-175.log: file already closed
zerolog: could not write event: write experiment-output/0003/slave-012/client-180.log: file already closed
zerolog: could not write event: write experiment-output/0003/slave-012/client-132.log: file already closed
10:06:00.647 INF Trace data written.
10:06:00.647 INF Trace data written.
10:06:00.647 INF Trace data written.
10:06:00.647 INF Trace data written.
zerolog: could not write event: write experiment-output/0003/slave-012/client-160.log: file already closed
zerolog: could not write event: write experiment-output/0003/slave-012/client-160.log: file already closed
zerolog: could not write event: write experiment-output/0003/slave-012/client-175.log: file already closed
zerolog: could not write event: write experiment-output/0003/slave-012/client-132.log: file already closed
zerolog: could not write event: write experiment-output/0003/slave-012/client-174.log: file already closed
zerolog: could not write event: write experiment-output/0003/slave-012/client-160.log: file already closed
zerolog: could not write event: write experiment-output/0003/slave-012/client-180.log: file already closed
zerolog: could not write event: write experiment-output/0003/slave-012/client-180.log: file already closed
zerolog: could not write event: write experiment-output/0003/slave-012/client-175.log: file already closed
zerolog: could not write event: write experiment-output/0003/slave-012/client-132.log: file already closed
zerolog: could not write event: write experiment-output/0003/slave-012/client-132.log: file already closed
zerolog: could not write event: write experiment-output/0003/slave-012/client-160.log: file already closed
zerolog: could not write event: write experiment-output/0003/slave-012/client-174.log: file already closed
zerolog: could not write event: write experiment-output/0003/slave-012/client-175.log: file already closed
zerolog: could not write event: write experiment-output/0003/slave-012/client-180.log: file already closed
zerolog: could not write event: write experiment-output/0003/slave-012/client-180.log: file already closed
zerolog: could not write event: write experiment-output/0003/slave-012/client-174.log: file already closed
zerolog: could not write event: write experiment-output/0003/slave-012/client-175.log: file already closed
zerolog: could not write event: write experiment-output/0003/slave-012/client-174.log: file already closed
zerolog: could not write event: write experiment-output/0003/slave-012/client-132.log: file already closed
zerolog: could not write event: write experiment-output/0003/slave-012/client-160.log: file already closed
zerolog: could not write event: write experiment-output/0003/slave-012/client-175.log: file already closed
zerolog: could not write event: write experiment-output/0003/slave-012/client-174.log: file already closed
zerolog: could not write event: write experiment-output/0003/slave-012/client-160.log: file already closed
zerolog: could not write event: write experiment-output/0003/slave-012/client-160.log: file already closed
zerolog: could not write event: write experiment-output/0003/slave-012/client-174.log: file already closed
zerolog: could not write event: write experiment-output/0003/slave-012/client-180.log: file already closed
zerolog: could not write event: write experiment-output/0003/slave-012/client-180.log: file already closed
zerolog: could not write event: write experiment-output/0003/slave-012/client-160.log: file already closed
zerolog: could not write event: write experiment-output/0003/slave-012/client-175.log: file already closed
zerolog: could not write event: write experiment-output/0003/slave-012/client-132.log: file already closed
zerolog: could not write event: write experiment-output/0003/slave-012/client-180.log: file already closed
zerolog: could not write event: write experiment-output/0003/slave-012/client-175.log: file already closed
zerolog: could not write event: write experiment-output/0003/slave-012/client-132.log: file already closed
zerolog: could not write event: write experiment-output/0003/slave-012/client-175.log: file already closed
zerolog: could not write event: write experiment-output/0003/slave-012/client-174.log: file already closed
zerolog: could not write event: write experiment-output/0003/slave-012/client-180.log: file already closed
zerolog: could not write event: write experiment-output/0003/slave-012/client-132.log: file already closed
zerolog: could not write event: write experiment-output/0003/slave-012/client-174.log: file already closed
zerolog: could not write event: write experiment-output/0003/slave-012/client-132.log: file already closed
zerolog: could not write event: write experiment-output/0003/slave-012/client-160.log: file already closed
zerolog: could not write event: write experiment-output/0003/slave-012/client-180.log: file already closed
zerolog: could not write event: write experiment-output/0003/slave-012/client-175.log: file already closed
zerolog: could not write event: write experiment-output/0003/slave-012/client-175.log: file already closed
zerolog: could not write event: write experiment-output/0003/slave-012/client-174.log: file already closed
zerolog: could not write event: write experiment-output/0003/slave-012/client-174.log: file already closed
zerolog: could not write event: write experiment-output/0003/slave-012/client-132.log: file already closed
zerolog: could not write event: write experiment-output/0003/slave-012/client-174.log: file already closed
zerolog: could not write event: write experiment-output/0003/slave-012/client-160.log: file already closed
zerolog: could not write event: write experiment-output/0003/slave-012/client-132.log: file already closed
zerolog: could not write event: write experiment-output/0003/slave-012/client-175.log: file already closed
zerolog: could not write event: write experiment-output/0003/slave-012/client-180.log: file already closed
zerolog: could not write event: write experiment-output/0003/slave-012/client-160.log: file already closed
zerolog: could not write event: write experiment-output/0003/slave-012/client-132.log: file already closed
zerolog: could not write event: write experiment-output/0003/slave-012/client-180.log: file already closed
zerolog: could not write event: write experiment-output/0003/slave-012/client-180.log: file already closed
zerolog: could not write event: write experiment-output/0003/slave-012/client-174.log: file already closed
zerolog: could not write event: write experiment-output/0003/slave-012/client-160.log: file already closed
zerolog: could not write event: write experiment-output/0003/slave-012/client-132.log: file already closed
zerolog: could not write event: write experiment-output/0003/slave-012/client-175.log: file already closed
10:06:01.600 INF Stopping Tracer. events=473 fileName=experiment-output/0003/slave-012/client-184.trc
zerolog: could not write event: write experiment-output/0003/slave-012/client-184.log: file already closed
zerolog: could not write event: write experiment-output/0003/slave-012/client-184.log: file already closed
zerolog: could not write event: write experiment-output/0003/slave-012/client-184.log: file already closed
zerolog: could not write event: write experiment-output/0003/slave-012/client-184.log: file already closed
10:06:01.601 INF Trace data written.
10:06:01.616 INF Stopping Tracer. events=731 fileName=experiment-output/0003/slave-012/client-149.trc
zerolog: could not write event: write experiment-output/0003/slave-012/client-149.log: file already closed
zerolog: could not write event: write experiment-output/0003/slave-012/client-149.log: file already closed
zerolog: could not write event: write experiment-output/0003/slave-012/client-149.log: file already closed
zerolog: could not write event: write experiment-output/0003/slave-012/client-149.log: file already closed
10:06:01.618 INF Trace data written.
10:06:01.624 INF Stopping Tracer. events=473 fileName=experiment-output/0003/slave-012/client-134.trc
zerolog: could not write event: write experiment-output/0003/slave-012/client-134.log: file already closed
zerolog: could not write event: write experiment-output/0003/slave-012/client-134.log: file already closed
zerolog: could not write event: write experiment-output/0003/slave-012/client-134.log: file already closed
zerolog: could not write event: write experiment-output/0003/slave-012/client-134.log: file already closed
10:06:01.625 INF Trace data written.
10:06:01.625 INF Done.
10:06:01.625 INF Stopping profiler.
zerolog: could not write event: write experiment-output/0003/slave-012/client-184.log: file already closed
zerolog: could not write event: write experiment-output/0003/slave-012/client-184.log: file already closed
zerolog: could not write event: write experiment-output/0003/slave-012/client-184.log: file already closed
zerolog: could not write event: write experiment-output/0003/slave-012/client-184.log: file already closed
zerolog: could not write event: write experiment-output/0003/slave-012/client-149.log: file already closed
zerolog: could not write event: write experiment-output/0003/slave-012/client-134.log: file already closed
zerolog: could not write event: write experiment-output/0003/slave-012/client-134.log: file already closed
zerolog: could not write event: write experiment-output/0003/slave-012/client-149.log: file already closed
zerolog: could not write event: write experiment-output/0003/slave-012/client-149.log: file already closed
zerolog: could not write event: write experiment-output/0003/slave-012/client-184.log: file already closed
zerolog: could not write event: write experiment-output/0003/slave-012/client-184.log: file already closed
zerolog: could not write event: write experiment-output/0003/slave-012/client-184.log: file already closed
zerolog: could not write event: write experiment-output/0003/slave-012/client-184.log: file already closed
zerolog: could not write event: write experiment-output/0003/slave-012/client-149.log: file already closed
zerolog: could not write event: write experiment-output/0003/slave-012/client-134.log: file already closed
zerolog: could not write event: write experiment-output/0003/slave-012/client-134.log: file already closed
zerolog: could not write event: write experiment-output/0003/slave-012/client-149.log: file already closed
zerolog: could not write event: write experiment-output/0003/slave-012/client-149.log: file already closed
zerolog: could not write event: write experiment-output/0003/slave-012/client-149.log: file already closed
zerolog: could not write event: write experiment-output/0003/slave-012/client-149.log: file already closed
zerolog: could not write event: write experiment-output/0003/slave-012/client-134.log: file already closed
zerolog: could not write event: write experiment-output/0003/slave-012/client-134.log: file already closed
zerolog: could not write event: write experiment-output/0003/slave-012/client-134.log: file already closed
zerolog: could not write event: write experiment-output/0003/slave-012/client-134.log: file already closed
10:06:01.804 INF Profile data written. filename=experiment-output/0003/slave-012/prof-client.cpu name=cpu
zerolog: could not write event: write experiment-output/0003/slave-012/client-184.log: file already closed
zerolog: could not write event: write experiment-output/0003/slave-012/client-184.log: file already closed
zerolog: could not write event: write experiment-output/0003/slave-012/client-184.log: file already closed
zerolog: could not write event: write experiment-output/0003/slave-012/client-184.log: file already closed
10:06:01.820 INF Profile data written. filename=experiment-output/0003/slave-012/prof-client.block name=block
10:06:01.826 INF Profile data written. filename=experiment-output/0003/slave-012/prof-client.mutex name=mutex
