{"level":"debug","Logging":"info","time":"2023-03-25T07:13:21Z","message":"Config"}
{"level":"debug","UseTLS":false,"time":"2023-03-25T07:13:21Z","message":"Config"}
{"level":"debug","CACertFile":"tls-data/ca.pem","time":"2023-03-25T07:13:21Z","message":"Config"}
{"level":"debug","KeyFile":"tls-data/auth.key","time":"2023-03-25T07:13:21Z","message":"Config"}
{"level":"debug","CertFile":"tls-data/auth.pem","time":"2023-03-25T07:13:21Z","message":"Config"}
{"level":"debug","PriorityConnections":2,"time":"2023-03-25T07:13:21Z","message":"Config"}
{"level":"debug","BasicConnections":1,"time":"2023-03-25T07:13:21Z","message":"Config"}
{"level":"debug","TestConnections":false,"time":"2023-03-25T07:13:21Z","message":"Config"}
{"level":"debug","ExcessConnections":1,"time":"2023-03-25T07:13:21Z","message":"Config"}
{"level":"debug","ConnectionTestMsgs":4,"time":"2023-03-25T07:13:21Z","message":"Config"}
{"level":"debug","ConnectionTestPayload":131072,"time":"2023-03-25T07:13:21Z","message":"Config"}
{"level":"debug","OutMessageBufsize":1024,"time":"2023-03-25T07:13:21Z","message":"Config"}
{"level":"debug","OutMessageBufsize":4,"time":"2023-03-25T07:13:21Z","message":"Config"}
{"level":"debug","ThroughputCap":131072000,"time":"2023-03-25T07:13:21Z","message":"Config"}
{"level":"debug","StragglerTolerance":1000,"time":"2023-03-25T07:13:21Z","message":"Config"}
{"level":"debug","BatchSizeIncrement":256,"time":"2023-03-25T07:13:21Z","message":"Config"}
{"level":"debug","Orderer":"Pbft","time":"2023-03-25T07:13:21Z","message":"Config"}
{"level":"debug","Manager":"Mir","time":"2023-03-25T07:13:21Z","message":"Config"}
{"level":"debug","Failures":0,"time":"2023-03-25T07:13:21Z","message":"Config"}
{"level":"debug","StragglerCnt":0,"time":"2023-03-25T07:13:21Z","message":"Config"}
{"level":"debug","PrivKeyCnt":10,"time":"2023-03-25T07:13:21Z","message":"Config"}
{"level":"debug","UseSig":false,"time":"2023-03-25T07:13:21Z","message":"Config"}
{"level":"debug","CrashTiming":"Straggler","time":"2023-03-25T07:13:21Z","message":"Config"}
{"level":"debug","CheckpointInterval":512,"time":"2023-03-25T07:13:21Z","message":"Config"}
{"level":"debug","WatermarkWindowSize":512,"time":"2023-03-25T07:13:21Z","message":"Config"}
{"level":"debug","EpochLength":512,"time":"2023-03-25T07:13:21Z","message":"Config"}
{"level":"debug","SegmentLength":32,"time":"2023-03-25T07:13:21Z","message":"Config"}
{"level":"debug","WaitForCheckpoints":true,"time":"2023-03-25T07:13:21Z","message":"Config"}
{"level":"debug","ClientWatermarkWindowSize":16384,"time":"2023-03-25T07:13:21Z","message":"Config"}
{"level":"debug","ClientRequestBacklogSize":16384,"time":"2023-03-25T07:13:21Z","message":"Config"}
{"level":"debug","RandomSeed":16331,"time":"2023-03-25T07:13:21Z","message":"Config"}
{"level":"debug","NodeToLeaderRatio":1,"time":"2023-03-25T07:13:21Z","message":"Config"}
{"level":"debug","LeaderPolicy":"Simple","time":"2023-03-25T07:13:21Z","message":"Config"}
{"level":"debug","DefaultLeaderBan":2,"time":"2023-03-25T07:13:21Z","message":"Config"}
{"level":"debug","NumBuckets":256,"time":"2023-03-25T07:13:21Z","message":"Config"}
{"level":"debug","BatchSize":2500,"time":"2023-03-25T07:13:21Z","message":"Config"}
{"level":"debug","DisabledViewChange":false,"time":"2023-03-25T07:13:21Z","message":"Config"}
{"level":"debug","ViewChangeTimeout":60000,"time":"2023-03-25T07:13:21Z","message":"Config"}
{"level":"debug","ClientTraceSampling":10,"time":"2023-03-25T07:13:21Z","message":"Config"}
{"level":"debug","EventBufferSize":2097152,"time":"2023-03-25T07:13:21Z","message":"Config"}
{"level":"debug","TraceSampling":1,"time":"2023-03-25T07:13:21Z","message":"Config"}
{"level":"debug","ClientsPerProcess":8,"time":"2023-03-25T07:13:21Z","message":"Config"}
{"level":"debug","RequestsPerClient":7031,"time":"2023-03-25T07:13:21Z","message":"Config"}
{"level":"debug","ClientRunTime":15000,"time":"2023-03-25T07:13:21Z","message":"Config"}
{"level":"debug","RequestRate":234,"time":"2023-03-25T07:13:21Z","message":"Config"}
{"level":"debug","HardRequestRateLimit":false,"time":"2023-03-25T07:13:21Z","message":"Config"}
{"level":"debug","RequestPayloadSize":500,"time":"2023-03-25T07:13:21Z","message":"Config"}
{"level":"debug","SignRequests":true,"time":"2023-03-25T07:13:21Z","message":"Config"}
{"level":"debug","ClientPrivKeyFile":"tls-data/client-ecdsa-256.key","time":"2023-03-25T07:13:21Z","message":"Config"}
{"level":"debug","ClientPubKeyFile":"tls-data/client-ecdsa-256.pem","time":"2023-03-25T07:13:21Z","message":"Config"}
{"level":"debug","PrecomputeRequests":false,"time":"2023-03-25T07:13:21Z","message":"Config"}
{"level":"debug","RequestHandlerThreads":32,"time":"2023-03-25T07:13:21Z","message":"Config"}
{"level":"debug","RequestInputChannelBuffer":8192,"time":"2023-03-25T07:13:21Z","message":"Config"}
{"level":"debug","BatchVerifier":"external","time":"2023-03-25T07:13:21Z","message":"Config"}
07:13:21.547 INF Started Profiler: CPU
07:13:21.547 INF Started Profiler: BLOCK
07:13:21.547 INF Started Profiler: MUTEX
07:13:21.547 INF Starting clients. numClients=8 numRequests=7031
07:13:21.547 INF Initilizing clients.
07:13:22.110 INF Registared with discovery server. numOrderers=16 ownClientId=195
07:13:22.111 INF Registared with discovery server. numOrderers=16 ownClientId=203
07:13:22.113 INF Registared with discovery server. numOrderers=16 ownClientId=214
07:13:22.113 INF Registared with discovery server. numOrderers=16 ownClientId=226
07:13:22.113 INF Registared with discovery server. numOrderers=16 ownClientId=207
07:13:22.113 INF Registared with discovery server. numOrderers=16 ownClientId=208
07:13:22.114 INF Registared with discovery server. numOrderers=16 ownClientId=235
07:13:22.116 INF Registared with discovery server. numOrderers=16 ownClientId=244
07:13:22.117 INF Clients initialized.
07:13:22.117 INF Launching clients.
07:13:22.117 INF Waiting for clients.
07:14:29.514 INF Stopping Tracer. events=2019 fileName=experiment-output/0003/slave-046/client-214.trc
zerolog: could not write event: write experiment-output/0003/slave-046/client-214.log: file already closed
zerolog: could not write event: write experiment-output/0003/slave-046/client-214.log: file already closed
zerolog: could not write event: write experiment-output/0003/slave-046/client-214.log: file already closed
zerolog: could not write event: write experiment-output/0003/slave-046/client-214.log: file already closed
07:14:29.518 INF Trace data written.
07:14:29.558 INF Stopping Tracer. events=2019 fileName=experiment-output/0003/slave-046/client-244.trc
zerolog: could not write event: write experiment-output/0003/slave-046/client-244.log: file already closed
zerolog: could not write event: write experiment-output/0003/slave-046/client-244.log: file already closed
zerolog: could not write event: write experiment-output/0003/slave-046/client-244.log: file already closed
zerolog: could not write event: write experiment-output/0003/slave-046/client-244.log: file already closed
07:14:29.562 INF Trace data written.
07:14:29.567 INF Stopping Tracer. events=2185 fileName=experiment-output/0003/slave-046/client-208.trc
zerolog: could not write event: write experiment-output/0003/slave-046/client-208.log: file already closed
zerolog: could not write event: write experiment-output/0003/slave-046/client-208.log: file already closed
zerolog: could not write event: write experiment-output/0003/slave-046/client-208.log: file already closed
zerolog: could not write event: write experiment-output/0003/slave-046/client-208.log: file already closed
07:14:29.571 INF Trace data written.
07:14:29.573 INF Stopping Tracer. events=1435 fileName=experiment-output/0003/slave-046/client-203.trc
07:14:29.573 INF Stopping Tracer. events=2070 fileName=experiment-output/0003/slave-046/client-226.trc
zerolog: could not write event: write experiment-output/0003/slave-046/client-203.log: file already closed
zerolog: could not write event: write experiment-output/0003/slave-046/client-226.log: file already closed
zerolog: could not write event: write experiment-output/0003/slave-046/client-203.log: file already closed
07:14:29.574 INF Stopping Tracer. events=1435 fileName=experiment-output/0003/slave-046/client-207.trc
zerolog: could not write event: write experiment-output/0003/slave-046/client-203.log: file already closed
07:14:29.574 INF Stopping Tracer. events=1448 fileName=experiment-output/0003/slave-046/client-235.trc
zerolog: could not write event: write experiment-output/0003/slave-046/client-226.log: file already closed
zerolog: could not write event: write experiment-output/0003/slave-046/client-195.log: file already closed
zerolog: could not write event: write experiment-output/0003/slave-046/client-195.log: file already closed
zerolog: could not write event: write experiment-output/0003/slave-046/client-235.log: file already closed
zerolog: could not write event: write experiment-output/0003/slave-046/client-195.log: file already closed
zerolog: could not write event: write experiment-output/0003/slave-046/client-226.log: file already closed
zerolog: could not write event: write experiment-output/0003/slave-046/client-207.log: file already closed
zerolog: could not write event: write experiment-output/0003/slave-046/client-226.log: file already closed
zerolog: could not write event: write experiment-output/0003/slave-046/client-235.log: file already closed
zerolog: could not write event: write experiment-output/0003/slave-046/client-195.log: file already closed
zerolog: could not write event: write experiment-output/0003/slave-046/client-207.log: file already closed
zerolog: could not write event: write experiment-output/0003/slave-046/client-235.log: file already closed
zerolog: could not write event: write experiment-output/0003/slave-046/client-207.log: file already closed
zerolog: could not write event: write experiment-output/0003/slave-046/client-207.log: file already closed
07:14:29.574 INF Stopping Tracer. events=1428 fileName=experiment-output/0003/slave-046/client-195.trc
zerolog: could not write event: write experiment-output/0003/slave-046/client-235.log: file already closed
zerolog: could not write event: write experiment-output/0003/slave-046/client-203.log: file already closed
07:14:29.577 INF Trace data written.
07:14:29.577 INF Trace data written.
07:14:29.577 INF Trace data written.
07:14:29.577 INF Trace data written.
07:14:29.578 INF Trace data written.
07:14:29.578 INF Done.
07:14:29.578 INF Stopping profiler.
zerolog: could not write event: write experiment-output/0003/slave-046/client-214.log: file already closed
zerolog: could not write event: write experiment-output/0003/slave-046/client-214.log: file already closed
zerolog: could not write event: write experiment-output/0003/slave-046/client-214.log: file already closed
zerolog: could not write event: write experiment-output/0003/slave-046/client-214.log: file already closed
zerolog: could not write event: write experiment-output/0003/slave-046/client-244.log: file already closed
zerolog: could not write event: write experiment-output/0003/slave-046/client-244.log: file already closed
zerolog: could not write event: write experiment-output/0003/slave-046/client-244.log: file already closed
zerolog: could not write event: write experiment-output/0003/slave-046/client-208.log: file already closed
zerolog: could not write event: write experiment-output/0003/slave-046/client-208.log: file already closed
zerolog: could not write event: write experiment-output/0003/slave-046/client-244.log: file already closed
zerolog: could not write event: write experiment-output/0003/slave-046/client-226.log: file already closed
zerolog: could not write event: write experiment-output/0003/slave-046/client-226.log: file already closed
zerolog: could not write event: write experiment-output/0003/slave-046/client-207.log: file already closed
zerolog: could not write event: write experiment-output/0003/slave-046/client-235.log: file already closed
zerolog: could not write event: write experiment-output/0003/slave-046/client-203.log: file already closed
zerolog: could not write event: write experiment-output/0003/slave-046/client-195.log: file already closed
zerolog: could not write event: write experiment-output/0003/slave-046/client-195.log: file already closed
zerolog: could not write event: write experiment-output/0003/slave-046/client-207.log: file already closed
zerolog: could not write event: write experiment-output/0003/slave-046/client-235.log: file already closed
zerolog: could not write event: write experiment-output/0003/slave-046/client-208.log: file already closed
zerolog: could not write event: write experiment-output/0003/slave-046/client-208.log: file already closed
zerolog: could not write event: write experiment-output/0003/slave-046/client-226.log: file already closed
zerolog: could not write event: write experiment-output/0003/slave-046/client-203.log: file already closed
zerolog: could not write event: write experiment-output/0003/slave-046/client-235.log: file already closed
zerolog: could not write event: write experiment-output/0003/slave-046/client-207.log: file already closed
zerolog: could not write event: write experiment-output/0003/slave-046/client-203.log: file already closed
zerolog: could not write event: write experiment-output/0003/slave-046/client-207.log: file already closed
zerolog: could not write event: write experiment-output/0003/slave-046/client-203.log: file already closed
zerolog: could not write event: write experiment-output/0003/slave-046/client-195.log: file already closed
zerolog: could not write event: write experiment-output/0003/slave-046/client-226.log: file already closed
zerolog: could not write event: write experiment-output/0003/slave-046/client-235.log: file already closed
zerolog: could not write event: write experiment-output/0003/slave-046/client-195.log: file already closed
zerolog: could not write event: write experiment-output/0003/slave-046/client-214.log: file already closed
zerolog: could not write event: write experiment-output/0003/slave-046/client-214.log: file already closed
zerolog: could not write event: write experiment-output/0003/slave-046/client-214.log: file already closed
zerolog: could not write event: write experiment-output/0003/slave-046/client-214.log: file already closed
zerolog: could not write event: write experiment-output/0003/slave-046/client-244.log: file already closed
zerolog: could not write event: write experiment-output/0003/slave-046/client-244.log: file already closed
zerolog: could not write event: write experiment-output/0003/slave-046/client-244.log: file already closed
zerolog: could not write event: write experiment-output/0003/slave-046/client-244.log: file already closed
zerolog: could not write event: write experiment-output/0003/slave-046/client-208.log: file already closed
zerolog: could not write event: write experiment-output/0003/slave-046/client-208.log: file already closed
zerolog: could not write event: write experiment-output/0003/slave-046/client-208.log: file already closed
zerolog: could not write event: write experiment-output/0003/slave-046/client-208.log: file already closed
zerolog: could not write event: write experiment-output/0003/slave-046/client-203.log: file already closed
zerolog: could not write event: write experiment-output/0003/slave-046/client-207.log: file already closed
zerolog: could not write event: write experiment-output/0003/slave-046/client-195.log: file already closed
zerolog: could not write event: write experiment-output/0003/slave-046/client-203.log: file already closed
zerolog: could not write event: write experiment-output/0003/slave-046/client-226.log: file already closed
zerolog: could not write event: write experiment-output/0003/slave-046/client-235.log: file already closed
zerolog: could not write event: write experiment-output/0003/slave-046/client-207.log: file already closed
zerolog: could not write event: write experiment-output/0003/slave-046/client-226.log: file already closed
zerolog: could not write event: write experiment-output/0003/slave-046/client-195.log: file already closed
zerolog: could not write event: write experiment-output/0003/slave-046/client-235.log: file already closed
zerolog: could not write event: write experiment-output/0003/slave-046/client-195.log: file already closed
zerolog: could not write event: write experiment-output/0003/slave-046/client-203.log: file already closed
zerolog: could not write event: write experiment-output/0003/slave-046/client-203.log: file already closed
zerolog: could not write event: write experiment-output/0003/slave-046/client-226.log: file already closed
zerolog: could not write event: write experiment-output/0003/slave-046/client-226.log: file already closed
zerolog: could not write event: write experiment-output/0003/slave-046/client-235.log: file already closed
zerolog: could not write event: write experiment-output/0003/slave-046/client-207.log: file already closed
zerolog: could not write event: write experiment-output/0003/slave-046/client-207.log: file already closed
zerolog: could not write event: write experiment-output/0003/slave-046/client-195.log: file already closed
zerolog: could not write event: write experiment-output/0003/slave-046/client-235.log: file already closed
07:14:29.781 INF Profile data written. filename=experiment-output/0003/slave-046/prof-client.cpu name=cpu
zerolog: could not write event: write experiment-output/0003/slave-046/client-214.log: file already closed
zerolog: could not write event: write experiment-output/0003/slave-046/client-214.log: file already closed
zerolog: could not write event: write experiment-output/0003/slave-046/client-214.log: file already closed
zerolog: could not write event: write experiment-output/0003/slave-046/client-214.log: file already closed
07:14:29.800 INF Profile data written. filename=experiment-output/0003/slave-046/prof-client.block name=block
07:14:29.806 INF Profile data written. filename=experiment-output/0003/slave-046/prof-client.mutex name=mutex
