{"level":"debug","Logging":"info","time":"2023-03-27T10:20:07Z","message":"Config"}
{"level":"debug","UseTLS":false,"time":"2023-03-27T10:20:07Z","message":"Config"}
{"level":"debug","CACertFile":"tls-data/ca.pem","time":"2023-03-27T10:20:07Z","message":"Config"}
{"level":"debug","KeyFile":"tls-data/auth.key","time":"2023-03-27T10:20:07Z","message":"Config"}
{"level":"debug","CertFile":"tls-data/auth.pem","time":"2023-03-27T10:20:07Z","message":"Config"}
{"level":"debug","PriorityConnections":2,"time":"2023-03-27T10:20:07Z","message":"Config"}
{"level":"debug","BasicConnections":1,"time":"2023-03-27T10:20:07Z","message":"Config"}
{"level":"debug","TestConnections":false,"time":"2023-03-27T10:20:07Z","message":"Config"}
{"level":"debug","ExcessConnections":1,"time":"2023-03-27T10:20:07Z","message":"Config"}
{"level":"debug","ConnectionTestMsgs":4,"time":"2023-03-27T10:20:07Z","message":"Config"}
{"level":"debug","ConnectionTestPayload":131072,"time":"2023-03-27T10:20:07Z","message":"Config"}
{"level":"debug","OutMessageBufsize":1024,"time":"2023-03-27T10:20:07Z","message":"Config"}
{"level":"debug","OutMessageBufsize":4,"time":"2023-03-27T10:20:07Z","message":"Config"}
{"level":"debug","ThroughputCap":131072000,"time":"2023-03-27T10:20:07Z","message":"Config"}
{"level":"debug","StragglerTolerance":1000,"time":"2023-03-27T10:20:07Z","message":"Config"}
{"level":"debug","BatchSizeIncrement":256,"time":"2023-03-27T10:20:07Z","message":"Config"}
{"level":"debug","Orderer":"Pbft","time":"2023-03-27T10:20:07Z","message":"Config"}
{"level":"debug","Manager":"Mir","time":"2023-03-27T10:20:07Z","message":"Config"}
{"level":"debug","Failures":0,"time":"2023-03-27T10:20:07Z","message":"Config"}
{"level":"debug","StragglerCnt":1,"time":"2023-03-27T10:20:07Z","message":"Config"}
{"level":"debug","CrashTiming":"Straggler","time":"2023-03-27T10:20:07Z","message":"Config"}
{"level":"debug","CheckpointInterval":512,"time":"2023-03-27T10:20:07Z","message":"Config"}
{"level":"debug","WatermarkWindowSize":512,"time":"2023-03-27T10:20:07Z","message":"Config"}
{"level":"debug","EpochLength":512,"time":"2023-03-27T10:20:07Z","message":"Config"}
{"level":"debug","SegmentLength":32,"time":"2023-03-27T10:20:07Z","message":"Config"}
{"level":"debug","WaitForCheckpoints":true,"time":"2023-03-27T10:20:07Z","message":"Config"}
{"level":"debug","ClientWatermarkWindowSize":16384,"time":"2023-03-27T10:20:07Z","message":"Config"}
{"level":"debug","ClientRequestBacklogSize":16384,"time":"2023-03-27T10:20:07Z","message":"Config"}
{"level":"debug","RandomSeed":23325,"time":"2023-03-27T10:20:07Z","message":"Config"}
{"level":"debug","NodeToLeaderRatio":1,"time":"2023-03-27T10:20:07Z","message":"Config"}
{"level":"debug","LeaderPolicy":"Simple","time":"2023-03-27T10:20:07Z","message":"Config"}
{"level":"debug","DefaultLeaderBan":2,"time":"2023-03-27T10:20:07Z","message":"Config"}
{"level":"debug","NumBuckets":256,"time":"2023-03-27T10:20:07Z","message":"Config"}
{"level":"debug","BatchSize":1000,"time":"2023-03-27T10:20:07Z","message":"Config"}
{"level":"debug","DisabledViewChange":false,"time":"2023-03-27T10:20:07Z","message":"Config"}
{"level":"debug","ViewChangeTimeout":60000,"time":"2023-03-27T10:20:07Z","message":"Config"}
{"level":"debug","ClientTraceSampling":10,"time":"2023-03-27T10:20:07Z","message":"Config"}
{"level":"debug","EventBufferSize":2097152,"time":"2023-03-27T10:20:07Z","message":"Config"}
{"level":"debug","TraceSampling":1,"time":"2023-03-27T10:20:07Z","message":"Config"}
{"level":"debug","ClientsPerProcess":8,"time":"2023-03-27T10:20:07Z","message":"Config"}
{"level":"debug","RequestsPerClient":4101,"time":"2023-03-27T10:20:07Z","message":"Config"}
{"level":"debug","ClientRunTime":15000,"time":"2023-03-27T10:20:07Z","message":"Config"}
{"level":"debug","RequestRate":136,"time":"2023-03-27T10:20:07Z","message":"Config"}
{"level":"debug","HardRequestRateLimit":false,"time":"2023-03-27T10:20:07Z","message":"Config"}
{"level":"debug","RequestPayloadSize":500,"time":"2023-03-27T10:20:07Z","message":"Config"}
{"level":"debug","SignRequests":true,"time":"2023-03-27T10:20:07Z","message":"Config"}
{"level":"debug","ClientPrivKeyFile":"tls-data/client-ecdsa-256.key","time":"2023-03-27T10:20:07Z","message":"Config"}
{"level":"debug","ClientPubKeyFile":"tls-data/client-ecdsa-256.pem","time":"2023-03-27T10:20:07Z","message":"Config"}
{"level":"debug","PrecomputeRequests":false,"time":"2023-03-27T10:20:07Z","message":"Config"}
{"level":"debug","RequestHandlerThreads":32,"time":"2023-03-27T10:20:07Z","message":"Config"}
{"level":"debug","RequestInputChannelBuffer":8192,"time":"2023-03-27T10:20:07Z","message":"Config"}
{"level":"debug","BatchVerifier":"external","time":"2023-03-27T10:20:07Z","message":"Config"}
10:20:07.160 INF Started Profiler: CPU
10:20:07.160 INF Started Profiler: BLOCK
10:20:07.160 INF Started Profiler: MUTEX
10:20:07.160 INF Starting clients. numClients=8 numRequests=4101
10:20:07.160 INF Initilizing clients.
10:20:07.440 INF Registared with discovery server. numOrderers=16 ownClientId=78
10:20:07.440 INF Registared with discovery server. numOrderers=16 ownClientId=77
10:20:07.440 INF Registared with discovery server. numOrderers=16 ownClientId=83
10:20:07.440 INF Registared with discovery server. numOrderers=16 ownClientId=92
10:20:07.440 INF Registared with discovery server. numOrderers=16 ownClientId=88
10:20:07.440 INF Registared with discovery server. numOrderers=16 ownClientId=93
10:20:07.440 INF Registared with discovery server. numOrderers=16 ownClientId=107
10:20:07.442 INF Registared with discovery server. numOrderers=16 ownClientId=119
10:20:07.442 INF Clients initialized.
10:20:07.442 INF Launching clients.
10:20:07.442 INF Waiting for clients.
10:26:35.078 INF Stopping Tracer. events=1173 fileName=experiment-output/0006/slave-006/client-119.trc
zerolog: could not write event: write experiment-output/0006/slave-006/client-119.log: file already closed
zerolog: could not write event: write experiment-output/0006/slave-006/client-119.log: file already closed
zerolog: could not write event: write experiment-output/0006/slave-006/client-119.log: file already closed
zerolog: could not write event: write experiment-output/0006/slave-006/client-119.log: file already closed
10:26:35.080 INF Trace data written.
10:26:35.123 INF Stopping Tracer. events=821 fileName=experiment-output/0006/slave-006/client-088.trc
zerolog: could not write event: write experiment-output/0006/slave-006/client-088.log: file already closed
zerolog: could not write event: write experiment-output/0006/slave-006/client-088.log: file already closed
zerolog: could not write event: write experiment-output/0006/slave-006/client-088.log: file already closed
zerolog: could not write event: write experiment-output/0006/slave-006/client-088.log: file already closed
10:26:35.124 INF Stopping Tracer. events=1275 fileName=experiment-output/0006/slave-006/client-093.trc
10:26:35.124 INF Stopping Tracer. events=1221 fileName=experiment-output/0006/slave-006/client-077.trc
10:26:35.124 INF Stopping Tracer. events=1266 fileName=experiment-output/0006/slave-006/client-083.trc
10:26:35.124 INF Stopping Tracer. events=821 fileName=experiment-output/0006/slave-006/client-092.trc
zerolog: could not write event: write experiment-output/0006/slave-006/client-093.log: file already closed
zerolog: could not write event: write experiment-output/0006/slave-006/client-093.log: file already closed
10:26:35.124 INF Stopping Tracer. events=821 fileName=experiment-output/0006/slave-006/client-078.trc
zerolog: could not write event: write experiment-output/0006/slave-006/client-093.log: file already closed
zerolog: could not write event: write experiment-output/0006/slave-006/client-093.log: file already closed
zerolog: could not write event: write experiment-output/0006/slave-006/client-078.log: file already closed
zerolog: could not write event: write experiment-output/0006/slave-006/client-083.log: file already closed
zerolog: could not write event: write experiment-output/0006/slave-006/client-083.log: file already closed
10:26:35.125 INF Stopping Tracer. events=1237 fileName=experiment-output/0006/slave-006/client-107.trc
10:26:35.125 INF Trace data written.
zerolog: could not write event: write experiment-output/0006/slave-006/client-077.log: file already closed
zerolog: could not write event: write experiment-output/0006/slave-006/client-083.log: file already closed
zerolog: could not write event: write experiment-output/0006/slave-006/client-078.log: file already closed
zerolog: could not write event: write experiment-output/0006/slave-006/client-078.log: file already closed
zerolog: could not write event: write experiment-output/0006/slave-006/client-078.log: file already closed
zerolog: could not write event: write experiment-output/0006/slave-006/client-092.log: file already closed
zerolog: could not write event: write experiment-output/0006/slave-006/client-077.log: file already closed
zerolog: could not write event: write experiment-output/0006/slave-006/client-092.log: file already closed
zerolog: could not write event: write experiment-output/0006/slave-006/client-092.log: file already closed
zerolog: could not write event: write experiment-output/0006/slave-006/client-092.log: file already closed
zerolog: could not write event: write experiment-output/0006/slave-006/client-107.log: file already closed
zerolog: could not write event: write experiment-output/0006/slave-006/client-107.log: file already closed
zerolog: could not write event: write experiment-output/0006/slave-006/client-107.log: file already closed
zerolog: could not write event: write experiment-output/0006/slave-006/client-077.log: file already closed
zerolog: could not write event: write experiment-output/0006/slave-006/client-107.log: file already closed
zerolog: could not write event: write experiment-output/0006/slave-006/client-083.log: file already closed
zerolog: could not write event: write experiment-output/0006/slave-006/client-077.log: file already closed
10:26:35.126 INF Trace data written.
10:26:35.127 INF Trace data written.
10:26:35.127 INF Trace data written.
10:26:35.127 INF Trace data written.
10:26:35.128 INF Trace data written.
10:26:35.128 INF Trace data written.
10:26:35.128 INF Done.
10:26:35.128 INF Stopping profiler.
zerolog: could not write event: write experiment-output/0006/slave-006/client-119.log: file already closed
zerolog: could not write event: write experiment-output/0006/slave-006/client-119.log: file already closed
zerolog: could not write event: write experiment-output/0006/slave-006/client-119.log: file already closed
zerolog: could not write event: write experiment-output/0006/slave-006/client-119.log: file already closed
zerolog: could not write event: write experiment-output/0006/slave-006/client-088.log: file already closed
zerolog: could not write event: write experiment-output/0006/slave-006/client-088.log: file already closed
zerolog: could not write event: write experiment-output/0006/slave-006/client-088.log: file already closed
zerolog: could not write event: write experiment-output/0006/slave-006/client-088.log: file already closed
zerolog: could not write event: write experiment-output/0006/slave-006/client-093.log: file already closed
zerolog: could not write event: write experiment-output/0006/slave-006/client-093.log: file already closed
zerolog: could not write event: write experiment-output/0006/slave-006/client-093.log: file already closed
zerolog: could not write event: write experiment-output/0006/slave-006/client-093.log: file already closed
zerolog: could not write event: write experiment-output/0006/slave-006/client-078.log: file already closed
zerolog: could not write event: write experiment-output/0006/slave-006/client-077.log: file already closed
zerolog: could not write event: write experiment-output/0006/slave-006/client-083.log: file already closed
zerolog: could not write event: write experiment-output/0006/slave-006/client-078.log: file already closed
zerolog: could not write event: write experiment-output/0006/slave-006/client-083.log: file already closed
zerolog: could not write event: write experiment-output/0006/slave-006/client-077.log: file already closed
zerolog: could not write event: write experiment-output/0006/slave-006/client-077.log: file already closed
zerolog: could not write event: write experiment-output/0006/slave-006/client-092.log: file already closed
zerolog: could not write event: write experiment-output/0006/slave-006/client-078.log: file already closed
zerolog: could not write event: write experiment-output/0006/slave-006/client-078.log: file already closed
zerolog: could not write event: write experiment-output/0006/slave-006/client-077.log: file already closed
zerolog: could not write event: write experiment-output/0006/slave-006/client-107.log: file already closed
zerolog: could not write event: write experiment-output/0006/slave-006/client-107.log: file already closed
zerolog: could not write event: write experiment-output/0006/slave-006/client-092.log: file already closed
zerolog: could not write event: write experiment-output/0006/slave-006/client-107.log: file already closed
zerolog: could not write event: write experiment-output/0006/slave-006/client-092.log: file already closed
zerolog: could not write event: write experiment-output/0006/slave-006/client-083.log: file already closed
zerolog: could not write event: write experiment-output/0006/slave-006/client-092.log: file already closed
zerolog: could not write event: write experiment-output/0006/slave-006/client-107.log: file already closed
zerolog: could not write event: write experiment-output/0006/slave-006/client-083.log: file already closed
10:26:35.229 INF Profile data written. filename=experiment-output/0006/slave-006/prof-client.cpu name=cpu
10:26:35.257 INF Profile data written. filename=experiment-output/0006/slave-006/prof-client.block name=block
10:26:35.262 INF Profile data written. filename=experiment-output/0006/slave-006/prof-client.mutex name=mutex
