{"level":"debug","Logging":"info","time":"2023-03-30T03:21:58Z","message":"Config"}
{"level":"debug","UseTLS":false,"time":"2023-03-30T03:21:58Z","message":"Config"}
{"level":"debug","CACertFile":"tls-data/ca.pem","time":"2023-03-30T03:21:58Z","message":"Config"}
{"level":"debug","KeyFile":"tls-data/auth.key","time":"2023-03-30T03:21:58Z","message":"Config"}
{"level":"debug","CertFile":"tls-data/auth.pem","time":"2023-03-30T03:21:58Z","message":"Config"}
{"level":"debug","PriorityConnections":2,"time":"2023-03-30T03:21:58Z","message":"Config"}
{"level":"debug","BasicConnections":1,"time":"2023-03-30T03:21:58Z","message":"Config"}
{"level":"debug","TestConnections":false,"time":"2023-03-30T03:21:58Z","message":"Config"}
{"level":"debug","ExcessConnections":1,"time":"2023-03-30T03:21:58Z","message":"Config"}
{"level":"debug","ConnectionTestMsgs":4,"time":"2023-03-30T03:21:58Z","message":"Config"}
{"level":"debug","ConnectionTestPayload":131072,"time":"2023-03-30T03:21:58Z","message":"Config"}
{"level":"debug","OutMessageBufsize":1024,"time":"2023-03-30T03:21:58Z","message":"Config"}
{"level":"debug","OutMessageBufsize":4,"time":"2023-03-30T03:21:58Z","message":"Config"}
{"level":"debug","ThroughputCap":131072000,"time":"2023-03-30T03:21:58Z","message":"Config"}
{"level":"debug","StragglerTolerance":1000,"time":"2023-03-30T03:21:58Z","message":"Config"}
{"level":"debug","BatchSizeIncrement":256,"time":"2023-03-30T03:21:58Z","message":"Config"}
{"level":"debug","Orderer":"Pbft","time":"2023-03-30T03:21:58Z","message":"Config"}
{"level":"debug","Manager":"Mir","time":"2023-03-30T03:21:58Z","message":"Config"}
{"level":"debug","Failures":0,"time":"2023-03-30T03:21:58Z","message":"Config"}
{"level":"debug","StragglerCnt":3,"time":"2023-03-30T03:21:58Z","message":"Config"}
{"level":"debug","PrivKeyCnt":10,"time":"2023-03-30T03:21:58Z","message":"Config"}
{"level":"debug","UseSig":false,"time":"2023-03-30T03:21:58Z","message":"Config"}
{"level":"debug","CrashTiming":"Straggler","time":"2023-03-30T03:21:58Z","message":"Config"}
{"level":"debug","CheckpointInterval":1024,"time":"2023-03-30T03:21:58Z","message":"Config"}
{"level":"debug","WatermarkWindowSize":1024,"time":"2023-03-30T03:21:58Z","message":"Config"}
{"level":"debug","EpochLength":1024,"time":"2023-03-30T03:21:58Z","message":"Config"}
{"level":"debug","SegmentLength":64,"time":"2023-03-30T03:21:58Z","message":"Config"}
{"level":"debug","WaitForCheckpoints":true,"time":"2023-03-30T03:21:58Z","message":"Config"}
{"level":"debug","ClientWatermarkWindowSize":24576,"time":"2023-03-30T03:21:58Z","message":"Config"}
{"level":"debug","ClientRequestBacklogSize":24576,"time":"2023-03-30T03:21:58Z","message":"Config"}
{"level":"debug","RandomSeed":14306,"time":"2023-03-30T03:21:58Z","message":"Config"}
{"level":"debug","NodeToLeaderRatio":1,"time":"2023-03-30T03:21:58Z","message":"Config"}
{"level":"debug","LeaderPolicy":"Simple","time":"2023-03-30T03:21:58Z","message":"Config"}
{"level":"debug","DefaultLeaderBan":2,"time":"2023-03-30T03:21:58Z","message":"Config"}
{"level":"debug","NumBuckets":256,"time":"2023-03-30T03:21:58Z","message":"Config"}
{"level":"debug","BatchSize":1000,"time":"2023-03-30T03:21:58Z","message":"Config"}
{"level":"debug","DisabledViewChange":false,"time":"2023-03-30T03:21:58Z","message":"Config"}
{"level":"debug","ViewChangeTimeout":60000,"time":"2023-03-30T03:21:58Z","message":"Config"}
{"level":"debug","ClientTraceSampling":10,"time":"2023-03-30T03:21:58Z","message":"Config"}
{"level":"debug","EventBufferSize":2097152,"time":"2023-03-30T03:21:58Z","message":"Config"}
{"level":"debug","TraceSampling":1,"time":"2023-03-30T03:21:58Z","message":"Config"}
{"level":"debug","ClientsPerProcess":8,"time":"2023-03-30T03:21:58Z","message":"Config"}
{"level":"debug","RequestsPerClient":5859,"time":"2023-03-30T03:21:58Z","message":"Config"}
{"level":"debug","ClientRunTime":15000,"time":"2023-03-30T03:21:58Z","message":"Config"}
{"level":"debug","RequestRate":195,"time":"2023-03-30T03:21:58Z","message":"Config"}
{"level":"debug","HardRequestRateLimit":false,"time":"2023-03-30T03:21:58Z","message":"Config"}
{"level":"debug","RequestPayloadSize":500,"time":"2023-03-30T03:21:58Z","message":"Config"}
{"level":"debug","SignRequests":true,"time":"2023-03-30T03:21:58Z","message":"Config"}
{"level":"debug","ClientPrivKeyFile":"tls-data/client-ecdsa-256.key","time":"2023-03-30T03:21:58Z","message":"Config"}
{"level":"debug","ClientPubKeyFile":"tls-data/client-ecdsa-256.pem","time":"2023-03-30T03:21:58Z","message":"Config"}
{"level":"debug","PrecomputeRequests":false,"time":"2023-03-30T03:21:58Z","message":"Config"}
{"level":"debug","RequestHandlerThreads":32,"time":"2023-03-30T03:21:58Z","message":"Config"}
{"level":"debug","RequestInputChannelBuffer":8192,"time":"2023-03-30T03:21:58Z","message":"Config"}
{"level":"debug","BatchVerifier":"external","time":"2023-03-30T03:21:58Z","message":"Config"}
03:21:58.476 INF Started Profiler: CPU
03:21:58.476 INF Started Profiler: BLOCK
03:21:58.476 INF Started Profiler: MUTEX
03:21:58.476 INF Starting clients. numClients=8 numRequests=5859
03:21:58.476 INF Initilizing clients.
03:21:58.482 INF Registared with discovery server. numOrderers=16 ownClientId=4
03:21:58.483 INF Registared with discovery server. numOrderers=16 ownClientId=32
03:21:58.483 INF Registared with discovery server. numOrderers=16 ownClientId=35
03:21:58.483 INF Registared with discovery server. numOrderers=16 ownClientId=36
03:21:58.483 INF Registared with discovery server. numOrderers=16 ownClientId=37
03:21:58.483 INF Registared with discovery server. numOrderers=16 ownClientId=41
03:21:58.483 INF Registared with discovery server. numOrderers=16 ownClientId=40
03:21:58.484 INF Registared with discovery server. numOrderers=16 ownClientId=48
03:21:58.484 INF Clients initialized.
03:21:58.484 INF Launching clients.
03:21:58.484 INF Waiting for clients.
03:23:35.538 INF Stopping Tracer. events=1728 fileName=experiment-output/0001/slave-001/client-041.trc
03:23:35.538 INF Stopping Tracer. events=1173 fileName=experiment-output/0001/slave-001/client-040.trc
zerolog: could not write event: write experiment-output/0001/slave-001/client-041.log: file already closed
zerolog: could not write event: write experiment-output/0001/slave-001/client-041.log: file already closed
zerolog: could not write event: write experiment-output/0001/slave-001/client-041.log: file already closed
zerolog: could not write event: write experiment-output/0001/slave-001/client-040.log: file already closed
zerolog: could not write event: write experiment-output/0001/slave-001/client-040.log: file already closed
zerolog: could not write event: write experiment-output/0001/slave-001/client-041.log: file already closed
zerolog: could not write event: write experiment-output/0001/slave-001/client-040.log: file already closed
zerolog: could not write event: write experiment-output/0001/slave-001/client-040.log: file already closed
03:23:35.540 INF Trace data written.
03:23:35.541 INF Stopping Tracer. events=1183 fileName=experiment-output/0001/slave-001/client-048.trc
03:23:35.542 INF Trace data written.
zerolog: could not write event: write experiment-output/0001/slave-001/client-048.log: file already closed
zerolog: could not write event: write experiment-output/0001/slave-001/client-048.log: file already closed
zerolog: could not write event: write experiment-output/0001/slave-001/client-048.log: file already closed
zerolog: could not write event: write experiment-output/0001/slave-001/client-048.log: file already closed
03:23:35.543 INF Trace data written.
03:23:35.548 INF Stopping Tracer. events=1863 fileName=experiment-output/0001/slave-001/client-035.trc
zerolog: could not write event: write experiment-output/0001/slave-001/client-035.log: file already closed
zerolog: could not write event: write experiment-output/0001/slave-001/client-035.log: file already closed
zerolog: could not write event: write experiment-output/0001/slave-001/client-035.log: file already closed
zerolog: could not write event: write experiment-output/0001/slave-001/client-035.log: file already closed
03:23:35.551 INF Stopping Tracer. events=1173 fileName=experiment-output/0001/slave-001/client-036.trc
03:23:35.551 INF Stopping Tracer. events=1183 fileName=experiment-output/0001/slave-001/client-032.trc
03:23:35.552 INF Stopping Tracer. events=1732 fileName=experiment-output/0001/slave-001/client-037.trc
zerolog: could not write event: write experiment-output/0001/slave-001/client-036.log: file already closed
zerolog: could not write event: write experiment-output/0001/slave-001/client-032.log: file already closed
zerolog: could not write event: write experiment-output/0001/slave-001/client-036.log: file already closed
zerolog: could not write event: write experiment-output/0001/slave-001/client-036.log: file already closed
zerolog: could not write event: write experiment-output/0001/slave-001/client-037.log: file already closed
zerolog: could not write event: write experiment-output/0001/slave-001/client-032.log: file already closed
zerolog: could not write event: write experiment-output/0001/slave-001/client-032.log: file already closed
zerolog: could not write event: write experiment-output/0001/slave-001/client-037.log: file already closed
zerolog: could not write event: write experiment-output/0001/slave-001/client-037.log: file already closed
zerolog: could not write event: write experiment-output/0001/slave-001/client-036.log: file already closed
zerolog: could not write event: write experiment-output/0001/slave-001/client-037.log: file already closed
zerolog: could not write event: write experiment-output/0001/slave-001/client-032.log: file already closed
03:23:35.552 INF Trace data written.
03:23:35.554 INF Trace data written.
03:23:35.555 INF Trace data written.
03:23:35.556 INF Trace data written.
zerolog: could not write event: write experiment-output/0001/slave-001/client-041.log: file already closed
zerolog: could not write event: write experiment-output/0001/slave-001/client-040.log: file already closed
zerolog: could not write event: write experiment-output/0001/slave-001/client-041.log: file already closed
zerolog: could not write event: write experiment-output/0001/slave-001/client-041.log: file already closed
zerolog: could not write event: write experiment-output/0001/slave-001/client-040.log: file already closed
zerolog: could not write event: write experiment-output/0001/slave-001/client-040.log: file already closed
zerolog: could not write event: write experiment-output/0001/slave-001/client-041.log: file already closed
zerolog: could not write event: write experiment-output/0001/slave-001/client-040.log: file already closed
zerolog: could not write event: write experiment-output/0001/slave-001/client-048.log: file already closed
zerolog: could not write event: write experiment-output/0001/slave-001/client-048.log: file already closed
zerolog: could not write event: write experiment-output/0001/slave-001/client-048.log: file already closed
zerolog: could not write event: write experiment-output/0001/slave-001/client-048.log: file already closed
zerolog: could not write event: write experiment-output/0001/slave-001/client-035.log: file already closed
zerolog: could not write event: write experiment-output/0001/slave-001/client-035.log: file already closed
zerolog: could not write event: write experiment-output/0001/slave-001/client-035.log: file already closed
zerolog: could not write event: write experiment-output/0001/slave-001/client-035.log: file already closed
zerolog: could not write event: write experiment-output/0001/slave-001/client-032.log: file already closed
zerolog: could not write event: write experiment-output/0001/slave-001/client-032.log: file already closed
zerolog: could not write event: write experiment-output/0001/slave-001/client-036.log: file already closed
zerolog: could not write event: write experiment-output/0001/slave-001/client-032.log: file already closed
zerolog: could not write event: write experiment-output/0001/slave-001/client-037.log: file already closed
zerolog: could not write event: write experiment-output/0001/slave-001/client-036.log: file already closed
zerolog: could not write event: write experiment-output/0001/slave-001/client-036.log: file already closed
zerolog: could not write event: write experiment-output/0001/slave-001/client-036.log: file already closed
zerolog: could not write event: write experiment-output/0001/slave-001/client-037.log: file already closed
zerolog: could not write event: write experiment-output/0001/slave-001/client-032.log: file already closed
zerolog: could not write event: write experiment-output/0001/slave-001/client-037.log: file already closed
zerolog: could not write event: write experiment-output/0001/slave-001/client-037.log: file already closed
zerolog: could not write event: write experiment-output/0001/slave-001/client-041.log: file already closed
zerolog: could not write event: write experiment-output/0001/slave-001/client-041.log: file already closed
zerolog: could not write event: write experiment-output/0001/slave-001/client-040.log: file already closed
zerolog: could not write event: write experiment-output/0001/slave-001/client-040.log: file already closed
zerolog: could not write event: write experiment-output/0001/slave-001/client-041.log: file already closed
zerolog: could not write event: write experiment-output/0001/slave-001/client-041.log: file already closed
zerolog: could not write event: write experiment-output/0001/slave-001/client-040.log: file already closed
zerolog: could not write event: write experiment-output/0001/slave-001/client-040.log: file already closed
zerolog: could not write event: write experiment-output/0001/slave-001/client-048.log: file already closed
zerolog: could not write event: write experiment-output/0001/slave-001/client-048.log: file already closed
zerolog: could not write event: write experiment-output/0001/slave-001/client-048.log: file already closed
zerolog: could not write event: write experiment-output/0001/slave-001/client-048.log: file already closed
zerolog: could not write event: write experiment-output/0001/slave-001/client-035.log: file already closed
zerolog: could not write event: write experiment-output/0001/slave-001/client-035.log: file already closed
zerolog: could not write event: write experiment-output/0001/slave-001/client-035.log: file already closed
zerolog: could not write event: write experiment-output/0001/slave-001/client-035.log: file already closed
zerolog: could not write event: write experiment-output/0001/slave-001/client-036.log: file already closed
zerolog: could not write event: write experiment-output/0001/slave-001/client-036.log: file already closed
zerolog: could not write event: write experiment-output/0001/slave-001/client-032.log: file already closed
zerolog: could not write event: write experiment-output/0001/slave-001/client-036.log: file already closed
zerolog: could not write event: write experiment-output/0001/slave-001/client-036.log: file already closed
zerolog: could not write event: write experiment-output/0001/slave-001/client-037.log: file already closed
zerolog: could not write event: write experiment-output/0001/slave-001/client-037.log: file already closed
zerolog: could not write event: write experiment-output/0001/slave-001/client-032.log: file already closed
zerolog: could not write event: write experiment-output/0001/slave-001/client-032.log: file already closed
zerolog: could not write event: write experiment-output/0001/slave-001/client-037.log: file already closed
zerolog: could not write event: write experiment-output/0001/slave-001/client-037.log: file already closed
zerolog: could not write event: write experiment-output/0001/slave-001/client-032.log: file already closed
zerolog: could not write event: write experiment-output/0001/slave-001/client-041.log: file already closed
zerolog: could not write event: write experiment-output/0001/slave-001/client-041.log: file already closed
zerolog: could not write event: write experiment-output/0001/slave-001/client-041.log: file already closed
zerolog: could not write event: write experiment-output/0001/slave-001/client-040.log: file already closed
zerolog: could not write event: write experiment-output/0001/slave-001/client-040.log: file already closed
zerolog: could not write event: write experiment-output/0001/slave-001/client-040.log: file already closed
zerolog: could not write event: write experiment-output/0001/slave-001/client-041.log: file already closed
zerolog: could not write event: write experiment-output/0001/slave-001/client-040.log: file already closed
zerolog: could not write event: write experiment-output/0001/slave-001/client-048.log: file already closed
zerolog: could not write event: write experiment-output/0001/slave-001/client-048.log: file already closed
zerolog: could not write event: write experiment-output/0001/slave-001/client-048.log: file already closed
zerolog: could not write event: write experiment-output/0001/slave-001/client-048.log: file already closed
zerolog: could not write event: write experiment-output/0001/slave-001/client-035.log: file already closed
zerolog: could not write event: write experiment-output/0001/slave-001/client-035.log: file already closed
zerolog: could not write event: write experiment-output/0001/slave-001/client-035.log: file already closed
zerolog: could not write event: write experiment-output/0001/slave-001/client-035.log: file already closed
zerolog: could not write event: write experiment-output/0001/slave-001/client-032.log: file already closed
zerolog: could not write event: write experiment-output/0001/slave-001/client-036.log: file already closed
zerolog: could not write event: write experiment-output/0001/slave-001/client-037.log: file already closed
zerolog: could not write event: write experiment-output/0001/slave-001/client-036.log: file already closed
zerolog: could not write event: write experiment-output/0001/slave-001/client-036.log: file already closed
zerolog: could not write event: write experiment-output/0001/slave-001/client-037.log: file already closed
zerolog: could not write event: write experiment-output/0001/slave-001/client-032.log: file already closed
zerolog: could not write event: write experiment-output/0001/slave-001/client-037.log: file already closed
zerolog: could not write event: write experiment-output/0001/slave-001/client-036.log: file already closed
zerolog: could not write event: write experiment-output/0001/slave-001/client-037.log: file already closed
zerolog: could not write event: write experiment-output/0001/slave-001/client-032.log: file already closed
zerolog: could not write event: write experiment-output/0001/slave-001/client-032.log: file already closed
03:23:40.553 INF Stopping Tracer. events=1173 fileName=experiment-output/0001/slave-001/client-004.trc
zerolog: could not write event: write experiment-output/0001/slave-001/client-004.log: file already closed
zerolog: could not write event: write experiment-output/0001/slave-001/client-004.log: file already closed
zerolog: could not write event: write experiment-output/0001/slave-001/client-004.log: file already closed
zerolog: could not write event: write experiment-output/0001/slave-001/client-004.log: file already closed
03:23:40.555 INF Trace data written.
03:23:40.555 INF Done.
03:23:40.555 INF Stopping profiler.
zerolog: could not write event: write experiment-output/0001/slave-001/client-004.log: file already closed
zerolog: could not write event: write experiment-output/0001/slave-001/client-004.log: file already closed
zerolog: could not write event: write experiment-output/0001/slave-001/client-004.log: file already closed
zerolog: could not write event: write experiment-output/0001/slave-001/client-004.log: file already closed
03:23:40.659 INF Profile data written. filename=experiment-output/0001/slave-001/prof-client.cpu name=cpu
03:23:40.680 INF Profile data written. filename=experiment-output/0001/slave-001/prof-client.block name=block
zerolog: could not write event: write experiment-output/0001/slave-001/client-004.log: file already closed
zerolog: could not write event: write experiment-output/0001/slave-001/client-004.log: file already closed
03:23:40.686 INF Profile data written. filename=experiment-output/0001/slave-001/prof-client.mutex name=mutex
