{"level":"debug","Logging":"info","time":"2023-07-11T02:40:33Z","message":"Config"}
{"level":"debug","UseTLS":false,"time":"2023-07-11T02:40:33Z","message":"Config"}
{"level":"debug","CACertFile":"tls-data/ca.pem","time":"2023-07-11T02:40:33Z","message":"Config"}
{"level":"debug","KeyFile":"tls-data/auth.key","time":"2023-07-11T02:40:33Z","message":"Config"}
{"level":"debug","CertFile":"tls-data/auth.pem","time":"2023-07-11T02:40:33Z","message":"Config"}
{"level":"debug","PriorityConnections":2,"time":"2023-07-11T02:40:33Z","message":"Config"}
{"level":"debug","BasicConnections":1,"time":"2023-07-11T02:40:33Z","message":"Config"}
{"level":"debug","TestConnections":false,"time":"2023-07-11T02:40:33Z","message":"Config"}
{"level":"debug","ExcessConnections":1,"time":"2023-07-11T02:40:33Z","message":"Config"}
{"level":"debug","ConnectionTestMsgs":4,"time":"2023-07-11T02:40:33Z","message":"Config"}
{"level":"debug","ConnectionTestPayload":131072,"time":"2023-07-11T02:40:33Z","message":"Config"}
{"level":"debug","OutMessageBufsize":1024,"time":"2023-07-11T02:40:33Z","message":"Config"}
{"level":"debug","OutMessageBufsize":4,"time":"2023-07-11T02:40:33Z","message":"Config"}
{"level":"debug","ThroughputCap":131072000,"time":"2023-07-11T02:40:33Z","message":"Config"}
{"level":"debug","StragglerTolerance":1000,"time":"2023-07-11T02:40:33Z","message":"Config"}
{"level":"debug","BatchSizeIncrement":256,"time":"2023-07-11T02:40:33Z","message":"Config"}
{"level":"debug","Orderer":"Pbft","time":"2023-07-11T02:40:33Z","message":"Config"}
{"level":"debug","Manager":"Mir","time":"2023-07-11T02:40:33Z","message":"Config"}
{"level":"debug","Failures":0,"time":"2023-07-11T02:40:33Z","message":"Config"}
{"level":"debug","StragglerCnt":1,"time":"2023-07-11T02:40:33Z","message":"Config"}
{"level":"debug","PrivKeyCnt":10,"time":"2023-07-11T02:40:33Z","message":"Config"}
{"level":"debug","UseSig":false,"time":"2023-07-11T02:40:33Z","message":"Config"}
{"level":"debug","TnCheckpointCnt":3,"time":"2023-07-11T02:40:33Z","message":"Config"}
{"level":"debug","CrashTiming":"Straggler","time":"2023-07-11T02:40:33Z","message":"Config"}
{"level":"debug","CheckpointInterval":2048,"time":"2023-07-11T02:40:33Z","message":"Config"}
{"level":"debug","WatermarkWindowSize":2048,"time":"2023-07-11T02:40:33Z","message":"Config"}
{"level":"debug","EpochLength":2048,"time":"2023-07-11T02:40:33Z","message":"Config"}
{"level":"debug","SegmentLength":128,"time":"2023-07-11T02:40:33Z","message":"Config"}
{"level":"debug","WaitForCheckpoints":true,"time":"2023-07-11T02:40:33Z","message":"Config"}
{"level":"debug","ClientWatermarkWindowSize":49152,"time":"2023-07-11T02:40:33Z","message":"Config"}
{"level":"debug","ClientRequestBacklogSize":49152,"time":"2023-07-11T02:40:33Z","message":"Config"}
{"level":"debug","RandomSeed":16224,"time":"2023-07-11T02:40:33Z","message":"Config"}
{"level":"debug","NodeToLeaderRatio":1,"time":"2023-07-11T02:40:33Z","message":"Config"}
{"level":"debug","LeaderPolicy":"Simple","time":"2023-07-11T02:40:33Z","message":"Config"}
{"level":"debug","DefaultLeaderBan":2,"time":"2023-07-11T02:40:33Z","message":"Config"}
{"level":"debug","NumBuckets":256,"time":"2023-07-11T02:40:33Z","message":"Config"}
{"level":"debug","BatchSize":2000,"time":"2023-07-11T02:40:33Z","message":"Config"}
{"level":"debug","DisabledViewChange":false,"time":"2023-07-11T02:40:33Z","message":"Config"}
{"level":"debug","ViewChangeTimeout":60000,"time":"2023-07-11T02:40:33Z","message":"Config"}
{"level":"debug","ClientTraceSampling":10,"time":"2023-07-11T02:40:33Z","message":"Config"}
{"level":"debug","EventBufferSize":2097152,"time":"2023-07-11T02:40:33Z","message":"Config"}
{"level":"debug","TraceSampling":1,"time":"2023-07-11T02:40:33Z","message":"Config"}
{"level":"debug","ClientsPerProcess":8,"time":"2023-07-11T02:40:33Z","message":"Config"}
{"level":"debug","RequestsPerClient":3515,"time":"2023-07-11T02:40:33Z","message":"Config"}
{"level":"debug","ClientRunTime":15000,"time":"2023-07-11T02:40:33Z","message":"Config"}
{"level":"debug","RequestRate":117,"time":"2023-07-11T02:40:33Z","message":"Config"}
{"level":"debug","HardRequestRateLimit":false,"time":"2023-07-11T02:40:33Z","message":"Config"}
{"level":"debug","RequestPayloadSize":500,"time":"2023-07-11T02:40:33Z","message":"Config"}
{"level":"debug","SignRequests":true,"time":"2023-07-11T02:40:33Z","message":"Config"}
{"level":"debug","ClientPrivKeyFile":"tls-data/client-ecdsa-256.key","time":"2023-07-11T02:40:33Z","message":"Config"}
{"level":"debug","ClientPubKeyFile":"tls-data/client-ecdsa-256.pem","time":"2023-07-11T02:40:33Z","message":"Config"}
{"level":"debug","PrecomputeRequests":false,"time":"2023-07-11T02:40:33Z","message":"Config"}
{"level":"debug","RequestHandlerThreads":32,"time":"2023-07-11T02:40:33Z","message":"Config"}
{"level":"debug","RequestInputChannelBuffer":8192,"time":"2023-07-11T02:40:33Z","message":"Config"}
{"level":"debug","BatchVerifier":"external","time":"2023-07-11T02:40:33Z","message":"Config"}
02:40:33.659 INF Started Profiler: CPU
02:40:33.659 INF Started Profiler: BLOCK
02:40:33.659 INF Started Profiler: MUTEX
02:40:33.659 INF Starting clients. numClients=8 numRequests=3515
02:40:33.659 INF Initilizing clients.
02:40:33.910 INF Registared with discovery server. numOrderers=16 ownClientId=14
02:40:33.944 INF Registared with discovery server. numOrderers=16 ownClientId=43
02:40:33.953 INF Registared with discovery server. numOrderers=16 ownClientId=99
02:40:33.954 INF Registared with discovery server. numOrderers=16 ownClientId=56
02:40:33.963 INF Registared with discovery server. numOrderers=16 ownClientId=41
02:40:33.970 INF Registared with discovery server. numOrderers=16 ownClientId=74
02:40:33.991 INF Registared with discovery server. numOrderers=16 ownClientId=126
02:40:34.011 INF Registared with discovery server. numOrderers=16 ownClientId=224
02:40:34.011 INF Clients initialized.
02:40:34.011 INF Launching clients.
02:40:34.011 INF Waiting for clients.
02:41:45.581 INF Stopping Tracer. events=1025 fileName=experiment-output/0000/slave-013/client-074.trc
02:41:45.583 INF Trace data written.
02:41:45.589 INF Stopping Tracer. events=1089 fileName=experiment-output/0000/slave-013/client-056.trc
02:41:45.591 INF Trace data written.
02:41:45.594 INF Stopping Tracer. events=705 fileName=experiment-output/0000/slave-013/client-041.trc
02:41:45.596 INF Trace data written.
02:41:45.604 INF Stopping Tracer. events=705 fileName=experiment-output/0000/slave-013/client-099.trc
02:41:45.605 INF Trace data written.
02:41:45.612 INF Stopping Tracer. events=961 fileName=experiment-output/0000/slave-013/client-224.trc
02:41:45.614 INF Trace data written.
02:41:45.625 INF Stopping Tracer. events=1105 fileName=experiment-output/0000/slave-013/client-126.trc
02:41:45.627 INF Trace data written.
02:41:45.641 INF Stopping Tracer. events=1041 fileName=experiment-output/0000/slave-013/client-014.trc
02:41:45.642 INF Trace data written.
02:41:45.646 INF Stopping Tracer. events=705 fileName=experiment-output/0000/slave-013/client-043.trc
02:41:45.647 INF Trace data written.
02:41:45.647 INF Done.
02:41:45.647 INF Stopping profiler.
zerolog: could not write event: write experiment-output/0000/slave-013/client-074.log: file already closed
zerolog: could not write event: write experiment-output/0000/slave-013/client-074.log: file already closed
zerolog: could not write event: write experiment-output/0000/slave-013/client-074.log: file already closed
zerolog: could not write event: write experiment-output/0000/slave-013/client-074.log: file already closed
zerolog: could not write event: write experiment-output/0000/slave-013/client-056.log: file already closed
zerolog: could not write event: write experiment-output/0000/slave-013/client-056.log: file already closed
zerolog: could not write event: write experiment-output/0000/slave-013/client-074.log: file already closed
zerolog: could not write event: write experiment-output/0000/slave-013/client-074.log: file already closed
zerolog: could not write event: write experiment-output/0000/slave-013/client-074.log: file already closed
zerolog: could not write event: write experiment-output/0000/slave-013/client-074.log: file already closed
zerolog: could not write event: write experiment-output/0000/slave-013/client-056.log: file already closed
zerolog: could not write event: write experiment-output/0000/slave-013/client-041.log: file already closed
zerolog: could not write event: write experiment-output/0000/slave-013/client-041.log: file already closed
zerolog: could not write event: write experiment-output/0000/slave-013/client-074.log: file already closed
zerolog: could not write event: write experiment-output/0000/slave-013/client-041.log: file already closed
zerolog: could not write event: write experiment-output/0000/slave-013/client-224.log: file already closed
zerolog: could not write event: write experiment-output/0000/slave-013/client-041.log: file already closed
zerolog: could not write event: write experiment-output/0000/slave-013/client-074.log: file already closed
zerolog: could not write event: write experiment-output/0000/slave-013/client-074.log: file already closed
zerolog: could not write event: write experiment-output/0000/slave-013/client-074.log: file already closed
zerolog: could not write event: write experiment-output/0000/slave-013/client-056.log: file already closed
zerolog: could not write event: write experiment-output/0000/slave-013/client-041.log: file already closed
zerolog: could not write event: write experiment-output/0000/slave-013/client-056.log: file already closed
zerolog: could not write event: write experiment-output/0000/slave-013/client-074.log: file already closed
zerolog: could not write event: write experiment-output/0000/slave-013/client-074.log: file already closed
zerolog: could not write event: write experiment-output/0000/slave-013/client-041.log: file already closed
zerolog: could not write event: write experiment-output/0000/slave-013/client-099.log: file already closed
zerolog: could not write event: write experiment-output/0000/slave-013/client-224.log: file already closed
zerolog: could not write event: write experiment-output/0000/slave-013/client-056.log: file already closed
zerolog: could not write event: write experiment-output/0000/slave-013/client-041.log: file already closed
zerolog: could not write event: write experiment-output/0000/slave-013/client-041.log: file already closed
zerolog: could not write event: write experiment-output/0000/slave-013/client-041.log: file already closed
zerolog: could not write event: write experiment-output/0000/slave-013/client-041.log: file already closed
zerolog: could not write event: write experiment-output/0000/slave-013/client-041.log: file already closed
zerolog: could not write event: write experiment-output/0000/slave-013/client-056.log: file already closed
zerolog: could not write event: write experiment-output/0000/slave-013/client-224.log: file already closed
zerolog: could not write event: write experiment-output/0000/slave-013/client-056.log: file already closed
zerolog: could not write event: write experiment-output/0000/slave-013/client-099.log: file already closed
zerolog: could not write event: write experiment-output/0000/slave-013/client-041.log: file already closed
zerolog: could not write event: write experiment-output/0000/slave-013/client-099.log: file already closed
zerolog: could not write event: write experiment-output/0000/slave-013/client-056.log: file already closed
zerolog: could not write event: write experiment-output/0000/slave-013/client-099.log: file already closed
zerolog: could not write event: write experiment-output/0000/slave-013/client-056.log: file already closed
zerolog: could not write event: write experiment-output/0000/slave-013/client-056.log: file already closed
zerolog: could not write event: write experiment-output/0000/slave-013/client-099.log: file already closed
zerolog: could not write event: write experiment-output/0000/slave-013/client-056.log: file already closed
zerolog: could not write event: write experiment-output/0000/slave-013/client-099.log: file already closed
zerolog: could not write event: write experiment-output/0000/slave-013/client-099.log: file already closed
zerolog: could not write event: write experiment-output/0000/slave-013/client-099.log: file already closed
zerolog: could not write event: write experiment-output/0000/slave-013/client-099.log: file already closed
zerolog: could not write event: write experiment-output/0000/slave-013/client-126.log: file already closed
zerolog: could not write event: write experiment-output/0000/slave-013/client-099.log: file already closed
zerolog: could not write event: write experiment-output/0000/slave-013/client-041.log: file already closed
zerolog: could not write event: write experiment-output/0000/slave-013/client-056.log: file already closed
zerolog: could not write event: write experiment-output/0000/slave-013/client-099.log: file already closed
zerolog: could not write event: write experiment-output/0000/slave-013/client-126.log: file already closed
zerolog: could not write event: write experiment-output/0000/slave-013/client-099.log: file already closed
zerolog: could not write event: write experiment-output/0000/slave-013/client-074.log: file already closed
zerolog: could not write event: write experiment-output/0000/slave-013/client-224.log: file already closed
zerolog: could not write event: write experiment-output/0000/slave-013/client-224.log: file already closed
zerolog: could not write event: write experiment-output/0000/slave-013/client-014.log: file already closed
zerolog: could not write event: write experiment-output/0000/slave-013/client-224.log: file already closed
zerolog: could not write event: write experiment-output/0000/slave-013/client-014.log: file already closed
zerolog: could not write event: write experiment-output/0000/slave-013/client-056.log: file already closed
zerolog: could not write event: write experiment-output/0000/slave-013/client-043.log: file already closed
zerolog: could not write event: write experiment-output/0000/slave-013/client-056.log: file already closed
zerolog: could not write event: write experiment-output/0000/slave-013/client-224.log: file already closed
zerolog: could not write event: write experiment-output/0000/slave-013/client-056.log: file already closed
zerolog: could not write event: write experiment-output/0000/slave-013/client-043.log: file already closed
zerolog: could not write event: write experiment-output/0000/slave-013/client-099.log: file already closed
zerolog: could not write event: write experiment-output/0000/slave-013/client-043.log: file already closed
zerolog: could not write event: write experiment-output/0000/slave-013/client-126.log: file already closed
zerolog: could not write event: write experiment-output/0000/slave-013/client-074.log: file already closed
zerolog: could not write event: write experiment-output/0000/slave-013/client-224.log: file already closed
zerolog: could not write event: write experiment-output/0000/slave-013/client-041.log: file already closed
zerolog: could not write event: write experiment-output/0000/slave-013/client-014.log: file already closed
zerolog: could not write event: write experiment-output/0000/slave-013/client-041.log: file already closed
zerolog: could not write event: write experiment-output/0000/slave-013/client-126.log: file already closed
zerolog: could not write event: write experiment-output/0000/slave-013/client-224.log: file already closed
zerolog: could not write event: write experiment-output/0000/slave-013/client-224.log: file already closed
zerolog: could not write event: write experiment-output/0000/slave-013/client-224.log: file already closed
zerolog: could not write event: write experiment-output/0000/slave-013/client-099.log: file already closed
zerolog: could not write event: write experiment-output/0000/slave-013/client-224.log: file already closed
zerolog: could not write event: write experiment-output/0000/slave-013/client-099.log: file already closed
zerolog: could not write event: write experiment-output/0000/slave-013/client-126.log: file already closed
zerolog: could not write event: write experiment-output/0000/slave-013/client-126.log: file already closed
zerolog: could not write event: write experiment-output/0000/slave-013/client-014.log: file already closed
zerolog: could not write event: write experiment-output/0000/slave-013/client-126.log: file already closed
zerolog: could not write event: write experiment-output/0000/slave-013/client-041.log: file already closed
zerolog: could not write event: write experiment-output/0000/slave-013/client-126.log: file already closed
zerolog: could not write event: write experiment-output/0000/slave-013/client-099.log: file already closed
zerolog: could not write event: write experiment-output/0000/slave-013/client-126.log: file already closed
zerolog: could not write event: write experiment-output/0000/slave-013/client-043.log: file already closed
zerolog: could not write event: write experiment-output/0000/slave-013/client-224.log: file already closed
zerolog: could not write event: write experiment-output/0000/slave-013/client-126.log: file already closed
zerolog: could not write event: write experiment-output/0000/slave-013/client-224.log: file already closed
zerolog: could not write event: write experiment-output/0000/slave-013/client-014.log: file already closed
zerolog: could not write event: write experiment-output/0000/slave-013/client-014.log: file already closed
zerolog: could not write event: write experiment-output/0000/slave-013/client-224.log: file already closed
zerolog: could not write event: write experiment-output/0000/slave-013/client-014.log: file already closed
zerolog: could not write event: write experiment-output/0000/slave-013/client-126.log: file already closed
zerolog: could not write event: write experiment-output/0000/slave-013/client-014.log: file already closed
zerolog: could not write event: write experiment-output/0000/slave-013/client-014.log: file already closed
zerolog: could not write event: write experiment-output/0000/slave-013/client-043.log: file already closed
zerolog: could not write event: write experiment-output/0000/slave-013/client-043.log: file already closed
zerolog: could not write event: write experiment-output/0000/slave-013/client-224.log: file already closed
zerolog: could not write event: write experiment-output/0000/slave-013/client-043.log: file already closed
zerolog: could not write event: write experiment-output/0000/slave-013/client-014.log: file already closed
zerolog: could not write event: write experiment-output/0000/slave-013/client-043.log: file already closed
zerolog: could not write event: write experiment-output/0000/slave-013/client-043.log: file already closed
zerolog: could not write event: write experiment-output/0000/slave-013/client-043.log: file already closed
zerolog: could not write event: write experiment-output/0000/slave-013/client-043.log: file already closed
zerolog: could not write event: write experiment-output/0000/slave-013/client-043.log: file already closed
zerolog: could not write event: write experiment-output/0000/slave-013/client-126.log: file already closed
zerolog: could not write event: write experiment-output/0000/slave-013/client-014.log: file already closed
zerolog: could not write event: write experiment-output/0000/slave-013/client-126.log: file already closed
zerolog: could not write event: write experiment-output/0000/slave-013/client-014.log: file already closed
zerolog: could not write event: write experiment-output/0000/slave-013/client-043.log: file already closed
zerolog: could not write event: write experiment-output/0000/slave-013/client-126.log: file already closed
zerolog: could not write event: write experiment-output/0000/slave-013/client-126.log: file already closed
zerolog: could not write event: write experiment-output/0000/slave-013/client-043.log: file already closed
zerolog: could not write event: write experiment-output/0000/slave-013/client-014.log: file already closed
zerolog: could not write event: write experiment-output/0000/slave-013/client-126.log: file already closed
zerolog: could not write event: write experiment-output/0000/slave-013/client-014.log: file already closed
zerolog: could not write event: write experiment-output/0000/slave-013/client-014.log: file already closed
zerolog: could not write event: write experiment-output/0000/slave-013/client-043.log: file already closed
zerolog: could not write event: write experiment-output/0000/slave-013/client-014.log: file already closed
zerolog: could not write event: write experiment-output/0000/slave-013/client-043.log: file already closed
02:41:45.793 INF Profile data written. filename=experiment-output/0000/slave-013/prof-client.cpu name=cpu
02:41:45.812 INF Profile data written. filename=experiment-output/0000/slave-013/prof-client.block name=block
02:41:45.815 INF Profile data written. filename=experiment-output/0000/slave-013/prof-client.mutex name=mutex
