{"level":"debug","Logging":"info","time":"2023-07-16T01:41:01Z","message":"Config"}
{"level":"debug","UseTLS":false,"time":"2023-07-16T01:41:01Z","message":"Config"}
{"level":"debug","CACertFile":"tls-data/ca.pem","time":"2023-07-16T01:41:01Z","message":"Config"}
{"level":"debug","KeyFile":"tls-data/auth.key","time":"2023-07-16T01:41:01Z","message":"Config"}
{"level":"debug","CertFile":"tls-data/auth.pem","time":"2023-07-16T01:41:01Z","message":"Config"}
{"level":"debug","PriorityConnections":2,"time":"2023-07-16T01:41:01Z","message":"Config"}
{"level":"debug","BasicConnections":1,"time":"2023-07-16T01:41:01Z","message":"Config"}
{"level":"debug","TestConnections":false,"time":"2023-07-16T01:41:01Z","message":"Config"}
{"level":"debug","ExcessConnections":1,"time":"2023-07-16T01:41:01Z","message":"Config"}
{"level":"debug","ConnectionTestMsgs":4,"time":"2023-07-16T01:41:01Z","message":"Config"}
{"level":"debug","ConnectionTestPayload":131072,"time":"2023-07-16T01:41:01Z","message":"Config"}
{"level":"debug","OutMessageBufsize":1024,"time":"2023-07-16T01:41:01Z","message":"Config"}
{"level":"debug","OutMessageBufsize":4,"time":"2023-07-16T01:41:01Z","message":"Config"}
{"level":"debug","ThroughputCap":131072000,"time":"2023-07-16T01:41:01Z","message":"Config"}
{"level":"debug","StragglerTolerance":1000,"time":"2023-07-16T01:41:01Z","message":"Config"}
{"level":"debug","BatchSizeIncrement":256,"time":"2023-07-16T01:41:01Z","message":"Config"}
{"level":"debug","Orderer":"Pbft","time":"2023-07-16T01:41:01Z","message":"Config"}
{"level":"debug","Manager":"Mir","time":"2023-07-16T01:41:01Z","message":"Config"}
{"level":"debug","Failures":0,"time":"2023-07-16T01:41:01Z","message":"Config"}
{"level":"debug","CrashTiming":"Straggler","time":"2023-07-16T01:41:01Z","message":"Config"}
{"level":"debug","CheckpointInterval":512,"time":"2023-07-16T01:41:01Z","message":"Config"}
{"level":"debug","WatermarkWindowSize":512,"time":"2023-07-16T01:41:01Z","message":"Config"}
{"level":"debug","EpochLength":512,"time":"2023-07-16T01:41:01Z","message":"Config"}
{"level":"debug","SegmentLength":32,"time":"2023-07-16T01:41:01Z","message":"Config"}
{"level":"debug","WaitForCheckpoints":true,"time":"2023-07-16T01:41:01Z","message":"Config"}
{"level":"debug","ClientWatermarkWindowSize":16384,"time":"2023-07-16T01:41:01Z","message":"Config"}
{"level":"debug","ClientRequestBacklogSize":16384,"time":"2023-07-16T01:41:01Z","message":"Config"}
{"level":"debug","RandomSeed":2344,"time":"2023-07-16T01:41:01Z","message":"Config"}
{"level":"debug","NodeToLeaderRatio":1,"time":"2023-07-16T01:41:01Z","message":"Config"}
{"level":"debug","LeaderPolicy":"Simple","time":"2023-07-16T01:41:01Z","message":"Config"}
{"level":"debug","DefaultLeaderBan":2,"time":"2023-07-16T01:41:01Z","message":"Config"}
{"level":"debug","NumBuckets":256,"time":"2023-07-16T01:41:01Z","message":"Config"}
{"level":"debug","BatchSize":2000,"time":"2023-07-16T01:41:01Z","message":"Config"}
{"level":"debug","DisabledViewChange":false,"time":"2023-07-16T01:41:01Z","message":"Config"}
{"level":"debug","ViewChangeTimeout":60000,"time":"2023-07-16T01:41:01Z","message":"Config"}
{"level":"debug","ClientTraceSampling":10,"time":"2023-07-16T01:41:01Z","message":"Config"}
{"level":"debug","EventBufferSize":2097152,"time":"2023-07-16T01:41:01Z","message":"Config"}
{"level":"debug","TraceSampling":1,"time":"2023-07-16T01:41:01Z","message":"Config"}
{"level":"debug","ClientsPerProcess":8,"time":"2023-07-16T01:41:01Z","message":"Config"}
{"level":"debug","RequestsPerClient":7031,"time":"2023-07-16T01:41:01Z","message":"Config"}
{"level":"debug","ClientRunTime":30000,"time":"2023-07-16T01:41:01Z","message":"Config"}
{"level":"debug","RequestRate":117,"time":"2023-07-16T01:41:01Z","message":"Config"}
{"level":"debug","HardRequestRateLimit":false,"time":"2023-07-16T01:41:01Z","message":"Config"}
{"level":"debug","RequestPayloadSize":500,"time":"2023-07-16T01:41:01Z","message":"Config"}
{"level":"debug","SignRequests":true,"time":"2023-07-16T01:41:01Z","message":"Config"}
{"level":"debug","ClientPrivKeyFile":"tls-data/client-ecdsa-256.key","time":"2023-07-16T01:41:01Z","message":"Config"}
{"level":"debug","ClientPubKeyFile":"tls-data/client-ecdsa-256.pem","time":"2023-07-16T01:41:01Z","message":"Config"}
{"level":"debug","PrecomputeRequests":false,"time":"2023-07-16T01:41:01Z","message":"Config"}
{"level":"debug","RequestHandlerThreads":32,"time":"2023-07-16T01:41:01Z","message":"Config"}
{"level":"debug","RequestInputChannelBuffer":8192,"time":"2023-07-16T01:41:01Z","message":"Config"}
{"level":"debug","BatchVerifier":"external","time":"2023-07-16T01:41:01Z","message":"Config"}
01:41:01.761 INF Started Profiler: CPU
01:41:01.761 INF Started Profiler: BLOCK
01:41:01.761 INF Started Profiler: MUTEX
01:41:01.761 INF Starting clients. numClients=8 numRequests=7031
01:41:01.761 INF Initilizing clients.
01:41:02.023 INF Registared with discovery server. numOrderers=17 ownClientId=42
01:41:02.058 INF Registared with discovery server. numOrderers=17 ownClientId=97
01:41:02.064 INF Registared with discovery server. numOrderers=17 ownClientId=181
01:41:02.073 INF Registared with discovery server. numOrderers=17 ownClientId=135
01:41:02.092 INF Registared with discovery server. numOrderers=17 ownClientId=211
01:41:02.092 INF Registared with discovery server. numOrderers=17 ownClientId=233
01:41:02.104 INF Registared with discovery server. numOrderers=17 ownClientId=212
01:41:02.111 INF Registared with discovery server. numOrderers=17 ownClientId=246
01:41:02.111 INF Clients initialized.
01:41:02.111 INF Launching clients.
01:41:02.111 INF Waiting for clients.
01:43:24.745 INF Stopping Tracer. events=2179 fileName=experiment-output/0000/slave-021/client-212.trc
01:43:24.749 INF Trace data written.
01:43:24.778 INF Stopping Tracer. events=1409 fileName=experiment-output/0000/slave-021/client-181.trc
01:43:24.781 INF Trace data written.
01:43:24.782 INF Stopping Tracer. events=1409 fileName=experiment-output/0000/slave-021/client-097.trc
01:43:24.785 INF Trace data written.
01:43:24.787 INF Stopping Tracer. events=1409 fileName=experiment-output/0000/slave-021/client-135.trc
01:43:24.787 INF Stopping Tracer. events=1412 fileName=experiment-output/0000/slave-021/client-233.trc
01:43:24.790 INF Trace data written.
01:43:24.790 INF Trace data written.
01:43:24.797 INF Stopping Tracer. events=2017 fileName=experiment-output/0000/slave-021/client-246.trc
01:43:24.800 INF Stopping Tracer. events=2068 fileName=experiment-output/0000/slave-021/client-042.trc
01:43:24.801 INF Trace data written.
01:43:24.804 INF Trace data written.
01:43:24.806 INF Stopping Tracer. events=1412 fileName=experiment-output/0000/slave-021/client-211.trc
01:43:24.809 INF Trace data written.
01:43:24.809 INF Done.
01:43:24.809 INF Stopping profiler.
zerolog: could not write event: write experiment-output/0000/slave-021/client-212.log: file already closed
zerolog: could not write event: write experiment-output/0000/slave-021/client-212.log: file already closed
zerolog: could not write event: write experiment-output/0000/slave-021/client-212.log: file already closed
zerolog: could not write event: write experiment-output/0000/slave-021/client-212.log: file already closed
zerolog: could not write event: write experiment-output/0000/slave-021/client-181.log: file already closed
zerolog: could not write event: write experiment-output/0000/slave-021/client-212.log: file already closed
zerolog: could not write event: write experiment-output/0000/slave-021/client-212.log: file already closed
zerolog: could not write event: write experiment-output/0000/slave-021/client-212.log: file already closed
zerolog: could not write event: write experiment-output/0000/slave-021/client-212.log: file already closed
zerolog: could not write event: write experiment-output/0000/slave-021/client-212.log: file already closed
zerolog: could not write event: write experiment-output/0000/slave-021/client-181.log: file already closed
zerolog: could not write event: write experiment-output/0000/slave-021/client-212.log: file already closed
zerolog: could not write event: write experiment-output/0000/slave-021/client-212.log: file already closed
zerolog: could not write event: write experiment-output/0000/slave-021/client-212.log: file already closed
zerolog: could not write event: write experiment-output/0000/slave-021/client-181.log: file already closed
zerolog: could not write event: write experiment-output/0000/slave-021/client-181.log: file already closed
zerolog: could not write event: write experiment-output/0000/slave-021/client-212.log: file already closed
zerolog: could not write event: write experiment-output/0000/slave-021/client-097.log: file already closed
zerolog: could not write event: write experiment-output/0000/slave-021/client-181.log: file already closed
zerolog: could not write event: write experiment-output/0000/slave-021/client-212.log: file already closed
zerolog: could not write event: write experiment-output/0000/slave-021/client-181.log: file already closed
zerolog: could not write event: write experiment-output/0000/slave-021/client-212.log: file already closed
zerolog: could not write event: write experiment-output/0000/slave-021/client-097.log: file already closed
zerolog: could not write event: write experiment-output/0000/slave-021/client-181.log: file already closed
zerolog: could not write event: write experiment-output/0000/slave-021/client-181.log: file already closed
zerolog: could not write event: write experiment-output/0000/slave-021/client-181.log: file already closed
zerolog: could not write event: write experiment-output/0000/slave-021/client-233.log: file already closed
zerolog: could not write event: write experiment-output/0000/slave-021/client-135.log: file already closed
zerolog: could not write event: write experiment-output/0000/slave-021/client-212.log: file already closed
zerolog: could not write event: write experiment-output/0000/slave-021/client-181.log: file already closed
zerolog: could not write event: write experiment-output/0000/slave-021/client-097.log: file already closed
zerolog: could not write event: write experiment-output/0000/slave-021/client-233.log: file already closed
zerolog: could not write event: write experiment-output/0000/slave-021/client-135.log: file already closed
zerolog: could not write event: write experiment-output/0000/slave-021/client-233.log: file already closed
zerolog: could not write event: write experiment-output/0000/slave-021/client-233.log: file already closed
zerolog: could not write event: write experiment-output/0000/slave-021/client-042.log: file already closed
zerolog: could not write event: write experiment-output/0000/slave-021/client-135.log: file already closed
zerolog: could not write event: write experiment-output/0000/slave-021/client-097.log: file already closed
zerolog: could not write event: write experiment-output/0000/slave-021/client-135.log: file already closed
zerolog: could not write event: write experiment-output/0000/slave-021/client-181.log: file already closed
zerolog: could not write event: write experiment-output/0000/slave-021/client-097.log: file already closed
zerolog: could not write event: write experiment-output/0000/slave-021/client-097.log: file already closed
zerolog: could not write event: write experiment-output/0000/slave-021/client-181.log: file already closed
zerolog: could not write event: write experiment-output/0000/slave-021/client-181.log: file already closed
zerolog: could not write event: write experiment-output/0000/slave-021/client-135.log: file already closed
zerolog: could not write event: write experiment-output/0000/slave-021/client-097.log: file already closed
zerolog: could not write event: write experiment-output/0000/slave-021/client-233.log: file already closed
zerolog: could not write event: write experiment-output/0000/slave-021/client-212.log: file already closed
zerolog: could not write event: write experiment-output/0000/slave-021/client-097.log: file already closed
zerolog: could not write event: write experiment-output/0000/slave-021/client-181.log: file already closed
zerolog: could not write event: write experiment-output/0000/slave-021/client-097.log: file already closed
zerolog: could not write event: write experiment-output/0000/slave-021/client-211.log: file already closed
zerolog: could not write event: write experiment-output/0000/slave-021/client-135.log: file already closed
zerolog: could not write event: write experiment-output/0000/slave-021/client-097.log: file already closed
zerolog: could not write event: write experiment-output/0000/slave-021/client-181.log: file already closed
zerolog: could not write event: write experiment-output/0000/slave-021/client-211.log: file already closed
zerolog: could not write event: write experiment-output/0000/slave-021/client-135.log: file already closed
zerolog: could not write event: write experiment-output/0000/slave-021/client-135.log: file already closed
zerolog: could not write event: write experiment-output/0000/slave-021/client-097.log: file already closed
zerolog: could not write event: write experiment-output/0000/slave-021/client-042.log: file already closed
zerolog: could not write event: write experiment-output/0000/slave-021/client-246.log: file already closed
zerolog: could not write event: write experiment-output/0000/slave-021/client-233.log: file already closed
zerolog: could not write event: write experiment-output/0000/slave-021/client-233.log: file already closed
zerolog: could not write event: write experiment-output/0000/slave-021/client-097.log: file already closed
zerolog: could not write event: write experiment-output/0000/slave-021/client-246.log: file already closed
zerolog: could not write event: write experiment-output/0000/slave-021/client-135.log: file already closed
zerolog: could not write event: write experiment-output/0000/slave-021/client-211.log: file already closed
zerolog: could not write event: write experiment-output/0000/slave-021/client-042.log: file already closed
zerolog: could not write event: write experiment-output/0000/slave-021/client-135.log: file already closed
zerolog: could not write event: write experiment-output/0000/slave-021/client-233.log: file already closed
zerolog: could not write event: write experiment-output/0000/slave-021/client-097.log: file already closed
zerolog: could not write event: write experiment-output/0000/slave-021/client-135.log: file already closed
zerolog: could not write event: write experiment-output/0000/slave-021/client-246.log: file already closed
zerolog: could not write event: write experiment-output/0000/slave-021/client-233.log: file already closed
zerolog: could not write event: write experiment-output/0000/slave-021/client-042.log: file already closed
zerolog: could not write event: write experiment-output/0000/slave-021/client-233.log: file already closed
zerolog: could not write event: write experiment-output/0000/slave-021/client-246.log: file already closed
zerolog: could not write event: write experiment-output/0000/slave-021/client-135.log: file already closed
zerolog: could not write event: write experiment-output/0000/slave-021/client-233.log: file already closed
zerolog: could not write event: write experiment-output/0000/slave-021/client-246.log: file already closed
zerolog: could not write event: write experiment-output/0000/slave-021/client-097.log: file already closed
zerolog: could not write event: write experiment-output/0000/slave-021/client-233.log: file already closed
zerolog: could not write event: write experiment-output/0000/slave-021/client-246.log: file already closed
zerolog: could not write event: write experiment-output/0000/slave-021/client-097.log: file already closed
zerolog: could not write event: write experiment-output/0000/slave-021/client-097.log: file already closed
zerolog: could not write event: write experiment-output/0000/slave-021/client-211.log: file already closed
zerolog: could not write event: write experiment-output/0000/slave-021/client-246.log: file already closed
zerolog: could not write event: write experiment-output/0000/slave-021/client-233.log: file already closed
zerolog: could not write event: write experiment-output/0000/slave-021/client-135.log: file already closed
zerolog: could not write event: write experiment-output/0000/slave-021/client-042.log: file already closed
zerolog: could not write event: write experiment-output/0000/slave-021/client-135.log: file already closed
zerolog: could not write event: write experiment-output/0000/slave-021/client-181.log: file already closed
zerolog: could not write event: write experiment-output/0000/slave-021/client-211.log: file already closed
zerolog: could not write event: write experiment-output/0000/slave-021/client-181.log: file already closed
zerolog: could not write event: write experiment-output/0000/slave-021/client-246.log: file already closed
zerolog: could not write event: write experiment-output/0000/slave-021/client-233.log: file already closed
zerolog: could not write event: write experiment-output/0000/slave-021/client-246.log: file already closed
zerolog: could not write event: write experiment-output/0000/slave-021/client-097.log: file already closed
zerolog: could not write event: write experiment-output/0000/slave-021/client-135.log: file already closed
zerolog: could not write event: write experiment-output/0000/slave-021/client-211.log: file already closed
zerolog: could not write event: write experiment-output/0000/slave-021/client-246.log: file already closed
zerolog: could not write event: write experiment-output/0000/slave-021/client-042.log: file already closed
zerolog: could not write event: write experiment-output/0000/slave-021/client-211.log: file already closed
zerolog: could not write event: write experiment-output/0000/slave-021/client-233.log: file already closed
zerolog: could not write event: write experiment-output/0000/slave-021/client-211.log: file already closed
zerolog: could not write event: write experiment-output/0000/slave-021/client-246.log: file already closed
zerolog: could not write event: write experiment-output/0000/slave-021/client-211.log: file already closed
zerolog: could not write event: write experiment-output/0000/slave-021/client-135.log: file already closed
zerolog: could not write event: write experiment-output/0000/slave-021/client-042.log: file already closed
zerolog: could not write event: write experiment-output/0000/slave-021/client-042.log: file already closed
zerolog: could not write event: write experiment-output/0000/slave-021/client-135.log: file already closed
zerolog: could not write event: write experiment-output/0000/slave-021/client-042.log: file already closed
zerolog: could not write event: write experiment-output/0000/slave-021/client-042.log: file already closed
zerolog: could not write event: write experiment-output/0000/slave-021/client-042.log: file already closed
zerolog: could not write event: write experiment-output/0000/slave-021/client-042.log: file already closed
zerolog: could not write event: write experiment-output/0000/slave-021/client-042.log: file already closed
zerolog: could not write event: write experiment-output/0000/slave-021/client-211.log: file already closed
zerolog: could not write event: write experiment-output/0000/slave-021/client-042.log: file already closed
zerolog: could not write event: write experiment-output/0000/slave-021/client-233.log: file already closed
zerolog: could not write event: write experiment-output/0000/slave-021/client-246.log: file already closed
zerolog: could not write event: write experiment-output/0000/slave-021/client-246.log: file already closed
zerolog: could not write event: write experiment-output/0000/slave-021/client-246.log: file already closed
zerolog: could not write event: write experiment-output/0000/slave-021/client-246.log: file already closed
zerolog: could not write event: write experiment-output/0000/slave-021/client-233.log: file already closed
zerolog: could not write event: write experiment-output/0000/slave-021/client-246.log: file already closed
zerolog: could not write event: write experiment-output/0000/slave-021/client-211.log: file already closed
zerolog: could not write event: write experiment-output/0000/slave-021/client-211.log: file already closed
zerolog: could not write event: write experiment-output/0000/slave-021/client-211.log: file already closed
zerolog: could not write event: write experiment-output/0000/slave-021/client-211.log: file already closed
zerolog: could not write event: write experiment-output/0000/slave-021/client-042.log: file already closed
zerolog: could not write event: write experiment-output/0000/slave-021/client-211.log: file already closed
zerolog: could not write event: write experiment-output/0000/slave-021/client-042.log: file already closed
zerolog: could not write event: write experiment-output/0000/slave-021/client-246.log: file already closed
zerolog: could not write event: write experiment-output/0000/slave-021/client-042.log: file already closed
zerolog: could not write event: write experiment-output/0000/slave-021/client-211.log: file already closed
zerolog: could not write event: write experiment-output/0000/slave-021/client-211.log: file already closed
01:43:24.950 INF Profile data written. filename=experiment-output/0000/slave-021/prof-client.cpu name=cpu
01:43:24.959 INF Profile data written. filename=experiment-output/0000/slave-021/prof-client.block name=block
01:43:24.964 INF Profile data written. filename=experiment-output/0000/slave-021/prof-client.mutex name=mutex
