{"level":"debug","Logging":"info","time":"2023-03-30T18:04:24Z","message":"Config"}
{"level":"debug","UseTLS":false,"time":"2023-03-30T18:04:24Z","message":"Config"}
{"level":"debug","CACertFile":"tls-data/ca.pem","time":"2023-03-30T18:04:24Z","message":"Config"}
{"level":"debug","KeyFile":"tls-data/auth.key","time":"2023-03-30T18:04:24Z","message":"Config"}
{"level":"debug","CertFile":"tls-data/auth.pem","time":"2023-03-30T18:04:24Z","message":"Config"}
{"level":"debug","PriorityConnections":2,"time":"2023-03-30T18:04:24Z","message":"Config"}
{"level":"debug","BasicConnections":1,"time":"2023-03-30T18:04:24Z","message":"Config"}
{"level":"debug","TestConnections":false,"time":"2023-03-30T18:04:24Z","message":"Config"}
{"level":"debug","ExcessConnections":1,"time":"2023-03-30T18:04:24Z","message":"Config"}
{"level":"debug","ConnectionTestMsgs":4,"time":"2023-03-30T18:04:24Z","message":"Config"}
{"level":"debug","ConnectionTestPayload":131072,"time":"2023-03-30T18:04:24Z","message":"Config"}
{"level":"debug","OutMessageBufsize":1024,"time":"2023-03-30T18:04:24Z","message":"Config"}
{"level":"debug","OutMessageBufsize":4,"time":"2023-03-30T18:04:24Z","message":"Config"}
{"level":"debug","ThroughputCap":131072000,"time":"2023-03-30T18:04:24Z","message":"Config"}
{"level":"debug","StragglerTolerance":1000,"time":"2023-03-30T18:04:24Z","message":"Config"}
{"level":"debug","BatchSizeIncrement":256,"time":"2023-03-30T18:04:24Z","message":"Config"}
{"level":"debug","Orderer":"Pbft","time":"2023-03-30T18:04:24Z","message":"Config"}
{"level":"debug","Manager":"Mir","time":"2023-03-30T18:04:24Z","message":"Config"}
{"level":"debug","Failures":0,"time":"2023-03-30T18:04:24Z","message":"Config"}
{"level":"debug","StragglerCnt":3,"time":"2023-03-30T18:04:24Z","message":"Config"}
{"level":"debug","PrivKeyCnt":10,"time":"2023-03-30T18:04:24Z","message":"Config"}
{"level":"debug","UseSig":false,"time":"2023-03-30T18:04:24Z","message":"Config"}
{"level":"debug","CrashTiming":"Straggler","time":"2023-03-30T18:04:24Z","message":"Config"}
{"level":"debug","CheckpointInterval":1024,"time":"2023-03-30T18:04:24Z","message":"Config"}
{"level":"debug","WatermarkWindowSize":1024,"time":"2023-03-30T18:04:24Z","message":"Config"}
{"level":"debug","EpochLength":1024,"time":"2023-03-30T18:04:24Z","message":"Config"}
{"level":"debug","SegmentLength":64,"time":"2023-03-30T18:04:24Z","message":"Config"}
{"level":"debug","WaitForCheckpoints":true,"time":"2023-03-30T18:04:24Z","message":"Config"}
{"level":"debug","ClientWatermarkWindowSize":24576,"time":"2023-03-30T18:04:24Z","message":"Config"}
{"level":"debug","ClientRequestBacklogSize":24576,"time":"2023-03-30T18:04:24Z","message":"Config"}
{"level":"debug","RandomSeed":21073,"time":"2023-03-30T18:04:24Z","message":"Config"}
{"level":"debug","NodeToLeaderRatio":1,"time":"2023-03-30T18:04:24Z","message":"Config"}
{"level":"debug","LeaderPolicy":"Simple","time":"2023-03-30T18:04:24Z","message":"Config"}
{"level":"debug","DefaultLeaderBan":2,"time":"2023-03-30T18:04:24Z","message":"Config"}
{"level":"debug","NumBuckets":256,"time":"2023-03-30T18:04:24Z","message":"Config"}
{"level":"debug","BatchSize":1000,"time":"2023-03-30T18:04:24Z","message":"Config"}
{"level":"debug","DisabledViewChange":false,"time":"2023-03-30T18:04:24Z","message":"Config"}
{"level":"debug","ViewChangeTimeout":60000,"time":"2023-03-30T18:04:24Z","message":"Config"}
{"level":"debug","ClientTraceSampling":10,"time":"2023-03-30T18:04:24Z","message":"Config"}
{"level":"debug","EventBufferSize":2097152,"time":"2023-03-30T18:04:24Z","message":"Config"}
{"level":"debug","TraceSampling":1,"time":"2023-03-30T18:04:24Z","message":"Config"}
{"level":"debug","ClientsPerProcess":8,"time":"2023-03-30T18:04:24Z","message":"Config"}
{"level":"debug","RequestsPerClient":5859,"time":"2023-03-30T18:04:24Z","message":"Config"}
{"level":"debug","ClientRunTime":15000,"time":"2023-03-30T18:04:24Z","message":"Config"}
{"level":"debug","RequestRate":195,"time":"2023-03-30T18:04:24Z","message":"Config"}
{"level":"debug","HardRequestRateLimit":false,"time":"2023-03-30T18:04:24Z","message":"Config"}
{"level":"debug","RequestPayloadSize":500,"time":"2023-03-30T18:04:24Z","message":"Config"}
{"level":"debug","SignRequests":true,"time":"2023-03-30T18:04:24Z","message":"Config"}
{"level":"debug","ClientPrivKeyFile":"tls-data/client-ecdsa-256.key","time":"2023-03-30T18:04:24Z","message":"Config"}
{"level":"debug","ClientPubKeyFile":"tls-data/client-ecdsa-256.pem","time":"2023-03-30T18:04:24Z","message":"Config"}
{"level":"debug","PrecomputeRequests":false,"time":"2023-03-30T18:04:24Z","message":"Config"}
{"level":"debug","RequestHandlerThreads":32,"time":"2023-03-30T18:04:24Z","message":"Config"}
{"level":"debug","RequestInputChannelBuffer":8192,"time":"2023-03-30T18:04:24Z","message":"Config"}
{"level":"debug","BatchVerifier":"external","time":"2023-03-30T18:04:24Z","message":"Config"}
18:04:24.963 INF Started Profiler: CPU
18:04:24.963 INF Started Profiler: BLOCK
18:04:24.963 INF Started Profiler: MUTEX
18:04:24.963 INF Starting clients. numClients=8 numRequests=5859
18:04:24.963 INF Initilizing clients.
18:04:25.243 INF Registared with discovery server. numOrderers=16 ownClientId=64
18:04:25.244 INF Registared with discovery server. numOrderers=16 ownClientId=67
18:04:25.244 INF Registared with discovery server. numOrderers=16 ownClientId=77
18:04:25.244 INF Registared with discovery server. numOrderers=16 ownClientId=87
18:04:25.245 INF Registared with discovery server. numOrderers=16 ownClientId=97
18:04:25.245 INF Registared with discovery server. numOrderers=16 ownClientId=101
18:04:25.245 INF Registared with discovery server. numOrderers=16 ownClientId=104
18:04:25.246 INF Registared with discovery server. numOrderers=16 ownClientId=114
18:04:25.246 INF Clients initialized.
18:04:25.246 INF Launching clients.
18:04:25.246 INF Waiting for clients.
18:06:06.719 INF Stopping Tracer. events=1173 fileName=experiment-output/0001/slave-019/client-077.trc
18:06:06.719 INF Stopping Tracer. events=1173 fileName=experiment-output/0001/slave-019/client-097.trc
zerolog: could not write event: write experiment-output/0001/slave-019/client-077.log: file already closed
zerolog: could not write event: write experiment-output/0001/slave-019/client-077.log: file already closed
zerolog: could not write event: write experiment-output/0001/slave-019/client-077.log: file already closed
zerolog: could not write event: write experiment-output/0001/slave-019/client-097.log: file already closed
zerolog: could not write event: write experiment-output/0001/slave-019/client-097.log: file already closed
zerolog: could not write event: write experiment-output/0001/slave-019/client-097.log: file already closed
zerolog: could not write event: write experiment-output/0001/slave-019/client-077.log: file already closed
zerolog: could not write event: write experiment-output/0001/slave-019/client-097.log: file already closed
18:06:06.722 INF Trace data written.
18:06:06.722 INF Trace data written.
18:06:06.728 INF Stopping Tracer. events=1762 fileName=experiment-output/0001/slave-019/client-104.trc
18:06:06.728 INF Stopping Tracer. events=1173 fileName=experiment-output/0001/slave-019/client-067.trc
zerolog: could not write event: write experiment-output/0001/slave-019/client-104.log: file already closed
zerolog: could not write event: write experiment-output/0001/slave-019/client-067.log: file already closed
zerolog: could not write event: write experiment-output/0001/slave-019/client-104.log: file already closed
zerolog: could not write event: write experiment-output/0001/slave-019/client-104.log: file already closed
zerolog: could not write event: write experiment-output/0001/slave-019/client-104.log: file already closed
zerolog: could not write event: write experiment-output/0001/slave-019/client-067.log: file already closed
zerolog: could not write event: write experiment-output/0001/slave-019/client-067.log: file already closed
zerolog: could not write event: write experiment-output/0001/slave-019/client-067.log: file already closed
18:06:06.731 INF Trace data written.
18:06:06.732 INF Trace data written.
18:06:06.735 INF Stopping Tracer. events=1760 fileName=experiment-output/0001/slave-019/client-064.trc
18:06:06.736 INF Stopping Tracer. events=1754 fileName=experiment-output/0001/slave-019/client-114.trc
zerolog: could not write event: write experiment-output/0001/slave-019/client-064.log: file already closed
zerolog: could not write event: write experiment-output/0001/slave-019/client-064.log: file already closed
zerolog: could not write event: write experiment-output/0001/slave-019/client-064.log: file already closed
zerolog: could not write event: write experiment-output/0001/slave-019/client-064.log: file already closed
zerolog: could not write event: write experiment-output/0001/slave-019/client-114.log: file already closed
zerolog: could not write event: write experiment-output/0001/slave-019/client-114.log: file already closed
zerolog: could not write event: write experiment-output/0001/slave-019/client-114.log: file already closed
zerolog: could not write event: write experiment-output/0001/slave-019/client-114.log: file already closed
18:06:06.737 INF Stopping Tracer. events=1173 fileName=experiment-output/0001/slave-019/client-087.trc
18:06:06.737 INF Stopping Tracer. events=1173 fileName=experiment-output/0001/slave-019/client-101.trc
zerolog: could not write event: write experiment-output/0001/slave-019/client-087.log: file already closed
zerolog: could not write event: write experiment-output/0001/slave-019/client-087.log: file already closed
zerolog: could not write event: write experiment-output/0001/slave-019/client-101.log: file already closed
zerolog: could not write event: write experiment-output/0001/slave-019/client-087.log: file already closed
zerolog: could not write event: write experiment-output/0001/slave-019/client-101.log: file already closed
zerolog: could not write event: write experiment-output/0001/slave-019/client-101.log: file already closed
zerolog: could not write event: write experiment-output/0001/slave-019/client-087.log: file already closed
zerolog: could not write event: write experiment-output/0001/slave-019/client-101.log: file already closed
18:06:06.739 INF Trace data written.
18:06:06.739 INF Trace data written.
18:06:06.740 INF Trace data written.
18:06:06.740 INF Trace data written.
18:06:06.740 INF Done.
18:06:06.740 INF Stopping profiler.
18:06:06.757 INF Profile data written. filename=experiment-output/0001/slave-019/prof-client.mutex name=mutex
zerolog: could not write event: write experiment-output/0001/slave-019/client-097.log: file already closed
zerolog: could not write event: write experiment-output/0001/slave-019/client-097.log: file already closed
zerolog: could not write event: write experiment-output/0001/slave-019/client-077.log: file already closed
zerolog: could not write event: write experiment-output/0001/slave-019/client-077.log: file already closed
zerolog: could not write event: write experiment-output/0001/slave-019/client-077.log: file already closed
zerolog: could not write event: write experiment-output/0001/slave-019/client-077.log: file already closed
zerolog: could not write event: write experiment-output/0001/slave-019/client-097.log: file already closed
zerolog: could not write event: write experiment-output/0001/slave-019/client-097.log: file already closed
zerolog: could not write event: write experiment-output/0001/slave-019/client-067.log: file already closed
zerolog: could not write event: write experiment-output/0001/slave-019/client-067.log: file already closed
zerolog: could not write event: write experiment-output/0001/slave-019/client-104.log: file already closed
zerolog: could not write event: write experiment-output/0001/slave-019/client-067.log: file already closed
zerolog: could not write event: write experiment-output/0001/slave-019/client-104.log: file already closed
zerolog: could not write event: write experiment-output/0001/slave-019/client-067.log: file already closed
zerolog: could not write event: write experiment-output/0001/slave-019/client-104.log: file already closed
zerolog: could not write event: write experiment-output/0001/slave-019/client-104.log: file already closed
zerolog: could not write event: write experiment-output/0001/slave-019/client-064.log: file already closed
zerolog: could not write event: write experiment-output/0001/slave-019/client-064.log: file already closed
zerolog: could not write event: write experiment-output/0001/slave-019/client-064.log: file already closed
zerolog: could not write event: write experiment-output/0001/slave-019/client-114.log: file already closed
zerolog: could not write event: write experiment-output/0001/slave-019/client-114.log: file already closed
zerolog: could not write event: write experiment-output/0001/slave-019/client-114.log: file already closed
zerolog: could not write event: write experiment-output/0001/slave-019/client-064.log: file already closed
zerolog: could not write event: write experiment-output/0001/slave-019/client-114.log: file already closed
zerolog: could not write event: write experiment-output/0001/slave-019/client-101.log: file already closed
zerolog: could not write event: write experiment-output/0001/slave-019/client-101.log: file already closed
zerolog: could not write event: write experiment-output/0001/slave-019/client-101.log: file already closed
zerolog: could not write event: write experiment-output/0001/slave-019/client-087.log: file already closed
zerolog: could not write event: write experiment-output/0001/slave-019/client-087.log: file already closed
zerolog: could not write event: write experiment-output/0001/slave-019/client-087.log: file already closed
zerolog: could not write event: write experiment-output/0001/slave-019/client-101.log: file already closed
zerolog: could not write event: write experiment-output/0001/slave-019/client-087.log: file already closed
18:06:06.925 INF Profile data written. filename=experiment-output/0001/slave-019/prof-client.cpu name=cpu
zerolog: could not write event: write experiment-output/0001/slave-019/client-097.log: file already closed
zerolog: could not write event: write experiment-output/0001/slave-019/client-077.log: file already closed
zerolog: could not write event: write experiment-output/0001/slave-019/client-097.log: file already closed
zerolog: could not write event: write experiment-output/0001/slave-019/client-077.log: file already closed
zerolog: could not write event: write experiment-output/0001/slave-019/client-077.log: file already closed
zerolog: could not write event: write experiment-output/0001/slave-019/client-097.log: file already closed
zerolog: could not write event: write experiment-output/0001/slave-019/client-077.log: file already closed
zerolog: could not write event: write experiment-output/0001/slave-019/client-097.log: file already closed
18:06:06.937 INF Profile data written. filename=experiment-output/0001/slave-019/prof-client.block name=block
