{"level":"debug","Logging":"info","time":"2023-07-15T15:25:32Z","message":"Config"}
{"level":"debug","UseTLS":false,"time":"2023-07-15T15:25:32Z","message":"Config"}
{"level":"debug","CACertFile":"tls-data/ca.pem","time":"2023-07-15T15:25:32Z","message":"Config"}
{"level":"debug","KeyFile":"tls-data/auth.key","time":"2023-07-15T15:25:32Z","message":"Config"}
{"level":"debug","CertFile":"tls-data/auth.pem","time":"2023-07-15T15:25:32Z","message":"Config"}
{"level":"debug","PriorityConnections":2,"time":"2023-07-15T15:25:32Z","message":"Config"}
{"level":"debug","BasicConnections":1,"time":"2023-07-15T15:25:32Z","message":"Config"}
{"level":"debug","TestConnections":false,"time":"2023-07-15T15:25:32Z","message":"Config"}
{"level":"debug","ExcessConnections":1,"time":"2023-07-15T15:25:32Z","message":"Config"}
{"level":"debug","ConnectionTestMsgs":4,"time":"2023-07-15T15:25:32Z","message":"Config"}
{"level":"debug","ConnectionTestPayload":131072,"time":"2023-07-15T15:25:32Z","message":"Config"}
{"level":"debug","OutMessageBufsize":1024,"time":"2023-07-15T15:25:32Z","message":"Config"}
{"level":"debug","OutMessageBufsize":4,"time":"2023-07-15T15:25:32Z","message":"Config"}
{"level":"debug","ThroughputCap":131072000,"time":"2023-07-15T15:25:32Z","message":"Config"}
{"level":"debug","StragglerTolerance":1000,"time":"2023-07-15T15:25:32Z","message":"Config"}
{"level":"debug","BatchSizeIncrement":256,"time":"2023-07-15T15:25:32Z","message":"Config"}
{"level":"debug","Orderer":"HotStuff","time":"2023-07-15T15:25:32Z","message":"Config"}
{"level":"debug","Manager":"Mir","time":"2023-07-15T15:25:32Z","message":"Config"}
{"level":"debug","Failures":0,"time":"2023-07-15T15:25:32Z","message":"Config"}
{"level":"debug","StragglerCnt":5,"time":"2023-07-15T15:25:32Z","message":"Config"}
{"level":"debug","CrashTiming":"Straggler","time":"2023-07-15T15:25:32Z","message":"Config"}
{"level":"debug","CheckpointInterval":512,"time":"2023-07-15T15:25:32Z","message":"Config"}
{"level":"debug","WatermarkWindowSize":512,"time":"2023-07-15T15:25:32Z","message":"Config"}
{"level":"debug","EpochLength":512,"time":"2023-07-15T15:25:32Z","message":"Config"}
{"level":"debug","SegmentLength":32,"time":"2023-07-15T15:25:32Z","message":"Config"}
{"level":"debug","WaitForCheckpoints":true,"time":"2023-07-15T15:25:32Z","message":"Config"}
{"level":"debug","ClientWatermarkWindowSize":16384,"time":"2023-07-15T15:25:32Z","message":"Config"}
{"level":"debug","ClientRequestBacklogSize":16384,"time":"2023-07-15T15:25:32Z","message":"Config"}
{"level":"debug","RandomSeed":791,"time":"2023-07-15T15:25:32Z","message":"Config"}
{"level":"debug","NodeToLeaderRatio":1,"time":"2023-07-15T15:25:32Z","message":"Config"}
{"level":"debug","LeaderPolicy":"Simple","time":"2023-07-15T15:25:32Z","message":"Config"}
{"level":"debug","DefaultLeaderBan":2,"time":"2023-07-15T15:25:32Z","message":"Config"}
{"level":"debug","NumBuckets":256,"time":"2023-07-15T15:25:32Z","message":"Config"}
{"level":"debug","BatchSize":2000,"time":"2023-07-15T15:25:32Z","message":"Config"}
{"level":"debug","DisabledViewChange":false,"time":"2023-07-15T15:25:32Z","message":"Config"}
{"level":"debug","ViewChangeTimeout":60000,"time":"2023-07-15T15:25:32Z","message":"Config"}
{"level":"debug","ClientTraceSampling":10,"time":"2023-07-15T15:25:32Z","message":"Config"}
{"level":"debug","EventBufferSize":2097152,"time":"2023-07-15T15:25:32Z","message":"Config"}
{"level":"debug","TraceSampling":1,"time":"2023-07-15T15:25:32Z","message":"Config"}
{"level":"debug","ClientsPerProcess":8,"time":"2023-07-15T15:25:32Z","message":"Config"}
{"level":"debug","RequestsPerClient":4101,"time":"2023-07-15T15:25:32Z","message":"Config"}
{"level":"debug","ClientRunTime":15000,"time":"2023-07-15T15:25:32Z","message":"Config"}
{"level":"debug","RequestRate":136,"time":"2023-07-15T15:25:32Z","message":"Config"}
{"level":"debug","HardRequestRateLimit":false,"time":"2023-07-15T15:25:32Z","message":"Config"}
{"level":"debug","RequestPayloadSize":500,"time":"2023-07-15T15:25:32Z","message":"Config"}
{"level":"debug","SignRequests":true,"time":"2023-07-15T15:25:32Z","message":"Config"}
{"level":"debug","ClientPrivKeyFile":"tls-data/client-ecdsa-256.key","time":"2023-07-15T15:25:32Z","message":"Config"}
{"level":"debug","ClientPubKeyFile":"tls-data/client-ecdsa-256.pem","time":"2023-07-15T15:25:32Z","message":"Config"}
{"level":"debug","PrecomputeRequests":false,"time":"2023-07-15T15:25:32Z","message":"Config"}
{"level":"debug","RequestHandlerThreads":32,"time":"2023-07-15T15:25:32Z","message":"Config"}
{"level":"debug","RequestInputChannelBuffer":8192,"time":"2023-07-15T15:25:32Z","message":"Config"}
{"level":"debug","BatchVerifier":"external","time":"2023-07-15T15:25:32Z","message":"Config"}
15:25:32.910 INF Started Profiler: CPU
15:25:32.910 INF Started Profiler: BLOCK
15:25:32.910 INF Started Profiler: MUTEX
15:25:32.910 INF Starting clients. numClients=8 numRequests=4101
15:25:32.910 INF Initilizing clients.
15:25:33.166 INF Registared with discovery server. numOrderers=16 ownClientId=53
15:25:33.169 INF Registared with discovery server. numOrderers=16 ownClientId=70
15:25:33.195 INF Registared with discovery server. numOrderers=16 ownClientId=121
15:25:33.206 INF Registared with discovery server. numOrderers=16 ownClientId=125
15:25:33.213 INF Registared with discovery server. numOrderers=16 ownClientId=187
15:25:33.214 INF Registared with discovery server. numOrderers=16 ownClientId=155
15:25:33.253 INF Registared with discovery server. numOrderers=16 ownClientId=237
15:25:33.258 INF Registared with discovery server. numOrderers=16 ownClientId=247
15:25:33.258 INF Clients initialized.
15:25:33.259 INF Launching clients.
15:25:33.259 INF Waiting for clients.
15:27:25.899 INF Stopping Tracer. events=1127 fileName=experiment-output/0001/slave-030/client-053.trc
15:27:25.901 INF Trace data written.
15:27:25.913 INF Stopping Tracer. events=1204 fileName=experiment-output/0001/slave-030/client-121.trc
15:27:25.913 INF Stopping Tracer. events=1259 fileName=experiment-output/0001/slave-030/client-247.trc
15:27:25.915 INF Trace data written.
15:27:25.916 INF Trace data written.
15:27:25.919 INF Stopping Tracer. events=823 fileName=experiment-output/0001/slave-030/client-070.trc
15:27:25.919 INF Stopping Tracer. events=1255 fileName=experiment-output/0001/slave-030/client-187.trc
15:27:25.920 INF Trace data written.
15:27:25.921 INF Trace data written.
15:27:25.928 INF Stopping Tracer. events=1250 fileName=experiment-output/0001/slave-030/client-155.trc
15:27:25.930 INF Trace data written.
15:27:25.945 INF Stopping Tracer. events=1236 fileName=experiment-output/0001/slave-030/client-237.trc
15:27:25.947 INF Trace data written.
15:27:25.950 INF Stopping Tracer. events=1201 fileName=experiment-output/0001/slave-030/client-125.trc
15:27:25.952 INF Trace data written.
15:27:25.952 INF Done.
15:27:25.952 INF Stopping profiler.
zerolog: could not write event: write experiment-output/0001/slave-030/client-053.log: file already closed
zerolog: could not write event: write experiment-output/0001/slave-030/client-053.log: file already closed
zerolog: could not write event: write experiment-output/0001/slave-030/client-053.log: file already closed
zerolog: could not write event: write experiment-output/0001/slave-030/client-053.log: file already closed
zerolog: could not write event: write experiment-output/0001/slave-030/client-121.log: file already closed
zerolog: could not write event: write experiment-output/0001/slave-030/client-155.log: file already closed
zerolog: could not write event: write experiment-output/0001/slave-030/client-070.log: file already closed
zerolog: could not write event: write experiment-output/0001/slave-030/client-053.log: file already closed
zerolog: could not write event: write experiment-output/0001/slave-030/client-247.log: file already closed
zerolog: could not write event: write experiment-output/0001/slave-030/client-053.log: file already closed
zerolog: could not write event: write experiment-output/0001/slave-030/client-070.log: file already closed
zerolog: could not write event: write experiment-output/0001/slave-030/client-121.log: file already closed
zerolog: could not write event: write experiment-output/0001/slave-030/client-121.log: file already closed
zerolog: could not write event: write experiment-output/0001/slave-030/client-247.log: file already closed
zerolog: could not write event: write experiment-output/0001/slave-030/client-053.log: file already closed
zerolog: could not write event: write experiment-output/0001/slave-030/client-053.log: file already closed
zerolog: could not write event: write experiment-output/0001/slave-030/client-247.log: file already closed
zerolog: could not write event: write experiment-output/0001/slave-030/client-247.log: file already closed
zerolog: could not write event: write experiment-output/0001/slave-030/client-187.log: file already closed
zerolog: could not write event: write experiment-output/0001/slave-030/client-247.log: file already closed
zerolog: could not write event: write experiment-output/0001/slave-030/client-121.log: file already closed
zerolog: could not write event: write experiment-output/0001/slave-030/client-121.log: file already closed
zerolog: could not write event: write experiment-output/0001/slave-030/client-053.log: file already closed
zerolog: could not write event: write experiment-output/0001/slave-030/client-121.log: file already closed
zerolog: could not write event: write experiment-output/0001/slave-030/client-155.log: file already closed
zerolog: could not write event: write experiment-output/0001/slave-030/client-070.log: file already closed
zerolog: could not write event: write experiment-output/0001/slave-030/client-053.log: file already closed
zerolog: could not write event: write experiment-output/0001/slave-030/client-247.log: file already closed
zerolog: could not write event: write experiment-output/0001/slave-030/client-053.log: file already closed
zerolog: could not write event: write experiment-output/0001/slave-030/client-070.log: file already closed
zerolog: could not write event: write experiment-output/0001/slave-030/client-187.log: file already closed
zerolog: could not write event: write experiment-output/0001/slave-030/client-053.log: file already closed
zerolog: could not write event: write experiment-output/0001/slave-030/client-121.log: file already closed
zerolog: could not write event: write experiment-output/0001/slave-030/client-155.log: file already closed
zerolog: could not write event: write experiment-output/0001/slave-030/client-053.log: file already closed
zerolog: could not write event: write experiment-output/0001/slave-030/client-053.log: file already closed
zerolog: could not write event: write experiment-output/0001/slave-030/client-187.log: file already closed
zerolog: could not write event: write experiment-output/0001/slave-030/client-155.log: file already closed
zerolog: could not write event: write experiment-output/0001/slave-030/client-121.log: file already closed
zerolog: could not write event: write experiment-output/0001/slave-030/client-247.log: file already closed
zerolog: could not write event: write experiment-output/0001/slave-030/client-247.log: file already closed
zerolog: could not write event: write experiment-output/0001/slave-030/client-070.log: file already closed
zerolog: could not write event: write experiment-output/0001/slave-030/client-187.log: file already closed
zerolog: could not write event: write experiment-output/0001/slave-030/client-121.log: file already closed
zerolog: could not write event: write experiment-output/0001/slave-030/client-187.log: file already closed
zerolog: could not write event: write experiment-output/0001/slave-030/client-187.log: file already closed
zerolog: could not write event: write experiment-output/0001/slave-030/client-187.log: file already closed
zerolog: could not write event: write experiment-output/0001/slave-030/client-247.log: file already closed
zerolog: could not write event: write experiment-output/0001/slave-030/client-187.log: file already closed
zerolog: could not write event: write experiment-output/0001/slave-030/client-187.log: file already closed
zerolog: could not write event: write experiment-output/0001/slave-030/client-070.log: file already closed
zerolog: could not write event: write experiment-output/0001/slave-030/client-070.log: file already closed
zerolog: could not write event: write experiment-output/0001/slave-030/client-155.log: file already closed
zerolog: could not write event: write experiment-output/0001/slave-030/client-155.log: file already closed
zerolog: could not write event: write experiment-output/0001/slave-030/client-070.log: file already closed
zerolog: could not write event: write experiment-output/0001/slave-030/client-121.log: file already closed
zerolog: could not write event: write experiment-output/0001/slave-030/client-121.log: file already closed
zerolog: could not write event: write experiment-output/0001/slave-030/client-187.log: file already closed
zerolog: could not write event: write experiment-output/0001/slave-030/client-053.log: file already closed
zerolog: could not write event: write experiment-output/0001/slave-030/client-247.log: file already closed
zerolog: could not write event: write experiment-output/0001/slave-030/client-121.log: file already closed
zerolog: could not write event: write experiment-output/0001/slave-030/client-053.log: file already closed
zerolog: could not write event: write experiment-output/0001/slave-030/client-070.log: file already closed
zerolog: could not write event: write experiment-output/0001/slave-030/client-070.log: file already closed
zerolog: could not write event: write experiment-output/0001/slave-030/client-247.log: file already closed
zerolog: could not write event: write experiment-output/0001/slave-030/client-187.log: file already closed
zerolog: could not write event: write experiment-output/0001/slave-030/client-155.log: file already closed
zerolog: could not write event: write experiment-output/0001/slave-030/client-187.log: file already closed
zerolog: could not write event: write experiment-output/0001/slave-030/client-070.log: file already closed
zerolog: could not write event: write experiment-output/0001/slave-030/client-070.log: file already closed
zerolog: could not write event: write experiment-output/0001/slave-030/client-237.log: file already closed
zerolog: could not write event: write experiment-output/0001/slave-030/client-155.log: file already closed
zerolog: could not write event: write experiment-output/0001/slave-030/client-121.log: file already closed
zerolog: could not write event: write experiment-output/0001/slave-030/client-187.log: file already closed
zerolog: could not write event: write experiment-output/0001/slave-030/client-121.log: file already closed
zerolog: could not write event: write experiment-output/0001/slave-030/client-070.log: file already closed
zerolog: could not write event: write experiment-output/0001/slave-030/client-070.log: file already closed
zerolog: could not write event: write experiment-output/0001/slave-030/client-070.log: file already closed
zerolog: could not write event: write experiment-output/0001/slave-030/client-237.log: file already closed
zerolog: could not write event: write experiment-output/0001/slave-030/client-121.log: file already closed
zerolog: could not write event: write experiment-output/0001/slave-030/client-247.log: file already closed
zerolog: could not write event: write experiment-output/0001/slave-030/client-247.log: file already closed
zerolog: could not write event: write experiment-output/0001/slave-030/client-187.log: file already closed
zerolog: could not write event: write experiment-output/0001/slave-030/client-247.log: file already closed
zerolog: could not write event: write experiment-output/0001/slave-030/client-247.log: file already closed
zerolog: could not write event: write experiment-output/0001/slave-030/client-121.log: file already closed
zerolog: could not write event: write experiment-output/0001/slave-030/client-125.log: file already closed
zerolog: could not write event: write experiment-output/0001/slave-030/client-247.log: file already closed
zerolog: could not write event: write experiment-output/0001/slave-030/client-155.log: file already closed
zerolog: could not write event: write experiment-output/0001/slave-030/client-187.log: file already closed
zerolog: could not write event: write experiment-output/0001/slave-030/client-125.log: file already closed
zerolog: could not write event: write experiment-output/0001/slave-030/client-237.log: file already closed
zerolog: could not write event: write experiment-output/0001/slave-030/client-237.log: file already closed
zerolog: could not write event: write experiment-output/0001/slave-030/client-237.log: file already closed
zerolog: could not write event: write experiment-output/0001/slave-030/client-125.log: file already closed
zerolog: could not write event: write experiment-output/0001/slave-030/client-070.log: file already closed
zerolog: could not write event: write experiment-output/0001/slave-030/client-155.log: file already closed
zerolog: could not write event: write experiment-output/0001/slave-030/client-155.log: file already closed
zerolog: could not write event: write experiment-output/0001/slave-030/client-237.log: file already closed
zerolog: could not write event: write experiment-output/0001/slave-030/client-155.log: file already closed
zerolog: could not write event: write experiment-output/0001/slave-030/client-237.log: file already closed
zerolog: could not write event: write experiment-output/0001/slave-030/client-155.log: file already closed
zerolog: could not write event: write experiment-output/0001/slave-030/client-237.log: file already closed
zerolog: could not write event: write experiment-output/0001/slave-030/client-125.log: file already closed
zerolog: could not write event: write experiment-output/0001/slave-030/client-237.log: file already closed
zerolog: could not write event: write experiment-output/0001/slave-030/client-155.log: file already closed
zerolog: could not write event: write experiment-output/0001/slave-030/client-125.log: file already closed
zerolog: could not write event: write experiment-output/0001/slave-030/client-237.log: file already closed
zerolog: could not write event: write experiment-output/0001/slave-030/client-187.log: file already closed
zerolog: could not write event: write experiment-output/0001/slave-030/client-125.log: file already closed
zerolog: could not write event: write experiment-output/0001/slave-030/client-237.log: file already closed
zerolog: could not write event: write experiment-output/0001/slave-030/client-125.log: file already closed
zerolog: could not write event: write experiment-output/0001/slave-030/client-237.log: file already closed
zerolog: could not write event: write experiment-output/0001/slave-030/client-237.log: file already closed
zerolog: could not write event: write experiment-output/0001/slave-030/client-237.log: file already closed
zerolog: could not write event: write experiment-output/0001/slave-030/client-125.log: file already closed
zerolog: could not write event: write experiment-output/0001/slave-030/client-125.log: file already closed
zerolog: could not write event: write experiment-output/0001/slave-030/client-155.log: file already closed
zerolog: could not write event: write experiment-output/0001/slave-030/client-155.log: file already closed
zerolog: could not write event: write experiment-output/0001/slave-030/client-125.log: file already closed
zerolog: could not write event: write experiment-output/0001/slave-030/client-237.log: file already closed
zerolog: could not write event: write experiment-output/0001/slave-030/client-125.log: file already closed
zerolog: could not write event: write experiment-output/0001/slave-030/client-237.log: file already closed
zerolog: could not write event: write experiment-output/0001/slave-030/client-125.log: file already closed
zerolog: could not write event: write experiment-output/0001/slave-030/client-125.log: file already closed
zerolog: could not write event: write experiment-output/0001/slave-030/client-125.log: file already closed
zerolog: could not write event: write experiment-output/0001/slave-030/client-125.log: file already closed
zerolog: could not write event: write experiment-output/0001/slave-030/client-125.log: file already closed
15:27:26.105 INF Profile data written. filename=experiment-output/0001/slave-030/prof-client.cpu name=cpu
15:27:26.123 INF Profile data written. filename=experiment-output/0001/slave-030/prof-client.block name=block
15:27:26.127 INF Profile data written. filename=experiment-output/0001/slave-030/prof-client.mutex name=mutex
