{"level":"debug","Logging":"info","time":"2023-03-30T18:40:29Z","message":"Config"}
{"level":"debug","UseTLS":false,"time":"2023-03-30T18:40:29Z","message":"Config"}
{"level":"debug","CACertFile":"tls-data/ca.pem","time":"2023-03-30T18:40:29Z","message":"Config"}
{"level":"debug","KeyFile":"tls-data/auth.key","time":"2023-03-30T18:40:29Z","message":"Config"}
{"level":"debug","CertFile":"tls-data/auth.pem","time":"2023-03-30T18:40:29Z","message":"Config"}
{"level":"debug","PriorityConnections":2,"time":"2023-03-30T18:40:29Z","message":"Config"}
{"level":"debug","BasicConnections":1,"time":"2023-03-30T18:40:29Z","message":"Config"}
{"level":"debug","TestConnections":false,"time":"2023-03-30T18:40:29Z","message":"Config"}
{"level":"debug","ExcessConnections":1,"time":"2023-03-30T18:40:29Z","message":"Config"}
{"level":"debug","ConnectionTestMsgs":4,"time":"2023-03-30T18:40:29Z","message":"Config"}
{"level":"debug","ConnectionTestPayload":131072,"time":"2023-03-30T18:40:29Z","message":"Config"}
{"level":"debug","OutMessageBufsize":1024,"time":"2023-03-30T18:40:29Z","message":"Config"}
{"level":"debug","OutMessageBufsize":4,"time":"2023-03-30T18:40:29Z","message":"Config"}
{"level":"debug","ThroughputCap":131072000,"time":"2023-03-30T18:40:29Z","message":"Config"}
{"level":"debug","StragglerTolerance":1000,"time":"2023-03-30T18:40:29Z","message":"Config"}
{"level":"debug","BatchSizeIncrement":256,"time":"2023-03-30T18:40:29Z","message":"Config"}
{"level":"debug","Orderer":"Pbft","time":"2023-03-30T18:40:29Z","message":"Config"}
{"level":"debug","Manager":"Mir","time":"2023-03-30T18:40:29Z","message":"Config"}
{"level":"debug","Failures":0,"time":"2023-03-30T18:40:29Z","message":"Config"}
{"level":"debug","StragglerCnt":4,"time":"2023-03-30T18:40:29Z","message":"Config"}
{"level":"debug","PrivKeyCnt":10,"time":"2023-03-30T18:40:29Z","message":"Config"}
{"level":"debug","UseSig":false,"time":"2023-03-30T18:40:29Z","message":"Config"}
{"level":"debug","CrashTiming":"Straggler","time":"2023-03-30T18:40:29Z","message":"Config"}
{"level":"debug","CheckpointInterval":1024,"time":"2023-03-30T18:40:29Z","message":"Config"}
{"level":"debug","WatermarkWindowSize":1024,"time":"2023-03-30T18:40:29Z","message":"Config"}
{"level":"debug","EpochLength":1024,"time":"2023-03-30T18:40:29Z","message":"Config"}
{"level":"debug","SegmentLength":64,"time":"2023-03-30T18:40:29Z","message":"Config"}
{"level":"debug","WaitForCheckpoints":true,"time":"2023-03-30T18:40:29Z","message":"Config"}
{"level":"debug","ClientWatermarkWindowSize":24576,"time":"2023-03-30T18:40:29Z","message":"Config"}
{"level":"debug","ClientRequestBacklogSize":24576,"time":"2023-03-30T18:40:29Z","message":"Config"}
{"level":"debug","RandomSeed":15175,"time":"2023-03-30T18:40:29Z","message":"Config"}
{"level":"debug","NodeToLeaderRatio":1,"time":"2023-03-30T18:40:29Z","message":"Config"}
{"level":"debug","LeaderPolicy":"Simple","time":"2023-03-30T18:40:29Z","message":"Config"}
{"level":"debug","DefaultLeaderBan":2,"time":"2023-03-30T18:40:29Z","message":"Config"}
{"level":"debug","NumBuckets":256,"time":"2023-03-30T18:40:29Z","message":"Config"}
{"level":"debug","BatchSize":1000,"time":"2023-03-30T18:40:29Z","message":"Config"}
{"level":"debug","DisabledViewChange":false,"time":"2023-03-30T18:40:29Z","message":"Config"}
{"level":"debug","ViewChangeTimeout":60000,"time":"2023-03-30T18:40:29Z","message":"Config"}
{"level":"debug","ClientTraceSampling":10,"time":"2023-03-30T18:40:29Z","message":"Config"}
{"level":"debug","EventBufferSize":2097152,"time":"2023-03-30T18:40:29Z","message":"Config"}
{"level":"debug","TraceSampling":1,"time":"2023-03-30T18:40:29Z","message":"Config"}
{"level":"debug","ClientsPerProcess":8,"time":"2023-03-30T18:40:29Z","message":"Config"}
{"level":"debug","RequestsPerClient":5859,"time":"2023-03-30T18:40:29Z","message":"Config"}
{"level":"debug","ClientRunTime":15000,"time":"2023-03-30T18:40:29Z","message":"Config"}
{"level":"debug","RequestRate":195,"time":"2023-03-30T18:40:29Z","message":"Config"}
{"level":"debug","HardRequestRateLimit":false,"time":"2023-03-30T18:40:29Z","message":"Config"}
{"level":"debug","RequestPayloadSize":500,"time":"2023-03-30T18:40:29Z","message":"Config"}
{"level":"debug","SignRequests":true,"time":"2023-03-30T18:40:29Z","message":"Config"}
{"level":"debug","ClientPrivKeyFile":"tls-data/client-ecdsa-256.key","time":"2023-03-30T18:40:29Z","message":"Config"}
{"level":"debug","ClientPubKeyFile":"tls-data/client-ecdsa-256.pem","time":"2023-03-30T18:40:29Z","message":"Config"}
{"level":"debug","PrecomputeRequests":false,"time":"2023-03-30T18:40:29Z","message":"Config"}
{"level":"debug","RequestHandlerThreads":32,"time":"2023-03-30T18:40:29Z","message":"Config"}
{"level":"debug","RequestInputChannelBuffer":8192,"time":"2023-03-30T18:40:29Z","message":"Config"}
{"level":"debug","BatchVerifier":"external","time":"2023-03-30T18:40:29Z","message":"Config"}
18:40:29.126 INF Started Profiler: CPU
18:40:29.126 INF Started Profiler: BLOCK
18:40:29.126 INF Started Profiler: MUTEX
18:40:29.126 INF Starting clients. numClients=8 numRequests=5859
18:40:29.126 INF Initilizing clients.
18:40:29.521 INF Registared with discovery server. numOrderers=16 ownClientId=135
18:40:29.521 INF Registared with discovery server. numOrderers=16 ownClientId=146
18:40:29.522 INF Registared with discovery server. numOrderers=16 ownClientId=159
18:40:29.525 INF Registared with discovery server. numOrderers=16 ownClientId=171
18:40:29.526 INF Registared with discovery server. numOrderers=16 ownClientId=178
18:40:29.526 INF Registared with discovery server. numOrderers=16 ownClientId=176
18:40:29.526 INF Registared with discovery server. numOrderers=16 ownClientId=179
18:40:29.526 INF Registared with discovery server. numOrderers=16 ownClientId=187
18:40:29.526 INF Clients initialized.
18:40:29.526 INF Launching clients.
18:40:29.526 INF Waiting for clients.
18:42:10.670 INF Stopping Tracer. events=1701 fileName=experiment-output/0000/slave-007/client-176.trc
zerolog: could not write event: write experiment-output/0000/slave-007/client-176.log: file already closed
zerolog: could not write event: write experiment-output/0000/slave-007/client-176.log: file already closed
zerolog: could not write event: write experiment-output/0000/slave-007/client-176.log: file already closed
zerolog: could not write event: write experiment-output/0000/slave-007/client-176.log: file already closed
18:42:10.672 INF Trace data written.
18:42:10.713 INF Stopping Tracer. events=1192 fileName=experiment-output/0000/slave-007/client-171.trc
zerolog: could not write event: write experiment-output/0000/slave-007/client-171.log: file already closed
zerolog: could not write event: write experiment-output/0000/slave-007/client-171.log: file already closed
zerolog: could not write event: write experiment-output/0000/slave-007/client-171.log: file already closed
zerolog: could not write event: write experiment-output/0000/slave-007/client-171.log: file already closed
18:42:10.715 INF Trace data written.
18:42:10.725 INF Stopping Tracer. events=1187 fileName=experiment-output/0000/slave-007/client-159.trc
zerolog: could not write event: write experiment-output/0000/slave-007/client-159.log: file already closed
zerolog: could not write event: write experiment-output/0000/slave-007/client-159.log: file already closed
18:42:10.726 INF Stopping Tracer. events=1176 fileName=experiment-output/0000/slave-007/client-179.trc
zerolog: could not write event: write experiment-output/0000/slave-007/client-159.log: file already closed
zerolog: could not write event: write experiment-output/0000/slave-007/client-159.log: file already closed
zerolog: could not write event: write experiment-output/0000/slave-007/client-179.log: file already closed
zerolog: could not write event: write experiment-output/0000/slave-007/client-179.log: file already closed
zerolog: could not write event: write experiment-output/0000/slave-007/client-179.log: file already closed
zerolog: could not write event: write experiment-output/0000/slave-007/client-179.log: file already closed
18:42:10.726 INF Stopping Tracer. events=1189 fileName=experiment-output/0000/slave-007/client-187.trc
zerolog: could not write event: write experiment-output/0000/slave-007/client-187.log: file already closed
zerolog: could not write event: write experiment-output/0000/slave-007/client-187.log: file already closed
18:42:10.727 INF Stopping Tracer. events=1719 fileName=experiment-output/0000/slave-007/client-146.trc
18:42:10.727 INF Stopping Tracer. events=1673 fileName=experiment-output/0000/slave-007/client-178.trc
zerolog: could not write event: write experiment-output/0000/slave-007/client-187.log: file already closed
zerolog: could not write event: write experiment-output/0000/slave-007/client-146.log: file already closed
zerolog: could not write event: write experiment-output/0000/slave-007/client-146.log: file already closed
zerolog: could not write event: write experiment-output/0000/slave-007/client-178.log: file already closed
zerolog: could not write event: write experiment-output/0000/slave-007/client-178.log: file already closed
zerolog: could not write event: write experiment-output/0000/slave-007/client-187.log: file already closed
zerolog: could not write event: write experiment-output/0000/slave-007/client-178.log: file already closed
zerolog: could not write event: write experiment-output/0000/slave-007/client-146.log: file already closed
zerolog: could not write event: write experiment-output/0000/slave-007/client-146.log: file already closed
zerolog: could not write event: write experiment-output/0000/slave-007/client-178.log: file already closed
18:42:10.729 INF Trace data written.
18:42:10.729 INF Trace data written.
18:42:10.729 INF Trace data written.
18:42:10.730 INF Trace data written.
18:42:10.731 INF Stopping Tracer. events=1173 fileName=experiment-output/0000/slave-007/client-135.trc
18:42:10.731 INF Trace data written.
zerolog: could not write event: write experiment-output/0000/slave-007/client-135.log: file already closed
zerolog: could not write event: write experiment-output/0000/slave-007/client-135.log: file already closed
zerolog: could not write event: write experiment-output/0000/slave-007/client-135.log: file already closed
zerolog: could not write event: write experiment-output/0000/slave-007/client-135.log: file already closed
18:42:10.732 INF Trace data written.
18:42:10.732 INF Done.
18:42:10.732 INF Stopping profiler.
zerolog: could not write event: write experiment-output/0000/slave-007/client-176.log: file already closed
zerolog: could not write event: write experiment-output/0000/slave-007/client-176.log: file already closed
zerolog: could not write event: write experiment-output/0000/slave-007/client-176.log: file already closed
zerolog: could not write event: write experiment-output/0000/slave-007/client-176.log: file already closed
zerolog: could not write event: write experiment-output/0000/slave-007/client-176.log: file already closed
zerolog: could not write event: write experiment-output/0000/slave-007/client-176.log: file already closed
zerolog: could not write event: write experiment-output/0000/slave-007/client-176.log: file already closed
zerolog: could not write event: write experiment-output/0000/slave-007/client-176.log: file already closed
zerolog: could not write event: write experiment-output/0000/slave-007/client-171.log: file already closed
zerolog: could not write event: write experiment-output/0000/slave-007/client-171.log: file already closed
zerolog: could not write event: write experiment-output/0000/slave-007/client-171.log: file already closed
zerolog: could not write event: write experiment-output/0000/slave-007/client-159.log: file already closed
zerolog: could not write event: write experiment-output/0000/slave-007/client-179.log: file already closed
zerolog: could not write event: write experiment-output/0000/slave-007/client-159.log: file already closed
zerolog: could not write event: write experiment-output/0000/slave-007/client-187.log: file already closed
zerolog: could not write event: write experiment-output/0000/slave-007/client-187.log: file already closed
zerolog: could not write event: write experiment-output/0000/slave-007/client-146.log: file already closed
zerolog: could not write event: write experiment-output/0000/slave-007/client-178.log: file already closed
zerolog: could not write event: write experiment-output/0000/slave-007/client-178.log: file already closed
zerolog: could not write event: write experiment-output/0000/slave-007/client-178.log: file already closed
zerolog: could not write event: write experiment-output/0000/slave-007/client-171.log: file already closed
zerolog: could not write event: write experiment-output/0000/slave-007/client-178.log: file already closed
zerolog: could not write event: write experiment-output/0000/slave-007/client-135.log: file already closed
zerolog: could not write event: write experiment-output/0000/slave-007/client-135.log: file already closed
zerolog: could not write event: write experiment-output/0000/slave-007/client-135.log: file already closed
zerolog: could not write event: write experiment-output/0000/slave-007/client-135.log: file already closed
zerolog: could not write event: write experiment-output/0000/slave-007/client-159.log: file already closed
zerolog: could not write event: write experiment-output/0000/slave-007/client-179.log: file already closed
zerolog: could not write event: write experiment-output/0000/slave-007/client-179.log: file already closed
zerolog: could not write event: write experiment-output/0000/slave-007/client-187.log: file already closed
zerolog: could not write event: write experiment-output/0000/slave-007/client-187.log: file already closed
zerolog: could not write event: write experiment-output/0000/slave-007/client-146.log: file already closed
zerolog: could not write event: write experiment-output/0000/slave-007/client-146.log: file already closed
zerolog: could not write event: write experiment-output/0000/slave-007/client-159.log: file already closed
zerolog: could not write event: write experiment-output/0000/slave-007/client-146.log: file already closed
zerolog: could not write event: write experiment-output/0000/slave-007/client-179.log: file already closed
zerolog: could not write event: write experiment-output/0000/slave-007/client-171.log: file already closed
zerolog: could not write event: write experiment-output/0000/slave-007/client-171.log: file already closed
zerolog: could not write event: write experiment-output/0000/slave-007/client-171.log: file already closed
zerolog: could not write event: write experiment-output/0000/slave-007/client-171.log: file already closed
zerolog: could not write event: write experiment-output/0000/slave-007/client-159.log: file already closed
zerolog: could not write event: write experiment-output/0000/slave-007/client-159.log: file already closed
zerolog: could not write event: write experiment-output/0000/slave-007/client-179.log: file already closed
zerolog: could not write event: write experiment-output/0000/slave-007/client-159.log: file already closed
zerolog: could not write event: write experiment-output/0000/slave-007/client-187.log: file already closed
zerolog: could not write event: write experiment-output/0000/slave-007/client-179.log: file already closed
zerolog: could not write event: write experiment-output/0000/slave-007/client-179.log: file already closed
zerolog: could not write event: write experiment-output/0000/slave-007/client-178.log: file already closed
zerolog: could not write event: write experiment-output/0000/slave-007/client-178.log: file already closed
zerolog: could not write event: write experiment-output/0000/slave-007/client-179.log: file already closed
zerolog: could not write event: write experiment-output/0000/slave-007/client-146.log: file already closed
zerolog: could not write event: write experiment-output/0000/slave-007/client-159.log: file already closed
zerolog: could not write event: write experiment-output/0000/slave-007/client-187.log: file already closed
zerolog: could not write event: write experiment-output/0000/slave-007/client-187.log: file already closed
zerolog: could not write event: write experiment-output/0000/slave-007/client-178.log: file already closed
zerolog: could not write event: write experiment-output/0000/slave-007/client-187.log: file already closed
zerolog: could not write event: write experiment-output/0000/slave-007/client-146.log: file already closed
zerolog: could not write event: write experiment-output/0000/slave-007/client-178.log: file already closed
zerolog: could not write event: write experiment-output/0000/slave-007/client-146.log: file already closed
zerolog: could not write event: write experiment-output/0000/slave-007/client-146.log: file already closed
zerolog: could not write event: write experiment-output/0000/slave-007/client-135.log: file already closed
zerolog: could not write event: write experiment-output/0000/slave-007/client-135.log: file already closed
zerolog: could not write event: write experiment-output/0000/slave-007/client-135.log: file already closed
zerolog: could not write event: write experiment-output/0000/slave-007/client-135.log: file already closed
18:42:10.876 INF Profile data written. filename=experiment-output/0000/slave-007/prof-client.cpu name=cpu
zerolog: could not write event: write experiment-output/0000/slave-007/client-176.log: file already closed
zerolog: could not write event: write experiment-output/0000/slave-007/client-176.log: file already closed
zerolog: could not write event: write experiment-output/0000/slave-007/client-176.log: file already closed
zerolog: could not write event: write experiment-output/0000/slave-007/client-176.log: file already closed
18:42:10.894 INF Profile data written. filename=experiment-output/0000/slave-007/prof-client.block name=block
18:42:10.901 INF Profile data written. filename=experiment-output/0000/slave-007/prof-client.mutex name=mutex
