4:20PM INF Received own slave ID. ownSlaveId=2
4:20PM INF OK status=0
4:20PM INF Received command. cmdId=3
4:20PM INF Received an ExecStart command args="[-p experiment-output/0000/slave-__id__/config]" cmd=mkdir outFile=/dev/null
4:20PM INF OK status=0
4:20PM INF Received command. cmdId=4
4:20PM INF Received command. cmdType=ExecWait
4:20PM INF OK status=0
4:20PM INF Received command. cmdId=7
4:20PM INF Received an ExecStart command args="[config/config-0000.yml experiment-output/0000/slave-__id__/config/config.yml]" cmd=cp outFile=/dev/null
4:20PM INF OK status=0
4:20PM INF Received command. cmdId=8
4:20PM INF Received command. cmdType=ExecWait
4:20PM INF OK status=0
4:20PM INF Received command. cmdId=10
4:20PM INF Received command. cmdType=Noop
4:20PM INF Noop. Doing nothing. status=044:20PM INF Received command. cmdId=15
4:20PM INF Received an ExecStart command args="[experiment-output/0000/slave-__id__/config/config.yml 127.0.0.1:9999 experiment-output/0000/slave-__id__/client experiment-output/0000/slave-__id__/prof-client]" cmd=orderingclient outFile=experiment-output/0000/slave-__id__/clients.log
4:20PM INF OK status=0
4:20PM IN4:20PM INF Received command. cmdId=18
4:20PM INF Received command. cmdType=ExecSignal
4:20PM INF OK status=0
4:20PM INF Received command. cmdId=23
4:20PM INF Received command. cmdType=Stop
Noop. Doing nothing. status=0
4:20PM INF Received command. cmdId=23
4:20PM INF Received command. cmdType=Stop
