{"level":"debug","Logging":"info","time":"2023-03-10T13:01:54Z","message":"Config"}
{"level":"debug","UseTLS":false,"time":"2023-03-10T13:01:54Z","message":"Config"}
{"level":"debug","CACertFile":"tls-data/ca.pem","time":"2023-03-10T13:01:54Z","message":"Config"}
{"level":"debug","KeyFile":"tls-data/auth.key","time":"2023-03-10T13:01:54Z","message":"Config"}
{"level":"debug","CertFile":"tls-data/auth.pem","time":"2023-03-10T13:01:54Z","message":"Config"}
{"level":"debug","PriorityConnections":2,"time":"2023-03-10T13:01:54Z","message":"Config"}
{"level":"debug","BasicConnections":1,"time":"2023-03-10T13:01:54Z","message":"Config"}
{"level":"debug","TestConnections":false,"time":"2023-03-10T13:01:54Z","message":"Config"}
{"level":"debug","ExcessConnections":1,"time":"2023-03-10T13:01:54Z","message":"Config"}
{"level":"debug","ConnectionTestMsgs":4,"time":"2023-03-10T13:01:54Z","message":"Config"}
{"level":"debug","ConnectionTestPayload":131072,"time":"2023-03-10T13:01:54Z","message":"Config"}
{"level":"debug","OutMessageBufsize":1024,"time":"2023-03-10T13:01:54Z","message":"Config"}
{"level":"debug","OutMessageBufsize":4,"time":"2023-03-10T13:01:54Z","message":"Config"}
{"level":"debug","ThroughputCap":131072000,"time":"2023-03-10T13:01:54Z","message":"Config"}
{"level":"debug","StragglerTolerance":1000,"time":"2023-03-10T13:01:54Z","message":"Config"}
{"level":"debug","BatchSizeIncrement":256,"time":"2023-03-10T13:01:54Z","message":"Config"}
{"level":"debug","Orderer":"Pbft","time":"2023-03-10T13:01:54Z","message":"Config"}
{"level":"debug","Manager":"Mir","time":"2023-03-10T13:01:54Z","message":"Config"}
{"level":"debug","Failures":0,"time":"2023-03-10T13:01:54Z","message":"Config"}
{"level":"debug","StragglerCnt":1,"time":"2023-03-10T13:01:54Z","message":"Config"}
{"level":"debug","PrivKeyCnt":10,"time":"2023-03-10T13:01:54Z","message":"Config"}
{"level":"debug","UseSig":false,"time":"2023-03-10T13:01:54Z","message":"Config"}
{"level":"debug","CrashTiming":"Straggler","time":"2023-03-10T13:01:54Z","message":"Config"}
{"level":"debug","CheckpointInterval":256,"time":"2023-03-10T13:01:54Z","message":"Config"}
{"level":"debug","WatermarkWindowSize":256,"time":"2023-03-10T13:01:54Z","message":"Config"}
{"level":"debug","EpochLength":256,"time":"2023-03-10T13:01:54Z","message":"Config"}
{"level":"debug","SegmentLength":16,"time":"2023-03-10T13:01:54Z","message":"Config"}
{"level":"debug","WaitForCheckpoints":true,"time":"2023-03-10T13:01:54Z","message":"Config"}
{"level":"debug","ClientWatermarkWindowSize":65536,"time":"2023-03-10T13:01:54Z","message":"Config"}
{"level":"debug","ClientRequestBacklogSize":65536,"time":"2023-03-10T13:01:54Z","message":"Config"}
{"level":"debug","RandomSeed":16435,"time":"2023-03-10T13:01:54Z","message":"Config"}
{"level":"debug","NodeToLeaderRatio":1,"time":"2023-03-10T13:01:54Z","message":"Config"}
{"level":"debug","LeaderPolicy":"Simple","time":"2023-03-10T13:01:54Z","message":"Config"}
{"level":"debug","DefaultLeaderBan":2,"time":"2023-03-10T13:01:54Z","message":"Config"}
{"level":"debug","NumBuckets":256,"time":"2023-03-10T13:01:54Z","message":"Config"}
{"level":"debug","BatchSize":1000,"time":"2023-03-10T13:01:54Z","message":"Config"}
{"level":"debug","DisabledViewChange":false,"time":"2023-03-10T13:01:54Z","message":"Config"}
{"level":"debug","ViewChangeTimeout":60000,"time":"2023-03-10T13:01:54Z","message":"Config"}
{"level":"debug","ClientTraceSampling":10,"time":"2023-03-10T13:01:54Z","message":"Config"}
{"level":"debug","EventBufferSize":2097152,"time":"2023-03-10T13:01:54Z","message":"Config"}
{"level":"debug","TraceSampling":1,"time":"2023-03-10T13:01:54Z","message":"Config"}
{"level":"debug","ClientsPerProcess":4,"time":"2023-03-10T13:01:54Z","message":"Config"}
{"level":"debug","RequestsPerClient":240,"time":"2023-03-10T13:01:54Z","message":"Config"}
{"level":"debug","ClientRunTime":15000,"time":"2023-03-10T13:01:54Z","message":"Config"}
{"level":"debug","RequestRate":8,"time":"2023-03-10T13:01:54Z","message":"Config"}
{"level":"debug","HardRequestRateLimit":false,"time":"2023-03-10T13:01:54Z","message":"Config"}
{"level":"debug","RequestPayloadSize":500,"time":"2023-03-10T13:01:54Z","message":"Config"}
{"level":"debug","SignRequests":true,"time":"2023-03-10T13:01:54Z","message":"Config"}
{"level":"debug","ClientPrivKeyFile":"tls-data/client-ecdsa-256.key","time":"2023-03-10T13:01:54Z","message":"Config"}
{"level":"debug","ClientPubKeyFile":"tls-data/client-ecdsa-256.pem","time":"2023-03-10T13:01:54Z","message":"Config"}
{"level":"debug","PrecomputeRequests":false,"time":"2023-03-10T13:01:54Z","message":"Config"}
{"level":"debug","RequestHandlerThreads":32,"time":"2023-03-10T13:01:54Z","message":"Config"}
{"level":"debug","RequestInputChannelBuffer":8192,"time":"2023-03-10T13:01:54Z","message":"Config"}
{"level":"debug","BatchVerifier":"external","time":"2023-03-10T13:01:54Z","message":"Config"}
13:01:54.282 INF Started Profiler: CPU
13:01:54.282 INF Started Profiler: BLOCK
13:01:54.282 INF Started Profiler: MUTEX
13:01:54.282 INF Starting clients. numClients=4 numRequests=240
13:01:54.282 INF Initilizing clients.
13:01:54.287 INF Registared with discovery server. numOrderers=16 ownClientId=9
13:01:54.287 INF Registared with discovery server. numOrderers=16 ownClientId=6
13:01:54.287 INF Registared with discovery server. numOrderers=16 ownClientId=14
13:01:54.287 INF Registared with discovery server. numOrderers=16 ownClientId=15
13:01:54.287 INF Clients initialized.
13:01:54.287 INF Launching clients.
13:01:54.287 INF Waiting for clients.
13:02:12.357 INF Stopping Tracer. events=73 fileName=experiment-output/0000/slave-012/client-014.trc
13:02:12.357 INF Stopping Tracer. events=65 fileName=experiment-output/0000/slave-012/client-006.trc
13:02:12.357 INF Trace data written.
13:02:12.357 INF Stopping Tracer. events=64 fileName=experiment-output/0000/slave-012/client-009.trc
zerolog: could not write event: write experiment-output/0000/slave-012/client-009.log: file already closed
zerolog: could not write event: write experiment-output/0000/slave-012/client-009.log: file already closed
zerolog: could not write event: write experiment-output/0000/slave-012/client-009.log: file already closed
zerolog: could not write event: write experiment-output/0000/slave-012/client-006.log: file already closed
zerolog: could not write event: write experiment-output/0000/slave-012/client-009.log: file already closed
zerolog: could not write event: write experiment-output/0000/slave-012/client-009.log: file already closed
zerolog: could not write event: write experiment-output/0000/slave-012/client-006.log: file already closed
zerolog: could not write event: write experiment-output/0000/slave-012/client-006.log: file already closed
13:02:12.358 INF Trace data written.
zerolog: could not write event: write experiment-output/0000/slave-012/client-006.log: file already closed
zerolog: could not write event: write experiment-output/0000/slave-012/client-014.log: file already closed
zerolog: could not write event: write experiment-output/0000/slave-012/client-014.log: file already closed
zerolog: could not write event: write experiment-output/0000/slave-012/client-006.log: file already closed
zerolog: could not write event: write experiment-output/0000/slave-012/client-014.log: file already closed
zerolog: could not write event: write experiment-output/0000/slave-012/client-014.log: file already closed
zerolog: could not write event: write experiment-output/0000/slave-012/client-006.log: file already closed
zerolog: could not write event: write experiment-output/0000/slave-012/client-014.log: file already closed
zerolog: could not write event: write experiment-output/0000/slave-012/client-009.log: file already closed
zerolog: could not write event: write experiment-output/0000/slave-012/client-014.log: file already closed
zerolog: could not write event: write experiment-output/0000/slave-012/client-006.log: file already closed
zerolog: could not write event: write experiment-output/0000/slave-012/client-009.log: file already closed
zerolog: could not write event: write experiment-output/0000/slave-012/client-014.log: file already closed
zerolog: could not write event: write experiment-output/0000/slave-012/client-009.log: file already closed
zerolog: could not write event: write experiment-output/0000/slave-012/client-009.log: file already closed
zerolog: could not write event: write experiment-output/0000/slave-012/client-009.log: file already closed
zerolog: could not write event: write experiment-output/0000/slave-012/client-014.log: file already closed
zerolog: could not write event: write experiment-output/0000/slave-012/client-006.log: file already closed
zerolog: could not write event: write experiment-output/0000/slave-012/client-009.log: file already closed
zerolog: could not write event: write experiment-output/0000/slave-012/client-006.log: file already closed
13:02:12.358 INF Trace data written.
zerolog: could not write event: write experiment-output/0000/slave-012/client-014.log: file already closed
zerolog: could not write event: write experiment-output/0000/slave-012/client-006.log: file already closed
zerolog: could not write event: write experiment-output/0000/slave-012/client-009.log: file already closed
zerolog: could not write event: write experiment-output/0000/slave-012/client-014.log: file already closed
zerolog: could not write event: write experiment-output/0000/slave-012/client-009.log: file already closed
zerolog: could not write event: write experiment-output/0000/slave-012/client-014.log: file already closed
zerolog: could not write event: write experiment-output/0000/slave-012/client-006.log: file already closed
zerolog: could not write event: write experiment-output/0000/slave-012/client-006.log: file already closed
zerolog: could not write event: write experiment-output/0000/slave-012/client-006.log: file already closed
zerolog: could not write event: write experiment-output/0000/slave-012/client-006.log: file already closed
zerolog: could not write event: write experiment-output/0000/slave-012/client-009.log: file already closed
zerolog: could not write event: write experiment-output/0000/slave-012/client-014.log: file already closed
zerolog: could not write event: write experiment-output/0000/slave-012/client-014.log: file already closed
zerolog: could not write event: write experiment-output/0000/slave-012/client-009.log: file already closed
zerolog: could not write event: write experiment-output/0000/slave-012/client-006.log: file already closed
zerolog: could not write event: write experiment-output/0000/slave-012/client-014.log: file already closed
zerolog: could not write event: write experiment-output/0000/slave-012/client-014.log: file already closed
zerolog: could not write event: write experiment-output/0000/slave-012/client-014.log: file already closed
zerolog: could not write event: write experiment-output/0000/slave-012/client-006.log: file already closed
zerolog: could not write event: write experiment-output/0000/slave-012/client-009.log: file already closed
13:02:12.361 INF Stopping Tracer. events=66 fileName=experiment-output/0000/slave-012/client-015.trc
13:02:12.361 INF Trace data written.
zerolog: could not write event: write experiment-output/0000/slave-012/client-015.log: file already closed
zerolog: could not write event: write experiment-output/0000/slave-012/client-015.log: file already closed
13:02:12.361 INF Done.
13:02:12.361 INF Stopping profiler.
zerolog: could not write event: write experiment-output/0000/slave-012/client-015.log: file already closed
zerolog: could not write event: write experiment-output/0000/slave-012/client-015.log: file already closed
zerolog: could not write event: write experiment-output/0000/slave-012/client-015.log: file already closed
zerolog: could not write event: write experiment-output/0000/slave-012/client-015.log: file already closed
zerolog: could not write event: write experiment-output/0000/slave-012/client-015.log: file already closed
zerolog: could not write event: write experiment-output/0000/slave-012/client-015.log: file already closed
zerolog: could not write event: write experiment-output/0000/slave-012/client-015.log: file already closed
zerolog: could not write event: write experiment-output/0000/slave-012/client-015.log: file already closed
zerolog: could not write event: write experiment-output/0000/slave-012/client-015.log: file already closed
zerolog: could not write event: write experiment-output/0000/slave-012/client-015.log: file already closed
zerolog: could not write event: write experiment-output/0000/slave-012/client-015.log: file already closed
zerolog: could not write event: write experiment-output/0000/slave-012/client-015.log: file already closed
zerolog: could not write event: write experiment-output/0000/slave-012/client-015.log: file already closed
zerolog: could not write event: write experiment-output/0000/slave-012/client-015.log: file already closed
13:02:12.383 INF Profile data written. filename=experiment-output/0000/slave-012/prof-client.block name=block
13:02:12.390 INF Profile data written. filename=experiment-output/0000/slave-012/prof-client.mutex name=mutex
13:02:12.531 INF Profile data written. filename=experiment-output/0000/slave-012/prof-client.cpu name=cpu
