{"level":"debug","Logging":"info","time":"2023-03-11T05:48:06Z","message":"Config"}
{"level":"debug","UseTLS":false,"time":"2023-03-11T05:48:06Z","message":"Config"}
{"level":"debug","CACertFile":"tls-data/ca.pem","time":"2023-03-11T05:48:06Z","message":"Config"}
{"level":"debug","KeyFile":"tls-data/auth.key","time":"2023-03-11T05:48:06Z","message":"Config"}
{"level":"debug","CertFile":"tls-data/auth.pem","time":"2023-03-11T05:48:06Z","message":"Config"}
{"level":"debug","PriorityConnections":2,"time":"2023-03-11T05:48:06Z","message":"Config"}
{"level":"debug","BasicConnections":1,"time":"2023-03-11T05:48:06Z","message":"Config"}
{"level":"debug","TestConnections":false,"time":"2023-03-11T05:48:06Z","message":"Config"}
{"level":"debug","ExcessConnections":1,"time":"2023-03-11T05:48:06Z","message":"Config"}
{"level":"debug","ConnectionTestMsgs":4,"time":"2023-03-11T05:48:06Z","message":"Config"}
{"level":"debug","ConnectionTestPayload":131072,"time":"2023-03-11T05:48:06Z","message":"Config"}
{"level":"debug","OutMessageBufsize":1024,"time":"2023-03-11T05:48:06Z","message":"Config"}
{"level":"debug","OutMessageBufsize":4,"time":"2023-03-11T05:48:06Z","message":"Config"}
{"level":"debug","ThroughputCap":131072000,"time":"2023-03-11T05:48:06Z","message":"Config"}
{"level":"debug","StragglerTolerance":1000,"time":"2023-03-11T05:48:06Z","message":"Config"}
{"level":"debug","BatchSizeIncrement":256,"time":"2023-03-11T05:48:06Z","message":"Config"}
{"level":"debug","Orderer":"Pbft","time":"2023-03-11T05:48:06Z","message":"Config"}
{"level":"debug","Manager":"Mir","time":"2023-03-11T05:48:06Z","message":"Config"}
{"level":"debug","Failures":0,"time":"2023-03-11T05:48:06Z","message":"Config"}
{"level":"debug","StragglerCnt":1,"time":"2023-03-11T05:48:06Z","message":"Config"}
{"level":"debug","PrivKeyCnt":10,"time":"2023-03-11T05:48:06Z","message":"Config"}
{"level":"debug","UseSig":true,"time":"2023-03-11T05:48:06Z","message":"Config"}
{"level":"debug","CrashTiming":"Straggler","time":"2023-03-11T05:48:06Z","message":"Config"}
{"level":"debug","CheckpointInterval":256,"time":"2023-03-11T05:48:06Z","message":"Config"}
{"level":"debug","WatermarkWindowSize":256,"time":"2023-03-11T05:48:06Z","message":"Config"}
{"level":"debug","EpochLength":256,"time":"2023-03-11T05:48:06Z","message":"Config"}
{"level":"debug","SegmentLength":16,"time":"2023-03-11T05:48:06Z","message":"Config"}
{"level":"debug","WaitForCheckpoints":true,"time":"2023-03-11T05:48:06Z","message":"Config"}
{"level":"debug","ClientWatermarkWindowSize":65536,"time":"2023-03-11T05:48:06Z","message":"Config"}
{"level":"debug","ClientRequestBacklogSize":65536,"time":"2023-03-11T05:48:06Z","message":"Config"}
{"level":"debug","RandomSeed":15866,"time":"2023-03-11T05:48:06Z","message":"Config"}
{"level":"debug","NodeToLeaderRatio":1,"time":"2023-03-11T05:48:06Z","message":"Config"}
{"level":"debug","LeaderPolicy":"Simple","time":"2023-03-11T05:48:06Z","message":"Config"}
{"level":"debug","DefaultLeaderBan":2,"time":"2023-03-11T05:48:06Z","message":"Config"}
{"level":"debug","NumBuckets":256,"time":"2023-03-11T05:48:06Z","message":"Config"}
{"level":"debug","BatchSize":1000,"time":"2023-03-11T05:48:06Z","message":"Config"}
{"level":"debug","DisabledViewChange":false,"time":"2023-03-11T05:48:06Z","message":"Config"}
{"level":"debug","ViewChangeTimeout":60000,"time":"2023-03-11T05:48:06Z","message":"Config"}
{"level":"debug","ClientTraceSampling":10,"time":"2023-03-11T05:48:06Z","message":"Config"}
{"level":"debug","EventBufferSize":2097152,"time":"2023-03-11T05:48:06Z","message":"Config"}
{"level":"debug","TraceSampling":1,"time":"2023-03-11T05:48:06Z","message":"Config"}
{"level":"debug","ClientsPerProcess":4,"time":"2023-03-11T05:48:06Z","message":"Config"}
{"level":"debug","RequestsPerClient":480,"time":"2023-03-11T05:48:06Z","message":"Config"}
{"level":"debug","ClientRunTime":15000,"time":"2023-03-11T05:48:06Z","message":"Config"}
{"level":"debug","RequestRate":16,"time":"2023-03-11T05:48:06Z","message":"Config"}
{"level":"debug","HardRequestRateLimit":false,"time":"2023-03-11T05:48:06Z","message":"Config"}
{"level":"debug","RequestPayloadSize":500,"time":"2023-03-11T05:48:06Z","message":"Config"}
{"level":"debug","SignRequests":true,"time":"2023-03-11T05:48:06Z","message":"Config"}
{"level":"debug","ClientPrivKeyFile":"tls-data/client-ecdsa-256.key","time":"2023-03-11T05:48:06Z","message":"Config"}
{"level":"debug","ClientPubKeyFile":"tls-data/client-ecdsa-256.pem","time":"2023-03-11T05:48:06Z","message":"Config"}
{"level":"debug","PrecomputeRequests":false,"time":"2023-03-11T05:48:06Z","message":"Config"}
{"level":"debug","RequestHandlerThreads":32,"time":"2023-03-11T05:48:06Z","message":"Config"}
{"level":"debug","RequestInputChannelBuffer":8192,"time":"2023-03-11T05:48:06Z","message":"Config"}
{"level":"debug","BatchVerifier":"external","time":"2023-03-11T05:48:06Z","message":"Config"}
05:48:06.849 INF Started Profiler: CPU
05:48:06.850 INF Started Profiler: BLOCK
05:48:06.850 INF Started Profiler: MUTEX
05:48:06.850 INF Starting clients. numClients=4 numRequests=480
05:48:06.850 INF Initilizing clients.
05:48:06.853 INF Registared with discovery server. numOrderers=16 ownClientId=0
05:48:06.854 INF Registared with discovery server. numOrderers=16 ownClientId=8
05:48:06.855 INF Registared with discovery server. numOrderers=16 ownClientId=21
05:48:06.856 INF Registared with discovery server. numOrderers=16 ownClientId=31
05:48:06.856 INF Clients initialized.
05:48:06.856 INF Launching clients.
05:48:06.856 INF Waiting for clients.
05:48:25.925 INF Stopping Tracer. events=108 fileName=experiment-output/0001/slave-015/client-021.trc
05:48:25.926 INF Stopping Tracer. events=130 fileName=experiment-output/0001/slave-015/client-008.trc
05:48:25.926 INF Stopping Tracer. events=107 fileName=experiment-output/0001/slave-015/client-031.trc
05:48:25.926 INF Stopping Tracer. events=130 fileName=experiment-output/0001/slave-015/client-000.trc
05:48:25.926 INF Trace data written.
05:48:25.926 INF Trace data written.
zerolog: could not write event: write experiment-output/0001/slave-015/client-000.log: file already closed
05:48:25.926 INF Trace data written.
zerolog: could not write event: write experiment-output/0001/slave-015/client-021.log: file already closed
zerolog: could not write event: write experiment-output/0001/slave-015/client-000.log: file already closed
zerolog: could not write event: write experiment-output/0001/slave-015/client-008.log: file already closed
zerolog: could not write event: write experiment-output/0001/slave-015/client-021.log: file already closed
zerolog: could not write event: write experiment-output/0001/slave-015/client-000.log: file already closed
zerolog: could not write event: write experiment-output/0001/slave-015/client-000.log: file already closed
zerolog: could not write event: write experiment-output/0001/slave-015/client-008.log: file already closed
zerolog: could not write event: write experiment-output/0001/slave-015/client-021.log: file already closed
zerolog: could not write event: write experiment-output/0001/slave-015/client-000.log: file already closed
zerolog: could not write event: write experiment-output/0001/slave-015/client-000.log: file already closed
zerolog: could not write event: write experiment-output/0001/slave-015/client-008.log: file already closed
zerolog: could not write event: write experiment-output/0001/slave-015/client-008.log: file already closed
05:48:25.926 INF Trace data written.
zerolog: could not write event: write experiment-output/0001/slave-015/client-008.log: file already closed
zerolog: could not write event: write experiment-output/0001/slave-015/client-000.log: file already closed
zerolog: could not write event: write experiment-output/0001/slave-015/client-008.log: file already closed
zerolog: could not write event: write experiment-output/0001/slave-015/client-000.log: file already closed
zerolog: could not write event: write experiment-output/0001/slave-015/client-000.log: file already closed
zerolog: could not write event: write experiment-output/0001/slave-015/client-021.log: file already closed
zerolog: could not write event: write experiment-output/0001/slave-015/client-000.log: file already closed
zerolog: could not write event: write experiment-output/0001/slave-015/client-031.log: file already closed
zerolog: could not write event: write experiment-output/0001/slave-015/client-008.log: file already closed
zerolog: could not write event: write experiment-output/0001/slave-015/client-031.log: file already closed
05:48:25.926 INF Done.
zerolog: could not write event: write experiment-output/0001/slave-015/client-031.log: file already closed
zerolog: could not write event: write experiment-output/0001/slave-015/client-021.log: file already closed
zerolog: could not write event: write experiment-output/0001/slave-015/client-031.log: file already closed
zerolog: could not write event: write experiment-output/0001/slave-015/client-021.log: file already closed
05:48:25.926 INF Stopping profiler.
zerolog: could not write event: write experiment-output/0001/slave-015/client-031.log: file already closed
zerolog: could not write event: write experiment-output/0001/slave-015/client-008.log: file already closed
zerolog: could not write event: write experiment-output/0001/slave-015/client-021.log: file already closed
zerolog: could not write event: write experiment-output/0001/slave-015/client-021.log: file already closed
zerolog: could not write event: write experiment-output/0001/slave-015/client-031.log: file already closed
zerolog: could not write event: write experiment-output/0001/slave-015/client-000.log: file already closed
zerolog: could not write event: write experiment-output/0001/slave-015/client-031.log: file already closed
zerolog: could not write event: write experiment-output/0001/slave-015/client-031.log: file already closed
zerolog: could not write event: write experiment-output/0001/slave-015/client-008.log: file already closed
zerolog: could not write event: write experiment-output/0001/slave-015/client-031.log: file already closed
zerolog: could not write event: write experiment-output/0001/slave-015/client-008.log: file already closed
zerolog: could not write event: write experiment-output/0001/slave-015/client-021.log: file already closed
zerolog: could not write event: write experiment-output/0001/slave-015/client-031.log: file already closed
zerolog: could not write event: write experiment-output/0001/slave-015/client-021.log: file already closed
zerolog: could not write event: write experiment-output/0001/slave-015/client-000.log: file already closed
zerolog: could not write event: write experiment-output/0001/slave-015/client-031.log: file already closed
zerolog: could not write event: write experiment-output/0001/slave-015/client-000.log: file already closed
zerolog: could not write event: write experiment-output/0001/slave-015/client-021.log: file already closed
zerolog: could not write event: write experiment-output/0001/slave-015/client-008.log: file already closed
zerolog: could not write event: write experiment-output/0001/slave-015/client-031.log: file already closed
zerolog: could not write event: write experiment-output/0001/slave-015/client-021.log: file already closed
zerolog: could not write event: write experiment-output/0001/slave-015/client-031.log: file already closed
zerolog: could not write event: write experiment-output/0001/slave-015/client-008.log: file already closed
zerolog: could not write event: write experiment-output/0001/slave-015/client-021.log: file already closed
zerolog: could not write event: write experiment-output/0001/slave-015/client-031.log: file already closed
zerolog: could not write event: write experiment-output/0001/slave-015/client-000.log: file already closed
zerolog: could not write event: write experiment-output/0001/slave-015/client-000.log: file already closed
zerolog: could not write event: write experiment-output/0001/slave-015/client-031.log: file already closed
zerolog: could not write event: write experiment-output/0001/slave-015/client-000.log: file already closed
zerolog: could not write event: write experiment-output/0001/slave-015/client-031.log: file already closed
zerolog: could not write event: write experiment-output/0001/slave-015/client-008.log: file already closed
zerolog: could not write event: write experiment-output/0001/slave-015/client-008.log: file already closed
zerolog: could not write event: write experiment-output/0001/slave-015/client-021.log: file already closed
zerolog: could not write event: write experiment-output/0001/slave-015/client-021.log: file already closed
zerolog: could not write event: write experiment-output/0001/slave-015/client-008.log: file already closed
zerolog: could not write event: write experiment-output/0001/slave-015/client-021.log: file already closed
zerolog: could not write event: write experiment-output/0001/slave-015/client-008.log: file already closed
05:48:25.950 INF Profile data written. filename=experiment-output/0001/slave-015/prof-client.block name=block
05:48:25.957 INF Profile data written. filename=experiment-output/0001/slave-015/prof-client.mutex name=mutex
05:48:26.128 INF Profile data written. filename=experiment-output/0001/slave-015/prof-client.cpu name=cpu
