{"level":"debug","Logging":"info","time":"2023-03-25T14:45:21Z","message":"Config"}
{"level":"debug","UseTLS":false,"time":"2023-03-25T14:45:21Z","message":"Config"}
{"level":"debug","CACertFile":"tls-data/ca.pem","time":"2023-03-25T14:45:21Z","message":"Config"}
{"level":"debug","KeyFile":"tls-data/auth.key","time":"2023-03-25T14:45:21Z","message":"Config"}
{"level":"debug","CertFile":"tls-data/auth.pem","time":"2023-03-25T14:45:21Z","message":"Config"}
{"level":"debug","PriorityConnections":2,"time":"2023-03-25T14:45:21Z","message":"Config"}
{"level":"debug","BasicConnections":1,"time":"2023-03-25T14:45:21Z","message":"Config"}
{"level":"debug","TestConnections":false,"time":"2023-03-25T14:45:21Z","message":"Config"}
{"level":"debug","ExcessConnections":1,"time":"2023-03-25T14:45:21Z","message":"Config"}
{"level":"debug","ConnectionTestMsgs":4,"time":"2023-03-25T14:45:21Z","message":"Config"}
{"level":"debug","ConnectionTestPayload":131072,"time":"2023-03-25T14:45:21Z","message":"Config"}
{"level":"debug","OutMessageBufsize":1024,"time":"2023-03-25T14:45:21Z","message":"Config"}
{"level":"debug","OutMessageBufsize":4,"time":"2023-03-25T14:45:21Z","message":"Config"}
{"level":"debug","ThroughputCap":131072000,"time":"2023-03-25T14:45:21Z","message":"Config"}
{"level":"debug","StragglerTolerance":1000,"time":"2023-03-25T14:45:21Z","message":"Config"}
{"level":"debug","BatchSizeIncrement":256,"time":"2023-03-25T14:45:21Z","message":"Config"}
{"level":"debug","Orderer":"Pbft","time":"2023-03-25T14:45:21Z","message":"Config"}
{"level":"debug","Manager":"Mir","time":"2023-03-25T14:45:21Z","message":"Config"}
{"level":"debug","Failures":0,"time":"2023-03-25T14:45:21Z","message":"Config"}
{"level":"debug","StragglerCnt":0,"time":"2023-03-25T14:45:21Z","message":"Config"}
{"level":"debug","CrashTiming":"Straggler","time":"2023-03-25T14:45:21Z","message":"Config"}
{"level":"debug","CheckpointInterval":512,"time":"2023-03-25T14:45:21Z","message":"Config"}
{"level":"debug","WatermarkWindowSize":512,"time":"2023-03-25T14:45:21Z","message":"Config"}
{"level":"debug","EpochLength":512,"time":"2023-03-25T14:45:21Z","message":"Config"}
{"level":"debug","SegmentLength":32,"time":"2023-03-25T14:45:21Z","message":"Config"}
{"level":"debug","WaitForCheckpoints":true,"time":"2023-03-25T14:45:21Z","message":"Config"}
{"level":"debug","ClientWatermarkWindowSize":16384,"time":"2023-03-25T14:45:21Z","message":"Config"}
{"level":"debug","ClientRequestBacklogSize":16384,"time":"2023-03-25T14:45:21Z","message":"Config"}
{"level":"debug","RandomSeed":16270,"time":"2023-03-25T14:45:21Z","message":"Config"}
{"level":"debug","NodeToLeaderRatio":1,"time":"2023-03-25T14:45:21Z","message":"Config"}
{"level":"debug","LeaderPolicy":"Simple","time":"2023-03-25T14:45:21Z","message":"Config"}
{"level":"debug","DefaultLeaderBan":2,"time":"2023-03-25T14:45:21Z","message":"Config"}
{"level":"debug","NumBuckets":256,"time":"2023-03-25T14:45:21Z","message":"Config"}
{"level":"debug","BatchSize":1000,"time":"2023-03-25T14:45:21Z","message":"Config"}
{"level":"debug","DisabledViewChange":false,"time":"2023-03-25T14:45:21Z","message":"Config"}
{"level":"debug","ViewChangeTimeout":60000,"time":"2023-03-25T14:45:21Z","message":"Config"}
{"level":"debug","ClientTraceSampling":10,"time":"2023-03-25T14:45:21Z","message":"Config"}
{"level":"debug","EventBufferSize":2097152,"time":"2023-03-25T14:45:21Z","message":"Config"}
{"level":"debug","TraceSampling":1,"time":"2023-03-25T14:45:21Z","message":"Config"}
{"level":"debug","ClientsPerProcess":8,"time":"2023-03-25T14:45:21Z","message":"Config"}
{"level":"debug","RequestsPerClient":10546,"time":"2023-03-25T14:45:21Z","message":"Config"}
{"level":"debug","ClientRunTime":15000,"time":"2023-03-25T14:45:21Z","message":"Config"}
{"level":"debug","RequestRate":351,"time":"2023-03-25T14:45:21Z","message":"Config"}
{"level":"debug","HardRequestRateLimit":false,"time":"2023-03-25T14:45:21Z","message":"Config"}
{"level":"debug","RequestPayloadSize":500,"time":"2023-03-25T14:45:21Z","message":"Config"}
{"level":"debug","SignRequests":true,"time":"2023-03-25T14:45:21Z","message":"Config"}
{"level":"debug","ClientPrivKeyFile":"tls-data/client-ecdsa-256.key","time":"2023-03-25T14:45:21Z","message":"Config"}
{"level":"debug","ClientPubKeyFile":"tls-data/client-ecdsa-256.pem","time":"2023-03-25T14:45:21Z","message":"Config"}
{"level":"debug","PrecomputeRequests":false,"time":"2023-03-25T14:45:21Z","message":"Config"}
{"level":"debug","RequestHandlerThreads":32,"time":"2023-03-25T14:45:21Z","message":"Config"}
{"level":"debug","RequestInputChannelBuffer":8192,"time":"2023-03-25T14:45:21Z","message":"Config"}
{"level":"debug","BatchVerifier":"external","time":"2023-03-25T14:45:21Z","message":"Config"}
14:45:21.873 INF Started Profiler: CPU
14:45:21.873 INF Started Profiler: BLOCK
14:45:21.873 INF Started Profiler: MUTEX
14:45:21.873 INF Starting clients. numClients=8 numRequests=10546
14:45:21.873 INF Initilizing clients.
14:45:22.435 INF Registared with discovery server. numOrderers=16 ownClientId=194
14:45:22.436 INF Registared with discovery server. numOrderers=16 ownClientId=208
14:45:22.437 INF Registared with discovery server. numOrderers=16 ownClientId=219
14:45:22.437 INF Registared with discovery server. numOrderers=16 ownClientId=228
14:45:22.437 INF Registared with discovery server. numOrderers=16 ownClientId=223
14:45:22.438 INF Registared with discovery server. numOrderers=16 ownClientId=247
14:45:22.439 INF Registared with discovery server. numOrderers=16 ownClientId=251
14:45:22.439 INF Registared with discovery server. numOrderers=16 ownClientId=252
14:45:22.439 INF Clients initialized.
14:45:22.439 INF Launching clients.
14:45:22.439 INF Waiting for clients.
zerolog: could not write event: write experiment-output/0003/slave-018/client-194.log: file already closed
zerolog: could not write event: write experiment-output/0003/slave-018/client-194.log: file already closed
zerolog: could not write event: write experiment-output/0003/slave-018/client-194.log: file already closed
zerolog: could not write event: write experiment-output/0003/slave-018/client-194.log: file already closed
14:47:10.915 INF Stopping Tracer. events=2481 fileName=experiment-output/0003/slave-018/client-194.trc
14:47:10.919 INF Trace data written.
14:47:10.933 INF Stopping Tracer. events=2853 fileName=experiment-output/0003/slave-018/client-223.trc
zerolog: could not write event: write experiment-output/0003/slave-018/client-223.log: file already closed
zerolog: could not write event: write experiment-output/0003/slave-018/client-223.log: file already closed
zerolog: could not write event: write experiment-output/0003/slave-018/client-223.log: file already closed
zerolog: could not write event: write experiment-output/0003/slave-018/client-223.log: file already closed
14:47:10.937 INF Stopping Tracer. events=2412 fileName=experiment-output/0003/slave-018/client-228.trc
zerolog: could not write event: write experiment-output/0003/slave-018/client-228.log: file already closed
zerolog: could not write event: write experiment-output/0003/slave-018/client-228.log: file already closed
zerolog: could not write event: write experiment-output/0003/slave-018/client-228.log: file already closed
zerolog: could not write event: write experiment-output/0003/slave-018/client-228.log: file already closed
14:47:10.938 INF Trace data written.
14:47:10.941 INF Trace data written.
14:47:10.944 INF Stopping Tracer. events=2855 fileName=experiment-output/0003/slave-018/client-219.trc
14:47:10.944 INF Stopping Tracer. events=2423 fileName=experiment-output/0003/slave-018/client-208.trc
14:47:10.945 INF Stopping Tracer. events=2852 fileName=experiment-output/0003/slave-018/client-247.trc
zerolog: could not write event: write experiment-output/0003/slave-018/client-219.log: file already closed
zerolog: could not write event: write experiment-output/0003/slave-018/client-219.log: file already closed
zerolog: could not write event: write experiment-output/0003/slave-018/client-219.log: file already closed
14:47:10.945 INF Stopping Tracer. events=2345 fileName=experiment-output/0003/slave-018/client-252.trc
zerolog: could not write event: write experiment-output/0003/slave-018/client-219.log: file already closed
zerolog: could not write event: write experiment-output/0003/slave-018/client-208.log: file already closed
zerolog: could not write event: write experiment-output/0003/slave-018/client-208.log: file already closed
zerolog: could not write event: write experiment-output/0003/slave-018/client-208.log: file already closed
zerolog: could not write event: write experiment-output/0003/slave-018/client-208.log: file already closed
zerolog: could not write event: write experiment-output/0003/slave-018/client-252.log: file already closed
zerolog: could not write event: write experiment-output/0003/slave-018/client-247.log: file already closed
zerolog: could not write event: write experiment-output/0003/slave-018/client-252.log: file already closed
zerolog: could not write event: write experiment-output/0003/slave-018/client-252.log: file already closed
zerolog: could not write event: write experiment-output/0003/slave-018/client-247.log: file already closed
zerolog: could not write event: write experiment-output/0003/slave-018/client-247.log: file already closed
zerolog: could not write event: write experiment-output/0003/slave-018/client-247.log: file already closed
zerolog: could not write event: write experiment-output/0003/slave-018/client-252.log: file already closed
14:47:10.950 INF Trace data written.
14:47:10.950 INF Trace data written.
14:47:10.951 INF Trace data written.
14:47:10.951 INF Trace data written.
14:47:10.952 INF Stopping Tracer. events=2866 fileName=experiment-output/0003/slave-018/client-251.trc
zerolog: could not write event: write experiment-output/0003/slave-018/client-251.log: file already closed
zerolog: could not write event: write experiment-output/0003/slave-018/client-251.log: file already closed
zerolog: could not write event: write experiment-output/0003/slave-018/client-251.log: file already closed
zerolog: could not write event: write experiment-output/0003/slave-018/client-251.log: file already closed
14:47:10.956 INF Trace data written.
14:47:10.956 INF Done.
14:47:10.956 INF Stopping profiler.
zerolog: could not write event: write experiment-output/0003/slave-018/client-194.log: file already closed
zerolog: could not write event: write experiment-output/0003/slave-018/client-194.log: file already closed
zerolog: could not write event: write experiment-output/0003/slave-018/client-194.log: file already closed
zerolog: could not write event: write experiment-output/0003/slave-018/client-194.log: file already closed
zerolog: could not write event: write experiment-output/0003/slave-018/client-223.log: file already closed
zerolog: could not write event: write experiment-output/0003/slave-018/client-223.log: file already closed
zerolog: could not write event: write experiment-output/0003/slave-018/client-223.log: file already closed
zerolog: could not write event: write experiment-output/0003/slave-018/client-228.log: file already closed
zerolog: could not write event: write experiment-output/0003/slave-018/client-228.log: file already closed
zerolog: could not write event: write experiment-output/0003/slave-018/client-228.log: file already closed
zerolog: could not write event: write experiment-output/0003/slave-018/client-219.log: file already closed
zerolog: could not write event: write experiment-output/0003/slave-018/client-219.log: file already closed
zerolog: could not write event: write experiment-output/0003/slave-018/client-208.log: file already closed
zerolog: could not write event: write experiment-output/0003/slave-018/client-247.log: file already closed
zerolog: could not write event: write experiment-output/0003/slave-018/client-219.log: file already closed
zerolog: could not write event: write experiment-output/0003/slave-018/client-223.log: file already closed
zerolog: could not write event: write experiment-output/0003/slave-018/client-252.log: file already closed
zerolog: could not write event: write experiment-output/0003/slave-018/client-228.log: file already closed
zerolog: could not write event: write experiment-output/0003/slave-018/client-251.log: file already closed
zerolog: could not write event: write experiment-output/0003/slave-018/client-251.log: file already closed
zerolog: could not write event: write experiment-output/0003/slave-018/client-251.log: file already closed
zerolog: could not write event: write experiment-output/0003/slave-018/client-208.log: file already closed
zerolog: could not write event: write experiment-output/0003/slave-018/client-252.log: file already closed
zerolog: could not write event: write experiment-output/0003/slave-018/client-247.log: file already closed
zerolog: could not write event: write experiment-output/0003/slave-018/client-247.log: file already closed
zerolog: could not write event: write experiment-output/0003/slave-018/client-208.log: file already closed
zerolog: could not write event: write experiment-output/0003/slave-018/client-252.log: file already closed
zerolog: could not write event: write experiment-output/0003/slave-018/client-252.log: file already closed
zerolog: could not write event: write experiment-output/0003/slave-018/client-219.log: file already closed
zerolog: could not write event: write experiment-output/0003/slave-018/client-208.log: file already closed
zerolog: could not write event: write experiment-output/0003/slave-018/client-247.log: file already closed
zerolog: could not write event: write experiment-output/0003/slave-018/client-251.log: file already closed
zerolog: could not write event: write experiment-output/0003/slave-018/client-194.log: file already closed
zerolog: could not write event: write experiment-output/0003/slave-018/client-194.log: file already closed
zerolog: could not write event: write experiment-output/0003/slave-018/client-194.log: file already closed
zerolog: could not write event: write experiment-output/0003/slave-018/client-194.log: file already closed
zerolog: could not write event: write experiment-output/0003/slave-018/client-223.log: file already closed
zerolog: could not write event: write experiment-output/0003/slave-018/client-223.log: file already closed
zerolog: could not write event: write experiment-output/0003/slave-018/client-223.log: file already closed
zerolog: could not write event: write experiment-output/0003/slave-018/client-223.log: file already closed
14:47:11.122 INF Profile data written. filename=experiment-output/0003/slave-018/prof-client.cpu name=cpu
zerolog: could not write event: write experiment-output/0003/slave-018/client-228.log: file already closed
zerolog: could not write event: write experiment-output/0003/slave-018/client-228.log: file already closed
zerolog: could not write event: write experiment-output/0003/slave-018/client-228.log: file already closed
zerolog: could not write event: write experiment-output/0003/slave-018/client-228.log: file already closed
zerolog: could not write event: write experiment-output/0003/slave-018/client-219.log: file already closed
zerolog: could not write event: write experiment-output/0003/slave-018/client-219.log: file already closed
zerolog: could not write event: write experiment-output/0003/slave-018/client-208.log: file already closed
zerolog: could not write event: write experiment-output/0003/slave-018/client-252.log: file already closed
zerolog: could not write event: write experiment-output/0003/slave-018/client-219.log: file already closed
zerolog: could not write event: write experiment-output/0003/slave-018/client-208.log: file already closed
zerolog: could not write event: write experiment-output/0003/slave-018/client-252.log: file already closed
zerolog: could not write event: write experiment-output/0003/slave-018/client-247.log: file already closed
zerolog: could not write event: write experiment-output/0003/slave-018/client-252.log: file already closed
zerolog: could not write event: write experiment-output/0003/slave-018/client-247.log: file already closed
zerolog: could not write event: write experiment-output/0003/slave-018/client-219.log: file already closed
zerolog: could not write event: write experiment-output/0003/slave-018/client-208.log: file already closed
zerolog: could not write event: write experiment-output/0003/slave-018/client-252.log: file already closed
zerolog: could not write event: write experiment-output/0003/slave-018/client-247.log: file already closed
zerolog: could not write event: write experiment-output/0003/slave-018/client-208.log: file already closed
zerolog: could not write event: write experiment-output/0003/slave-018/client-247.log: file already closed
zerolog: could not write event: write experiment-output/0003/slave-018/client-251.log: file already closed
zerolog: could not write event: write experiment-output/0003/slave-018/client-251.log: file already closed
zerolog: could not write event: write experiment-output/0003/slave-018/client-251.log: file already closed
zerolog: could not write event: write experiment-output/0003/slave-018/client-251.log: file already closed
14:47:11.140 INF Profile data written. filename=experiment-output/0003/slave-018/prof-client.block name=block
14:47:11.147 INF Profile data written. filename=experiment-output/0003/slave-018/prof-client.mutex name=mutex
