{"level":"debug","Logging":"info","time":"2023-03-25T08:24:27Z","message":"Config"}
{"level":"debug","UseTLS":false,"time":"2023-03-25T08:24:27Z","message":"Config"}
{"level":"debug","CACertFile":"tls-data/ca.pem","time":"2023-03-25T08:24:27Z","message":"Config"}
{"level":"debug","KeyFile":"tls-data/auth.key","time":"2023-03-25T08:24:27Z","message":"Config"}
{"level":"debug","CertFile":"tls-data/auth.pem","time":"2023-03-25T08:24:27Z","message":"Config"}
{"level":"debug","PriorityConnections":2,"time":"2023-03-25T08:24:27Z","message":"Config"}
{"level":"debug","BasicConnections":1,"time":"2023-03-25T08:24:27Z","message":"Config"}
{"level":"debug","TestConnections":false,"time":"2023-03-25T08:24:27Z","message":"Config"}
{"level":"debug","ExcessConnections":1,"time":"2023-03-25T08:24:27Z","message":"Config"}
{"level":"debug","ConnectionTestMsgs":4,"time":"2023-03-25T08:24:27Z","message":"Config"}
{"level":"debug","ConnectionTestPayload":131072,"time":"2023-03-25T08:24:27Z","message":"Config"}
{"level":"debug","OutMessageBufsize":1024,"time":"2023-03-25T08:24:27Z","message":"Config"}
{"level":"debug","OutMessageBufsize":4,"time":"2023-03-25T08:24:27Z","message":"Config"}
{"level":"debug","ThroughputCap":131072000,"time":"2023-03-25T08:24:27Z","message":"Config"}
{"level":"debug","StragglerTolerance":1000,"time":"2023-03-25T08:24:27Z","message":"Config"}
{"level":"debug","BatchSizeIncrement":256,"time":"2023-03-25T08:24:27Z","message":"Config"}
{"level":"debug","Orderer":"Pbft","time":"2023-03-25T08:24:27Z","message":"Config"}
{"level":"debug","Manager":"Mir","time":"2023-03-25T08:24:27Z","message":"Config"}
{"level":"debug","Failures":0,"time":"2023-03-25T08:24:27Z","message":"Config"}
{"level":"debug","StragglerCnt":0,"time":"2023-03-25T08:24:27Z","message":"Config"}
{"level":"debug","PrivKeyCnt":10,"time":"2023-03-25T08:24:27Z","message":"Config"}
{"level":"debug","UseSig":false,"time":"2023-03-25T08:24:27Z","message":"Config"}
{"level":"debug","CrashTiming":"Straggler","time":"2023-03-25T08:24:27Z","message":"Config"}
{"level":"debug","CheckpointInterval":512,"time":"2023-03-25T08:24:27Z","message":"Config"}
{"level":"debug","WatermarkWindowSize":512,"time":"2023-03-25T08:24:27Z","message":"Config"}
{"level":"debug","EpochLength":512,"time":"2023-03-25T08:24:27Z","message":"Config"}
{"level":"debug","SegmentLength":32,"time":"2023-03-25T08:24:27Z","message":"Config"}
{"level":"debug","WaitForCheckpoints":true,"time":"2023-03-25T08:24:27Z","message":"Config"}
{"level":"debug","ClientWatermarkWindowSize":16384,"time":"2023-03-25T08:24:27Z","message":"Config"}
{"level":"debug","ClientRequestBacklogSize":16384,"time":"2023-03-25T08:24:27Z","message":"Config"}
{"level":"debug","RandomSeed":30627,"time":"2023-03-25T08:24:27Z","message":"Config"}
{"level":"debug","NodeToLeaderRatio":1,"time":"2023-03-25T08:24:27Z","message":"Config"}
{"level":"debug","LeaderPolicy":"Simple","time":"2023-03-25T08:24:27Z","message":"Config"}
{"level":"debug","DefaultLeaderBan":2,"time":"2023-03-25T08:24:27Z","message":"Config"}
{"level":"debug","NumBuckets":256,"time":"2023-03-25T08:24:27Z","message":"Config"}
{"level":"debug","BatchSize":2500,"time":"2023-03-25T08:24:27Z","message":"Config"}
{"level":"debug","DisabledViewChange":false,"time":"2023-03-25T08:24:27Z","message":"Config"}
{"level":"debug","ViewChangeTimeout":60000,"time":"2023-03-25T08:24:27Z","message":"Config"}
{"level":"debug","ClientTraceSampling":10,"time":"2023-03-25T08:24:27Z","message":"Config"}
{"level":"debug","EventBufferSize":2097152,"time":"2023-03-25T08:24:27Z","message":"Config"}
{"level":"debug","TraceSampling":1,"time":"2023-03-25T08:24:27Z","message":"Config"}
{"level":"debug","ClientsPerProcess":8,"time":"2023-03-25T08:24:27Z","message":"Config"}
{"level":"debug","RequestsPerClient":9375,"time":"2023-03-25T08:24:27Z","message":"Config"}
{"level":"debug","ClientRunTime":15000,"time":"2023-03-25T08:24:27Z","message":"Config"}
{"level":"debug","RequestRate":312,"time":"2023-03-25T08:24:27Z","message":"Config"}
{"level":"debug","HardRequestRateLimit":false,"time":"2023-03-25T08:24:27Z","message":"Config"}
{"level":"debug","RequestPayloadSize":500,"time":"2023-03-25T08:24:27Z","message":"Config"}
{"level":"debug","SignRequests":true,"time":"2023-03-25T08:24:27Z","message":"Config"}
{"level":"debug","ClientPrivKeyFile":"tls-data/client-ecdsa-256.key","time":"2023-03-25T08:24:27Z","message":"Config"}
{"level":"debug","ClientPubKeyFile":"tls-data/client-ecdsa-256.pem","time":"2023-03-25T08:24:27Z","message":"Config"}
{"level":"debug","PrecomputeRequests":false,"time":"2023-03-25T08:24:27Z","message":"Config"}
{"level":"debug","RequestHandlerThreads":32,"time":"2023-03-25T08:24:27Z","message":"Config"}
{"level":"debug","RequestInputChannelBuffer":8192,"time":"2023-03-25T08:24:27Z","message":"Config"}
{"level":"debug","BatchVerifier":"external","time":"2023-03-25T08:24:27Z","message":"Config"}
08:24:27.496 INF Started Profiler: CPU
08:24:27.496 INF Started Profiler: BLOCK
08:24:27.496 INF Started Profiler: MUTEX
08:24:27.496 INF Starting clients. numClients=8 numRequests=9375
08:24:27.496 INF Initilizing clients.
08:24:27.775 INF Registared with discovery server. numOrderers=16 ownClientId=64
08:24:27.776 INF Registared with discovery server. numOrderers=16 ownClientId=75
08:24:27.776 INF Registared with discovery server. numOrderers=16 ownClientId=78
08:24:27.776 INF Registared with discovery server. numOrderers=16 ownClientId=79
08:24:27.776 INF Registared with discovery server. numOrderers=16 ownClientId=72
08:24:27.777 INF Registared with discovery server. numOrderers=16 ownClientId=99
08:24:27.777 INF Registared with discovery server. numOrderers=16 ownClientId=109
08:24:27.777 INF Registared with discovery server. numOrderers=16 ownClientId=108
08:24:27.777 INF Clients initialized.
08:24:27.777 INF Launching clients.
08:24:27.777 INF Waiting for clients.
08:25:56.178 INF Stopping Tracer. events=1878 fileName=experiment-output/0005/slave-010/client-075.trc
zerolog: could not write event: write experiment-output/0005/slave-010/client-075.log: file already closed
zerolog: could not write event: write experiment-output/0005/slave-010/client-075.log: file already closed
zerolog: could not write event: write experiment-output/0005/slave-010/client-075.log: file already closed
zerolog: could not write event: write experiment-output/0005/slave-010/client-075.log: file already closed
08:25:56.181 INF Trace data written.
08:25:56.210 INF Stopping Tracer. events=1897 fileName=experiment-output/0005/slave-010/client-099.trc
zerolog: could not write event: write experiment-output/0005/slave-010/client-099.log: file already closed
zerolog: could not write event: write experiment-output/0005/slave-010/client-099.log: file already closed
zerolog: could not write event: write experiment-output/0005/slave-010/client-099.log: file already closed
zerolog: could not write event: write experiment-output/0005/slave-010/client-099.log: file already closed
08:25:56.214 INF Trace data written.
08:25:56.220 INF Stopping Tracer. events=1877 fileName=experiment-output/0005/slave-010/client-079.trc
zerolog: could not write event: write experiment-output/0005/slave-010/client-079.log: file already closed
zerolog: could not write event: write experiment-output/0005/slave-010/client-079.log: file already closed
zerolog: could not write event: write experiment-output/0005/slave-010/client-079.log: file already closed
08:25:56.220 INF Stopping Tracer. events=2839 fileName=experiment-output/0005/slave-010/client-072.trc
08:25:56.220 INF Stopping Tracer. events=2773 fileName=experiment-output/0005/slave-010/client-078.trc
zerolog: could not write event: write experiment-output/0005/slave-010/client-078.log: file already closed
zerolog: could not write event: write experiment-output/0005/slave-010/client-072.log: file already closed
zerolog: could not write event: write experiment-output/0005/slave-010/client-072.log: file already closed
zerolog: could not write event: write experiment-output/0005/slave-010/client-078.log: file already closed
zerolog: could not write event: write experiment-output/0005/slave-010/client-072.log: file already closed
zerolog: could not write event: write experiment-output/0005/slave-010/client-078.log: file already closed
zerolog: could not write event: write experiment-output/0005/slave-010/client-079.log: file already closed
zerolog: could not write event: write experiment-output/0005/slave-010/client-078.log: file already closed
zerolog: could not write event: write experiment-output/0005/slave-010/client-072.log: file already closed
08:25:56.223 INF Trace data written.
08:25:56.225 INF Trace data written.
08:25:56.225 INF Trace data written.
08:25:56.228 INF Stopping Tracer. events=2725 fileName=experiment-output/0005/slave-010/client-108.trc
zerolog: could not write event: write experiment-output/0005/slave-010/client-108.log: file already closed
08:25:56.228 INF Stopping Tracer. events=2820 fileName=experiment-output/0005/slave-010/client-064.trc
zerolog: could not write event: write experiment-output/0005/slave-010/client-108.log: file already closed
zerolog: could not write event: write experiment-output/0005/slave-010/client-108.log: file already closed
zerolog: could not write event: write experiment-output/0005/slave-010/client-108.log: file already closed
zerolog: could not write event: write experiment-output/0005/slave-010/client-064.log: file already closed
zerolog: could not write event: write experiment-output/0005/slave-010/client-064.log: file already closed
zerolog: could not write event: write experiment-output/0005/slave-010/client-064.log: file already closed
zerolog: could not write event: write experiment-output/0005/slave-010/client-064.log: file already closed
08:25:56.231 INF Stopping Tracer. events=1896 fileName=experiment-output/0005/slave-010/client-109.trc
zerolog: could not write event: write experiment-output/0005/slave-010/client-109.log: file already closed
zerolog: could not write event: write experiment-output/0005/slave-010/client-109.log: file already closed
zerolog: could not write event: write experiment-output/0005/slave-010/client-109.log: file already closed
zerolog: could not write event: write experiment-output/0005/slave-010/client-109.log: file already closed
08:25:56.233 INF Trace data written.
08:25:56.233 INF Trace data written.
08:25:56.235 INF Trace data written.
08:25:56.235 INF Done.
08:25:56.235 INF Stopping profiler.
08:25:56.253 INF Profile data written. filename=experiment-output/0005/slave-010/prof-client.block name=block
08:25:56.259 INF Profile data written. filename=experiment-output/0005/slave-010/prof-client.mutex name=mutex
zerolog: could not write event: write experiment-output/0005/slave-010/client-075.log: file already closed
zerolog: could not write event: write experiment-output/0005/slave-010/client-075.log: file already closed
zerolog: could not write event: write experiment-output/0005/slave-010/client-075.log: file already closed
zerolog: could not write event: write experiment-output/0005/slave-010/client-075.log: file already closed
zerolog: could not write event: write experiment-output/0005/slave-010/client-099.log: file already closed
zerolog: could not write event: write experiment-output/0005/slave-010/client-099.log: file already closed
zerolog: could not write event: write experiment-output/0005/slave-010/client-099.log: file already closed
zerolog: could not write event: write experiment-output/0005/slave-010/client-099.log: file already closed
zerolog: could not write event: write experiment-output/0005/slave-010/client-079.log: file already closed
zerolog: could not write event: write experiment-output/0005/slave-010/client-079.log: file already closed
zerolog: could not write event: write experiment-output/0005/slave-010/client-079.log: file already closed
zerolog: could not write event: write experiment-output/0005/slave-010/client-079.log: file already closed
zerolog: could not write event: write experiment-output/0005/slave-010/client-078.log: file already closed
zerolog: could not write event: write experiment-output/0005/slave-010/client-072.log: file already closed
zerolog: could not write event: write experiment-output/0005/slave-010/client-078.log: file already closed
zerolog: could not write event: write experiment-output/0005/slave-010/client-072.log: file already closed
zerolog: could not write event: write experiment-output/0005/slave-010/client-072.log: file already closed
zerolog: could not write event: write experiment-output/0005/slave-010/client-072.log: file already closed
zerolog: could not write event: write experiment-output/0005/slave-010/client-078.log: file already closed
zerolog: could not write event: write experiment-output/0005/slave-010/client-078.log: file already closed
zerolog: could not write event: write experiment-output/0005/slave-010/client-108.log: file already closed
zerolog: could not write event: write experiment-output/0005/slave-010/client-108.log: file already closed
zerolog: could not write event: write experiment-output/0005/slave-010/client-108.log: file already closed
zerolog: could not write event: write experiment-output/0005/slave-010/client-108.log: file already closed
zerolog: could not write event: write experiment-output/0005/slave-010/client-064.log: file already closed
zerolog: could not write event: write experiment-output/0005/slave-010/client-064.log: file already closed
zerolog: could not write event: write experiment-output/0005/slave-010/client-064.log: file already closed
zerolog: could not write event: write experiment-output/0005/slave-010/client-064.log: file already closed
zerolog: could not write event: write experiment-output/0005/slave-010/client-109.log: file already closed
zerolog: could not write event: write experiment-output/0005/slave-010/client-109.log: file already closed
zerolog: could not write event: write experiment-output/0005/slave-010/client-109.log: file already closed
zerolog: could not write event: write experiment-output/0005/slave-010/client-109.log: file already closed
08:25:56.389 INF Profile data written. filename=experiment-output/0005/slave-010/prof-client.cpu name=cpu
