{"level":"debug","Logging":"info","time":"2023-03-27T09:47:26Z","message":"Config"}
{"level":"debug","UseTLS":false,"time":"2023-03-27T09:47:26Z","message":"Config"}
{"level":"debug","CACertFile":"tls-data/ca.pem","time":"2023-03-27T09:47:26Z","message":"Config"}
{"level":"debug","KeyFile":"tls-data/auth.key","time":"2023-03-27T09:47:26Z","message":"Config"}
{"level":"debug","CertFile":"tls-data/auth.pem","time":"2023-03-27T09:47:26Z","message":"Config"}
{"level":"debug","PriorityConnections":2,"time":"2023-03-27T09:47:26Z","message":"Config"}
{"level":"debug","BasicConnections":1,"time":"2023-03-27T09:47:26Z","message":"Config"}
{"level":"debug","TestConnections":false,"time":"2023-03-27T09:47:26Z","message":"Config"}
{"level":"debug","ExcessConnections":1,"time":"2023-03-27T09:47:26Z","message":"Config"}
{"level":"debug","ConnectionTestMsgs":4,"time":"2023-03-27T09:47:26Z","message":"Config"}
{"level":"debug","ConnectionTestPayload":131072,"time":"2023-03-27T09:47:26Z","message":"Config"}
{"level":"debug","OutMessageBufsize":1024,"time":"2023-03-27T09:47:26Z","message":"Config"}
{"level":"debug","OutMessageBufsize":4,"time":"2023-03-27T09:47:26Z","message":"Config"}
{"level":"debug","ThroughputCap":131072000,"time":"2023-03-27T09:47:26Z","message":"Config"}
{"level":"debug","StragglerTolerance":1000,"time":"2023-03-27T09:47:26Z","message":"Config"}
{"level":"debug","BatchSizeIncrement":256,"time":"2023-03-27T09:47:26Z","message":"Config"}
{"level":"debug","Orderer":"Pbft","time":"2023-03-27T09:47:26Z","message":"Config"}
{"level":"debug","Manager":"Mir","time":"2023-03-27T09:47:26Z","message":"Config"}
{"level":"debug","Failures":0,"time":"2023-03-27T09:47:26Z","message":"Config"}
{"level":"debug","StragglerCnt":1,"time":"2023-03-27T09:47:26Z","message":"Config"}
{"level":"debug","CrashTiming":"Straggler","time":"2023-03-27T09:47:26Z","message":"Config"}
{"level":"debug","CheckpointInterval":512,"time":"2023-03-27T09:47:26Z","message":"Config"}
{"level":"debug","WatermarkWindowSize":512,"time":"2023-03-27T09:47:26Z","message":"Config"}
{"level":"debug","EpochLength":512,"time":"2023-03-27T09:47:26Z","message":"Config"}
{"level":"debug","SegmentLength":32,"time":"2023-03-27T09:47:26Z","message":"Config"}
{"level":"debug","WaitForCheckpoints":true,"time":"2023-03-27T09:47:26Z","message":"Config"}
{"level":"debug","ClientWatermarkWindowSize":16384,"time":"2023-03-27T09:47:26Z","message":"Config"}
{"level":"debug","ClientRequestBacklogSize":16384,"time":"2023-03-27T09:47:26Z","message":"Config"}
{"level":"debug","RandomSeed":23325,"time":"2023-03-27T09:47:26Z","message":"Config"}
{"level":"debug","NodeToLeaderRatio":1,"time":"2023-03-27T09:47:26Z","message":"Config"}
{"level":"debug","LeaderPolicy":"Simple","time":"2023-03-27T09:47:26Z","message":"Config"}
{"level":"debug","DefaultLeaderBan":2,"time":"2023-03-27T09:47:26Z","message":"Config"}
{"level":"debug","NumBuckets":256,"time":"2023-03-27T09:47:26Z","message":"Config"}
{"level":"debug","BatchSize":1000,"time":"2023-03-27T09:47:26Z","message":"Config"}
{"level":"debug","DisabledViewChange":false,"time":"2023-03-27T09:47:26Z","message":"Config"}
{"level":"debug","ViewChangeTimeout":60000,"time":"2023-03-27T09:47:26Z","message":"Config"}
{"level":"debug","ClientTraceSampling":10,"time":"2023-03-27T09:47:26Z","message":"Config"}
{"level":"debug","EventBufferSize":2097152,"time":"2023-03-27T09:47:26Z","message":"Config"}
{"level":"debug","TraceSampling":1,"time":"2023-03-27T09:47:26Z","message":"Config"}
{"level":"debug","ClientsPerProcess":8,"time":"2023-03-27T09:47:26Z","message":"Config"}
{"level":"debug","RequestsPerClient":1171,"time":"2023-03-27T09:47:26Z","message":"Config"}
{"level":"debug","ClientRunTime":15000,"time":"2023-03-27T09:47:26Z","message":"Config"}
{"level":"debug","RequestRate":39,"time":"2023-03-27T09:47:26Z","message":"Config"}
{"level":"debug","HardRequestRateLimit":false,"time":"2023-03-27T09:47:26Z","message":"Config"}
{"level":"debug","RequestPayloadSize":500,"time":"2023-03-27T09:47:26Z","message":"Config"}
{"level":"debug","SignRequests":true,"time":"2023-03-27T09:47:26Z","message":"Config"}
{"level":"debug","ClientPrivKeyFile":"tls-data/client-ecdsa-256.key","time":"2023-03-27T09:47:26Z","message":"Config"}
{"level":"debug","ClientPubKeyFile":"tls-data/client-ecdsa-256.pem","time":"2023-03-27T09:47:26Z","message":"Config"}
{"level":"debug","PrecomputeRequests":false,"time":"2023-03-27T09:47:26Z","message":"Config"}
{"level":"debug","RequestHandlerThreads":32,"time":"2023-03-27T09:47:26Z","message":"Config"}
{"level":"debug","RequestInputChannelBuffer":8192,"time":"2023-03-27T09:47:26Z","message":"Config"}
{"level":"debug","BatchVerifier":"external","time":"2023-03-27T09:47:26Z","message":"Config"}
09:47:26.558 INF Started Profiler: CPU
09:47:26.558 INF Started Profiler: BLOCK
09:47:26.558 INF Started Profiler: MUTEX
09:47:26.558 INF Starting clients. numClients=8 numRequests=1171
09:47:26.558 INF Initilizing clients.
09:47:26.954 INF Registared with discovery server. numOrderers=16 ownClientId=142
09:47:26.956 INF Registared with discovery server. numOrderers=16 ownClientId=157
09:47:26.956 INF Registared with discovery server. numOrderers=16 ownClientId=155
09:47:26.957 INF Registared with discovery server. numOrderers=16 ownClientId=167
09:47:26.959 INF Registared with discovery server. numOrderers=16 ownClientId=183
09:47:26.959 INF Registared with discovery server. numOrderers=16 ownClientId=187
09:47:26.960 INF Registared with discovery server. numOrderers=16 ownClientId=188
09:47:26.960 INF Registared with discovery server. numOrderers=16 ownClientId=190
09:47:26.960 INF Clients initialized.
09:47:26.960 INF Launching clients.
09:47:26.960 INF Waiting for clients.
09:53:07.249 INF Stopping Tracer. events=451 fileName=experiment-output/0001/slave-012/client-157.trc
zerolog: could not write event: write experiment-output/0001/slave-012/client-157.log: file already closed
09:53:07.250 INF Stopping Tracer. events=269 fileName=experiment-output/0001/slave-012/client-183.trc
zerolog: could not write event: write experiment-output/0001/slave-012/client-157.log: file already closed
zerolog: could not write event: write experiment-output/0001/slave-012/client-157.log: file already closed
zerolog: could not write event: write experiment-output/0001/slave-012/client-157.log: file already closed
09:53:07.250 INF Stopping Tracer. events=237 fileName=experiment-output/0001/slave-012/client-142.trc
zerolog: could not write event: write experiment-output/0001/slave-012/client-183.log: file already closed
zerolog: could not write event: write experiment-output/0001/slave-012/client-183.log: file already closed
09:53:07.251 INF Trace data written.
09:53:07.251 INF Stopping Tracer. events=285 fileName=experiment-output/0001/slave-012/client-155.trc
zerolog: could not write event: write experiment-output/0001/slave-012/client-183.log: file already closed
zerolog: could not write event: write experiment-output/0001/slave-012/client-183.log: file already closed
09:53:07.251 INF Trace data written.
zerolog: could not write event: write experiment-output/0001/slave-012/client-142.log: file already closed
zerolog: could not write event: write experiment-output/0001/slave-012/client-142.log: file already closed
zerolog: could not write event: write experiment-output/0001/slave-012/client-155.log: file already closed
zerolog: could not write event: write experiment-output/0001/slave-012/client-142.log: file already closed
zerolog: could not write event: write experiment-output/0001/slave-012/client-142.log: file already closed
zerolog: could not write event: write experiment-output/0001/slave-012/client-155.log: file already closed
zerolog: could not write event: write experiment-output/0001/slave-012/client-155.log: file already closed
zerolog: could not write event: write experiment-output/0001/slave-012/client-155.log: file already closed
09:53:07.251 INF Trace data written.
09:53:07.251 INF Trace data written.
09:53:07.259 INF Stopping Tracer. events=237 fileName=experiment-output/0001/slave-012/client-188.trc
zerolog: could not write event: write experiment-output/0001/slave-012/client-188.log: file already closed
zerolog: could not write event: write experiment-output/0001/slave-012/client-188.log: file already closed
zerolog: could not write event: write experiment-output/0001/slave-012/client-188.log: file already closed
zerolog: could not write event: write experiment-output/0001/slave-012/client-188.log: file already closed
09:53:07.259 INF Trace data written.
09:53:07.287 INF Stopping Tracer. events=477 fileName=experiment-output/0001/slave-012/client-187.trc
zerolog: could not write event: write experiment-output/0001/slave-012/client-187.log: file already closed
zerolog: could not write event: write experiment-output/0001/slave-012/client-187.log: file already closed
zerolog: could not write event: write experiment-output/0001/slave-012/client-187.log: file already closed
zerolog: could not write event: write experiment-output/0001/slave-012/client-187.log: file already closed
09:53:07.287 INF Trace data written.
zerolog: could not write event: write experiment-output/0001/slave-012/client-157.log: file already closed
zerolog: could not write event: write experiment-output/0001/slave-012/client-183.log: file already closed
zerolog: could not write event: write experiment-output/0001/slave-012/client-183.log: file already closed
zerolog: could not write event: write experiment-output/0001/slave-012/client-157.log: file already closed
zerolog: could not write event: write experiment-output/0001/slave-012/client-155.log: file already closed
zerolog: could not write event: write experiment-output/0001/slave-012/client-142.log: file already closed
zerolog: could not write event: write experiment-output/0001/slave-012/client-183.log: file already closed
zerolog: could not write event: write experiment-output/0001/slave-012/client-188.log: file already closed
zerolog: could not write event: write experiment-output/0001/slave-012/client-188.log: file already closed
zerolog: could not write event: write experiment-output/0001/slave-012/client-188.log: file already closed
zerolog: could not write event: write experiment-output/0001/slave-012/client-157.log: file already closed
zerolog: could not write event: write experiment-output/0001/slave-012/client-142.log: file already closed
zerolog: could not write event: write experiment-output/0001/slave-012/client-142.log: file already closed
zerolog: could not write event: write experiment-output/0001/slave-012/client-183.log: file already closed
zerolog: could not write event: write experiment-output/0001/slave-012/client-157.log: file already closed
zerolog: could not write event: write experiment-output/0001/slave-012/client-155.log: file already closed
zerolog: could not write event: write experiment-output/0001/slave-012/client-155.log: file already closed
zerolog: could not write event: write experiment-output/0001/slave-012/client-142.log: file already closed
zerolog: could not write event: write experiment-output/0001/slave-012/client-155.log: file already closed
zerolog: could not write event: write experiment-output/0001/slave-012/client-188.log: file already closed
zerolog: could not write event: write experiment-output/0001/slave-012/client-157.log: file already closed
zerolog: could not write event: write experiment-output/0001/slave-012/client-157.log: file already closed
zerolog: could not write event: write experiment-output/0001/slave-012/client-183.log: file already closed
zerolog: could not write event: write experiment-output/0001/slave-012/client-142.log: file already closed
zerolog: could not write event: write experiment-output/0001/slave-012/client-142.log: file already closed
zerolog: could not write event: write experiment-output/0001/slave-012/client-155.log: file already closed
zerolog: could not write event: write experiment-output/0001/slave-012/client-183.log: file already closed
zerolog: could not write event: write experiment-output/0001/slave-012/client-183.log: file already closed
zerolog: could not write event: write experiment-output/0001/slave-012/client-157.log: file already closed
zerolog: could not write event: write experiment-output/0001/slave-012/client-155.log: file already closed
zerolog: could not write event: write experiment-output/0001/slave-012/client-142.log: file already closed
zerolog: could not write event: write experiment-output/0001/slave-012/client-157.log: file already closed
zerolog: could not write event: write experiment-output/0001/slave-012/client-155.log: file already closed
zerolog: could not write event: write experiment-output/0001/slave-012/client-183.log: file already closed
zerolog: could not write event: write experiment-output/0001/slave-012/client-142.log: file already closed
zerolog: could not write event: write experiment-output/0001/slave-012/client-155.log: file already closed
zerolog: could not write event: write experiment-output/0001/slave-012/client-187.log: file already closed
zerolog: could not write event: write experiment-output/0001/slave-012/client-188.log: file already closed
zerolog: could not write event: write experiment-output/0001/slave-012/client-188.log: file already closed
zerolog: could not write event: write experiment-output/0001/slave-012/client-188.log: file already closed
zerolog: could not write event: write experiment-output/0001/slave-012/client-188.log: file already closed
zerolog: could not write event: write experiment-output/0001/slave-012/client-187.log: file already closed
zerolog: could not write event: write experiment-output/0001/slave-012/client-187.log: file already closed
zerolog: could not write event: write experiment-output/0001/slave-012/client-187.log: file already closed
zerolog: could not write event: write experiment-output/0001/slave-012/client-187.log: file already closed
zerolog: could not write event: write experiment-output/0001/slave-012/client-187.log: file already closed
zerolog: could not write event: write experiment-output/0001/slave-012/client-187.log: file already closed
zerolog: could not write event: write experiment-output/0001/slave-012/client-187.log: file already closed
zerolog: could not write event: write experiment-output/0001/slave-012/client-157.log: file already closed
zerolog: could not write event: write experiment-output/0001/slave-012/client-157.log: file already closed
zerolog: could not write event: write experiment-output/0001/slave-012/client-157.log: file already closed
zerolog: could not write event: write experiment-output/0001/slave-012/client-183.log: file already closed
zerolog: could not write event: write experiment-output/0001/slave-012/client-142.log: file already closed
zerolog: could not write event: write experiment-output/0001/slave-012/client-155.log: file already closed
zerolog: could not write event: write experiment-output/0001/slave-012/client-183.log: file already closed
zerolog: could not write event: write experiment-output/0001/slave-012/client-183.log: file already closed
zerolog: could not write event: write experiment-output/0001/slave-012/client-142.log: file already closed
zerolog: could not write event: write experiment-output/0001/slave-012/client-142.log: file already closed
zerolog: could not write event: write experiment-output/0001/slave-012/client-142.log: file already closed
zerolog: could not write event: write experiment-output/0001/slave-012/client-157.log: file already closed
zerolog: could not write event: write experiment-output/0001/slave-012/client-155.log: file already closed
zerolog: could not write event: write experiment-output/0001/slave-012/client-155.log: file already closed
zerolog: could not write event: write experiment-output/0001/slave-012/client-155.log: file already closed
zerolog: could not write event: write experiment-output/0001/slave-012/client-183.log: file already closed
zerolog: could not write event: write experiment-output/0001/slave-012/client-188.log: file already closed
zerolog: could not write event: write experiment-output/0001/slave-012/client-188.log: file already closed
zerolog: could not write event: write experiment-output/0001/slave-012/client-188.log: file already closed
zerolog: could not write event: write experiment-output/0001/slave-012/client-188.log: file already closed
zerolog: could not write event: write experiment-output/0001/slave-012/client-187.log: file already closed
zerolog: could not write event: write experiment-output/0001/slave-012/client-187.log: file already closed
zerolog: could not write event: write experiment-output/0001/slave-012/client-187.log: file already closed
zerolog: could not write event: write experiment-output/0001/slave-012/client-187.log: file already closed
09:53:08.175 INF Stopping Tracer. events=237 fileName=experiment-output/0001/slave-012/client-190.trc
zerolog: could not write event: write experiment-output/0001/slave-012/client-190.log: file already closed
zerolog: could not write event: write experiment-output/0001/slave-012/client-190.log: file already closed
zerolog: could not write event: write experiment-output/0001/slave-012/client-190.log: file already closed
zerolog: could not write event: write experiment-output/0001/slave-012/client-190.log: file already closed
09:53:08.176 INF Trace data written.
09:53:08.210 INF Stopping Tracer. events=461 fileName=experiment-output/0001/slave-012/client-167.trc
zerolog: could not write event: write experiment-output/0001/slave-012/client-167.log: file already closed
zerolog: could not write event: write experiment-output/0001/slave-012/client-167.log: file already closed
zerolog: could not write event: write experiment-output/0001/slave-012/client-167.log: file already closed
zerolog: could not write event: write experiment-output/0001/slave-012/client-167.log: file already closed
09:53:08.210 INF Trace data written.
09:53:08.210 INF Done.
09:53:08.211 INF Stopping profiler.
09:53:08.213 INF Profile data written. filename=experiment-output/0001/slave-012/prof-client.cpu name=cpu
09:53:08.232 INF Profile data written. filename=experiment-output/0001/slave-012/prof-client.block name=block
09:53:08.238 INF Profile data written. filename=experiment-output/0001/slave-012/prof-client.mutex name=mutex
