{"level":"debug","Logging":"info","time":"2023-03-30T03:30:09Z","message":"Config"}
{"level":"debug","UseTLS":false,"time":"2023-03-30T03:30:09Z","message":"Config"}
{"level":"debug","CACertFile":"tls-data/ca.pem","time":"2023-03-30T03:30:09Z","message":"Config"}
{"level":"debug","KeyFile":"tls-data/auth.key","time":"2023-03-30T03:30:09Z","message":"Config"}
{"level":"debug","CertFile":"tls-data/auth.pem","time":"2023-03-30T03:30:09Z","message":"Config"}
{"level":"debug","PriorityConnections":2,"time":"2023-03-30T03:30:09Z","message":"Config"}
{"level":"debug","BasicConnections":1,"time":"2023-03-30T03:30:09Z","message":"Config"}
{"level":"debug","TestConnections":false,"time":"2023-03-30T03:30:09Z","message":"Config"}
{"level":"debug","ExcessConnections":1,"time":"2023-03-30T03:30:09Z","message":"Config"}
{"level":"debug","ConnectionTestMsgs":4,"time":"2023-03-30T03:30:09Z","message":"Config"}
{"level":"debug","ConnectionTestPayload":131072,"time":"2023-03-30T03:30:09Z","message":"Config"}
{"level":"debug","OutMessageBufsize":1024,"time":"2023-03-30T03:30:09Z","message":"Config"}
{"level":"debug","OutMessageBufsize":4,"time":"2023-03-30T03:30:09Z","message":"Config"}
{"level":"debug","ThroughputCap":131072000,"time":"2023-03-30T03:30:09Z","message":"Config"}
{"level":"debug","StragglerTolerance":1000,"time":"2023-03-30T03:30:09Z","message":"Config"}
{"level":"debug","BatchSizeIncrement":256,"time":"2023-03-30T03:30:09Z","message":"Config"}
{"level":"debug","Orderer":"Pbft","time":"2023-03-30T03:30:09Z","message":"Config"}
{"level":"debug","Manager":"Mir","time":"2023-03-30T03:30:09Z","message":"Config"}
{"level":"debug","Failures":0,"time":"2023-03-30T03:30:09Z","message":"Config"}
{"level":"debug","StragglerCnt":4,"time":"2023-03-30T03:30:09Z","message":"Config"}
{"level":"debug","PrivKeyCnt":10,"time":"2023-03-30T03:30:09Z","message":"Config"}
{"level":"debug","UseSig":false,"time":"2023-03-30T03:30:09Z","message":"Config"}
{"level":"debug","CrashTiming":"Straggler","time":"2023-03-30T03:30:09Z","message":"Config"}
{"level":"debug","CheckpointInterval":1024,"time":"2023-03-30T03:30:09Z","message":"Config"}
{"level":"debug","WatermarkWindowSize":1024,"time":"2023-03-30T03:30:09Z","message":"Config"}
{"level":"debug","EpochLength":1024,"time":"2023-03-30T03:30:09Z","message":"Config"}
{"level":"debug","SegmentLength":64,"time":"2023-03-30T03:30:09Z","message":"Config"}
{"level":"debug","WaitForCheckpoints":true,"time":"2023-03-30T03:30:09Z","message":"Config"}
{"level":"debug","ClientWatermarkWindowSize":24576,"time":"2023-03-30T03:30:09Z","message":"Config"}
{"level":"debug","ClientRequestBacklogSize":24576,"time":"2023-03-30T03:30:09Z","message":"Config"}
{"level":"debug","RandomSeed":10089,"time":"2023-03-30T03:30:09Z","message":"Config"}
{"level":"debug","NodeToLeaderRatio":1,"time":"2023-03-30T03:30:09Z","message":"Config"}
{"level":"debug","LeaderPolicy":"Simple","time":"2023-03-30T03:30:09Z","message":"Config"}
{"level":"debug","DefaultLeaderBan":2,"time":"2023-03-30T03:30:09Z","message":"Config"}
{"level":"debug","NumBuckets":256,"time":"2023-03-30T03:30:09Z","message":"Config"}
{"level":"debug","BatchSize":1000,"time":"2023-03-30T03:30:09Z","message":"Config"}
{"level":"debug","DisabledViewChange":false,"time":"2023-03-30T03:30:09Z","message":"Config"}
{"level":"debug","ViewChangeTimeout":60000,"time":"2023-03-30T03:30:09Z","message":"Config"}
{"level":"debug","ClientTraceSampling":10,"time":"2023-03-30T03:30:09Z","message":"Config"}
{"level":"debug","EventBufferSize":2097152,"time":"2023-03-30T03:30:09Z","message":"Config"}
{"level":"debug","TraceSampling":1,"time":"2023-03-30T03:30:09Z","message":"Config"}
{"level":"debug","ClientsPerProcess":8,"time":"2023-03-30T03:30:09Z","message":"Config"}
{"level":"debug","RequestsPerClient":5859,"time":"2023-03-30T03:30:09Z","message":"Config"}
{"level":"debug","ClientRunTime":15000,"time":"2023-03-30T03:30:09Z","message":"Config"}
{"level":"debug","RequestRate":195,"time":"2023-03-30T03:30:09Z","message":"Config"}
{"level":"debug","HardRequestRateLimit":false,"time":"2023-03-30T03:30:09Z","message":"Config"}
{"level":"debug","RequestPayloadSize":500,"time":"2023-03-30T03:30:09Z","message":"Config"}
{"level":"debug","SignRequests":true,"time":"2023-03-30T03:30:09Z","message":"Config"}
{"level":"debug","ClientPrivKeyFile":"tls-data/client-ecdsa-256.key","time":"2023-03-30T03:30:09Z","message":"Config"}
{"level":"debug","ClientPubKeyFile":"tls-data/client-ecdsa-256.pem","time":"2023-03-30T03:30:09Z","message":"Config"}
{"level":"debug","PrecomputeRequests":false,"time":"2023-03-30T03:30:09Z","message":"Config"}
{"level":"debug","RequestHandlerThreads":32,"time":"2023-03-30T03:30:09Z","message":"Config"}
{"level":"debug","RequestInputChannelBuffer":8192,"time":"2023-03-30T03:30:09Z","message":"Config"}
{"level":"debug","BatchVerifier":"external","time":"2023-03-30T03:30:09Z","message":"Config"}
03:30:09.540 INF Started Profiler: CPU
03:30:09.540 INF Started Profiler: BLOCK
03:30:09.540 INF Started Profiler: MUTEX
03:30:09.540 INF Starting clients. numClients=8 numRequests=5859
03:30:09.540 INF Initilizing clients.
03:30:09.937 INF Registared with discovery server. numOrderers=16 ownClientId=159
03:30:09.937 INF Registared with discovery server. numOrderers=16 ownClientId=156
03:30:09.938 INF Registared with discovery server. numOrderers=16 ownClientId=151
03:30:09.937 INF Registared with discovery server. numOrderers=16 ownClientId=146
03:30:09.939 INF Registared with discovery server. numOrderers=16 ownClientId=176
03:30:09.940 INF Registared with discovery server. numOrderers=16 ownClientId=184
03:30:09.941 INF Registared with discovery server. numOrderers=16 ownClientId=189
03:30:09.942 INF Registared with discovery server. numOrderers=16 ownClientId=191
03:30:09.943 INF Clients initialized.
03:30:09.943 INF Launching clients.
03:30:09.943 INF Waiting for clients.
03:31:31.057 INF Stopping Tracer. events=1175 fileName=experiment-output/0001/slave-025/client-189.trc
zerolog: could not write event: write experiment-output/0001/slave-025/client-189.log: file already closed
zerolog: could not write event: write experiment-output/0001/slave-025/client-189.log: file already closed
zerolog: could not write event: write experiment-output/0001/slave-025/client-189.log: file already closed
zerolog: could not write event: write experiment-output/0001/slave-025/client-189.log: file already closed
03:31:31.059 INF Trace data written.
03:31:31.107 INF Stopping Tracer. events=1215 fileName=experiment-output/0001/slave-025/client-159.trc
zerolog: could not write event: write experiment-output/0001/slave-025/client-159.log: file already closed
zerolog: could not write event: write experiment-output/0001/slave-025/client-159.log: file already closed
zerolog: could not write event: write experiment-output/0001/slave-025/client-159.log: file already closed
zerolog: could not write event: write experiment-output/0001/slave-025/client-159.log: file already closed
03:31:31.109 INF Trace data written.
03:31:31.110 INF Stopping Tracer. events=1685 fileName=experiment-output/0001/slave-025/client-184.trc
zerolog: could not write event: write experiment-output/0001/slave-025/client-184.log: file already closed
zerolog: could not write event: write experiment-output/0001/slave-025/client-184.log: file already closed
zerolog: could not write event: write experiment-output/0001/slave-025/client-184.log: file already closed
zerolog: could not write event: write experiment-output/0001/slave-025/client-184.log: file already closed
03:31:31.113 INF Trace data written.
03:31:31.121 INF Stopping Tracer. events=1179 fileName=experiment-output/0001/slave-025/client-191.trc
03:31:31.121 INF Stopping Tracer. events=1702 fileName=experiment-output/0001/slave-025/client-156.trc
03:31:31.121 INF Stopping Tracer. events=1564 fileName=experiment-output/0001/slave-025/client-176.trc
03:31:31.121 INF Stopping Tracer. events=1199 fileName=experiment-output/0001/slave-025/client-151.trc
zerolog: could not write event: write experiment-output/0001/slave-025/client-191.log: file already closed
zerolog: could not write event: write experiment-output/0001/slave-025/client-156.log: file already closed
zerolog: could not write event: write experiment-output/0001/slave-025/client-156.log: file already closed
zerolog: could not write event: write experiment-output/0001/slave-025/client-176.log: file already closed
zerolog: could not write event: write experiment-output/0001/slave-025/client-191.log: file already closed
zerolog: could not write event: write experiment-output/0001/slave-025/client-156.log: file already closed
zerolog: could not write event: write experiment-output/0001/slave-025/client-191.log: file already closed
zerolog: could not write event: write experiment-output/0001/slave-025/client-146.log: file already closed
zerolog: could not write event: write experiment-output/0001/slave-025/client-191.log: file already closed
zerolog: could not write event: write experiment-output/0001/slave-025/client-146.log: file already closed
zerolog: could not write event: write experiment-output/0001/slave-025/client-151.log: file already closed
zerolog: could not write event: write experiment-output/0001/slave-025/client-146.log: file already closed
zerolog: could not write event: write experiment-output/0001/slave-025/client-176.log: file already closed
zerolog: could not write event: write experiment-output/0001/slave-025/client-146.log: file already closed
zerolog: could not write event: write experiment-output/0001/slave-025/client-151.log: file already closed
zerolog: could not write event: write experiment-output/0001/slave-025/client-151.log: file already closed
03:31:31.121 INF Stopping Tracer. events=1689 fileName=experiment-output/0001/slave-025/client-146.trc
zerolog: could not write event: write experiment-output/0001/slave-025/client-176.log: file already closed
zerolog: could not write event: write experiment-output/0001/slave-025/client-156.log: file already closed
zerolog: could not write event: write experiment-output/0001/slave-025/client-176.log: file already closed
zerolog: could not write event: write experiment-output/0001/slave-025/client-151.log: file already closed
03:31:31.123 INF Trace data written.
03:31:31.124 INF Trace data written.
03:31:31.124 INF Trace data written.
03:31:31.125 INF Trace data written.
03:31:31.126 INF Trace data written.
03:31:31.126 INF Done.
03:31:31.126 INF Stopping profiler.
zerolog: could not write event: write experiment-output/0001/slave-025/client-189.log: file already closed
zerolog: could not write event: write experiment-output/0001/slave-025/client-189.log: file already closed
zerolog: could not write event: write experiment-output/0001/slave-025/client-189.log: file already closed
zerolog: could not write event: write experiment-output/0001/slave-025/client-189.log: file already closed
zerolog: could not write event: write experiment-output/0001/slave-025/client-189.log: file already closed
zerolog: could not write event: write experiment-output/0001/slave-025/client-189.log: file already closed
zerolog: could not write event: write experiment-output/0001/slave-025/client-189.log: file already closed
zerolog: could not write event: write experiment-output/0001/slave-025/client-189.log: file already closed
zerolog: could not write event: write experiment-output/0001/slave-025/client-159.log: file already closed
zerolog: could not write event: write experiment-output/0001/slave-025/client-184.log: file already closed
zerolog: could not write event: write experiment-output/0001/slave-025/client-184.log: file already closed
zerolog: could not write event: write experiment-output/0001/slave-025/client-159.log: file already closed
zerolog: could not write event: write experiment-output/0001/slave-025/client-176.log: file already closed
zerolog: could not write event: write experiment-output/0001/slave-025/client-159.log: file already closed
zerolog: could not write event: write experiment-output/0001/slave-025/client-191.log: file already closed
zerolog: could not write event: write experiment-output/0001/slave-025/client-159.log: file already closed
zerolog: could not write event: write experiment-output/0001/slave-025/client-184.log: file already closed
zerolog: could not write event: write experiment-output/0001/slave-025/client-151.log: file already closed
zerolog: could not write event: write experiment-output/0001/slave-025/client-156.log: file already closed
zerolog: could not write event: write experiment-output/0001/slave-025/client-191.log: file already closed
zerolog: could not write event: write experiment-output/0001/slave-025/client-146.log: file already closed
zerolog: could not write event: write experiment-output/0001/slave-025/client-151.log: file already closed
zerolog: could not write event: write experiment-output/0001/slave-025/client-156.log: file already closed
zerolog: could not write event: write experiment-output/0001/slave-025/client-156.log: file already closed
zerolog: could not write event: write experiment-output/0001/slave-025/client-184.log: file already closed
zerolog: could not write event: write experiment-output/0001/slave-025/client-176.log: file already closed
zerolog: could not write event: write experiment-output/0001/slave-025/client-146.log: file already closed
zerolog: could not write event: write experiment-output/0001/slave-025/client-151.log: file already closed
zerolog: could not write event: write experiment-output/0001/slave-025/client-151.log: file already closed
zerolog: could not write event: write experiment-output/0001/slave-025/client-146.log: file already closed
zerolog: could not write event: write experiment-output/0001/slave-025/client-146.log: file already closed
zerolog: could not write event: write experiment-output/0001/slave-025/client-191.log: file already closed
zerolog: could not write event: write experiment-output/0001/slave-025/client-176.log: file already closed
zerolog: could not write event: write experiment-output/0001/slave-025/client-176.log: file already closed
zerolog: could not write event: write experiment-output/0001/slave-025/client-156.log: file already closed
zerolog: could not write event: write experiment-output/0001/slave-025/client-191.log: file already closed
zerolog: could not write event: write experiment-output/0001/slave-025/client-159.log: file already closed
zerolog: could not write event: write experiment-output/0001/slave-025/client-159.log: file already closed
zerolog: could not write event: write experiment-output/0001/slave-025/client-159.log: file already closed
zerolog: could not write event: write experiment-output/0001/slave-025/client-159.log: file already closed
zerolog: could not write event: write experiment-output/0001/slave-025/client-184.log: file already closed
zerolog: could not write event: write experiment-output/0001/slave-025/client-184.log: file already closed
zerolog: could not write event: write experiment-output/0001/slave-025/client-184.log: file already closed
zerolog: could not write event: write experiment-output/0001/slave-025/client-184.log: file already closed
zerolog: could not write event: write experiment-output/0001/slave-025/client-156.log: file already closed
zerolog: could not write event: write experiment-output/0001/slave-025/client-151.log: file already closed
zerolog: could not write event: write experiment-output/0001/slave-025/client-176.log: file already closed
zerolog: could not write event: write experiment-output/0001/slave-025/client-156.log: file already closed
zerolog: could not write event: write experiment-output/0001/slave-025/client-176.log: file already closed
zerolog: could not write event: write experiment-output/0001/slave-025/client-156.log: file already closed
zerolog: could not write event: write experiment-output/0001/slave-025/client-146.log: file already closed
zerolog: could not write event: write experiment-output/0001/slave-025/client-191.log: file already closed
zerolog: could not write event: write experiment-output/0001/slave-025/client-146.log: file already closed
zerolog: could not write event: write experiment-output/0001/slave-025/client-151.log: file already closed
zerolog: could not write event: write experiment-output/0001/slave-025/client-156.log: file already closed
zerolog: could not write event: write experiment-output/0001/slave-025/client-191.log: file already closed
zerolog: could not write event: write experiment-output/0001/slave-025/client-191.log: file already closed
zerolog: could not write event: write experiment-output/0001/slave-025/client-176.log: file already closed
zerolog: could not write event: write experiment-output/0001/slave-025/client-151.log: file already closed
zerolog: could not write event: write experiment-output/0001/slave-025/client-176.log: file already closed
zerolog: could not write event: write experiment-output/0001/slave-025/client-191.log: file already closed
zerolog: could not write event: write experiment-output/0001/slave-025/client-146.log: file already closed
zerolog: could not write event: write experiment-output/0001/slave-025/client-146.log: file already closed
zerolog: could not write event: write experiment-output/0001/slave-025/client-151.log: file already closed
zerolog: could not write event: write experiment-output/0001/slave-025/client-189.log: file already closed
zerolog: could not write event: write experiment-output/0001/slave-025/client-189.log: file already closed
zerolog: could not write event: write experiment-output/0001/slave-025/client-189.log: file already closed
zerolog: could not write event: write experiment-output/0001/slave-025/client-189.log: file already closed
03:31:31.307 INF Profile data written. filename=experiment-output/0001/slave-025/prof-client.cpu name=cpu
zerolog: could not write event: write experiment-output/0001/slave-025/client-159.log: file already closed
zerolog: could not write event: write experiment-output/0001/slave-025/client-159.log: file already closed
zerolog: could not write event: write experiment-output/0001/slave-025/client-159.log: file already closed
zerolog: could not write event: write experiment-output/0001/slave-025/client-159.log: file already closed
zerolog: could not write event: write experiment-output/0001/slave-025/client-184.log: file already closed
zerolog: could not write event: write experiment-output/0001/slave-025/client-184.log: file already closed
zerolog: could not write event: write experiment-output/0001/slave-025/client-184.log: file already closed
zerolog: could not write event: write experiment-output/0001/slave-025/client-184.log: file already closed
03:31:31.326 INF Profile data written. filename=experiment-output/0001/slave-025/prof-client.block name=block
03:31:31.333 INF Profile data written. filename=experiment-output/0001/slave-025/prof-client.mutex name=mutex
