{"level":"debug","Logging":"info","time":"2023-03-25T17:56:37Z","message":"Config"}
{"level":"debug","UseTLS":false,"time":"2023-03-25T17:56:37Z","message":"Config"}
{"level":"debug","CACertFile":"tls-data/ca.pem","time":"2023-03-25T17:56:37Z","message":"Config"}
{"level":"debug","KeyFile":"tls-data/auth.key","time":"2023-03-25T17:56:37Z","message":"Config"}
{"level":"debug","CertFile":"tls-data/auth.pem","time":"2023-03-25T17:56:37Z","message":"Config"}
{"level":"debug","PriorityConnections":2,"time":"2023-03-25T17:56:37Z","message":"Config"}
{"level":"debug","BasicConnections":1,"time":"2023-03-25T17:56:37Z","message":"Config"}
{"level":"debug","TestConnections":false,"time":"2023-03-25T17:56:37Z","message":"Config"}
{"level":"debug","ExcessConnections":1,"time":"2023-03-25T17:56:37Z","message":"Config"}
{"level":"debug","ConnectionTestMsgs":4,"time":"2023-03-25T17:56:37Z","message":"Config"}
{"level":"debug","ConnectionTestPayload":131072,"time":"2023-03-25T17:56:37Z","message":"Config"}
{"level":"debug","OutMessageBufsize":1024,"time":"2023-03-25T17:56:37Z","message":"Config"}
{"level":"debug","OutMessageBufsize":4,"time":"2023-03-25T17:56:37Z","message":"Config"}
{"level":"debug","ThroughputCap":131072000,"time":"2023-03-25T17:56:37Z","message":"Config"}
{"level":"debug","StragglerTolerance":1000,"time":"2023-03-25T17:56:37Z","message":"Config"}
{"level":"debug","BatchSizeIncrement":256,"time":"2023-03-25T17:56:37Z","message":"Config"}
{"level":"debug","Orderer":"Pbft","time":"2023-03-25T17:56:37Z","message":"Config"}
{"level":"debug","Manager":"Mir","time":"2023-03-25T17:56:37Z","message":"Config"}
{"level":"debug","Failures":0,"time":"2023-03-25T17:56:37Z","message":"Config"}
{"level":"debug","StragglerCnt":1,"time":"2023-03-25T17:56:37Z","message":"Config"}
{"level":"debug","PrivKeyCnt":10,"time":"2023-03-25T17:56:37Z","message":"Config"}
{"level":"debug","UseSig":false,"time":"2023-03-25T17:56:37Z","message":"Config"}
{"level":"debug","CrashTiming":"Straggler","time":"2023-03-25T17:56:37Z","message":"Config"}
{"level":"debug","CheckpointInterval":512,"time":"2023-03-25T17:56:37Z","message":"Config"}
{"level":"debug","WatermarkWindowSize":512,"time":"2023-03-25T17:56:37Z","message":"Config"}
{"level":"debug","EpochLength":512,"time":"2023-03-25T17:56:37Z","message":"Config"}
{"level":"debug","SegmentLength":32,"time":"2023-03-25T17:56:37Z","message":"Config"}
{"level":"debug","WaitForCheckpoints":true,"time":"2023-03-25T17:56:37Z","message":"Config"}
{"level":"debug","ClientWatermarkWindowSize":16384,"time":"2023-03-25T17:56:37Z","message":"Config"}
{"level":"debug","ClientRequestBacklogSize":16384,"time":"2023-03-25T17:56:37Z","message":"Config"}
{"level":"debug","RandomSeed":24189,"time":"2023-03-25T17:56:37Z","message":"Config"}
{"level":"debug","NodeToLeaderRatio":1,"time":"2023-03-25T17:56:37Z","message":"Config"}
{"level":"debug","LeaderPolicy":"Simple","time":"2023-03-25T17:56:37Z","message":"Config"}
{"level":"debug","DefaultLeaderBan":2,"time":"2023-03-25T17:56:37Z","message":"Config"}
{"level":"debug","NumBuckets":256,"time":"2023-03-25T17:56:37Z","message":"Config"}
{"level":"debug","BatchSize":2500,"time":"2023-03-25T17:56:37Z","message":"Config"}
{"level":"debug","DisabledViewChange":false,"time":"2023-03-25T17:56:37Z","message":"Config"}
{"level":"debug","ViewChangeTimeout":60000,"time":"2023-03-25T17:56:37Z","message":"Config"}
{"level":"debug","ClientTraceSampling":10,"time":"2023-03-25T17:56:37Z","message":"Config"}
{"level":"debug","EventBufferSize":2097152,"time":"2023-03-25T17:56:37Z","message":"Config"}
{"level":"debug","TraceSampling":1,"time":"2023-03-25T17:56:37Z","message":"Config"}
{"level":"debug","ClientsPerProcess":8,"time":"2023-03-25T17:56:37Z","message":"Config"}
{"level":"debug","RequestsPerClient":10546,"time":"2023-03-25T17:56:37Z","message":"Config"}
{"level":"debug","ClientRunTime":15000,"time":"2023-03-25T17:56:37Z","message":"Config"}
{"level":"debug","RequestRate":351,"time":"2023-03-25T17:56:37Z","message":"Config"}
{"level":"debug","HardRequestRateLimit":false,"time":"2023-03-25T17:56:37Z","message":"Config"}
{"level":"debug","RequestPayloadSize":500,"time":"2023-03-25T17:56:37Z","message":"Config"}
{"level":"debug","SignRequests":true,"time":"2023-03-25T17:56:37Z","message":"Config"}
{"level":"debug","ClientPrivKeyFile":"tls-data/client-ecdsa-256.key","time":"2023-03-25T17:56:37Z","message":"Config"}
{"level":"debug","ClientPubKeyFile":"tls-data/client-ecdsa-256.pem","time":"2023-03-25T17:56:37Z","message":"Config"}
{"level":"debug","PrecomputeRequests":false,"time":"2023-03-25T17:56:37Z","message":"Config"}
{"level":"debug","RequestHandlerThreads":32,"time":"2023-03-25T17:56:37Z","message":"Config"}
{"level":"debug","RequestInputChannelBuffer":8192,"time":"2023-03-25T17:56:37Z","message":"Config"}
{"level":"debug","BatchVerifier":"external","time":"2023-03-25T17:56:37Z","message":"Config"}
17:56:37.881 INF Started Profiler: CPU
17:56:37.881 INF Started Profiler: BLOCK
17:56:37.881 INF Started Profiler: MUTEX
17:56:37.881 INF Starting clients. numClients=8 numRequests=10546
17:56:37.881 INF Initilizing clients.
17:56:37.887 INF Registared with discovery server. numOrderers=16 ownClientId=0
17:56:37.888 INF Registared with discovery server. numOrderers=16 ownClientId=11
17:56:37.889 INF Registared with discovery server. numOrderers=16 ownClientId=31
17:56:37.889 INF Registared with discovery server. numOrderers=16 ownClientId=35
17:56:37.889 INF Registared with discovery server. numOrderers=16 ownClientId=34
17:56:37.890 INF Registared with discovery server. numOrderers=16 ownClientId=47
17:56:37.890 INF Registared with discovery server. numOrderers=16 ownClientId=51
17:56:37.890 INF Registared with discovery server. numOrderers=16 ownClientId=63
17:56:37.890 INF Clients initialized.
17:56:37.890 INF Launching clients.
17:56:37.890 INF Waiting for clients.
17:58:30.901 INF Stopping Tracer. events=3181 fileName=experiment-output/0003/slave-011/client-011.trc
zerolog: could not write event: write experiment-output/0003/slave-011/client-011.log: file already closed
zerolog: could not write event: write experiment-output/0003/slave-011/client-011.log: file already closed
zerolog: could not write event: write experiment-output/0003/slave-011/client-011.log: file already closed
zerolog: could not write event: write experiment-output/0003/slave-011/client-011.log: file already closed
17:58:30.906 INF Trace data written.
17:58:30.948 INF Stopping Tracer. events=3085 fileName=experiment-output/0003/slave-011/client-051.trc
17:58:30.948 INF Stopping Tracer. events=2109 fileName=experiment-output/0003/slave-011/client-034.trc
zerolog: could not write event: write experiment-output/0003/slave-011/client-051.log: file already closed
zerolog: could not write event: write experiment-output/0003/slave-011/client-051.log: file already closed
zerolog: could not write event: write experiment-output/0003/slave-011/client-051.log: file already closed
zerolog: could not write event: write experiment-output/0003/slave-011/client-051.log: file already closed
zerolog: could not write event: write experiment-output/0003/slave-011/client-034.log: file already closed
zerolog: could not write event: write experiment-output/0003/slave-011/client-034.log: file already closed
zerolog: could not write event: write experiment-output/0003/slave-011/client-034.log: file already closed
zerolog: could not write event: write experiment-output/0003/slave-011/client-034.log: file already closed
17:58:30.952 INF Trace data written.
17:58:30.953 INF Trace data written.
17:58:30.960 INF Stopping Tracer. events=3101 fileName=experiment-output/0003/slave-011/client-063.trc
17:58:30.961 INF Stopping Tracer. events=3149 fileName=experiment-output/0003/slave-011/client-035.trc
17:58:30.961 INF Stopping Tracer. events=2113 fileName=experiment-output/0003/slave-011/client-000.trc
17:58:30.961 INF Stopping Tracer. events=3165 fileName=experiment-output/0003/slave-011/client-031.trc
zerolog: could not write event: write experiment-output/0003/slave-011/client-035.log: file already closed
zerolog: could not write event: write experiment-output/0003/slave-011/client-035.log: file already closed
zerolog: could not write event: write experiment-output/0003/slave-011/client-035.log: file already closed
zerolog: could not write event: write experiment-output/0003/slave-011/client-063.log: file already closed
zerolog: could not write event: write experiment-output/0003/slave-011/client-063.log: file already closed
zerolog: could not write event: write experiment-output/0003/slave-011/client-063.log: file already closed
zerolog: could not write event: write experiment-output/0003/slave-011/client-063.log: file already closed
zerolog: could not write event: write experiment-output/0003/slave-011/client-000.log: file already closed
zerolog: could not write event: write experiment-output/0003/slave-011/client-031.log: file already closed
zerolog: could not write event: write experiment-output/0003/slave-011/client-000.log: file already closed
zerolog: could not write event: write experiment-output/0003/slave-011/client-000.log: file already closed
zerolog: could not write event: write experiment-output/0003/slave-011/client-000.log: file already closed
zerolog: could not write event: write experiment-output/0003/slave-011/client-031.log: file already closed
zerolog: could not write event: write experiment-output/0003/slave-011/client-035.log: file already closed
zerolog: could not write event: write experiment-output/0003/slave-011/client-031.log: file already closed
zerolog: could not write event: write experiment-output/0003/slave-011/client-031.log: file already closed
17:58:30.964 INF Stopping Tracer. events=3117 fileName=experiment-output/0003/slave-011/client-047.trc
zerolog: could not write event: write experiment-output/0003/slave-011/client-047.log: file already closed
zerolog: could not write event: write experiment-output/0003/slave-011/client-047.log: file already closed
zerolog: could not write event: write experiment-output/0003/slave-011/client-047.log: file already closed
zerolog: could not write event: write experiment-output/0003/slave-011/client-047.log: file already closed
17:58:30.965 INF Trace data written.
17:58:30.966 INF Trace data written.
17:58:30.967 INF Trace data written.
17:58:30.968 INF Trace data written.
17:58:30.970 INF Trace data written.
17:58:30.971 INF Done.
17:58:30.971 INF Stopping profiler.
zerolog: could not write event: write experiment-output/0003/slave-011/client-011.log: file already closed
zerolog: could not write event: write experiment-output/0003/slave-011/client-011.log: file already closed
zerolog: could not write event: write experiment-output/0003/slave-011/client-011.log: file already closed
zerolog: could not write event: write experiment-output/0003/slave-011/client-011.log: file already closed
zerolog: could not write event: write experiment-output/0003/slave-011/client-011.log: file already closed
zerolog: could not write event: write experiment-output/0003/slave-011/client-011.log: file already closed
zerolog: could not write event: write experiment-output/0003/slave-011/client-011.log: file already closed
zerolog: could not write event: write experiment-output/0003/slave-011/client-011.log: file already closed
zerolog: could not write event: write experiment-output/0003/slave-011/client-051.log: file already closed
zerolog: could not write event: write experiment-output/0003/slave-011/client-034.log: file already closed
zerolog: could not write event: write experiment-output/0003/slave-011/client-051.log: file already closed
zerolog: could not write event: write experiment-output/0003/slave-011/client-034.log: file already closed
zerolog: could not write event: write experiment-output/0003/slave-011/client-051.log: file already closed
zerolog: could not write event: write experiment-output/0003/slave-011/client-034.log: file already closed
zerolog: could not write event: write experiment-output/0003/slave-011/client-034.log: file already closed
zerolog: could not write event: write experiment-output/0003/slave-011/client-051.log: file already closed
zerolog: could not write event: write experiment-output/0003/slave-011/client-063.log: file already closed
zerolog: could not write event: write experiment-output/0003/slave-011/client-063.log: file already closed
zerolog: could not write event: write experiment-output/0003/slave-011/client-063.log: file already closed
zerolog: could not write event: write experiment-output/0003/slave-011/client-035.log: file already closed
zerolog: could not write event: write experiment-output/0003/slave-011/client-063.log: file already closed
zerolog: could not write event: write experiment-output/0003/slave-011/client-000.log: file already closed
zerolog: could not write event: write experiment-output/0003/slave-011/client-035.log: file already closed
zerolog: could not write event: write experiment-output/0003/slave-011/client-035.log: file already closed
zerolog: could not write event: write experiment-output/0003/slave-011/client-035.log: file already closed
zerolog: could not write event: write experiment-output/0003/slave-011/client-031.log: file already closed
zerolog: could not write event: write experiment-output/0003/slave-011/client-031.log: file already closed
zerolog: could not write event: write experiment-output/0003/slave-011/client-031.log: file already closed
zerolog: could not write event: write experiment-output/0003/slave-011/client-000.log: file already closed
zerolog: could not write event: write experiment-output/0003/slave-011/client-000.log: file already closed
zerolog: could not write event: write experiment-output/0003/slave-011/client-031.log: file already closed
zerolog: could not write event: write experiment-output/0003/slave-011/client-000.log: file already closed
zerolog: could not write event: write experiment-output/0003/slave-011/client-047.log: file already closed
zerolog: could not write event: write experiment-output/0003/slave-011/client-047.log: file already closed
zerolog: could not write event: write experiment-output/0003/slave-011/client-047.log: file already closed
zerolog: could not write event: write experiment-output/0003/slave-011/client-047.log: file already closed
zerolog: could not write event: write experiment-output/0003/slave-011/client-051.log: file already closed
zerolog: could not write event: write experiment-output/0003/slave-011/client-034.log: file already closed
zerolog: could not write event: write experiment-output/0003/slave-011/client-051.log: file already closed
zerolog: could not write event: write experiment-output/0003/slave-011/client-051.log: file already closed
zerolog: could not write event: write experiment-output/0003/slave-011/client-034.log: file already closed
zerolog: could not write event: write experiment-output/0003/slave-011/client-034.log: file already closed
zerolog: could not write event: write experiment-output/0003/slave-011/client-051.log: file already closed
zerolog: could not write event: write experiment-output/0003/slave-011/client-034.log: file already closed
zerolog: could not write event: write experiment-output/0003/slave-011/client-011.log: file already closed
zerolog: could not write event: write experiment-output/0003/slave-011/client-011.log: file already closed
zerolog: could not write event: write experiment-output/0003/slave-011/client-011.log: file already closed
zerolog: could not write event: write experiment-output/0003/slave-011/client-011.log: file already closed
zerolog: could not write event: write experiment-output/0003/slave-011/client-035.log: file already closed
zerolog: could not write event: write experiment-output/0003/slave-011/client-063.log: file already closed
zerolog: could not write event: write experiment-output/0003/slave-011/client-063.log: file already closed
zerolog: could not write event: write experiment-output/0003/slave-011/client-035.log: file already closed
zerolog: could not write event: write experiment-output/0003/slave-011/client-031.log: file already closed
zerolog: could not write event: write experiment-output/0003/slave-011/client-000.log: file already closed
zerolog: could not write event: write experiment-output/0003/slave-011/client-031.log: file already closed
zerolog: could not write event: write experiment-output/0003/slave-011/client-035.log: file already closed
zerolog: could not write event: write experiment-output/0003/slave-011/client-000.log: file already closed
zerolog: could not write event: write experiment-output/0003/slave-011/client-063.log: file already closed
zerolog: could not write event: write experiment-output/0003/slave-011/client-063.log: file already closed
zerolog: could not write event: write experiment-output/0003/slave-011/client-031.log: file already closed
zerolog: could not write event: write experiment-output/0003/slave-011/client-000.log: file already closed
zerolog: could not write event: write experiment-output/0003/slave-011/client-000.log: file already closed
zerolog: could not write event: write experiment-output/0003/slave-011/client-035.log: file already closed
zerolog: could not write event: write experiment-output/0003/slave-011/client-031.log: file already closed
zerolog: could not write event: write experiment-output/0003/slave-011/client-047.log: file already closed
zerolog: could not write event: write experiment-output/0003/slave-011/client-047.log: file already closed
zerolog: could not write event: write experiment-output/0003/slave-011/client-047.log: file already closed
zerolog: could not write event: write experiment-output/0003/slave-011/client-047.log: file already closed
zerolog: could not write event: write experiment-output/0003/slave-011/client-051.log: file already closed
zerolog: could not write event: write experiment-output/0003/slave-011/client-051.log: file already closed
zerolog: could not write event: write experiment-output/0003/slave-011/client-034.log: file already closed
zerolog: could not write event: write experiment-output/0003/slave-011/client-051.log: file already closed
zerolog: could not write event: write experiment-output/0003/slave-011/client-034.log: file already closed
zerolog: could not write event: write experiment-output/0003/slave-011/client-051.log: file already closed
zerolog: could not write event: write experiment-output/0003/slave-011/client-034.log: file already closed
zerolog: could not write event: write experiment-output/0003/slave-011/client-034.log: file already closed
zerolog: could not write event: write experiment-output/0003/slave-011/client-063.log: file already closed
zerolog: could not write event: write experiment-output/0003/slave-011/client-000.log: file already closed
zerolog: could not write event: write experiment-output/0003/slave-011/client-063.log: file already closed
zerolog: could not write event: write experiment-output/0003/slave-011/client-063.log: file already closed
zerolog: could not write event: write experiment-output/0003/slave-011/client-031.log: file already closed
zerolog: could not write event: write experiment-output/0003/slave-011/client-035.log: file already closed
zerolog: could not write event: write experiment-output/0003/slave-011/client-031.log: file already closed
zerolog: could not write event: write experiment-output/0003/slave-011/client-035.log: file already closed
zerolog: could not write event: write experiment-output/0003/slave-011/client-000.log: file already closed
zerolog: could not write event: write experiment-output/0003/slave-011/client-035.log: file already closed
zerolog: could not write event: write experiment-output/0003/slave-011/client-035.log: file already closed
zerolog: could not write event: write experiment-output/0003/slave-011/client-000.log: file already closed
zerolog: could not write event: write experiment-output/0003/slave-011/client-031.log: file already closed
zerolog: could not write event: write experiment-output/0003/slave-011/client-063.log: file already closed
zerolog: could not write event: write experiment-output/0003/slave-011/client-031.log: file already closed
zerolog: could not write event: write experiment-output/0003/slave-011/client-000.log: file already closed
zerolog: could not write event: write experiment-output/0003/slave-011/client-047.log: file already closed
zerolog: could not write event: write experiment-output/0003/slave-011/client-047.log: file already closed
zerolog: could not write event: write experiment-output/0003/slave-011/client-047.log: file already closed
zerolog: could not write event: write experiment-output/0003/slave-011/client-047.log: file already closed
17:58:31.158 INF Profile data written. filename=experiment-output/0003/slave-011/prof-client.cpu name=cpu
17:58:31.177 INF Profile data written. filename=experiment-output/0003/slave-011/prof-client.block name=block
17:58:31.184 INF Profile data written. filename=experiment-output/0003/slave-011/prof-client.mutex name=mutex
