{"level":"debug","Logging":"info","time":"2023-03-19T10:32:05Z","message":"Config"}
{"level":"debug","UseTLS":false,"time":"2023-03-19T10:32:05Z","message":"Config"}
{"level":"debug","CACertFile":"tls-data/ca.pem","time":"2023-03-19T10:32:05Z","message":"Config"}
{"level":"debug","KeyFile":"tls-data/auth.key","time":"2023-03-19T10:32:05Z","message":"Config"}
{"level":"debug","CertFile":"tls-data/auth.pem","time":"2023-03-19T10:32:05Z","message":"Config"}
{"level":"debug","PriorityConnections":2,"time":"2023-03-19T10:32:05Z","message":"Config"}
{"level":"debug","BasicConnections":1,"time":"2023-03-19T10:32:05Z","message":"Config"}
{"level":"debug","TestConnections":false,"time":"2023-03-19T10:32:05Z","message":"Config"}
{"level":"debug","ExcessConnections":1,"time":"2023-03-19T10:32:05Z","message":"Config"}
{"level":"debug","ConnectionTestMsgs":4,"time":"2023-03-19T10:32:05Z","message":"Config"}
{"level":"debug","ConnectionTestPayload":131072,"time":"2023-03-19T10:32:05Z","message":"Config"}
{"level":"debug","OutMessageBufsize":1024,"time":"2023-03-19T10:32:05Z","message":"Config"}
{"level":"debug","OutMessageBufsize":4,"time":"2023-03-19T10:32:05Z","message":"Config"}
{"level":"debug","ThroughputCap":131072000,"time":"2023-03-19T10:32:05Z","message":"Config"}
{"level":"debug","StragglerTolerance":1000,"time":"2023-03-19T10:32:05Z","message":"Config"}
{"level":"debug","BatchSizeIncrement":256,"time":"2023-03-19T10:32:05Z","message":"Config"}
{"level":"debug","Orderer":"Pbft","time":"2023-03-19T10:32:05Z","message":"Config"}
{"level":"debug","Manager":"Mir","time":"2023-03-19T10:32:05Z","message":"Config"}
{"level":"debug","Failures":0,"time":"2023-03-19T10:32:05Z","message":"Config"}
{"level":"debug","StragglerCnt":1,"time":"2023-03-19T10:32:05Z","message":"Config"}
{"level":"debug","PrivKeyCnt":10,"time":"2023-03-19T10:32:05Z","message":"Config"}
{"level":"debug","UseSig":false,"time":"2023-03-19T10:32:05Z","message":"Config"}
{"level":"debug","CrashTiming":"Straggler","time":"2023-03-19T10:32:05Z","message":"Config"}
{"level":"debug","CheckpointInterval":512,"time":"2023-03-19T10:32:05Z","message":"Config"}
{"level":"debug","WatermarkWindowSize":512,"time":"2023-03-19T10:32:05Z","message":"Config"}
{"level":"debug","EpochLength":512,"time":"2023-03-19T10:32:05Z","message":"Config"}
{"level":"debug","SegmentLength":32,"time":"2023-03-19T10:32:05Z","message":"Config"}
{"level":"debug","WaitForCheckpoints":true,"time":"2023-03-19T10:32:05Z","message":"Config"}
{"level":"debug","ClientWatermarkWindowSize":16384,"time":"2023-03-19T10:32:05Z","message":"Config"}
{"level":"debug","ClientRequestBacklogSize":16384,"time":"2023-03-19T10:32:05Z","message":"Config"}
{"level":"debug","RandomSeed":19386,"time":"2023-03-19T10:32:05Z","message":"Config"}
{"level":"debug","NodeToLeaderRatio":1,"time":"2023-03-19T10:32:05Z","message":"Config"}
{"level":"debug","LeaderPolicy":"Simple","time":"2023-03-19T10:32:05Z","message":"Config"}
{"level":"debug","DefaultLeaderBan":2,"time":"2023-03-19T10:32:05Z","message":"Config"}
{"level":"debug","NumBuckets":256,"time":"2023-03-19T10:32:05Z","message":"Config"}
{"level":"debug","BatchSize":1000,"time":"2023-03-19T10:32:05Z","message":"Config"}
{"level":"debug","DisabledViewChange":false,"time":"2023-03-19T10:32:05Z","message":"Config"}
{"level":"debug","ViewChangeTimeout":60000,"time":"2023-03-19T10:32:05Z","message":"Config"}
{"level":"debug","ClientTraceSampling":10,"time":"2023-03-19T10:32:05Z","message":"Config"}
{"level":"debug","EventBufferSize":2097152,"time":"2023-03-19T10:32:05Z","message":"Config"}
{"level":"debug","TraceSampling":1,"time":"2023-03-19T10:32:05Z","message":"Config"}
{"level":"debug","ClientsPerProcess":8,"time":"2023-03-19T10:32:05Z","message":"Config"}
{"level":"debug","RequestsPerClient":7680,"time":"2023-03-19T10:32:05Z","message":"Config"}
{"level":"debug","ClientRunTime":15000,"time":"2023-03-19T10:32:05Z","message":"Config"}
{"level":"debug","RequestRate":256,"time":"2023-03-19T10:32:05Z","message":"Config"}
{"level":"debug","HardRequestRateLimit":false,"time":"2023-03-19T10:32:05Z","message":"Config"}
{"level":"debug","RequestPayloadSize":500,"time":"2023-03-19T10:32:05Z","message":"Config"}
{"level":"debug","SignRequests":true,"time":"2023-03-19T10:32:05Z","message":"Config"}
{"level":"debug","ClientPrivKeyFile":"tls-data/client-ecdsa-256.key","time":"2023-03-19T10:32:05Z","message":"Config"}
{"level":"debug","ClientPubKeyFile":"tls-data/client-ecdsa-256.pem","time":"2023-03-19T10:32:05Z","message":"Config"}
{"level":"debug","PrecomputeRequests":false,"time":"2023-03-19T10:32:05Z","message":"Config"}
{"level":"debug","RequestHandlerThreads":32,"time":"2023-03-19T10:32:05Z","message":"Config"}
{"level":"debug","RequestInputChannelBuffer":8192,"time":"2023-03-19T10:32:05Z","message":"Config"}
{"level":"debug","BatchVerifier":"external","time":"2023-03-19T10:32:05Z","message":"Config"}
10:32:05.570 INF Started Profiler: CPU
10:32:05.570 INF Started Profiler: BLOCK
10:32:05.570 INF Started Profiler: MUTEX
10:32:05.570 INF Starting clients. numClients=8 numRequests=7680
10:32:05.570 INF Initilizing clients.
10:32:05.577 INF Registared with discovery server. numOrderers=16 ownClientId=10
10:32:05.577 INF Registared with discovery server. numOrderers=16 ownClientId=15
10:32:05.577 INF Registared with discovery server. numOrderers=16 ownClientId=4
10:32:05.578 INF Registared with discovery server. numOrderers=16 ownClientId=43
10:32:05.578 INF Registared with discovery server. numOrderers=16 ownClientId=24
10:32:05.579 INF Registared with discovery server. numOrderers=16 ownClientId=35
10:32:05.579 INF Registared with discovery server. numOrderers=16 ownClientId=5
10:32:05.579 INF Registared with discovery server. numOrderers=16 ownClientId=54
10:32:05.579 INF Clients initialized.
10:32:05.579 INF Launching clients.
10:32:05.579 INF Waiting for clients.
10:33:08.608 INF Stopping Tracer. events=1541 fileName=experiment-output/0004/slave-031/client-043.trc
10:33:08.608 INF Stopping Tracer. events=2286 fileName=experiment-output/0004/slave-031/client-024.trc
zerolog: could not write event: write experiment-output/0004/slave-031/client-024.log: file already closed
zerolog: could not write event: write experiment-output/0004/slave-031/client-024.log: file already closed
zerolog: could not write event: write experiment-output/0004/slave-031/client-043.log: file already closed
zerolog: could not write event: write experiment-output/0004/slave-031/client-043.log: file already closed
zerolog: could not write event: write experiment-output/0004/slave-031/client-024.log: file already closed
zerolog: could not write event: write experiment-output/0004/slave-031/client-043.log: file already closed
zerolog: could not write event: write experiment-output/0004/slave-031/client-024.log: file already closed
zerolog: could not write event: write experiment-output/0004/slave-031/client-043.log: file already closed
10:33:08.609 INF Stopping Tracer. events=2293 fileName=experiment-output/0004/slave-031/client-054.trc
zerolog: could not write event: write experiment-output/0004/slave-031/client-054.log: file already closed
zerolog: could not write event: write experiment-output/0004/slave-031/client-054.log: file already closed
zerolog: could not write event: write experiment-output/0004/slave-031/client-054.log: file already closed
zerolog: could not write event: write experiment-output/0004/slave-031/client-054.log: file already closed
10:33:08.611 INF Trace data written.
10:33:08.613 INF Trace data written.
10:33:08.613 INF Trace data written.
10:33:08.615 INF Stopping Tracer. events=1542 fileName=experiment-output/0004/slave-031/client-035.trc
zerolog: could not write event: write experiment-output/0004/slave-031/client-035.log: file already closed
zerolog: could not write event: write experiment-output/0004/slave-031/client-035.log: file already closed
zerolog: could not write event: write experiment-output/0004/slave-031/client-035.log: file already closed
zerolog: could not write event: write experiment-output/0004/slave-031/client-035.log: file already closed
10:33:08.618 INF Trace data written.
10:33:08.621 INF Stopping Tracer. events=2293 fileName=experiment-output/0004/slave-031/client-010.trc
10:33:08.621 INF Stopping Tracer. events=1541 fileName=experiment-output/0004/slave-031/client-015.trc
10:33:08.621 INF Stopping Tracer. events=1542 fileName=experiment-output/0004/slave-031/client-005.trc
10:33:08.621 INF Stopping Tracer. events=2284 fileName=experiment-output/0004/slave-031/client-004.trc
zerolog: could not write event: write experiment-output/0004/slave-031/client-015.log: file already closed
zerolog: could not write event: write experiment-output/0004/slave-031/client-015.log: file already closed
zerolog: could not write event: write experiment-output/0004/slave-031/client-010.log: file already closed
zerolog: could not write event: write experiment-output/0004/slave-031/client-015.log: file already closed
zerolog: could not write event: write experiment-output/0004/slave-031/client-015.log: file already closed
zerolog: could not write event: write experiment-output/0004/slave-031/client-005.log: file already closed
zerolog: could not write event: write experiment-output/0004/slave-031/client-010.log: file already closed
zerolog: could not write event: write experiment-output/0004/slave-031/client-005.log: file already closed
zerolog: could not write event: write experiment-output/0004/slave-031/client-010.log: file already closed
zerolog: could not write event: write experiment-output/0004/slave-031/client-004.log: file already closed
zerolog: could not write event: write experiment-output/0004/slave-031/client-005.log: file already closed
zerolog: could not write event: write experiment-output/0004/slave-031/client-005.log: file already closed
zerolog: could not write event: write experiment-output/0004/slave-031/client-004.log: file already closed
zerolog: could not write event: write experiment-output/0004/slave-031/client-010.log: file already closed
zerolog: could not write event: write experiment-output/0004/slave-031/client-004.log: file already closed
zerolog: could not write event: write experiment-output/0004/slave-031/client-004.log: file already closed
10:33:08.625 INF Trace data written.
10:33:08.625 INF Trace data written.
10:33:08.625 INF Trace data written.
10:33:08.625 INF Trace data written.
10:33:08.625 INF Done.
10:33:08.625 INF Stopping profiler.
zerolog: could not write event: write experiment-output/0004/slave-031/client-024.log: file already closed
zerolog: could not write event: write experiment-output/0004/slave-031/client-043.log: file already closed
zerolog: could not write event: write experiment-output/0004/slave-031/client-024.log: file already closed
zerolog: could not write event: write experiment-output/0004/slave-031/client-043.log: file already closed
zerolog: could not write event: write experiment-output/0004/slave-031/client-024.log: file already closed
zerolog: could not write event: write experiment-output/0004/slave-031/client-024.log: file already closed
zerolog: could not write event: write experiment-output/0004/slave-031/client-043.log: file already closed
zerolog: could not write event: write experiment-output/0004/slave-031/client-043.log: file already closed
zerolog: could not write event: write experiment-output/0004/slave-031/client-054.log: file already closed
zerolog: could not write event: write experiment-output/0004/slave-031/client-054.log: file already closed
zerolog: could not write event: write experiment-output/0004/slave-031/client-054.log: file already closed
zerolog: could not write event: write experiment-output/0004/slave-031/client-054.log: file already closed
zerolog: could not write event: write experiment-output/0004/slave-031/client-035.log: file already closed
zerolog: could not write event: write experiment-output/0004/slave-031/client-035.log: file already closed
zerolog: could not write event: write experiment-output/0004/slave-031/client-035.log: file already closed
zerolog: could not write event: write experiment-output/0004/slave-031/client-035.log: file already closed
zerolog: could not write event: write experiment-output/0004/slave-031/client-005.log: file already closed
zerolog: could not write event: write experiment-output/0004/slave-031/client-015.log: file already closed
zerolog: could not write event: write experiment-output/0004/slave-031/client-015.log: file already closed
zerolog: could not write event: write experiment-output/0004/slave-031/client-004.log: file already closed
zerolog: could not write event: write experiment-output/0004/slave-031/client-005.log: file already closed
zerolog: could not write event: write experiment-output/0004/slave-031/client-010.log: file already closed
zerolog: could not write event: write experiment-output/0004/slave-031/client-010.log: file already closed
zerolog: could not write event: write experiment-output/0004/slave-031/client-010.log: file already closed
zerolog: could not write event: write experiment-output/0004/slave-031/client-004.log: file already closed
zerolog: could not write event: write experiment-output/0004/slave-031/client-004.log: file already closed
zerolog: could not write event: write experiment-output/0004/slave-031/client-015.log: file already closed
zerolog: could not write event: write experiment-output/0004/slave-031/client-010.log: file already closed
zerolog: could not write event: write experiment-output/0004/slave-031/client-005.log: file already closed
zerolog: could not write event: write experiment-output/0004/slave-031/client-004.log: file already closed
zerolog: could not write event: write experiment-output/0004/slave-031/client-005.log: file already closed
zerolog: could not write event: write experiment-output/0004/slave-031/client-015.log: file already closed
zerolog: could not write event: write experiment-output/0004/slave-031/client-043.log: file already closed
zerolog: could not write event: write experiment-output/0004/slave-031/client-024.log: file already closed
zerolog: could not write event: write experiment-output/0004/slave-031/client-043.log: file already closed
zerolog: could not write event: write experiment-output/0004/slave-031/client-054.log: file already closed
zerolog: could not write event: write experiment-output/0004/slave-031/client-054.log: file already closed
zerolog: could not write event: write experiment-output/0004/slave-031/client-043.log: file already closed
zerolog: could not write event: write experiment-output/0004/slave-031/client-043.log: file already closed
zerolog: could not write event: write experiment-output/0004/slave-031/client-024.log: file already closed
zerolog: could not write event: write experiment-output/0004/slave-031/client-024.log: file already closed
zerolog: could not write event: write experiment-output/0004/slave-031/client-054.log: file already closed
zerolog: could not write event: write experiment-output/0004/slave-031/client-024.log: file already closed
zerolog: could not write event: write experiment-output/0004/slave-031/client-054.log: file already closed
zerolog: could not write event: write experiment-output/0004/slave-031/client-035.log: file already closed
zerolog: could not write event: write experiment-output/0004/slave-031/client-035.log: file already closed
zerolog: could not write event: write experiment-output/0004/slave-031/client-035.log: file already closed
zerolog: could not write event: write experiment-output/0004/slave-031/client-035.log: file already closed
10:33:08.750 INF Profile data written. filename=experiment-output/0004/slave-031/prof-client.cpu name=cpu
zerolog: could not write event: write experiment-output/0004/slave-031/client-010.log: file already closed
zerolog: could not write event: write experiment-output/0004/slave-031/client-005.log: file already closed
zerolog: could not write event: write experiment-output/0004/slave-031/client-005.log: file already closed
zerolog: could not write event: write experiment-output/0004/slave-031/client-015.log: file already closed
zerolog: could not write event: write experiment-output/0004/slave-031/client-005.log: file already closed
zerolog: could not write event: write experiment-output/0004/slave-031/client-010.log: file already closed
zerolog: could not write event: write experiment-output/0004/slave-031/client-010.log: file already closed
zerolog: could not write event: write experiment-output/0004/slave-031/client-015.log: file already closed
zerolog: could not write event: write experiment-output/0004/slave-031/client-004.log: file already closed
zerolog: could not write event: write experiment-output/0004/slave-031/client-005.log: file already closed
zerolog: could not write event: write experiment-output/0004/slave-031/client-004.log: file already closed
zerolog: could not write event: write experiment-output/0004/slave-031/client-015.log: file already closed
zerolog: could not write event: write experiment-output/0004/slave-031/client-010.log: file already closed
zerolog: could not write event: write experiment-output/0004/slave-031/client-004.log: file already closed
zerolog: could not write event: write experiment-output/0004/slave-031/client-015.log: file already closed
zerolog: could not write event: write experiment-output/0004/slave-031/client-004.log: file already closed
10:33:08.767 INF Profile data written. filename=experiment-output/0004/slave-031/prof-client.block name=block
10:33:08.772 INF Profile data written. filename=experiment-output/0004/slave-031/prof-client.mutex name=mutex
