{"level":"debug","Logging":"info","time":"2023-07-11T07:32:34Z","message":"Config"}
{"level":"debug","UseTLS":false,"time":"2023-07-11T07:32:34Z","message":"Config"}
{"level":"debug","CACertFile":"tls-data/ca.pem","time":"2023-07-11T07:32:34Z","message":"Config"}
{"level":"debug","KeyFile":"tls-data/auth.key","time":"2023-07-11T07:32:34Z","message":"Config"}
{"level":"debug","CertFile":"tls-data/auth.pem","time":"2023-07-11T07:32:34Z","message":"Config"}
{"level":"debug","PriorityConnections":2,"time":"2023-07-11T07:32:34Z","message":"Config"}
{"level":"debug","BasicConnections":1,"time":"2023-07-11T07:32:34Z","message":"Config"}
{"level":"debug","TestConnections":false,"time":"2023-07-11T07:32:34Z","message":"Config"}
{"level":"debug","ExcessConnections":1,"time":"2023-07-11T07:32:34Z","message":"Config"}
{"level":"debug","ConnectionTestMsgs":4,"time":"2023-07-11T07:32:34Z","message":"Config"}
{"level":"debug","ConnectionTestPayload":131072,"time":"2023-07-11T07:32:34Z","message":"Config"}
{"level":"debug","OutMessageBufsize":1024,"time":"2023-07-11T07:32:34Z","message":"Config"}
{"level":"debug","OutMessageBufsize":16,"time":"2023-07-11T07:32:34Z","message":"Config"}
{"level":"debug","ThroughputCap":131072000,"time":"2023-07-11T07:32:34Z","message":"Config"}
{"level":"debug","StragglerTolerance":1000,"time":"2023-07-11T07:32:34Z","message":"Config"}
{"level":"debug","BatchSizeIncrement":256,"time":"2023-07-11T07:32:34Z","message":"Config"}
{"level":"debug","Orderer":"Pbft","time":"2023-07-11T07:32:34Z","message":"Config"}
{"level":"debug","Manager":"Mir","time":"2023-07-11T07:32:34Z","message":"Config"}
{"level":"debug","Failures":0,"time":"2023-07-11T07:32:34Z","message":"Config"}
{"level":"debug","StragglerCnt":1,"time":"2023-07-11T07:32:34Z","message":"Config"}
{"level":"debug","CrashTiming":"Straggler","time":"2023-07-11T07:32:34Z","message":"Config"}
{"level":"debug","CheckpointInterval":2048,"time":"2023-07-11T07:32:34Z","message":"Config"}
{"level":"debug","WatermarkWindowSize":2048,"time":"2023-07-11T07:32:34Z","message":"Config"}
{"level":"debug","EpochLength":2048,"time":"2023-07-11T07:32:34Z","message":"Config"}
{"level":"debug","SegmentLength":32,"time":"2023-07-11T07:32:34Z","message":"Config"}
{"level":"debug","WaitForCheckpoints":true,"time":"2023-07-11T07:32:34Z","message":"Config"}
{"level":"debug","ClientWatermarkWindowSize":49152,"time":"2023-07-11T07:32:34Z","message":"Config"}
{"level":"debug","ClientRequestBacklogSize":49152,"time":"2023-07-11T07:32:34Z","message":"Config"}
{"level":"debug","RandomSeed":19371,"time":"2023-07-11T07:32:34Z","message":"Config"}
{"level":"debug","NodeToLeaderRatio":1,"time":"2023-07-11T07:32:34Z","message":"Config"}
{"level":"debug","LeaderPolicy":"Simple","time":"2023-07-11T07:32:34Z","message":"Config"}
{"level":"debug","DefaultLeaderBan":2,"time":"2023-07-11T07:32:34Z","message":"Config"}
{"level":"debug","NumBuckets":1024,"time":"2023-07-11T07:32:34Z","message":"Config"}
{"level":"debug","BatchSize":8000,"time":"2023-07-11T07:32:34Z","message":"Config"}
{"level":"debug","DisabledViewChange":false,"time":"2023-07-11T07:32:34Z","message":"Config"}
{"level":"debug","ViewChangeTimeout":60000,"time":"2023-07-11T07:32:34Z","message":"Config"}
{"level":"debug","ClientTraceSampling":10,"time":"2023-07-11T07:32:34Z","message":"Config"}
{"level":"debug","EventBufferSize":2097152,"time":"2023-07-11T07:32:34Z","message":"Config"}
{"level":"debug","TraceSampling":1,"time":"2023-07-11T07:32:34Z","message":"Config"}
{"level":"debug","ClientsPerProcess":8,"time":"2023-07-11T07:32:34Z","message":"Config"}
{"level":"debug","RequestsPerClient":4101,"time":"2023-07-11T07:32:34Z","message":"Config"}
{"level":"debug","ClientRunTime":15000,"time":"2023-07-11T07:32:34Z","message":"Config"}
{"level":"debug","RequestRate":136,"time":"2023-07-11T07:32:34Z","message":"Config"}
{"level":"debug","HardRequestRateLimit":false,"time":"2023-07-11T07:32:34Z","message":"Config"}
{"level":"debug","RequestPayloadSize":500,"time":"2023-07-11T07:32:34Z","message":"Config"}
{"level":"debug","SignRequests":true,"time":"2023-07-11T07:32:34Z","message":"Config"}
{"level":"debug","ClientPrivKeyFile":"tls-data/client-ecdsa-256.key","time":"2023-07-11T07:32:34Z","message":"Config"}
{"level":"debug","ClientPubKeyFile":"tls-data/client-ecdsa-256.pem","time":"2023-07-11T07:32:34Z","message":"Config"}
{"level":"debug","PrecomputeRequests":false,"time":"2023-07-11T07:32:34Z","message":"Config"}
{"level":"debug","RequestHandlerThreads":32,"time":"2023-07-11T07:32:34Z","message":"Config"}
{"level":"debug","RequestInputChannelBuffer":8192,"time":"2023-07-11T07:32:34Z","message":"Config"}
{"level":"debug","BatchVerifier":"external","time":"2023-07-11T07:32:34Z","message":"Config"}
07:32:34.846 INF Started Profiler: CPU
07:32:34.846 INF Started Profiler: BLOCK
07:32:34.846 INF Started Profiler: MUTEX
07:32:34.846 INF Starting clients. numClients=8 numRequests=4101
07:32:34.846 INF Initilizing clients.
07:32:35.128 INF Registared with discovery server. numOrderers=64 ownClientId=50
07:32:35.143 INF Registared with discovery server. numOrderers=64 ownClientId=35
07:32:35.146 INF Registared with discovery server. numOrderers=64 ownClientId=102
07:32:35.157 INF Registared with discovery server. numOrderers=64 ownClientId=91
07:32:35.163 INF Registared with discovery server. numOrderers=64 ownClientId=70
07:32:35.173 INF Registared with discovery server. numOrderers=64 ownClientId=112
07:32:35.179 INF Registared with discovery server. numOrderers=64 ownClientId=122
07:32:35.273 INF Registared with discovery server. numOrderers=64 ownClientId=189
07:32:35.273 INF Clients initialized.
07:32:35.273 INF Launching clients.
07:32:35.273 INF Waiting for clients.
07:34:35.993 INF Stopping Tracer. events=830 fileName=experiment-output/0001/slave-028/client-112.trc
07:34:35.995 INF Trace data written.
07:34:36.012 INF Stopping Tracer. events=1016 fileName=experiment-output/0001/slave-028/client-091.trc
07:34:36.014 INF Trace data written.
07:34:36.040 INF Stopping Tracer. events=830 fileName=experiment-output/0001/slave-028/client-102.trc
07:34:36.042 INF Trace data written.
zerolog: could not write event: write experiment-output/0001/slave-028/client-112.log: file already closed
07:34:36.068 INF Stopping Tracer. events=829 fileName=experiment-output/0001/slave-028/client-122.trc
07:34:36.070 INF Stopping Tracer. events=831 fileName=experiment-output/0001/slave-028/client-070.trc
07:34:36.070 INF Trace data written.
07:34:36.068 INF Stopping Tracer. events=1023 fileName=experiment-output/0001/slave-028/client-035.trc
zerolog: could not write event: write experiment-output/0001/slave-028/client-112.log: file already closed
07:34:36.072 INF Trace data written.
07:34:36.072 INF Trace data written.
zerolog: could not write event: write experiment-output/0001/slave-028/client-091.log: file already closed
zerolog: could not write event: write experiment-output/0001/slave-028/client-112.log: file already closed
zerolog: could not write event: write experiment-output/0001/slave-028/client-112.log: file already closed
zerolog: could not write event: write experiment-output/0001/slave-028/client-112.log: file already closed
zerolog: could not write event: write experiment-output/0001/slave-028/client-112.log: file already closed
zerolog: could not write event: write experiment-output/0001/slave-028/client-112.log: file already closed
zerolog: could not write event: write experiment-output/0001/slave-028/client-112.log: file already closed
zerolog: could not write event: write experiment-output/0001/slave-028/client-112.log: file already closed
zerolog: could not write event: write experiment-output/0001/slave-028/client-112.log: file already closed
zerolog: could not write event: write experiment-output/0001/slave-028/client-112.log: file already closed
zerolog: could not write event: write experiment-output/0001/slave-028/client-112.log: file already closed
zerolog: could not write event: write experiment-output/0001/slave-028/client-112.log: file already closed
zerolog: could not write event: write experiment-output/0001/slave-028/client-112.log: file already closed
zerolog: could not write event: write experiment-output/0001/slave-028/client-112.log: file already closed
zerolog: could not write event: write experiment-output/0001/slave-028/client-091.log: file already closed
zerolog: could not write event: write experiment-output/0001/slave-028/client-091.log: file already closed
zerolog: could not write event: write experiment-output/0001/slave-028/client-112.log: file already closed
zerolog: could not write event: write experiment-output/0001/slave-028/client-112.log: file already closed
zerolog: could not write event: write experiment-output/0001/slave-028/client-112.log: file already closed
zerolog: could not write event: write experiment-output/0001/slave-028/client-091.log: file already closed
zerolog: could not write event: write experiment-output/0001/slave-028/client-112.log: file already closed
zerolog: could not write event: write experiment-output/0001/slave-028/client-112.log: file already closed
zerolog: could not write event: write experiment-output/0001/slave-028/client-112.log: file already closed
zerolog: could not write event: write experiment-output/0001/slave-028/client-091.log: file already closed
zerolog: could not write event: write experiment-output/0001/slave-028/client-112.log: file already closed
07:34:36.092 INF Stopping Tracer. events=983 fileName=experiment-output/0001/slave-028/client-189.trc
zerolog: could not write event: write experiment-output/0001/slave-028/client-112.log: file already closed
zerolog: could not write event: write experiment-output/0001/slave-028/client-091.log: file already closed
zerolog: could not write event: write experiment-output/0001/slave-028/client-091.log: file already closed
07:34:36.094 INF Trace data written.
zerolog: could not write event: write experiment-output/0001/slave-028/client-091.log: file already closed
zerolog: could not write event: write experiment-output/0001/slave-028/client-112.log: file already closed
zerolog: could not write event: write experiment-output/0001/slave-028/client-112.log: file already closed
zerolog: could not write event: write experiment-output/0001/slave-028/client-091.log: file already closed
zerolog: could not write event: write experiment-output/0001/slave-028/client-112.log: file already closed
zerolog: could not write event: write experiment-output/0001/slave-028/client-112.log: file already closed
zerolog: could not write event: write experiment-output/0001/slave-028/client-112.log: file already closed
zerolog: could not write event: write experiment-output/0001/slave-028/client-091.log: file already closed
zerolog: could not write event: write experiment-output/0001/slave-028/client-112.log: file already closed
zerolog: could not write event: write experiment-output/0001/slave-028/client-112.log: file already closed
zerolog: could not write event: write experiment-output/0001/slave-028/client-112.log: file already closed
zerolog: could not write event: write experiment-output/0001/slave-028/client-112.log: file already closed
zerolog: could not write event: write experiment-output/0001/slave-028/client-112.log: file already closed
zerolog: could not write event: write experiment-output/0001/slave-028/client-091.log: file already closed
zerolog: could not write event: write experiment-output/0001/slave-028/client-112.log: file already closed
zerolog: could not write event: write experiment-output/0001/slave-028/client-112.log: file already closed
zerolog: could not write event: write experiment-output/0001/slave-028/client-091.log: file already closed
zerolog: could not write event: write experiment-output/0001/slave-028/client-112.log: file already closed
zerolog: could not write event: write experiment-output/0001/slave-028/client-112.log: file already closed
zerolog: could not write event: write experiment-output/0001/slave-028/client-091.log: file already closed
zerolog: could not write event: write experiment-output/0001/slave-028/client-112.log: file already closed
zerolog: could not write event: write experiment-output/0001/slave-028/client-112.log: file already closed
zerolog: could not write event: write experiment-output/0001/slave-028/client-112.log: file already closed
zerolog: could not write event: write experiment-output/0001/slave-028/client-112.log: file already closed
zerolog: could not write event: write experiment-output/0001/slave-028/client-091.log: file already closed
zerolog: could not write event: write experiment-output/0001/slave-028/client-112.log: file already closed
zerolog: could not write event: write experiment-output/0001/slave-028/client-091.log: file already closed
zerolog: could not write event: write experiment-output/0001/slave-028/client-112.log: file already closed
zerolog: could not write event: write experiment-output/0001/slave-028/client-112.log: file already closed
zerolog: could not write event: write experiment-output/0001/slave-028/client-112.log: file already closed
zerolog: could not write event: write experiment-output/0001/slave-028/client-091.log: file already closed
zerolog: could not write event: write experiment-output/0001/slave-028/client-112.log: file already closed
zerolog: could not write event: write experiment-output/0001/slave-028/client-112.log: file already closed
zerolog: could not write event: write experiment-output/0001/slave-028/client-102.log: file already closed
zerolog: could not write event: write experiment-output/0001/slave-028/client-091.log: file already closed
zerolog: could not write event: write experiment-output/0001/slave-028/client-091.log: file already closed
zerolog: could not write event: write experiment-output/0001/slave-028/client-091.log: file already closed
zerolog: could not write event: write experiment-output/0001/slave-028/client-091.log: file already closed
zerolog: could not write event: write experiment-output/0001/slave-028/client-112.log: file already closed
zerolog: could not write event: write experiment-output/0001/slave-028/client-112.log: file already closed
zerolog: could not write event: write experiment-output/0001/slave-028/client-091.log: file already closed
zerolog: could not write event: write experiment-output/0001/slave-028/client-091.log: file already closed
zerolog: could not write event: write experiment-output/0001/slave-028/client-091.log: file already closed
zerolog: could not write event: write experiment-output/0001/slave-028/client-091.log: file already closed
zerolog: could not write event: write experiment-output/0001/slave-028/client-112.log: file already closed
zerolog: could not write event: write experiment-output/0001/slave-028/client-112.log: file already closed
zerolog: could not write event: write experiment-output/0001/slave-028/client-112.log: file already closed
zerolog: could not write event: write experiment-output/0001/slave-028/client-112.log: file already closed
zerolog: could not write event: write experiment-output/0001/slave-028/client-112.log: file already closed
zerolog: could not write event: write experiment-output/0001/slave-028/client-091.log: file already closed
zerolog: could not write event: write experiment-output/0001/slave-028/client-091.log: file already closed
zerolog: could not write event: write experiment-output/0001/slave-028/client-112.log: file already closed
zerolog: could not write event: write experiment-output/0001/slave-028/client-091.log: file already closed
zerolog: could not write event: write experiment-output/0001/slave-028/client-112.log: file already closed
zerolog: could not write event: write experiment-output/0001/slave-028/client-102.log: file already closed
zerolog: could not write event: write experiment-output/0001/slave-028/client-091.log: file already closed
zerolog: could not write event: write experiment-output/0001/slave-028/client-112.log: file already closed
zerolog: could not write event: write experiment-output/0001/slave-028/client-091.log: file already closed
zerolog: could not write event: write experiment-output/0001/slave-028/client-112.log: file already closed
zerolog: could not write event: write experiment-output/0001/slave-028/client-091.log: file already closed
zerolog: could not write event: write experiment-output/0001/slave-028/client-091.log: file already closed
zerolog: could not write event: write experiment-output/0001/slave-028/client-112.log: file already closed
zerolog: could not write event: write experiment-output/0001/slave-028/client-091.log: file already closed
zerolog: could not write event: write experiment-output/0001/slave-028/client-112.log: file already closed
zerolog: could not write event: write experiment-output/0001/slave-028/client-112.log: file already closed
zerolog: could not write event: write experiment-output/0001/slave-028/client-091.log: file already closed
zerolog: could not write event: write experiment-output/0001/slave-028/client-091.log: file already closed
zerolog: could not write event: write experiment-output/0001/slave-028/client-091.log: file already closed
zerolog: could not write event: write experiment-output/0001/slave-028/client-091.log: file already closed
zerolog: could not write event: write experiment-output/0001/slave-028/client-091.log: file already closed
zerolog: could not write event: write experiment-output/0001/slave-028/client-091.log: file already closed
zerolog: could not write event: write experiment-output/0001/slave-028/client-091.log: file already closed
zerolog: could not write event: write experiment-output/0001/slave-028/client-112.log: file already closed
zerolog: could not write event: write experiment-output/0001/slave-028/client-102.log: file already closed
zerolog: could not write event: write experiment-output/0001/slave-028/client-091.log: file already closed
07:34:36.125 INF Stopping Tracer. events=833 fileName=experiment-output/0001/slave-028/client-050.trc
zerolog: could not write event: write experiment-output/0001/slave-028/client-091.log: file already closed
zerolog: could not write event: write experiment-output/0001/slave-028/client-102.log: file already closed
zerolog: could not write event: write experiment-output/0001/slave-028/client-112.log: file already closed
zerolog: could not write event: write experiment-output/0001/slave-028/client-091.log: file already closed
zerolog: could not write event: write experiment-output/0001/slave-028/client-091.log: file already closed
zerolog: could not write event: write experiment-output/0001/slave-028/client-102.log: file already closed
zerolog: could not write event: write experiment-output/0001/slave-028/client-102.log: file already closed
zerolog: could not write event: write experiment-output/0001/slave-028/client-112.log: file already closed
07:34:36.127 INF Trace data written.
07:34:36.127 INF Done.
07:34:36.127 INF Stopping profiler.
zerolog: could not write event: write experiment-output/0001/slave-028/client-091.log: file already closed
zerolog: could not write event: write experiment-output/0001/slave-028/client-091.log: file already closed
zerolog: could not write event: write experiment-output/0001/slave-028/client-102.log: file already closed
zerolog: could not write event: write experiment-output/0001/slave-028/client-102.log: file already closed
zerolog: could not write event: write experiment-output/0001/slave-028/client-091.log: file already closed
zerolog: could not write event: write experiment-output/0001/slave-028/client-091.log: file already closed
zerolog: could not write event: write experiment-output/0001/slave-028/client-091.log: file already closed
zerolog: could not write event: write experiment-output/0001/slave-028/client-102.log: file already closed
zerolog: could not write event: write experiment-output/0001/slave-028/client-102.log: file already closed
zerolog: could not write event: write experiment-output/0001/slave-028/client-102.log: file already closed
zerolog: could not write event: write experiment-output/0001/slave-028/client-102.log: file already closed
zerolog: could not write event: write experiment-output/0001/slave-028/client-102.log: file already closed
zerolog: could not write event: write experiment-output/0001/slave-028/client-102.log: file already closed
zerolog: could not write event: write experiment-output/0001/slave-028/client-102.log: file already closed
zerolog: could not write event: write experiment-output/0001/slave-028/client-091.log: file already closed
zerolog: could not write event: write experiment-output/0001/slave-028/client-091.log: file already closed
zerolog: could not write event: write experiment-output/0001/slave-028/client-091.log: file already closed
zerolog: could not write event: write experiment-output/0001/slave-028/client-102.log: file already closed
zerolog: could not write event: write experiment-output/0001/slave-028/client-102.log: file already closed
zerolog: could not write event: write experiment-output/0001/slave-028/client-102.log: file already closed
zerolog: could not write event: write experiment-output/0001/slave-028/client-091.log: file already closed
zerolog: could not write event: write experiment-output/0001/slave-028/client-091.log: file already closed
zerolog: could not write event: write experiment-output/0001/slave-028/client-091.log: file already closed
zerolog: could not write event: write experiment-output/0001/slave-028/client-035.log: file already closed
zerolog: could not write event: write experiment-output/0001/slave-028/client-102.log: file already closed
zerolog: could not write event: write experiment-output/0001/slave-028/client-102.log: file already closed
zerolog: could not write event: write experiment-output/0001/slave-028/client-091.log: file already closed
zerolog: could not write event: write experiment-output/0001/slave-028/client-102.log: file already closed
zerolog: could not write event: write experiment-output/0001/slave-028/client-091.log: file already closed
zerolog: could not write event: write experiment-output/0001/slave-028/client-091.log: file already closed
zerolog: could not write event: write experiment-output/0001/slave-028/client-091.log: file already closed
zerolog: could not write event: write experiment-output/0001/slave-028/client-091.log: file already closed
zerolog: could not write event: write experiment-output/0001/slave-028/client-102.log: file already closed
zerolog: could not write event: write experiment-output/0001/slave-028/client-102.log: file already closed
zerolog: could not write event: write experiment-output/0001/slave-028/client-102.log: file already closed
zerolog: could not write event: write experiment-output/0001/slave-028/client-102.log: file already closed
zerolog: could not write event: write experiment-output/0001/slave-028/client-091.log: file already closed
zerolog: could not write event: write experiment-output/0001/slave-028/client-091.log: file already closed
zerolog: could not write event: write experiment-output/0001/slave-028/client-102.log: file already closed
zerolog: could not write event: write experiment-output/0001/slave-028/client-091.log: file already closed
zerolog: could not write event: write experiment-output/0001/slave-028/client-091.log: file already closed
zerolog: could not write event: write experiment-output/0001/slave-028/client-102.log: file already closed
zerolog: could not write event: write experiment-output/0001/slave-028/client-122.log: file already closed
zerolog: could not write event: write experiment-output/0001/slave-028/client-035.log: file already closed
zerolog: could not write event: write experiment-output/0001/slave-028/client-102.log: file already closed
zerolog: could not write event: write experiment-output/0001/slave-028/client-102.log: file already closed
zerolog: could not write event: write experiment-output/0001/slave-028/client-102.log: file already closed
zerolog: could not write event: write experiment-output/0001/slave-028/client-102.log: file already closed
zerolog: could not write event: write experiment-output/0001/slave-028/client-070.log: file already closed
zerolog: could not write event: write experiment-output/0001/slave-028/client-091.log: file already closed
zerolog: could not write event: write experiment-output/0001/slave-028/client-122.log: file already closed
zerolog: could not write event: write experiment-output/0001/slave-028/client-102.log: file already closed
zerolog: could not write event: write experiment-output/0001/slave-028/client-122.log: file already closed
zerolog: could not write event: write experiment-output/0001/slave-028/client-122.log: file already closed
zerolog: could not write event: write experiment-output/0001/slave-028/client-070.log: file already closed
zerolog: could not write event: write experiment-output/0001/slave-028/client-102.log: file already closed
zerolog: could not write event: write experiment-output/0001/slave-028/client-102.log: file already closed
zerolog: could not write event: write experiment-output/0001/slave-028/client-035.log: file already closed
zerolog: could not write event: write experiment-output/0001/slave-028/client-035.log: file already closed
zerolog: could not write event: write experiment-output/0001/slave-028/client-122.log: file already closed
zerolog: could not write event: write experiment-output/0001/slave-028/client-102.log: file already closed
zerolog: could not write event: write experiment-output/0001/slave-028/client-070.log: file already closed
zerolog: could not write event: write experiment-output/0001/slave-028/client-102.log: file already closed
zerolog: could not write event: write experiment-output/0001/slave-028/client-102.log: file already closed
zerolog: could not write event: write experiment-output/0001/slave-028/client-102.log: file already closed
zerolog: could not write event: write experiment-output/0001/slave-028/client-102.log: file already closed
zerolog: could not write event: write experiment-output/0001/slave-028/client-070.log: file already closed
zerolog: could not write event: write experiment-output/0001/slave-028/client-122.log: file already closed
zerolog: could not write event: write experiment-output/0001/slave-028/client-070.log: file already closed
zerolog: could not write event: write experiment-output/0001/slave-028/client-102.log: file already closed
zerolog: could not write event: write experiment-output/0001/slave-028/client-035.log: file already closed
zerolog: could not write event: write experiment-output/0001/slave-028/client-102.log: file already closed
zerolog: could not write event: write experiment-output/0001/slave-028/client-102.log: file already closed
zerolog: could not write event: write experiment-output/0001/slave-028/client-035.log: file already closed
zerolog: could not write event: write experiment-output/0001/slave-028/client-122.log: file already closed
zerolog: could not write event: write experiment-output/0001/slave-028/client-102.log: file already closed
zerolog: could not write event: write experiment-output/0001/slave-028/client-102.log: file already closed
zerolog: could not write event: write experiment-output/0001/slave-028/client-102.log: file already closed
zerolog: could not write event: write experiment-output/0001/slave-028/client-102.log: file already closed
zerolog: could not write event: write experiment-output/0001/slave-028/client-070.log: file already closed
zerolog: could not write event: write experiment-output/0001/slave-028/client-102.log: file already closed
zerolog: could not write event: write experiment-output/0001/slave-028/client-122.log: file already closed
zerolog: could not write event: write experiment-output/0001/slave-028/client-102.log: file already closed
zerolog: could not write event: write experiment-output/0001/slave-028/client-189.log: file already closed
zerolog: could not write event: write experiment-output/0001/slave-028/client-070.log: file already closed
zerolog: could not write event: write experiment-output/0001/slave-028/client-102.log: file already closed
zerolog: could not write event: write experiment-output/0001/slave-028/client-122.log: file already closed
zerolog: could not write event: write experiment-output/0001/slave-028/client-102.log: file already closed
zerolog: could not write event: write experiment-output/0001/slave-028/client-070.log: file already closed
zerolog: could not write event: write experiment-output/0001/slave-028/client-122.log: file already closed
zerolog: could not write event: write experiment-output/0001/slave-028/client-035.log: file already closed
zerolog: could not write event: write experiment-output/0001/slave-028/client-070.log: file already closed
zerolog: could not write event: write experiment-output/0001/slave-028/client-070.log: file already closed
zerolog: could not write event: write experiment-output/0001/slave-028/client-035.log: file already closed
zerolog: could not write event: write experiment-output/0001/slave-028/client-122.log: file already closed
zerolog: could not write event: write experiment-output/0001/slave-028/client-122.log: file already closed
zerolog: could not write event: write experiment-output/0001/slave-028/client-122.log: file already closed
zerolog: could not write event: write experiment-output/0001/slave-028/client-070.log: file already closed
zerolog: could not write event: write experiment-output/0001/slave-028/client-070.log: file already closed
zerolog: could not write event: write experiment-output/0001/slave-028/client-035.log: file already closed
zerolog: could not write event: write experiment-output/0001/slave-028/client-102.log: file already closed
zerolog: could not write event: write experiment-output/0001/slave-028/client-102.log: file already closed
zerolog: could not write event: write experiment-output/0001/slave-028/client-122.log: file already closed
zerolog: could not write event: write experiment-output/0001/slave-028/client-102.log: file already closed
zerolog: could not write event: write experiment-output/0001/slave-028/client-070.log: file already closed
zerolog: could not write event: write experiment-output/0001/slave-028/client-035.log: file already closed
zerolog: could not write event: write experiment-output/0001/slave-028/client-122.log: file already closed
zerolog: could not write event: write experiment-output/0001/slave-028/client-070.log: file already closed
zerolog: could not write event: write experiment-output/0001/slave-028/client-122.log: file already closed
zerolog: could not write event: write experiment-output/0001/slave-028/client-070.log: file already closed
zerolog: could not write event: write experiment-output/0001/slave-028/client-122.log: file already closed
zerolog: could not write event: write experiment-output/0001/slave-028/client-122.log: file already closed
zerolog: could not write event: write experiment-output/0001/slave-028/client-189.log: file already closed
zerolog: could not write event: write experiment-output/0001/slave-028/client-122.log: file already closed
zerolog: could not write event: write experiment-output/0001/slave-028/client-122.log: file already closed
zerolog: could not write event: write experiment-output/0001/slave-028/client-102.log: file already closed
zerolog: could not write event: write experiment-output/0001/slave-028/client-035.log: file already closed
zerolog: could not write event: write experiment-output/0001/slave-028/client-035.log: file already closed
zerolog: could not write event: write experiment-output/0001/slave-028/client-070.log: file already closed
zerolog: could not write event: write experiment-output/0001/slave-028/client-035.log: file already closed
zerolog: could not write event: write experiment-output/0001/slave-028/client-102.log: file already closed
zerolog: could not write event: write experiment-output/0001/slave-028/client-070.log: file already closed
zerolog: could not write event: write experiment-output/0001/slave-028/client-035.log: file already closed
zerolog: could not write event: write experiment-output/0001/slave-028/client-070.log: file already closed
zerolog: could not write event: write experiment-output/0001/slave-028/client-122.log: file already closed
zerolog: could not write event: write experiment-output/0001/slave-028/client-122.log: file already closed
zerolog: could not write event: write experiment-output/0001/slave-028/client-070.log: file already closed
zerolog: could not write event: write experiment-output/0001/slave-028/client-189.log: file already closed
zerolog: could not write event: write experiment-output/0001/slave-028/client-035.log: file already closed
zerolog: could not write event: write experiment-output/0001/slave-028/client-070.log: file already closed
zerolog: could not write event: write experiment-output/0001/slave-028/client-122.log: file already closed
zerolog: could not write event: write experiment-output/0001/slave-028/client-035.log: file already closed
zerolog: could not write event: write experiment-output/0001/slave-028/client-102.log: file already closed
zerolog: could not write event: write experiment-output/0001/slave-028/client-070.log: file already closed
zerolog: could not write event: write experiment-output/0001/slave-028/client-102.log: file already closed
zerolog: could not write event: write experiment-output/0001/slave-028/client-122.log: file already closed
zerolog: could not write event: write experiment-output/0001/slave-028/client-102.log: file already closed
zerolog: could not write event: write experiment-output/0001/slave-028/client-122.log: file already closed
zerolog: could not write event: write experiment-output/0001/slave-028/client-102.log: file already closed
zerolog: could not write event: write experiment-output/0001/slave-028/client-122.log: file already closed
zerolog: could not write event: write experiment-output/0001/slave-028/client-122.log: file already closed
zerolog: could not write event: write experiment-output/0001/slave-028/client-035.log: file already closed
zerolog: could not write event: write experiment-output/0001/slave-028/client-122.log: file already closed
zerolog: could not write event: write experiment-output/0001/slave-028/client-035.log: file already closed
zerolog: could not write event: write experiment-output/0001/slave-028/client-035.log: file already closed
zerolog: could not write event: write experiment-output/0001/slave-028/client-122.log: file already closed
zerolog: could not write event: write experiment-output/0001/slave-028/client-122.log: file already closed
zerolog: could not write event: write experiment-output/0001/slave-028/client-035.log: file already closed
zerolog: could not write event: write experiment-output/0001/slave-028/client-035.log: file already closed
zerolog: could not write event: write experiment-output/0001/slave-028/client-070.log: file already closed
zerolog: could not write event: write experiment-output/0001/slave-028/client-102.log: file already closed
zerolog: could not write event: write experiment-output/0001/slave-028/client-070.log: file already closed
zerolog: could not write event: write experiment-output/0001/slave-028/client-122.log: file already closed
zerolog: could not write event: write experiment-output/0001/slave-028/client-070.log: file already closed
zerolog: could not write event: write experiment-output/0001/slave-028/client-070.log: file already closed
zerolog: could not write event: write experiment-output/0001/slave-028/client-122.log: file already closed
zerolog: could not write event: write experiment-output/0001/slave-028/client-035.log: file already closed
zerolog: could not write event: write experiment-output/0001/slave-028/client-035.log: file already closed
zerolog: could not write event: write experiment-output/0001/slave-028/client-122.log: file already closed
zerolog: could not write event: write experiment-output/0001/slave-028/client-035.log: file already closed
zerolog: could not write event: write experiment-output/0001/slave-028/client-122.log: file already closed
zerolog: could not write event: write experiment-output/0001/slave-028/client-035.log: file already closed
zerolog: could not write event: write experiment-output/0001/slave-028/client-035.log: file already closed
zerolog: could not write event: write experiment-output/0001/slave-028/client-102.log: file already closed
zerolog: could not write event: write experiment-output/0001/slave-028/client-122.log: file already closed
zerolog: could not write event: write experiment-output/0001/slave-028/client-035.log: file already closed
zerolog: could not write event: write experiment-output/0001/slave-028/client-035.log: file already closed
zerolog: could not write event: write experiment-output/0001/slave-028/client-070.log: file already closed
zerolog: could not write event: write experiment-output/0001/slave-028/client-070.log: file already closed
zerolog: could not write event: write experiment-output/0001/slave-028/client-070.log: file already closed
zerolog: could not write event: write experiment-output/0001/slave-028/client-070.log: file already closed
zerolog: could not write event: write experiment-output/0001/slave-028/client-102.log: file already closed
zerolog: could not write event: write experiment-output/0001/slave-028/client-122.log: file already closed
zerolog: could not write event: write experiment-output/0001/slave-028/client-035.log: file already closed
zerolog: could not write event: write experiment-output/0001/slave-028/client-070.log: file already closed
zerolog: could not write event: write experiment-output/0001/slave-028/client-070.log: file already closed
zerolog: could not write event: write experiment-output/0001/slave-028/client-070.log: file already closed
zerolog: could not write event: write experiment-output/0001/slave-028/client-035.log: file already closed
zerolog: could not write event: write experiment-output/0001/slave-028/client-189.log: file already closed
zerolog: could not write event: write experiment-output/0001/slave-028/client-122.log: file already closed
zerolog: could not write event: write experiment-output/0001/slave-028/client-189.log: file already closed
zerolog: could not write event: write experiment-output/0001/slave-028/client-035.log: file already closed
zerolog: could not write event: write experiment-output/0001/slave-028/client-070.log: file already closed
zerolog: could not write event: write experiment-output/0001/slave-028/client-102.log: file already closed
zerolog: could not write event: write experiment-output/0001/slave-028/client-035.log: file already closed
zerolog: could not write event: write experiment-output/0001/slave-028/client-122.log: file already closed
zerolog: could not write event: write experiment-output/0001/slave-028/client-070.log: file already closed
zerolog: could not write event: write experiment-output/0001/slave-028/client-070.log: file already closed
zerolog: could not write event: write experiment-output/0001/slave-028/client-122.log: file already closed
zerolog: could not write event: write experiment-output/0001/slave-028/client-070.log: file already closed
zerolog: could not write event: write experiment-output/0001/slave-028/client-070.log: file already closed
zerolog: could not write event: write experiment-output/0001/slave-028/client-035.log: file already closed
zerolog: could not write event: write experiment-output/0001/slave-028/client-102.log: file already closed
zerolog: could not write event: write experiment-output/0001/slave-028/client-189.log: file already closed
zerolog: could not write event: write experiment-output/0001/slave-028/client-070.log: file already closed
zerolog: could not write event: write experiment-output/0001/slave-028/client-070.log: file already closed
zerolog: could not write event: write experiment-output/0001/slave-028/client-035.log: file already closed
zerolog: could not write event: write experiment-output/0001/slave-028/client-035.log: file already closed
zerolog: could not write event: write experiment-output/0001/slave-028/client-035.log: file already closed
zerolog: could not write event: write experiment-output/0001/slave-028/client-122.log: file already closed
zerolog: could not write event: write experiment-output/0001/slave-028/client-122.log: file already closed
zerolog: could not write event: write experiment-output/0001/slave-028/client-070.log: file already closed
zerolog: could not write event: write experiment-output/0001/slave-028/client-189.log: file already closed
zerolog: could not write event: write experiment-output/0001/slave-028/client-035.log: file already closed
zerolog: could not write event: write experiment-output/0001/slave-028/client-070.log: file already closed
zerolog: could not write event: write experiment-output/0001/slave-028/client-122.log: file already closed
zerolog: could not write event: write experiment-output/0001/slave-028/client-070.log: file already closed
zerolog: could not write event: write experiment-output/0001/slave-028/client-035.log: file already closed
zerolog: could not write event: write experiment-output/0001/slave-028/client-070.log: file already closed
zerolog: could not write event: write experiment-output/0001/slave-028/client-189.log: file already closed
zerolog: could not write event: write experiment-output/0001/slave-028/client-189.log: file already closed
zerolog: could not write event: write experiment-output/0001/slave-028/client-122.log: file already closed
zerolog: could not write event: write experiment-output/0001/slave-028/client-035.log: file already closed
zerolog: could not write event: write experiment-output/0001/slave-028/client-189.log: file already closed
zerolog: could not write event: write experiment-output/0001/slave-028/client-035.log: file already closed
zerolog: could not write event: write experiment-output/0001/slave-028/client-122.log: file already closed
zerolog: could not write event: write experiment-output/0001/slave-028/client-189.log: file already closed
zerolog: could not write event: write experiment-output/0001/slave-028/client-122.log: file already closed
zerolog: could not write event: write experiment-output/0001/slave-028/client-189.log: file already closed
zerolog: could not write event: write experiment-output/0001/slave-028/client-035.log: file already closed
zerolog: could not write event: write experiment-output/0001/slave-028/client-189.log: file already closed
zerolog: could not write event: write experiment-output/0001/slave-028/client-035.log: file already closed
zerolog: could not write event: write experiment-output/0001/slave-028/client-122.log: file already closed
zerolog: could not write event: write experiment-output/0001/slave-028/client-035.log: file already closed
zerolog: could not write event: write experiment-output/0001/slave-028/client-122.log: file already closed
zerolog: could not write event: write experiment-output/0001/slave-028/client-122.log: file already closed
zerolog: could not write event: write experiment-output/0001/slave-028/client-189.log: file already closed
zerolog: could not write event: write experiment-output/0001/slave-028/client-189.log: file already closed
zerolog: could not write event: write experiment-output/0001/slave-028/client-035.log: file already closed
zerolog: could not write event: write experiment-output/0001/slave-028/client-035.log: file already closed
zerolog: could not write event: write experiment-output/0001/slave-028/client-122.log: file already closed
zerolog: could not write event: write experiment-output/0001/slave-028/client-189.log: file already closed
zerolog: could not write event: write experiment-output/0001/slave-028/client-035.log: file already closed
zerolog: could not write event: write experiment-output/0001/slave-028/client-189.log: file already closed
zerolog: could not write event: write experiment-output/0001/slave-028/client-035.log: file already closed
zerolog: could not write event: write experiment-output/0001/slave-028/client-122.log: file already closed
zerolog: could not write event: write experiment-output/0001/slave-028/client-035.log: file already closed
zerolog: could not write event: write experiment-output/0001/slave-028/client-122.log: file already closed
zerolog: could not write event: write experiment-output/0001/slave-028/client-070.log: file already closed
zerolog: could not write event: write experiment-output/0001/slave-028/client-070.log: file already closed
zerolog: could not write event: write experiment-output/0001/slave-028/client-070.log: file already closed
zerolog: could not write event: write experiment-output/0001/slave-028/client-070.log: file already closed
zerolog: could not write event: write experiment-output/0001/slave-028/client-122.log: file already closed
zerolog: could not write event: write experiment-output/0001/slave-028/client-070.log: file already closed
zerolog: could not write event: write experiment-output/0001/slave-028/client-035.log: file already closed
zerolog: could not write event: write experiment-output/0001/slave-028/client-122.log: file already closed
zerolog: could not write event: write experiment-output/0001/slave-028/client-189.log: file already closed
zerolog: could not write event: write experiment-output/0001/slave-028/client-035.log: file already closed
zerolog: could not write event: write experiment-output/0001/slave-028/client-070.log: file already closed
zerolog: could not write event: write experiment-output/0001/slave-028/client-035.log: file already closed
zerolog: could not write event: write experiment-output/0001/slave-028/client-070.log: file already closed
zerolog: could not write event: write experiment-output/0001/slave-028/client-070.log: file already closed
zerolog: could not write event: write experiment-output/0001/slave-028/client-035.log: file already closed
zerolog: could not write event: write experiment-output/0001/slave-028/client-189.log: file already closed
zerolog: could not write event: write experiment-output/0001/slave-028/client-122.log: file already closed
zerolog: could not write event: write experiment-output/0001/slave-028/client-189.log: file already closed
zerolog: could not write event: write experiment-output/0001/slave-028/client-035.log: file already closed
zerolog: could not write event: write experiment-output/0001/slave-028/client-070.log: file already closed
zerolog: could not write event: write experiment-output/0001/slave-028/client-122.log: file already closed
zerolog: could not write event: write experiment-output/0001/slave-028/client-070.log: file already closed
zerolog: could not write event: write experiment-output/0001/slave-028/client-189.log: file already closed
zerolog: could not write event: write experiment-output/0001/slave-028/client-070.log: file already closed
zerolog: could not write event: write experiment-output/0001/slave-028/client-035.log: file already closed
zerolog: could not write event: write experiment-output/0001/slave-028/client-070.log: file already closed
zerolog: could not write event: write experiment-output/0001/slave-028/client-035.log: file already closed
zerolog: could not write event: write experiment-output/0001/slave-028/client-189.log: file already closed
zerolog: could not write event: write experiment-output/0001/slave-028/client-189.log: file already closed
zerolog: could not write event: write experiment-output/0001/slave-028/client-050.log: file already closed
zerolog: could not write event: write experiment-output/0001/slave-028/client-189.log: file already closed
zerolog: could not write event: write experiment-output/0001/slave-028/client-122.log: file already closed
zerolog: could not write event: write experiment-output/0001/slave-028/client-070.log: file already closed
zerolog: could not write event: write experiment-output/0001/slave-028/client-122.log: file already closed
zerolog: could not write event: write experiment-output/0001/slave-028/client-189.log: file already closed
zerolog: could not write event: write experiment-output/0001/slave-028/client-035.log: file already closed
zerolog: could not write event: write experiment-output/0001/slave-028/client-070.log: file already closed
zerolog: could not write event: write experiment-output/0001/slave-028/client-070.log: file already closed
zerolog: could not write event: write experiment-output/0001/slave-028/client-122.log: file already closed
zerolog: could not write event: write experiment-output/0001/slave-028/client-035.log: file already closed
zerolog: could not write event: write experiment-output/0001/slave-028/client-035.log: file already closed
zerolog: could not write event: write experiment-output/0001/slave-028/client-122.log: file already closed
zerolog: could not write event: write experiment-output/0001/slave-028/client-189.log: file already closed
zerolog: could not write event: write experiment-output/0001/slave-028/client-035.log: file already closed
zerolog: could not write event: write experiment-output/0001/slave-028/client-189.log: file already closed
zerolog: could not write event: write experiment-output/0001/slave-028/client-189.log: file already closed
zerolog: could not write event: write experiment-output/0001/slave-028/client-189.log: file already closed
zerolog: could not write event: write experiment-output/0001/slave-028/client-122.log: file already closed
zerolog: could not write event: write experiment-output/0001/slave-028/client-189.log: file already closed
zerolog: could not write event: write experiment-output/0001/slave-028/client-070.log: file already closed
zerolog: could not write event: write experiment-output/0001/slave-028/client-122.log: file already closed
zerolog: could not write event: write experiment-output/0001/slave-028/client-070.log: file already closed
zerolog: could not write event: write experiment-output/0001/slave-028/client-122.log: file already closed
zerolog: could not write event: write experiment-output/0001/slave-028/client-070.log: file already closed
zerolog: could not write event: write experiment-output/0001/slave-028/client-189.log: file already closed
zerolog: could not write event: write experiment-output/0001/slave-028/client-035.log: file already closed
zerolog: could not write event: write experiment-output/0001/slave-028/client-189.log: file already closed
zerolog: could not write event: write experiment-output/0001/slave-028/client-035.log: file already closed
zerolog: could not write event: write experiment-output/0001/slave-028/client-122.log: file already closed
zerolog: could not write event: write experiment-output/0001/slave-028/client-189.log: file already closed
zerolog: could not write event: write experiment-output/0001/slave-028/client-050.log: file already closed
zerolog: could not write event: write experiment-output/0001/slave-028/client-035.log: file already closed
zerolog: could not write event: write experiment-output/0001/slave-028/client-189.log: file already closed
zerolog: could not write event: write experiment-output/0001/slave-028/client-189.log: file already closed
zerolog: could not write event: write experiment-output/0001/slave-028/client-189.log: file already closed
zerolog: could not write event: write experiment-output/0001/slave-028/client-035.log: file already closed
zerolog: could not write event: write experiment-output/0001/slave-028/client-189.log: file already closed
zerolog: could not write event: write experiment-output/0001/slave-028/client-189.log: file already closed
zerolog: could not write event: write experiment-output/0001/slave-028/client-050.log: file already closed
zerolog: could not write event: write experiment-output/0001/slave-028/client-050.log: file already closed
zerolog: could not write event: write experiment-output/0001/slave-028/client-122.log: file already closed
zerolog: could not write event: write experiment-output/0001/slave-028/client-189.log: file already closed
zerolog: could not write event: write experiment-output/0001/slave-028/client-189.log: file already closed
zerolog: could not write event: write experiment-output/0001/slave-028/client-189.log: file already closed
zerolog: could not write event: write experiment-output/0001/slave-028/client-189.log: file already closed
zerolog: could not write event: write experiment-output/0001/slave-028/client-189.log: file already closed
zerolog: could not write event: write experiment-output/0001/slave-028/client-035.log: file already closed
zerolog: could not write event: write experiment-output/0001/slave-028/client-070.log: file already closed
zerolog: could not write event: write experiment-output/0001/slave-028/client-189.log: file already closed
zerolog: could not write event: write experiment-output/0001/slave-028/client-050.log: file already closed
zerolog: could not write event: write experiment-output/0001/slave-028/client-189.log: file already closed
zerolog: could not write event: write experiment-output/0001/slave-028/client-189.log: file already closed
zerolog: could not write event: write experiment-output/0001/slave-028/client-189.log: file already closed
zerolog: could not write event: write experiment-output/0001/slave-028/client-189.log: file already closed
zerolog: could not write event: write experiment-output/0001/slave-028/client-070.log: file already closed
zerolog: could not write event: write experiment-output/0001/slave-028/client-189.log: file already closed
zerolog: could not write event: write experiment-output/0001/slave-028/client-050.log: file already closed
zerolog: could not write event: write experiment-output/0001/slave-028/client-189.log: file already closed
zerolog: could not write event: write experiment-output/0001/slave-028/client-070.log: file already closed
zerolog: could not write event: write experiment-output/0001/slave-028/client-189.log: file already closed
zerolog: could not write event: write experiment-output/0001/slave-028/client-189.log: file already closed
zerolog: could not write event: write experiment-output/0001/slave-028/client-189.log: file already closed
zerolog: could not write event: write experiment-output/0001/slave-028/client-050.log: file already closed
zerolog: could not write event: write experiment-output/0001/slave-028/client-189.log: file already closed
zerolog: could not write event: write experiment-output/0001/slave-028/client-189.log: file already closed
zerolog: could not write event: write experiment-output/0001/slave-028/client-050.log: file already closed
zerolog: could not write event: write experiment-output/0001/slave-028/client-189.log: file already closed
zerolog: could not write event: write experiment-output/0001/slave-028/client-050.log: file already closed
zerolog: could not write event: write experiment-output/0001/slave-028/client-189.log: file already closed
zerolog: could not write event: write experiment-output/0001/slave-028/client-050.log: file already closed
zerolog: could not write event: write experiment-output/0001/slave-028/client-189.log: file already closed
zerolog: could not write event: write experiment-output/0001/slave-028/client-050.log: file already closed
zerolog: could not write event: write experiment-output/0001/slave-028/client-189.log: file already closed
zerolog: could not write event: write experiment-output/0001/slave-028/client-050.log: file already closed
zerolog: could not write event: write experiment-output/0001/slave-028/client-050.log: file already closed
zerolog: could not write event: write experiment-output/0001/slave-028/client-189.log: file already closed
zerolog: could not write event: write experiment-output/0001/slave-028/client-189.log: file already closed
zerolog: could not write event: write experiment-output/0001/slave-028/client-050.log: file already closed
zerolog: could not write event: write experiment-output/0001/slave-028/client-050.log: file already closed
zerolog: could not write event: write experiment-output/0001/slave-028/client-189.log: file already closed
zerolog: could not write event: write experiment-output/0001/slave-028/client-050.log: file already closed
zerolog: could not write event: write experiment-output/0001/slave-028/client-050.log: file already closed
zerolog: could not write event: write experiment-output/0001/slave-028/client-050.log: file already closed
zerolog: could not write event: write experiment-output/0001/slave-028/client-050.log: file already closed
zerolog: could not write event: write experiment-output/0001/slave-028/client-050.log: file already closed
zerolog: could not write event: write experiment-output/0001/slave-028/client-050.log: file already closed
zerolog: could not write event: write experiment-output/0001/slave-028/client-050.log: file already closed
zerolog: could not write event: write experiment-output/0001/slave-028/client-050.log: file already closed
zerolog: could not write event: write experiment-output/0001/slave-028/client-050.log: file already closed
zerolog: could not write event: write experiment-output/0001/slave-028/client-189.log: file already closed
zerolog: could not write event: write experiment-output/0001/slave-028/client-050.log: file already closed
zerolog: could not write event: write experiment-output/0001/slave-028/client-050.log: file already closed
zerolog: could not write event: write experiment-output/0001/slave-028/client-050.log: file already closed
zerolog: could not write event: write experiment-output/0001/slave-028/client-050.log: file already closed
zerolog: could not write event: write experiment-output/0001/slave-028/client-189.log: file already closed
zerolog: could not write event: write experiment-output/0001/slave-028/client-050.log: file already closed
zerolog: could not write event: write experiment-output/0001/slave-028/client-050.log: file already closed
zerolog: could not write event: write experiment-output/0001/slave-028/client-050.log: file already closed
zerolog: could not write event: write experiment-output/0001/slave-028/client-050.log: file already closed
zerolog: could not write event: write experiment-output/0001/slave-028/client-050.log: file already closed
zerolog: could not write event: write experiment-output/0001/slave-028/client-050.log: file already closed
zerolog: could not write event: write experiment-output/0001/slave-028/client-050.log: file already closed
zerolog: could not write event: write experiment-output/0001/slave-028/client-050.log: file already closed
zerolog: could not write event: write experiment-output/0001/slave-028/client-050.log: file already closed
zerolog: could not write event: write experiment-output/0001/slave-028/client-050.log: file already closed
zerolog: could not write event: write experiment-output/0001/slave-028/client-050.log: file already closed
zerolog: could not write event: write experiment-output/0001/slave-028/client-050.log: file already closed
zerolog: could not write event: write experiment-output/0001/slave-028/client-050.log: file already closed
zerolog: could not write event: write experiment-output/0001/slave-028/client-050.log: file already closed
zerolog: could not write event: write experiment-output/0001/slave-028/client-050.log: file already closed
zerolog: could not write event: write experiment-output/0001/slave-028/client-050.log: file already closed
zerolog: could not write event: write experiment-output/0001/slave-028/client-050.log: file already closed
zerolog: could not write event: write experiment-output/0001/slave-028/client-050.log: file already closed
zerolog: could not write event: write experiment-output/0001/slave-028/client-050.log: file already closed
zerolog: could not write event: write experiment-output/0001/slave-028/client-050.log: file already closed
zerolog: could not write event: write experiment-output/0001/slave-028/client-050.log: file already closed
zerolog: could not write event: write experiment-output/0001/slave-028/client-050.log: file already closed
zerolog: could not write event: write experiment-output/0001/slave-028/client-050.log: file already closed
zerolog: could not write event: write experiment-output/0001/slave-028/client-050.log: file already closed
zerolog: could not write event: write experiment-output/0001/slave-028/client-050.log: file already closed
zerolog: could not write event: write experiment-output/0001/slave-028/client-050.log: file already closed
zerolog: could not write event: write experiment-output/0001/slave-028/client-050.log: file already closed
zerolog: could not write event: write experiment-output/0001/slave-028/client-050.log: file already closed
zerolog: could not write event: write experiment-output/0001/slave-028/client-050.log: file already closed
zerolog: could not write event: write experiment-output/0001/slave-028/client-050.log: file already closed
zerolog: could not write event: write experiment-output/0001/slave-028/client-050.log: file already closed
zerolog: could not write event: write experiment-output/0001/slave-028/client-050.log: file already closed
zerolog: could not write event: write experiment-output/0001/slave-028/client-050.log: file already closed
zerolog: could not write event: write experiment-output/0001/slave-028/client-050.log: file already closed
zerolog: could not write event: write experiment-output/0001/slave-028/client-050.log: file already closed
zerolog: could not write event: write experiment-output/0001/slave-028/client-050.log: file already closed
07:34:36.300 INF Profile data written. filename=experiment-output/0001/slave-028/prof-client.cpu name=cpu
07:34:36.318 INF Profile data written. filename=experiment-output/0001/slave-028/prof-client.block name=block
07:34:36.324 INF Profile data written. filename=experiment-output/0001/slave-028/prof-client.mutex name=mutex
