{"level":"debug","Logging":"info","time":"2023-03-24T02:51:37Z","message":"Config"}
{"level":"debug","UseTLS":false,"time":"2023-03-24T02:51:37Z","message":"Config"}
{"level":"debug","CACertFile":"tls-data/ca.pem","time":"2023-03-24T02:51:37Z","message":"Config"}
{"level":"debug","KeyFile":"tls-data/auth.key","time":"2023-03-24T02:51:37Z","message":"Config"}
{"level":"debug","CertFile":"tls-data/auth.pem","time":"2023-03-24T02:51:37Z","message":"Config"}
{"level":"debug","PriorityConnections":2,"time":"2023-03-24T02:51:37Z","message":"Config"}
{"level":"debug","BasicConnections":1,"time":"2023-03-24T02:51:37Z","message":"Config"}
{"level":"debug","TestConnections":false,"time":"2023-03-24T02:51:37Z","message":"Config"}
{"level":"debug","ExcessConnections":1,"time":"2023-03-24T02:51:37Z","message":"Config"}
{"level":"debug","ConnectionTestMsgs":4,"time":"2023-03-24T02:51:37Z","message":"Config"}
{"level":"debug","ConnectionTestPayload":131072,"time":"2023-03-24T02:51:37Z","message":"Config"}
{"level":"debug","OutMessageBufsize":1024,"time":"2023-03-24T02:51:37Z","message":"Config"}
{"level":"debug","OutMessageBufsize":4,"time":"2023-03-24T02:51:37Z","message":"Config"}
{"level":"debug","ThroughputCap":131072000,"time":"2023-03-24T02:51:37Z","message":"Config"}
{"level":"debug","StragglerTolerance":1000,"time":"2023-03-24T02:51:37Z","message":"Config"}
{"level":"debug","BatchSizeIncrement":256,"time":"2023-03-24T02:51:37Z","message":"Config"}
{"level":"debug","Orderer":"Pbft","time":"2023-03-24T02:51:37Z","message":"Config"}
{"level":"debug","Manager":"Mir","time":"2023-03-24T02:51:37Z","message":"Config"}
{"level":"debug","Failures":0,"time":"2023-03-24T02:51:37Z","message":"Config"}
{"level":"debug","StragglerCnt":1,"time":"2023-03-24T02:51:37Z","message":"Config"}
{"level":"debug","PrivKeyCnt":10,"time":"2023-03-24T02:51:37Z","message":"Config"}
{"level":"debug","UseSig":false,"time":"2023-03-24T02:51:37Z","message":"Config"}
{"level":"debug","CrashTiming":"Straggler","time":"2023-03-24T02:51:37Z","message":"Config"}
{"level":"debug","CheckpointInterval":512,"time":"2023-03-24T02:51:37Z","message":"Config"}
{"level":"debug","WatermarkWindowSize":512,"time":"2023-03-24T02:51:37Z","message":"Config"}
{"level":"debug","EpochLength":512,"time":"2023-03-24T02:51:37Z","message":"Config"}
{"level":"debug","SegmentLength":32,"time":"2023-03-24T02:51:37Z","message":"Config"}
{"level":"debug","WaitForCheckpoints":true,"time":"2023-03-24T02:51:37Z","message":"Config"}
{"level":"debug","ClientWatermarkWindowSize":16384,"time":"2023-03-24T02:51:37Z","message":"Config"}
{"level":"debug","ClientRequestBacklogSize":16384,"time":"2023-03-24T02:51:37Z","message":"Config"}
{"level":"debug","RandomSeed":477,"time":"2023-03-24T02:51:37Z","message":"Config"}
{"level":"debug","NodeToLeaderRatio":1,"time":"2023-03-24T02:51:37Z","message":"Config"}
{"level":"debug","LeaderPolicy":"Simple","time":"2023-03-24T02:51:37Z","message":"Config"}
{"level":"debug","DefaultLeaderBan":2,"time":"2023-03-24T02:51:37Z","message":"Config"}
{"level":"debug","NumBuckets":256,"time":"2023-03-24T02:51:37Z","message":"Config"}
{"level":"debug","BatchSize":2000,"time":"2023-03-24T02:51:37Z","message":"Config"}
{"level":"debug","DisabledViewChange":false,"time":"2023-03-24T02:51:37Z","message":"Config"}
{"level":"debug","ViewChangeTimeout":60000,"time":"2023-03-24T02:51:37Z","message":"Config"}
{"level":"debug","ClientTraceSampling":10,"time":"2023-03-24T02:51:37Z","message":"Config"}
{"level":"debug","EventBufferSize":2097152,"time":"2023-03-24T02:51:37Z","message":"Config"}
{"level":"debug","TraceSampling":1,"time":"2023-03-24T02:51:37Z","message":"Config"}
{"level":"debug","ClientsPerProcess":8,"time":"2023-03-24T02:51:37Z","message":"Config"}
{"level":"debug","RequestsPerClient":7680,"time":"2023-03-24T02:51:37Z","message":"Config"}
{"level":"debug","ClientRunTime":15000,"time":"2023-03-24T02:51:37Z","message":"Config"}
{"level":"debug","RequestRate":256,"time":"2023-03-24T02:51:37Z","message":"Config"}
{"level":"debug","HardRequestRateLimit":false,"time":"2023-03-24T02:51:37Z","message":"Config"}
{"level":"debug","RequestPayloadSize":500,"time":"2023-03-24T02:51:37Z","message":"Config"}
{"level":"debug","SignRequests":true,"time":"2023-03-24T02:51:37Z","message":"Config"}
{"level":"debug","ClientPrivKeyFile":"tls-data/client-ecdsa-256.key","time":"2023-03-24T02:51:37Z","message":"Config"}
{"level":"debug","ClientPubKeyFile":"tls-data/client-ecdsa-256.pem","time":"2023-03-24T02:51:37Z","message":"Config"}
{"level":"debug","PrecomputeRequests":false,"time":"2023-03-24T02:51:37Z","message":"Config"}
{"level":"debug","RequestHandlerThreads":32,"time":"2023-03-24T02:51:37Z","message":"Config"}
{"level":"debug","RequestInputChannelBuffer":8192,"time":"2023-03-24T02:51:37Z","message":"Config"}
{"level":"debug","BatchVerifier":"external","time":"2023-03-24T02:51:37Z","message":"Config"}
02:51:37.994 INF Started Profiler: CPU
02:51:37.994 INF Started Profiler: BLOCK
02:51:37.994 INF Started Profiler: MUTEX
02:51:37.994 INF Starting clients. numClients=8 numRequests=7680
02:51:37.994 INF Initilizing clients.
02:51:38.001 INF Registared with discovery server. numOrderers=16 ownClientId=19
02:51:38.001 INF Registared with discovery server. numOrderers=16 ownClientId=16
02:51:38.002 INF Registared with discovery server. numOrderers=16 ownClientId=25
02:51:38.003 INF Registared with discovery server. numOrderers=16 ownClientId=47
02:51:38.003 INF Registared with discovery server. numOrderers=16 ownClientId=46
02:51:38.003 INF Registared with discovery server. numOrderers=16 ownClientId=60
02:51:38.003 INF Registared with discovery server. numOrderers=16 ownClientId=61
02:51:38.003 INF Registared with discovery server. numOrderers=16 ownClientId=62
02:51:38.003 INF Clients initialized.
02:51:38.003 INF Launching clients.
02:51:38.003 INF Waiting for clients.
02:52:31.028 INF Stopping Tracer. events=1541 fileName=experiment-output/0002/slave-012/client-025.trc
zerolog: could not write event: write experiment-output/0002/slave-012/client-025.log: file already closed
zerolog: could not write event: write experiment-output/0002/slave-012/client-025.log: file already closed
zerolog: could not write event: write experiment-output/0002/slave-012/client-025.log: file already closed
zerolog: could not write event: write experiment-output/0002/slave-012/client-025.log: file already closed
02:52:31.031 INF Trace data written.
02:52:31.031 INF Stopping Tracer. events=2357 fileName=experiment-output/0002/slave-012/client-046.trc
zerolog: could not write event: write experiment-output/0002/slave-012/client-046.log: file already closed
zerolog: could not write event: write experiment-output/0002/slave-012/client-046.log: file already closed
zerolog: could not write event: write experiment-output/0002/slave-012/client-046.log: file already closed
zerolog: could not write event: write experiment-output/0002/slave-012/client-046.log: file already closed
02:52:31.032 INF Stopping Tracer. events=2405 fileName=experiment-output/0002/slave-012/client-060.trc
02:52:31.032 INF Stopping Tracer. events=1541 fileName=experiment-output/0002/slave-012/client-047.trc
zerolog: could not write event: write experiment-output/0002/slave-012/client-047.log: file already closed
zerolog: could not write event: write experiment-output/0002/slave-012/client-060.log: file already closed
zerolog: could not write event: write experiment-output/0002/slave-012/client-060.log: file already closed
zerolog: could not write event: write experiment-output/0002/slave-012/client-047.log: file already closed
zerolog: could not write event: write experiment-output/0002/slave-012/client-060.log: file already closed
zerolog: could not write event: write experiment-output/0002/slave-012/client-047.log: file already closed
zerolog: could not write event: write experiment-output/0002/slave-012/client-060.log: file already closed
zerolog: could not write event: write experiment-output/0002/slave-012/client-047.log: file already closed
02:52:31.035 INF Trace data written.
02:52:31.037 INF Trace data written.
02:52:31.038 INF Trace data written.
02:52:31.038 INF Stopping Tracer. events=1541 fileName=experiment-output/0002/slave-012/client-061.trc
02:52:31.038 INF Stopping Tracer. events=2165 fileName=experiment-output/0002/slave-012/client-062.trc
zerolog: could not write event: write experiment-output/0002/slave-012/client-061.log: file already closed
zerolog: could not write event: write experiment-output/0002/slave-012/client-061.log: file already closed
02:52:31.038 INF Stopping Tracer. events=2340 fileName=experiment-output/0002/slave-012/client-016.trc
zerolog: could not write event: write experiment-output/0002/slave-012/client-062.log: file already closed
zerolog: could not write event: write experiment-output/0002/slave-012/client-061.log: file already closed
zerolog: could not write event: write experiment-output/0002/slave-012/client-062.log: file already closed
zerolog: could not write event: write experiment-output/0002/slave-012/client-062.log: file already closed
zerolog: could not write event: write experiment-output/0002/slave-012/client-061.log: file already closed
zerolog: could not write event: write experiment-output/0002/slave-012/client-062.log: file already closed
02:52:31.039 INF Stopping Tracer. events=1542 fileName=experiment-output/0002/slave-012/client-019.trc
zerolog: could not write event: write experiment-output/0002/slave-012/client-019.log: file already closed
zerolog: could not write event: write experiment-output/0002/slave-012/client-016.log: file already closed
zerolog: could not write event: write experiment-output/0002/slave-012/client-016.log: file already closed
zerolog: could not write event: write experiment-output/0002/slave-012/client-019.log: file already closed
zerolog: could not write event: write experiment-output/0002/slave-012/client-019.log: file already closed
zerolog: could not write event: write experiment-output/0002/slave-012/client-016.log: file already closed
zerolog: could not write event: write experiment-output/0002/slave-012/client-019.log: file already closed
zerolog: could not write event: write experiment-output/0002/slave-012/client-016.log: file already closed
02:52:31.041 INF Trace data written.
02:52:31.043 INF Trace data written.
02:52:31.043 INF Trace data written.
02:52:31.043 INF Trace data written.
02:52:31.044 INF Done.
02:52:31.044 INF Stopping profiler.
zerolog: could not write event: write experiment-output/0002/slave-012/client-025.log: file already closed
zerolog: could not write event: write experiment-output/0002/slave-012/client-025.log: file already closed
zerolog: could not write event: write experiment-output/0002/slave-012/client-025.log: file already closed
zerolog: could not write event: write experiment-output/0002/slave-012/client-025.log: file already closed
zerolog: could not write event: write experiment-output/0002/slave-012/client-046.log: file already closed
zerolog: could not write event: write experiment-output/0002/slave-012/client-046.log: file already closed
zerolog: could not write event: write experiment-output/0002/slave-012/client-046.log: file already closed
zerolog: could not write event: write experiment-output/0002/slave-012/client-046.log: file already closed
zerolog: could not write event: write experiment-output/0002/slave-012/client-047.log: file already closed
zerolog: could not write event: write experiment-output/0002/slave-012/client-060.log: file already closed
zerolog: could not write event: write experiment-output/0002/slave-012/client-060.log: file already closed
zerolog: could not write event: write experiment-output/0002/slave-012/client-047.log: file already closed
zerolog: could not write event: write experiment-output/0002/slave-012/client-047.log: file already closed
zerolog: could not write event: write experiment-output/0002/slave-012/client-060.log: file already closed
zerolog: could not write event: write experiment-output/0002/slave-012/client-047.log: file already closed
zerolog: could not write event: write experiment-output/0002/slave-012/client-060.log: file already closed
zerolog: could not write event: write experiment-output/0002/slave-012/client-061.log: file already closed
zerolog: could not write event: write experiment-output/0002/slave-012/client-061.log: file already closed
zerolog: could not write event: write experiment-output/0002/slave-012/client-061.log: file already closed
zerolog: could not write event: write experiment-output/0002/slave-012/client-061.log: file already closed
zerolog: could not write event: write experiment-output/0002/slave-012/client-062.log: file already closed
zerolog: could not write event: write experiment-output/0002/slave-012/client-062.log: file already closed
zerolog: could not write event: write experiment-output/0002/slave-012/client-062.log: file already closed
zerolog: could not write event: write experiment-output/0002/slave-012/client-019.log: file already closed
zerolog: could not write event: write experiment-output/0002/slave-012/client-019.log: file already closed
zerolog: could not write event: write experiment-output/0002/slave-012/client-016.log: file already closed
zerolog: could not write event: write experiment-output/0002/slave-012/client-016.log: file already closed
zerolog: could not write event: write experiment-output/0002/slave-012/client-062.log: file already closed
zerolog: could not write event: write experiment-output/0002/slave-012/client-019.log: file already closed
zerolog: could not write event: write experiment-output/0002/slave-012/client-016.log: file already closed
zerolog: could not write event: write experiment-output/0002/slave-012/client-016.log: file already closed
zerolog: could not write event: write experiment-output/0002/slave-012/client-019.log: file already closed
zerolog: could not write event: write experiment-output/0002/slave-012/client-025.log: file already closed
zerolog: could not write event: write experiment-output/0002/slave-012/client-025.log: file already closed
zerolog: could not write event: write experiment-output/0002/slave-012/client-025.log: file already closed
zerolog: could not write event: write experiment-output/0002/slave-012/client-025.log: file already closed
zerolog: could not write event: write experiment-output/0002/slave-012/client-046.log: file already closed
zerolog: could not write event: write experiment-output/0002/slave-012/client-047.log: file already closed
zerolog: could not write event: write experiment-output/0002/slave-012/client-060.log: file already closed
zerolog: could not write event: write experiment-output/0002/slave-012/client-046.log: file already closed
zerolog: could not write event: write experiment-output/0002/slave-012/client-047.log: file already closed
zerolog: could not write event: write experiment-output/0002/slave-012/client-060.log: file already closed
zerolog: could not write event: write experiment-output/0002/slave-012/client-046.log: file already closed
zerolog: could not write event: write experiment-output/0002/slave-012/client-060.log: file already closed
zerolog: could not write event: write experiment-output/0002/slave-012/client-047.log: file already closed
zerolog: could not write event: write experiment-output/0002/slave-012/client-060.log: file already closed
zerolog: could not write event: write experiment-output/0002/slave-012/client-047.log: file already closed
zerolog: could not write event: write experiment-output/0002/slave-012/client-046.log: file already closed
zerolog: could not write event: write experiment-output/0002/slave-012/client-061.log: file already closed
zerolog: could not write event: write experiment-output/0002/slave-012/client-016.log: file already closed
zerolog: could not write event: write experiment-output/0002/slave-012/client-019.log: file already closed
zerolog: could not write event: write experiment-output/0002/slave-012/client-061.log: file already closed
zerolog: could not write event: write experiment-output/0002/slave-012/client-061.log: file already closed
zerolog: could not write event: write experiment-output/0002/slave-012/client-062.log: file already closed
zerolog: could not write event: write experiment-output/0002/slave-012/client-062.log: file already closed
zerolog: could not write event: write experiment-output/0002/slave-012/client-016.log: file already closed
zerolog: could not write event: write experiment-output/0002/slave-012/client-016.log: file already closed
zerolog: could not write event: write experiment-output/0002/slave-012/client-019.log: file already closed
zerolog: could not write event: write experiment-output/0002/slave-012/client-019.log: file already closed
zerolog: could not write event: write experiment-output/0002/slave-012/client-062.log: file already closed
zerolog: could not write event: write experiment-output/0002/slave-012/client-061.log: file already closed
zerolog: could not write event: write experiment-output/0002/slave-012/client-062.log: file already closed
zerolog: could not write event: write experiment-output/0002/slave-012/client-016.log: file already closed
zerolog: could not write event: write experiment-output/0002/slave-012/client-019.log: file already closed
zerolog: could not write event: write experiment-output/0002/slave-012/client-025.log: file already closed
zerolog: could not write event: write experiment-output/0002/slave-012/client-025.log: file already closed
zerolog: could not write event: write experiment-output/0002/slave-012/client-025.log: file already closed
zerolog: could not write event: write experiment-output/0002/slave-012/client-025.log: file already closed
zerolog: could not write event: write experiment-output/0002/slave-012/client-046.log: file already closed
zerolog: could not write event: write experiment-output/0002/slave-012/client-046.log: file already closed
zerolog: could not write event: write experiment-output/0002/slave-012/client-060.log: file already closed
zerolog: could not write event: write experiment-output/0002/slave-012/client-046.log: file already closed
zerolog: could not write event: write experiment-output/0002/slave-012/client-060.log: file already closed
zerolog: could not write event: write experiment-output/0002/slave-012/client-060.log: file already closed
zerolog: could not write event: write experiment-output/0002/slave-012/client-047.log: file already closed
zerolog: could not write event: write experiment-output/0002/slave-012/client-047.log: file already closed
zerolog: could not write event: write experiment-output/0002/slave-012/client-060.log: file already closed
zerolog: could not write event: write experiment-output/0002/slave-012/client-046.log: file already closed
zerolog: could not write event: write experiment-output/0002/slave-012/client-047.log: file already closed
zerolog: could not write event: write experiment-output/0002/slave-012/client-047.log: file already closed
zerolog: could not write event: write experiment-output/0002/slave-012/client-061.log: file already closed
zerolog: could not write event: write experiment-output/0002/slave-012/client-062.log: file already closed
zerolog: could not write event: write experiment-output/0002/slave-012/client-062.log: file already closed
zerolog: could not write event: write experiment-output/0002/slave-012/client-061.log: file already closed
zerolog: could not write event: write experiment-output/0002/slave-012/client-062.log: file already closed
zerolog: could not write event: write experiment-output/0002/slave-012/client-062.log: file already closed
zerolog: could not write event: write experiment-output/0002/slave-012/client-061.log: file already closed
zerolog: could not write event: write experiment-output/0002/slave-012/client-019.log: file already closed
zerolog: could not write event: write experiment-output/0002/slave-012/client-016.log: file already closed
zerolog: could not write event: write experiment-output/0002/slave-012/client-016.log: file already closed
zerolog: could not write event: write experiment-output/0002/slave-012/client-019.log: file already closed
zerolog: could not write event: write experiment-output/0002/slave-012/client-019.log: file already closed
zerolog: could not write event: write experiment-output/0002/slave-012/client-019.log: file already closed
zerolog: could not write event: write experiment-output/0002/slave-012/client-016.log: file already closed
zerolog: could not write event: write experiment-output/0002/slave-012/client-061.log: file already closed
zerolog: could not write event: write experiment-output/0002/slave-012/client-016.log: file already closed
02:52:31.240 INF Profile data written. filename=experiment-output/0002/slave-012/prof-client.cpu name=cpu
02:52:31.260 INF Profile data written. filename=experiment-output/0002/slave-012/prof-client.block name=block
02:52:31.268 INF Profile data written. filename=experiment-output/0002/slave-012/prof-client.mutex name=mutex
