{"level":"debug","Logging":"info","time":"2023-03-24T03:13:58Z","message":"Config"}
{"level":"debug","UseTLS":false,"time":"2023-03-24T03:13:58Z","message":"Config"}
{"level":"debug","CACertFile":"tls-data/ca.pem","time":"2023-03-24T03:13:58Z","message":"Config"}
{"level":"debug","KeyFile":"tls-data/auth.key","time":"2023-03-24T03:13:58Z","message":"Config"}
{"level":"debug","CertFile":"tls-data/auth.pem","time":"2023-03-24T03:13:58Z","message":"Config"}
{"level":"debug","PriorityConnections":2,"time":"2023-03-24T03:13:58Z","message":"Config"}
{"level":"debug","BasicConnections":1,"time":"2023-03-24T03:13:58Z","message":"Config"}
{"level":"debug","TestConnections":false,"time":"2023-03-24T03:13:58Z","message":"Config"}
{"level":"debug","ExcessConnections":1,"time":"2023-03-24T03:13:58Z","message":"Config"}
{"level":"debug","ConnectionTestMsgs":4,"time":"2023-03-24T03:13:58Z","message":"Config"}
{"level":"debug","ConnectionTestPayload":131072,"time":"2023-03-24T03:13:58Z","message":"Config"}
{"level":"debug","OutMessageBufsize":1024,"time":"2023-03-24T03:13:58Z","message":"Config"}
{"level":"debug","OutMessageBufsize":4,"time":"2023-03-24T03:13:58Z","message":"Config"}
{"level":"debug","ThroughputCap":131072000,"time":"2023-03-24T03:13:58Z","message":"Config"}
{"level":"debug","StragglerTolerance":1000,"time":"2023-03-24T03:13:58Z","message":"Config"}
{"level":"debug","BatchSizeIncrement":256,"time":"2023-03-24T03:13:58Z","message":"Config"}
{"level":"debug","Orderer":"Pbft","time":"2023-03-24T03:13:58Z","message":"Config"}
{"level":"debug","Manager":"Mir","time":"2023-03-24T03:13:58Z","message":"Config"}
{"level":"debug","Failures":0,"time":"2023-03-24T03:13:58Z","message":"Config"}
{"level":"debug","StragglerCnt":1,"time":"2023-03-24T03:13:58Z","message":"Config"}
{"level":"debug","PrivKeyCnt":10,"time":"2023-03-24T03:13:58Z","message":"Config"}
{"level":"debug","UseSig":false,"time":"2023-03-24T03:13:58Z","message":"Config"}
{"level":"debug","CrashTiming":"Straggler","time":"2023-03-24T03:13:58Z","message":"Config"}
{"level":"debug","CheckpointInterval":512,"time":"2023-03-24T03:13:58Z","message":"Config"}
{"level":"debug","WatermarkWindowSize":512,"time":"2023-03-24T03:13:58Z","message":"Config"}
{"level":"debug","EpochLength":512,"time":"2023-03-24T03:13:58Z","message":"Config"}
{"level":"debug","SegmentLength":32,"time":"2023-03-24T03:13:58Z","message":"Config"}
{"level":"debug","WaitForCheckpoints":true,"time":"2023-03-24T03:13:58Z","message":"Config"}
{"level":"debug","ClientWatermarkWindowSize":16384,"time":"2023-03-24T03:13:58Z","message":"Config"}
{"level":"debug","ClientRequestBacklogSize":16384,"time":"2023-03-24T03:13:58Z","message":"Config"}
{"level":"debug","RandomSeed":21955,"time":"2023-03-24T03:13:58Z","message":"Config"}
{"level":"debug","NodeToLeaderRatio":1,"time":"2023-03-24T03:13:58Z","message":"Config"}
{"level":"debug","LeaderPolicy":"Simple","time":"2023-03-24T03:13:58Z","message":"Config"}
{"level":"debug","DefaultLeaderBan":2,"time":"2023-03-24T03:13:58Z","message":"Config"}
{"level":"debug","NumBuckets":256,"time":"2023-03-24T03:13:58Z","message":"Config"}
{"level":"debug","BatchSize":2500,"time":"2023-03-24T03:13:58Z","message":"Config"}
{"level":"debug","DisabledViewChange":false,"time":"2023-03-24T03:13:58Z","message":"Config"}
{"level":"debug","ViewChangeTimeout":60000,"time":"2023-03-24T03:13:58Z","message":"Config"}
{"level":"debug","ClientTraceSampling":10,"time":"2023-03-24T03:13:58Z","message":"Config"}
{"level":"debug","EventBufferSize":2097152,"time":"2023-03-24T03:13:58Z","message":"Config"}
{"level":"debug","TraceSampling":1,"time":"2023-03-24T03:13:58Z","message":"Config"}
{"level":"debug","ClientsPerProcess":8,"time":"2023-03-24T03:13:58Z","message":"Config"}
{"level":"debug","RequestsPerClient":5859,"time":"2023-03-24T03:13:58Z","message":"Config"}
{"level":"debug","ClientRunTime":15000,"time":"2023-03-24T03:13:58Z","message":"Config"}
{"level":"debug","RequestRate":195,"time":"2023-03-24T03:13:58Z","message":"Config"}
{"level":"debug","HardRequestRateLimit":false,"time":"2023-03-24T03:13:58Z","message":"Config"}
{"level":"debug","RequestPayloadSize":500,"time":"2023-03-24T03:13:58Z","message":"Config"}
{"level":"debug","SignRequests":true,"time":"2023-03-24T03:13:58Z","message":"Config"}
{"level":"debug","ClientPrivKeyFile":"tls-data/client-ecdsa-256.key","time":"2023-03-24T03:13:58Z","message":"Config"}
{"level":"debug","ClientPubKeyFile":"tls-data/client-ecdsa-256.pem","time":"2023-03-24T03:13:58Z","message":"Config"}
{"level":"debug","PrecomputeRequests":false,"time":"2023-03-24T03:13:58Z","message":"Config"}
{"level":"debug","RequestHandlerThreads":32,"time":"2023-03-24T03:13:58Z","message":"Config"}
{"level":"debug","RequestInputChannelBuffer":8192,"time":"2023-03-24T03:13:58Z","message":"Config"}
{"level":"debug","BatchVerifier":"external","time":"2023-03-24T03:13:58Z","message":"Config"}
03:13:58.672 INF Started Profiler: CPU
03:13:58.672 INF Started Profiler: BLOCK
03:13:58.672 INF Started Profiler: MUTEX
03:13:58.672 INF Starting clients. numClients=8 numRequests=5859
03:13:58.672 INF Initilizing clients.
03:13:59.068 INF Registared with discovery server. numOrderers=16 ownClientId=128
03:13:59.069 INF Registared with discovery server. numOrderers=16 ownClientId=131
03:13:59.070 INF Registared with discovery server. numOrderers=16 ownClientId=144
03:13:59.070 INF Registared with discovery server. numOrderers=16 ownClientId=148
03:13:59.071 INF Registared with discovery server. numOrderers=16 ownClientId=142
03:13:59.071 INF Registared with discovery server. numOrderers=16 ownClientId=153
03:13:59.071 INF Registared with discovery server. numOrderers=16 ownClientId=155
03:13:59.074 INF Registared with discovery server. numOrderers=16 ownClientId=177
03:13:59.074 INF Clients initialized.
03:13:59.074 INF Launching clients.
03:13:59.074 INF Waiting for clients.
03:14:51.208 INF Stopping Tracer. events=1207 fileName=experiment-output/0001/slave-034/client-131.trc
03:14:51.208 INF Stopping Tracer. events=1735 fileName=experiment-output/0001/slave-034/client-148.trc
03:14:51.208 INF Stopping Tracer. events=1734 fileName=experiment-output/0001/slave-034/client-144.trc
zerolog: could not write event: write experiment-output/0001/slave-034/client-148.log: file already closed
zerolog: could not write event: write experiment-output/0001/slave-034/client-148.log: file already closed
zerolog: could not write event: write experiment-output/0001/slave-034/client-131.log: file already closed
zerolog: could not write event: write experiment-output/0001/slave-034/client-148.log: file already closed
zerolog: could not write event: write experiment-output/0001/slave-034/client-131.log: file already closed
zerolog: could not write event: write experiment-output/0001/slave-034/client-131.log: file already closed
zerolog: could not write event: write experiment-output/0001/slave-034/client-148.log: file already closed
zerolog: could not write event: write experiment-output/0001/slave-034/client-131.log: file already closed
zerolog: could not write event: write experiment-output/0001/slave-034/client-144.log: file already closed
zerolog: could not write event: write experiment-output/0001/slave-034/client-144.log: file already closed
zerolog: could not write event: write experiment-output/0001/slave-034/client-144.log: file already closed
zerolog: could not write event: write experiment-output/0001/slave-034/client-144.log: file already closed
03:14:51.210 INF Trace data written.
03:14:51.211 INF Trace data written.
03:14:51.211 INF Trace data written.
03:14:51.212 INF Stopping Tracer. events=1190 fileName=experiment-output/0001/slave-034/client-155.trc
zerolog: could not write event: write experiment-output/0001/slave-034/client-155.log: file already closed
zerolog: could not write event: write experiment-output/0001/slave-034/client-155.log: file already closed
zerolog: could not write event: write experiment-output/0001/slave-034/client-155.log: file already closed
zerolog: could not write event: write experiment-output/0001/slave-034/client-155.log: file already closed
03:14:51.213 INF Stopping Tracer. events=1765 fileName=experiment-output/0001/slave-034/client-128.trc
zerolog: could not write event: write experiment-output/0001/slave-034/client-128.log: file already closed
zerolog: could not write event: write experiment-output/0001/slave-034/client-128.log: file already closed
zerolog: could not write event: write experiment-output/0001/slave-034/client-128.log: file already closed
zerolog: could not write event: write experiment-output/0001/slave-034/client-128.log: file already closed
03:14:51.214 INF Trace data written.
03:14:51.216 INF Trace data written.
03:14:51.226 INF Stopping Tracer. events=1718 fileName=experiment-output/0001/slave-034/client-142.trc
zerolog: could not write event: write experiment-output/0001/slave-034/client-142.log: file already closed
zerolog: could not write event: write experiment-output/0001/slave-034/client-142.log: file already closed
zerolog: could not write event: write experiment-output/0001/slave-034/client-142.log: file already closed
zerolog: could not write event: write experiment-output/0001/slave-034/client-142.log: file already closed
03:14:51.229 INF Trace data written.
03:14:51.231 INF Stopping Tracer. events=1191 fileName=experiment-output/0001/slave-034/client-153.trc
03:14:51.231 INF Stopping Tracer. events=1206 fileName=experiment-output/0001/slave-034/client-177.trc
zerolog: could not write event: write experiment-output/0001/slave-034/client-153.log: file already closed
zerolog: could not write event: write experiment-output/0001/slave-034/client-153.log: file already closed
zerolog: could not write event: write experiment-output/0001/slave-034/client-153.log: file already closed
zerolog: could not write event: write experiment-output/0001/slave-034/client-153.log: file already closed
zerolog: could not write event: write experiment-output/0001/slave-034/client-177.log: file already closed
zerolog: could not write event: write experiment-output/0001/slave-034/client-177.log: file already closed
zerolog: could not write event: write experiment-output/0001/slave-034/client-177.log: file already closed
zerolog: could not write event: write experiment-output/0001/slave-034/client-177.log: file already closed
03:14:51.233 INF Trace data written.
03:14:51.233 INF Trace data written.
03:14:51.233 INF Done.
03:14:51.233 INF Stopping profiler.
zerolog: could not write event: write experiment-output/0001/slave-034/client-148.log: file already closed
zerolog: could not write event: write experiment-output/0001/slave-034/client-131.log: file already closed
zerolog: could not write event: write experiment-output/0001/slave-034/client-131.log: file already closed
zerolog: could not write event: write experiment-output/0001/slave-034/client-148.log: file already closed
zerolog: could not write event: write experiment-output/0001/slave-034/client-148.log: file already closed
zerolog: could not write event: write experiment-output/0001/slave-034/client-148.log: file already closed
zerolog: could not write event: write experiment-output/0001/slave-034/client-144.log: file already closed
zerolog: could not write event: write experiment-output/0001/slave-034/client-131.log: file already closed
zerolog: could not write event: write experiment-output/0001/slave-034/client-155.log: file already closed
zerolog: could not write event: write experiment-output/0001/slave-034/client-155.log: file already closed
zerolog: could not write event: write experiment-output/0001/slave-034/client-128.log: file already closed
zerolog: could not write event: write experiment-output/0001/slave-034/client-144.log: file already closed
zerolog: could not write event: write experiment-output/0001/slave-034/client-144.log: file already closed
zerolog: could not write event: write experiment-output/0001/slave-034/client-144.log: file already closed
zerolog: could not write event: write experiment-output/0001/slave-034/client-131.log: file already closed
zerolog: could not write event: write experiment-output/0001/slave-034/client-128.log: file already closed
zerolog: could not write event: write experiment-output/0001/slave-034/client-128.log: file already closed
zerolog: could not write event: write experiment-output/0001/slave-034/client-128.log: file already closed
zerolog: could not write event: write experiment-output/0001/slave-034/client-155.log: file already closed
zerolog: could not write event: write experiment-output/0001/slave-034/client-142.log: file already closed
zerolog: could not write event: write experiment-output/0001/slave-034/client-155.log: file already closed
zerolog: could not write event: write experiment-output/0001/slave-034/client-142.log: file already closed
zerolog: could not write event: write experiment-output/0001/slave-034/client-142.log: file already closed
zerolog: could not write event: write experiment-output/0001/slave-034/client-153.log: file already closed
zerolog: could not write event: write experiment-output/0001/slave-034/client-153.log: file already closed
zerolog: could not write event: write experiment-output/0001/slave-034/client-131.log: file already closed
zerolog: could not write event: write experiment-output/0001/slave-034/client-148.log: file already closed
zerolog: could not write event: write experiment-output/0001/slave-034/client-144.log: file already closed
zerolog: could not write event: write experiment-output/0001/slave-034/client-142.log: file already closed
zerolog: could not write event: write experiment-output/0001/slave-034/client-148.log: file already closed
zerolog: could not write event: write experiment-output/0001/slave-034/client-148.log: file already closed
zerolog: could not write event: write experiment-output/0001/slave-034/client-131.log: file already closed
zerolog: could not write event: write experiment-output/0001/slave-034/client-131.log: file already closed
zerolog: could not write event: write experiment-output/0001/slave-034/client-144.log: file already closed
zerolog: could not write event: write experiment-output/0001/slave-034/client-144.log: file already closed
zerolog: could not write event: write experiment-output/0001/slave-034/client-144.log: file already closed
zerolog: could not write event: write experiment-output/0001/slave-034/client-131.log: file already closed
zerolog: could not write event: write experiment-output/0001/slave-034/client-148.log: file already closed
zerolog: could not write event: write experiment-output/0001/slave-034/client-155.log: file already closed
zerolog: could not write event: write experiment-output/0001/slave-034/client-155.log: file already closed
zerolog: could not write event: write experiment-output/0001/slave-034/client-155.log: file already closed
zerolog: could not write event: write experiment-output/0001/slave-034/client-128.log: file already closed
zerolog: could not write event: write experiment-output/0001/slave-034/client-155.log: file already closed
zerolog: could not write event: write experiment-output/0001/slave-034/client-128.log: file already closed
zerolog: could not write event: write experiment-output/0001/slave-034/client-153.log: file already closed
zerolog: could not write event: write experiment-output/0001/slave-034/client-153.log: file already closed
zerolog: could not write event: write experiment-output/0001/slave-034/client-128.log: file already closed
zerolog: could not write event: write experiment-output/0001/slave-034/client-128.log: file already closed
zerolog: could not write event: write experiment-output/0001/slave-034/client-177.log: file already closed
zerolog: could not write event: write experiment-output/0001/slave-034/client-177.log: file already closed
zerolog: could not write event: write experiment-output/0001/slave-034/client-177.log: file already closed
zerolog: could not write event: write experiment-output/0001/slave-034/client-177.log: file already closed
zerolog: could not write event: write experiment-output/0001/slave-034/client-142.log: file already closed
zerolog: could not write event: write experiment-output/0001/slave-034/client-142.log: file already closed
zerolog: could not write event: write experiment-output/0001/slave-034/client-142.log: file already closed
zerolog: could not write event: write experiment-output/0001/slave-034/client-142.log: file already closed
zerolog: could not write event: write experiment-output/0001/slave-034/client-153.log: file already closed
zerolog: could not write event: write experiment-output/0001/slave-034/client-153.log: file already closed
zerolog: could not write event: write experiment-output/0001/slave-034/client-177.log: file already closed
zerolog: could not write event: write experiment-output/0001/slave-034/client-177.log: file already closed
zerolog: could not write event: write experiment-output/0001/slave-034/client-153.log: file already closed
zerolog: could not write event: write experiment-output/0001/slave-034/client-177.log: file already closed
zerolog: could not write event: write experiment-output/0001/slave-034/client-153.log: file already closed
zerolog: could not write event: write experiment-output/0001/slave-034/client-177.log: file already closed
03:14:51.408 INF Profile data written. filename=experiment-output/0001/slave-034/prof-client.cpu name=cpu
zerolog: could not write event: write experiment-output/0001/slave-034/client-148.log: file already closed
zerolog: could not write event: write experiment-output/0001/slave-034/client-131.log: file already closed
zerolog: could not write event: write experiment-output/0001/slave-034/client-148.log: file already closed
zerolog: could not write event: write experiment-output/0001/slave-034/client-144.log: file already closed
zerolog: could not write event: write experiment-output/0001/slave-034/client-131.log: file already closed
zerolog: could not write event: write experiment-output/0001/slave-034/client-144.log: file already closed
zerolog: could not write event: write experiment-output/0001/slave-034/client-148.log: file already closed
zerolog: could not write event: write experiment-output/0001/slave-034/client-131.log: file already closed
zerolog: could not write event: write experiment-output/0001/slave-034/client-131.log: file already closed
zerolog: could not write event: write experiment-output/0001/slave-034/client-148.log: file already closed
zerolog: could not write event: write experiment-output/0001/slave-034/client-144.log: file already closed
zerolog: could not write event: write experiment-output/0001/slave-034/client-144.log: file already closed
zerolog: could not write event: write experiment-output/0001/slave-034/client-155.log: file already closed
zerolog: could not write event: write experiment-output/0001/slave-034/client-128.log: file already closed
zerolog: could not write event: write experiment-output/0001/slave-034/client-155.log: file already closed
zerolog: could not write event: write experiment-output/0001/slave-034/client-128.log: file already closed
zerolog: could not write event: write experiment-output/0001/slave-034/client-155.log: file already closed
zerolog: could not write event: write experiment-output/0001/slave-034/client-128.log: file already closed
zerolog: could not write event: write experiment-output/0001/slave-034/client-155.log: file already closed
03:14:51.427 INF Profile data written. filename=experiment-output/0001/slave-034/prof-client.block name=block
zerolog: could not write event: write experiment-output/0001/slave-034/client-128.log: file already closed
03:14:51.433 INF Profile data written. filename=experiment-output/0001/slave-034/prof-client.mutex name=mutex
