{"level":"debug","Logging":"info","time":"2023-03-30T18:30:40Z","message":"Config"}
{"level":"debug","UseTLS":false,"time":"2023-03-30T18:30:40Z","message":"Config"}
{"level":"debug","CACertFile":"tls-data/ca.pem","time":"2023-03-30T18:30:40Z","message":"Config"}
{"level":"debug","KeyFile":"tls-data/auth.key","time":"2023-03-30T18:30:40Z","message":"Config"}
{"level":"debug","CertFile":"tls-data/auth.pem","time":"2023-03-30T18:30:40Z","message":"Config"}
{"level":"debug","PriorityConnections":2,"time":"2023-03-30T18:30:40Z","message":"Config"}
{"level":"debug","BasicConnections":1,"time":"2023-03-30T18:30:40Z","message":"Config"}
{"level":"debug","TestConnections":false,"time":"2023-03-30T18:30:40Z","message":"Config"}
{"level":"debug","ExcessConnections":1,"time":"2023-03-30T18:30:40Z","message":"Config"}
{"level":"debug","ConnectionTestMsgs":4,"time":"2023-03-30T18:30:40Z","message":"Config"}
{"level":"debug","ConnectionTestPayload":131072,"time":"2023-03-30T18:30:40Z","message":"Config"}
{"level":"debug","OutMessageBufsize":1024,"time":"2023-03-30T18:30:40Z","message":"Config"}
{"level":"debug","OutMessageBufsize":4,"time":"2023-03-30T18:30:40Z","message":"Config"}
{"level":"debug","ThroughputCap":131072000,"time":"2023-03-30T18:30:40Z","message":"Config"}
{"level":"debug","StragglerTolerance":1000,"time":"2023-03-30T18:30:40Z","message":"Config"}
{"level":"debug","BatchSizeIncrement":256,"time":"2023-03-30T18:30:40Z","message":"Config"}
{"level":"debug","Orderer":"Pbft","time":"2023-03-30T18:30:40Z","message":"Config"}
{"level":"debug","Manager":"Mir","time":"2023-03-30T18:30:40Z","message":"Config"}
{"level":"debug","Failures":0,"time":"2023-03-30T18:30:40Z","message":"Config"}
{"level":"debug","StragglerCnt":1,"time":"2023-03-30T18:30:40Z","message":"Config"}
{"level":"debug","PrivKeyCnt":10,"time":"2023-03-30T18:30:40Z","message":"Config"}
{"level":"debug","UseSig":false,"time":"2023-03-30T18:30:40Z","message":"Config"}
{"level":"debug","CrashTiming":"Straggler","time":"2023-03-30T18:30:40Z","message":"Config"}
{"level":"debug","CheckpointInterval":1024,"time":"2023-03-30T18:30:40Z","message":"Config"}
{"level":"debug","WatermarkWindowSize":1024,"time":"2023-03-30T18:30:40Z","message":"Config"}
{"level":"debug","EpochLength":1024,"time":"2023-03-30T18:30:40Z","message":"Config"}
{"level":"debug","SegmentLength":64,"time":"2023-03-30T18:30:40Z","message":"Config"}
{"level":"debug","WaitForCheckpoints":true,"time":"2023-03-30T18:30:40Z","message":"Config"}
{"level":"debug","ClientWatermarkWindowSize":24576,"time":"2023-03-30T18:30:40Z","message":"Config"}
{"level":"debug","ClientRequestBacklogSize":24576,"time":"2023-03-30T18:30:40Z","message":"Config"}
{"level":"debug","RandomSeed":29224,"time":"2023-03-30T18:30:40Z","message":"Config"}
{"level":"debug","NodeToLeaderRatio":1,"time":"2023-03-30T18:30:40Z","message":"Config"}
{"level":"debug","LeaderPolicy":"Simple","time":"2023-03-30T18:30:40Z","message":"Config"}
{"level":"debug","DefaultLeaderBan":2,"time":"2023-03-30T18:30:40Z","message":"Config"}
{"level":"debug","NumBuckets":256,"time":"2023-03-30T18:30:40Z","message":"Config"}
{"level":"debug","BatchSize":1000,"time":"2023-03-30T18:30:40Z","message":"Config"}
{"level":"debug","DisabledViewChange":false,"time":"2023-03-30T18:30:40Z","message":"Config"}
{"level":"debug","ViewChangeTimeout":60000,"time":"2023-03-30T18:30:40Z","message":"Config"}
{"level":"debug","ClientTraceSampling":10,"time":"2023-03-30T18:30:40Z","message":"Config"}
{"level":"debug","EventBufferSize":2097152,"time":"2023-03-30T18:30:40Z","message":"Config"}
{"level":"debug","TraceSampling":1,"time":"2023-03-30T18:30:40Z","message":"Config"}
{"level":"debug","ClientsPerProcess":8,"time":"2023-03-30T18:30:40Z","message":"Config"}
{"level":"debug","RequestsPerClient":5859,"time":"2023-03-30T18:30:40Z","message":"Config"}
{"level":"debug","ClientRunTime":15000,"time":"2023-03-30T18:30:40Z","message":"Config"}
{"level":"debug","RequestRate":195,"time":"2023-03-30T18:30:40Z","message":"Config"}
{"level":"debug","HardRequestRateLimit":false,"time":"2023-03-30T18:30:40Z","message":"Config"}
{"level":"debug","RequestPayloadSize":500,"time":"2023-03-30T18:30:40Z","message":"Config"}
{"level":"debug","SignRequests":true,"time":"2023-03-30T18:30:40Z","message":"Config"}
{"level":"debug","ClientPrivKeyFile":"tls-data/client-ecdsa-256.key","time":"2023-03-30T18:30:40Z","message":"Config"}
{"level":"debug","ClientPubKeyFile":"tls-data/client-ecdsa-256.pem","time":"2023-03-30T18:30:40Z","message":"Config"}
{"level":"debug","PrecomputeRequests":false,"time":"2023-03-30T18:30:40Z","message":"Config"}
{"level":"debug","RequestHandlerThreads":32,"time":"2023-03-30T18:30:40Z","message":"Config"}
{"level":"debug","RequestInputChannelBuffer":8192,"time":"2023-03-30T18:30:40Z","message":"Config"}
{"level":"debug","BatchVerifier":"external","time":"2023-03-30T18:30:40Z","message":"Config"}
18:30:40.843 INF Started Profiler: CPU
18:30:40.843 INF Started Profiler: BLOCK
18:30:40.843 INF Started Profiler: MUTEX
18:30:40.843 INF Starting clients. numClients=8 numRequests=5859
18:30:40.843 INF Initilizing clients.
18:30:40.849 INF Registared with discovery server. numOrderers=16 ownClientId=10
18:30:40.849 INF Registared with discovery server. numOrderers=16 ownClientId=13
18:30:40.849 INF Registared with discovery server. numOrderers=16 ownClientId=2
18:30:40.849 INF Registared with discovery server. numOrderers=16 ownClientId=18
18:30:40.849 INF Registared with discovery server. numOrderers=16 ownClientId=7
18:30:40.849 INF Registared with discovery server. numOrderers=16 ownClientId=23
18:30:40.851 INF Registared with discovery server. numOrderers=16 ownClientId=42
18:30:40.851 INF Registared with discovery server. numOrderers=16 ownClientId=50
18:30:40.851 INF Clients initialized.
18:30:40.851 INF Launching clients.
18:30:40.851 INF Waiting for clients.
18:32:12.897 INF Stopping Tracer. events=1733 fileName=experiment-output/0000/slave-020/client-042.trc
zerolog: could not write event: write experiment-output/0000/slave-020/client-042.log: file already closed
18:32:12.897 INF Stopping Tracer. events=1749 fileName=experiment-output/0000/slave-020/client-002.trc
zerolog: could not write event: write experiment-output/0000/slave-020/client-042.log: file already closed
zerolog: could not write event: write experiment-output/0000/slave-020/client-042.log: file already closed
zerolog: could not write event: write experiment-output/0000/slave-020/client-042.log: file already closed
zerolog: could not write event: write experiment-output/0000/slave-020/client-002.log: file already closed
zerolog: could not write event: write experiment-output/0000/slave-020/client-002.log: file already closed
zerolog: could not write event: write experiment-output/0000/slave-020/client-002.log: file already closed
zerolog: could not write event: write experiment-output/0000/slave-020/client-002.log: file already closed
18:32:12.900 INF Trace data written.
18:32:12.900 INF Trace data written.
18:32:12.904 INF Stopping Tracer. events=1173 fileName=experiment-output/0000/slave-020/client-007.trc
18:32:12.904 INF Stopping Tracer. events=1854 fileName=experiment-output/0000/slave-020/client-018.trc
18:32:12.905 INF Stopping Tracer. events=1717 fileName=experiment-output/0000/slave-020/client-050.trc
18:32:12.905 INF Stopping Tracer. events=1173 fileName=experiment-output/0000/slave-020/client-023.trc
18:32:12.905 INF Stopping Tracer. events=1173 fileName=experiment-output/0000/slave-020/client-013.trc
18:32:12.905 INF Stopping Tracer. events=1781 fileName=experiment-output/0000/slave-020/client-010.trc
zerolog: could not write event: write experiment-output/0000/slave-020/client-023.log: file already closed
zerolog: could not write event: write experiment-output/0000/slave-020/client-018.log: file already closed
zerolog: could not write event: write experiment-output/0000/slave-020/client-018.log: file already closed
zerolog: could not write event: write experiment-output/0000/slave-020/client-023.log: file already closed
zerolog: could not write event: write experiment-output/0000/slave-020/client-050.log: file already closed
zerolog: could not write event: write experiment-output/0000/slave-020/client-018.log: file already closed
zerolog: could not write event: write experiment-output/0000/slave-020/client-050.log: file already closed
zerolog: could not write event: write experiment-output/0000/slave-020/client-018.log: file already closed
zerolog: could not write event: write experiment-output/0000/slave-020/client-007.log: file already closed
zerolog: could not write event: write experiment-output/0000/slave-020/client-007.log: file already closed
zerolog: could not write event: write experiment-output/0000/slave-020/client-007.log: file already closed
zerolog: could not write event: write experiment-output/0000/slave-020/client-013.log: file already closed
zerolog: could not write event: write experiment-output/0000/slave-020/client-023.log: file already closed
zerolog: could not write event: write experiment-output/0000/slave-020/client-050.log: file already closed
zerolog: could not write event: write experiment-output/0000/slave-020/client-013.log: file already closed
zerolog: could not write event: write experiment-output/0000/slave-020/client-050.log: file already closed
zerolog: could not write event: write experiment-output/0000/slave-020/client-013.log: file already closed
zerolog: could not write event: write experiment-output/0000/slave-020/client-013.log: file already closed
zerolog: could not write event: write experiment-output/0000/slave-020/client-010.log: file already closed
zerolog: could not write event: write experiment-output/0000/slave-020/client-010.log: file already closed
zerolog: could not write event: write experiment-output/0000/slave-020/client-010.log: file already closed
zerolog: could not write event: write experiment-output/0000/slave-020/client-023.log: file already closed
zerolog: could not write event: write experiment-output/0000/slave-020/client-010.log: file already closed
zerolog: could not write event: write experiment-output/0000/slave-020/client-007.log: file already closed
18:32:12.907 INF Trace data written.
18:32:12.908 INF Trace data written.
18:32:12.908 INF Trace data written.
18:32:12.909 INF Trace data written.
18:32:12.909 INF Trace data written.
18:32:12.910 INF Trace data written.
18:32:12.910 INF Done.
18:32:12.910 INF Stopping profiler.
18:32:12.929 INF Profile data written. filename=experiment-output/0000/slave-020/prof-client.mutex name=mutex
zerolog: could not write event: write experiment-output/0000/slave-020/client-042.log: file already closed
zerolog: could not write event: write experiment-output/0000/slave-020/client-042.log: file already closed
zerolog: could not write event: write experiment-output/0000/slave-020/client-042.log: file already closed
zerolog: could not write event: write experiment-output/0000/slave-020/client-042.log: file already closed
zerolog: could not write event: write experiment-output/0000/slave-020/client-002.log: file already closed
zerolog: could not write event: write experiment-output/0000/slave-020/client-002.log: file already closed
zerolog: could not write event: write experiment-output/0000/slave-020/client-002.log: file already closed
zerolog: could not write event: write experiment-output/0000/slave-020/client-002.log: file already closed
zerolog: could not write event: write experiment-output/0000/slave-020/client-007.log: file already closed
zerolog: could not write event: write experiment-output/0000/slave-020/client-007.log: file already closed
zerolog: could not write event: write experiment-output/0000/slave-020/client-007.log: file already closed
zerolog: could not write event: write experiment-output/0000/slave-020/client-007.log: file already closed
zerolog: could not write event: write experiment-output/0000/slave-020/client-018.log: file already closed
zerolog: could not write event: write experiment-output/0000/slave-020/client-018.log: file already closed
zerolog: could not write event: write experiment-output/0000/slave-020/client-018.log: file already closed
zerolog: could not write event: write experiment-output/0000/slave-020/client-050.log: file already closed
zerolog: could not write event: write experiment-output/0000/slave-020/client-018.log: file already closed
zerolog: could not write event: write experiment-output/0000/slave-020/client-023.log: file already closed
zerolog: could not write event: write experiment-output/0000/slave-020/client-050.log: file already closed
zerolog: could not write event: write experiment-output/0000/slave-020/client-050.log: file already closed
zerolog: could not write event: write experiment-output/0000/slave-020/client-023.log: file already closed
zerolog: could not write event: write experiment-output/0000/slave-020/client-023.log: file already closed
zerolog: could not write event: write experiment-output/0000/slave-020/client-013.log: file already closed
zerolog: could not write event: write experiment-output/0000/slave-020/client-050.log: file already closed
zerolog: could not write event: write experiment-output/0000/slave-020/client-013.log: file already closed
zerolog: could not write event: write experiment-output/0000/slave-020/client-023.log: file already closed
zerolog: could not write event: write experiment-output/0000/slave-020/client-013.log: file already closed
zerolog: could not write event: write experiment-output/0000/slave-020/client-010.log: file already closed
zerolog: could not write event: write experiment-output/0000/slave-020/client-010.log: file already closed
zerolog: could not write event: write experiment-output/0000/slave-020/client-013.log: file already closed
zerolog: could not write event: write experiment-output/0000/slave-020/client-010.log: file already closed
zerolog: could not write event: write experiment-output/0000/slave-020/client-010.log: file already closed
zerolog: could not write event: write experiment-output/0000/slave-020/client-042.log: file already closed
zerolog: could not write event: write experiment-output/0000/slave-020/client-042.log: file already closed
zerolog: could not write event: write experiment-output/0000/slave-020/client-002.log: file already closed
zerolog: could not write event: write experiment-output/0000/slave-020/client-042.log: file already closed
zerolog: could not write event: write experiment-output/0000/slave-020/client-002.log: file already closed
zerolog: could not write event: write experiment-output/0000/slave-020/client-042.log: file already closed
zerolog: could not write event: write experiment-output/0000/slave-020/client-002.log: file already closed
zerolog: could not write event: write experiment-output/0000/slave-020/client-002.log: file already closed
zerolog: could not write event: write experiment-output/0000/slave-020/client-007.log: file already closed
zerolog: could not write event: write experiment-output/0000/slave-020/client-018.log: file already closed
zerolog: could not write event: write experiment-output/0000/slave-020/client-007.log: file already closed
zerolog: could not write event: write experiment-output/0000/slave-020/client-007.log: file already closed
zerolog: could not write event: write experiment-output/0000/slave-020/client-050.log: file already closed
zerolog: could not write event: write experiment-output/0000/slave-020/client-023.log: file already closed
zerolog: could not write event: write experiment-output/0000/slave-020/client-018.log: file already closed
zerolog: could not write event: write experiment-output/0000/slave-020/client-007.log: file already closed
zerolog: could not write event: write experiment-output/0000/slave-020/client-050.log: file already closed
zerolog: could not write event: write experiment-output/0000/slave-020/client-013.log: file already closed
zerolog: could not write event: write experiment-output/0000/slave-020/client-018.log: file already closed
zerolog: could not write event: write experiment-output/0000/slave-020/client-023.log: file already closed
zerolog: could not write event: write experiment-output/0000/slave-020/client-050.log: file already closed
zerolog: could not write event: write experiment-output/0000/slave-020/client-010.log: file already closed
zerolog: could not write event: write experiment-output/0000/slave-020/client-018.log: file already closed
zerolog: could not write event: write experiment-output/0000/slave-020/client-010.log: file already closed
zerolog: could not write event: write experiment-output/0000/slave-020/client-010.log: file already closed
zerolog: could not write event: write experiment-output/0000/slave-020/client-013.log: file already closed
zerolog: could not write event: write experiment-output/0000/slave-020/client-023.log: file already closed
zerolog: could not write event: write experiment-output/0000/slave-020/client-013.log: file already closed
zerolog: could not write event: write experiment-output/0000/slave-020/client-023.log: file already closed
zerolog: could not write event: write experiment-output/0000/slave-020/client-050.log: file already closed
zerolog: could not write event: write experiment-output/0000/slave-020/client-013.log: file already closed
zerolog: could not write event: write experiment-output/0000/slave-020/client-010.log: file already closed
zerolog: could not write event: write experiment-output/0000/slave-020/client-042.log: file already closed
zerolog: could not write event: write experiment-output/0000/slave-020/client-042.log: file already closed
zerolog: could not write event: write experiment-output/0000/slave-020/client-002.log: file already closed
zerolog: could not write event: write experiment-output/0000/slave-020/client-042.log: file already closed
zerolog: could not write event: write experiment-output/0000/slave-020/client-002.log: file already closed
zerolog: could not write event: write experiment-output/0000/slave-020/client-002.log: file already closed
zerolog: could not write event: write experiment-output/0000/slave-020/client-042.log: file already closed
zerolog: could not write event: write experiment-output/0000/slave-020/client-002.log: file already closed
zerolog: could not write event: write experiment-output/0000/slave-020/client-007.log: file already closed
zerolog: could not write event: write experiment-output/0000/slave-020/client-007.log: file already closed
zerolog: could not write event: write experiment-output/0000/slave-020/client-007.log: file already closed
zerolog: could not write event: write experiment-output/0000/slave-020/client-018.log: file already closed
zerolog: could not write event: write experiment-output/0000/slave-020/client-007.log: file already closed
zerolog: could not write event: write experiment-output/0000/slave-020/client-023.log: file already closed
zerolog: could not write event: write experiment-output/0000/slave-020/client-050.log: file already closed
zerolog: could not write event: write experiment-output/0000/slave-020/client-050.log: file already closed
zerolog: could not write event: write experiment-output/0000/slave-020/client-023.log: file already closed
zerolog: could not write event: write experiment-output/0000/slave-020/client-013.log: file already closed
zerolog: could not write event: write experiment-output/0000/slave-020/client-013.log: file already closed
zerolog: could not write event: write experiment-output/0000/slave-020/client-018.log: file already closed
zerolog: could not write event: write experiment-output/0000/slave-020/client-050.log: file already closed
zerolog: could not write event: write experiment-output/0000/slave-020/client-018.log: file already closed
zerolog: could not write event: write experiment-output/0000/slave-020/client-010.log: file already closed
zerolog: could not write event: write experiment-output/0000/slave-020/client-013.log: file already closed
zerolog: could not write event: write experiment-output/0000/slave-020/client-023.log: file already closed
zerolog: could not write event: write experiment-output/0000/slave-020/client-013.log: file already closed
zerolog: could not write event: write experiment-output/0000/slave-020/client-010.log: file already closed
zerolog: could not write event: write experiment-output/0000/slave-020/client-010.log: file already closed
zerolog: could not write event: write experiment-output/0000/slave-020/client-018.log: file already closed
zerolog: could not write event: write experiment-output/0000/slave-020/client-010.log: file already closed
zerolog: could not write event: write experiment-output/0000/slave-020/client-050.log: file already closed
zerolog: could not write event: write experiment-output/0000/slave-020/client-023.log: file already closed
18:32:13.103 INF Profile data written. filename=experiment-output/0000/slave-020/prof-client.cpu name=cpu
18:32:13.115 INF Profile data written. filename=experiment-output/0000/slave-020/prof-client.block name=block
