{"level":"debug","Logging":"info","time":"2023-03-25T08:19:11Z","message":"Config"}
{"level":"debug","UseTLS":false,"time":"2023-03-25T08:19:11Z","message":"Config"}
{"level":"debug","CACertFile":"tls-data/ca.pem","time":"2023-03-25T08:19:11Z","message":"Config"}
{"level":"debug","KeyFile":"tls-data/auth.key","time":"2023-03-25T08:19:11Z","message":"Config"}
{"level":"debug","CertFile":"tls-data/auth.pem","time":"2023-03-25T08:19:11Z","message":"Config"}
{"level":"debug","PriorityConnections":2,"time":"2023-03-25T08:19:11Z","message":"Config"}
{"level":"debug","BasicConnections":1,"time":"2023-03-25T08:19:11Z","message":"Config"}
{"level":"debug","TestConnections":false,"time":"2023-03-25T08:19:11Z","message":"Config"}
{"level":"debug","ExcessConnections":1,"time":"2023-03-25T08:19:11Z","message":"Config"}
{"level":"debug","ConnectionTestMsgs":4,"time":"2023-03-25T08:19:11Z","message":"Config"}
{"level":"debug","ConnectionTestPayload":131072,"time":"2023-03-25T08:19:11Z","message":"Config"}
{"level":"debug","OutMessageBufsize":1024,"time":"2023-03-25T08:19:11Z","message":"Config"}
{"level":"debug","OutMessageBufsize":4,"time":"2023-03-25T08:19:11Z","message":"Config"}
{"level":"debug","ThroughputCap":131072000,"time":"2023-03-25T08:19:11Z","message":"Config"}
{"level":"debug","StragglerTolerance":1000,"time":"2023-03-25T08:19:11Z","message":"Config"}
{"level":"debug","BatchSizeIncrement":256,"time":"2023-03-25T08:19:11Z","message":"Config"}
{"level":"debug","Orderer":"Pbft","time":"2023-03-25T08:19:11Z","message":"Config"}
{"level":"debug","Manager":"Mir","time":"2023-03-25T08:19:11Z","message":"Config"}
{"level":"debug","Failures":0,"time":"2023-03-25T08:19:11Z","message":"Config"}
{"level":"debug","StragglerCnt":0,"time":"2023-03-25T08:19:11Z","message":"Config"}
{"level":"debug","PrivKeyCnt":10,"time":"2023-03-25T08:19:11Z","message":"Config"}
{"level":"debug","UseSig":false,"time":"2023-03-25T08:19:11Z","message":"Config"}
{"level":"debug","CrashTiming":"Straggler","time":"2023-03-25T08:19:11Z","message":"Config"}
{"level":"debug","CheckpointInterval":512,"time":"2023-03-25T08:19:11Z","message":"Config"}
{"level":"debug","WatermarkWindowSize":512,"time":"2023-03-25T08:19:11Z","message":"Config"}
{"level":"debug","EpochLength":512,"time":"2023-03-25T08:19:11Z","message":"Config"}
{"level":"debug","SegmentLength":32,"time":"2023-03-25T08:19:11Z","message":"Config"}
{"level":"debug","WaitForCheckpoints":true,"time":"2023-03-25T08:19:11Z","message":"Config"}
{"level":"debug","ClientWatermarkWindowSize":16384,"time":"2023-03-25T08:19:11Z","message":"Config"}
{"level":"debug","ClientRequestBacklogSize":16384,"time":"2023-03-25T08:19:11Z","message":"Config"}
{"level":"debug","RandomSeed":30627,"time":"2023-03-25T08:19:11Z","message":"Config"}
{"level":"debug","NodeToLeaderRatio":1,"time":"2023-03-25T08:19:11Z","message":"Config"}
{"level":"debug","LeaderPolicy":"Simple","time":"2023-03-25T08:19:11Z","message":"Config"}
{"level":"debug","DefaultLeaderBan":2,"time":"2023-03-25T08:19:11Z","message":"Config"}
{"level":"debug","NumBuckets":256,"time":"2023-03-25T08:19:11Z","message":"Config"}
{"level":"debug","BatchSize":2500,"time":"2023-03-25T08:19:11Z","message":"Config"}
{"level":"debug","DisabledViewChange":false,"time":"2023-03-25T08:19:11Z","message":"Config"}
{"level":"debug","ViewChangeTimeout":60000,"time":"2023-03-25T08:19:11Z","message":"Config"}
{"level":"debug","ClientTraceSampling":10,"time":"2023-03-25T08:19:11Z","message":"Config"}
{"level":"debug","EventBufferSize":2097152,"time":"2023-03-25T08:19:11Z","message":"Config"}
{"level":"debug","TraceSampling":1,"time":"2023-03-25T08:19:11Z","message":"Config"}
{"level":"debug","ClientsPerProcess":8,"time":"2023-03-25T08:19:11Z","message":"Config"}
{"level":"debug","RequestsPerClient":5859,"time":"2023-03-25T08:19:11Z","message":"Config"}
{"level":"debug","ClientRunTime":15000,"time":"2023-03-25T08:19:11Z","message":"Config"}
{"level":"debug","RequestRate":195,"time":"2023-03-25T08:19:11Z","message":"Config"}
{"level":"debug","HardRequestRateLimit":false,"time":"2023-03-25T08:19:11Z","message":"Config"}
{"level":"debug","RequestPayloadSize":500,"time":"2023-03-25T08:19:11Z","message":"Config"}
{"level":"debug","SignRequests":true,"time":"2023-03-25T08:19:11Z","message":"Config"}
{"level":"debug","ClientPrivKeyFile":"tls-data/client-ecdsa-256.key","time":"2023-03-25T08:19:11Z","message":"Config"}
{"level":"debug","ClientPubKeyFile":"tls-data/client-ecdsa-256.pem","time":"2023-03-25T08:19:11Z","message":"Config"}
{"level":"debug","PrecomputeRequests":false,"time":"2023-03-25T08:19:11Z","message":"Config"}
{"level":"debug","RequestHandlerThreads":32,"time":"2023-03-25T08:19:11Z","message":"Config"}
{"level":"debug","RequestInputChannelBuffer":8192,"time":"2023-03-25T08:19:11Z","message":"Config"}
{"level":"debug","BatchVerifier":"external","time":"2023-03-25T08:19:11Z","message":"Config"}
08:19:11.767 INF Started Profiler: CPU
08:19:11.767 INF Started Profiler: BLOCK
08:19:11.767 INF Started Profiler: MUTEX
08:19:11.767 INF Starting clients. numClients=8 numRequests=5859
08:19:11.767 INF Initilizing clients.
08:19:12.045 INF Registared with discovery server. numOrderers=16 ownClientId=66
08:19:12.046 INF Registared with discovery server. numOrderers=16 ownClientId=71
08:19:12.046 INF Registared with discovery server. numOrderers=16 ownClientId=74
08:19:12.047 INF Registared with discovery server. numOrderers=16 ownClientId=104
08:19:12.047 INF Registared with discovery server. numOrderers=16 ownClientId=93
08:19:12.047 INF Registared with discovery server. numOrderers=16 ownClientId=109
08:19:12.047 INF Registared with discovery server. numOrderers=16 ownClientId=99
08:19:12.047 INF Registared with discovery server. numOrderers=16 ownClientId=110
08:19:12.047 INF Clients initialized.
08:19:12.047 INF Launching clients.
08:19:12.047 INF Waiting for clients.
08:20:14.460 INF Stopping Tracer. events=1176 fileName=experiment-output/0002/slave-010/client-099.trc
08:20:14.460 INF Stopping Tracer. events=1732 fileName=experiment-output/0002/slave-010/client-074.trc
zerolog: could not write event: write experiment-output/0002/slave-010/client-099.log: file already closed
zerolog: could not write event: write experiment-output/0002/slave-010/client-099.log: file already closed
zerolog: could not write event: write experiment-output/0002/slave-010/client-074.log: file already closed
zerolog: could not write event: write experiment-output/0002/slave-010/client-099.log: file already closed
zerolog: could not write event: write experiment-output/0002/slave-010/client-074.log: file already closed
zerolog: could not write event: write experiment-output/0002/slave-010/client-074.log: file already closed
zerolog: could not write event: write experiment-output/0002/slave-010/client-074.log: file already closed
zerolog: could not write event: write experiment-output/0002/slave-010/client-099.log: file already closed
08:20:14.462 INF Trace data written.
08:20:14.463 INF Trace data written.
08:20:14.473 INF Stopping Tracer. events=1705 fileName=experiment-output/0002/slave-010/client-066.trc
zerolog: could not write event: write experiment-output/0002/slave-010/client-066.log: file already closed
zerolog: could not write event: write experiment-output/0002/slave-010/client-066.log: file already closed
zerolog: could not write event: write experiment-output/0002/slave-010/client-066.log: file already closed
zerolog: could not write event: write experiment-output/0002/slave-010/client-066.log: file already closed
08:20:14.476 INF Trace data written.
08:20:14.480 INF Stopping Tracer. events=1174 fileName=experiment-output/0002/slave-010/client-109.trc
08:20:14.480 INF Stopping Tracer. events=1207 fileName=experiment-output/0002/slave-010/client-071.trc
zerolog: could not write event: write experiment-output/0002/slave-010/client-071.log: file already closed
08:20:14.480 INF Stopping Tracer. events=1758 fileName=experiment-output/0002/slave-010/client-104.trc
zerolog: could not write event: write experiment-output/0002/slave-010/client-071.log: file already closed
zerolog: could not write event: write experiment-output/0002/slave-010/client-109.log: file already closed
zerolog: could not write event: write experiment-output/0002/slave-010/client-109.log: file already closed
zerolog: could not write event: write experiment-output/0002/slave-010/client-071.log: file already closed
08:20:14.480 INF Stopping Tracer. events=1748 fileName=experiment-output/0002/slave-010/client-110.trc
zerolog: could not write event: write experiment-output/0002/slave-010/client-109.log: file already closed
zerolog: could not write event: write experiment-output/0002/slave-010/client-109.log: file already closed
zerolog: could not write event: write experiment-output/0002/slave-010/client-071.log: file already closed
zerolog: could not write event: write experiment-output/0002/slave-010/client-104.log: file already closed
zerolog: could not write event: write experiment-output/0002/slave-010/client-104.log: file already closed
zerolog: could not write event: write experiment-output/0002/slave-010/client-104.log: file already closed
zerolog: could not write event: write experiment-output/0002/slave-010/client-110.log: file already closed
zerolog: could not write event: write experiment-output/0002/slave-010/client-110.log: file already closed
zerolog: could not write event: write experiment-output/0002/slave-010/client-110.log: file already closed
zerolog: could not write event: write experiment-output/0002/slave-010/client-104.log: file already closed
zerolog: could not write event: write experiment-output/0002/slave-010/client-110.log: file already closed
08:20:14.481 INF Stopping Tracer. events=1174 fileName=experiment-output/0002/slave-010/client-093.trc
zerolog: could not write event: write experiment-output/0002/slave-010/client-093.log: file already closed
zerolog: could not write event: write experiment-output/0002/slave-010/client-093.log: file already closed
zerolog: could not write event: write experiment-output/0002/slave-010/client-093.log: file already closed
zerolog: could not write event: write experiment-output/0002/slave-010/client-093.log: file already closed
08:20:14.483 INF Trace data written.
08:20:14.483 INF Trace data written.
08:20:14.484 INF Trace data written.
08:20:14.484 INF Trace data written.
08:20:14.484 INF Trace data written.
08:20:14.484 INF Done.
08:20:14.484 INF Stopping profiler.
zerolog: could not write event: write experiment-output/0002/slave-010/client-074.log: file already closed
zerolog: could not write event: write experiment-output/0002/slave-010/client-099.log: file already closed
zerolog: could not write event: write experiment-output/0002/slave-010/client-099.log: file already closed
zerolog: could not write event: write experiment-output/0002/slave-010/client-099.log: file already closed
zerolog: could not write event: write experiment-output/0002/slave-010/client-074.log: file already closed
zerolog: could not write event: write experiment-output/0002/slave-010/client-099.log: file already closed
zerolog: could not write event: write experiment-output/0002/slave-010/client-074.log: file already closed
zerolog: could not write event: write experiment-output/0002/slave-010/client-074.log: file already closed
zerolog: could not write event: write experiment-output/0002/slave-010/client-066.log: file already closed
zerolog: could not write event: write experiment-output/0002/slave-010/client-066.log: file already closed
zerolog: could not write event: write experiment-output/0002/slave-010/client-066.log: file already closed
zerolog: could not write event: write experiment-output/0002/slave-010/client-066.log: file already closed
zerolog: could not write event: write experiment-output/0002/slave-010/client-071.log: file already closed
zerolog: could not write event: write experiment-output/0002/slave-010/client-109.log: file already closed
zerolog: could not write event: write experiment-output/0002/slave-010/client-071.log: file already closed
zerolog: could not write event: write experiment-output/0002/slave-010/client-071.log: file already closed
zerolog: could not write event: write experiment-output/0002/slave-010/client-109.log: file already closed
zerolog: could not write event: write experiment-output/0002/slave-010/client-109.log: file already closed
zerolog: could not write event: write experiment-output/0002/slave-010/client-071.log: file already closed
zerolog: could not write event: write experiment-output/0002/slave-010/client-110.log: file already closed
zerolog: could not write event: write experiment-output/0002/slave-010/client-104.log: file already closed
zerolog: could not write event: write experiment-output/0002/slave-010/client-104.log: file already closed
zerolog: could not write event: write experiment-output/0002/slave-010/client-104.log: file already closed
zerolog: could not write event: write experiment-output/0002/slave-010/client-110.log: file already closed
zerolog: could not write event: write experiment-output/0002/slave-010/client-110.log: file already closed
zerolog: could not write event: write experiment-output/0002/slave-010/client-109.log: file already closed
zerolog: could not write event: write experiment-output/0002/slave-010/client-104.log: file already closed
zerolog: could not write event: write experiment-output/0002/slave-010/client-110.log: file already closed
zerolog: could not write event: write experiment-output/0002/slave-010/client-093.log: file already closed
zerolog: could not write event: write experiment-output/0002/slave-010/client-093.log: file already closed
zerolog: could not write event: write experiment-output/0002/slave-010/client-093.log: file already closed
zerolog: could not write event: write experiment-output/0002/slave-010/client-093.log: file already closed
08:20:14.669 INF Profile data written. filename=experiment-output/0002/slave-010/prof-client.cpu name=cpu
zerolog: could not write event: write experiment-output/0002/slave-010/client-074.log: file already closed
zerolog: could not write event: write experiment-output/0002/slave-010/client-074.log: file already closed
zerolog: could not write event: write experiment-output/0002/slave-010/client-099.log: file already closed
zerolog: could not write event: write experiment-output/0002/slave-010/client-099.log: file already closed
zerolog: could not write event: write experiment-output/0002/slave-010/client-074.log: file already closed
zerolog: could not write event: write experiment-output/0002/slave-010/client-099.log: file already closed
zerolog: could not write event: write experiment-output/0002/slave-010/client-074.log: file already closed
zerolog: could not write event: write experiment-output/0002/slave-010/client-099.log: file already closed
zerolog: could not write event: write experiment-output/0002/slave-010/client-066.log: file already closed
08:20:14.687 INF Profile data written. filename=experiment-output/0002/slave-010/prof-client.block name=block
zerolog: could not write event: write experiment-output/0002/slave-010/client-066.log: file already closed
zerolog: could not write event: write experiment-output/0002/slave-010/client-066.log: file already closed
zerolog: could not write event: write experiment-output/0002/slave-010/client-066.log: file already closed
08:20:14.692 INF Profile data written. filename=experiment-output/0002/slave-010/prof-client.mutex name=mutex
