{"level":"debug","Logging":"info","time":"2023-03-10T12:15:31Z","message":"Config"}
{"level":"debug","UseTLS":false,"time":"2023-03-10T12:15:31Z","message":"Config"}
{"level":"debug","CACertFile":"tls-data/ca.pem","time":"2023-03-10T12:15:31Z","message":"Config"}
{"level":"debug","KeyFile":"tls-data/auth.key","time":"2023-03-10T12:15:31Z","message":"Config"}
{"level":"debug","CertFile":"tls-data/auth.pem","time":"2023-03-10T12:15:31Z","message":"Config"}
{"level":"debug","PriorityConnections":2,"time":"2023-03-10T12:15:31Z","message":"Config"}
{"level":"debug","BasicConnections":4,"time":"2023-03-10T12:15:31Z","message":"Config"}
{"level":"debug","TestConnections":false,"time":"2023-03-10T12:15:31Z","message":"Config"}
{"level":"debug","ExcessConnections":1,"time":"2023-03-10T12:15:31Z","message":"Config"}
{"level":"debug","ConnectionTestMsgs":4,"time":"2023-03-10T12:15:31Z","message":"Config"}
{"level":"debug","ConnectionTestPayload":131072,"time":"2023-03-10T12:15:31Z","message":"Config"}
{"level":"debug","OutMessageBufsize":1024,"time":"2023-03-10T12:15:31Z","message":"Config"}
{"level":"debug","OutMessageBufsize":1,"time":"2023-03-10T12:15:31Z","message":"Config"}
{"level":"debug","ThroughputCap":131072000,"time":"2023-03-10T12:15:31Z","message":"Config"}
{"level":"debug","StragglerTolerance":1000,"time":"2023-03-10T12:15:31Z","message":"Config"}
{"level":"debug","BatchSizeIncrement":256,"time":"2023-03-10T12:15:31Z","message":"Config"}
{"level":"debug","Orderer":"Pbft","time":"2023-03-10T12:15:31Z","message":"Config"}
{"level":"debug","Manager":"Mir","time":"2023-03-10T12:15:31Z","message":"Config"}
{"level":"debug","Failures":0,"time":"2023-03-10T12:15:31Z","message":"Config"}
{"level":"debug","StragglerCnt":1,"time":"2023-03-10T12:15:31Z","message":"Config"}
{"level":"debug","PrivKeyCnt":10,"time":"2023-03-10T12:15:31Z","message":"Config"}
{"level":"debug","UseSig":false,"time":"2023-03-10T12:15:31Z","message":"Config"}
{"level":"debug","CrashTiming":"Straggler","time":"2023-03-10T12:15:31Z","message":"Config"}
{"level":"debug","CheckpointInterval":128,"time":"2023-03-10T12:15:31Z","message":"Config"}
{"level":"debug","WatermarkWindowSize":128,"time":"2023-03-10T12:15:31Z","message":"Config"}
{"level":"debug","EpochLength":128,"time":"2023-03-10T12:15:31Z","message":"Config"}
{"level":"debug","SegmentLength":32,"time":"2023-03-10T12:15:31Z","message":"Config"}
{"level":"debug","WaitForCheckpoints":true,"time":"2023-03-10T12:15:31Z","message":"Config"}
{"level":"debug","ClientWatermarkWindowSize":4194304,"time":"2023-03-10T12:15:31Z","message":"Config"}
{"level":"debug","ClientRequestBacklogSize":4194304,"time":"2023-03-10T12:15:31Z","message":"Config"}
{"level":"debug","RandomSeed":28765,"time":"2023-03-10T12:15:31Z","message":"Config"}
{"level":"debug","NodeToLeaderRatio":1,"time":"2023-03-10T12:15:31Z","message":"Config"}
{"level":"debug","LeaderPolicy":"Simple","time":"2023-03-10T12:15:31Z","message":"Config"}
{"level":"debug","DefaultLeaderBan":2,"time":"2023-03-10T12:15:31Z","message":"Config"}
{"level":"debug","NumBuckets":64,"time":"2023-03-10T12:15:31Z","message":"Config"}
{"level":"debug","BatchSize":1000,"time":"2023-03-10T12:15:31Z","message":"Config"}
{"level":"debug","DisabledViewChange":false,"time":"2023-03-10T12:15:31Z","message":"Config"}
{"level":"debug","ViewChangeTimeout":60000,"time":"2023-03-10T12:15:31Z","message":"Config"}
{"level":"debug","ClientTraceSampling":10,"time":"2023-03-10T12:15:31Z","message":"Config"}
{"level":"debug","EventBufferSize":2097152,"time":"2023-03-10T12:15:31Z","message":"Config"}
{"level":"debug","TraceSampling":1,"time":"2023-03-10T12:15:31Z","message":"Config"}
{"level":"debug","ClientsPerProcess":1,"time":"2023-03-10T12:15:31Z","message":"Config"}
{"level":"debug","RequestsPerClient":15360,"time":"2023-03-10T12:15:31Z","message":"Config"}
{"level":"debug","ClientRunTime":15000,"time":"2023-03-10T12:15:31Z","message":"Config"}
{"level":"debug","RequestRate":512,"time":"2023-03-10T12:15:31Z","message":"Config"}
{"level":"debug","HardRequestRateLimit":false,"time":"2023-03-10T12:15:31Z","message":"Config"}
{"level":"debug","RequestPayloadSize":500,"time":"2023-03-10T12:15:31Z","message":"Config"}
{"level":"debug","SignRequests":true,"time":"2023-03-10T12:15:31Z","message":"Config"}
{"level":"debug","ClientPrivKeyFile":"tls-data/client-ecdsa-256.key","time":"2023-03-10T12:15:31Z","message":"Config"}
{"level":"debug","ClientPubKeyFile":"tls-data/client-ecdsa-256.pem","time":"2023-03-10T12:15:31Z","message":"Config"}
{"level":"debug","PrecomputeRequests":false,"time":"2023-03-10T12:15:31Z","message":"Config"}
{"level":"debug","RequestHandlerThreads":32,"time":"2023-03-10T12:15:31Z","message":"Config"}
{"level":"debug","RequestInputChannelBuffer":8192,"time":"2023-03-10T12:15:31Z","message":"Config"}
{"level":"debug","BatchVerifier":"external","time":"2023-03-10T12:15:31Z","message":"Config"}
12:15:31.987 INF Registered with discovery server. numPeers=4 ownID=2
12:15:31.998 INF Profiling enabled.
12:15:31.998 INF Setting up profiling.
12:15:31.998 INF Started Profiler: CPU
12:15:31.999 INF Started Profiler: BLOCK
12:15:31.999 INF Started Profiler: MUTEX
12:15:31.999 INF Profiler will stop on signal. exit=true
12:15:32.000 INF Tracing will stop on signal. exit=false
12:15:32.000 INF Started tracing. traceFile=experiment-output/0002/slave-002/peer.trc
12:15:32.002 INF Connecting to peer. addr=172.31.56.244:10011 basicConns=4 priorityConns=2
12:15:32.003 INF Listening for connections. port=10022 useTLS=false
12:15:32.003 INF Connecting to peer. addr=172.31.52.191:10022 basicConns=4 priorityConns=2
12:15:32.004 INF Connecting to peer. addr=172.31.48.110:10033 basicConns=4 priorityConns=2
12:15:32.004 INF Connecting to peer. addr=172.31.61.147:10000 basicConns=4 priorityConns=2
12:15:32.017 INF Incoming connection for protocol messages. addr=172.31.52.191:56478
12:15:32.017 INF Incoming connection for protocol messages. addr=172.31.52.191:56480
12:15:32.018 INF Incoming connection for protocol messages. addr=172.31.52.191:56482
12:15:32.018 INF Incoming connection for protocol messages. addr=172.31.52.191:56484
12:15:32.019 INF Incoming connection for protocol messages. addr=172.31.56.244:52960
12:15:32.020 INF Incoming connection for protocol messages. addr=172.31.52.191:56486
12:15:32.020 INF Incoming connection for protocol messages. addr=172.31.52.191:56488
12:15:32.020 INF Incoming connection for protocol messages. addr=172.31.56.244:52962
12:15:32.020 INF Incoming connection for protocol messages. addr=172.31.56.244:52964
12:15:32.020 INF Incoming connection for protocol messages. addr=172.31.56.244:52966
12:15:32.021 INF Incoming connection for protocol messages. addr=172.31.56.244:52968
12:15:32.021 INF Incoming connection for protocol messages. addr=172.31.61.147:56834
12:15:32.021 INF Connected to all peers.
12:15:32.022 INF Incoming connection for protocol messages. addr=172.31.56.244:52970
12:15:32.022 INF Incoming connection for protocol messages. addr=172.31.61.147:56846
12:15:32.022 INF Incoming connection for protocol messages. addr=172.31.61.147:56840
12:15:32.022 INF Incoming connection for protocol messages. addr=172.31.61.147:56844
12:15:32.022 INF Incoming connection for protocol messages. addr=172.31.48.110:57150
12:15:32.023 INF Incoming connection for protocol messages. addr=172.31.48.110:57152
12:15:32.023 INF Incoming connection for protocol messages. addr=172.31.48.110:57156
12:15:32.023 INF Incoming connection for protocol messages. addr=172.31.48.110:57160
12:15:32.023 INF Incoming connection for protocol messages. addr=172.31.61.147:56836
12:15:32.023 INF Incoming connection for protocol messages. addr=172.31.61.147:56838
12:15:32.023 INF Incoming connection for protocol messages. addr=172.31.48.110:57154
12:15:32.023 INF Incoming connection for protocol messages. addr=172.31.48.110:57158
12:15:32.027 INF All peers finished connecting. Starting ISS.
12:15:32.027 INF PbftOrderer received a new segment: [0 4 8 12 16 20 24 28 32 36 40 44 48 52 56 60 64 68 72 76 80 84 88 92 96 100 104 108 112 116 120 124] first leader=0 firstSN=0 lastSN=124 len=32 length=32 segId=0
12:15:32.027 INF Starting new view. segID=0 timeout=60000 view=0
12:15:32.027 INF Starting PBFT instance. first=0 last=124 segID=0
12:15:32.027 INF PbftOrderer received a new segment: [1 5 9 13 17 21 25 29 33 37 41 45 49 53 57 61 65 69 73 77 81 85 89 93 97 101 105 109 113 117 121 125] first leader=1 firstSN=1 lastSN=125 len=32 length=32 segId=1
12:15:32.027 INF Starting new view. segID=1 timeout=60000 view=0
12:15:32.027 INF Starting PBFT instance. first=1 last=125 segID=1
12:15:32.027 INF Starting serialized message processing. segID=0
12:15:32.027 INF PbftOrderer received a new segment: [2 6 10 14 18 22 26 30 34 38 42 46 50 54 58 62 66 70 74 78 82 86 90 94 98 102 106 110 114 118 122 126] first leader=2 firstSN=2 lastSN=126 len=32 length=32 segId=2
12:15:32.027 INF Starting new view. segID=2 timeout=60000 view=0
12:15:32.027 INF Starting PBFT instance. first=2 last=126 segID=2
12:15:32.027 INF PbftOrderer received a new segment: [3 7 11 15 19 23 27 31 35 39 43 47 51 55 59 63 67 71 75 79 83 87 91 95 99 103 107 111 115 119 123 127] first leader=3 firstSN=3 lastSN=127 len=32 length=32 segId=3
12:15:32.027 INF Starting new view. segID=3 timeout=60000 view=0
12:15:32.027 INF Starting PBFT instance. first=3 last=127 segID=3
12:15:32.027 INF Starting serialized message processing. segID=1
12:15:32.027 INF Starting serialized message processing. segID=2
12:15:32.027 INF Starting serialized message processing. segID=3
12:15:32.049 INF Incoming connection for requests. addr=100.25.149.4:44620
12:15:33.027 INF enter big block cursn=2
12:15:33.028 INF cursn==snfromhtntopropose SegID=2 cursn=2
12:15:33.046 INF Sending PREPREPARE. nReq=123 senderID=2 sn=2 view=0
12:15:33.050 INF Handling PREPREPARE. nReq=123 senderID=1 sn=1
12:15:33.067 INF Handling PREPREPARE. nReq=122 senderID=3 sn=3
12:15:33.094 INF Get logEntry.Sn from tn. SegID=1 Tn=1 logEntry.Sn=1 origin_sn=1
12:15:33.094 INF Committed entry. latency=0 nReq=123 sn=1
12:15:33.109 INF Get logEntry.Sn from tn. SegID=3 Tn=1 logEntry.Sn=3 origin_sn=3
12:15:33.109 INF Committed entry. latency=0 nReq=122 sn=3
12:15:33.110 INF Get logEntry.Sn from tn. SegID=2 Tn=1 logEntry.Sn=2 origin_sn=2
12:15:33.110 INF Committed entry. latency=0 nReq=123 sn=2
12:15:33.110 INF Set TRUE. sn=6
12:15:33.110 INF validHtnMsgs sets. validHtnMsgs=1
12:15:33.110 INF validHtnMsgs sets. validHtnMsgs=1
12:15:34.041 INF enter big block cursn=6
12:15:34.042 INF cursn==snfromhtntopropose SegID=2 cursn=6
12:15:34.060 INF Sending PREPREPARE. nReq=130 senderID=2 sn=6 view=0
12:15:34.064 INF Handling PREPREPARE. nReq=130 senderID=3 sn=7
12:15:34.083 INF Handling PREPREPARE. nReq=130 senderID=1 sn=5
12:15:34.102 INF Get logEntry.Sn from tn. SegID=3 Tn=2 logEntry.Sn=7 origin_sn=7
12:15:34.102 INF Committed entry. latency=0 nReq=130 sn=7
12:15:34.104 INF Get logEntry.Sn from tn. SegID=1 Tn=2 logEntry.Sn=5 origin_sn=5
12:15:34.104 INF Committed entry. latency=0 nReq=130 sn=5
12:15:34.105 INF Get logEntry.Sn from tn. SegID=2 Tn=2 logEntry.Sn=6 origin_sn=6
12:15:34.105 INF Committed entry. latency=0 nReq=130 sn=6
12:15:34.105 INF Set TRUE. sn=10
12:15:34.105 INF validHtnMsgs sets. validHtnMsgs=2
12:15:34.105 INF validHtnMsgs sets. validHtnMsgs=2
12:15:35.056 INF enter big block cursn=10
12:15:35.057 INF cursn==snfromhtntopropose SegID=2 cursn=10
12:15:35.076 INF Sending PREPREPARE. nReq=130 senderID=2 sn=10 view=0
12:15:35.078 INF Handling PREPREPARE. nReq=129 senderID=1 sn=9
12:15:35.097 INF Handling PREPREPARE. nReq=130 senderID=3 sn=11
12:15:35.118 INF Get logEntry.Sn from tn. SegID=3 Tn=3 logEntry.Sn=11 origin_sn=11
12:15:35.118 INF Committed entry. latency=0 nReq=130 sn=11
12:15:35.118 INF Get logEntry.Sn from tn. SegID=1 Tn=3 logEntry.Sn=9 origin_sn=9
12:15:35.118 INF Committed entry. latency=0 nReq=129 sn=9
12:15:35.119 INF Get logEntry.Sn from tn. SegID=2 Tn=3 logEntry.Sn=10 origin_sn=10
12:15:35.119 INF Committed entry. latency=0 nReq=130 sn=10
12:15:35.119 INF Set TRUE. sn=14
12:15:35.119 INF validHtnMsgs sets. validHtnMsgs=3
12:15:35.119 INF validHtnMsgs sets. validHtnMsgs=3
12:15:35.149 INF Handling PREPREPARE. nReq=379 senderID=0 sn=8
12:15:35.206 INF Committed nil entry. latency=0 sn=0
12:15:35.206 INF Delivered nil batch. sn=0
12:15:35.206 INF Delivered batch. nReq=123 sn=1
12:15:35.206 INF Delivered batch. nReq=123 sn=2
12:15:35.206 INF Delivered batch. nReq=122 sn=3
12:15:35.206 INF Get logEntry.Sn from tn. Nil Blocks. SegID=0 logEntry.Sn=0
12:15:35.206 INF Committed nil entry. latency=0 sn=4
12:15:35.206 INF Delivered nil batch. sn=4
12:15:35.206 INF Delivered batch. nReq=130 sn=5
12:15:35.206 INF Delivered batch. nReq=130 sn=6
12:15:35.206 INF Delivered batch. nReq=130 sn=7
12:15:35.206 INF Get logEntry.Sn from tn. Nil Blocks. SegID=0 logEntry.Sn=4
12:15:35.206 INF Get logEntry.Sn from tn. SegID=0 Tn=3 logEntry.Sn=8 origin_sn=8
12:15:35.206 INF Committed entry. latency=0 nReq=379 sn=8
12:15:35.206 INF Delivered batch. nReq=379 sn=8
12:15:35.206 INF Delivered batch. nReq=129 sn=9
12:15:35.206 INF Delivered batch. nReq=130 sn=10
12:15:35.206 INF Delivered batch. nReq=130 sn=11
12:15:36.069 INF enter big block cursn=14
12:15:36.069 INF cursn==snfromhtntopropose SegID=2 cursn=14
12:15:36.088 INF Sending PREPREPARE. nReq=129 senderID=2 sn=14 view=0
12:15:36.089 INF Handling PREPREPARE. nReq=128 senderID=1 sn=13
12:15:36.108 INF Handling PREPREPARE. nReq=130 senderID=3 sn=15
12:15:36.130 INF Get logEntry.Sn from tn. SegID=1 Tn=4 logEntry.Sn=13 origin_sn=13
12:15:36.130 INF Committed entry. latency=0 nReq=128 sn=13
12:15:36.131 INF Get logEntry.Sn from tn. SegID=3 Tn=4 logEntry.Sn=15 origin_sn=15
12:15:36.131 INF Committed entry. latency=0 nReq=130 sn=15
12:15:36.131 INF Get logEntry.Sn from tn. SegID=2 Tn=4 logEntry.Sn=14 origin_sn=14
12:15:36.131 INF Committed entry. latency=0 nReq=129 sn=14
12:15:36.131 INF Set TRUE. sn=18
12:15:36.131 INF validHtnMsgs sets. validHtnMsgs=4
12:15:36.131 INF validHtnMsgs sets. validHtnMsgs=4
12:15:37.081 INF enter big block cursn=18
12:15:37.081 INF cursn==snfromhtntopropose SegID=2 cursn=18
12:15:37.099 INF Sending PREPREPARE. nReq=129 senderID=2 sn=18 view=0
12:15:37.100 INF Handling PREPREPARE. nReq=130 senderID=1 sn=17
12:15:37.119 INF Handling PREPREPARE. nReq=128 senderID=3 sn=19
12:15:37.140 INF Get logEntry.Sn from tn. SegID=1 Tn=5 logEntry.Sn=17 origin_sn=17
12:15:37.140 INF Committed entry. latency=0 nReq=130 sn=17
12:15:37.141 INF Get logEntry.Sn from tn. SegID=2 Tn=5 logEntry.Sn=18 origin_sn=18
12:15:37.141 INF Committed entry. latency=0 nReq=129 sn=18
12:15:37.141 INF Set TRUE. sn=22
12:15:37.141 INF validHtnMsgs sets. validHtnMsgs=5
12:15:37.141 INF validHtnMsgs sets. validHtnMsgs=5
12:15:37.141 INF Get logEntry.Sn from tn. SegID=3 Tn=5 logEntry.Sn=19 origin_sn=19
12:15:37.141 INF Committed entry. latency=0 nReq=128 sn=19
12:15:38.096 INF enter big block cursn=22
12:15:38.096 INF cursn==snfromhtntopropose SegID=2 cursn=22
12:15:38.114 INF Sending PREPREPARE. nReq=130 senderID=2 sn=22 view=0
12:15:38.115 INF Handling PREPREPARE. nReq=130 senderID=1 sn=21
12:15:38.135 INF Handling PREPREPARE. nReq=130 senderID=3 sn=23
12:15:38.157 INF Get logEntry.Sn from tn. SegID=1 Tn=6 logEntry.Sn=21 origin_sn=21
12:15:38.157 INF Committed entry. latency=0 nReq=130 sn=21
12:15:38.158 INF Get logEntry.Sn from tn. SegID=3 Tn=6 logEntry.Sn=23 origin_sn=23
12:15:38.158 INF Committed entry. latency=0 nReq=130 sn=23
12:15:38.158 INF Get logEntry.Sn from tn. SegID=2 Tn=6 logEntry.Sn=22 origin_sn=22
12:15:38.158 INF Committed entry. latency=0 nReq=130 sn=22
12:15:38.158 INF Set TRUE. sn=26
12:15:38.158 INF validHtnMsgs sets. validHtnMsgs=6
12:15:38.158 INF validHtnMsgs sets. validHtnMsgs=6
12:15:38.173 INF Handling PREPREPARE. nReq=386 senderID=0 sn=20
12:15:38.228 INF Committed nil entry. latency=0 sn=12
12:15:38.228 INF Delivered nil batch. sn=12
12:15:38.228 INF Delivered batch. nReq=128 sn=13
12:15:38.228 INF Delivered batch. nReq=129 sn=14
12:15:38.228 INF Delivered batch. nReq=130 sn=15
12:15:38.228 INF Get logEntry.Sn from tn. Nil Blocks. SegID=0 logEntry.Sn=12
12:15:38.228 INF Committed nil entry. latency=0 sn=16
12:15:38.228 INF Delivered nil batch. sn=16
12:15:38.228 INF Delivered batch. nReq=130 sn=17
12:15:38.228 INF Delivered batch. nReq=129 sn=18
12:15:38.228 INF Delivered batch. nReq=128 sn=19
12:15:38.228 INF Get logEntry.Sn from tn. Nil Blocks. SegID=0 logEntry.Sn=16
12:15:38.228 INF Get logEntry.Sn from tn. SegID=0 Tn=6 logEntry.Sn=20 origin_sn=20
12:15:38.228 INF Committed entry. latency=0 nReq=386 sn=20
12:15:38.228 INF Delivered batch. nReq=386 sn=20
12:15:38.228 INF Delivered batch. nReq=130 sn=21
12:15:38.228 INF Delivered batch. nReq=130 sn=22
12:15:38.228 INF Delivered batch. nReq=130 sn=23
12:15:39.107 INF Handling PREPREPARE. nReq=128 senderID=3 sn=27
12:15:39.122 INF enter big block cursn=26
12:15:39.122 INF cursn==snfromhtntopropose SegID=2 cursn=26
12:15:39.143 INF Handling PREPREPARE. nReq=130 senderID=1 sn=25
12:15:39.163 INF Sending PREPREPARE. nReq=130 senderID=2 sn=26 view=0
12:15:39.164 INF Get logEntry.Sn from tn. SegID=3 Tn=7 logEntry.Sn=27 origin_sn=27
12:15:39.164 INF Committed entry. latency=0 nReq=128 sn=27
12:15:39.166 INF Get logEntry.Sn from tn. SegID=1 Tn=7 logEntry.Sn=25 origin_sn=25
12:15:39.166 INF Committed entry. latency=0 nReq=130 sn=25
12:15:39.186 INF Get logEntry.Sn from tn. SegID=2 Tn=7 logEntry.Sn=26 origin_sn=26
12:15:39.186 INF Committed entry. latency=0 nReq=130 sn=26
12:15:39.186 INF Set TRUE. sn=30
12:15:39.186 INF validHtnMsgs sets. validHtnMsgs=7
12:15:39.186 INF validHtnMsgs sets. validHtnMsgs=7
12:15:40.119 INF Handling PREPREPARE. nReq=130 senderID=3 sn=31
12:15:40.140 INF Handling PREPREPARE. nReq=129 senderID=1 sn=29
12:15:40.159 INF enter big block cursn=30
12:15:40.159 INF cursn==snfromhtntopropose SegID=2 cursn=30
12:15:40.177 INF Sending PREPREPARE. nReq=134 senderID=2 sn=30 view=0
12:15:40.178 INF Get logEntry.Sn from tn. SegID=1 Tn=8 logEntry.Sn=29 origin_sn=29
12:15:40.178 INF Committed entry. latency=0 nReq=129 sn=29
12:15:40.178 INF Get logEntry.Sn from tn. SegID=3 Tn=8 logEntry.Sn=31 origin_sn=31
12:15:40.178 INF Committed entry. latency=0 nReq=130 sn=31
12:15:40.201 INF Get logEntry.Sn from tn. SegID=2 Tn=8 logEntry.Sn=30 origin_sn=30
12:15:40.201 INF Committed entry. latency=0 nReq=134 sn=30
12:15:40.201 INF Set TRUE. sn=34
12:15:40.201 INF validHtnMsgs sets. validHtnMsgs=8
12:15:40.201 INF validHtnMsgs sets. validHtnMsgs=8
12:15:41.101 INF Handling PREPREPARE. nReq=384 senderID=0 sn=32
12:15:41.173 INF enter big block cursn=34
12:15:41.173 INF cursn==snfromhtntopropose SegID=2 cursn=34
12:15:41.192 INF Sending PREPREPARE. nReq=131 senderID=2 sn=34 view=0
12:15:41.194 INF Handling PREPREPARE. nReq=128 senderID=3 sn=35
12:15:41.213 INF Handling PREPREPARE. nReq=127 senderID=1 sn=33
12:15:41.229 INF Committed nil entry. latency=0 sn=24
12:15:41.229 INF Delivered nil batch. sn=24
12:15:41.229 INF Delivered batch. nReq=130 sn=25
12:15:41.229 INF Delivered batch. nReq=130 sn=26
12:15:41.229 INF Delivered batch. nReq=128 sn=27
12:15:41.229 INF Get logEntry.Sn from tn. Nil Blocks. SegID=0 logEntry.Sn=24
12:15:41.229 INF Committed nil entry. latency=0 sn=28
12:15:41.229 INF Delivered nil batch. sn=28
12:15:41.229 INF Delivered batch. nReq=129 sn=29
12:15:41.229 INF Delivered batch. nReq=134 sn=30
12:15:41.229 INF Delivered batch. nReq=130 sn=31
12:15:41.229 INF Get logEntry.Sn from tn. Nil Blocks. SegID=0 logEntry.Sn=28
12:15:41.229 INF Get logEntry.Sn from tn. SegID=0 Tn=9 logEntry.Sn=32 origin_sn=32
12:15:41.229 INF Committed entry. latency=0 nReq=384 sn=32
12:15:41.229 INF Delivered batch. nReq=384 sn=32
12:15:41.234 INF Get logEntry.Sn from tn. SegID=1 Tn=9 logEntry.Sn=33 origin_sn=33
12:15:41.234 INF Committed entry. latency=0 nReq=127 sn=33
12:15:41.234 INF Delivered batch. nReq=127 sn=33
12:15:41.235 INF Get logEntry.Sn from tn. SegID=2 Tn=9 logEntry.Sn=34 origin_sn=34
12:15:41.235 INF Committed entry. latency=0 nReq=131 sn=34
12:15:41.235 INF Delivered batch. nReq=131 sn=34
12:15:41.235 INF Set TRUE. sn=38
12:15:41.235 INF validHtnMsgs sets. validHtnMsgs=9
12:15:41.235 INF validHtnMsgs sets. validHtnMsgs=9
12:15:41.235 INF Get logEntry.Sn from tn. SegID=3 Tn=9 logEntry.Sn=35 origin_sn=35
12:15:41.235 INF Committed entry. latency=0 nReq=128 sn=35
12:15:41.235 INF Delivered batch. nReq=128 sn=35
12:15:42.140 INF Handling PREPREPARE. nReq=131 senderID=1 sn=37
12:15:42.141 INF Handling PREPREPARE. nReq=130 senderID=3 sn=39
12:15:42.178 INF Get logEntry.Sn from tn. SegID=1 Tn=10 logEntry.Sn=37 origin_sn=37
12:15:42.178 INF Committed entry. latency=0 nReq=131 sn=37
12:15:42.181 INF Get logEntry.Sn from tn. SegID=3 Tn=10 logEntry.Sn=39 origin_sn=39
12:15:42.181 INF Committed entry. latency=0 nReq=130 sn=39
12:15:42.188 INF enter big block cursn=38
12:15:42.188 INF enter block2 cursn=38 snfromhtntopropose=42
12:15:42.205 INF Sending PREPREPARE. nReq=129 senderID=2 sn=42 view=0
12:15:42.228 INF Committed nil entry. latency=0 sn=38
12:15:42.228 INF Get logEntry.Sn from tn. Nil Blocks. SegID=2 logEntry.Sn=38
12:15:42.228 INF Get logEntry.Sn from tn. SegID=2 Tn=11 logEntry.Sn=42 origin_sn=42
12:15:42.228 INF Committed entry. latency=0 nReq=129 sn=42
12:15:42.229 INF Set TRUE. sn=46
12:15:42.229 INF validHtnMsgs sets. validHtnMsgs=11
12:15:42.229 INF validHtnMsgs sets. validHtnMsgs=11
12:15:43.150 INF Handling PREPREPARE. nReq=129 senderID=1 sn=45
12:15:43.170 INF Handling PREPREPARE. nReq=130 senderID=3 sn=47
12:15:43.190 INF Committed nil entry. latency=0 sn=41
12:15:43.190 INF Get logEntry.Sn from tn. Nil Blocks. SegID=1 logEntry.Sn=41
12:15:43.190 INF Get logEntry.Sn from tn. SegID=1 Tn=12 logEntry.Sn=45 origin_sn=45
12:15:43.190 INF Committed entry. latency=0 nReq=129 sn=45
12:15:43.191 INF Committed nil entry. latency=0 sn=43
12:15:43.191 INF Get logEntry.Sn from tn. Nil Blocks. SegID=3 logEntry.Sn=43
12:15:43.191 INF Get logEntry.Sn from tn. SegID=3 Tn=12 logEntry.Sn=47 origin_sn=47
12:15:43.191 INF Committed entry. latency=0 nReq=130 sn=47
12:15:43.201 INF enter big block cursn=46
12:15:43.201 INF enter block2 cursn=46 snfromhtntopropose=50
12:15:43.219 INF Sending PREPREPARE. nReq=130 senderID=2 sn=50 view=0
12:15:43.243 INF Committed nil entry. latency=0 sn=46
12:15:43.243 INF Get logEntry.Sn from tn. Nil Blocks. SegID=2 logEntry.Sn=46
12:15:43.243 INF Get logEntry.Sn from tn. SegID=2 Tn=13 logEntry.Sn=50 origin_sn=50
12:15:43.243 INF Committed entry. latency=0 nReq=130 sn=50
12:15:43.243 INF Set TRUE. sn=54
12:15:43.243 INF validHtnMsgs sets. validHtnMsgs=13
12:15:43.243 INF validHtnMsgs sets. validHtnMsgs=13
12:15:44.118 INF Handling PREPREPARE. nReq=386 senderID=0 sn=52
12:15:44.192 INF Handling PREPREPARE. nReq=126 senderID=3 sn=55
12:15:44.210 INF Handling PREPREPARE. nReq=127 senderID=1 sn=53
12:15:44.223 INF enter big block cursn=54
12:15:44.224 INF enter block2 cursn=54 snfromhtntopropose=58
12:15:44.247 INF Committed nil entry. latency=0 sn=36
12:15:44.247 INF Delivered nil batch. sn=36
12:15:44.247 INF Delivered batch. nReq=131 sn=37
12:15:44.247 INF Delivered nil batch. sn=38
12:15:44.247 INF Delivered batch. nReq=130 sn=39
12:15:44.247 INF Get logEntry.Sn from tn. Nil Blocks. SegID=0 logEntry.Sn=36
12:15:44.247 INF Committed nil entry. latency=0 sn=40
12:15:44.247 INF Delivered nil batch. sn=40
12:15:44.247 INF Delivered nil batch. sn=41
12:15:44.247 INF Delivered batch. nReq=129 sn=42
12:15:44.247 INF Delivered nil batch. sn=43
12:15:44.247 INF Get logEntry.Sn from tn. Nil Blocks. SegID=0 logEntry.Sn=40
12:15:44.247 INF Committed nil entry. latency=0 sn=44
12:15:44.247 INF Delivered nil batch. sn=44
12:15:44.247 INF Delivered batch. nReq=129 sn=45
12:15:44.247 INF Delivered nil batch. sn=46
12:15:44.247 INF Delivered batch. nReq=130 sn=47
12:15:44.247 INF Get logEntry.Sn from tn. Nil Blocks. SegID=0 logEntry.Sn=44
12:15:44.247 INF Committed nil entry. latency=0 sn=48
12:15:44.247 INF Delivered nil batch. sn=48
12:15:44.247 INF Get logEntry.Sn from tn. Nil Blocks. SegID=0 logEntry.Sn=48
12:15:44.247 INF Get logEntry.Sn from tn. SegID=0 Tn=14 logEntry.Sn=52 origin_sn=52
12:15:44.247 INF Committed entry. latency=0 nReq=386 sn=52
12:15:44.248 INF Sending PREPREPARE. nReq=127 senderID=2 sn=58 view=0
12:15:44.248 INF Committed nil entry. latency=0 sn=49
12:15:44.248 INF Delivered nil batch. sn=49
12:15:44.248 INF Delivered batch. nReq=130 sn=50
12:15:44.248 INF Get logEntry.Sn from tn. Nil Blocks. SegID=1 logEntry.Sn=49
12:15:44.248 INF Get logEntry.Sn from tn. SegID=1 Tn=14 logEntry.Sn=53 origin_sn=53
12:15:44.248 INF Committed entry. latency=0 nReq=127 sn=53
12:15:44.250 INF Committed nil entry. latency=0 sn=51
12:15:44.250 INF Delivered nil batch. sn=51
12:15:44.250 INF Delivered batch. nReq=386 sn=52
12:15:44.250 INF Delivered batch. nReq=127 sn=53
12:15:44.250 INF Get logEntry.Sn from tn. Nil Blocks. SegID=3 logEntry.Sn=51
12:15:44.250 INF Get logEntry.Sn from tn. SegID=3 Tn=14 logEntry.Sn=55 origin_sn=55
12:15:44.250 INF Committed entry. latency=0 nReq=126 sn=55
12:15:44.272 INF Committed nil entry. latency=0 sn=54
12:15:44.272 INF Delivered nil batch. sn=54
12:15:44.272 INF Delivered batch. nReq=126 sn=55
12:15:44.272 INF Get logEntry.Sn from tn. Nil Blocks. SegID=2 logEntry.Sn=54
12:15:44.272 INF Get logEntry.Sn from tn. SegID=2 Tn=15 logEntry.Sn=58 origin_sn=58
12:15:44.272 INF Committed entry. latency=0 nReq=127 sn=58
12:15:44.272 INF Set TRUE. sn=62
12:15:44.272 INF validHtnMsgs sets. validHtnMsgs=15
12:15:44.272 INF validHtnMsgs sets. validHtnMsgs=15
12:15:45.177 INF Handling PREPREPARE. nReq=132 senderID=1 sn=61
12:15:45.177 INF Handling PREPREPARE. nReq=133 senderID=3 sn=63
12:15:45.217 INF Committed nil entry. latency=0 sn=59
12:15:45.217 INF Get logEntry.Sn from tn. Nil Blocks. SegID=3 logEntry.Sn=59
12:15:45.217 INF Get logEntry.Sn from tn. SegID=3 Tn=16 logEntry.Sn=63 origin_sn=63
12:15:45.217 INF Committed entry. latency=0 nReq=133 sn=63
12:15:45.218 INF Committed nil entry. latency=0 sn=57
12:15:45.218 INF Get logEntry.Sn from tn. Nil Blocks. SegID=1 logEntry.Sn=57
12:15:45.218 INF Get logEntry.Sn from tn. SegID=1 Tn=16 logEntry.Sn=61 origin_sn=61
12:15:45.218 INF Committed entry. latency=0 nReq=132 sn=61
12:15:45.246 INF enter big block cursn=62
12:15:45.246 INF enter block2 cursn=62 snfromhtntopropose=66
12:15:45.264 INF Sending PREPREPARE. nReq=135 senderID=2 sn=66 view=0
12:15:45.288 INF Committed nil entry. latency=0 sn=62
12:15:45.288 INF Get logEntry.Sn from tn. Nil Blocks. SegID=2 logEntry.Sn=62
12:15:45.288 INF Get logEntry.Sn from tn. SegID=2 Tn=17 logEntry.Sn=66 origin_sn=66
12:15:45.288 INF Committed entry. latency=0 nReq=135 sn=66
12:15:45.289 INF Set TRUE. sn=70
12:15:45.289 INF validHtnMsgs sets. validHtnMsgs=17
12:15:45.289 INF validHtnMsgs sets. validHtnMsgs=17
12:15:46.176 INF Handling PREPREPARE. nReq=128 senderID=1 sn=69
12:15:46.197 INF Handling PREPREPARE. nReq=129 senderID=3 sn=71
12:15:46.216 INF Committed nil entry. latency=0 sn=65
12:15:46.216 INF Get logEntry.Sn from tn. Nil Blocks. SegID=1 logEntry.Sn=65
12:15:46.216 INF Get logEntry.Sn from tn. SegID=1 Tn=18 logEntry.Sn=69 origin_sn=69
12:15:46.216 INF Committed entry. latency=0 nReq=128 sn=69
12:15:46.217 INF Committed nil entry. latency=0 sn=67
12:15:46.217 INF Get logEntry.Sn from tn. Nil Blocks. SegID=3 logEntry.Sn=67
12:15:46.217 INF Get logEntry.Sn from tn. SegID=3 Tn=18 logEntry.Sn=71 origin_sn=71
12:15:46.217 INF Committed entry. latency=0 nReq=129 sn=71
12:15:46.259 INF enter big block cursn=70
12:15:46.259 INF enter block2 cursn=70 snfromhtntopropose=74
12:15:46.276 INF Sending PREPREPARE. nReq=129 senderID=2 sn=74 view=0
12:15:46.300 INF Committed nil entry. latency=0 sn=70
12:15:46.300 INF Get logEntry.Sn from tn. Nil Blocks. SegID=2 logEntry.Sn=70
12:15:46.300 INF Get logEntry.Sn from tn. SegID=2 Tn=19 logEntry.Sn=74 origin_sn=74
12:15:46.300 INF Committed entry. latency=0 nReq=129 sn=74
12:15:46.300 INF Set TRUE. sn=78
12:15:46.300 INF validHtnMsgs sets. validHtnMsgs=19
12:15:46.300 INF validHtnMsgs sets. validHtnMsgs=19
12:15:47.128 INF Handling PREPREPARE. nReq=386 senderID=0 sn=76
12:15:47.201 INF Handling PREPREPARE. nReq=118 senderID=1 sn=77
12:15:47.219 INF Handling PREPREPARE. nReq=116 senderID=3 sn=79
12:15:47.236 INF Committed nil entry. latency=0 sn=56
12:15:47.236 INF Delivered nil batch. sn=56
12:15:47.236 INF Delivered nil batch. sn=57
12:15:47.236 INF Delivered batch. nReq=127 sn=58
12:15:47.236 INF Delivered nil batch. sn=59
12:15:47.236 INF Get logEntry.Sn from tn. Nil Blocks. SegID=0 logEntry.Sn=56
12:15:47.236 INF Committed nil entry. latency=0 sn=60
12:15:47.236 INF Delivered nil batch. sn=60
12:15:47.236 INF Delivered batch. nReq=132 sn=61
12:15:47.237 INF Delivered nil batch. sn=62
12:15:47.237 INF Delivered batch. nReq=133 sn=63
12:15:47.237 INF Get logEntry.Sn from tn. Nil Blocks. SegID=0 logEntry.Sn=60
12:15:47.237 INF Committed nil entry. latency=0 sn=64
12:15:47.237 INF Delivered nil batch. sn=64
12:15:47.237 INF Delivered nil batch. sn=65
12:15:47.237 INF Delivered batch. nReq=135 sn=66
12:15:47.237 INF Delivered nil batch. sn=67
12:15:47.237 INF Get logEntry.Sn from tn. Nil Blocks. SegID=0 logEntry.Sn=64
12:15:47.237 INF Committed nil entry. latency=0 sn=68
12:15:47.237 INF Delivered nil batch. sn=68
12:15:47.237 INF Delivered batch. nReq=128 sn=69
12:15:47.237 INF Delivered nil batch. sn=70
12:15:47.237 INF Delivered batch. nReq=129 sn=71
12:15:47.237 INF Get logEntry.Sn from tn. Nil Blocks. SegID=0 logEntry.Sn=68
12:15:47.237 INF Committed nil entry. latency=0 sn=72
12:15:47.237 INF Delivered nil batch. sn=72
12:15:47.237 INF Get logEntry.Sn from tn. Nil Blocks. SegID=0 logEntry.Sn=72
12:15:47.237 INF Get logEntry.Sn from tn. SegID=0 Tn=20 logEntry.Sn=76 origin_sn=76
12:15:47.237 INF Committed entry. latency=0 nReq=386 sn=76
12:15:47.239 INF Committed nil entry. latency=0 sn=75
12:15:47.239 INF Get logEntry.Sn from tn. Nil Blocks. SegID=3 logEntry.Sn=75
12:15:47.239 INF Get logEntry.Sn from tn. SegID=3 Tn=20 logEntry.Sn=79 origin_sn=79
12:15:47.239 INF Committed entry. latency=0 nReq=116 sn=79
12:15:47.239 INF Committed nil entry. latency=0 sn=73
12:15:47.239 INF Delivered nil batch. sn=73
12:15:47.239 INF Delivered batch. nReq=129 sn=74
12:15:47.239 INF Delivered nil batch. sn=75
12:15:47.239 INF Delivered batch. nReq=386 sn=76
12:15:47.239 INF Get logEntry.Sn from tn. Nil Blocks. SegID=1 logEntry.Sn=73
12:15:47.239 INF Get logEntry.Sn from tn. SegID=1 Tn=20 logEntry.Sn=77 origin_sn=77
12:15:47.239 INF Committed entry. latency=0 nReq=118 sn=77
12:15:47.239 INF Delivered batch. nReq=118 sn=77
12:15:47.269 INF enter big block cursn=78
12:15:47.269 INF enter block2 cursn=78 snfromhtntopropose=82
12:15:47.283 INF Sending PREPREPARE. nReq=104 senderID=2 sn=82 view=0
12:15:47.303 INF Committed nil entry. latency=0 sn=78
12:15:47.303 INF Delivered nil batch. sn=78
12:15:47.303 INF Delivered batch. nReq=116 sn=79
12:15:47.303 INF Get logEntry.Sn from tn. Nil Blocks. SegID=2 logEntry.Sn=78
12:15:47.303 INF Get logEntry.Sn from tn. SegID=2 Tn=21 logEntry.Sn=82 origin_sn=82
12:15:47.303 INF Committed entry. latency=0 nReq=104 sn=82
12:15:47.303 INF Set TRUE. sn=86
12:15:47.303 INF validHtnMsgs sets. validHtnMsgs=21
12:15:47.303 INF validHtnMsgs sets. validHtnMsgs=21
12:15:48.170 INF Handling PREPREPARE. nReq=0 senderID=1 sn=85
12:15:48.171 INF Committed nil entry. latency=0 sn=81
12:15:48.171 INF Get logEntry.Sn from tn. Nil Blocks. SegID=1 logEntry.Sn=81
12:15:48.171 INF Get logEntry.Sn from tn. SegID=1 Tn=22 logEntry.Sn=85 origin_sn=85
12:15:48.171 INF Committed entry. latency=0 nReq=0 sn=85
12:15:48.199 INF Handling PREPREPARE. nReq=0 senderID=3 sn=91
12:15:48.201 INF Committed nil entry. latency=0 sn=83
12:15:48.201 INF Get logEntry.Sn from tn. Nil Blocks. SegID=3 logEntry.Sn=83
12:15:48.201 INF Committed nil entry. latency=0 sn=87
12:15:48.201 INF Get logEntry.Sn from tn. Nil Blocks. SegID=3 logEntry.Sn=87
12:15:48.201 INF Get logEntry.Sn from tn. SegID=3 Tn=23 logEntry.Sn=91 origin_sn=91
12:15:48.201 INF Committed entry. latency=0 nReq=0 sn=91
12:15:48.280 INF enter big block cursn=86
12:15:48.280 INF enter block2 cursn=86 snfromhtntopropose=94
12:15:48.280 INF Sending PREPREPARE. nReq=0 senderID=2 sn=94 view=0
12:15:48.286 INF Set TRUE. sn=98
12:15:48.286 INF validHtnMsgs sets. validHtnMsgs=24
12:15:48.286 INF validHtnMsgs sets. validHtnMsgs=24
12:15:48.286 INF Committed nil entry. latency=0 sn=86
12:15:48.286 INF Get logEntry.Sn from tn. Nil Blocks. SegID=2 logEntry.Sn=86
12:15:48.286 INF Committed nil entry. latency=0 sn=90
12:15:48.286 INF Get logEntry.Sn from tn. Nil Blocks. SegID=2 logEntry.Sn=90
12:15:48.286 INF Get logEntry.Sn from tn. SegID=2 Tn=24 logEntry.Sn=94 origin_sn=94
12:15:48.286 INF Committed entry. latency=0 nReq=0 sn=94
12:15:49.170 INF Handling PREPREPARE. nReq=0 senderID=1 sn=97
12:15:49.172 INF Committed nil entry. latency=0 sn=89
12:15:49.172 INF Get logEntry.Sn from tn. Nil Blocks. SegID=1 logEntry.Sn=89
12:15:49.172 INF Committed nil entry. latency=0 sn=93
12:15:49.173 INF Get logEntry.Sn from tn. Nil Blocks. SegID=1 logEntry.Sn=93
12:15:49.173 INF Get logEntry.Sn from tn. SegID=1 Tn=25 logEntry.Sn=97 origin_sn=97
12:15:49.173 INF Committed entry. latency=0 nReq=0 sn=97
12:15:49.200 INF Handling PREPREPARE. nReq=0 senderID=3 sn=103
12:15:49.203 INF Committed nil entry. latency=0 sn=95
12:15:49.203 INF Get logEntry.Sn from tn. Nil Blocks. SegID=3 logEntry.Sn=95
12:15:49.203 INF Committed nil entry. latency=0 sn=99
12:15:49.203 INF Get logEntry.Sn from tn. Nil Blocks. SegID=3 logEntry.Sn=99
12:15:49.203 INF Get logEntry.Sn from tn. SegID=3 Tn=26 logEntry.Sn=103 origin_sn=103
12:15:49.203 INF Committed entry. latency=0 nReq=0 sn=103
12:15:49.280 INF enter big block cursn=98
12:15:49.280 INF enter block2 cursn=98 snfromhtntopropose=106
12:15:49.280 INF Sending PREPREPARE. nReq=0 senderID=2 sn=106 view=0
12:15:49.284 INF Committed nil entry. latency=0 sn=98
12:15:49.284 INF Get logEntry.Sn from tn. Nil Blocks. SegID=2 logEntry.Sn=98
12:15:49.284 INF Committed nil entry. latency=0 sn=102
12:15:49.284 INF Get logEntry.Sn from tn. Nil Blocks. SegID=2 logEntry.Sn=102
12:15:49.284 INF Get logEntry.Sn from tn. SegID=2 Tn=27 logEntry.Sn=106 origin_sn=106
12:15:49.284 INF Committed entry. latency=0 nReq=0 sn=106
12:15:49.284 INF Set TRUE. sn=110
12:15:49.284 INF validHtnMsgs sets. validHtnMsgs=27
12:15:49.284 INF validHtnMsgs sets. validHtnMsgs=27
12:15:50.082 INF Handling PREPREPARE. nReq=0 senderID=0 sn=108
12:15:50.085 INF Committed nil entry. latency=0 sn=80
12:15:50.085 INF Delivered nil batch. sn=80
12:15:50.085 INF Delivered nil batch. sn=81
12:15:50.085 INF Delivered batch. nReq=104 sn=82
12:15:50.085 INF Delivered nil batch. sn=83
12:15:50.085 INF Get logEntry.Sn from tn. Nil Blocks. SegID=0 logEntry.Sn=80
12:15:50.085 INF Committed nil entry. latency=0 sn=84
12:15:50.085 INF Delivered nil batch. sn=84
12:15:50.085 INF Delivered batch. nReq=0 sn=85
12:15:50.085 INF Delivered nil batch. sn=86
12:15:50.086 INF Delivered nil batch. sn=87
12:15:50.086 INF Get logEntry.Sn from tn. Nil Blocks. SegID=0 logEntry.Sn=84
12:15:50.086 INF Committed nil entry. latency=0 sn=88
12:15:50.086 INF Delivered nil batch. sn=88
12:15:50.086 INF Delivered nil batch. sn=89
12:15:50.086 INF Delivered nil batch. sn=90
12:15:50.086 INF Delivered batch. nReq=0 sn=91
12:15:50.086 INF Get logEntry.Sn from tn. Nil Blocks. SegID=0 logEntry.Sn=88
12:15:50.086 INF Committed nil entry. latency=0 sn=92
12:15:50.086 INF Delivered nil batch. sn=92
12:15:50.086 INF Delivered nil batch. sn=93
12:15:50.086 INF Delivered batch. nReq=0 sn=94
12:15:50.086 INF Delivered nil batch. sn=95
12:15:50.086 INF Get logEntry.Sn from tn. Nil Blocks. SegID=0 logEntry.Sn=92
12:15:50.086 INF Committed nil entry. latency=0 sn=96
12:15:50.086 INF Delivered nil batch. sn=96
12:15:50.086 INF Delivered batch. nReq=0 sn=97
12:15:50.086 INF Delivered nil batch. sn=98
12:15:50.086 INF Delivered nil batch. sn=99
12:15:50.086 INF Get logEntry.Sn from tn. Nil Blocks. SegID=0 logEntry.Sn=96
12:15:50.086 INF Committed nil entry. latency=0 sn=100
12:15:50.086 INF Delivered nil batch. sn=100
12:15:50.086 INF Get logEntry.Sn from tn. Nil Blocks. SegID=0 logEntry.Sn=100
12:15:50.086 INF Committed nil entry. latency=0 sn=104
12:15:50.086 INF Get logEntry.Sn from tn. Nil Blocks. SegID=0 logEntry.Sn=104
12:15:50.086 INF Get logEntry.Sn from tn. SegID=0 Tn=28 logEntry.Sn=108 origin_sn=108
12:15:50.086 INF Committed entry. latency=0 nReq=0 sn=108
12:15:50.172 INF Handling PREPREPARE. nReq=0 senderID=1 sn=113
12:15:50.174 INF Committed nil entry. latency=0 sn=101
12:15:50.175 INF Delivered nil batch. sn=101
12:15:50.175 INF Delivered nil batch. sn=102
12:15:50.175 INF Delivered batch. nReq=0 sn=103
12:15:50.175 INF Delivered nil batch. sn=104
12:15:50.175 INF Get logEntry.Sn from tn. Nil Blocks. SegID=1 logEntry.Sn=101
12:15:50.175 INF Committed nil entry. latency=0 sn=105
12:15:50.175 INF Delivered nil batch. sn=105
12:15:50.175 INF Delivered batch. nReq=0 sn=106
12:15:50.175 INF Get logEntry.Sn from tn. Nil Blocks. SegID=1 logEntry.Sn=105
12:15:50.175 INF Committed nil entry. latency=0 sn=109
12:15:50.176 INF Get logEntry.Sn from tn. Nil Blocks. SegID=1 logEntry.Sn=109
12:15:50.176 INF Get logEntry.Sn from tn. SegID=1 Tn=29 logEntry.Sn=113 origin_sn=113
12:15:50.176 INF Committed entry. latency=0 nReq=0 sn=113
12:15:50.201 INF Handling PREPREPARE. nReq=0 senderID=3 sn=119
12:15:50.203 INF Committed nil entry. latency=0 sn=107
12:15:50.203 INF Delivered nil batch. sn=107
12:15:50.203 INF Delivered batch. nReq=0 sn=108
12:15:50.203 INF Delivered nil batch. sn=109
12:15:50.203 INF Get logEntry.Sn from tn. Nil Blocks. SegID=3 logEntry.Sn=107
12:15:50.203 INF Committed nil entry. latency=0 sn=111
12:15:50.203 INF Get logEntry.Sn from tn. Nil Blocks. SegID=3 logEntry.Sn=111
12:15:50.203 INF Committed nil entry. latency=0 sn=115
12:15:50.203 INF Get logEntry.Sn from tn. Nil Blocks. SegID=3 logEntry.Sn=115
12:15:50.203 INF Get logEntry.Sn from tn. SegID=3 Tn=30 logEntry.Sn=119 origin_sn=119
12:15:50.203 INF Committed entry. latency=0 nReq=0 sn=119
12:15:50.282 INF enter big block cursn=110
12:15:50.282 INF enter block2 cursn=110 snfromhtntopropose=122
12:15:50.282 INF Sending PREPREPARE. nReq=0 senderID=2 sn=122 view=0
12:15:50.285 INF Committed nil entry. latency=0 sn=110
12:15:50.285 INF Delivered nil batch. sn=110
12:15:50.285 INF Delivered nil batch. sn=111
12:15:50.285 INF Get logEntry.Sn from tn. Nil Blocks. SegID=2 logEntry.Sn=110
12:15:50.285 INF Committed nil entry. latency=0 sn=114
12:15:50.285 INF Get logEntry.Sn from tn. Nil Blocks. SegID=2 logEntry.Sn=114
12:15:50.285 INF Committed nil entry. latency=0 sn=118
12:15:50.285 INF Get logEntry.Sn from tn. Nil Blocks. SegID=2 logEntry.Sn=118
12:15:50.285 INF Get logEntry.Sn from tn. SegID=2 Tn=31 logEntry.Sn=122 origin_sn=122
12:15:50.285 INF Committed entry. latency=0 nReq=0 sn=122
12:15:50.285 INF Set TRUE. sn=126
12:15:50.285 INF validHtnMsgs sets. validHtnMsgs=31
12:15:50.285 INF validHtnMsgs sets. validHtnMsgs=31
12:15:51.071 INF Connection terminated. error="rpc error: code = Canceled desc = context canceled" address=100.25.149.4:44620
12:15:51.103 INF Finished sending bucket assignments to client. clId=0
12:15:51.173 INF Handling PREPREPARE. nReq=0 senderID=1 sn=125
12:15:51.175 INF Committed nil entry. latency=0 sn=117
12:15:51.175 INF Get logEntry.Sn from tn. Nil Blocks. SegID=1 logEntry.Sn=117
12:15:51.175 INF Committed nil entry. latency=0 sn=121
12:15:51.175 INF Get logEntry.Sn from tn. Nil Blocks. SegID=1 logEntry.Sn=121
12:15:51.175 INF Sending segment checkpoint. lastSn=125 segID=1
12:15:51.176 INF Get logEntry.Sn from tn. SegID=1 Tn=32 logEntry.Sn=125 origin_sn=125
12:15:51.176 INF Committed entry. latency=0 nReq=0 sn=125
12:15:51.176 INF Sending segment checkpoint. lastSn=125 segID=1
12:15:51.176 WRN Overriding checkpoint timer. view=0
12:15:51.176 INF PBFT checkpoint ready. Scheduling catchup. lastSn=125 segID=1
12:15:51.200 INF Stopping Tracer. events=181 fileName=experiment-output/0002/slave-002/peer.trc
12:15:51.201 INF Trace data written.
12:15:51.201 INF Stopping profiler.
12:15:51.204 INF Profile data written. filename=experiment-output/0002/slave-002/prof.cpu name=cpu
12:15:51.216 INF Handling PREPREPARE. nReq=0 senderID=3 sn=127
12:15:51.223 INF Profile data written. filename=experiment-output/0002/slave-002/prof.block name=block
12:15:51.223 INF Profile data written. filename=experiment-output/0002/slave-002/prof.mutex name=mutex
