{"level":"debug","Logging":"info","time":"2023-03-19T16:42:34Z","message":"Config"}
{"level":"debug","UseTLS":false,"time":"2023-03-19T16:42:34Z","message":"Config"}
{"level":"debug","CACertFile":"tls-data/ca.pem","time":"2023-03-19T16:42:34Z","message":"Config"}
{"level":"debug","KeyFile":"tls-data/auth.key","time":"2023-03-19T16:42:34Z","message":"Config"}
{"level":"debug","CertFile":"tls-data/auth.pem","time":"2023-03-19T16:42:34Z","message":"Config"}
{"level":"debug","PriorityConnections":2,"time":"2023-03-19T16:42:34Z","message":"Config"}
{"level":"debug","BasicConnections":1,"time":"2023-03-19T16:42:34Z","message":"Config"}
{"level":"debug","TestConnections":false,"time":"2023-03-19T16:42:34Z","message":"Config"}
{"level":"debug","ExcessConnections":1,"time":"2023-03-19T16:42:34Z","message":"Config"}
{"level":"debug","ConnectionTestMsgs":4,"time":"2023-03-19T16:42:34Z","message":"Config"}
{"level":"debug","ConnectionTestPayload":131072,"time":"2023-03-19T16:42:34Z","message":"Config"}
{"level":"debug","OutMessageBufsize":1024,"time":"2023-03-19T16:42:34Z","message":"Config"}
{"level":"debug","OutMessageBufsize":4,"time":"2023-03-19T16:42:34Z","message":"Config"}
{"level":"debug","ThroughputCap":131072000,"time":"2023-03-19T16:42:34Z","message":"Config"}
{"level":"debug","StragglerTolerance":1000,"time":"2023-03-19T16:42:34Z","message":"Config"}
{"level":"debug","BatchSizeIncrement":256,"time":"2023-03-19T16:42:34Z","message":"Config"}
{"level":"debug","Orderer":"Pbft","time":"2023-03-19T16:42:34Z","message":"Config"}
{"level":"debug","Manager":"Mir","time":"2023-03-19T16:42:34Z","message":"Config"}
{"level":"debug","Failures":0,"time":"2023-03-19T16:42:34Z","message":"Config"}
{"level":"debug","StragglerCnt":0,"time":"2023-03-19T16:42:34Z","message":"Config"}
{"level":"debug","CrashTiming":"Straggler","time":"2023-03-19T16:42:34Z","message":"Config"}
{"level":"debug","CheckpointInterval":256,"time":"2023-03-19T16:42:34Z","message":"Config"}
{"level":"debug","WatermarkWindowSize":256,"time":"2023-03-19T16:42:34Z","message":"Config"}
{"level":"debug","EpochLength":256,"time":"2023-03-19T16:42:34Z","message":"Config"}
{"level":"debug","SegmentLength":16,"time":"2023-03-19T16:42:34Z","message":"Config"}
{"level":"debug","WaitForCheckpoints":true,"time":"2023-03-19T16:42:34Z","message":"Config"}
{"level":"debug","ClientWatermarkWindowSize":16384,"time":"2023-03-19T16:42:34Z","message":"Config"}
{"level":"debug","ClientRequestBacklogSize":16384,"time":"2023-03-19T16:42:34Z","message":"Config"}
{"level":"debug","RandomSeed":27041,"time":"2023-03-19T16:42:34Z","message":"Config"}
{"level":"debug","NodeToLeaderRatio":1,"time":"2023-03-19T16:42:34Z","message":"Config"}
{"level":"debug","LeaderPolicy":"Simple","time":"2023-03-19T16:42:34Z","message":"Config"}
{"level":"debug","DefaultLeaderBan":2,"time":"2023-03-19T16:42:34Z","message":"Config"}
{"level":"debug","NumBuckets":256,"time":"2023-03-19T16:42:34Z","message":"Config"}
{"level":"debug","BatchSize":1000,"time":"2023-03-19T16:42:34Z","message":"Config"}
{"level":"debug","DisabledViewChange":false,"time":"2023-03-19T16:42:34Z","message":"Config"}
{"level":"debug","ViewChangeTimeout":60000,"time":"2023-03-19T16:42:34Z","message":"Config"}
{"level":"debug","ClientTraceSampling":10,"time":"2023-03-19T16:42:34Z","message":"Config"}
{"level":"debug","EventBufferSize":2097152,"time":"2023-03-19T16:42:34Z","message":"Config"}
{"level":"debug","TraceSampling":1,"time":"2023-03-19T16:42:34Z","message":"Config"}
{"level":"debug","ClientsPerProcess":8,"time":"2023-03-19T16:42:34Z","message":"Config"}
{"level":"debug","RequestsPerClient":11718,"time":"2023-03-19T16:42:34Z","message":"Config"}
{"level":"debug","ClientRunTime":15000,"time":"2023-03-19T16:42:34Z","message":"Config"}
{"level":"debug","RequestRate":390,"time":"2023-03-19T16:42:34Z","message":"Config"}
{"level":"debug","HardRequestRateLimit":false,"time":"2023-03-19T16:42:34Z","message":"Config"}
{"level":"debug","RequestPayloadSize":500,"time":"2023-03-19T16:42:34Z","message":"Config"}
{"level":"debug","SignRequests":true,"time":"2023-03-19T16:42:34Z","message":"Config"}
{"level":"debug","ClientPrivKeyFile":"tls-data/client-ecdsa-256.key","time":"2023-03-19T16:42:34Z","message":"Config"}
{"level":"debug","ClientPubKeyFile":"tls-data/client-ecdsa-256.pem","time":"2023-03-19T16:42:34Z","message":"Config"}
{"level":"debug","PrecomputeRequests":false,"time":"2023-03-19T16:42:34Z","message":"Config"}
{"level":"debug","RequestHandlerThreads":32,"time":"2023-03-19T16:42:34Z","message":"Config"}
{"level":"debug","RequestInputChannelBuffer":8192,"time":"2023-03-19T16:42:34Z","message":"Config"}
{"level":"debug","BatchVerifier":"external","time":"2023-03-19T16:42:34Z","message":"Config"}
16:42:34.325 INF Started Profiler: CPU
16:42:34.325 INF Started Profiler: BLOCK
16:42:34.325 INF Started Profiler: MUTEX
16:42:34.325 INF Starting clients. numClients=8 numRequests=11718
16:42:34.325 INF Initilizing clients.
16:42:34.721 INF Registared with discovery server. numOrderers=16 ownClientId=130
16:42:34.723 INF Registared with discovery server. numOrderers=16 ownClientId=147
16:42:34.724 INF Registared with discovery server. numOrderers=16 ownClientId=157
16:42:34.725 INF Registared with discovery server. numOrderers=16 ownClientId=151
16:42:34.725 INF Registared with discovery server. numOrderers=16 ownClientId=154
16:42:34.729 INF Registared with discovery server. numOrderers=16 ownClientId=179
16:42:34.730 INF Registared with discovery server. numOrderers=16 ownClientId=188
16:42:34.730 INF Registared with discovery server. numOrderers=16 ownClientId=190
16:42:34.730 INF Clients initialized.
16:42:34.730 INF Launching clients.
16:42:34.730 INF Waiting for clients.
16:42:52.854 INF Stopping Tracer. events=2784 fileName=experiment-output/0006/slave-044/client-190.trc
zerolog: could not write event: write experiment-output/0006/slave-044/client-190.log: file already closed
zerolog: could not write event: write experiment-output/0006/slave-044/client-190.log: file already closed
zerolog: could not write event: write experiment-output/0006/slave-044/client-190.log: file already closed
zerolog: could not write event: write experiment-output/0006/slave-044/client-190.log: file already closed
16:42:52.858 INF Trace data written.
16:42:52.860 INF Stopping Tracer. events=3066 fileName=experiment-output/0006/slave-044/client-151.trc
zerolog: could not write event: write experiment-output/0006/slave-044/client-151.log: file already closed
zerolog: could not write event: write experiment-output/0006/slave-044/client-151.log: file already closed
zerolog: could not write event: write experiment-output/0006/slave-044/client-151.log: file already closed
zerolog: could not write event: write experiment-output/0006/slave-044/client-151.log: file already closed
16:42:52.861 INF Stopping Tracer. events=3030 fileName=experiment-output/0006/slave-044/client-179.trc
16:42:52.861 INF Stopping Tracer. events=2774 fileName=experiment-output/0006/slave-044/client-154.trc
16:42:52.861 INF Stopping Tracer. events=2793 fileName=experiment-output/0006/slave-044/client-188.trc
zerolog: could not write event: write experiment-output/0006/slave-044/client-179.log: file already closed
zerolog: could not write event: write experiment-output/0006/slave-044/client-179.log: file already closed
zerolog: could not write event: write experiment-output/0006/slave-044/client-154.log: file already closed
zerolog: could not write event: write experiment-output/0006/slave-044/client-154.log: file already closed
zerolog: could not write event: write experiment-output/0006/slave-044/client-188.log: file already closed
zerolog: could not write event: write experiment-output/0006/slave-044/client-188.log: file already closed
zerolog: could not write event: write experiment-output/0006/slave-044/client-188.log: file already closed
zerolog: could not write event: write experiment-output/0006/slave-044/client-179.log: file already closed
zerolog: could not write event: write experiment-output/0006/slave-044/client-154.log: file already closed
zerolog: could not write event: write experiment-output/0006/slave-044/client-179.log: file already closed
zerolog: could not write event: write experiment-output/0006/slave-044/client-154.log: file already closed
zerolog: could not write event: write experiment-output/0006/slave-044/client-188.log: file already closed
16:42:52.864 INF Stopping Tracer. events=2748 fileName=experiment-output/0006/slave-044/client-130.trc
16:42:52.864 INF Stopping Tracer. events=3105 fileName=experiment-output/0006/slave-044/client-147.trc
16:42:52.865 INF Stopping Tracer. events=3058 fileName=experiment-output/0006/slave-044/client-157.trc
zerolog: could not write event: write experiment-output/0006/slave-044/client-147.log: file already closed
zerolog: could not write event: write experiment-output/0006/slave-044/client-147.log: file already closed
zerolog: could not write event: write experiment-output/0006/slave-044/client-147.log: file already closed
zerolog: could not write event: write experiment-output/0006/slave-044/client-130.log: file already closed
zerolog: could not write event: write experiment-output/0006/slave-044/client-130.log: file already closed
zerolog: could not write event: write experiment-output/0006/slave-044/client-130.log: file already closed
zerolog: could not write event: write experiment-output/0006/slave-044/client-147.log: file already closed
zerolog: could not write event: write experiment-output/0006/slave-044/client-157.log: file already closed
zerolog: could not write event: write experiment-output/0006/slave-044/client-157.log: file already closed
zerolog: could not write event: write experiment-output/0006/slave-044/client-130.log: file already closed
zerolog: could not write event: write experiment-output/0006/slave-044/client-157.log: file already closed
zerolog: could not write event: write experiment-output/0006/slave-044/client-157.log: file already closed
16:42:52.867 INF Trace data written.
16:42:52.868 INF Trace data written.
16:42:52.868 INF Trace data written.
16:42:52.869 INF Trace data written.
16:42:52.871 INF Trace data written.
16:42:52.871 INF Trace data written.
16:42:52.872 INF Trace data written.
16:42:52.872 INF Done.
16:42:52.872 INF Stopping profiler.
zerolog: could not write event: write experiment-output/0006/slave-044/client-190.log: file already closed
zerolog: could not write event: write experiment-output/0006/slave-044/client-190.log: file already closed
zerolog: could not write event: write experiment-output/0006/slave-044/client-190.log: file already closed
zerolog: could not write event: write experiment-output/0006/slave-044/client-190.log: file already closed
zerolog: could not write event: write experiment-output/0006/slave-044/client-154.log: file already closed
zerolog: could not write event: write experiment-output/0006/slave-044/client-179.log: file already closed
zerolog: could not write event: write experiment-output/0006/slave-044/client-154.log: file already closed
zerolog: could not write event: write experiment-output/0006/slave-044/client-179.log: file already closed
zerolog: could not write event: write experiment-output/0006/slave-044/client-179.log: file already closed
zerolog: could not write event: write experiment-output/0006/slave-044/client-188.log: file already closed
zerolog: could not write event: write experiment-output/0006/slave-044/client-130.log: file already closed
zerolog: could not write event: write experiment-output/0006/slave-044/client-147.log: file already closed
zerolog: could not write event: write experiment-output/0006/slave-044/client-130.log: file already closed
zerolog: could not write event: write experiment-output/0006/slave-044/client-130.log: file already closed
zerolog: could not write event: write experiment-output/0006/slave-044/client-147.log: file already closed
zerolog: could not write event: write experiment-output/0006/slave-044/client-157.log: file already closed
zerolog: could not write event: write experiment-output/0006/slave-044/client-151.log: file already closed
zerolog: could not write event: write experiment-output/0006/slave-044/client-151.log: file already closed
zerolog: could not write event: write experiment-output/0006/slave-044/client-151.log: file already closed
zerolog: could not write event: write experiment-output/0006/slave-044/client-151.log: file already closed
zerolog: could not write event: write experiment-output/0006/slave-044/client-179.log: file already closed
zerolog: could not write event: write experiment-output/0006/slave-044/client-188.log: file already closed
zerolog: could not write event: write experiment-output/0006/slave-044/client-188.log: file already closed
zerolog: could not write event: write experiment-output/0006/slave-044/client-154.log: file already closed
zerolog: could not write event: write experiment-output/0006/slave-044/client-188.log: file already closed
zerolog: could not write event: write experiment-output/0006/slave-044/client-154.log: file already closed
zerolog: could not write event: write experiment-output/0006/slave-044/client-130.log: file already closed
zerolog: could not write event: write experiment-output/0006/slave-044/client-157.log: file already closed
zerolog: could not write event: write experiment-output/0006/slave-044/client-147.log: file already closed
zerolog: could not write event: write experiment-output/0006/slave-044/client-147.log: file already closed
zerolog: could not write event: write experiment-output/0006/slave-044/client-157.log: file already closed
zerolog: could not write event: write experiment-output/0006/slave-044/client-157.log: file already closed
zerolog: could not write event: write experiment-output/0006/slave-044/client-190.log: file already closed
zerolog: could not write event: write experiment-output/0006/slave-044/client-190.log: file already closed
zerolog: could not write event: write experiment-output/0006/slave-044/client-190.log: file already closed
zerolog: could not write event: write experiment-output/0006/slave-044/client-190.log: file already closed
zerolog: could not write event: write experiment-output/0006/slave-044/client-151.log: file already closed
zerolog: could not write event: write experiment-output/0006/slave-044/client-151.log: file already closed
zerolog: could not write event: write experiment-output/0006/slave-044/client-151.log: file already closed
zerolog: could not write event: write experiment-output/0006/slave-044/client-154.log: file already closed
zerolog: could not write event: write experiment-output/0006/slave-044/client-188.log: file already closed
zerolog: could not write event: write experiment-output/0006/slave-044/client-179.log: file already closed
zerolog: could not write event: write experiment-output/0006/slave-044/client-151.log: file already closed
zerolog: could not write event: write experiment-output/0006/slave-044/client-179.log: file already closed
zerolog: could not write event: write experiment-output/0006/slave-044/client-154.log: file already closed
zerolog: could not write event: write experiment-output/0006/slave-044/client-154.log: file already closed
zerolog: could not write event: write experiment-output/0006/slave-044/client-179.log: file already closed
zerolog: could not write event: write experiment-output/0006/slave-044/client-154.log: file already closed
zerolog: could not write event: write experiment-output/0006/slave-044/client-188.log: file already closed
zerolog: could not write event: write experiment-output/0006/slave-044/client-188.log: file already closed
zerolog: could not write event: write experiment-output/0006/slave-044/client-188.log: file already closed
zerolog: could not write event: write experiment-output/0006/slave-044/client-179.log: file already closed
zerolog: could not write event: write experiment-output/0006/slave-044/client-147.log: file already closed
zerolog: could not write event: write experiment-output/0006/slave-044/client-130.log: file already closed
zerolog: could not write event: write experiment-output/0006/slave-044/client-147.log: file already closed
zerolog: could not write event: write experiment-output/0006/slave-044/client-130.log: file already closed
zerolog: could not write event: write experiment-output/0006/slave-044/client-130.log: file already closed
zerolog: could not write event: write experiment-output/0006/slave-044/client-157.log: file already closed
zerolog: could not write event: write experiment-output/0006/slave-044/client-147.log: file already closed
zerolog: could not write event: write experiment-output/0006/slave-044/client-157.log: file already closed
zerolog: could not write event: write experiment-output/0006/slave-044/client-130.log: file already closed
zerolog: could not write event: write experiment-output/0006/slave-044/client-157.log: file already closed
zerolog: could not write event: write experiment-output/0006/slave-044/client-147.log: file already closed
zerolog: could not write event: write experiment-output/0006/slave-044/client-157.log: file already closed
16:42:53.065 INF Profile data written. filename=experiment-output/0006/slave-044/prof-client.cpu name=cpu
zerolog: could not write event: write experiment-output/0006/slave-044/client-190.log: file already closed
zerolog: could not write event: write experiment-output/0006/slave-044/client-190.log: file already closed
zerolog: could not write event: write experiment-output/0006/slave-044/client-190.log: file already closed
zerolog: could not write event: write experiment-output/0006/slave-044/client-190.log: file already closed
zerolog: could not write event: write experiment-output/0006/slave-044/client-151.log: file already closed
zerolog: could not write event: write experiment-output/0006/slave-044/client-179.log: file already closed
zerolog: could not write event: write experiment-output/0006/slave-044/client-154.log: file already closed
zerolog: could not write event: write experiment-output/0006/slave-044/client-151.log: file already closed
zerolog: could not write event: write experiment-output/0006/slave-044/client-151.log: file already closed
zerolog: could not write event: write experiment-output/0006/slave-044/client-151.log: file already closed
zerolog: could not write event: write experiment-output/0006/slave-044/client-188.log: file already closed
zerolog: could not write event: write experiment-output/0006/slave-044/client-188.log: file already closed
zerolog: could not write event: write experiment-output/0006/slave-044/client-154.log: file already closed
zerolog: could not write event: write experiment-output/0006/slave-044/client-188.log: file already closed
zerolog: could not write event: write experiment-output/0006/slave-044/client-154.log: file already closed
zerolog: could not write event: write experiment-output/0006/slave-044/client-179.log: file already closed
zerolog: could not write event: write experiment-output/0006/slave-044/client-179.log: file already closed
zerolog: could not write event: write experiment-output/0006/slave-044/client-188.log: file already closed
zerolog: could not write event: write experiment-output/0006/slave-044/client-154.log: file already closed
zerolog: could not write event: write experiment-output/0006/slave-044/client-179.log: file already closed
zerolog: could not write event: write experiment-output/0006/slave-044/client-157.log: file already closed
zerolog: could not write event: write experiment-output/0006/slave-044/client-147.log: file already closed
zerolog: could not write event: write experiment-output/0006/slave-044/client-130.log: file already closed
zerolog: could not write event: write experiment-output/0006/slave-044/client-130.log: file already closed
zerolog: could not write event: write experiment-output/0006/slave-044/client-130.log: file already closed
zerolog: could not write event: write experiment-output/0006/slave-044/client-147.log: file already closed
zerolog: could not write event: write experiment-output/0006/slave-044/client-147.log: file already closed
zerolog: could not write event: write experiment-output/0006/slave-044/client-157.log: file already closed
zerolog: could not write event: write experiment-output/0006/slave-044/client-157.log: file already closed
zerolog: could not write event: write experiment-output/0006/slave-044/client-130.log: file already closed
16:42:53.082 INF Profile data written. filename=experiment-output/0006/slave-044/prof-client.block name=block
zerolog: could not write event: write experiment-output/0006/slave-044/client-157.log: file already closed
zerolog: could not write event: write experiment-output/0006/slave-044/client-147.log: file already closed
16:42:53.089 INF Profile data written. filename=experiment-output/0006/slave-044/prof-client.mutex name=mutex
