{"level":"debug","Logging":"info","time":"2023-03-21T08:19:54Z","message":"Config"}
{"level":"debug","UseTLS":false,"time":"2023-03-21T08:19:54Z","message":"Config"}
{"level":"debug","CACertFile":"tls-data/ca.pem","time":"2023-03-21T08:19:54Z","message":"Config"}
{"level":"debug","KeyFile":"tls-data/auth.key","time":"2023-03-21T08:19:54Z","message":"Config"}
{"level":"debug","CertFile":"tls-data/auth.pem","time":"2023-03-21T08:19:54Z","message":"Config"}
{"level":"debug","PriorityConnections":2,"time":"2023-03-21T08:19:54Z","message":"Config"}
{"level":"debug","BasicConnections":1,"time":"2023-03-21T08:19:54Z","message":"Config"}
{"level":"debug","TestConnections":false,"time":"2023-03-21T08:19:54Z","message":"Config"}
{"level":"debug","ExcessConnections":1,"time":"2023-03-21T08:19:54Z","message":"Config"}
{"level":"debug","ConnectionTestMsgs":4,"time":"2023-03-21T08:19:54Z","message":"Config"}
{"level":"debug","ConnectionTestPayload":131072,"time":"2023-03-21T08:19:54Z","message":"Config"}
{"level":"debug","OutMessageBufsize":1024,"time":"2023-03-21T08:19:54Z","message":"Config"}
{"level":"debug","OutMessageBufsize":4,"time":"2023-03-21T08:19:54Z","message":"Config"}
{"level":"debug","ThroughputCap":131072000,"time":"2023-03-21T08:19:54Z","message":"Config"}
{"level":"debug","StragglerTolerance":1000,"time":"2023-03-21T08:19:54Z","message":"Config"}
{"level":"debug","BatchSizeIncrement":256,"time":"2023-03-21T08:19:54Z","message":"Config"}
{"level":"debug","Orderer":"Pbft","time":"2023-03-21T08:19:54Z","message":"Config"}
{"level":"debug","Manager":"Mir","time":"2023-03-21T08:19:54Z","message":"Config"}
{"level":"debug","Failures":0,"time":"2023-03-21T08:19:54Z","message":"Config"}
{"level":"debug","StragglerCnt":1,"time":"2023-03-21T08:19:54Z","message":"Config"}
{"level":"debug","PrivKeyCnt":10,"time":"2023-03-21T08:19:54Z","message":"Config"}
{"level":"debug","UseSig":false,"time":"2023-03-21T08:19:54Z","message":"Config"}
{"level":"debug","TnCheckpointCnt":3,"time":"2023-03-21T08:19:54Z","message":"Config"}
{"level":"debug","CrashTiming":"Straggler","time":"2023-03-21T08:19:54Z","message":"Config"}
{"level":"debug","CheckpointInterval":256,"time":"2023-03-21T08:19:54Z","message":"Config"}
{"level":"debug","WatermarkWindowSize":256,"time":"2023-03-21T08:19:54Z","message":"Config"}
{"level":"debug","EpochLength":256,"time":"2023-03-21T08:19:54Z","message":"Config"}
{"level":"debug","SegmentLength":16,"time":"2023-03-21T08:19:54Z","message":"Config"}
{"level":"debug","WaitForCheckpoints":true,"time":"2023-03-21T08:19:54Z","message":"Config"}
{"level":"debug","ClientWatermarkWindowSize":16384,"time":"2023-03-21T08:19:54Z","message":"Config"}
{"level":"debug","ClientRequestBacklogSize":16384,"time":"2023-03-21T08:19:54Z","message":"Config"}
{"level":"debug","RandomSeed":23281,"time":"2023-03-21T08:19:54Z","message":"Config"}
{"level":"debug","NodeToLeaderRatio":1,"time":"2023-03-21T08:19:54Z","message":"Config"}
{"level":"debug","LeaderPolicy":"Simple","time":"2023-03-21T08:19:54Z","message":"Config"}
{"level":"debug","DefaultLeaderBan":2,"time":"2023-03-21T08:19:54Z","message":"Config"}
{"level":"debug","NumBuckets":256,"time":"2023-03-21T08:19:54Z","message":"Config"}
{"level":"debug","BatchSize":1000,"time":"2023-03-21T08:19:54Z","message":"Config"}
{"level":"debug","DisabledViewChange":false,"time":"2023-03-21T08:19:54Z","message":"Config"}
{"level":"debug","ViewChangeTimeout":60000,"time":"2023-03-21T08:19:54Z","message":"Config"}
{"level":"debug","ClientTraceSampling":10,"time":"2023-03-21T08:19:54Z","message":"Config"}
{"level":"debug","EventBufferSize":2097152,"time":"2023-03-21T08:19:54Z","message":"Config"}
{"level":"debug","TraceSampling":1,"time":"2023-03-21T08:19:54Z","message":"Config"}
{"level":"debug","ClientsPerProcess":8,"time":"2023-03-21T08:19:54Z","message":"Config"}
{"level":"debug","RequestsPerClient":9375,"time":"2023-03-21T08:19:54Z","message":"Config"}
{"level":"debug","ClientRunTime":15000,"time":"2023-03-21T08:19:54Z","message":"Config"}
{"level":"debug","RequestRate":312,"time":"2023-03-21T08:19:54Z","message":"Config"}
{"level":"debug","HardRequestRateLimit":false,"time":"2023-03-21T08:19:54Z","message":"Config"}
{"level":"debug","RequestPayloadSize":500,"time":"2023-03-21T08:19:54Z","message":"Config"}
{"level":"debug","SignRequests":true,"time":"2023-03-21T08:19:54Z","message":"Config"}
{"level":"debug","ClientPrivKeyFile":"tls-data/client-ecdsa-256.key","time":"2023-03-21T08:19:54Z","message":"Config"}
{"level":"debug","ClientPubKeyFile":"tls-data/client-ecdsa-256.pem","time":"2023-03-21T08:19:54Z","message":"Config"}
{"level":"debug","PrecomputeRequests":false,"time":"2023-03-21T08:19:54Z","message":"Config"}
{"level":"debug","RequestHandlerThreads":32,"time":"2023-03-21T08:19:54Z","message":"Config"}
{"level":"debug","RequestInputChannelBuffer":8192,"time":"2023-03-21T08:19:54Z","message":"Config"}
{"level":"debug","BatchVerifier":"external","time":"2023-03-21T08:19:54Z","message":"Config"}
08:19:54.369 INF Started Profiler: CPU
08:19:54.369 INF Started Profiler: BLOCK
08:19:54.369 INF Started Profiler: MUTEX
08:19:54.369 INF Starting clients. numClients=8 numRequests=9375
08:19:54.369 INF Initilizing clients.
08:19:54.766 INF Registared with discovery server. numOrderers=16 ownClientId=150
08:19:54.766 INF Registared with discovery server. numOrderers=16 ownClientId=145
08:19:54.766 INF Registared with discovery server. numOrderers=16 ownClientId=151
08:19:54.766 INF Registared with discovery server. numOrderers=16 ownClientId=148
08:19:54.767 INF Registared with discovery server. numOrderers=16 ownClientId=154
08:19:54.768 INF Registared with discovery server. numOrderers=16 ownClientId=178
08:19:54.769 INF Registared with discovery server. numOrderers=16 ownClientId=167
08:19:54.771 INF Registared with discovery server. numOrderers=16 ownClientId=190
08:19:54.771 INF Clients initialized.
08:19:54.771 INF Launching clients.
08:19:54.771 INF Waiting for clients.
08:21:26.916 INF Stopping Tracer. events=2312 fileName=experiment-output/0001/slave-041/client-178.trc
zerolog: could not write event: write experiment-output/0001/slave-041/client-178.log: file already closed
zerolog: could not write event: write experiment-output/0001/slave-041/client-178.log: file already closed
zerolog: could not write event: write experiment-output/0001/slave-041/client-178.log: file already closed
zerolog: could not write event: write experiment-output/0001/slave-041/client-178.log: file already closed
08:21:26.920 INF Trace data written.
08:21:26.924 INF Stopping Tracer. events=2331 fileName=experiment-output/0001/slave-041/client-145.trc
zerolog: could not write event: write experiment-output/0001/slave-041/client-145.log: file already closed
zerolog: could not write event: write experiment-output/0001/slave-041/client-145.log: file already closed
zerolog: could not write event: write experiment-output/0001/slave-041/client-145.log: file already closed
zerolog: could not write event: write experiment-output/0001/slave-041/client-145.log: file already closed
08:21:26.925 INF Stopping Tracer. events=2218 fileName=experiment-output/0001/slave-041/client-190.trc
zerolog: could not write event: write experiment-output/0001/slave-041/client-190.log: file already closed
zerolog: could not write event: write experiment-output/0001/slave-041/client-190.log: file already closed
zerolog: could not write event: write experiment-output/0001/slave-041/client-190.log: file already closed
zerolog: could not write event: write experiment-output/0001/slave-041/client-190.log: file already closed
08:21:26.930 INF Trace data written.
08:21:26.930 INF Trace data written.
08:21:26.934 INF Stopping Tracer. events=2278 fileName=experiment-output/0001/slave-041/client-154.trc
08:21:26.934 INF Stopping Tracer. events=2443 fileName=experiment-output/0001/slave-041/client-167.trc
08:21:26.934 INF Stopping Tracer. events=2281 fileName=experiment-output/0001/slave-041/client-148.trc
zerolog: could not write event: write experiment-output/0001/slave-041/client-154.log: file already closed
zerolog: could not write event: write experiment-output/0001/slave-041/client-154.log: file already closed
zerolog: could not write event: write experiment-output/0001/slave-041/client-154.log: file already closed
zerolog: could not write event: write experiment-output/0001/slave-041/client-154.log: file already closed
zerolog: could not write event: write experiment-output/0001/slave-041/client-167.log: file already closed
zerolog: could not write event: write experiment-output/0001/slave-041/client-167.log: file already closed
zerolog: could not write event: write experiment-output/0001/slave-041/client-167.log: file already closed
zerolog: could not write event: write experiment-output/0001/slave-041/client-167.log: file already closed
zerolog: could not write event: write experiment-output/0001/slave-041/client-148.log: file already closed
zerolog: could not write event: write experiment-output/0001/slave-041/client-148.log: file already closed
zerolog: could not write event: write experiment-output/0001/slave-041/client-148.log: file already closed
zerolog: could not write event: write experiment-output/0001/slave-041/client-148.log: file already closed
08:21:26.939 INF Trace data written.
08:21:26.940 INF Trace data written.
08:21:26.940 INF Trace data written.
08:21:26.940 INF Stopping Tracer. events=2268 fileName=experiment-output/0001/slave-041/client-150.trc
zerolog: could not write event: write experiment-output/0001/slave-041/client-150.log: file already closed
zerolog: could not write event: write experiment-output/0001/slave-041/client-150.log: file already closed
zerolog: could not write event: write experiment-output/0001/slave-041/client-150.log: file already closed
zerolog: could not write event: write experiment-output/0001/slave-041/client-150.log: file already closed
08:21:26.943 INF Stopping Tracer. events=2264 fileName=experiment-output/0001/slave-041/client-151.trc
zerolog: could not write event: write experiment-output/0001/slave-041/client-151.log: file already closed
zerolog: could not write event: write experiment-output/0001/slave-041/client-151.log: file already closed
zerolog: could not write event: write experiment-output/0001/slave-041/client-151.log: file already closed
zerolog: could not write event: write experiment-output/0001/slave-041/client-151.log: file already closed
08:21:26.945 INF Trace data written.
08:21:26.947 INF Trace data written.
08:21:26.948 INF Done.
08:21:26.948 INF Stopping profiler.
zerolog: could not write event: write experiment-output/0001/slave-041/client-178.log: file already closed
zerolog: could not write event: write experiment-output/0001/slave-041/client-145.log: file already closed
zerolog: could not write event: write experiment-output/0001/slave-041/client-145.log: file already closed
zerolog: could not write event: write experiment-output/0001/slave-041/client-190.log: file already closed
zerolog: could not write event: write experiment-output/0001/slave-041/client-145.log: file already closed
zerolog: could not write event: write experiment-output/0001/slave-041/client-190.log: file already closed
zerolog: could not write event: write experiment-output/0001/slave-041/client-178.log: file already closed
zerolog: could not write event: write experiment-output/0001/slave-041/client-178.log: file already closed
zerolog: could not write event: write experiment-output/0001/slave-041/client-178.log: file already closed
zerolog: could not write event: write experiment-output/0001/slave-041/client-148.log: file already closed
zerolog: could not write event: write experiment-output/0001/slave-041/client-167.log: file already closed
zerolog: could not write event: write experiment-output/0001/slave-041/client-154.log: file already closed
zerolog: could not write event: write experiment-output/0001/slave-041/client-154.log: file already closed
zerolog: could not write event: write experiment-output/0001/slave-041/client-154.log: file already closed
zerolog: could not write event: write experiment-output/0001/slave-041/client-167.log: file already closed
zerolog: could not write event: write experiment-output/0001/slave-041/client-167.log: file already closed
zerolog: could not write event: write experiment-output/0001/slave-041/client-190.log: file already closed
zerolog: could not write event: write experiment-output/0001/slave-041/client-190.log: file already closed
zerolog: could not write event: write experiment-output/0001/slave-041/client-145.log: file already closed
zerolog: could not write event: write experiment-output/0001/slave-041/client-150.log: file already closed
zerolog: could not write event: write experiment-output/0001/slave-041/client-150.log: file already closed
zerolog: could not write event: write experiment-output/0001/slave-041/client-151.log: file already closed
zerolog: could not write event: write experiment-output/0001/slave-041/client-178.log: file already closed
zerolog: could not write event: write experiment-output/0001/slave-041/client-178.log: file already closed
zerolog: could not write event: write experiment-output/0001/slave-041/client-178.log: file already closed
zerolog: could not write event: write experiment-output/0001/slave-041/client-148.log: file already closed
zerolog: could not write event: write experiment-output/0001/slave-041/client-148.log: file already closed
zerolog: could not write event: write experiment-output/0001/slave-041/client-178.log: file already closed
zerolog: could not write event: write experiment-output/0001/slave-041/client-154.log: file already closed
zerolog: could not write event: write experiment-output/0001/slave-041/client-148.log: file already closed
zerolog: could not write event: write experiment-output/0001/slave-041/client-167.log: file already closed
zerolog: could not write event: write experiment-output/0001/slave-041/client-150.log: file already closed
zerolog: could not write event: write experiment-output/0001/slave-041/client-145.log: file already closed
zerolog: could not write event: write experiment-output/0001/slave-041/client-150.log: file already closed
zerolog: could not write event: write experiment-output/0001/slave-041/client-190.log: file already closed
zerolog: could not write event: write experiment-output/0001/slave-041/client-145.log: file already closed
zerolog: could not write event: write experiment-output/0001/slave-041/client-151.log: file already closed
zerolog: could not write event: write experiment-output/0001/slave-041/client-145.log: file already closed
zerolog: could not write event: write experiment-output/0001/slave-041/client-190.log: file already closed
zerolog: could not write event: write experiment-output/0001/slave-041/client-190.log: file already closed
zerolog: could not write event: write experiment-output/0001/slave-041/client-190.log: file already closed
zerolog: could not write event: write experiment-output/0001/slave-041/client-145.log: file already closed
zerolog: could not write event: write experiment-output/0001/slave-041/client-151.log: file already closed
zerolog: could not write event: write experiment-output/0001/slave-041/client-151.log: file already closed
zerolog: could not write event: write experiment-output/0001/slave-041/client-154.log: file already closed
zerolog: could not write event: write experiment-output/0001/slave-041/client-148.log: file already closed
zerolog: could not write event: write experiment-output/0001/slave-041/client-148.log: file already closed
zerolog: could not write event: write experiment-output/0001/slave-041/client-154.log: file already closed
zerolog: could not write event: write experiment-output/0001/slave-041/client-154.log: file already closed
zerolog: could not write event: write experiment-output/0001/slave-041/client-167.log: file already closed
zerolog: could not write event: write experiment-output/0001/slave-041/client-167.log: file already closed
zerolog: could not write event: write experiment-output/0001/slave-041/client-154.log: file already closed
zerolog: could not write event: write experiment-output/0001/slave-041/client-167.log: file already closed
zerolog: could not write event: write experiment-output/0001/slave-041/client-167.log: file already closed
zerolog: could not write event: write experiment-output/0001/slave-041/client-148.log: file already closed
zerolog: could not write event: write experiment-output/0001/slave-041/client-148.log: file already closed
zerolog: could not write event: write experiment-output/0001/slave-041/client-150.log: file already closed
zerolog: could not write event: write experiment-output/0001/slave-041/client-150.log: file already closed
zerolog: could not write event: write experiment-output/0001/slave-041/client-150.log: file already closed
zerolog: could not write event: write experiment-output/0001/slave-041/client-150.log: file already closed
zerolog: could not write event: write experiment-output/0001/slave-041/client-151.log: file already closed
zerolog: could not write event: write experiment-output/0001/slave-041/client-151.log: file already closed
zerolog: could not write event: write experiment-output/0001/slave-041/client-151.log: file already closed
zerolog: could not write event: write experiment-output/0001/slave-041/client-151.log: file already closed
zerolog: could not write event: write experiment-output/0001/slave-041/client-178.log: file already closed
zerolog: could not write event: write experiment-output/0001/slave-041/client-178.log: file already closed
zerolog: could not write event: write experiment-output/0001/slave-041/client-178.log: file already closed
zerolog: could not write event: write experiment-output/0001/slave-041/client-178.log: file already closed
08:21:27.133 INF Profile data written. filename=experiment-output/0001/slave-041/prof-client.cpu name=cpu
zerolog: could not write event: write experiment-output/0001/slave-041/client-145.log: file already closed
zerolog: could not write event: write experiment-output/0001/slave-041/client-145.log: file already closed
zerolog: could not write event: write experiment-output/0001/slave-041/client-190.log: file already closed
zerolog: could not write event: write experiment-output/0001/slave-041/client-190.log: file already closed
zerolog: could not write event: write experiment-output/0001/slave-041/client-145.log: file already closed
zerolog: could not write event: write experiment-output/0001/slave-041/client-190.log: file already closed
zerolog: could not write event: write experiment-output/0001/slave-041/client-190.log: file already closed
zerolog: could not write event: write experiment-output/0001/slave-041/client-145.log: file already closed
zerolog: could not write event: write experiment-output/0001/slave-041/client-148.log: file already closed
zerolog: could not write event: write experiment-output/0001/slave-041/client-154.log: file already closed
zerolog: could not write event: write experiment-output/0001/slave-041/client-154.log: file already closed
zerolog: could not write event: write experiment-output/0001/slave-041/client-154.log: file already closed
zerolog: could not write event: write experiment-output/0001/slave-041/client-167.log: file already closed
zerolog: could not write event: write experiment-output/0001/slave-041/client-167.log: file already closed
zerolog: could not write event: write experiment-output/0001/slave-041/client-167.log: file already closed
zerolog: could not write event: write experiment-output/0001/slave-041/client-148.log: file already closed
zerolog: could not write event: write experiment-output/0001/slave-041/client-148.log: file already closed
zerolog: could not write event: write experiment-output/0001/slave-041/client-167.log: file already closed
zerolog: could not write event: write experiment-output/0001/slave-041/client-148.log: file already closed
zerolog: could not write event: write experiment-output/0001/slave-041/client-154.log: file already closed
08:21:27.152 INF Profile data written. filename=experiment-output/0001/slave-041/prof-client.block name=block
zerolog: could not write event: write experiment-output/0001/slave-041/client-150.log: file already closed
zerolog: could not write event: write experiment-output/0001/slave-041/client-150.log: file already closed
zerolog: could not write event: write experiment-output/0001/slave-041/client-150.log: file already closed
zerolog: could not write event: write experiment-output/0001/slave-041/client-150.log: file already closed
zerolog: could not write event: write experiment-output/0001/slave-041/client-151.log: file already closed
zerolog: could not write event: write experiment-output/0001/slave-041/client-151.log: file already closed
zerolog: could not write event: write experiment-output/0001/slave-041/client-151.log: file already closed
zerolog: could not write event: write experiment-output/0001/slave-041/client-151.log: file already closed
08:21:27.159 INF Profile data written. filename=experiment-output/0001/slave-041/prof-client.mutex name=mutex
