{"level":"debug","Logging":"info","time":"2023-03-30T18:40:29Z","message":"Config"}
{"level":"debug","UseTLS":false,"time":"2023-03-30T18:40:29Z","message":"Config"}
{"level":"debug","CACertFile":"tls-data/ca.pem","time":"2023-03-30T18:40:29Z","message":"Config"}
{"level":"debug","KeyFile":"tls-data/auth.key","time":"2023-03-30T18:40:29Z","message":"Config"}
{"level":"debug","CertFile":"tls-data/auth.pem","time":"2023-03-30T18:40:29Z","message":"Config"}
{"level":"debug","PriorityConnections":2,"time":"2023-03-30T18:40:29Z","message":"Config"}
{"level":"debug","BasicConnections":1,"time":"2023-03-30T18:40:29Z","message":"Config"}
{"level":"debug","TestConnections":false,"time":"2023-03-30T18:40:29Z","message":"Config"}
{"level":"debug","ExcessConnections":1,"time":"2023-03-30T18:40:29Z","message":"Config"}
{"level":"debug","ConnectionTestMsgs":4,"time":"2023-03-30T18:40:29Z","message":"Config"}
{"level":"debug","ConnectionTestPayload":131072,"time":"2023-03-30T18:40:29Z","message":"Config"}
{"level":"debug","OutMessageBufsize":1024,"time":"2023-03-30T18:40:29Z","message":"Config"}
{"level":"debug","OutMessageBufsize":4,"time":"2023-03-30T18:40:29Z","message":"Config"}
{"level":"debug","ThroughputCap":131072000,"time":"2023-03-30T18:40:29Z","message":"Config"}
{"level":"debug","StragglerTolerance":1000,"time":"2023-03-30T18:40:29Z","message":"Config"}
{"level":"debug","BatchSizeIncrement":256,"time":"2023-03-30T18:40:29Z","message":"Config"}
{"level":"debug","Orderer":"Pbft","time":"2023-03-30T18:40:29Z","message":"Config"}
{"level":"debug","Manager":"Mir","time":"2023-03-30T18:40:29Z","message":"Config"}
{"level":"debug","Failures":0,"time":"2023-03-30T18:40:29Z","message":"Config"}
{"level":"debug","StragglerCnt":4,"time":"2023-03-30T18:40:29Z","message":"Config"}
{"level":"debug","PrivKeyCnt":10,"time":"2023-03-30T18:40:29Z","message":"Config"}
{"level":"debug","UseSig":false,"time":"2023-03-30T18:40:29Z","message":"Config"}
{"level":"debug","CrashTiming":"Straggler","time":"2023-03-30T18:40:29Z","message":"Config"}
{"level":"debug","CheckpointInterval":1024,"time":"2023-03-30T18:40:29Z","message":"Config"}
{"level":"debug","WatermarkWindowSize":1024,"time":"2023-03-30T18:40:29Z","message":"Config"}
{"level":"debug","EpochLength":1024,"time":"2023-03-30T18:40:29Z","message":"Config"}
{"level":"debug","SegmentLength":64,"time":"2023-03-30T18:40:29Z","message":"Config"}
{"level":"debug","WaitForCheckpoints":true,"time":"2023-03-30T18:40:29Z","message":"Config"}
{"level":"debug","ClientWatermarkWindowSize":24576,"time":"2023-03-30T18:40:29Z","message":"Config"}
{"level":"debug","ClientRequestBacklogSize":24576,"time":"2023-03-30T18:40:29Z","message":"Config"}
{"level":"debug","RandomSeed":15175,"time":"2023-03-30T18:40:29Z","message":"Config"}
{"level":"debug","NodeToLeaderRatio":1,"time":"2023-03-30T18:40:29Z","message":"Config"}
{"level":"debug","LeaderPolicy":"Simple","time":"2023-03-30T18:40:29Z","message":"Config"}
{"level":"debug","DefaultLeaderBan":2,"time":"2023-03-30T18:40:29Z","message":"Config"}
{"level":"debug","NumBuckets":256,"time":"2023-03-30T18:40:29Z","message":"Config"}
{"level":"debug","BatchSize":1000,"time":"2023-03-30T18:40:29Z","message":"Config"}
{"level":"debug","DisabledViewChange":false,"time":"2023-03-30T18:40:29Z","message":"Config"}
{"level":"debug","ViewChangeTimeout":60000,"time":"2023-03-30T18:40:29Z","message":"Config"}
{"level":"debug","ClientTraceSampling":10,"time":"2023-03-30T18:40:29Z","message":"Config"}
{"level":"debug","EventBufferSize":2097152,"time":"2023-03-30T18:40:29Z","message":"Config"}
{"level":"debug","TraceSampling":1,"time":"2023-03-30T18:40:29Z","message":"Config"}
{"level":"debug","ClientsPerProcess":8,"time":"2023-03-30T18:40:29Z","message":"Config"}
{"level":"debug","RequestsPerClient":5859,"time":"2023-03-30T18:40:29Z","message":"Config"}
{"level":"debug","ClientRunTime":15000,"time":"2023-03-30T18:40:29Z","message":"Config"}
{"level":"debug","RequestRate":195,"time":"2023-03-30T18:40:29Z","message":"Config"}
{"level":"debug","HardRequestRateLimit":false,"time":"2023-03-30T18:40:29Z","message":"Config"}
{"level":"debug","RequestPayloadSize":500,"time":"2023-03-30T18:40:29Z","message":"Config"}
{"level":"debug","SignRequests":true,"time":"2023-03-30T18:40:29Z","message":"Config"}
{"level":"debug","ClientPrivKeyFile":"tls-data/client-ecdsa-256.key","time":"2023-03-30T18:40:29Z","message":"Config"}
{"level":"debug","ClientPubKeyFile":"tls-data/client-ecdsa-256.pem","time":"2023-03-30T18:40:29Z","message":"Config"}
{"level":"debug","PrecomputeRequests":false,"time":"2023-03-30T18:40:29Z","message":"Config"}
{"level":"debug","RequestHandlerThreads":32,"time":"2023-03-30T18:40:29Z","message":"Config"}
{"level":"debug","RequestInputChannelBuffer":8192,"time":"2023-03-30T18:40:29Z","message":"Config"}
{"level":"debug","BatchVerifier":"external","time":"2023-03-30T18:40:29Z","message":"Config"}
18:40:29.061 INF Started Profiler: CPU
18:40:29.061 INF Started Profiler: BLOCK
18:40:29.061 INF Started Profiler: MUTEX
18:40:29.061 INF Starting clients. numClients=8 numRequests=5859
18:40:29.061 INF Initilizing clients.
18:40:29.067 INF Registared with discovery server. numOrderers=16 ownClientId=6
18:40:29.068 INF Registared with discovery server. numOrderers=16 ownClientId=35
18:40:29.068 INF Registared with discovery server. numOrderers=16 ownClientId=43
18:40:29.068 INF Registared with discovery server. numOrderers=16 ownClientId=7
18:40:29.068 INF Registared with discovery server. numOrderers=16 ownClientId=44
18:40:29.069 INF Registared with discovery server. numOrderers=16 ownClientId=52
18:40:29.069 INF Registared with discovery server. numOrderers=16 ownClientId=56
18:40:29.069 INF Registared with discovery server. numOrderers=16 ownClientId=58
18:40:29.069 INF Clients initialized.
18:40:29.069 INF Launching clients.
18:40:29.069 INF Waiting for clients.
18:42:01.092 INF Stopping Tracer. events=1731 fileName=experiment-output/0000/slave-006/client-052.trc
zerolog: could not write event: write experiment-output/0000/slave-006/client-052.log: file already closed
zerolog: could not write event: write experiment-output/0000/slave-006/client-052.log: file already closed
zerolog: could not write event: write experiment-output/0000/slave-006/client-052.log: file already closed
zerolog: could not write event: write experiment-output/0000/slave-006/client-052.log: file already closed
18:42:01.095 INF Trace data written.
18:42:01.116 INF Stopping Tracer. events=1173 fileName=experiment-output/0000/slave-006/client-035.trc
18:42:01.116 INF Stopping Tracer. events=1883 fileName=experiment-output/0000/slave-006/client-044.trc
zerolog: could not write event: write experiment-output/0000/slave-006/client-035.log: file already closed
zerolog: could not write event: write experiment-output/0000/slave-006/client-035.log: file already closed
zerolog: could not write event: write experiment-output/0000/slave-006/client-035.log: file already closed
zerolog: could not write event: write experiment-output/0000/slave-006/client-035.log: file already closed
zerolog: could not write event: write experiment-output/0000/slave-006/client-044.log: file already closed
zerolog: could not write event: write experiment-output/0000/slave-006/client-044.log: file already closed
zerolog: could not write event: write experiment-output/0000/slave-006/client-044.log: file already closed
zerolog: could not write event: write experiment-output/0000/slave-006/client-044.log: file already closed
18:42:01.118 INF Trace data written.
18:42:01.120 INF Trace data written.
18:42:01.128 INF Stopping Tracer. events=1173 fileName=experiment-output/0000/slave-006/client-043.trc
zerolog: could not write event: write experiment-output/0000/slave-006/client-043.log: file already closed
zerolog: could not write event: write experiment-output/0000/slave-006/client-043.log: file already closed
zerolog: could not write event: write experiment-output/0000/slave-006/client-043.log: file already closed
zerolog: could not write event: write experiment-output/0000/slave-006/client-043.log: file already closed
18:42:01.128 INF Stopping Tracer. events=1746 fileName=experiment-output/0000/slave-006/client-058.trc
zerolog: could not write event: write experiment-output/0000/slave-006/client-058.log: file already closed
zerolog: could not write event: write experiment-output/0000/slave-006/client-058.log: file already closed
zerolog: could not write event: write experiment-output/0000/slave-006/client-058.log: file already closed
zerolog: could not write event: write experiment-output/0000/slave-006/client-058.log: file already closed
18:42:01.130 INF Trace data written.
18:42:01.131 INF Trace data written.
18:42:01.131 INF Stopping Tracer. events=1705 fileName=experiment-output/0000/slave-006/client-056.trc
zerolog: could not write event: write experiment-output/0000/slave-006/client-056.log: file already closed
zerolog: could not write event: write experiment-output/0000/slave-006/client-056.log: file already closed
zerolog: could not write event: write experiment-output/0000/slave-006/client-056.log: file already closed
zerolog: could not write event: write experiment-output/0000/slave-006/client-056.log: file already closed
18:42:01.135 INF Trace data written.
zerolog: could not write event: write experiment-output/0000/slave-006/client-052.log: file already closed
zerolog: could not write event: write experiment-output/0000/slave-006/client-052.log: file already closed
zerolog: could not write event: write experiment-output/0000/slave-006/client-052.log: file already closed
zerolog: could not write event: write experiment-output/0000/slave-006/client-052.log: file already closed
zerolog: could not write event: write experiment-output/0000/slave-006/client-044.log: file already closed
zerolog: could not write event: write experiment-output/0000/slave-006/client-044.log: file already closed
zerolog: could not write event: write experiment-output/0000/slave-006/client-035.log: file already closed
zerolog: could not write event: write experiment-output/0000/slave-006/client-044.log: file already closed
zerolog: could not write event: write experiment-output/0000/slave-006/client-044.log: file already closed
zerolog: could not write event: write experiment-output/0000/slave-006/client-035.log: file already closed
zerolog: could not write event: write experiment-output/0000/slave-006/client-035.log: file already closed
zerolog: could not write event: write experiment-output/0000/slave-006/client-035.log: file already closed
zerolog: could not write event: write experiment-output/0000/slave-006/client-043.log: file already closed
zerolog: could not write event: write experiment-output/0000/slave-006/client-043.log: file already closed
zerolog: could not write event: write experiment-output/0000/slave-006/client-043.log: file already closed
zerolog: could not write event: write experiment-output/0000/slave-006/client-043.log: file already closed
zerolog: could not write event: write experiment-output/0000/slave-006/client-058.log: file already closed
zerolog: could not write event: write experiment-output/0000/slave-006/client-058.log: file already closed
zerolog: could not write event: write experiment-output/0000/slave-006/client-058.log: file already closed
zerolog: could not write event: write experiment-output/0000/slave-006/client-058.log: file already closed
zerolog: could not write event: write experiment-output/0000/slave-006/client-052.log: file already closed
zerolog: could not write event: write experiment-output/0000/slave-006/client-052.log: file already closed
zerolog: could not write event: write experiment-output/0000/slave-006/client-056.log: file already closed
zerolog: could not write event: write experiment-output/0000/slave-006/client-056.log: file already closed
zerolog: could not write event: write experiment-output/0000/slave-006/client-056.log: file already closed
zerolog: could not write event: write experiment-output/0000/slave-006/client-056.log: file already closed
zerolog: could not write event: write experiment-output/0000/slave-006/client-052.log: file already closed
zerolog: could not write event: write experiment-output/0000/slave-006/client-052.log: file already closed
zerolog: could not write event: write experiment-output/0000/slave-006/client-035.log: file already closed
zerolog: could not write event: write experiment-output/0000/slave-006/client-044.log: file already closed
zerolog: could not write event: write experiment-output/0000/slave-006/client-044.log: file already closed
zerolog: could not write event: write experiment-output/0000/slave-006/client-044.log: file already closed
zerolog: could not write event: write experiment-output/0000/slave-006/client-035.log: file already closed
zerolog: could not write event: write experiment-output/0000/slave-006/client-035.log: file already closed
zerolog: could not write event: write experiment-output/0000/slave-006/client-044.log: file already closed
zerolog: could not write event: write experiment-output/0000/slave-006/client-035.log: file already closed
zerolog: could not write event: write experiment-output/0000/slave-006/client-043.log: file already closed
zerolog: could not write event: write experiment-output/0000/slave-006/client-043.log: file already closed
zerolog: could not write event: write experiment-output/0000/slave-006/client-058.log: file already closed
zerolog: could not write event: write experiment-output/0000/slave-006/client-043.log: file already closed
zerolog: could not write event: write experiment-output/0000/slave-006/client-043.log: file already closed
zerolog: could not write event: write experiment-output/0000/slave-006/client-058.log: file already closed
zerolog: could not write event: write experiment-output/0000/slave-006/client-058.log: file already closed
zerolog: could not write event: write experiment-output/0000/slave-006/client-058.log: file already closed
zerolog: could not write event: write experiment-output/0000/slave-006/client-056.log: file already closed
zerolog: could not write event: write experiment-output/0000/slave-006/client-056.log: file already closed
zerolog: could not write event: write experiment-output/0000/slave-006/client-056.log: file already closed
zerolog: could not write event: write experiment-output/0000/slave-006/client-056.log: file already closed
zerolog: could not write event: write experiment-output/0000/slave-006/client-052.log: file already closed
zerolog: could not write event: write experiment-output/0000/slave-006/client-052.log: file already closed
zerolog: could not write event: write experiment-output/0000/slave-006/client-052.log: file already closed
zerolog: could not write event: write experiment-output/0000/slave-006/client-052.log: file already closed
zerolog: could not write event: write experiment-output/0000/slave-006/client-044.log: file already closed
zerolog: could not write event: write experiment-output/0000/slave-006/client-044.log: file already closed
zerolog: could not write event: write experiment-output/0000/slave-006/client-035.log: file already closed
zerolog: could not write event: write experiment-output/0000/slave-006/client-044.log: file already closed
zerolog: could not write event: write experiment-output/0000/slave-006/client-035.log: file already closed
zerolog: could not write event: write experiment-output/0000/slave-006/client-035.log: file already closed
zerolog: could not write event: write experiment-output/0000/slave-006/client-035.log: file already closed
zerolog: could not write event: write experiment-output/0000/slave-006/client-044.log: file already closed
zerolog: could not write event: write experiment-output/0000/slave-006/client-043.log: file already closed
zerolog: could not write event: write experiment-output/0000/slave-006/client-043.log: file already closed
zerolog: could not write event: write experiment-output/0000/slave-006/client-058.log: file already closed
zerolog: could not write event: write experiment-output/0000/slave-006/client-043.log: file already closed
zerolog: could not write event: write experiment-output/0000/slave-006/client-043.log: file already closed
zerolog: could not write event: write experiment-output/0000/slave-006/client-058.log: file already closed
zerolog: could not write event: write experiment-output/0000/slave-006/client-058.log: file already closed
zerolog: could not write event: write experiment-output/0000/slave-006/client-058.log: file already closed
zerolog: could not write event: write experiment-output/0000/slave-006/client-056.log: file already closed
zerolog: could not write event: write experiment-output/0000/slave-006/client-056.log: file already closed
zerolog: could not write event: write experiment-output/0000/slave-006/client-056.log: file already closed
zerolog: could not write event: write experiment-output/0000/slave-006/client-056.log: file already closed
18:42:11.122 INF Stopping Tracer. events=1173 fileName=experiment-output/0000/slave-006/client-007.trc
zerolog: could not write event: write experiment-output/0000/slave-006/client-007.log: file already closed
zerolog: could not write event: write experiment-output/0000/slave-006/client-007.log: file already closed
zerolog: could not write event: write experiment-output/0000/slave-006/client-007.log: file already closed
zerolog: could not write event: write experiment-output/0000/slave-006/client-007.log: file already closed
18:42:11.124 INF Trace data written.
18:42:11.133 INF Stopping Tracer. events=1742 fileName=experiment-output/0000/slave-006/client-006.trc
zerolog: could not write event: write experiment-output/0000/slave-006/client-006.log: file already closed
zerolog: could not write event: write experiment-output/0000/slave-006/client-006.log: file already closed
zerolog: could not write event: write experiment-output/0000/slave-006/client-006.log: file already closed
zerolog: could not write event: write experiment-output/0000/slave-006/client-006.log: file already closed
18:42:11.136 INF Trace data written.
18:42:11.136 INF Done.
18:42:11.136 INF Stopping profiler.
18:42:11.141 INF Profile data written. filename=experiment-output/0000/slave-006/prof-client.cpu name=cpu
18:42:11.153 INF Profile data written. filename=experiment-output/0000/slave-006/prof-client.block name=block
18:42:11.160 INF Profile data written. filename=experiment-output/0000/slave-006/prof-client.mutex name=mutex
