05:47:30.489 INF Connecting to orderer. addrStr=44.203.160.201:10165 peerId=15
05:47:30.489 INF Connecting to orderer. addrStr=54.235.23.42:10000 peerId=0
05:47:30.489 INF Connecting to orderer. addrStr=3.208.18.63:10011 peerId=1
05:47:30.489 INF Connecting to orderer. addrStr=54.226.69.46:10099 peerId=9
05:47:30.489 INF Connecting to orderer. addrStr=54.86.156.45:10110 peerId=10
05:47:30.489 INF Connecting to orderer. addrStr=34.226.205.65:10121 peerId=11
05:47:30.490 INF Connecting to orderer. addrStr=34.235.116.31:10033 peerId=3
05:47:30.490 INF Connecting to orderer. addrStr=54.82.28.167:10044 peerId=4
05:47:30.490 INF Connecting to orderer. addrStr=34.238.44.54:10132 peerId=12
05:47:30.490 INF Connecting to orderer. addrStr=52.206.32.20:10143 peerId=13
05:47:30.490 INF Connecting to orderer. addrStr=184.72.210.130:10055 peerId=5
05:47:30.490 INF Connecting to orderer. addrStr=54.89.253.234:10066 peerId=6
05:47:30.490 INF Connecting to orderer. addrStr=34.226.192.1:10154 peerId=14
05:47:30.490 INF Connecting to orderer. addrStr=54.164.59.77:10077 peerId=7
05:47:30.489 INF Connecting to orderer. addrStr=3.95.174.110:10022 peerId=2
05:47:30.549 INF Connected to orderer. addrStr=54.89.253.234:10066 id=6
05:47:30.552 INF Connected to orderer. addrStr=52.206.32.20:10143 id=13
05:47:30.490 INF Connecting to orderer. addrStr=3.92.77.188:10088 peerId=8
05:47:30.552 INF Connected to orderer. addrStr=44.203.160.201:10165 id=15
05:47:30.553 INF Connected to orderer. addrStr=34.235.116.31:10033 id=3
05:47:30.553 INF Connected to orderer. addrStr=54.86.156.45:10110 id=10
05:47:30.553 INF Connected to orderer. addrStr=3.95.174.110:10022 id=2
05:47:30.554 INF Connected to orderer. addrStr=54.226.69.46:10099 id=9
05:47:30.554 INF Connected to orderer. addrStr=184.72.210.130:10055 id=5
05:47:30.555 INF Connected to orderer. addrStr=34.226.192.1:10154 id=14
05:47:30.595 INF Connected to orderer. addrStr=54.82.28.167:10044 id=4
05:47:30.595 INF Connected to orderer. addrStr=54.235.23.42:10000 id=0
05:47:30.595 INF Connected to orderer. addrStr=54.164.59.77:10077 id=7
05:47:30.596 INF Connected to orderer. addrStr=3.208.18.63:10011 id=1
05:47:30.596 INF Connected to orderer. addrStr=3.92.77.188:10088 id=8
05:47:30.596 INF Connected to orderer. addrStr=34.238.44.54:10132 id=12
05:47:30.596 INF Connected to orderer. addrStr=34.226.205.65:10121 id=11
05:47:30.600 INF Connected to orderers.
05:47:30.607 INF Updating bucket assignment. epoch=0
05:47:30.607 INF Resubmitted Requests. epoch=0 n=0
05:47:30.610 INF Setting up client timeout. clientRunTime=15000
05:47:30.610 INF Starting to submit requests. numRequests=240
05:47:30.610 INF Submitted request. clSeqNr=0
05:47:30.736 INF Submitted request. clSeqNr=1
05:47:30.860 INF Submitted request. clSeqNr=2
05:47:30.986 INF Submitted request. clSeqNr=3
05:47:31.111 INF Submitted request. clSeqNr=4
05:47:31.235 INF Submitted request. clSeqNr=5
05:47:31.361 INF Submitted request. clSeqNr=6
05:47:31.486 INF Submitted request. clSeqNr=7
05:47:31.611 INF Submitted request. clSeqNr=8
05:47:31.736 INF Submitted request. clSeqNr=9
05:47:31.860 INF Submitted request. clSeqNr=10
05:47:31.985 INF Submitted request. clSeqNr=11
05:47:32.111 INF Submitted request. clSeqNr=12
05:47:32.236 INF Submitted request. clSeqNr=13
05:47:32.361 INF Submitted request. clSeqNr=14
05:47:32.486 INF Submitted request. clSeqNr=15
05:47:32.610 INF Submitted request. clSeqNr=16
05:47:32.735 INF Submitted request. clSeqNr=17
05:47:32.861 INF Submitted request. clSeqNr=18
05:47:32.986 INF Submitted request. clSeqNr=19
05:47:33.111 INF Submitted request. clSeqNr=20
05:47:33.235 INF Submitted request. clSeqNr=21
05:47:33.361 INF Submitted request. clSeqNr=22
05:47:33.453 INF Request finished (out of order). clSeqNr=5
05:47:33.453 INF Request finished (out of order). clSeqNr=6
05:47:33.454 INF Request finished (out of order). clSeqNr=0
05:47:33.454 INF Request delivered (in order). clSeqNr=0
05:47:33.454 INF Request finished (out of order). clSeqNr=1
05:47:33.455 INF Request delivered (in order). clSeqNr=1
05:47:33.455 INF Request finished (out of order). clSeqNr=2
05:47:33.455 INF Request delivered (in order). clSeqNr=2
05:47:33.455 INF Request finished (out of order). clSeqNr=3
05:47:33.455 INF Request delivered (in order). clSeqNr=3
05:47:33.455 INF Request finished (out of order). clSeqNr=7
05:47:33.455 INF Request finished (out of order). clSeqNr=8
05:47:33.455 INF Request finished (out of order). clSeqNr=9
05:47:33.455 INF Request finished (out of order). clSeqNr=10
05:47:33.456 INF Request finished (out of order). clSeqNr=11
05:47:33.456 INF Request finished (out of order). clSeqNr=12
05:47:33.456 INF Request finished (out of order). clSeqNr=13
05:47:33.456 INF Request finished (out of order). clSeqNr=14
05:47:33.456 INF Request finished (out of order). clSeqNr=4
05:47:33.456 INF Request delivered (in order). clSeqNr=4
05:47:33.456 INF Request delivered (in order). clSeqNr=5
05:47:33.456 INF Request delivered (in order). clSeqNr=6
05:47:33.456 INF Request delivered (in order). clSeqNr=7
05:47:33.456 INF Request delivered (in order). clSeqNr=8
05:47:33.457 INF Request delivered (in order). clSeqNr=9
05:47:33.457 INF Request delivered (in order). clSeqNr=10
05:47:33.457 INF Request delivered (in order). clSeqNr=11
05:47:33.457 INF Request delivered (in order). clSeqNr=12
05:47:33.457 INF Request delivered (in order). clSeqNr=13
05:47:33.457 INF Request delivered (in order). clSeqNr=14
05:47:33.457 INF Request finished (out of order). clSeqNr=20
05:47:33.486 INF Submitted request. clSeqNr=23
05:47:33.611 INF Submitted request. clSeqNr=24
05:47:33.736 INF Submitted request. clSeqNr=25
05:47:33.861 INF Submitted request. clSeqNr=26
05:47:33.986 INF Submitted request. clSeqNr=27
05:47:34.110 INF Submitted request. clSeqNr=28
05:47:34.236 INF Submitted request. clSeqNr=29
05:47:34.360 INF Submitted request. clSeqNr=30
05:47:34.486 INF Submitted request. clSeqNr=31
05:47:34.611 INF Submitted request. clSeqNr=32
05:47:34.736 INF Submitted request. clSeqNr=33
05:47:34.861 INF Submitted request. clSeqNr=34
05:47:34.986 INF Submitted request. clSeqNr=35
05:47:35.111 INF Submitted request. clSeqNr=36
05:47:35.236 INF Submitted request. clSeqNr=37
05:47:35.360 INF Submitted request. clSeqNr=38
05:47:35.485 INF Submitted request. clSeqNr=39
05:47:35.610 INF Submitted request. clSeqNr=40
05:47:35.736 INF Submitted request. clSeqNr=41
05:47:35.861 INF Submitted request. clSeqNr=42
05:47:35.986 INF Submitted request. clSeqNr=43
05:47:36.111 INF Submitted request. clSeqNr=44
05:47:36.235 INF Submitted request. clSeqNr=45
05:47:36.360 INF Submitted request. clSeqNr=46
05:47:36.481 INF Request finished (out of order). clSeqNr=21
05:47:36.482 INF Request finished (out of order). clSeqNr=22
05:47:36.482 INF Request finished (out of order). clSeqNr=23
05:47:36.483 INF Request finished (out of order). clSeqNr=15
05:47:36.483 INF Request delivered (in order). clSeqNr=15
05:47:36.483 INF Request finished (out of order). clSeqNr=16
05:47:36.483 INF Request delivered (in order). clSeqNr=16
05:47:36.483 INF Request finished (out of order). clSeqNr=17
05:47:36.483 INF Request delivered (in order). clSeqNr=17
05:47:36.483 INF Request finished (out of order). clSeqNr=18
05:47:36.483 INF Request delivered (in order). clSeqNr=18
05:47:36.483 INF Request finished (out of order). clSeqNr=19
05:47:36.483 INF Request delivered (in order). clSeqNr=19
05:47:36.483 INF Request delivered (in order). clSeqNr=20
05:47:36.483 INF Request delivered (in order). clSeqNr=21
05:47:36.483 INF Request delivered (in order). clSeqNr=22
05:47:36.483 INF Request delivered (in order). clSeqNr=23
05:47:36.483 INF Request finished (out of order). clSeqNr=24
05:47:36.483 INF Request delivered (in order). clSeqNr=24
05:47:36.483 INF Request finished (out of order). clSeqNr=25
05:47:36.483 INF Request delivered (in order). clSeqNr=25
05:47:36.483 INF Request finished (out of order). clSeqNr=26
05:47:36.483 INF Request delivered (in order). clSeqNr=26
05:47:36.483 INF Request finished (out of order). clSeqNr=27
05:47:36.484 INF Request delivered (in order). clSeqNr=27
05:47:36.484 INF Request finished (out of order). clSeqNr=28
05:47:36.484 INF Request delivered (in order). clSeqNr=28
05:47:36.484 INF Request finished (out of order). clSeqNr=29
05:47:36.484 INF Request delivered (in order). clSeqNr=29
05:47:36.484 INF Request finished (out of order). clSeqNr=30
05:47:36.484 INF Request delivered (in order). clSeqNr=30
05:47:36.484 INF Request finished (out of order). clSeqNr=31
05:47:36.484 INF Request delivered (in order). clSeqNr=31
05:47:36.484 INF Request finished (out of order). clSeqNr=37
05:47:36.484 INF Request finished (out of order). clSeqNr=38
05:47:36.485 INF Request finished (out of order). clSeqNr=39
05:47:36.485 INF Submitted request. clSeqNr=47
05:47:36.486 INF Request finished (out of order). clSeqNr=32
05:47:36.486 INF Request delivered (in order). clSeqNr=32
05:47:36.486 INF Request finished (out of order). clSeqNr=33
05:47:36.486 INF Request delivered (in order). clSeqNr=33
05:47:36.486 INF Request finished (out of order). clSeqNr=34
05:47:36.486 INF Request delivered (in order). clSeqNr=34
05:47:36.486 INF Request finished (out of order). clSeqNr=35
05:47:36.486 INF Request delivered (in order). clSeqNr=35
05:47:36.486 INF Request finished (out of order). clSeqNr=36
05:47:36.486 INF Request delivered (in order). clSeqNr=36
05:47:36.486 INF Request delivered (in order). clSeqNr=37
05:47:36.486 INF Request delivered (in order). clSeqNr=38
05:47:36.486 INF Request delivered (in order). clSeqNr=39
05:47:36.610 INF Submitted request. clSeqNr=48
05:47:36.735 INF Submitted request. clSeqNr=49
05:47:36.860 INF Submitted request. clSeqNr=50
05:47:36.986 INF Submitted request. clSeqNr=51
05:47:37.111 INF Submitted request. clSeqNr=52
05:47:37.235 INF Submitted request. clSeqNr=53
05:47:37.361 INF Submitted request. clSeqNr=54
05:47:37.485 INF Submitted request. clSeqNr=55
05:47:37.610 INF Submitted request. clSeqNr=56
05:47:37.736 INF Submitted request. clSeqNr=57
05:47:37.861 INF Submitted request. clSeqNr=58
05:47:37.986 INF Submitted request. clSeqNr=59
05:47:38.111 INF Submitted request. clSeqNr=60
05:47:38.235 INF Submitted request. clSeqNr=61
05:47:38.360 INF Submitted request. clSeqNr=62
05:47:38.486 INF Submitted request. clSeqNr=63
05:47:38.611 INF Submitted request. clSeqNr=64
05:47:38.736 INF Submitted request. clSeqNr=65
05:47:38.861 INF Submitted request. clSeqNr=66
05:47:38.985 INF Submitted request. clSeqNr=67
05:47:39.111 INF Submitted request. clSeqNr=68
05:47:39.236 INF Submitted request. clSeqNr=69
05:47:39.360 INF Submitted request. clSeqNr=70
05:47:39.486 INF Submitted request. clSeqNr=71
05:47:39.509 INF Request finished (out of order). clSeqNr=40
05:47:39.509 INF Request delivered (in order). clSeqNr=40
05:47:39.509 INF Request finished (out of order). clSeqNr=41
05:47:39.509 INF Request delivered (in order). clSeqNr=41
05:47:39.509 INF Request finished (out of order). clSeqNr=42
05:47:39.509 INF Request delivered (in order). clSeqNr=42
05:47:39.509 INF Request finished (out of order). clSeqNr=44
05:47:39.509 INF Request finished (out of order). clSeqNr=45
05:47:39.509 INF Request finished (out of order). clSeqNr=46
05:47:39.509 INF Request finished (out of order). clSeqNr=47
05:47:39.510 INF Request finished (out of order). clSeqNr=43
05:47:39.510 INF Request delivered (in order). clSeqNr=43
05:47:39.510 INF Request delivered (in order). clSeqNr=44
05:47:39.510 INF Request delivered (in order). clSeqNr=45
05:47:39.510 INF Request delivered (in order). clSeqNr=46
05:47:39.510 INF Request delivered (in order). clSeqNr=47
05:47:39.510 INF Request finished (out of order). clSeqNr=53
05:47:39.510 INF Request finished (out of order). clSeqNr=54
05:47:39.511 INF Request finished (out of order). clSeqNr=48
05:47:39.511 INF Request delivered (in order). clSeqNr=48
05:47:39.511 INF Request finished (out of order). clSeqNr=49
05:47:39.511 INF Request delivered (in order). clSeqNr=49
05:47:39.511 INF Request finished (out of order). clSeqNr=50
05:47:39.511 INF Request delivered (in order). clSeqNr=50
05:47:39.511 INF Request finished (out of order). clSeqNr=51
05:47:39.511 INF Request delivered (in order). clSeqNr=51
05:47:39.511 INF Request finished (out of order). clSeqNr=55
05:47:39.512 INF Request finished (out of order). clSeqNr=56
05:47:39.512 INF Request finished (out of order). clSeqNr=57
05:47:39.512 INF Request finished (out of order). clSeqNr=58
05:47:39.512 INF Request finished (out of order). clSeqNr=61
05:47:39.512 INF Request finished (out of order). clSeqNr=62
05:47:39.512 INF Request finished (out of order). clSeqNr=64
05:47:39.611 INF Submitted request. clSeqNr=72
05:47:39.698 INF Request finished (out of order). clSeqNr=59
05:47:39.698 INF Request finished (out of order). clSeqNr=60
05:47:39.702 INF Request finished (out of order). clSeqNr=63
05:47:39.719 INF Request finished (out of order). clSeqNr=52
05:47:39.719 INF Request delivered (in order). clSeqNr=52
05:47:39.719 INF Request delivered (in order). clSeqNr=53
05:47:39.719 INF Request delivered (in order). clSeqNr=54
05:47:39.719 INF Request delivered (in order). clSeqNr=55
05:47:39.719 INF Request delivered (in order). clSeqNr=56
05:47:39.719 INF Request delivered (in order). clSeqNr=57
05:47:39.719 INF Request delivered (in order). clSeqNr=58
05:47:39.719 INF Request delivered (in order). clSeqNr=59
05:47:39.719 INF Request delivered (in order). clSeqNr=60
05:47:39.719 INF Request delivered (in order). clSeqNr=61
05:47:39.719 INF Request delivered (in order). clSeqNr=62
05:47:39.719 INF Request delivered (in order). clSeqNr=63
05:47:39.719 INF Request delivered (in order). clSeqNr=64
05:47:39.719 INF Request finished (out of order). clSeqNr=68
05:47:39.736 INF Submitted request. clSeqNr=73
05:47:39.860 INF Submitted request. clSeqNr=74
05:47:39.986 INF Submitted request. clSeqNr=75
05:47:40.111 INF Submitted request. clSeqNr=76
05:47:40.236 INF Submitted request. clSeqNr=77
05:47:40.361 INF Submitted request. clSeqNr=78
05:47:40.486 INF Submitted request. clSeqNr=79
05:47:40.611 INF Submitted request. clSeqNr=80
05:47:40.736 INF Submitted request. clSeqNr=81
05:47:40.860 INF Submitted request. clSeqNr=82
05:47:40.985 INF Submitted request. clSeqNr=83
05:47:41.111 INF Submitted request. clSeqNr=84
05:47:41.235 INF Submitted request. clSeqNr=85
05:47:41.361 INF Submitted request. clSeqNr=86
05:47:41.486 INF Submitted request. clSeqNr=87
05:47:41.611 INF Submitted request. clSeqNr=88
05:47:41.736 INF Submitted request. clSeqNr=89
05:47:41.860 INF Submitted request. clSeqNr=90
05:47:41.985 INF Submitted request. clSeqNr=91
05:47:42.111 INF Submitted request. clSeqNr=92
05:47:42.236 INF Submitted request. clSeqNr=93
05:47:42.361 INF Submitted request. clSeqNr=94
05:47:42.486 INF Submitted request. clSeqNr=95
05:47:42.539 INF Request finished (out of order). clSeqNr=69
05:47:42.539 INF Request finished (out of order). clSeqNr=70
05:47:42.539 INF Request finished (out of order). clSeqNr=72
05:47:42.540 INF Request finished (out of order). clSeqNr=66
05:47:42.540 INF Request finished (out of order). clSeqNr=84
05:47:42.540 INF Request finished (out of order). clSeqNr=71
05:47:42.540 INF Request finished (out of order). clSeqNr=73
05:47:42.540 INF Request finished (out of order). clSeqNr=74
05:47:42.541 INF Request finished (out of order). clSeqNr=77
05:47:42.541 INF Request finished (out of order). clSeqNr=78
05:47:42.541 INF Request finished (out of order). clSeqNr=80
05:47:42.541 INF Request finished (out of order). clSeqNr=65
05:47:42.541 INF Request delivered (in order). clSeqNr=65
05:47:42.541 INF Request delivered (in order). clSeqNr=66
05:47:42.541 INF Request finished (out of order). clSeqNr=67
05:47:42.541 INF Request delivered (in order). clSeqNr=67
05:47:42.541 INF Request delivered (in order). clSeqNr=68
05:47:42.541 INF Request delivered (in order). clSeqNr=69
05:47:42.541 INF Request delivered (in order). clSeqNr=70
05:47:42.541 INF Request delivered (in order). clSeqNr=71
05:47:42.541 INF Request delivered (in order). clSeqNr=72
05:47:42.541 INF Request delivered (in order). clSeqNr=73
05:47:42.541 INF Request delivered (in order). clSeqNr=74
05:47:42.548 INF Updating bucket assignment. epoch=1
05:47:42.549 INF Resubmitted Requests. epoch=1 n=17
05:47:42.611 INF Submitted request. clSeqNr=96
05:47:42.735 INF Submitted request. clSeqNr=97
05:47:42.860 INF Submitted request. clSeqNr=98
05:47:42.986 INF Submitted request. clSeqNr=99
05:47:43.111 INF Submitted request. clSeqNr=100
05:47:43.235 INF Submitted request. clSeqNr=101
05:47:43.361 INF Submitted request. clSeqNr=102
05:47:43.486 INF Submitted request. clSeqNr=103
05:47:43.610 INF Submitted request. clSeqNr=104
05:47:43.735 INF Submitted request. clSeqNr=105
05:47:43.860 INF Submitted request. clSeqNr=106
05:47:43.986 INF Submitted request. clSeqNr=107
05:47:44.111 INF Submitted request. clSeqNr=108
05:47:44.236 INF Submitted request. clSeqNr=109
05:47:44.360 INF Submitted request. clSeqNr=110
05:47:44.485 INF Submitted request. clSeqNr=111
05:47:44.611 INF Submitted request. clSeqNr=112
05:47:44.736 INF Submitted request. clSeqNr=113
05:47:44.861 INF Submitted request. clSeqNr=114
05:47:44.985 INF Submitted request. clSeqNr=115
05:47:45.111 INF Submitted request. clSeqNr=116
05:47:45.235 INF Submitted request. clSeqNr=117
05:47:45.361 INF Submitted request. clSeqNr=118
05:47:45.486 INF Submitted request. clSeqNr=119
05:47:45.581 INF Request finished (out of order). clSeqNr=85
05:47:45.581 INF Request finished (out of order). clSeqNr=101
05:47:45.581 INF Request finished (out of order). clSeqNr=117
05:47:45.582 INF Request finished (out of order). clSeqNr=86
05:47:45.582 INF Request finished (out of order). clSeqNr=102
05:47:45.582 INF Request finished (out of order). clSeqNr=87
05:47:45.582 INF Request finished (out of order). clSeqNr=103
05:47:45.583 INF Request finished (out of order). clSeqNr=88
05:47:45.583 INF Request finished (out of order). clSeqNr=89
05:47:45.583 INF Request finished (out of order). clSeqNr=90
05:47:45.583 INF Request finished (out of order). clSeqNr=75
05:47:45.583 INF Request delivered (in order). clSeqNr=75
05:47:45.583 INF Request finished (out of order). clSeqNr=91
05:47:45.583 INF Request finished (out of order). clSeqNr=76
05:47:45.583 INF Request delivered (in order). clSeqNr=76
05:47:45.584 INF Request delivered (in order). clSeqNr=77
05:47:45.584 INF Request delivered (in order). clSeqNr=78
05:47:45.584 INF Request finished (out of order). clSeqNr=92
05:47:45.584 INF Request finished (out of order). clSeqNr=93
05:47:45.584 INF Request finished (out of order). clSeqNr=94
05:47:45.585 INF Request finished (out of order). clSeqNr=79
05:47:45.585 INF Request delivered (in order). clSeqNr=79
05:47:45.585 INF Request delivered (in order). clSeqNr=80
05:47:45.585 INF Request finished (out of order). clSeqNr=95
05:47:45.585 INF Request finished (out of order). clSeqNr=96
05:47:45.585 INF Request finished (out of order). clSeqNr=81
05:47:45.585 INF Request delivered (in order). clSeqNr=81
05:47:45.585 INF Request finished (out of order). clSeqNr=97
05:47:45.585 INF Request finished (out of order). clSeqNr=82
05:47:45.585 INF Request delivered (in order). clSeqNr=82
05:47:45.586 INF Request finished (out of order). clSeqNr=98
05:47:45.586 INF Request finished (out of order). clSeqNr=83
05:47:45.586 INF Request delivered (in order). clSeqNr=83
05:47:45.586 INF Request delivered (in order). clSeqNr=84
05:47:45.586 INF Request delivered (in order). clSeqNr=85
05:47:45.586 INF Request delivered (in order). clSeqNr=86
05:47:45.586 INF Request delivered (in order). clSeqNr=87
05:47:45.586 INF Request delivered (in order). clSeqNr=88
05:47:45.586 INF Request delivered (in order). clSeqNr=89
05:47:45.586 INF Request delivered (in order). clSeqNr=90
05:47:45.586 INF Request delivered (in order). clSeqNr=91
05:47:45.586 INF Request delivered (in order). clSeqNr=92
05:47:45.586 INF Request delivered (in order). clSeqNr=93
05:47:45.586 INF Request delivered (in order). clSeqNr=94
05:47:45.586 INF Request delivered (in order). clSeqNr=95
05:47:45.586 INF Request delivered (in order). clSeqNr=96
05:47:45.586 INF Request delivered (in order). clSeqNr=97
05:47:45.586 INF Request delivered (in order). clSeqNr=98
05:47:45.586 INF Request finished (out of order). clSeqNr=99
05:47:45.586 INF Request delivered (in order). clSeqNr=99
05:47:45.586 INF Request finished (out of order). clSeqNr=100
05:47:45.586 INF Request delivered (in order). clSeqNr=100
05:47:45.586 INF Request delivered (in order). clSeqNr=101
05:47:45.587 INF Request delivered (in order). clSeqNr=102
05:47:45.587 INF Request delivered (in order). clSeqNr=103
05:47:45.610 INF Stopping client on timeout. clientRunTime=15000
05:47:45.610 INF Submitted request. clSeqNr=120
05:47:45.610 INF Finished submitting requests. nReq=121
05:47:48.601 INF Request finished (out of order). clSeqNr=104
05:47:48.601 INF Request delivered (in order). clSeqNr=104
05:47:48.601 INF Request finished (out of order). clSeqNr=105
05:47:48.601 INF Request delivered (in order). clSeqNr=105
05:47:48.601 INF Request finished (out of order). clSeqNr=106
05:47:48.602 INF Request delivered (in order). clSeqNr=106
05:47:48.602 INF Request finished (out of order). clSeqNr=107
05:47:48.602 INF Request delivered (in order). clSeqNr=107
05:47:48.602 INF Request finished (out of order). clSeqNr=108
05:47:48.602 INF Request delivered (in order). clSeqNr=108
05:47:48.602 INF Request finished (out of order). clSeqNr=109
05:47:48.602 INF Request delivered (in order). clSeqNr=109
05:47:48.602 INF Request finished (out of order). clSeqNr=110
05:47:48.602 INF Request delivered (in order). clSeqNr=110
05:47:48.602 INF Request finished (out of order). clSeqNr=111
05:47:48.602 INF Request delivered (in order). clSeqNr=111
05:47:48.602 INF Request finished (out of order). clSeqNr=118
05:47:48.603 INF Request finished (out of order). clSeqNr=119
05:47:48.603 INF Request finished (out of order). clSeqNr=120
05:47:48.604 INF Request finished (out of order). clSeqNr=112
05:47:48.604 INF Request delivered (in order). clSeqNr=112
05:47:48.604 INF Request finished (out of order). clSeqNr=113
05:47:48.604 INF Request delivered (in order). clSeqNr=113
05:47:48.604 INF Request finished (out of order). clSeqNr=114
05:47:48.604 INF Request delivered (in order). clSeqNr=114
05:47:48.604 INF Request finished (out of order). clSeqNr=115
05:47:48.604 INF Request delivered (in order). clSeqNr=115
05:47:48.604 INF Request finished (out of order). clSeqNr=116
05:47:48.604 INF Request delivered (in order). clSeqNr=116
05:47:48.604 INF Request delivered (in order). clSeqNr=117
05:47:48.604 INF Request delivered (in order). clSeqNr=118
05:47:48.604 INF Request delivered (in order). clSeqNr=119
05:47:48.604 INF Request delivered (in order). clSeqNr=120
05:47:48.613 INF Response handler done. error="rpc error: code = Canceled desc = grpc: the client connection is closing" peerId=13
05:47:48.613 INF Response handler done. error="rpc error: code = Canceled desc = grpc: the client connection is closing" peerId=15
05:47:48.613 INF Response handler done. error="rpc error: code = Canceled desc = grpc: the client connection is closing" peerId=2
05:47:48.613 INF Response handler done. error="rpc error: code = Canceled desc = grpc: the client connection is closing" peerId=14
05:47:48.613 INF Response handler done. error="rpc error: code = Canceled desc = grpc: the client connection is closing" peerId=4
05:47:48.613 INF Response handler done. error="rpc error: code = Canceled desc = grpc: the client connection is closing" peerId=0
05:47:48.613 INF Response handler done. error="rpc error: code = Canceled desc = grpc: the client connection is closing" peerId=5
05:47:48.613 INF Response handler done. error="rpc error: code = Canceled desc = grpc: the client connection is closing" peerId=1
05:47:48.613 INF Response handler done. error="rpc error: code = Canceled desc = grpc: the client connection is closing" peerId=8
05:47:48.613 INF Response handler done. error="rpc error: code = Canceled desc = grpc: the client connection is closing" peerId=6
05:47:48.613 INF Response handler done. error="rpc error: code = Canceled desc = grpc: the client connection is closing" peerId=12
05:47:48.613 INF Response handler done. error="rpc error: code = Canceled desc = grpc: the client connection is closing" peerId=3
05:47:48.613 INF Response handler done. error="rpc error: code = Canceled desc = grpc: the client connection is closing" peerId=10
05:47:48.613 INF Response handler done. error="rpc error: code = Canceled desc = grpc: the client connection is closing" peerId=11
05:47:48.613 INF Response handler done. error="rpc error: code = Canceled desc = grpc: the client connection is closing" peerId=9
05:47:48.613 INF Response handler done. error="rpc error: code = Unavailable desc = error reading from server: read tcp 172.31.26.168:51756->54.164.59.77:10077: use of closed network connection" peerId=7
