{"level":"debug","Logging":"info","time":"2023-03-24T03:05:09Z","message":"Config"}
{"level":"debug","UseTLS":false,"time":"2023-03-24T03:05:09Z","message":"Config"}
{"level":"debug","CACertFile":"tls-data/ca.pem","time":"2023-03-24T03:05:09Z","message":"Config"}
{"level":"debug","KeyFile":"tls-data/auth.key","time":"2023-03-24T03:05:09Z","message":"Config"}
{"level":"debug","CertFile":"tls-data/auth.pem","time":"2023-03-24T03:05:09Z","message":"Config"}
{"level":"debug","PriorityConnections":2,"time":"2023-03-24T03:05:09Z","message":"Config"}
{"level":"debug","BasicConnections":1,"time":"2023-03-24T03:05:09Z","message":"Config"}
{"level":"debug","TestConnections":false,"time":"2023-03-24T03:05:09Z","message":"Config"}
{"level":"debug","ExcessConnections":1,"time":"2023-03-24T03:05:09Z","message":"Config"}
{"level":"debug","ConnectionTestMsgs":4,"time":"2023-03-24T03:05:09Z","message":"Config"}
{"level":"debug","ConnectionTestPayload":131072,"time":"2023-03-24T03:05:09Z","message":"Config"}
{"level":"debug","OutMessageBufsize":1024,"time":"2023-03-24T03:05:09Z","message":"Config"}
{"level":"debug","OutMessageBufsize":4,"time":"2023-03-24T03:05:09Z","message":"Config"}
{"level":"debug","ThroughputCap":131072000,"time":"2023-03-24T03:05:09Z","message":"Config"}
{"level":"debug","StragglerTolerance":1000,"time":"2023-03-24T03:05:09Z","message":"Config"}
{"level":"debug","BatchSizeIncrement":256,"time":"2023-03-24T03:05:09Z","message":"Config"}
{"level":"debug","Orderer":"Pbft","time":"2023-03-24T03:05:09Z","message":"Config"}
{"level":"debug","Manager":"Mir","time":"2023-03-24T03:05:09Z","message":"Config"}
{"level":"debug","Failures":0,"time":"2023-03-24T03:05:09Z","message":"Config"}
{"level":"debug","StragglerCnt":1,"time":"2023-03-24T03:05:09Z","message":"Config"}
{"level":"debug","PrivKeyCnt":10,"time":"2023-03-24T03:05:09Z","message":"Config"}
{"level":"debug","UseSig":false,"time":"2023-03-24T03:05:09Z","message":"Config"}
{"level":"debug","CrashTiming":"Straggler","time":"2023-03-24T03:05:09Z","message":"Config"}
{"level":"debug","CheckpointInterval":512,"time":"2023-03-24T03:05:09Z","message":"Config"}
{"level":"debug","WatermarkWindowSize":512,"time":"2023-03-24T03:05:09Z","message":"Config"}
{"level":"debug","EpochLength":512,"time":"2023-03-24T03:05:09Z","message":"Config"}
{"level":"debug","SegmentLength":32,"time":"2023-03-24T03:05:09Z","message":"Config"}
{"level":"debug","WaitForCheckpoints":true,"time":"2023-03-24T03:05:09Z","message":"Config"}
{"level":"debug","ClientWatermarkWindowSize":16384,"time":"2023-03-24T03:05:09Z","message":"Config"}
{"level":"debug","ClientRequestBacklogSize":16384,"time":"2023-03-24T03:05:09Z","message":"Config"}
{"level":"debug","RandomSeed":17046,"time":"2023-03-24T03:05:09Z","message":"Config"}
{"level":"debug","NodeToLeaderRatio":1,"time":"2023-03-24T03:05:09Z","message":"Config"}
{"level":"debug","LeaderPolicy":"Simple","time":"2023-03-24T03:05:09Z","message":"Config"}
{"level":"debug","DefaultLeaderBan":2,"time":"2023-03-24T03:05:09Z","message":"Config"}
{"level":"debug","NumBuckets":256,"time":"2023-03-24T03:05:09Z","message":"Config"}
{"level":"debug","BatchSize":3000,"time":"2023-03-24T03:05:09Z","message":"Config"}
{"level":"debug","DisabledViewChange":false,"time":"2023-03-24T03:05:09Z","message":"Config"}
{"level":"debug","ViewChangeTimeout":60000,"time":"2023-03-24T03:05:09Z","message":"Config"}
{"level":"debug","ClientTraceSampling":10,"time":"2023-03-24T03:05:09Z","message":"Config"}
{"level":"debug","EventBufferSize":2097152,"time":"2023-03-24T03:05:09Z","message":"Config"}
{"level":"debug","TraceSampling":1,"time":"2023-03-24T03:05:09Z","message":"Config"}
{"level":"debug","ClientsPerProcess":8,"time":"2023-03-24T03:05:09Z","message":"Config"}
{"level":"debug","RequestsPerClient":9375,"time":"2023-03-24T03:05:09Z","message":"Config"}
{"level":"debug","ClientRunTime":15000,"time":"2023-03-24T03:05:09Z","message":"Config"}
{"level":"debug","RequestRate":312,"time":"2023-03-24T03:05:09Z","message":"Config"}
{"level":"debug","HardRequestRateLimit":false,"time":"2023-03-24T03:05:09Z","message":"Config"}
{"level":"debug","RequestPayloadSize":500,"time":"2023-03-24T03:05:09Z","message":"Config"}
{"level":"debug","SignRequests":true,"time":"2023-03-24T03:05:09Z","message":"Config"}
{"level":"debug","ClientPrivKeyFile":"tls-data/client-ecdsa-256.key","time":"2023-03-24T03:05:09Z","message":"Config"}
{"level":"debug","ClientPubKeyFile":"tls-data/client-ecdsa-256.pem","time":"2023-03-24T03:05:09Z","message":"Config"}
{"level":"debug","PrecomputeRequests":false,"time":"2023-03-24T03:05:09Z","message":"Config"}
{"level":"debug","RequestHandlerThreads":32,"time":"2023-03-24T03:05:09Z","message":"Config"}
{"level":"debug","RequestInputChannelBuffer":8192,"time":"2023-03-24T03:05:09Z","message":"Config"}
{"level":"debug","BatchVerifier":"external","time":"2023-03-24T03:05:09Z","message":"Config"}
03:05:09.741 INF Started Profiler: CPU
03:05:09.741 INF Started Profiler: BLOCK
03:05:09.741 INF Started Profiler: MUTEX
03:05:09.741 INF Starting clients. numClients=8 numRequests=9375
03:05:09.741 INF Initilizing clients.
03:05:10.307 INF Registared with discovery server. numOrderers=16 ownClientId=223
03:05:10.307 INF Registared with discovery server. numOrderers=16 ownClientId=218
03:05:10.307 INF Registared with discovery server. numOrderers=16 ownClientId=220
03:05:10.307 INF Registared with discovery server. numOrderers=16 ownClientId=221
03:05:10.307 INF Registared with discovery server. numOrderers=16 ownClientId=231
03:05:10.308 INF Registared with discovery server. numOrderers=16 ownClientId=240
03:05:10.308 INF Registared with discovery server. numOrderers=16 ownClientId=239
03:05:10.308 INF Registared with discovery server. numOrderers=16 ownClientId=242
03:05:10.308 INF Clients initialized.
03:05:10.308 INF Launching clients.
03:05:10.308 INF Waiting for clients.
03:06:17.773 INF Stopping Tracer. events=2797 fileName=experiment-output/0003/slave-025/client-220.trc
zerolog: could not write event: write experiment-output/0003/slave-025/client-220.log: file already closed
zerolog: could not write event: write experiment-output/0003/slave-025/client-220.log: file already closed
zerolog: could not write event: write experiment-output/0003/slave-025/client-220.log: file already closed
zerolog: could not write event: write experiment-output/0003/slave-025/client-220.log: file already closed
03:06:17.776 INF Stopping Tracer. events=1878 fileName=experiment-output/0003/slave-025/client-223.trc
03:06:17.776 INF Stopping Tracer. events=2793 fileName=experiment-output/0003/slave-025/client-240.trc
zerolog: could not write event: write experiment-output/0003/slave-025/client-223.log: file already closed
zerolog: could not write event: write experiment-output/0003/slave-025/client-223.log: file already closed
zerolog: could not write event: write experiment-output/0003/slave-025/client-240.log: file already closed
zerolog: could not write event: write experiment-output/0003/slave-025/client-240.log: file already closed
zerolog: could not write event: write experiment-output/0003/slave-025/client-240.log: file already closed
zerolog: could not write event: write experiment-output/0003/slave-025/client-223.log: file already closed
zerolog: could not write event: write experiment-output/0003/slave-025/client-223.log: file already closed
zerolog: could not write event: write experiment-output/0003/slave-025/client-240.log: file already closed
03:06:17.779 INF Trace data written.
03:06:17.779 INF Trace data written.
03:06:17.780 INF Stopping Tracer. events=2870 fileName=experiment-output/0003/slave-025/client-242.trc
03:06:17.780 INF Stopping Tracer. events=1893 fileName=experiment-output/0003/slave-025/client-231.trc
03:06:17.780 INF Stopping Tracer. events=1877 fileName=experiment-output/0003/slave-025/client-239.trc
03:06:17.780 INF Stopping Tracer. events=2761 fileName=experiment-output/0003/slave-025/client-218.trc
03:06:17.781 INF Stopping Tracer. events=1898 fileName=experiment-output/0003/slave-025/client-221.trc
zerolog: could not write event: write experiment-output/0003/slave-025/client-242.log: file already closed
zerolog: could not write event: write experiment-output/0003/slave-025/client-239.log: file already closed
zerolog: could not write event: write experiment-output/0003/slave-025/client-239.log: file already closed
zerolog: could not write event: write experiment-output/0003/slave-025/client-231.log: file already closed
zerolog: could not write event: write experiment-output/0003/slave-025/client-231.log: file already closed
zerolog: could not write event: write experiment-output/0003/slave-025/client-242.log: file already closed
zerolog: could not write event: write experiment-output/0003/slave-025/client-218.log: file already closed
zerolog: could not write event: write experiment-output/0003/slave-025/client-218.log: file already closed
zerolog: could not write event: write experiment-output/0003/slave-025/client-231.log: file already closed
zerolog: could not write event: write experiment-output/0003/slave-025/client-231.log: file already closed
zerolog: could not write event: write experiment-output/0003/slave-025/client-218.log: file already closed
zerolog: could not write event: write experiment-output/0003/slave-025/client-242.log: file already closed
zerolog: could not write event: write experiment-output/0003/slave-025/client-218.log: file already closed
zerolog: could not write event: write experiment-output/0003/slave-025/client-242.log: file already closed
zerolog: could not write event: write experiment-output/0003/slave-025/client-239.log: file already closed
zerolog: could not write event: write experiment-output/0003/slave-025/client-239.log: file already closed
03:06:17.782 INF Trace data written.
zerolog: could not write event: write experiment-output/0003/slave-025/client-221.log: file already closed
zerolog: could not write event: write experiment-output/0003/slave-025/client-221.log: file already closed
zerolog: could not write event: write experiment-output/0003/slave-025/client-221.log: file already closed
zerolog: could not write event: write experiment-output/0003/slave-025/client-221.log: file already closed
03:06:17.785 INF Trace data written.
03:06:17.785 INF Trace data written.
03:06:17.785 INF Trace data written.
03:06:17.786 INF Trace data written.
03:06:17.786 INF Trace data written.
03:06:17.786 INF Done.
03:06:17.786 INF Stopping profiler.
zerolog: could not write event: write experiment-output/0003/slave-025/client-220.log: file already closed
zerolog: could not write event: write experiment-output/0003/slave-025/client-220.log: file already closed
zerolog: could not write event: write experiment-output/0003/slave-025/client-223.log: file already closed
zerolog: could not write event: write experiment-output/0003/slave-025/client-240.log: file already closed
zerolog: could not write event: write experiment-output/0003/slave-025/client-223.log: file already closed
zerolog: could not write event: write experiment-output/0003/slave-025/client-223.log: file already closed
zerolog: could not write event: write experiment-output/0003/slave-025/client-231.log: file already closed
zerolog: could not write event: write experiment-output/0003/slave-025/client-231.log: file already closed
zerolog: could not write event: write experiment-output/0003/slave-025/client-239.log: file already closed
zerolog: could not write event: write experiment-output/0003/slave-025/client-242.log: file already closed
zerolog: could not write event: write experiment-output/0003/slave-025/client-231.log: file already closed
zerolog: could not write event: write experiment-output/0003/slave-025/client-221.log: file already closed
zerolog: could not write event: write experiment-output/0003/slave-025/client-231.log: file already closed
zerolog: could not write event: write experiment-output/0003/slave-025/client-239.log: file already closed
zerolog: could not write event: write experiment-output/0003/slave-025/client-239.log: file already closed
zerolog: could not write event: write experiment-output/0003/slave-025/client-221.log: file already closed
zerolog: could not write event: write experiment-output/0003/slave-025/client-220.log: file already closed
zerolog: could not write event: write experiment-output/0003/slave-025/client-220.log: file already closed
zerolog: could not write event: write experiment-output/0003/slave-025/client-240.log: file already closed
zerolog: could not write event: write experiment-output/0003/slave-025/client-240.log: file already closed
zerolog: could not write event: write experiment-output/0003/slave-025/client-223.log: file already closed
zerolog: could not write event: write experiment-output/0003/slave-025/client-240.log: file already closed
zerolog: could not write event: write experiment-output/0003/slave-025/client-242.log: file already closed
zerolog: could not write event: write experiment-output/0003/slave-025/client-242.log: file already closed
zerolog: could not write event: write experiment-output/0003/slave-025/client-218.log: file already closed
zerolog: could not write event: write experiment-output/0003/slave-025/client-221.log: file already closed
zerolog: could not write event: write experiment-output/0003/slave-025/client-218.log: file already closed
zerolog: could not write event: write experiment-output/0003/slave-025/client-218.log: file already closed
zerolog: could not write event: write experiment-output/0003/slave-025/client-242.log: file already closed
zerolog: could not write event: write experiment-output/0003/slave-025/client-221.log: file already closed
zerolog: could not write event: write experiment-output/0003/slave-025/client-239.log: file already closed
zerolog: could not write event: write experiment-output/0003/slave-025/client-218.log: file already closed
zerolog: could not write event: write experiment-output/0003/slave-025/client-220.log: file already closed
zerolog: could not write event: write experiment-output/0003/slave-025/client-220.log: file already closed
zerolog: could not write event: write experiment-output/0003/slave-025/client-220.log: file already closed
zerolog: could not write event: write experiment-output/0003/slave-025/client-220.log: file already closed
zerolog: could not write event: write experiment-output/0003/slave-025/client-223.log: file already closed
zerolog: could not write event: write experiment-output/0003/slave-025/client-223.log: file already closed
zerolog: could not write event: write experiment-output/0003/slave-025/client-240.log: file already closed
zerolog: could not write event: write experiment-output/0003/slave-025/client-223.log: file already closed
zerolog: could not write event: write experiment-output/0003/slave-025/client-223.log: file already closed
zerolog: could not write event: write experiment-output/0003/slave-025/client-240.log: file already closed
zerolog: could not write event: write experiment-output/0003/slave-025/client-240.log: file already closed
zerolog: could not write event: write experiment-output/0003/slave-025/client-240.log: file already closed
zerolog: could not write event: write experiment-output/0003/slave-025/client-242.log: file already closed
zerolog: could not write event: write experiment-output/0003/slave-025/client-242.log: file already closed
zerolog: could not write event: write experiment-output/0003/slave-025/client-231.log: file already closed
zerolog: could not write event: write experiment-output/0003/slave-025/client-231.log: file already closed
zerolog: could not write event: write experiment-output/0003/slave-025/client-231.log: file already closed
zerolog: could not write event: write experiment-output/0003/slave-025/client-239.log: file already closed
zerolog: could not write event: write experiment-output/0003/slave-025/client-231.log: file already closed
zerolog: could not write event: write experiment-output/0003/slave-025/client-242.log: file already closed
zerolog: could not write event: write experiment-output/0003/slave-025/client-239.log: file already closed
zerolog: could not write event: write experiment-output/0003/slave-025/client-239.log: file already closed
zerolog: could not write event: write experiment-output/0003/slave-025/client-221.log: file already closed
zerolog: could not write event: write experiment-output/0003/slave-025/client-242.log: file already closed
zerolog: could not write event: write experiment-output/0003/slave-025/client-239.log: file already closed
zerolog: could not write event: write experiment-output/0003/slave-025/client-221.log: file already closed
zerolog: could not write event: write experiment-output/0003/slave-025/client-218.log: file already closed
zerolog: could not write event: write experiment-output/0003/slave-025/client-218.log: file already closed
zerolog: could not write event: write experiment-output/0003/slave-025/client-218.log: file already closed
zerolog: could not write event: write experiment-output/0003/slave-025/client-221.log: file already closed
zerolog: could not write event: write experiment-output/0003/slave-025/client-218.log: file already closed
zerolog: could not write event: write experiment-output/0003/slave-025/client-221.log: file already closed
03:06:17.980 INF Profile data written. filename=experiment-output/0003/slave-025/prof-client.cpu name=cpu
03:06:17.999 INF Profile data written. filename=experiment-output/0003/slave-025/prof-client.block name=block
03:06:18.006 INF Profile data written. filename=experiment-output/0003/slave-025/prof-client.mutex name=mutex
