5:41PM INF Received own slave ID. ownSlaveId=1
5:41PM INF OK status=0
5:41PM INF Received command. cmdId=3
5:41PM INF Received an ExecStart command args="[-p experiment-output/0000/slave-__id__/config]" cmd=mkdir outFile=/dev/null
5:41PM INF OK status=0
5:41PM INF Received command. cmdId=4
5:41PM INF Received command. cmdType=ExecWait
5:41PM INF OK status=0
5:41PM INF Received command. cmdId=7
5:41PM INF Received an ExecStart command args="[config/config-0000.yml experiment-output/0000/slave-__id__/config/config.yml]" cmd=cp outFile=/dev/null
5:41PM INF OK status=0
5:41PM INF Received command. cmdId=8
5:41PM INF Received command. cmdType=ExecWait
5:41PM INF OK status=0
5:41PM INF Received command. cmdId=10
5:41PM INF Received command. cmdType=Noop
5:41PM INF Noop. Doing nothing. status=055:41PM INF Received command. cmdId=15
5:41PM INF Received an ExecStart command args="[experiment-output/0000/slave-__id__/config/config.yml 127.0.0.1:9999 experiment-output/0000/slave-__id__/client experiment-output/0000/slave-__id__/prof-client]" cmd=orderingclient outFile=experiment-output/0000/slave-__id__/clients.log
5:41PM INF OK status=0
5:41PM INF Received command. cmdId=16
5:41PM INF Received command. cmdType=ExecWait
