{"level":"debug","Logging":"debug","time":"2023-03-08T08:41:12Z","message":"Config"}
{"level":"debug","UseTLS":false,"time":"2023-03-08T08:41:12Z","message":"Config"}
{"level":"debug","CACertFile":"tls-data/ca.pem","time":"2023-03-08T08:41:12Z","message":"Config"}
{"level":"debug","KeyFile":"tls-data/auth.key","time":"2023-03-08T08:41:12Z","message":"Config"}
{"level":"debug","CertFile":"tls-data/auth.pem","time":"2023-03-08T08:41:12Z","message":"Config"}
{"level":"debug","PriorityConnections":2,"time":"2023-03-08T08:41:12Z","message":"Config"}
{"level":"debug","BasicConnections":4,"time":"2023-03-08T08:41:12Z","message":"Config"}
{"level":"debug","TestConnections":false,"time":"2023-03-08T08:41:12Z","message":"Config"}
{"level":"debug","ExcessConnections":1,"time":"2023-03-08T08:41:12Z","message":"Config"}
{"level":"debug","ConnectionTestMsgs":4,"time":"2023-03-08T08:41:12Z","message":"Config"}
{"level":"debug","ConnectionTestPayload":131072,"time":"2023-03-08T08:41:12Z","message":"Config"}
{"level":"debug","OutMessageBufsize":1024,"time":"2023-03-08T08:41:12Z","message":"Config"}
{"level":"debug","OutMessageBufsize":1,"time":"2023-03-08T08:41:12Z","message":"Config"}
{"level":"debug","ThroughputCap":131072000,"time":"2023-03-08T08:41:12Z","message":"Config"}
{"level":"debug","StragglerTolerance":1000,"time":"2023-03-08T08:41:12Z","message":"Config"}
{"level":"debug","BatchSizeIncrement":256,"time":"2023-03-08T08:41:12Z","message":"Config"}
{"level":"debug","Orderer":"Pbft","time":"2023-03-08T08:41:12Z","message":"Config"}
{"level":"debug","Manager":"Mir","time":"2023-03-08T08:41:12Z","message":"Config"}
{"level":"debug","Failures":0,"time":"2023-03-08T08:41:12Z","message":"Config"}
{"level":"debug","StragglerCnt":1,"time":"2023-03-08T08:41:12Z","message":"Config"}
{"level":"debug","PrivKeyCnt":10,"time":"2023-03-08T08:41:12Z","message":"Config"}
{"level":"debug","UseSig":false,"time":"2023-03-08T08:41:12Z","message":"Config"}
{"level":"debug","CrashTiming":"Straggler","time":"2023-03-08T08:41:12Z","message":"Config"}
{"level":"debug","CheckpointInterval":128,"time":"2023-03-08T08:41:12Z","message":"Config"}
{"level":"debug","WatermarkWindowSize":128,"time":"2023-03-08T08:41:12Z","message":"Config"}
{"level":"debug","EpochLength":128,"time":"2023-03-08T08:41:12Z","message":"Config"}
{"level":"debug","SegmentLength":32,"time":"2023-03-08T08:41:12Z","message":"Config"}
{"level":"debug","WaitForCheckpoints":true,"time":"2023-03-08T08:41:12Z","message":"Config"}
{"level":"debug","ClientWatermarkWindowSize":2097152,"time":"2023-03-08T08:41:12Z","message":"Config"}
{"level":"debug","ClientRequestBacklogSize":2097152,"time":"2023-03-08T08:41:12Z","message":"Config"}
{"level":"debug","RandomSeed":15263,"time":"2023-03-08T08:41:12Z","message":"Config"}
{"level":"debug","NodeToLeaderRatio":1,"time":"2023-03-08T08:41:12Z","message":"Config"}
{"level":"debug","LeaderPolicy":"Simple","time":"2023-03-08T08:41:12Z","message":"Config"}
{"level":"debug","DefaultLeaderBan":2,"time":"2023-03-08T08:41:12Z","message":"Config"}
{"level":"debug","NumBuckets":64,"time":"2023-03-08T08:41:12Z","message":"Config"}
{"level":"debug","BatchSize":1000,"time":"2023-03-08T08:41:12Z","message":"Config"}
{"level":"debug","DisabledViewChange":false,"time":"2023-03-08T08:41:12Z","message":"Config"}
{"level":"debug","ViewChangeTimeout":60000,"time":"2023-03-08T08:41:12Z","message":"Config"}
{"level":"debug","ClientTraceSampling":10,"time":"2023-03-08T08:41:12Z","message":"Config"}
{"level":"debug","EventBufferSize":2097152,"time":"2023-03-08T08:41:12Z","message":"Config"}
{"level":"debug","TraceSampling":1,"time":"2023-03-08T08:41:12Z","message":"Config"}
{"level":"debug","ClientsPerProcess":2,"time":"2023-03-08T08:41:12Z","message":"Config"}
{"level":"debug","RequestsPerClient":1920,"time":"2023-03-08T08:41:12Z","message":"Config"}
{"level":"debug","ClientRunTime":15000,"time":"2023-03-08T08:41:12Z","message":"Config"}
{"level":"debug","RequestRate":64,"time":"2023-03-08T08:41:12Z","message":"Config"}
{"level":"debug","HardRequestRateLimit":false,"time":"2023-03-08T08:41:12Z","message":"Config"}
{"level":"debug","RequestPayloadSize":500,"time":"2023-03-08T08:41:12Z","message":"Config"}
{"level":"debug","SignRequests":true,"time":"2023-03-08T08:41:12Z","message":"Config"}
{"level":"debug","ClientPrivKeyFile":"tls-data/client-ecdsa-256.key","time":"2023-03-08T08:41:12Z","message":"Config"}
{"level":"debug","ClientPubKeyFile":"tls-data/client-ecdsa-256.pem","time":"2023-03-08T08:41:12Z","message":"Config"}
{"level":"debug","PrecomputeRequests":false,"time":"2023-03-08T08:41:12Z","message":"Config"}
{"level":"debug","RequestHandlerThreads":32,"time":"2023-03-08T08:41:12Z","message":"Config"}
{"level":"debug","RequestInputChannelBuffer":8192,"time":"2023-03-08T08:41:12Z","message":"Config"}
{"level":"debug","BatchVerifier":"external","time":"2023-03-08T08:41:12Z","message":"Config"}
08:41:12.323 INF Registered with discovery server. numPeers=4 ownID=2
08:41:12.328 INF Profiling enabled.
08:41:12.328 INF Setting up profiling.
08:41:12.328 INF Started Profiler: CPU
08:41:12.328 INF Started Profiler: BLOCK
08:41:12.328 INF Started Profiler: MUTEX
08:41:12.328 INF Profiler will stop on signal. exit=true
08:41:12.329 INF Tracing will stop on signal. exit=false
08:41:12.330 INF Started tracing. traceFile=experiment-output/0000/slave-001/peer.trc
08:41:12.330 DBG Starting backlog.
08:41:12.330 INF Connecting to peer. addr=172.31.86.163:10022 basicConns=4 priorityConns=2
08:41:12.330 INF Connecting to peer. addr=172.31.95.189:10033 basicConns=4 priorityConns=2
08:41:12.330 INF Connecting to peer. addr=172.31.90.187:10000 basicConns=4 priorityConns=2
08:41:12.330 INF Listening for connections. port=10022 useTLS=false
08:41:12.330 INF Connecting to peer. addr=172.31.92.163:10011 basicConns=4 priorityConns=2
08:41:12.331 INF Incoming connection for protocol messages. addr=172.31.86.163:50176
08:41:12.332 INF Incoming connection for protocol messages. addr=172.31.95.189:36340
08:41:12.332 INF Incoming connection for protocol messages. addr=172.31.90.187:56436
08:41:12.332 INF Incoming connection for protocol messages. addr=172.31.92.163:43346
08:41:12.333 INF Incoming connection for protocol messages. addr=172.31.90.187:56438
08:41:12.333 INF Incoming connection for protocol messages. addr=172.31.92.163:43350
08:41:12.333 INF Incoming connection for protocol messages. addr=172.31.86.163:50182
08:41:12.333 INF Incoming connection for protocol messages. addr=172.31.86.163:50178
08:41:12.333 INF Incoming connection for protocol messages. addr=172.31.92.163:43344
08:41:12.333 INF Incoming connection for protocol messages. addr=172.31.92.163:43348
08:41:12.333 INF Incoming connection for protocol messages. addr=172.31.92.163:43338
08:41:12.333 INF Incoming connection for protocol messages. addr=172.31.92.163:43340
08:41:12.333 DBG Connected. peerID=3
08:41:12.333 INF Incoming connection for protocol messages. addr=172.31.86.163:50180
08:41:12.333 DBG Connected. peerID=0
08:41:12.333 INF Incoming connection for protocol messages. addr=172.31.95.189:36344
08:41:12.333 INF Incoming connection for protocol messages. addr=172.31.90.187:56442
08:41:12.333 INF Incoming connection for protocol messages. addr=172.31.95.189:36342
08:41:12.333 DBG Connected. peerID=1
08:41:12.333 INF Incoming connection for protocol messages. addr=172.31.90.187:56440
08:41:12.333 INF Incoming connection for protocol messages. addr=172.31.86.163:50184
08:41:12.334 INF Incoming connection for protocol messages. addr=172.31.90.187:56444
08:41:12.334 INF Incoming connection for protocol messages. addr=172.31.95.189:36346
08:41:12.334 INF Incoming connection for protocol messages. addr=172.31.90.187:56446
08:41:13.332 DBG Connected. peerID=2
08:41:13.332 INF Connected to all peers.
08:41:13.332 INF Incoming connection for protocol messages. addr=172.31.86.163:50186
08:41:13.333 INF Incoming connection for protocol messages. addr=172.31.95.189:36350
08:41:13.333 INF Incoming connection for protocol messages. addr=172.31.95.189:36348
08:41:13.334 INF All peers finished connecting. Starting ISS.
08:41:13.334 DBG Buckets for 0-th leader 0: [0 4 8 12 16 20 24 28 32 36 40 44 48 52 56 60]
08:41:13.334 DBG Buckets for 1-th leader 1: [1 5 9 13 17 21 25 29 33 37 41 45 49 53 57 61]
08:41:13.334 DBG Buckets for 2-th leader 2: [2 6 10 14 18 22 26 30 34 38 42 46 50 54 58 62]
08:41:13.334 DBG Buckets for 3-th leader 3: [3 7 11 15 19 23 27 31 35 39 43 47 51 55 59 63]
08:41:13.334 DBG s.leaders() is [3 0 1 2]
08:41:13.334 INF PbftOrderer received a new segment: [3 7 11 15 19 23 27 31 35 39 43 47 51 55 59 63 67 71 75 79 83 87 91 95 99 103 107 111 115 119 123 127] first leader=3 firstSN=3 lastSN=127 len=32 length=32 segId=3
08:41:13.334 DBG In init !!! 
08:41:13.334 DBG size of fakeQc size=24
08:41:13.334 INF Starting new view. segID=3 timeout=60000 view=0
08:41:13.334 DBG Starting timer. sn=3 view=0
08:41:13.334 DBG Key and Id list is :[0xc0002ae328 0xc0002ae338 0xc0002ae340 0xc0002ae348 0xc0002ae350 0xc0002ae358 0xc0002ae360 0xc0002ae368 0xc0002ae370 0xc0002ae378] , [0xc0002ae380 0xc0002ae390 0xc0002ae398 0xc0002ae3a0 0xc0002ae3a8 0xc0002ae3b0 0xc0002ae3b8 0xc0002ae3c0 0xc0002ae3c8 0xc0002ae3d0]
08:41:13.334 DBG blsID is 21 membershipID=2
08:41:13.334 DBG blsID is 22 membershipID=2
08:41:13.334 DBG blsID is 23 membershipID=2
08:41:13.334 DBG blsID is 24 membershipID=2
08:41:13.334 DBG blsID is 25 membershipID=2
08:41:13.334 DBG blsID is 26 membershipID=2
08:41:13.334 DBG blsID is 27 membershipID=2
08:41:13.334 DBG blsID is 28 membershipID=2
08:41:13.335 DBG blsID is 29 membershipID=2
08:41:13.335 DBG blsID is 30 membershipID=2
08:41:13.335 INF Starting PBFT instance. first=3 last=127 segID=3
08:41:13.335 DBG s.leaders() is [0 1 2 3]
08:41:13.335 INF PbftOrderer received a new segment: [0 4 8 12 16 20 24 28 32 36 40 44 48 52 56 60 64 68 72 76 80 84 88 92 96 100 104 108 112 116 120 124] first leader=0 firstSN=0 lastSN=124 len=32 length=32 segId=0
08:41:13.335 DBG In init !!! 
08:41:13.335 DBG Subscribing to backlog. segID=3
08:41:13.335 DBG size of fakeQc size=24
08:41:13.335 INF Starting new view. segID=0 timeout=60000 view=0
08:41:13.335 DBG Starting timer. sn=0 view=0
08:41:13.335 DBG Key and Id list is :[0xc0002ae328 0xc0002ae338 0xc0002ae340 0xc0002ae348 0xc0002ae350 0xc0002ae358 0xc0002ae360 0xc0002ae368 0xc0002ae370 0xc0002ae378] , [0xc0002ae380 0xc0002ae390 0xc0002ae398 0xc0002ae3a0 0xc0002ae3a8 0xc0002ae3b0 0xc0002ae3b8 0xc0002ae3c0 0xc0002ae3c8 0xc0002ae3d0]
08:41:13.335 INF Starting serialized message processing. segID=3
08:41:13.335 DBG blsID is 21 membershipID=2
08:41:13.335 DBG blsID is 22 membershipID=2
08:41:13.335 DBG blsID is 23 membershipID=2
08:41:13.335 DBG blsID is 24 membershipID=2
08:41:13.335 DBG blsID is 25 membershipID=2
08:41:13.335 DBG blsID is 26 membershipID=2
08:41:13.335 DBG blsID is 27 membershipID=2
08:41:13.335 DBG blsID is 28 membershipID=2
08:41:13.335 DBG blsID is 29 membershipID=2
08:41:13.335 DBG blsID is 30 membershipID=2
08:41:13.335 INF Starting PBFT instance. first=0 last=124 segID=0
08:41:13.335 DBG s.leaders() is [1 2 3 0]
08:41:13.335 INF Starting serialized message processing. segID=0
08:41:13.335 DBG Subscribing to backlog. segID=0
08:41:13.335 INF PbftOrderer received a new segment: [1 5 9 13 17 21 25 29 33 37 41 45 49 53 57 61 65 69 73 77 81 85 89 93 97 101 105 109 113 117 121 125] first leader=1 firstSN=1 lastSN=125 len=32 length=32 segId=1
08:41:13.335 DBG In init !!! 
08:41:13.335 DBG size of fakeQc size=24
08:41:13.335 INF Starting new view. segID=1 timeout=60000 view=0
08:41:13.335 DBG Starting timer. sn=1 view=0
08:41:13.335 DBG Key and Id list is :[0xc0002ae328 0xc0002ae338 0xc0002ae340 0xc0002ae348 0xc0002ae350 0xc0002ae358 0xc0002ae360 0xc0002ae368 0xc0002ae370 0xc0002ae378] , [0xc0002ae380 0xc0002ae390 0xc0002ae398 0xc0002ae3a0 0xc0002ae3a8 0xc0002ae3b0 0xc0002ae3b8 0xc0002ae3c0 0xc0002ae3c8 0xc0002ae3d0]
08:41:13.335 DBG blsID is 21 membershipID=2
08:41:13.335 DBG blsID is 22 membershipID=2
08:41:13.335 DBG blsID is 23 membershipID=2
08:41:13.335 DBG blsID is 24 membershipID=2
08:41:13.335 DBG blsID is 25 membershipID=2
08:41:13.335 DBG blsID is 26 membershipID=2
08:41:13.335 DBG blsID is 27 membershipID=2
08:41:13.335 DBG blsID is 28 membershipID=2
08:41:13.335 DBG blsID is 29 membershipID=2
08:41:13.335 DBG blsID is 30 membershipID=2
08:41:13.335 INF Starting PBFT instance. first=1 last=125 segID=1
08:41:13.335 DBG s.leaders() is [2 3 0 1]
08:41:13.335 INF PbftOrderer received a new segment: [2 6 10 14 18 22 26 30 34 38 42 46 50 54 58 62 66 70 74 78 82 86 90 94 98 102 106 110 114 118 122 126] first leader=2 firstSN=2 lastSN=126 len=32 length=32 segId=2
08:41:13.335 INF Starting serialized message processing. segID=1
08:41:13.335 DBG In init !!! 
08:41:13.335 DBG size of fakeQc size=24
08:41:13.335 INF Starting new view. segID=2 timeout=60000 view=0
08:41:13.335 DBG Subscribing to backlog. segID=1
08:41:13.335 DBG Starting timer. sn=2 view=0
08:41:13.335 DBG Key and Id list is :[0xc0002ae328 0xc0002ae338 0xc0002ae340 0xc0002ae348 0xc0002ae350 0xc0002ae358 0xc0002ae360 0xc0002ae368 0xc0002ae370 0xc0002ae378] , [0xc0002ae380 0xc0002ae390 0xc0002ae398 0xc0002ae3a0 0xc0002ae3a8 0xc0002ae3b0 0xc0002ae3b8 0xc0002ae3c0 0xc0002ae3c8 0xc0002ae3d0]
08:41:13.336 DBG blsID is 21 membershipID=2
08:41:13.336 DBG blsID is 22 membershipID=2
08:41:13.336 DBG blsID is 23 membershipID=2
08:41:13.336 DBG blsID is 24 membershipID=2
08:41:13.336 DBG blsID is 25 membershipID=2
08:41:13.336 DBG blsID is 26 membershipID=2
08:41:13.336 DBG blsID is 27 membershipID=2
08:41:13.336 DBG blsID is 28 membershipID=2
08:41:13.336 DBG blsID is 29 membershipID=2
08:41:13.336 DBG blsID is 30 membershipID=2
08:41:13.336 INF Starting PBFT instance. first=2 last=126 segID=2
08:41:13.336 INF Starting serialized message processing. segID=2
08:41:13.336 DBG Subscribing to backlog. segID=2
08:41:13.336 DBG Leading segment. segID=2
08:41:13.336 DBG Waiting for batch. batchSize=2048
08:41:13.345 INF Incoming connection for requests. addr=18.204.213.74:34454
08:41:13.345 INF Incoming connection for requests. addr=18.204.213.74:34456
08:41:14.336 DBG Batch ready. batchSize=2048
08:41:14.336 DBG In lead() loop sn=2
08:41:14.336 INF enter big block cursn=2
08:41:14.336 INF cursn==snfromhtntopropose SegID=2 cursn=2
08:41:14.336 DBG Batch cut. left=0 nBuckets=16 nReq=31 next=0
08:41:14.337 DBG Waiting for batch. batchSize=2048
08:41:14.337 INF Sending PREPREPARE. nReq=31 senderID=2 sn=2 view=0
08:41:14.338 INF Handling PREPREPARE. nReq=30 senderID=3 sn=3
08:41:14.338 DBG Creating new Batch. nReq=30
08:41:14.338 INF Handling PREPREPARE. nReq=32 senderID=1 sn=1
08:41:14.338 DBG Creating new Batch. nReq=32
08:41:14.340 DBG Sending PREPARE. senderID=2 sn=1 view=0
08:41:14.340 DBG func sendPrepare prepare Tn. sn=1 tn=1
08:41:14.340 DBG Sending PREPARE. senderID=2 sn=3 view=0
08:41:14.340 DBG func sendPrepare prepare Tn. sn=3 tn=1
08:41:14.340 DBG Sending COMMIT. senderID=2 sn=3 tn=1 view=0
08:41:14.340 DBG func sendCommit commit Tn. sn=3 tn=1
08:41:14.340 DBG Sending Htn. senderID=2 sn=3 view=0
08:41:14.341 DBG Sending COMMIT. senderID=2 sn=1 tn=1 view=0
08:41:14.341 DBG func sendCommit commit Tn. sn=1 tn=1
08:41:14.341 DBG Sending Htn. senderID=2 sn=1 view=0
08:41:14.341 DBG Sending COMMIT. senderID=2 sn=2 tn=1 view=0
08:41:14.341 DBG func sendCommit commit Tn. sn=2 tn=1
08:41:14.342 DBG func handleCommit commit Tn. tn=1
08:41:14.342 DBG func handleCommit commit Tn. tn=1
08:41:14.342 DBG func handleCommit commit Tn. tn=1
08:41:14.342 DBG func handleHtnmsg. newhtn=1 prelocalhtn=1 segment=2
08:41:14.342 DBG func handleCommit commit Tn. tn=1
08:41:14.342 DBG func handleCommit commit Tn. tn=1
08:41:14.342 INF Get logEntry.Sn from tn. SegID=1 Tn=1 logEntry.Sn=1 origin_sn=1
08:41:14.342 INF Get logEntry.Sn from tn. SegID=2 Tn=1 logEntry.Sn=2 origin_sn=2
08:41:14.342 INF Committed entry. latency=0 nReq=32 sn=1
08:41:14.342 INF Committed entry. latency=0 nReq=31 sn=2
08:41:14.342 DBG req_id is: [0 1 4 5 8 9 12 13 16 17 20 21 24 25 28 29 32 33 36 37 40 41 44 45 48 49 52 53 56 57 60 61] logEntry.Sn=1
08:41:14.342 DBG req_id is: [1 5 9 13 17 21 25 29 33 37 41 45 49 53 57 61 2 6 10 14 18 22 26 30 34 38 42 46 50 54 58] logEntry.Sn=2
08:41:14.342 DBG Starting timer. sn=6 view=0
08:41:14.342 DBG func handleCommit commit Tn. tn=1
08:41:14.342 DBG func handleHtnmsg. newhtn=1 prelocalhtn=1 segment=2
08:41:14.342 INF Set TRUE. sn=6
08:41:14.342 INF validHtnMsgs sets. validHtnMsgs=1
08:41:14.342 INF validHtnMsgs sets. validHtnMsgs=1
08:41:14.342 INF Get logEntry.Sn from tn. SegID=3 Tn=1 logEntry.Sn=3 origin_sn=3
08:41:14.342 DBG func handleCommit commit Tn. tn=1
08:41:14.342 INF Committed entry. latency=0 nReq=30 sn=3
08:41:14.342 DBG func handleHtnmsg. newhtn=1 prelocalhtn=1 segment=2
08:41:14.342 DBG req_id is: [2 6 10 14 18 22 26 30 34 38 42 46 50 54 58 3 7 11 15 19 23 27 31 35 39 43 47 51 55 59] logEntry.Sn=3
08:41:14.342 DBG Starting timer. sn=5 view=0
08:41:14.342 DBG func handleCommit commit Tn. tn=1
08:41:14.342 DBG Starting timer. sn=7 view=0
08:41:14.342 DBG func handleCommit commit Tn. tn=1
08:41:15.337 DBG Batch ready. batchSize=2048
08:41:15.338 DBG In lead() loop sn=6
08:41:15.338 INF enter big block cursn=6
08:41:15.338 INF cursn==snfromhtntopropose SegID=2 cursn=6
08:41:15.338 DBG Batch cut. left=0 nBuckets=16 nReq=32 next=0
08:41:15.338 DBG Waiting for batch. batchSize=2048
08:41:15.338 INF Handling PREPREPARE. nReq=32 senderID=3 sn=7
08:41:15.338 DBG Creating new Batch. nReq=32
08:41:15.338 INF Sending PREPREPARE. nReq=32 senderID=2 sn=6 view=0
08:41:15.339 INF Handling PREPREPARE. nReq=32 senderID=1 sn=5
08:41:15.339 DBG Creating new Batch. nReq=32
08:41:15.340 DBG Sending PREPARE. senderID=2 sn=7 view=0
08:41:15.340 DBG func sendPrepare prepare Tn. sn=7 tn=2
08:41:15.340 DBG Sending PREPARE. senderID=2 sn=5 view=0
08:41:15.340 DBG func sendPrepare prepare Tn. sn=5 tn=2
08:41:15.341 DBG Sending COMMIT. senderID=2 sn=7 tn=2 view=0
08:41:15.341 DBG func sendCommit commit Tn. sn=7 tn=2
08:41:15.341 DBG Sending Htn. senderID=2 sn=7 view=0
08:41:15.341 DBG func handleCommit commit Tn. tn=2
08:41:15.342 DBG Sending COMMIT. senderID=2 sn=5 tn=2 view=0
08:41:15.342 DBG func sendCommit commit Tn. sn=5 tn=2
08:41:15.342 DBG Sending Htn. senderID=2 sn=5 view=0
08:41:15.342 DBG func handleCommit commit Tn. tn=2
08:41:15.342 DBG func handleCommit commit Tn. tn=2
08:41:15.342 DBG Sending COMMIT. senderID=2 sn=6 tn=2 view=0
08:41:15.342 DBG func sendCommit commit Tn. sn=6 tn=2
08:41:15.342 INF Get logEntry.Sn from tn. SegID=3 Tn=2 logEntry.Sn=7 origin_sn=7
08:41:15.342 DBG func handleCommit commit Tn. tn=2
08:41:15.342 DBG func handleCommit commit Tn. tn=2
08:41:15.342 DBG func handleHtnmsg. newhtn=2 prelocalhtn=2 segment=2
08:41:15.342 INF Get logEntry.Sn from tn. SegID=1 Tn=2 logEntry.Sn=5 origin_sn=5
08:41:15.342 DBG func handleCommit commit Tn. tn=2
08:41:15.342 INF Committed entry. latency=0 nReq=32 sn=5
08:41:15.342 DBG req_id is: [64 65 68 69 72 73 76 77 80 81 84 85 88 89 92 93 96 97 100 101 104 105 108 109 112 113 116 117 120 121 124 125] logEntry.Sn=5
08:41:15.342 DBG Starting timer. sn=9 view=0
08:41:15.342 DBG func handleCommit commit Tn. tn=2
08:41:15.342 INF Committed entry. latency=0 nReq=32 sn=7
08:41:15.342 INF Get logEntry.Sn from tn. SegID=2 Tn=2 logEntry.Sn=6 origin_sn=6
08:41:15.342 INF Committed entry. latency=0 nReq=32 sn=6
08:41:15.342 DBG req_id is: [66 67 70 71 74 75 78 79 82 83 86 87 90 91 94 95 98 99 102 103 106 107 110 111 114 115 118 119 122 123 62 63] logEntry.Sn=7
08:41:15.342 DBG req_id is: [65 66 69 70 73 74 77 78 81 82 85 86 89 90 93 94 97 98 101 102 105 106 109 110 113 114 117 118 121 122 62 125] logEntry.Sn=6
08:41:15.342 DBG Starting timer. sn=11 view=0
08:41:15.342 DBG Starting timer. sn=10 view=0
08:41:15.342 DBG func handleCommit commit Tn. tn=2
08:41:15.342 DBG func handleHtnmsg. newhtn=2 prelocalhtn=2 segment=2
08:41:15.342 INF Set TRUE. sn=10
08:41:15.342 INF validHtnMsgs sets. validHtnMsgs=2
08:41:15.342 INF validHtnMsgs sets. validHtnMsgs=2
08:41:15.343 DBG func handleCommit commit Tn. tn=2
08:41:15.343 DBG func handleHtnmsg. newhtn=2 prelocalhtn=2 segment=2
08:41:16.338 DBG Batch ready. batchSize=2048
08:41:16.338 DBG In lead() loop sn=10
08:41:16.338 INF enter big block cursn=10
08:41:16.338 INF cursn==snfromhtntopropose SegID=2 cursn=10
08:41:16.338 DBG Batch cut. left=0 nBuckets=16 nReq=32 next=0
08:41:16.338 DBG Waiting for batch. batchSize=2048
08:41:16.339 INF Sending PREPREPARE. nReq=32 senderID=2 sn=10 view=0
08:41:16.339 INF Handling PREPREPARE. nReq=32 senderID=3 sn=11
08:41:16.339 DBG Creating new Batch. nReq=32
08:41:16.339 INF Handling PREPREPARE. nReq=32 senderID=1 sn=9
08:41:16.339 DBG Creating new Batch. nReq=32
08:41:16.341 DBG Sending PREPARE. senderID=2 sn=9 view=0
08:41:16.341 DBG func sendPrepare prepare Tn. sn=9 tn=3
08:41:16.341 DBG Sending PREPARE. senderID=2 sn=11 view=0
08:41:16.341 DBG func sendPrepare prepare Tn. sn=11 tn=3
08:41:16.342 DBG Sending COMMIT. senderID=2 sn=11 tn=3 view=0
08:41:16.342 DBG func sendCommit commit Tn. sn=11 tn=3
08:41:16.342 DBG Sending Htn. senderID=2 sn=11 view=0
08:41:16.342 DBG Sending COMMIT. senderID=2 sn=10 tn=3 view=0
08:41:16.342 DBG Sending COMMIT. senderID=2 sn=9 tn=3 view=0
08:41:16.342 DBG func sendCommit commit Tn. sn=9 tn=3
08:41:16.342 DBG Sending Htn. senderID=2 sn=9 view=0
08:41:16.342 DBG func sendCommit commit Tn. sn=10 tn=3
08:41:16.344 DBG func handleCommit commit Tn. tn=3
08:41:16.344 DBG func handleCommit commit Tn. tn=3
08:41:16.344 DBG func handleCommit commit Tn. tn=3
08:41:16.344 DBG func handleHtnmsg. newhtn=3 prelocalhtn=3 segment=2
08:41:16.344 INF Get logEntry.Sn from tn. SegID=1 Tn=3 logEntry.Sn=9 origin_sn=9
08:41:16.344 DBG func handleCommit commit Tn. tn=3
08:41:16.344 INF Committed entry. latency=0 nReq=32 sn=9
08:41:16.344 DBG func handleCommit commit Tn. tn=3
08:41:16.344 DBG func handleCommit commit Tn. tn=3
08:41:16.344 DBG req_id is: [128 129 132 133 136 137 140 141 144 145 148 149 152 153 156 157 160 161 164 165 168 169 172 173 176 177 180 181 184 185 188 189] logEntry.Sn=9
08:41:16.344 INF Get logEntry.Sn from tn. SegID=3 Tn=3 logEntry.Sn=11 origin_sn=11
08:41:16.344 DBG Starting timer. sn=13 view=0
08:41:16.344 DBG func handleCommit commit Tn. tn=3
08:41:16.344 INF Get logEntry.Sn from tn. SegID=2 Tn=3 logEntry.Sn=10 origin_sn=10
08:41:16.344 INF Committed entry. latency=0 nReq=32 sn=11
08:41:16.344 DBG req_id is: [130 131 134 135 138 139 142 143 146 147 150 151 154 155 158 159 162 163 166 167 170 171 174 175 178 179 182 183 186 187 126 127] logEntry.Sn=11
08:41:16.344 DBG Starting timer. sn=15 view=0
08:41:16.344 DBG func handleCommit commit Tn. tn=3
08:41:16.344 INF Committed entry. latency=0 nReq=32 sn=10
08:41:16.344 DBG req_id is: [129 130 133 134 137 138 141 142 145 146 149 150 153 154 157 158 161 162 165 166 169 170 173 174 177 178 181 182 185 186 126 189] logEntry.Sn=10
08:41:16.344 DBG Starting timer. sn=14 view=0
08:41:16.344 DBG func handleHtnmsg. newhtn=3 prelocalhtn=3 segment=2
08:41:16.344 INF Set TRUE. sn=14
08:41:16.344 INF validHtnMsgs sets. validHtnMsgs=3
08:41:16.344 INF validHtnMsgs sets. validHtnMsgs=3
08:41:16.344 DBG func handleCommit commit Tn. tn=3
08:41:16.344 DBG func handleHtnmsg. newhtn=3 prelocalhtn=3 segment=2
08:41:17.339 DBG Batch ready. batchSize=2048
08:41:17.339 DBG In lead() loop sn=14
08:41:17.339 INF enter big block cursn=14
08:41:17.339 INF cursn==snfromhtntopropose SegID=2 cursn=14
08:41:17.339 DBG Batch cut. left=0 nBuckets=16 nReq=32 next=0
08:41:17.339 DBG Waiting for batch. batchSize=2048
08:41:17.340 INF Sending PREPREPARE. nReq=32 senderID=2 sn=14 view=0
08:41:17.340 INF Handling PREPREPARE. nReq=32 senderID=1 sn=13
08:41:17.340 DBG Creating new Batch. nReq=32
08:41:17.341 INF Handling PREPREPARE. nReq=32 senderID=3 sn=15
08:41:17.341 DBG Creating new Batch. nReq=32
08:41:17.341 DBG Sending PREPARE. senderID=2 sn=13 view=0
08:41:17.341 DBG func sendPrepare prepare Tn. sn=13 tn=4
08:41:17.342 DBG Sending COMMIT. senderID=2 sn=14 tn=4 view=0
08:41:17.342 DBG func sendCommit commit Tn. sn=14 tn=4
08:41:17.342 DBG Sending PREPARE. senderID=2 sn=15 view=0
08:41:17.342 DBG func sendPrepare prepare Tn. sn=15 tn=4
08:41:17.343 DBG func handleCommit commit Tn. tn=4
08:41:17.343 DBG Sending COMMIT. senderID=2 sn=13 tn=4 view=0
08:41:17.343 DBG func handleHtnmsg. newhtn=4 prelocalhtn=4 segment=2
08:41:17.343 DBG func sendCommit commit Tn. sn=13 tn=4
08:41:17.343 DBG Sending Htn. senderID=2 sn=13 view=0
08:41:17.343 DBG func handleCommit commit Tn. tn=4
08:41:17.343 DBG func handleCommit commit Tn. tn=4
08:41:17.343 DBG func handleCommit commit Tn. tn=4
08:41:17.343 INF Get logEntry.Sn from tn. SegID=2 Tn=4 logEntry.Sn=14 origin_sn=14
08:41:17.343 INF Get logEntry.Sn from tn. SegID=1 Tn=4 logEntry.Sn=13 origin_sn=13
08:41:17.343 INF Committed entry. latency=0 nReq=32 sn=14
08:41:17.343 INF Committed entry. latency=0 nReq=32 sn=13
08:41:17.343 DBG req_id is: [193 194 197 198 201 202 205 206 209 210 213 214 217 218 221 222 225 226 229 230 233 234 237 238 241 242 245 246 249 250 190 253] logEntry.Sn=14
08:41:17.343 DBG Starting timer. sn=18 view=0
08:41:17.343 DBG func handleHtnmsg. newhtn=4 prelocalhtn=4 segment=2
08:41:17.343 INF Set TRUE. sn=18
08:41:17.343 INF validHtnMsgs sets. validHtnMsgs=4
08:41:17.343 DBG req_id is: [192 193 196 197 200 201 204 205 208 209 212 213 216 217 220 221 224 225 228 229 232 233 236 237 240 241 244 245 248 249 252 253] logEntry.Sn=13
08:41:17.343 DBG Starting timer. sn=17 view=0
08:41:17.343 DBG func handleCommit commit Tn. tn=4
08:41:17.343 DBG Sending COMMIT. senderID=2 sn=15 tn=4 view=0
08:41:17.343 INF validHtnMsgs sets. validHtnMsgs=4
08:41:17.343 DBG func sendCommit commit Tn. sn=15 tn=4
08:41:17.343 DBG func handleCommit commit Tn. tn=4
08:41:17.343 DBG Sending Htn. senderID=2 sn=15 view=0
08:41:17.343 DBG func handleHtnmsg. newhtn=4 prelocalhtn=4 segment=2
08:41:17.344 DBG func handleCommit commit Tn. tn=4
08:41:17.344 DBG func handleCommit commit Tn. tn=4
08:41:17.344 INF Get logEntry.Sn from tn. SegID=3 Tn=4 logEntry.Sn=15 origin_sn=15
08:41:17.344 INF Committed entry. latency=0 nReq=32 sn=15
08:41:17.344 DBG req_id is: [194 195 198 199 202 203 206 207 210 211 214 215 218 219 222 223 226 227 230 231 234 235 238 239 242 243 246 247 250 251 190 191] logEntry.Sn=15
08:41:17.344 DBG Starting timer. sn=19 view=0
08:41:17.344 DBG func handleCommit commit Tn. tn=4
08:41:18.339 DBG Batch ready. batchSize=2048
08:41:18.339 DBG In lead() loop sn=18
08:41:18.339 INF enter big block cursn=18
08:41:18.339 INF cursn==snfromhtntopropose SegID=2 cursn=18
08:41:18.339 DBG Batch cut. left=0 nBuckets=16 nReq=32 next=0
08:41:18.339 DBG Waiting for batch. batchSize=2048
08:41:18.340 INF Sending PREPREPARE. nReq=32 senderID=2 sn=18 view=0
08:41:18.341 INF Handling PREPREPARE. nReq=32 senderID=1 sn=17
08:41:18.341 DBG Creating new Batch. nReq=32
08:41:18.341 INF Handling PREPREPARE. nReq=32 senderID=3 sn=19
08:41:18.341 DBG Creating new Batch. nReq=32
08:41:18.342 DBG Sending PREPARE. senderID=2 sn=17 view=0
08:41:18.342 DBG Sending PREPARE. senderID=2 sn=19 view=0
08:41:18.342 DBG func sendPrepare prepare Tn. sn=17 tn=5
08:41:18.342 DBG func sendPrepare prepare Tn. sn=19 tn=5
08:41:18.343 DBG Sending COMMIT. senderID=2 sn=18 tn=5 view=0
08:41:18.343 DBG func sendCommit commit Tn. sn=18 tn=5
08:41:18.343 DBG func handleCommit commit Tn. tn=5
08:41:18.343 DBG func handleHtnmsg. newhtn=5 prelocalhtn=5 segment=2
08:41:18.343 DBG func handleCommit commit Tn. tn=5
08:41:18.343 DBG Sending COMMIT. senderID=2 sn=17 tn=5 view=0
08:41:18.343 DBG func sendCommit commit Tn. sn=17 tn=5
08:41:18.343 INF Get logEntry.Sn from tn. SegID=2 Tn=5 logEntry.Sn=18 origin_sn=18
08:41:18.343 DBG Sending Htn. senderID=2 sn=17 view=0
08:41:18.343 INF Committed entry. latency=0 nReq=32 sn=18
08:41:18.343 DBG req_id is: [257 258 261 262 265 266 269 270 273 274 277 278 281 282 285 286 289 290 293 294 297 298 301 302 305 306 309 310 313 314 254 317] logEntry.Sn=18
08:41:18.343 DBG Starting timer. sn=22 view=0
08:41:18.343 DBG func handleHtnmsg. newhtn=5 prelocalhtn=5 segment=2
08:41:18.343 INF Set TRUE. sn=22
08:41:18.343 INF validHtnMsgs sets. validHtnMsgs=5
08:41:18.343 INF validHtnMsgs sets. validHtnMsgs=5
08:41:18.343 DBG func handleCommit commit Tn. tn=5
08:41:18.343 DBG Sending COMMIT. senderID=2 sn=19 tn=5 view=0
08:41:18.343 DBG func sendCommit commit Tn. sn=19 tn=5
08:41:18.343 DBG Sending Htn. senderID=2 sn=19 view=0
08:41:18.345 DBG func handleCommit commit Tn. tn=5
08:41:18.345 DBG func handleCommit commit Tn. tn=5
08:41:18.345 DBG func handleCommit commit Tn. tn=5
08:41:18.345 DBG func handleHtnmsg. newhtn=5 prelocalhtn=5 segment=2
08:41:18.345 DBG func handleCommit commit Tn. tn=5
08:41:18.345 INF Get logEntry.Sn from tn. SegID=3 Tn=5 logEntry.Sn=19 origin_sn=19
08:41:18.345 INF Committed entry. latency=0 nReq=32 sn=19
08:41:18.345 DBG req_id is: [258 259 262 263 266 267 270 271 274 275 278 279 282 283 286 287 290 291 294 295 298 299 302 303 306 307 310 311 314 315 254 255] logEntry.Sn=19
08:41:18.345 DBG Starting timer. sn=23 view=0
08:41:18.345 DBG func handleCommit commit Tn. tn=5
08:41:18.345 INF Get logEntry.Sn from tn. SegID=1 Tn=5 logEntry.Sn=17 origin_sn=17
08:41:18.345 INF Committed entry. latency=0 nReq=32 sn=17
08:41:18.345 DBG req_id is: [256 257 260 261 264 265 268 269 272 273 276 277 280 281 284 285 288 289 292 293 296 297 300 301 304 305 308 309 312 313 316 317] logEntry.Sn=17
08:41:18.345 DBG Starting timer. sn=21 view=0
08:41:18.345 DBG func handleCommit commit Tn. tn=5
08:41:19.340 DBG Batch ready. batchSize=2048
08:41:19.340 DBG In lead() loop sn=22
08:41:19.340 INF enter big block cursn=22
08:41:19.340 INF cursn==snfromhtntopropose SegID=2 cursn=22
08:41:19.340 DBG Batch cut. left=0 nBuckets=16 nReq=32 next=0
08:41:19.340 DBG Waiting for batch. batchSize=2048
08:41:19.341 INF Sending PREPREPARE. nReq=32 senderID=2 sn=22 view=0
08:41:19.341 INF Handling PREPREPARE. nReq=32 senderID=1 sn=21
08:41:19.341 DBG Creating new Batch. nReq=32
08:41:19.342 INF Handling PREPREPARE. nReq=32 senderID=3 sn=23
08:41:19.342 DBG Creating new Batch. nReq=32
08:41:19.342 DBG Sending PREPARE. senderID=2 sn=21 view=0
08:41:19.342 DBG func sendPrepare prepare Tn. sn=21 tn=6
08:41:19.343 DBG Sending PREPARE. senderID=2 sn=23 view=0
08:41:19.343 DBG func sendPrepare prepare Tn. sn=23 tn=6
08:41:19.343 INF Handling PREPREPARE. nReq=191 senderID=0 sn=20
08:41:19.343 DBG Creating new Batch. nReq=191
08:41:19.346 DBG Sending COMMIT. senderID=2 sn=22 tn=6 view=0
08:41:19.346 DBG func sendCommit commit Tn. sn=22 tn=6
08:41:19.346 DBG func handleCommit commit Tn. tn=6
08:41:19.346 DBG Sending COMMIT. senderID=2 sn=23 tn=6 view=0
08:41:19.346 DBG func handleHtnmsg. newhtn=6 prelocalhtn=6 segment=2
08:41:19.346 DBG func sendCommit commit Tn. sn=23 tn=6
08:41:19.346 DBG func handleCommit commit Tn. tn=6
08:41:19.346 DBG Sending Htn. senderID=2 sn=23 view=0
08:41:19.346 INF Get logEntry.Sn from tn. SegID=2 Tn=6 logEntry.Sn=22 origin_sn=22
08:41:19.346 INF Committed entry. latency=0 nReq=32 sn=22
08:41:19.346 DBG req_id is: [321 322 325 326 329 330 333 334 337 338 341 342 345 346 349 350 353 354 357 358 361 362 365 366 369 370 373 374 377 378 318 381] logEntry.Sn=22
08:41:19.346 DBG Starting timer. sn=26 view=0
08:41:19.346 DBG func handleHtnmsg. newhtn=6 prelocalhtn=6 segment=2
08:41:19.346 INF Set TRUE. sn=26
08:41:19.346 INF validHtnMsgs sets. validHtnMsgs=6
08:41:19.346 INF validHtnMsgs sets. validHtnMsgs=6
08:41:19.346 DBG func handleCommit commit Tn. tn=6
08:41:19.346 DBG Sending COMMIT. senderID=2 sn=21 tn=6 view=0
08:41:19.346 DBG func sendCommit commit Tn. sn=21 tn=6
08:41:19.346 DBG Sending Htn. senderID=2 sn=21 view=0
08:41:19.346 DBG func handleCommit commit Tn. tn=6
08:41:19.346 DBG func handleCommit commit Tn. tn=6
08:41:19.346 INF Get logEntry.Sn from tn. SegID=1 Tn=6 logEntry.Sn=21 origin_sn=21
08:41:19.346 INF Committed entry. latency=0 nReq=32 sn=21
08:41:19.346 DBG req_id is: [320 321 324 325 328 329 332 333 336 337 340 341 344 345 348 349 352 353 356 357 360 361 364 365 368 369 372 373 376 377 380 381] logEntry.Sn=21
08:41:19.346 DBG Starting timer. sn=25 view=0
08:41:19.349 DBG func handleCommit commit Tn. tn=6
08:41:19.349 INF Get logEntry.Sn from tn. SegID=3 Tn=6 logEntry.Sn=23 origin_sn=23
08:41:19.349 INF Committed entry. latency=0 nReq=32 sn=23
08:41:19.349 DBG req_id is: [322 323 326 327 330 331 334 335 338 339 342 343 346 347 350 351 354 355 358 359 362 363 366 367 370 371 374 375 378 379 318 319] logEntry.Sn=23
08:41:19.349 DBG Starting timer. sn=27 view=0
08:41:19.349 DBG func handleCommit commit Tn. tn=6
08:41:19.349 DBG func handleCommit commit Tn. tn=6
08:41:19.349 DBG func handleHtnmsg. newhtn=6 prelocalhtn=6 segment=2
08:41:19.349 DBG func handleCommit commit Tn. tn=6
08:41:19.350 DBG Sending PREPARE. senderID=2 sn=20 view=0
08:41:19.350 DBG func sendPrepare prepare Tn. sn=20 tn=6
08:41:19.350 DBG Sending COMMIT. senderID=2 sn=20 tn=6 view=0
08:41:19.350 DBG func sendCommit commit Tn. sn=20 tn=6
08:41:19.350 DBG Sending Htn. senderID=2 sn=20 view=0
08:41:19.351 DBG func handleCommit commit Tn. tn=6
08:41:19.353 DBG func handleCommit commit Tn. tn=6
08:41:19.353 INF Committed nil entry. latency=0 sn=0
08:41:19.353 INF Delivered nil batch. sn=0
08:41:19.353 INF Delivered batch. nReq=32 sn=1
08:41:19.353 INF Delivered batch. nReq=31 sn=2
08:41:19.353 INF Delivered batch. nReq=30 sn=3
08:41:19.353 INF Get logEntry.Sn from tn. Nil Blocks. SegID=0 logEntry.Sn=0
08:41:19.353 INF Committed nil entry. latency=0 sn=4
08:41:19.353 INF Delivered nil batch. sn=4
08:41:19.353 INF Delivered batch. nReq=32 sn=5
08:41:19.353 INF Delivered batch. nReq=32 sn=6
08:41:19.353 INF Delivered batch. nReq=32 sn=7
08:41:19.353 INF Get logEntry.Sn from tn. Nil Blocks. SegID=0 logEntry.Sn=4
08:41:19.353 INF Committed nil entry. latency=0 sn=8
08:41:19.353 INF Delivered nil batch. sn=8
08:41:19.353 INF Delivered batch. nReq=32 sn=9
08:41:19.353 INF Delivered batch. nReq=32 sn=10
08:41:19.353 INF Delivered batch. nReq=32 sn=11
08:41:19.353 INF Get logEntry.Sn from tn. Nil Blocks. SegID=0 logEntry.Sn=8
08:41:19.353 INF Committed nil entry. latency=0 sn=12
08:41:19.353 INF Delivered nil batch. sn=12
08:41:19.353 INF Delivered batch. nReq=32 sn=13
08:41:19.353 INF Delivered batch. nReq=32 sn=14
08:41:19.353 INF Delivered batch. nReq=32 sn=15
08:41:19.353 INF Get logEntry.Sn from tn. Nil Blocks. SegID=0 logEntry.Sn=12
08:41:19.353 INF Committed nil entry. latency=0 sn=16
08:41:19.353 INF Delivered nil batch. sn=16
08:41:19.353 INF Delivered batch. nReq=32 sn=17
08:41:19.353 INF Delivered batch. nReq=32 sn=18
08:41:19.354 INF Delivered batch. nReq=32 sn=19
08:41:19.354 INF Get logEntry.Sn from tn. Nil Blocks. SegID=0 logEntry.Sn=16
08:41:19.354 DBG Starting timer. sn=24 view=0
08:41:19.354 INF Get logEntry.Sn from tn. SegID=0 Tn=6 logEntry.Sn=20 origin_sn=20
08:41:19.354 INF Committed entry. latency=0 nReq=191 sn=20
08:41:19.354 INF Delivered batch. nReq=191 sn=20
08:41:19.354 INF Delivered batch. nReq=32 sn=21
08:41:19.354 INF Delivered batch. nReq=32 sn=22
08:41:19.354 INF Delivered batch. nReq=32 sn=23
08:41:19.354 DBG req_id is: [0 63 64 127 128 191 192 255 256 319 320 3 4 67 68 131 132 195 196 259 260 323 7 8 71 72 135 136 199 200 263 264 327 11 12 75 76 139 140 203 204 267 268 331 15 16 79 80 143 144 207 208 271 272 335 19 20 83 84 147 148 211 212 275 276 339 23 24 87 88 151 152 215 216 279 280 343 27 28 91 92 155 156 219 220 283 284 347 31 32 95 96 159 160 223 224 287 288 351 35 36 99 100 163 164 227 228 291 292 355 39 40 103 104 167 168 231 232 295 296 359 43 44 107 108 171 172 235 236 299 300 363 47 48 111 112 175 176 239 240 303 304 367 51 52 115 116 179 180 243 244 307 308 371 55 56 119 120 183 184 247 248 311 312 375 59 60 123 124 187 188 251 252 315 316 379 324 328 332 336 340 344 348 352 356 360 364 368 372 376 380] logEntry.Sn=20
08:41:19.354 DBG Timer already started. sn=24 view=0
08:41:19.354 DBG func handleCommit commit Tn. tn=6
08:41:20.341 DBG Batch ready. batchSize=2048
08:41:20.341 DBG In lead() loop sn=26
08:41:20.341 INF enter big block cursn=26
08:41:20.341 INF cursn==snfromhtntopropose SegID=2 cursn=26
08:41:20.341 DBG Batch cut. left=0 nBuckets=16 nReq=33 next=0
08:41:20.341 DBG Waiting for batch. batchSize=2048
08:41:20.342 INF Sending PREPREPARE. nReq=33 senderID=2 sn=26 view=0
08:41:20.342 INF Handling PREPREPARE. nReq=32 senderID=1 sn=25
08:41:20.342 DBG Creating new Batch. nReq=32
08:41:20.342 INF Handling PREPREPARE. nReq=32 senderID=3 sn=27
08:41:20.342 DBG Creating new Batch. nReq=32
08:41:20.344 DBG Sending PREPARE. senderID=2 sn=25 view=0
08:41:20.344 DBG Sending PREPARE. senderID=2 sn=27 view=0
08:41:20.344 DBG func sendPrepare prepare Tn. sn=27 tn=7
08:41:20.344 DBG func sendPrepare prepare Tn. sn=25 tn=7
08:41:20.345 DBG Sending COMMIT. senderID=2 sn=25 tn=7 view=0
08:41:20.345 DBG func sendCommit commit Tn. sn=25 tn=7
08:41:20.345 DBG Sending COMMIT. senderID=2 sn=27 tn=7 view=0
08:41:20.345 DBG Sending Htn. senderID=2 sn=25 view=0
08:41:20.345 DBG Sending COMMIT. senderID=2 sn=26 tn=7 view=0
08:41:20.345 DBG func sendCommit commit Tn. sn=26 tn=7
08:41:20.345 DBG func sendCommit commit Tn. sn=27 tn=7
08:41:20.345 DBG Sending Htn. senderID=2 sn=27 view=0
08:41:20.346 DBG func handleCommit commit Tn. tn=7
08:41:20.346 DBG func handleCommit commit Tn. tn=7
08:41:20.346 DBG func handleCommit commit Tn. tn=7
08:41:20.346 DBG func handleHtnmsg. newhtn=7 prelocalhtn=7 segment=2
08:41:20.347 DBG func handleCommit commit Tn. tn=7
08:41:20.347 DBG func handleCommit commit Tn. tn=7
08:41:20.347 INF Get logEntry.Sn from tn. SegID=1 Tn=7 logEntry.Sn=25 origin_sn=25
08:41:20.347 DBG func handleCommit commit Tn. tn=7
08:41:20.347 INF Committed entry. latency=0 nReq=32 sn=25
08:41:20.347 DBG req_id is: [384 385 388 389 392 393 396 397 400 401 404 405 408 409 412 413 416 417 420 421 424 425 428 429 432 433 436 437 440 441 444 445] logEntry.Sn=25
08:41:20.347 DBG Starting timer. sn=29 view=0
08:41:20.347 DBG func handleCommit commit Tn. tn=7
08:41:20.347 INF Get logEntry.Sn from tn. SegID=2 Tn=7 logEntry.Sn=26 origin_sn=26
08:41:20.347 INF Committed entry. latency=0 nReq=33 sn=26
08:41:20.347 INF Get logEntry.Sn from tn. SegID=3 Tn=7 logEntry.Sn=27 origin_sn=27
08:41:20.347 DBG req_id is: [385 386 389 390 393 394 397 398 401 402 405 406 409 410 413 414 417 418 421 422 425 426 429 430 433 434 437 438 441 442 382 445 446] logEntry.Sn=26
08:41:20.347 DBG Starting timer. sn=30 view=0
08:41:20.347 INF Committed entry. latency=0 nReq=32 sn=27
08:41:20.347 DBG func handleHtnmsg. newhtn=7 prelocalhtn=7 segment=2
08:41:20.347 INF Set TRUE. sn=30
08:41:20.347 INF validHtnMsgs sets. validHtnMsgs=7
08:41:20.347 INF validHtnMsgs sets. validHtnMsgs=7
08:41:20.347 DBG func handleCommit commit Tn. tn=7
08:41:20.347 DBG func handleHtnmsg. newhtn=7 prelocalhtn=7 segment=2
08:41:20.347 DBG req_id is: [386 387 390 391 394 395 398 399 402 403 406 407 410 411 414 415 418 419 422 423 426 427 430 431 434 435 438 439 442 443 382 383] logEntry.Sn=27
08:41:20.347 DBG Starting timer. sn=31 view=0
08:41:20.347 DBG func handleCommit commit Tn. tn=7
08:41:21.341 DBG Batch ready. batchSize=2048
08:41:21.341 DBG In lead() loop sn=30
08:41:21.341 INF enter big block cursn=30
08:41:21.341 INF cursn==snfromhtntopropose SegID=2 cursn=30
08:41:21.341 DBG Batch cut. left=0 nBuckets=16 nReq=32 next=0
08:41:21.341 DBG Waiting for batch. batchSize=2048
08:41:21.342 INF Sending PREPREPARE. nReq=32 senderID=2 sn=30 view=0
08:41:21.343 INF Handling PREPREPARE. nReq=32 senderID=1 sn=29
08:41:21.343 DBG Creating new Batch. nReq=32
08:41:21.343 INF Handling PREPREPARE. nReq=32 senderID=3 sn=31
08:41:21.343 DBG Creating new Batch. nReq=32
08:41:21.344 DBG Sending PREPARE. senderID=2 sn=31 view=0
08:41:21.344 DBG func sendPrepare prepare Tn. sn=31 tn=8
08:41:21.344 DBG Sending PREPARE. senderID=2 sn=29 view=0
08:41:21.344 DBG func sendPrepare prepare Tn. sn=29 tn=8
08:41:21.345 DBG Sending COMMIT. senderID=2 sn=29 tn=8 view=0
08:41:21.345 DBG func sendCommit commit Tn. sn=29 tn=8
08:41:21.345 DBG Sending Htn. senderID=2 sn=29 view=0
08:41:21.345 DBG Sending COMMIT. senderID=2 sn=30 tn=8 view=0
08:41:21.345 DBG Sending COMMIT. senderID=2 sn=31 tn=8 view=0
08:41:21.345 DBG func sendCommit commit Tn. sn=30 tn=8
08:41:21.345 DBG func sendCommit commit Tn. sn=31 tn=8
08:41:21.345 DBG Sending Htn. senderID=2 sn=31 view=0
08:41:21.345 DBG func handleCommit commit Tn. tn=8
08:41:21.345 DBG func handleCommit commit Tn. tn=8
08:41:21.345 DBG func handleCommit commit Tn. tn=8
08:41:21.345 DBG func handleHtnmsg. newhtn=8 prelocalhtn=8 segment=2
08:41:21.347 DBG func handleCommit commit Tn. tn=8
08:41:21.347 DBG func handleCommit commit Tn. tn=8
08:41:21.347 DBG func handleCommit commit Tn. tn=8
08:41:21.347 INF Get logEntry.Sn from tn. SegID=1 Tn=8 logEntry.Sn=29 origin_sn=29
08:41:21.347 INF Committed entry. latency=0 nReq=32 sn=29
08:41:21.347 DBG req_id is: [448 449 452 453 456 457 460 461 464 465 468 469 472 473 476 477 480 481 484 485 488 489 492 493 496 497 500 501 504 505 508 509] logEntry.Sn=29
08:41:21.347 INF Get logEntry.Sn from tn. SegID=2 Tn=8 logEntry.Sn=30 origin_sn=30
08:41:21.347 DBG Starting timer. sn=33 view=0
08:41:21.347 INF Committed entry. latency=0 nReq=32 sn=30
08:41:21.347 DBG func handleCommit commit Tn. tn=8
08:41:21.347 INF Get logEntry.Sn from tn. SegID=3 Tn=8 logEntry.Sn=31 origin_sn=31
08:41:21.347 INF Committed entry. latency=0 nReq=32 sn=31
08:41:21.347 DBG req_id is: [449 450 453 454 457 458 461 462 465 466 469 470 473 474 477 478 481 482 485 486 489 490 493 494 497 498 501 502 505 506 509 510] logEntry.Sn=30
08:41:21.347 DBG req_id is: [450 451 454 455 458 459 462 463 466 467 470 471 474 475 478 479 482 483 486 487 490 491 494 495 498 499 502 503 506 507 446 447] logEntry.Sn=31
08:41:21.347 DBG Starting timer. sn=34 view=0
08:41:21.347 DBG Starting timer. sn=35 view=0
08:41:21.347 DBG func handleCommit commit Tn. tn=8
08:41:21.347 DBG func handleHtnmsg. newhtn=8 prelocalhtn=8 segment=2
08:41:21.347 INF Set TRUE. sn=34
08:41:21.347 INF validHtnMsgs sets. validHtnMsgs=8
08:41:21.347 INF validHtnMsgs sets. validHtnMsgs=8
08:41:21.347 DBG func handleCommit commit Tn. tn=8
08:41:21.347 DBG func handleHtnmsg. newhtn=8 prelocalhtn=8 segment=2
08:41:22.342 DBG Batch ready. batchSize=2048
08:41:22.342 DBG In lead() loop sn=34
08:41:22.342 INF enter big block cursn=34
08:41:22.342 INF cursn==snfromhtntopropose SegID=2 cursn=34
08:41:22.342 DBG Batch cut. left=0 nBuckets=16 nReq=32 next=0
08:41:22.343 DBG Waiting for batch. batchSize=2048
08:41:22.343 INF Sending PREPREPARE. nReq=32 senderID=2 sn=34 view=0
08:41:22.344 INF Handling PREPREPARE. nReq=32 senderID=1 sn=33
08:41:22.344 DBG Creating new Batch. nReq=32
08:41:22.345 DBG Sending PREPARE. senderID=2 sn=33 view=0
08:41:22.345 DBG func sendPrepare prepare Tn. sn=33 tn=9
08:41:22.346 INF Handling PREPREPARE. nReq=33 senderID=3 sn=35
08:41:22.346 DBG Creating new Batch. nReq=33
08:41:22.346 DBG Sending COMMIT. senderID=2 sn=33 tn=9 view=0
08:41:22.346 DBG func sendCommit commit Tn. sn=33 tn=9
08:41:22.346 DBG Sending Htn. senderID=2 sn=33 view=0
08:41:22.346 DBG Sending COMMIT. senderID=2 sn=34 tn=9 view=0
08:41:22.346 DBG func sendCommit commit Tn. sn=34 tn=9
08:41:22.347 DBG Sending PREPARE. senderID=2 sn=35 view=0
08:41:22.347 DBG func sendPrepare prepare Tn. sn=35 tn=9
08:41:22.347 DBG func handleCommit commit Tn. tn=9
08:41:22.347 DBG func handleCommit commit Tn. tn=9
08:41:22.347 DBG func handleHtnmsg. newhtn=9 prelocalhtn=9 segment=2
08:41:22.347 DBG func handleCommit commit Tn. tn=9
08:41:22.347 DBG func handleCommit commit Tn. tn=9
08:41:22.347 INF Get logEntry.Sn from tn. SegID=2 Tn=9 logEntry.Sn=34 origin_sn=34
08:41:22.347 INF Committed entry. latency=0 nReq=32 sn=34
08:41:22.347 INF Get logEntry.Sn from tn. SegID=1 Tn=9 logEntry.Sn=33 origin_sn=33
08:41:22.347 INF Committed entry. latency=0 nReq=32 sn=33
08:41:22.347 DBG req_id is: [513 514 517 518 521 522 525 526 529 530 533 534 537 538 541 542 545 546 549 550 553 554 557 558 561 562 565 566 569 570 573 574] logEntry.Sn=34
08:41:22.347 DBG Starting timer. sn=38 view=0
08:41:22.347 DBG func handleHtnmsg. newhtn=9 prelocalhtn=9 segment=2
08:41:22.347 INF Set TRUE. sn=38
08:41:22.347 INF validHtnMsgs sets. validHtnMsgs=9
08:41:22.347 INF validHtnMsgs sets. validHtnMsgs=9
08:41:22.347 DBG func handleCommit commit Tn. tn=9
08:41:22.347 DBG func handleHtnmsg. newhtn=9 prelocalhtn=9 segment=2
08:41:22.347 DBG req_id is: [512 513 516 517 520 521 524 525 528 529 532 533 536 537 540 541 544 545 548 549 552 553 556 557 560 561 564 565 568 569 572 573] logEntry.Sn=33
08:41:22.347 DBG Starting timer. sn=37 view=0
08:41:22.347 DBG func handleCommit commit Tn. tn=9
08:41:22.349 DBG Sending COMMIT. senderID=2 sn=35 tn=9 view=0
08:41:22.349 DBG func sendCommit commit Tn. sn=35 tn=9
08:41:22.349 DBG Sending Htn. senderID=2 sn=35 view=0
08:41:22.349 DBG func handleCommit commit Tn. tn=9
08:41:22.349 DBG func handleCommit commit Tn. tn=9
08:41:22.349 INF Get logEntry.Sn from tn. SegID=3 Tn=9 logEntry.Sn=35 origin_sn=35
08:41:22.349 INF Committed entry. latency=0 nReq=33 sn=35
08:41:22.349 DBG req_id is: [514 515 518 519 522 523 526 527 530 531 534 535 538 539 542 543 546 547 550 551 554 555 558 559 562 563 566 567 570 571 510 511 574] logEntry.Sn=35
08:41:22.349 DBG Starting timer. sn=39 view=0
08:41:22.349 DBG func handleCommit commit Tn. tn=9
08:41:23.343 DBG Batch ready. batchSize=2048
08:41:23.343 DBG In lead() loop sn=38
08:41:23.343 INF enter big block cursn=38
08:41:23.343 INF cursn==snfromhtntopropose SegID=2 cursn=38
08:41:23.343 DBG Batch cut. left=0 nBuckets=16 nReq=32 next=0
08:41:23.343 DBG Waiting for batch. batchSize=2048
08:41:23.344 INF Sending PREPREPARE. nReq=32 senderID=2 sn=38 view=0
08:41:23.344 INF Handling PREPREPARE. nReq=32 senderID=1 sn=37
08:41:23.344 DBG Creating new Batch. nReq=32
08:41:23.345 DBG Sending PREPARE. senderID=2 sn=37 view=0
08:41:23.345 DBG func sendPrepare prepare Tn. sn=37 tn=10
08:41:23.347 INF Handling PREPREPARE. nReq=32 senderID=3 sn=39
08:41:23.347 DBG Creating new Batch. nReq=32
08:41:23.347 DBG Sending COMMIT. senderID=2 sn=38 tn=10 view=0
08:41:23.347 DBG func sendCommit commit Tn. sn=38 tn=10
08:41:23.347 DBG Sending COMMIT. senderID=2 sn=37 tn=10 view=0
08:41:23.347 DBG func sendCommit commit Tn. sn=37 tn=10
08:41:23.347 DBG Sending Htn. senderID=2 sn=37 view=0
08:41:23.347 DBG func handleCommit commit Tn. tn=10
08:41:23.348 DBG func handleCommit commit Tn. tn=10
08:41:23.348 DBG func handleHtnmsg. newhtn=10 prelocalhtn=10 segment=2
08:41:23.348 DBG func handleCommit commit Tn. tn=10
08:41:23.348 INF Get logEntry.Sn from tn. SegID=1 Tn=10 logEntry.Sn=37 origin_sn=37
08:41:23.348 INF Committed entry. latency=0 nReq=32 sn=37
08:41:23.348 DBG req_id is: [576 577 580 581 584 585 588 589 592 593 596 597 600 601 604 605 608 609 612 613 616 617 620 621 624 625 628 629 632 633 636 637] logEntry.Sn=37
08:41:23.348 DBG Starting timer. sn=41 view=0
08:41:23.348 DBG Sending PREPARE. senderID=2 sn=39 view=0
08:41:23.348 DBG func sendPrepare prepare Tn. sn=39 tn=10
08:41:23.348 DBG func handleCommit commit Tn. tn=10
08:41:23.348 DBG func handleCommit commit Tn. tn=10
08:41:23.348 INF Get logEntry.Sn from tn. SegID=2 Tn=10 logEntry.Sn=38 origin_sn=38
08:41:23.348 INF Committed entry. latency=0 nReq=32 sn=38
08:41:23.348 DBG req_id is: [577 578 581 582 585 586 589 590 593 594 597 598 601 602 605 606 609 610 613 614 617 618 621 622 625 626 629 630 633 634 637 638] logEntry.Sn=38
08:41:23.348 DBG Starting timer. sn=42 view=0
08:41:23.348 DBG func handleHtnmsg. newhtn=10 prelocalhtn=10 segment=2
08:41:23.348 INF Set TRUE. sn=42
08:41:23.348 INF validHtnMsgs sets. validHtnMsgs=10
08:41:23.348 INF validHtnMsgs sets. validHtnMsgs=10
08:41:23.348 DBG func handleCommit commit Tn. tn=10
08:41:23.348 DBG func handleHtnmsg. newhtn=10 prelocalhtn=10 segment=2
08:41:23.349 DBG Sending COMMIT. senderID=2 sn=39 tn=10 view=0
08:41:23.349 DBG func sendCommit commit Tn. sn=39 tn=10
08:41:23.349 DBG Sending Htn. senderID=2 sn=39 view=0
08:41:23.351 DBG func handleCommit commit Tn. tn=10
08:41:23.351 DBG func handleCommit commit Tn. tn=10
08:41:23.351 INF Get logEntry.Sn from tn. SegID=3 Tn=10 logEntry.Sn=39 origin_sn=39
08:41:23.351 INF Committed entry. latency=0 nReq=32 sn=39
08:41:23.351 DBG req_id is: [578 579 582 583 586 587 590 591 594 595 598 599 602 603 606 607 610 611 614 615 618 619 622 623 626 627 630 631 634 635 575 638] logEntry.Sn=39
08:41:23.351 DBG Starting timer. sn=43 view=0
08:41:23.351 DBG func handleCommit commit Tn. tn=10
08:41:24.344 DBG Batch ready. batchSize=2048
08:41:24.344 DBG In lead() loop sn=42
08:41:24.344 INF enter big block cursn=42
08:41:24.344 INF cursn==snfromhtntopropose SegID=2 cursn=42
08:41:24.344 DBG Batch cut. left=0 nBuckets=16 nReq=32 next=0
08:41:24.344 DBG Waiting for batch. batchSize=2048
08:41:24.345 INF Sending PREPREPARE. nReq=32 senderID=2 sn=42 view=0
08:41:24.345 INF Handling PREPREPARE. nReq=32 senderID=1 sn=41
08:41:24.345 DBG Creating new Batch. nReq=32
08:41:24.346 DBG Sending PREPARE. senderID=2 sn=41 view=0
08:41:24.346 DBG func sendPrepare prepare Tn. sn=41 tn=11
08:41:24.348 INF Handling PREPREPARE. nReq=32 senderID=3 sn=43
08:41:24.348 DBG Creating new Batch. nReq=32
08:41:24.348 DBG Sending COMMIT. senderID=2 sn=41 tn=11 view=0
08:41:24.348 DBG func sendCommit commit Tn. sn=41 tn=11
08:41:24.348 DBG Sending Htn. senderID=2 sn=41 view=0
08:41:24.348 DBG func handleCommit commit Tn. tn=11
08:41:24.348 DBG Sending COMMIT. senderID=2 sn=42 tn=11 view=0
08:41:24.348 DBG func sendCommit commit Tn. sn=42 tn=11
08:41:24.348 DBG func handleCommit commit Tn. tn=11
08:41:24.348 DBG func handleHtnmsg. newhtn=11 prelocalhtn=11 segment=2
08:41:24.348 DBG func handleCommit commit Tn. tn=11
08:41:24.348 DBG func handleCommit commit Tn. tn=11
08:41:24.348 INF Get logEntry.Sn from tn. SegID=2 Tn=11 logEntry.Sn=42 origin_sn=42
08:41:24.348 INF Get logEntry.Sn from tn. SegID=1 Tn=11 logEntry.Sn=41 origin_sn=41
08:41:24.348 INF Committed entry. latency=0 nReq=32 sn=42
08:41:24.348 INF Committed entry. latency=0 nReq=32 sn=41
08:41:24.348 DBG req_id is: [641 642 645 646 649 650 653 654 657 658 661 662 665 666 669 670 673 674 677 678 681 682 685 686 689 690 693 694 697 698 701 702] logEntry.Sn=42
08:41:24.348 DBG req_id is: [640 641 644 645 648 649 652 653 656 657 660 661 664 665 668 669 672 673 676 677 680 681 684 685 688 689 692 693 696 697 700 701] logEntry.Sn=41
08:41:24.348 DBG Starting timer. sn=46 view=0
08:41:24.348 DBG Starting timer. sn=45 view=0
08:41:24.348 DBG func handleHtnmsg. newhtn=11 prelocalhtn=11 segment=2
08:41:24.348 INF Set TRUE. sn=46
08:41:24.348 INF validHtnMsgs sets. validHtnMsgs=11
08:41:24.348 INF validHtnMsgs sets. validHtnMsgs=11
08:41:24.348 DBG func handleCommit commit Tn. tn=11
08:41:24.348 DBG func handleCommit commit Tn. tn=11
08:41:24.349 DBG func handleHtnmsg. newhtn=11 prelocalhtn=11 segment=2
08:41:24.349 DBG Sending PREPARE. senderID=2 sn=43 view=0
08:41:24.349 DBG func sendPrepare prepare Tn. sn=43 tn=11
08:41:24.350 DBG Sending COMMIT. senderID=2 sn=43 tn=11 view=0
08:41:24.350 DBG func sendCommit commit Tn. sn=43 tn=11
08:41:24.350 DBG Sending Htn. senderID=2 sn=43 view=0
08:41:24.351 DBG func handleCommit commit Tn. tn=11
08:41:24.351 DBG func handleCommit commit Tn. tn=11
08:41:24.351 INF Get logEntry.Sn from tn. SegID=3 Tn=11 logEntry.Sn=43 origin_sn=43
08:41:24.351 INF Committed entry. latency=0 nReq=32 sn=43
08:41:24.352 DBG req_id is: [642 643 646 647 650 651 654 655 658 659 662 663 666 667 670 671 674 675 678 679 682 683 686 687 690 691 694 695 698 699 639 702] logEntry.Sn=43
08:41:24.352 DBG Starting timer. sn=47 view=0
08:41:24.352 DBG func handleCommit commit Tn. tn=11
08:41:25.344 DBG Batch ready. batchSize=2048
08:41:25.344 DBG In lead() loop sn=46
08:41:25.344 INF enter big block cursn=46
08:41:25.344 INF cursn==snfromhtntopropose SegID=2 cursn=46
08:41:25.344 DBG Batch cut. left=0 nBuckets=16 nReq=32 next=0
08:41:25.345 DBG Waiting for batch. batchSize=2048
08:41:25.345 INF Sending PREPREPARE. nReq=32 senderID=2 sn=46 view=0
08:41:25.346 INF Handling PREPREPARE. nReq=32 senderID=1 sn=45
08:41:25.346 DBG Creating new Batch. nReq=32
08:41:25.347 DBG Sending PREPARE. senderID=2 sn=45 view=0
08:41:25.347 DBG func sendPrepare prepare Tn. sn=45 tn=12
08:41:25.347 INF Handling PREPREPARE. nReq=192 senderID=0 sn=44
08:41:25.347 DBG Creating new Batch. nReq=192
08:41:25.352 DBG Sending PREPARE. senderID=2 sn=44 view=0
08:41:25.352 DBG func sendPrepare prepare Tn. sn=44 tn=12
08:41:25.352 DBG Sending COMMIT. senderID=2 sn=46 tn=12 view=0
08:41:25.352 DBG func sendCommit commit Tn. sn=46 tn=12
08:41:25.352 DBG func handleCommit commit Tn. tn=12
08:41:25.352 DBG func handleHtnmsg. newhtn=12 prelocalhtn=12 segment=2
08:41:25.352 DBG func handleCommit commit Tn. tn=12
08:41:25.352 INF Handling PREPREPARE. nReq=32 senderID=3 sn=47
08:41:25.352 DBG Creating new Batch. nReq=32
08:41:25.352 INF Get logEntry.Sn from tn. SegID=2 Tn=12 logEntry.Sn=46 origin_sn=46
08:41:25.352 INF Committed entry. latency=0 nReq=32 sn=46
08:41:25.352 DBG Sending COMMIT. senderID=2 sn=45 tn=12 view=0
08:41:25.352 DBG req_id is: [705 706 709 710 713 714 717 718 721 722 725 726 729 730 733 734 737 738 741 742 745 746 749 750 753 754 757 758 761 762 765 766] logEntry.Sn=46
08:41:25.352 DBG func sendCommit commit Tn. sn=45 tn=12
08:41:25.352 DBG Sending Htn. senderID=2 sn=45 view=0
08:41:25.352 DBG Starting timer. sn=50 view=0
08:41:25.352 DBG func handleCommit commit Tn. tn=12
08:41:25.352 DBG func handleCommit commit Tn. tn=12
08:41:25.352 DBG func handleHtnmsg. newhtn=12 prelocalhtn=12 segment=2
08:41:25.352 INF Set TRUE. sn=50
08:41:25.352 INF Get logEntry.Sn from tn. SegID=1 Tn=12 logEntry.Sn=45 origin_sn=45
08:41:25.353 INF Committed entry. latency=0 nReq=32 sn=45
08:41:25.353 DBG req_id is: [704 705 708 709 712 713 716 717 720 721 724 725 728 729 732 733 736 737 740 741 744 745 748 749 752 753 756 757 760 761 764 765] logEntry.Sn=45
08:41:25.353 DBG Starting timer. sn=49 view=0
08:41:25.353 DBG func handleCommit commit Tn. tn=12
08:41:25.352 INF validHtnMsgs sets. validHtnMsgs=12
08:41:25.353 INF validHtnMsgs sets. validHtnMsgs=12
08:41:25.353 DBG func handleCommit commit Tn. tn=12
08:41:25.353 DBG func handleHtnmsg. newhtn=12 prelocalhtn=12 segment=2
08:41:25.353 DBG Sending PREPARE. senderID=2 sn=47 view=0
08:41:25.353 DBG func sendPrepare prepare Tn. sn=47 tn=12
08:41:25.353 DBG Sending COMMIT. senderID=2 sn=47 tn=12 view=0
08:41:25.353 DBG func sendCommit commit Tn. sn=47 tn=12
08:41:25.353 DBG Sending Htn. senderID=2 sn=47 view=0
08:41:25.353 DBG func handleCommit commit Tn. tn=12
08:41:25.353 DBG Sending COMMIT. senderID=2 sn=44 tn=12 view=0
08:41:25.353 DBG func sendCommit commit Tn. sn=44 tn=12
08:41:25.353 DBG Sending Htn. senderID=2 sn=44 view=0
08:41:25.353 DBG func handleCommit commit Tn. tn=12
08:41:25.354 DBG func handleCommit commit Tn. tn=12
08:41:25.354 INF Get logEntry.Sn from tn. SegID=3 Tn=12 logEntry.Sn=47 origin_sn=47
08:41:25.354 INF Committed entry. latency=0 nReq=32 sn=47
08:41:25.354 DBG func handleCommit commit Tn. tn=12
08:41:25.354 INF Committed nil entry. latency=0 sn=24
08:41:25.354 INF Delivered nil batch. sn=24
08:41:25.354 INF Delivered batch. nReq=32 sn=25
08:41:25.354 DBG req_id is: [706 707 710 711 714 715 718 719 722 723 726 727 730 731 734 735 738 739 742 743 746 747 750 751 754 755 758 759 762 763 703 766] logEntry.Sn=47
08:41:25.354 INF Delivered batch. nReq=33 sn=26
08:41:25.354 DBG Starting timer. sn=51 view=0
08:41:25.354 INF Delivered batch. nReq=32 sn=27
08:41:25.354 INF Get logEntry.Sn from tn. Nil Blocks. SegID=0 logEntry.Sn=24
08:41:25.354 INF Committed nil entry. latency=0 sn=28
08:41:25.354 INF Delivered nil batch. sn=28
08:41:25.354 INF Delivered batch. nReq=32 sn=29
08:41:25.354 INF Delivered batch. nReq=32 sn=30
08:41:25.354 INF Delivered batch. nReq=32 sn=31
08:41:25.354 INF Get logEntry.Sn from tn. Nil Blocks. SegID=0 logEntry.Sn=28
08:41:25.354 INF Committed nil entry. latency=0 sn=32
08:41:25.354 INF Delivered nil batch. sn=32
08:41:25.354 INF Delivered batch. nReq=32 sn=33
08:41:25.354 INF Delivered batch. nReq=32 sn=34
08:41:25.354 INF Delivered batch. nReq=33 sn=35
08:41:25.354 INF Get logEntry.Sn from tn. Nil Blocks. SegID=0 logEntry.Sn=32
08:41:25.354 INF Committed nil entry. latency=0 sn=36
08:41:25.354 INF Delivered nil batch. sn=36
08:41:25.354 INF Delivered batch. nReq=32 sn=37
08:41:25.354 INF Delivered batch. nReq=32 sn=38
08:41:25.354 INF Delivered batch. nReq=32 sn=39
08:41:25.354 INF Get logEntry.Sn from tn. Nil Blocks. SegID=0 logEntry.Sn=36
08:41:25.354 INF Committed nil entry. latency=0 sn=40
08:41:25.354 INF Delivered nil batch. sn=40
08:41:25.354 INF Delivered batch. nReq=32 sn=41
08:41:25.354 INF Delivered batch. nReq=32 sn=42
08:41:25.354 INF Delivered batch. nReq=32 sn=43
08:41:25.354 INF Get logEntry.Sn from tn. Nil Blocks. SegID=0 logEntry.Sn=40
08:41:25.354 DBG Starting timer. sn=48 view=0
08:41:25.354 INF Get logEntry.Sn from tn. SegID=0 Tn=12 logEntry.Sn=44 origin_sn=44
08:41:25.354 INF Committed entry. latency=0 nReq=192 sn=44
08:41:25.354 INF Delivered batch. nReq=192 sn=44
08:41:25.354 INF Delivered batch. nReq=32 sn=45
08:41:25.354 INF Delivered batch. nReq=32 sn=46
08:41:25.354 INF Delivered batch. nReq=32 sn=47
08:41:25.354 DBG req_id is: [383 384 447 448 511 512 575 576 639 640 703 704 387 388 451 452 515 516 579 580 643 644 707 708 391 392 455 456 519 520 583 584 647 648 711 712 395 396 459 460 523 524 587 588 651 652 715 716 399 400 463 464 527 528 591 592 655 656 719 720 403 404 467 468 531 532 595 596 659 660 723 724 407 408 471 472 535 536 599 600 663 664 727 728 411 412 475 476 539 540 603 604 667 668 731 732 415 416 479 480 543 544 607 608 671 672 735 736 419 420 483 484 547 548 611 612 675 676 739 740 423 424 487 488 551 552 615 616 679 680 743 744 427 428 491 492 555 556 619 620 683 684 747 748 431 432 495 496 559 560 623 624 687 688 751 752 435 436 499 500 563 564 627 628 691 692 755 756 439 440 503 504 567 568 631 632 695 696 759 760 443 444 507 508 571 572 635 636 699 700 763 764] logEntry.Sn=44
08:41:25.355 DBG Timer already started. sn=48 view=0
08:41:25.355 DBG func handleCommit commit Tn. tn=12
08:41:25.355 DBG func handleCommit commit Tn. tn=12
08:41:26.345 DBG Batch ready. batchSize=2048
08:41:26.345 DBG In lead() loop sn=50
08:41:26.345 INF enter big block cursn=50
08:41:26.345 INF cursn==snfromhtntopropose SegID=2 cursn=50
08:41:26.345 DBG Batch cut. left=0 nBuckets=16 nReq=32 next=0
08:41:26.345 DBG Waiting for batch. batchSize=2048
08:41:26.346 INF Sending PREPREPARE. nReq=32 senderID=2 sn=50 view=0
08:41:26.347 INF Handling PREPREPARE. nReq=32 senderID=1 sn=49
08:41:26.347 DBG Creating new Batch. nReq=32
08:41:26.348 DBG Sending PREPARE. senderID=2 sn=49 view=0
08:41:26.348 DBG func sendPrepare prepare Tn. sn=49 tn=13
08:41:26.348 DBG Sending COMMIT. senderID=2 sn=49 tn=13 view=0
08:41:26.348 DBG func sendCommit commit Tn. sn=49 tn=13
08:41:26.348 DBG Sending Htn. senderID=2 sn=49 view=0
08:41:26.349 INF Handling PREPREPARE. nReq=32 senderID=3 sn=51
08:41:26.349 DBG Creating new Batch. nReq=32
08:41:26.349 DBG Sending COMMIT. senderID=2 sn=50 tn=13 view=0
08:41:26.349 DBG func sendCommit commit Tn. sn=50 tn=13
08:41:26.349 DBG func handleCommit commit Tn. tn=13
08:41:26.349 DBG func handleHtnmsg. newhtn=13 prelocalhtn=13 segment=2
08:41:26.349 DBG func handleCommit commit Tn. tn=13
08:41:26.350 DBG func handleCommit commit Tn. tn=13
08:41:26.350 DBG Sending PREPARE. senderID=2 sn=51 view=0
08:41:26.350 INF Get logEntry.Sn from tn. SegID=1 Tn=13 logEntry.Sn=49 origin_sn=49
08:41:26.350 DBG func handleCommit commit Tn. tn=13
08:41:26.350 DBG func sendPrepare prepare Tn. sn=51 tn=13
08:41:26.350 INF Committed entry. latency=0 nReq=32 sn=49
08:41:26.350 INF Get logEntry.Sn from tn. SegID=2 Tn=13 logEntry.Sn=50 origin_sn=50
08:41:26.350 DBG req_id is: [768 769 772 773 776 777 780 781 784 785 788 789 792 793 796 797 800 801 804 805 808 809 812 813 816 817 820 821 824 825 828 829] logEntry.Sn=49
08:41:26.350 INF Committed entry. latency=0 nReq=32 sn=50
08:41:26.350 DBG Starting timer. sn=53 view=0
08:41:26.350 DBG req_id is: [769 770 773 774 777 778 781 782 785 786 789 790 793 794 797 798 801 802 805 806 809 810 813 814 817 818 821 822 825 826 829 830] logEntry.Sn=50
08:41:26.350 DBG func handleCommit commit Tn. tn=13
08:41:26.350 DBG Starting timer. sn=54 view=0
08:41:26.350 DBG func handleHtnmsg. newhtn=13 prelocalhtn=13 segment=2
08:41:26.350 INF Set TRUE. sn=54
08:41:26.350 INF validHtnMsgs sets. validHtnMsgs=13
08:41:26.350 INF validHtnMsgs sets. validHtnMsgs=13
08:41:26.350 DBG func handleCommit commit Tn. tn=13
08:41:26.350 DBG func handleHtnmsg. newhtn=13 prelocalhtn=13 segment=2
08:41:26.351 DBG Sending COMMIT. senderID=2 sn=51 tn=13 view=0
08:41:26.351 DBG func sendCommit commit Tn. sn=51 tn=13
08:41:26.351 DBG Sending Htn. senderID=2 sn=51 view=0
08:41:26.353 DBG func handleCommit commit Tn. tn=13
08:41:26.353 DBG func handleCommit commit Tn. tn=13
08:41:26.353 INF Get logEntry.Sn from tn. SegID=3 Tn=13 logEntry.Sn=51 origin_sn=51
08:41:26.353 INF Committed entry. latency=0 nReq=32 sn=51
08:41:26.353 DBG req_id is: [770 771 774 775 778 779 782 783 786 787 790 791 794 795 798 799 802 803 806 807 810 811 814 815 818 819 822 823 826 827 767 830] logEntry.Sn=51
08:41:26.353 DBG Starting timer. sn=55 view=0
08:41:26.353 DBG func handleCommit commit Tn. tn=13
08:41:27.346 DBG Batch ready. batchSize=2048
08:41:27.346 DBG In lead() loop sn=54
08:41:27.346 INF enter big block cursn=54
08:41:27.346 INF cursn==snfromhtntopropose SegID=2 cursn=54
08:41:27.346 DBG Batch cut. left=0 nBuckets=16 nReq=32 next=0
08:41:27.347 DBG Waiting for batch. batchSize=2048
08:41:27.347 INF Sending PREPREPARE. nReq=32 senderID=2 sn=54 view=0
08:41:27.347 INF Handling PREPREPARE. nReq=32 senderID=1 sn=53
08:41:27.347 DBG Creating new Batch. nReq=32
08:41:27.348 DBG Sending PREPARE. senderID=2 sn=53 view=0
08:41:27.348 DBG func sendPrepare prepare Tn. sn=53 tn=14
08:41:27.349 DBG Sending COMMIT. senderID=2 sn=53 tn=14 view=0
08:41:27.349 DBG func sendCommit commit Tn. sn=53 tn=14
08:41:27.349 DBG Sending Htn. senderID=2 sn=53 view=0
08:41:27.350 DBG Sending COMMIT. senderID=2 sn=54 tn=14 view=0
08:41:27.350 DBG func handleCommit commit Tn. tn=14
08:41:27.350 DBG func sendCommit commit Tn. sn=54 tn=14
08:41:27.350 DBG func handleCommit commit Tn. tn=14
08:41:27.350 DBG func handleHtnmsg. newhtn=14 prelocalhtn=14 segment=2
08:41:27.351 INF Handling PREPREPARE. nReq=32 senderID=3 sn=55
08:41:27.351 DBG Creating new Batch. nReq=32
08:41:27.351 DBG func handleCommit commit Tn. tn=14
08:41:27.351 INF Get logEntry.Sn from tn. SegID=2 Tn=14 logEntry.Sn=54 origin_sn=54
08:41:27.351 INF Committed entry. latency=0 nReq=32 sn=54
08:41:27.351 DBG func handleCommit commit Tn. tn=14
08:41:27.351 DBG req_id is: [833 834 837 838 841 842 845 846 849 850 853 854 857 858 861 862 865 866 869 870 873 874 877 878 881 882 885 886 889 890 893 894] logEntry.Sn=54
08:41:27.351 DBG Starting timer. sn=58 view=0
08:41:27.351 INF Get logEntry.Sn from tn. SegID=1 Tn=14 logEntry.Sn=53 origin_sn=53
08:41:27.351 DBG func handleHtnmsg. newhtn=14 prelocalhtn=14 segment=2
08:41:27.351 INF Set TRUE. sn=58
08:41:27.351 INF validHtnMsgs sets. validHtnMsgs=14
08:41:27.351 INF Committed entry. latency=0 nReq=32 sn=53
08:41:27.351 INF validHtnMsgs sets. validHtnMsgs=14
08:41:27.351 DBG func handleCommit commit Tn. tn=14
08:41:27.351 DBG req_id is: [832 833 836 837 840 841 844 845 848 849 852 853 856 857 860 861 864 865 868 869 872 873 876 877 880 881 884 885 888 889 892 893] logEntry.Sn=53
08:41:27.351 DBG func handleHtnmsg. newhtn=14 prelocalhtn=14 segment=2
08:41:27.351 DBG Starting timer. sn=57 view=0
08:41:27.351 DBG func handleCommit commit Tn. tn=14
08:41:27.352 DBG Sending PREPARE. senderID=2 sn=55 view=0
08:41:27.352 DBG func sendPrepare prepare Tn. sn=55 tn=14
08:41:27.353 DBG Sending COMMIT. senderID=2 sn=55 tn=14 view=0
08:41:27.353 DBG func sendCommit commit Tn. sn=55 tn=14
08:41:27.353 DBG Sending Htn. senderID=2 sn=55 view=0
08:41:27.354 DBG func handleCommit commit Tn. tn=14
08:41:27.355 DBG func handleCommit commit Tn. tn=14
08:41:27.355 INF Get logEntry.Sn from tn. SegID=3 Tn=14 logEntry.Sn=55 origin_sn=55
08:41:27.355 INF Committed entry. latency=0 nReq=32 sn=55
08:41:27.355 DBG req_id is: [834 835 838 839 842 843 846 847 850 851 854 855 858 859 862 863 866 867 870 871 874 875 878 879 882 883 886 887 890 891 831 894] logEntry.Sn=55
08:41:27.355 DBG Starting timer. sn=59 view=0
08:41:27.355 DBG func handleCommit commit Tn. tn=14
08:41:28.348 DBG Batch ready. batchSize=2048
08:41:28.348 DBG In lead() loop sn=58
08:41:28.348 INF enter big block cursn=58
08:41:28.348 INF cursn==snfromhtntopropose SegID=2 cursn=58
08:41:28.348 DBG Batch cut. left=0 nBuckets=16 nReq=32 next=0
08:41:28.348 DBG Waiting for batch. batchSize=2048
08:41:28.349 INF Sending PREPREPARE. nReq=32 senderID=2 sn=58 view=0
08:41:28.349 INF Handling PREPREPARE. nReq=32 senderID=1 sn=57
08:41:28.349 DBG Creating new Batch. nReq=32
08:41:28.350 DBG Sending PREPARE. senderID=2 sn=57 view=0
08:41:28.350 DBG func sendPrepare prepare Tn. sn=57 tn=15
08:41:28.350 DBG Sending COMMIT. senderID=2 sn=57 tn=15 view=0
08:41:28.350 DBG func sendCommit commit Tn. sn=57 tn=15
08:41:28.350 DBG Sending Htn. senderID=2 sn=57 view=0
08:41:28.351 INF Handling PREPREPARE. nReq=32 senderID=3 sn=59
08:41:28.351 DBG Creating new Batch. nReq=32
08:41:28.351 DBG func handleCommit commit Tn. tn=15
08:41:28.351 DBG Sending COMMIT. senderID=2 sn=58 tn=15 view=0
08:41:28.351 DBG func sendCommit commit Tn. sn=58 tn=15
08:41:28.351 DBG func handleCommit commit Tn. tn=15
08:41:28.351 DBG func handleCommit commit Tn. tn=15
08:41:28.351 INF Get logEntry.Sn from tn. SegID=1 Tn=15 logEntry.Sn=57 origin_sn=57
08:41:28.351 DBG func handleHtnmsg. newhtn=15 prelocalhtn=15 segment=2
08:41:28.351 INF Committed entry. latency=0 nReq=32 sn=57
08:41:28.351 DBG req_id is: [896 897 900 901 904 905 908 909 912 913 916 917 920 921 924 925 928 929 932 933 936 937 940 941 944 945 948 949 952 953 956 957] logEntry.Sn=57
08:41:28.351 DBG Starting timer. sn=61 view=0
08:41:28.351 DBG func handleCommit commit Tn. tn=15
08:41:28.352 DBG Sending PREPARE. senderID=2 sn=59 view=0
08:41:28.352 DBG func sendPrepare prepare Tn. sn=59 tn=15
08:41:28.352 DBG func handleCommit commit Tn. tn=15
08:41:28.352 INF Get logEntry.Sn from tn. SegID=2 Tn=15 logEntry.Sn=58 origin_sn=58
08:41:28.352 INF Committed entry. latency=0 nReq=32 sn=58
08:41:28.352 DBG req_id is: [897 898 901 902 905 906 909 910 913 914 917 918 921 922 925 926 929 930 933 934 937 938 941 942 945 946 949 950 953 954 957 958] logEntry.Sn=58
08:41:28.352 DBG Starting timer. sn=62 view=0
08:41:28.352 DBG func handleHtnmsg. newhtn=15 prelocalhtn=15 segment=2
08:41:28.352 INF Set TRUE. sn=62
08:41:28.352 INF validHtnMsgs sets. validHtnMsgs=15
08:41:28.352 INF validHtnMsgs sets. validHtnMsgs=15
08:41:28.352 DBG func handleCommit commit Tn. tn=15
08:41:28.352 DBG func handleHtnmsg. newhtn=15 prelocalhtn=15 segment=2
08:41:28.353 DBG func handleCommit commit Tn. tn=15
08:41:28.353 DBG Sending COMMIT. senderID=2 sn=59 tn=15 view=0
08:41:28.353 DBG func sendCommit commit Tn. sn=59 tn=15
08:41:28.353 DBG Sending Htn. senderID=2 sn=59 view=0
08:41:28.353 DBG func handleCommit commit Tn. tn=15
08:41:28.353 INF Get logEntry.Sn from tn. SegID=3 Tn=15 logEntry.Sn=59 origin_sn=59
08:41:28.353 INF Committed entry. latency=0 nReq=32 sn=59
08:41:28.353 DBG req_id is: [898 899 902 903 906 907 910 911 914 915 918 919 922 923 926 927 930 931 934 935 938 939 942 943 946 947 950 951 954 955 895 958] logEntry.Sn=59
08:41:28.353 DBG Starting timer. sn=63 view=0
08:41:28.353 DBG func handleCommit commit Tn. tn=15
08:41:29.348 DBG Batch ready. batchSize=2048
08:41:29.348 DBG In lead() loop sn=62
08:41:29.348 INF enter big block cursn=62
08:41:29.348 INF cursn==snfromhtntopropose SegID=2 cursn=62
08:41:29.349 DBG Batch cut. left=0 nBuckets=16 nReq=0 next=0
08:41:29.348 INF Handling PREPREPARE. nReq=1 senderID=1 sn=61
08:41:29.349 INF Sending PREPREPARE. nReq=0 senderID=2 sn=62 view=0
08:41:29.349 DBG Waiting for batch. batchSize=2048
08:41:29.349 DBG Creating new Batch. nReq=1
08:41:29.349 DBG Sending PREPARE. senderID=2 sn=61 view=0
08:41:29.349 DBG func sendPrepare prepare Tn. sn=61 tn=16
08:41:29.350 DBG Sending COMMIT. senderID=2 sn=61 tn=16 view=0
08:41:29.350 DBG func sendCommit commit Tn. sn=61 tn=16
08:41:29.350 DBG Sending Htn. senderID=2 sn=61 view=0
08:41:29.350 DBG Sending COMMIT. senderID=2 sn=62 tn=16 view=0
08:41:29.350 DBG func sendCommit commit Tn. sn=62 tn=16
08:41:29.351 INF Handling PREPREPARE. nReq=1 senderID=3 sn=63
08:41:29.351 DBG Creating new Batch. nReq=1
08:41:29.351 DBG Sending PREPARE. senderID=2 sn=63 view=0
08:41:29.351 DBG func sendPrepare prepare Tn. sn=63 tn=16
08:41:29.352 DBG func handleCommit commit Tn. tn=16
08:41:29.352 DBG func handleHtnmsg. newhtn=16 prelocalhtn=16 segment=2
08:41:29.352 DBG func handleCommit commit Tn. tn=16
08:41:29.352 DBG Sending COMMIT. senderID=2 sn=63 tn=16 view=0
08:41:29.352 DBG func sendCommit commit Tn. sn=63 tn=16
08:41:29.352 DBG func handleCommit commit Tn. tn=16
08:41:29.352 DBG func handleCommit commit Tn. tn=16
08:41:29.352 INF Get logEntry.Sn from tn. SegID=2 Tn=16 logEntry.Sn=62 origin_sn=62
08:41:29.352 INF Get logEntry.Sn from tn. SegID=1 Tn=16 logEntry.Sn=61 origin_sn=61
08:41:29.352 INF Committed entry. latency=0 nReq=0 sn=62
08:41:29.352 INF Committed entry. latency=0 nReq=1 sn=61
08:41:29.352 DBG req_id is: [960] logEntry.Sn=61
08:41:29.352 DBG Sending Htn. senderID=2 sn=63 view=0
08:41:29.352 DBG Starting timer. sn=65 view=0
08:41:29.352 DBG func handleCommit commit Tn. tn=16
08:41:29.352 DBG Starting timer. sn=66 view=0
08:41:29.352 DBG func handleHtnmsg. newhtn=16 prelocalhtn=16 segment=2
08:41:29.352 INF Set TRUE. sn=66
08:41:29.352 INF validHtnMsgs sets. validHtnMsgs=16
08:41:29.352 INF validHtnMsgs sets. validHtnMsgs=16
08:41:29.352 DBG func handleCommit commit Tn. tn=16
08:41:29.352 DBG func handleHtnmsg. newhtn=16 prelocalhtn=16 segment=2
08:41:29.354 DBG func handleCommit commit Tn. tn=16
08:41:29.354 DBG func handleCommit commit Tn. tn=16
08:41:29.354 INF Get logEntry.Sn from tn. SegID=3 Tn=16 logEntry.Sn=63 origin_sn=63
08:41:29.354 INF Committed entry. latency=0 nReq=1 sn=63
08:41:29.354 DBG req_id is: [959] logEntry.Sn=63
08:41:29.354 DBG Starting timer. sn=67 view=0
08:41:29.354 DBG func handleCommit commit Tn. tn=16
08:41:30.349 DBG Batch ready. batchSize=2048
08:41:30.349 DBG In lead() loop sn=66
08:41:30.349 INF enter big block cursn=66
08:41:30.349 INF cursn==snfromhtntopropose SegID=2 cursn=66
08:41:30.349 DBG Batch cut. left=0 nBuckets=16 nReq=0 next=0
08:41:30.349 INF Sending PREPREPARE. nReq=0 senderID=2 sn=66 view=0
08:41:30.349 DBG Waiting for batch. batchSize=2048
08:41:30.349 INF Handling PREPREPARE. nReq=0 senderID=1 sn=65
08:41:30.349 DBG Creating new Batch. nReq=0
08:41:30.349 DBG Sending PREPARE. senderID=2 sn=65 view=0
08:41:30.350 DBG func sendPrepare prepare Tn. sn=65 tn=17
08:41:30.350 DBG Sending COMMIT. senderID=2 sn=65 tn=17 view=0
08:41:30.350 DBG func sendCommit commit Tn. sn=65 tn=17
08:41:30.350 DBG Sending Htn. senderID=2 sn=65 view=0
08:41:30.350 DBG Sending COMMIT. senderID=2 sn=66 tn=17 view=0
08:41:30.350 DBG func sendCommit commit Tn. sn=66 tn=17
08:41:30.350 DBG func handleCommit commit Tn. tn=17
08:41:30.350 DBG func handleCommit commit Tn. tn=17
08:41:30.350 DBG func handleHtnmsg. newhtn=17 prelocalhtn=17 segment=2
08:41:30.351 DBG func handleCommit commit Tn. tn=17
08:41:30.351 INF Get logEntry.Sn from tn. SegID=2 Tn=17 logEntry.Sn=66 origin_sn=66
08:41:30.351 INF Committed entry. latency=0 nReq=0 sn=66
08:41:30.351 DBG Starting timer. sn=70 view=0
08:41:30.351 DBG func handleHtnmsg. newhtn=17 prelocalhtn=17 segment=2
08:41:30.351 INF Set TRUE. sn=70
08:41:30.351 INF validHtnMsgs sets. validHtnMsgs=17
08:41:30.351 INF validHtnMsgs sets. validHtnMsgs=17
08:41:30.351 INF Handling PREPREPARE. nReq=0 senderID=3 sn=71
08:41:30.351 DBG Creating new Batch. nReq=0
08:41:30.351 DBG Sending PREPARE. senderID=2 sn=71 view=0
08:41:30.351 DBG func sendPrepare prepare Tn. sn=71 tn=18
08:41:30.351 DBG func handleCommit commit Tn. tn=17
08:41:30.351 DBG func handleHtnmsg. newhtn=17 prelocalhtn=17 segment=2
08:41:30.351 DBG func handleCommit commit Tn. tn=17
08:41:30.351 INF Get logEntry.Sn from tn. SegID=1 Tn=17 logEntry.Sn=65 origin_sn=65
08:41:30.351 INF Committed entry. latency=0 nReq=0 sn=65
08:41:30.351 DBG Starting timer. sn=69 view=0
08:41:30.351 DBG Sending COMMIT. senderID=2 sn=71 tn=18 view=0
08:41:30.351 DBG func sendCommit commit Tn. sn=71 tn=18
08:41:30.351 DBG Sending Htn. senderID=2 sn=71 view=0
08:41:30.351 DBG func handleCommit commit Tn. tn=17
08:41:30.353 DBG func handleCommit commit Tn. tn=18
08:41:30.353 DBG func handleCommit commit Tn. tn=18
08:41:30.353 INF Committed nil entry. latency=0 sn=67
08:41:30.353 INF Get logEntry.Sn from tn. Nil Blocks. SegID=3 logEntry.Sn=67
08:41:30.353 DBG Starting timer. sn=75 view=0
08:41:30.353 INF Get logEntry.Sn from tn. SegID=3 Tn=18 logEntry.Sn=71 origin_sn=71
08:41:30.353 INF Committed entry. latency=0 nReq=0 sn=71
08:41:30.353 DBG Timer already started. sn=75 view=0
08:41:30.353 DBG func handleCommit commit Tn. tn=18
08:41:31.345 INF Handling PREPREPARE. nReq=98 senderID=0 sn=72
08:41:31.346 DBG Creating new Batch. nReq=98
08:41:31.348 DBG Sending PREPARE. senderID=2 sn=72 view=0
08:41:31.348 DBG func sendPrepare prepare Tn. sn=72 tn=19
08:41:31.348 DBG Sending COMMIT. senderID=2 sn=72 tn=19 view=0
08:41:31.348 DBG func sendCommit commit Tn. sn=72 tn=19
08:41:31.348 DBG Sending Htn. senderID=2 sn=72 view=0
08:41:31.350 DBG Batch ready. batchSize=2048
08:41:31.350 DBG In lead() loop sn=70
08:41:31.350 INF enter big block cursn=70
08:41:31.350 INF enter block2 cursn=70 snfromhtntopropose=78
08:41:31.350 DBG Batch cut. left=0 nBuckets=16 nReq=0 next=0
08:41:31.350 INF Sending PREPREPARE. nReq=0 senderID=2 sn=78 view=0
08:41:31.350 DBG func handleCommit commit Tn. tn=19
08:41:31.350 DBG Waiting for batch. batchSize=2048
08:41:31.350 DBG func handleCommit commit Tn. tn=19
08:41:31.350 INF Committed nil entry. latency=0 sn=48
08:41:31.350 INF Delivered nil batch. sn=48
08:41:31.350 INF Delivered batch. nReq=32 sn=49
08:41:31.350 INF Delivered batch. nReq=32 sn=50
08:41:31.350 INF Delivered batch. nReq=32 sn=51
08:41:31.350 INF Get logEntry.Sn from tn. Nil Blocks. SegID=0 logEntry.Sn=48
08:41:31.350 INF Committed nil entry. latency=0 sn=52
08:41:31.350 INF Handling PREPREPARE. nReq=0 senderID=1 sn=77
08:41:31.350 INF Delivered nil batch. sn=52
08:41:31.350 DBG Creating new Batch. nReq=0
08:41:31.350 INF Delivered batch. nReq=32 sn=53
08:41:31.350 INF Delivered batch. nReq=32 sn=54
08:41:31.350 DBG Sending PREPARE. senderID=2 sn=77 view=0
08:41:31.350 INF Delivered batch. nReq=32 sn=55
08:41:31.350 DBG func sendPrepare prepare Tn. sn=77 tn=20
08:41:31.350 INF Get logEntry.Sn from tn. Nil Blocks. SegID=0 logEntry.Sn=52
08:41:31.350 INF Committed nil entry. latency=0 sn=56
08:41:31.350 INF Delivered nil batch. sn=56
08:41:31.350 INF Delivered batch. nReq=32 sn=57
08:41:31.350 INF Delivered batch. nReq=32 sn=58
08:41:31.351 INF Delivered batch. nReq=32 sn=59
08:41:31.351 INF Get logEntry.Sn from tn. Nil Blocks. SegID=0 logEntry.Sn=56
08:41:31.351 INF Committed nil entry. latency=0 sn=60
08:41:31.351 INF Delivered nil batch. sn=60
08:41:31.351 INF Delivered batch. nReq=1 sn=61
08:41:31.351 INF Delivered batch. nReq=0 sn=62
08:41:31.351 INF Delivered batch. nReq=1 sn=63
08:41:31.351 INF Get logEntry.Sn from tn. Nil Blocks. SegID=0 logEntry.Sn=60
08:41:31.351 INF Committed nil entry. latency=0 sn=64
08:41:31.351 INF Delivered nil batch. sn=64
08:41:31.351 INF Delivered batch. nReq=0 sn=65
08:41:31.351 INF Delivered batch. nReq=0 sn=66
08:41:31.351 INF Delivered nil batch. sn=67
08:41:31.351 INF Get logEntry.Sn from tn. Nil Blocks. SegID=0 logEntry.Sn=64
08:41:31.351 INF Committed nil entry. latency=0 sn=68
08:41:31.351 INF Delivered nil batch. sn=68
08:41:31.351 INF Get logEntry.Sn from tn. Nil Blocks. SegID=0 logEntry.Sn=68
08:41:31.351 DBG Starting timer. sn=76 view=0
08:41:31.351 INF Get logEntry.Sn from tn. SegID=0 Tn=19 logEntry.Sn=72 origin_sn=72
08:41:31.351 INF Committed entry. latency=0 nReq=98 sn=72
08:41:31.351 INF Handling PREPREPARE. nReq=0 senderID=3 sn=79
08:41:31.351 DBG Creating new Batch. nReq=0
08:41:31.351 DBG req_id is: [767 768 831 832 895 896 771 772 835 836 899 900 775 776 839 840 903 904 779 780 843 844 907 908 783 784 847 848 911 912 787 788 851 852 915 916 791 792 855 856 919 920 795 796 859 860 923 924 799 800 863 864 927 928 803 804 867 868 931 932 807 808 871 872 935 936 811 812 875 876 939 940 815 816 879 880 943 944 819 820 883 884 947 948 823 824 887 888 951 952 827 828 891 892 955 956 959 960] logEntry.Sn=72
08:41:31.351 DBG Timer already started. sn=76 view=0
08:41:31.351 DBG func handleCommit commit Tn. tn=19
08:41:31.351 DBG Sending PREPARE. senderID=2 sn=79 view=0
08:41:31.351 DBG func sendPrepare prepare Tn. sn=79 tn=20
08:41:31.351 DBG Sending COMMIT. senderID=2 sn=77 tn=20 view=0
08:41:31.351 DBG func sendCommit commit Tn. sn=77 tn=20
08:41:31.351 DBG Sending Htn. senderID=2 sn=77 view=0
08:41:31.351 DBG Sending COMMIT. senderID=2 sn=79 tn=20 view=0
08:41:31.351 DBG Sending COMMIT. senderID=2 sn=78 tn=20 view=0
08:41:31.351 DBG func sendCommit commit Tn. sn=78 tn=20
08:41:31.351 DBG func sendCommit commit Tn. sn=79 tn=20
08:41:31.351 DBG Sending Htn. senderID=2 sn=79 view=0
08:41:31.353 DBG func handleCommit commit Tn. tn=20
08:41:31.353 DBG func handleCommit commit Tn. tn=20
08:41:31.353 DBG func handleCommit commit Tn. tn=20
08:41:31.353 DBG func handleHtnmsg. newhtn=20 prelocalhtn=20 segment=2
08:41:31.353 INF Committed nil entry. latency=0 sn=69
08:41:31.353 INF Delivered nil batch. sn=69
08:41:31.353 INF Get logEntry.Sn from tn. Nil Blocks. SegID=1 logEntry.Sn=69
08:41:31.353 DBG func handleCommit commit Tn. tn=20
08:41:31.353 INF Committed nil entry. latency=0 sn=73
08:41:31.353 DBG func handleCommit commit Tn. tn=20
08:41:31.353 INF Get logEntry.Sn from tn. Nil Blocks. SegID=1 logEntry.Sn=73
08:41:31.353 DBG Starting timer. sn=81 view=0
08:41:31.353 INF Get logEntry.Sn from tn. SegID=1 Tn=20 logEntry.Sn=77 origin_sn=77
08:41:31.353 INF Committed entry. latency=0 nReq=0 sn=77
08:41:31.353 INF Delivered nil batch. sn=70
08:41:31.353 INF Delivered batch. nReq=0 sn=71
08:41:31.353 INF Delivered batch. nReq=98 sn=72
08:41:31.353 INF Committed nil entry. latency=0 sn=70
08:41:31.353 INF Delivered nil batch. sn=73
08:41:31.353 DBG Timer already started. sn=81 view=0
08:41:31.353 DBG func handleCommit commit Tn. tn=20
08:41:31.353 INF Get logEntry.Sn from tn. Nil Blocks. SegID=2 logEntry.Sn=70
08:41:31.353 INF Committed nil entry. latency=0 sn=74
08:41:31.353 INF Delivered nil batch. sn=74
08:41:31.353 INF Get logEntry.Sn from tn. Nil Blocks. SegID=2 logEntry.Sn=74
08:41:31.353 DBG Starting timer. sn=82 view=0
08:41:31.353 INF Get logEntry.Sn from tn. SegID=2 Tn=20 logEntry.Sn=78 origin_sn=78
08:41:31.353 INF Committed entry. latency=0 nReq=0 sn=78
08:41:31.353 DBG Timer already started. sn=82 view=0
08:41:31.353 DBG func handleHtnmsg. newhtn=20 prelocalhtn=20 segment=2
08:41:31.353 INF Set TRUE. sn=82
08:41:31.353 INF validHtnMsgs sets. validHtnMsgs=20
08:41:31.353 INF validHtnMsgs sets. validHtnMsgs=20
08:41:31.353 DBG func handleCommit commit Tn. tn=20
08:41:31.353 DBG func handleHtnmsg. newhtn=20 prelocalhtn=20 segment=2
08:41:31.355 DBG func handleCommit commit Tn. tn=20
08:41:31.355 INF Committed nil entry. latency=0 sn=75
08:41:31.355 INF Delivered nil batch. sn=75
08:41:31.355 INF Get logEntry.Sn from tn. Nil Blocks. SegID=3 logEntry.Sn=75
08:41:31.355 DBG Starting timer. sn=83 view=0
08:41:31.355 INF Get logEntry.Sn from tn. SegID=3 Tn=20 logEntry.Sn=79 origin_sn=79
08:41:31.355 INF Committed entry. latency=0 nReq=0 sn=79
08:41:31.355 DBG Timer already started. sn=83 view=0
08:41:31.355 DBG func handleCommit commit Tn. tn=20
08:41:31.372 INF Connection terminated. error="rpc error: code = Canceled desc = context canceled" address=18.204.213.74:34454
08:41:31.372 INF Finished sending bucket assignments to client. clId=0
08:41:31.374 INF Connection terminated. error="rpc error: code = Canceled desc = context canceled" address=18.204.213.74:34456
08:41:31.374 INF Finished sending bucket assignments to client. clId=1
08:41:31.591 INF Stopping profiler.
08:41:31.591 INF Stopping Tracer. events=139 fileName=experiment-output/0000/slave-001/peer.trc
08:41:31.591 INF Trace data written.
08:41:31.617 INF Profile data written. filename=experiment-output/0000/slave-001/prof.block name=block
08:41:31.617 INF Connection terminated. error="rpc error: code = Canceled desc = context canceled" address=172.31.90.187:56446
08:41:31.617 INF Connection terminated. error="rpc error: code = Canceled desc = context canceled" address=172.31.90.187:56442
08:41:31.617 INF Connection terminated. error="rpc error: code = Canceled desc = context canceled" address=172.31.90.187:56444
08:41:31.617 INF Connection terminated. error="rpc error: code = Canceled desc = context canceled" address=172.31.90.187:56440
08:41:31.617 INF Connection terminated. error="rpc error: code = Canceled desc = context canceled" address=172.31.90.187:56438
08:41:31.618 INF Connection terminated. error="rpc error: code = Canceled desc = context canceled" address=172.31.90.187:56436
08:41:31.621 INF Connection terminated. error="rpc error: code = Canceled desc = context canceled" address=172.31.95.189:36350
08:41:31.621 INF Connection terminated. error="rpc error: code = Canceled desc = context canceled" address=172.31.95.189:36348
08:41:31.621 INF Connection terminated. error="rpc error: code = Canceled desc = context canceled" address=172.31.95.189:36346
08:41:31.621 INF Connection terminated. error="rpc error: code = Canceled desc = context canceled" address=172.31.95.189:36342
08:41:31.621 INF Connection terminated. error="rpc error: code = Canceled desc = context canceled" address=172.31.95.189:36344
08:41:31.621 INF Connection terminated. error="rpc error: code = Canceled desc = context canceled" address=172.31.95.189:36340
08:41:31.622 INF Profile data written. filename=experiment-output/0000/slave-001/prof.mutex name=mutex
08:41:31.625 INF Connection terminated. error="rpc error: code = Canceled desc = context canceled" address=172.31.92.163:43344
08:41:31.625 INF Connection terminated. error="rpc error: code = Canceled desc = context canceled" address=172.31.92.163:43348
08:41:31.625 INF Connection terminated. error="rpc error: code = Canceled desc = context canceled" address=172.31.92.163:43350
08:41:31.625 INF Connection terminated. error="rpc error: code = Canceled desc = context canceled" address=172.31.92.163:43340
08:41:31.625 INF Connection terminated. error="rpc error: code = Canceled desc = context canceled" address=172.31.92.163:43338
08:41:31.625 INF Connection terminated. error="rpc error: code = Canceled desc = context canceled" address=172.31.92.163:43346
08:41:31.811 INF Profile data written. filename=experiment-output/0000/slave-001/prof.cpu name=cpu
