{"level":"debug","Logging":"info","time":"2023-03-21T08:18:15Z","message":"Config"}
{"level":"debug","UseTLS":false,"time":"2023-03-21T08:18:15Z","message":"Config"}
{"level":"debug","CACertFile":"tls-data/ca.pem","time":"2023-03-21T08:18:15Z","message":"Config"}
{"level":"debug","KeyFile":"tls-data/auth.key","time":"2023-03-21T08:18:15Z","message":"Config"}
{"level":"debug","CertFile":"tls-data/auth.pem","time":"2023-03-21T08:18:15Z","message":"Config"}
{"level":"debug","PriorityConnections":2,"time":"2023-03-21T08:18:15Z","message":"Config"}
{"level":"debug","BasicConnections":1,"time":"2023-03-21T08:18:15Z","message":"Config"}
{"level":"debug","TestConnections":false,"time":"2023-03-21T08:18:15Z","message":"Config"}
{"level":"debug","ExcessConnections":1,"time":"2023-03-21T08:18:15Z","message":"Config"}
{"level":"debug","ConnectionTestMsgs":4,"time":"2023-03-21T08:18:15Z","message":"Config"}
{"level":"debug","ConnectionTestPayload":131072,"time":"2023-03-21T08:18:15Z","message":"Config"}
{"level":"debug","OutMessageBufsize":1024,"time":"2023-03-21T08:18:15Z","message":"Config"}
{"level":"debug","OutMessageBufsize":4,"time":"2023-03-21T08:18:15Z","message":"Config"}
{"level":"debug","ThroughputCap":131072000,"time":"2023-03-21T08:18:15Z","message":"Config"}
{"level":"debug","StragglerTolerance":1000,"time":"2023-03-21T08:18:15Z","message":"Config"}
{"level":"debug","BatchSizeIncrement":256,"time":"2023-03-21T08:18:15Z","message":"Config"}
{"level":"debug","Orderer":"Pbft","time":"2023-03-21T08:18:15Z","message":"Config"}
{"level":"debug","Manager":"Mir","time":"2023-03-21T08:18:15Z","message":"Config"}
{"level":"debug","Failures":0,"time":"2023-03-21T08:18:15Z","message":"Config"}
{"level":"debug","StragglerCnt":1,"time":"2023-03-21T08:18:15Z","message":"Config"}
{"level":"debug","PrivKeyCnt":10,"time":"2023-03-21T08:18:15Z","message":"Config"}
{"level":"debug","UseSig":false,"time":"2023-03-21T08:18:15Z","message":"Config"}
{"level":"debug","TnCheckpointCnt":3,"time":"2023-03-21T08:18:15Z","message":"Config"}
{"level":"debug","CrashTiming":"Straggler","time":"2023-03-21T08:18:15Z","message":"Config"}
{"level":"debug","CheckpointInterval":256,"time":"2023-03-21T08:18:15Z","message":"Config"}
{"level":"debug","WatermarkWindowSize":256,"time":"2023-03-21T08:18:15Z","message":"Config"}
{"level":"debug","EpochLength":256,"time":"2023-03-21T08:18:15Z","message":"Config"}
{"level":"debug","SegmentLength":16,"time":"2023-03-21T08:18:15Z","message":"Config"}
{"level":"debug","WaitForCheckpoints":true,"time":"2023-03-21T08:18:15Z","message":"Config"}
{"level":"debug","ClientWatermarkWindowSize":16384,"time":"2023-03-21T08:18:15Z","message":"Config"}
{"level":"debug","ClientRequestBacklogSize":16384,"time":"2023-03-21T08:18:15Z","message":"Config"}
{"level":"debug","RandomSeed":23281,"time":"2023-03-21T08:18:15Z","message":"Config"}
{"level":"debug","NodeToLeaderRatio":1,"time":"2023-03-21T08:18:15Z","message":"Config"}
{"level":"debug","LeaderPolicy":"Simple","time":"2023-03-21T08:18:15Z","message":"Config"}
{"level":"debug","DefaultLeaderBan":2,"time":"2023-03-21T08:18:15Z","message":"Config"}
{"level":"debug","NumBuckets":256,"time":"2023-03-21T08:18:15Z","message":"Config"}
{"level":"debug","BatchSize":1000,"time":"2023-03-21T08:18:15Z","message":"Config"}
{"level":"debug","DisabledViewChange":false,"time":"2023-03-21T08:18:15Z","message":"Config"}
{"level":"debug","ViewChangeTimeout":60000,"time":"2023-03-21T08:18:15Z","message":"Config"}
{"level":"debug","ClientTraceSampling":10,"time":"2023-03-21T08:18:15Z","message":"Config"}
{"level":"debug","EventBufferSize":2097152,"time":"2023-03-21T08:18:15Z","message":"Config"}
{"level":"debug","TraceSampling":1,"time":"2023-03-21T08:18:15Z","message":"Config"}
{"level":"debug","ClientsPerProcess":8,"time":"2023-03-21T08:18:15Z","message":"Config"}
{"level":"debug","RequestsPerClient":7031,"time":"2023-03-21T08:18:15Z","message":"Config"}
{"level":"debug","ClientRunTime":15000,"time":"2023-03-21T08:18:15Z","message":"Config"}
{"level":"debug","RequestRate":234,"time":"2023-03-21T08:18:15Z","message":"Config"}
{"level":"debug","HardRequestRateLimit":false,"time":"2023-03-21T08:18:15Z","message":"Config"}
{"level":"debug","RequestPayloadSize":500,"time":"2023-03-21T08:18:15Z","message":"Config"}
{"level":"debug","SignRequests":true,"time":"2023-03-21T08:18:15Z","message":"Config"}
{"level":"debug","ClientPrivKeyFile":"tls-data/client-ecdsa-256.key","time":"2023-03-21T08:18:15Z","message":"Config"}
{"level":"debug","ClientPubKeyFile":"tls-data/client-ecdsa-256.pem","time":"2023-03-21T08:18:15Z","message":"Config"}
{"level":"debug","PrecomputeRequests":false,"time":"2023-03-21T08:18:15Z","message":"Config"}
{"level":"debug","RequestHandlerThreads":32,"time":"2023-03-21T08:18:15Z","message":"Config"}
{"level":"debug","RequestInputChannelBuffer":8192,"time":"2023-03-21T08:18:15Z","message":"Config"}
{"level":"debug","BatchVerifier":"external","time":"2023-03-21T08:18:15Z","message":"Config"}
08:18:15.237 INF Started Profiler: CPU
08:18:15.237 INF Started Profiler: BLOCK
08:18:15.237 INF Started Profiler: MUTEX
08:18:15.237 INF Starting clients. numClients=8 numRequests=7031
08:18:15.237 INF Initilizing clients.
08:18:15.803 INF Registared with discovery server. numOrderers=16 ownClientId=212
08:18:15.803 INF Registared with discovery server. numOrderers=16 ownClientId=234
08:18:15.804 INF Registared with discovery server. numOrderers=16 ownClientId=243
08:18:15.804 INF Registared with discovery server. numOrderers=16 ownClientId=240
08:18:15.804 INF Registared with discovery server. numOrderers=16 ownClientId=239
08:18:15.805 INF Registared with discovery server. numOrderers=16 ownClientId=249
08:18:15.805 INF Registared with discovery server. numOrderers=16 ownClientId=247
08:18:15.806 INF Registared with discovery server. numOrderers=16 ownClientId=251
08:18:15.806 INF Clients initialized.
08:18:15.806 INF Launching clients.
08:18:15.806 INF Waiting for clients.
08:19:21.233 INF Stopping Tracer. events=1802 fileName=experiment-output/0000/slave-046/client-243.trc
zerolog: could not write event: write experiment-output/0000/slave-046/client-243.log: file already closed
zerolog: could not write event: write experiment-output/0000/slave-046/client-243.log: file already closed
zerolog: could not write event: write experiment-output/0000/slave-046/client-243.log: file already closed
zerolog: could not write event: write experiment-output/0000/slave-046/client-243.log: file already closed
08:19:21.236 INF Trace data written.
08:19:21.274 INF Stopping Tracer. events=1620 fileName=experiment-output/0000/slave-046/client-212.trc
08:19:21.274 INF Stopping Tracer. events=1732 fileName=experiment-output/0000/slave-046/client-239.trc
zerolog: could not write event: write experiment-output/0000/slave-046/client-212.log: file already closed
zerolog: could not write event: write experiment-output/0000/slave-046/client-212.log: file already closed
zerolog: could not write event: write experiment-output/0000/slave-046/client-212.log: file already closed
zerolog: could not write event: write experiment-output/0000/slave-046/client-239.log: file already closed
zerolog: could not write event: write experiment-output/0000/slave-046/client-239.log: file already closed
zerolog: could not write event: write experiment-output/0000/slave-046/client-239.log: file already closed
zerolog: could not write event: write experiment-output/0000/slave-046/client-239.log: file already closed
zerolog: could not write event: write experiment-output/0000/slave-046/client-212.log: file already closed
08:19:21.276 INF Trace data written.
08:19:21.277 INF Trace data written.
08:19:21.278 INF Stopping Tracer. events=1828 fileName=experiment-output/0000/slave-046/client-249.trc
08:19:21.278 INF Stopping Tracer. events=1871 fileName=experiment-output/0000/slave-046/client-251.trc
zerolog: could not write event: write experiment-output/0000/slave-046/client-249.log: file already closed
zerolog: could not write event: write experiment-output/0000/slave-046/client-249.log: file already closed
zerolog: could not write event: write experiment-output/0000/slave-046/client-249.log: file already closed
zerolog: could not write event: write experiment-output/0000/slave-046/client-249.log: file already closed
zerolog: could not write event: write experiment-output/0000/slave-046/client-251.log: file already closed
zerolog: could not write event: write experiment-output/0000/slave-046/client-251.log: file already closed
zerolog: could not write event: write experiment-output/0000/slave-046/client-251.log: file already closed
zerolog: could not write event: write experiment-output/0000/slave-046/client-251.log: file already closed
08:19:21.279 INF Stopping Tracer. events=1906 fileName=experiment-output/0000/slave-046/client-247.trc
08:19:21.279 INF Stopping Tracer. events=1668 fileName=experiment-output/0000/slave-046/client-234.trc
zerolog: could not write event: write experiment-output/0000/slave-046/client-247.log: file already closed
zerolog: could not write event: write experiment-output/0000/slave-046/client-247.log: file already closed
zerolog: could not write event: write experiment-output/0000/slave-046/client-234.log: file already closed
zerolog: could not write event: write experiment-output/0000/slave-046/client-247.log: file already closed
zerolog: could not write event: write experiment-output/0000/slave-046/client-234.log: file already closed
zerolog: could not write event: write experiment-output/0000/slave-046/client-247.log: file already closed
zerolog: could not write event: write experiment-output/0000/slave-046/client-234.log: file already closed
zerolog: could not write event: write experiment-output/0000/slave-046/client-234.log: file already closed
08:19:21.282 INF Trace data written.
08:19:21.282 INF Trace data written.
08:19:21.282 INF Trace data written.
08:19:21.282 INF Stopping Tracer. events=1931 fileName=experiment-output/0000/slave-046/client-240.trc
08:19:21.283 INF Trace data written.
zerolog: could not write event: write experiment-output/0000/slave-046/client-240.log: file already closed
zerolog: could not write event: write experiment-output/0000/slave-046/client-240.log: file already closed
zerolog: could not write event: write experiment-output/0000/slave-046/client-240.log: file already closed
zerolog: could not write event: write experiment-output/0000/slave-046/client-240.log: file already closed
08:19:21.286 INF Trace data written.
08:19:21.286 INF Done.
08:19:21.286 INF Stopping profiler.
zerolog: could not write event: write experiment-output/0000/slave-046/client-243.log: file already closed
zerolog: could not write event: write experiment-output/0000/slave-046/client-243.log: file already closed
zerolog: could not write event: write experiment-output/0000/slave-046/client-243.log: file already closed
zerolog: could not write event: write experiment-output/0000/slave-046/client-243.log: file already closed
zerolog: could not write event: write experiment-output/0000/slave-046/client-212.log: file already closed
zerolog: could not write event: write experiment-output/0000/slave-046/client-212.log: file already closed
zerolog: could not write event: write experiment-output/0000/slave-046/client-239.log: file already closed
zerolog: could not write event: write experiment-output/0000/slave-046/client-251.log: file already closed
zerolog: could not write event: write experiment-output/0000/slave-046/client-251.log: file already closed
zerolog: could not write event: write experiment-output/0000/slave-046/client-249.log: file already closed
zerolog: could not write event: write experiment-output/0000/slave-046/client-247.log: file already closed
zerolog: could not write event: write experiment-output/0000/slave-046/client-234.log: file already closed
zerolog: could not write event: write experiment-output/0000/slave-046/client-247.log: file already closed
zerolog: could not write event: write experiment-output/0000/slave-046/client-251.log: file already closed
zerolog: could not write event: write experiment-output/0000/slave-046/client-234.log: file already closed
zerolog: could not write event: write experiment-output/0000/slave-046/client-239.log: file already closed
zerolog: could not write event: write experiment-output/0000/slave-046/client-239.log: file already closed
zerolog: could not write event: write experiment-output/0000/slave-046/client-239.log: file already closed
zerolog: could not write event: write experiment-output/0000/slave-046/client-212.log: file already closed
zerolog: could not write event: write experiment-output/0000/slave-046/client-212.log: file already closed
zerolog: could not write event: write experiment-output/0000/slave-046/client-249.log: file already closed
zerolog: could not write event: write experiment-output/0000/slave-046/client-249.log: file already closed
zerolog: could not write event: write experiment-output/0000/slave-046/client-247.log: file already closed
zerolog: could not write event: write experiment-output/0000/slave-046/client-251.log: file already closed
zerolog: could not write event: write experiment-output/0000/slave-046/client-234.log: file already closed
zerolog: could not write event: write experiment-output/0000/slave-046/client-249.log: file already closed
zerolog: could not write event: write experiment-output/0000/slave-046/client-234.log: file already closed
zerolog: could not write event: write experiment-output/0000/slave-046/client-247.log: file already closed
zerolog: could not write event: write experiment-output/0000/slave-046/client-240.log: file already closed
zerolog: could not write event: write experiment-output/0000/slave-046/client-240.log: file already closed
zerolog: could not write event: write experiment-output/0000/slave-046/client-240.log: file already closed
zerolog: could not write event: write experiment-output/0000/slave-046/client-240.log: file already closed
zerolog: could not write event: write experiment-output/0000/slave-046/client-243.log: file already closed
zerolog: could not write event: write experiment-output/0000/slave-046/client-243.log: file already closed
zerolog: could not write event: write experiment-output/0000/slave-046/client-243.log: file already closed
zerolog: could not write event: write experiment-output/0000/slave-046/client-243.log: file already closed
zerolog: could not write event: write experiment-output/0000/slave-046/client-212.log: file already closed
zerolog: could not write event: write experiment-output/0000/slave-046/client-239.log: file already closed
zerolog: could not write event: write experiment-output/0000/slave-046/client-212.log: file already closed
zerolog: could not write event: write experiment-output/0000/slave-046/client-212.log: file already closed
zerolog: could not write event: write experiment-output/0000/slave-046/client-239.log: file already closed
zerolog: could not write event: write experiment-output/0000/slave-046/client-212.log: file already closed
zerolog: could not write event: write experiment-output/0000/slave-046/client-239.log: file already closed
zerolog: could not write event: write experiment-output/0000/slave-046/client-239.log: file already closed
zerolog: could not write event: write experiment-output/0000/slave-046/client-249.log: file already closed
zerolog: could not write event: write experiment-output/0000/slave-046/client-249.log: file already closed
zerolog: could not write event: write experiment-output/0000/slave-046/client-249.log: file already closed
zerolog: could not write event: write experiment-output/0000/slave-046/client-249.log: file already closed
zerolog: could not write event: write experiment-output/0000/slave-046/client-251.log: file already closed
zerolog: could not write event: write experiment-output/0000/slave-046/client-251.log: file already closed
zerolog: could not write event: write experiment-output/0000/slave-046/client-251.log: file already closed
zerolog: could not write event: write experiment-output/0000/slave-046/client-234.log: file already closed
zerolog: could not write event: write experiment-output/0000/slave-046/client-251.log: file already closed
zerolog: could not write event: write experiment-output/0000/slave-046/client-247.log: file already closed
zerolog: could not write event: write experiment-output/0000/slave-046/client-234.log: file already closed
zerolog: could not write event: write experiment-output/0000/slave-046/client-234.log: file already closed
zerolog: could not write event: write experiment-output/0000/slave-046/client-234.log: file already closed
zerolog: could not write event: write experiment-output/0000/slave-046/client-247.log: file already closed
zerolog: could not write event: write experiment-output/0000/slave-046/client-247.log: file already closed
zerolog: could not write event: write experiment-output/0000/slave-046/client-247.log: file already closed
zerolog: could not write event: write experiment-output/0000/slave-046/client-240.log: file already closed
zerolog: could not write event: write experiment-output/0000/slave-046/client-240.log: file already closed
zerolog: could not write event: write experiment-output/0000/slave-046/client-240.log: file already closed
zerolog: could not write event: write experiment-output/0000/slave-046/client-240.log: file already closed
08:19:21.481 INF Profile data written. filename=experiment-output/0000/slave-046/prof-client.cpu name=cpu
08:19:21.501 INF Profile data written. filename=experiment-output/0000/slave-046/prof-client.block name=block
08:19:21.507 INF Profile data written. filename=experiment-output/0000/slave-046/prof-client.mutex name=mutex
