{"level":"debug","Logging":"info","time":"2023-07-10T07:30:45Z","message":"Config"}
{"level":"debug","UseTLS":false,"time":"2023-07-10T07:30:45Z","message":"Config"}
{"level":"debug","CACertFile":"tls-data/ca.pem","time":"2023-07-10T07:30:45Z","message":"Config"}
{"level":"debug","KeyFile":"tls-data/auth.key","time":"2023-07-10T07:30:45Z","message":"Config"}
{"level":"debug","CertFile":"tls-data/auth.pem","time":"2023-07-10T07:30:45Z","message":"Config"}
{"level":"debug","PriorityConnections":2,"time":"2023-07-10T07:30:45Z","message":"Config"}
{"level":"debug","BasicConnections":1,"time":"2023-07-10T07:30:45Z","message":"Config"}
{"level":"debug","TestConnections":false,"time":"2023-07-10T07:30:45Z","message":"Config"}
{"level":"debug","ExcessConnections":1,"time":"2023-07-10T07:30:45Z","message":"Config"}
{"level":"debug","ConnectionTestMsgs":4,"time":"2023-07-10T07:30:45Z","message":"Config"}
{"level":"debug","ConnectionTestPayload":131072,"time":"2023-07-10T07:30:45Z","message":"Config"}
{"level":"debug","OutMessageBufsize":1024,"time":"2023-07-10T07:30:45Z","message":"Config"}
{"level":"debug","OutMessageBufsize":4,"time":"2023-07-10T07:30:45Z","message":"Config"}
{"level":"debug","ThroughputCap":131072000,"time":"2023-07-10T07:30:45Z","message":"Config"}
{"level":"debug","StragglerTolerance":1000,"time":"2023-07-10T07:30:45Z","message":"Config"}
{"level":"debug","BatchSizeIncrement":256,"time":"2023-07-10T07:30:45Z","message":"Config"}
{"level":"debug","Orderer":"Pbft","time":"2023-07-10T07:30:45Z","message":"Config"}
{"level":"debug","Manager":"Mir","time":"2023-07-10T07:30:45Z","message":"Config"}
{"level":"debug","Failures":0,"time":"2023-07-10T07:30:45Z","message":"Config"}
{"level":"debug","StragglerCnt":0,"time":"2023-07-10T07:30:45Z","message":"Config"}
{"level":"debug","PrivKeyCnt":10,"time":"2023-07-10T07:30:45Z","message":"Config"}
{"level":"debug","UseSig":false,"time":"2023-07-10T07:30:45Z","message":"Config"}
{"level":"debug","TnCheckpointCnt":3,"time":"2023-07-10T07:30:45Z","message":"Config"}
{"level":"debug","CrashTiming":"Straggler","time":"2023-07-10T07:30:45Z","message":"Config"}
{"level":"debug","CheckpointInterval":512,"time":"2023-07-10T07:30:45Z","message":"Config"}
{"level":"debug","WatermarkWindowSize":512,"time":"2023-07-10T07:30:45Z","message":"Config"}
{"level":"debug","EpochLength":512,"time":"2023-07-10T07:30:45Z","message":"Config"}
{"level":"debug","SegmentLength":32,"time":"2023-07-10T07:30:45Z","message":"Config"}
{"level":"debug","WaitForCheckpoints":true,"time":"2023-07-10T07:30:45Z","message":"Config"}
{"level":"debug","ClientWatermarkWindowSize":16384,"time":"2023-07-10T07:30:45Z","message":"Config"}
{"level":"debug","ClientRequestBacklogSize":16384,"time":"2023-07-10T07:30:45Z","message":"Config"}
{"level":"debug","RandomSeed":20383,"time":"2023-07-10T07:30:45Z","message":"Config"}
{"level":"debug","NodeToLeaderRatio":1,"time":"2023-07-10T07:30:45Z","message":"Config"}
{"level":"debug","LeaderPolicy":"Simple","time":"2023-07-10T07:30:45Z","message":"Config"}
{"level":"debug","DefaultLeaderBan":2,"time":"2023-07-10T07:30:45Z","message":"Config"}
{"level":"debug","NumBuckets":256,"time":"2023-07-10T07:30:45Z","message":"Config"}
{"level":"debug","BatchSize":2000,"time":"2023-07-10T07:30:45Z","message":"Config"}
{"level":"debug","DisabledViewChange":false,"time":"2023-07-10T07:30:45Z","message":"Config"}
{"level":"debug","ViewChangeTimeout":60000,"time":"2023-07-10T07:30:45Z","message":"Config"}
{"level":"debug","ClientTraceSampling":10,"time":"2023-07-10T07:30:45Z","message":"Config"}
{"level":"debug","EventBufferSize":2097152,"time":"2023-07-10T07:30:45Z","message":"Config"}
{"level":"debug","TraceSampling":1,"time":"2023-07-10T07:30:45Z","message":"Config"}
{"level":"debug","ClientsPerProcess":8,"time":"2023-07-10T07:30:45Z","message":"Config"}
{"level":"debug","RequestsPerClient":4687,"time":"2023-07-10T07:30:45Z","message":"Config"}
{"level":"debug","ClientRunTime":15000,"time":"2023-07-10T07:30:45Z","message":"Config"}
{"level":"debug","RequestRate":156,"time":"2023-07-10T07:30:45Z","message":"Config"}
{"level":"debug","HardRequestRateLimit":false,"time":"2023-07-10T07:30:45Z","message":"Config"}
{"level":"debug","RequestPayloadSize":500,"time":"2023-07-10T07:30:45Z","message":"Config"}
{"level":"debug","SignRequests":true,"time":"2023-07-10T07:30:45Z","message":"Config"}
{"level":"debug","ClientPrivKeyFile":"tls-data/client-ecdsa-256.key","time":"2023-07-10T07:30:45Z","message":"Config"}
{"level":"debug","ClientPubKeyFile":"tls-data/client-ecdsa-256.pem","time":"2023-07-10T07:30:45Z","message":"Config"}
{"level":"debug","PrecomputeRequests":false,"time":"2023-07-10T07:30:45Z","message":"Config"}
{"level":"debug","RequestHandlerThreads":32,"time":"2023-07-10T07:30:45Z","message":"Config"}
{"level":"debug","RequestInputChannelBuffer":8192,"time":"2023-07-10T07:30:45Z","message":"Config"}
{"level":"debug","BatchVerifier":"external","time":"2023-07-10T07:30:45Z","message":"Config"}
07:30:45.544 INF Started Profiler: CPU
07:30:45.544 INF Started Profiler: BLOCK
07:30:45.544 INF Started Profiler: MUTEX
07:30:45.544 INF Starting clients. numClients=8 numRequests=4687
07:30:45.544 INF Initilizing clients.
07:30:45.809 INF Registared with discovery server. numOrderers=16 ownClientId=2
07:30:45.813 INF Registared with discovery server. numOrderers=16 ownClientId=3
07:30:45.815 INF Registared with discovery server. numOrderers=16 ownClientId=14
07:30:45.829 INF Registared with discovery server. numOrderers=16 ownClientId=23
07:30:45.846 INF Registared with discovery server. numOrderers=16 ownClientId=67
07:30:45.863 INF Registared with discovery server. numOrderers=16 ownClientId=104
07:30:45.866 INF Registared with discovery server. numOrderers=16 ownClientId=184
07:30:45.887 INF Registared with discovery server. numOrderers=16 ownClientId=203
07:30:45.887 INF Clients initialized.
07:30:45.887 INF Launching clients.
07:30:45.887 INF Waiting for clients.
07:31:18.467 INF Stopping Tracer. events=1061 fileName=experiment-output/0002/slave-030/client-184.trc
07:31:18.469 INF Trace data written.
07:31:18.485 INF Stopping Tracer. events=1323 fileName=experiment-output/0002/slave-030/client-003.trc
07:31:18.485 INF Stopping Tracer. events=1020 fileName=experiment-output/0002/slave-030/client-014.trc
07:31:18.485 INF Stopping Tracer. events=1253 fileName=experiment-output/0002/slave-030/client-023.trc
07:31:18.487 INF Trace data written.
07:31:18.488 INF Trace data written.
07:31:18.488 INF Stopping Tracer. events=1054 fileName=experiment-output/0002/slave-030/client-002.trc
07:31:18.488 INF Trace data written.
07:31:18.488 INF Stopping Tracer. events=998 fileName=experiment-output/0002/slave-030/client-104.trc
07:31:18.490 INF Trace data written.
07:31:18.490 INF Trace data written.
07:31:18.502 INF Stopping Tracer. events=1338 fileName=experiment-output/0002/slave-030/client-203.trc
07:31:18.504 INF Trace data written.
07:31:18.507 INF Stopping Tracer. events=1400 fileName=experiment-output/0002/slave-030/client-067.trc
07:31:18.509 INF Trace data written.
07:31:18.509 INF Done.
07:31:18.509 INF Stopping profiler.
07:31:18.522 INF Profile data written. filename=experiment-output/0002/slave-030/prof-client.mutex name=mutex
zerolog: could not write event: write experiment-output/0002/slave-030/client-003.log: file already closed
zerolog: could not write event: write experiment-output/0002/slave-030/client-014.log: file already closed
zerolog: could not write event: write experiment-output/0002/slave-030/client-023.log: file already closed
zerolog: could not write event: write experiment-output/0002/slave-030/client-184.log: file already closed
zerolog: could not write event: write experiment-output/0002/slave-030/client-184.log: file already closed
zerolog: could not write event: write experiment-output/0002/slave-030/client-002.log: file already closed
zerolog: could not write event: write experiment-output/0002/slave-030/client-184.log: file already closed
zerolog: could not write event: write experiment-output/0002/slave-030/client-003.log: file already closed
zerolog: could not write event: write experiment-output/0002/slave-030/client-104.log: file already closed
zerolog: could not write event: write experiment-output/0002/slave-030/client-184.log: file already closed
zerolog: could not write event: write experiment-output/0002/slave-030/client-184.log: file already closed
zerolog: could not write event: write experiment-output/0002/slave-030/client-014.log: file already closed
zerolog: could not write event: write experiment-output/0002/slave-030/client-104.log: file already closed
zerolog: could not write event: write experiment-output/0002/slave-030/client-104.log: file already closed
zerolog: could not write event: write experiment-output/0002/slave-030/client-014.log: file already closed
zerolog: could not write event: write experiment-output/0002/slave-030/client-184.log: file already closed
zerolog: could not write event: write experiment-output/0002/slave-030/client-023.log: file already closed
zerolog: could not write event: write experiment-output/0002/slave-030/client-023.log: file already closed
zerolog: could not write event: write experiment-output/0002/slave-030/client-003.log: file already closed
zerolog: could not write event: write experiment-output/0002/slave-030/client-184.log: file already closed
zerolog: could not write event: write experiment-output/0002/slave-030/client-002.log: file already closed
zerolog: could not write event: write experiment-output/0002/slave-030/client-023.log: file already closed
zerolog: could not write event: write experiment-output/0002/slave-030/client-014.log: file already closed
zerolog: could not write event: write experiment-output/0002/slave-030/client-003.log: file already closed
zerolog: could not write event: write experiment-output/0002/slave-030/client-003.log: file already closed
zerolog: could not write event: write experiment-output/0002/slave-030/client-184.log: file already closed
zerolog: could not write event: write experiment-output/0002/slave-030/client-184.log: file already closed
zerolog: could not write event: write experiment-output/0002/slave-030/client-023.log: file already closed
zerolog: could not write event: write experiment-output/0002/slave-030/client-023.log: file already closed
zerolog: could not write event: write experiment-output/0002/slave-030/client-203.log: file already closed
zerolog: could not write event: write experiment-output/0002/slave-030/client-003.log: file already closed
zerolog: could not write event: write experiment-output/0002/slave-030/client-184.log: file already closed
zerolog: could not write event: write experiment-output/0002/slave-030/client-023.log: file already closed
zerolog: could not write event: write experiment-output/0002/slave-030/client-003.log: file already closed
zerolog: could not write event: write experiment-output/0002/slave-030/client-023.log: file already closed
zerolog: could not write event: write experiment-output/0002/slave-030/client-184.log: file already closed
zerolog: could not write event: write experiment-output/0002/slave-030/client-067.log: file already closed
zerolog: could not write event: write experiment-output/0002/slave-030/client-104.log: file already closed
zerolog: could not write event: write experiment-output/0002/slave-030/client-184.log: file already closed
zerolog: could not write event: write experiment-output/0002/slave-030/client-184.log: file already closed
zerolog: could not write event: write experiment-output/0002/slave-030/client-003.log: file already closed
zerolog: could not write event: write experiment-output/0002/slave-030/client-002.log: file already closed
zerolog: could not write event: write experiment-output/0002/slave-030/client-003.log: file already closed
zerolog: could not write event: write experiment-output/0002/slave-030/client-014.log: file already closed
zerolog: could not write event: write experiment-output/0002/slave-030/client-002.log: file already closed
zerolog: could not write event: write experiment-output/0002/slave-030/client-003.log: file already closed
zerolog: could not write event: write experiment-output/0002/slave-030/client-023.log: file already closed
zerolog: could not write event: write experiment-output/0002/slave-030/client-184.log: file already closed
zerolog: could not write event: write experiment-output/0002/slave-030/client-184.log: file already closed
zerolog: could not write event: write experiment-output/0002/slave-030/client-002.log: file already closed
zerolog: could not write event: write experiment-output/0002/slave-030/client-002.log: file already closed
zerolog: could not write event: write experiment-output/0002/slave-030/client-003.log: file already closed
zerolog: could not write event: write experiment-output/0002/slave-030/client-014.log: file already closed
zerolog: could not write event: write experiment-output/0002/slave-030/client-014.log: file already closed
zerolog: could not write event: write experiment-output/0002/slave-030/client-014.log: file already closed
zerolog: could not write event: write experiment-output/0002/slave-030/client-023.log: file already closed
zerolog: could not write event: write experiment-output/0002/slave-030/client-203.log: file already closed
zerolog: could not write event: write experiment-output/0002/slave-030/client-003.log: file already closed
zerolog: could not write event: write experiment-output/0002/slave-030/client-002.log: file already closed
zerolog: could not write event: write experiment-output/0002/slave-030/client-067.log: file already closed
zerolog: could not write event: write experiment-output/0002/slave-030/client-104.log: file already closed
zerolog: could not write event: write experiment-output/0002/slave-030/client-104.log: file already closed
zerolog: could not write event: write experiment-output/0002/slave-030/client-104.log: file already closed
zerolog: could not write event: write experiment-output/0002/slave-030/client-203.log: file already closed
zerolog: could not write event: write experiment-output/0002/slave-030/client-014.log: file already closed
zerolog: could not write event: write experiment-output/0002/slave-030/client-184.log: file already closed
zerolog: could not write event: write experiment-output/0002/slave-030/client-067.log: file already closed
zerolog: could not write event: write experiment-output/0002/slave-030/client-104.log: file already closed
zerolog: could not write event: write experiment-output/0002/slave-030/client-067.log: file already closed
zerolog: could not write event: write experiment-output/0002/slave-030/client-104.log: file already closed
zerolog: could not write event: write experiment-output/0002/slave-030/client-023.log: file already closed
zerolog: could not write event: write experiment-output/0002/slave-030/client-104.log: file already closed
zerolog: could not write event: write experiment-output/0002/slave-030/client-014.log: file already closed
zerolog: could not write event: write experiment-output/0002/slave-030/client-104.log: file already closed
zerolog: could not write event: write experiment-output/0002/slave-030/client-014.log: file already closed
zerolog: could not write event: write experiment-output/0002/slave-030/client-203.log: file already closed
zerolog: could not write event: write experiment-output/0002/slave-030/client-002.log: file already closed
zerolog: could not write event: write experiment-output/0002/slave-030/client-104.log: file already closed
zerolog: could not write event: write experiment-output/0002/slave-030/client-104.log: file already closed
zerolog: could not write event: write experiment-output/0002/slave-030/client-067.log: file already closed
zerolog: could not write event: write experiment-output/0002/slave-030/client-014.log: file already closed
zerolog: could not write event: write experiment-output/0002/slave-030/client-014.log: file already closed
zerolog: could not write event: write experiment-output/0002/slave-030/client-023.log: file already closed
zerolog: could not write event: write experiment-output/0002/slave-030/client-014.log: file already closed
zerolog: could not write event: write experiment-output/0002/slave-030/client-003.log: file already closed
zerolog: could not write event: write experiment-output/0002/slave-030/client-002.log: file already closed
zerolog: could not write event: write experiment-output/0002/slave-030/client-002.log: file already closed
zerolog: could not write event: write experiment-output/0002/slave-030/client-067.log: file already closed
zerolog: could not write event: write experiment-output/0002/slave-030/client-023.log: file already closed
zerolog: could not write event: write experiment-output/0002/slave-030/client-067.log: file already closed
zerolog: could not write event: write experiment-output/0002/slave-030/client-203.log: file already closed
zerolog: could not write event: write experiment-output/0002/slave-030/client-002.log: file already closed
zerolog: could not write event: write experiment-output/0002/slave-030/client-067.log: file already closed
zerolog: could not write event: write experiment-output/0002/slave-030/client-067.log: file already closed
zerolog: could not write event: write experiment-output/0002/slave-030/client-003.log: file already closed
zerolog: could not write event: write experiment-output/0002/slave-030/client-003.log: file already closed
zerolog: could not write event: write experiment-output/0002/slave-030/client-002.log: file already closed
zerolog: could not write event: write experiment-output/0002/slave-030/client-067.log: file already closed
zerolog: could not write event: write experiment-output/0002/slave-030/client-203.log: file already closed
zerolog: could not write event: write experiment-output/0002/slave-030/client-003.log: file already closed
zerolog: could not write event: write experiment-output/0002/slave-030/client-014.log: file already closed
zerolog: could not write event: write experiment-output/0002/slave-030/client-002.log: file already closed
zerolog: could not write event: write experiment-output/0002/slave-030/client-023.log: file already closed
zerolog: could not write event: write experiment-output/0002/slave-030/client-023.log: file already closed
zerolog: could not write event: write experiment-output/0002/slave-030/client-067.log: file already closed
zerolog: could not write event: write experiment-output/0002/slave-030/client-002.log: file already closed
zerolog: could not write event: write experiment-output/0002/slave-030/client-203.log: file already closed
zerolog: could not write event: write experiment-output/0002/slave-030/client-104.log: file already closed
zerolog: could not write event: write experiment-output/0002/slave-030/client-002.log: file already closed
zerolog: could not write event: write experiment-output/0002/slave-030/client-014.log: file already closed
zerolog: could not write event: write experiment-output/0002/slave-030/client-203.log: file already closed
zerolog: could not write event: write experiment-output/0002/slave-030/client-023.log: file already closed
zerolog: could not write event: write experiment-output/0002/slave-030/client-002.log: file already closed
zerolog: could not write event: write experiment-output/0002/slave-030/client-203.log: file already closed
zerolog: could not write event: write experiment-output/0002/slave-030/client-203.log: file already closed
zerolog: could not write event: write experiment-output/0002/slave-030/client-203.log: file already closed
zerolog: could not write event: write experiment-output/0002/slave-030/client-067.log: file already closed
zerolog: could not write event: write experiment-output/0002/slave-030/client-067.log: file already closed
zerolog: could not write event: write experiment-output/0002/slave-030/client-104.log: file already closed
zerolog: could not write event: write experiment-output/0002/slave-030/client-203.log: file already closed
zerolog: could not write event: write experiment-output/0002/slave-030/client-067.log: file already closed
zerolog: could not write event: write experiment-output/0002/slave-030/client-104.log: file already closed
zerolog: could not write event: write experiment-output/0002/slave-030/client-067.log: file already closed
zerolog: could not write event: write experiment-output/0002/slave-030/client-203.log: file already closed
zerolog: could not write event: write experiment-output/0002/slave-030/client-203.log: file already closed
zerolog: could not write event: write experiment-output/0002/slave-030/client-203.log: file already closed
zerolog: could not write event: write experiment-output/0002/slave-030/client-203.log: file already closed
zerolog: could not write event: write experiment-output/0002/slave-030/client-067.log: file already closed
07:31:18.690 INF Profile data written. filename=experiment-output/0002/slave-030/prof-client.cpu name=cpu
07:31:18.697 INF Profile data written. filename=experiment-output/0002/slave-030/prof-client.block name=block
