{"level":"debug","Logging":"info","time":"2023-03-19T09:44:38Z","message":"Config"}
{"level":"debug","UseTLS":false,"time":"2023-03-19T09:44:38Z","message":"Config"}
{"level":"debug","CACertFile":"tls-data/ca.pem","time":"2023-03-19T09:44:38Z","message":"Config"}
{"level":"debug","KeyFile":"tls-data/auth.key","time":"2023-03-19T09:44:38Z","message":"Config"}
{"level":"debug","CertFile":"tls-data/auth.pem","time":"2023-03-19T09:44:38Z","message":"Config"}
{"level":"debug","PriorityConnections":2,"time":"2023-03-19T09:44:38Z","message":"Config"}
{"level":"debug","BasicConnections":1,"time":"2023-03-19T09:44:38Z","message":"Config"}
{"level":"debug","TestConnections":false,"time":"2023-03-19T09:44:38Z","message":"Config"}
{"level":"debug","ExcessConnections":1,"time":"2023-03-19T09:44:38Z","message":"Config"}
{"level":"debug","ConnectionTestMsgs":4,"time":"2023-03-19T09:44:38Z","message":"Config"}
{"level":"debug","ConnectionTestPayload":131072,"time":"2023-03-19T09:44:38Z","message":"Config"}
{"level":"debug","OutMessageBufsize":1024,"time":"2023-03-19T09:44:38Z","message":"Config"}
{"level":"debug","OutMessageBufsize":4,"time":"2023-03-19T09:44:38Z","message":"Config"}
{"level":"debug","ThroughputCap":131072000,"time":"2023-03-19T09:44:38Z","message":"Config"}
{"level":"debug","StragglerTolerance":1000,"time":"2023-03-19T09:44:38Z","message":"Config"}
{"level":"debug","BatchSizeIncrement":256,"time":"2023-03-19T09:44:38Z","message":"Config"}
{"level":"debug","Orderer":"Pbft","time":"2023-03-19T09:44:38Z","message":"Config"}
{"level":"debug","Manager":"Mir","time":"2023-03-19T09:44:38Z","message":"Config"}
{"level":"debug","Failures":0,"time":"2023-03-19T09:44:38Z","message":"Config"}
{"level":"debug","StragglerCnt":1,"time":"2023-03-19T09:44:38Z","message":"Config"}
{"level":"debug","PrivKeyCnt":10,"time":"2023-03-19T09:44:38Z","message":"Config"}
{"level":"debug","UseSig":false,"time":"2023-03-19T09:44:38Z","message":"Config"}
{"level":"debug","CrashTiming":"Straggler","time":"2023-03-19T09:44:38Z","message":"Config"}
{"level":"debug","CheckpointInterval":512,"time":"2023-03-19T09:44:38Z","message":"Config"}
{"level":"debug","WatermarkWindowSize":512,"time":"2023-03-19T09:44:38Z","message":"Config"}
{"level":"debug","EpochLength":512,"time":"2023-03-19T09:44:38Z","message":"Config"}
{"level":"debug","SegmentLength":32,"time":"2023-03-19T09:44:38Z","message":"Config"}
{"level":"debug","WaitForCheckpoints":true,"time":"2023-03-19T09:44:38Z","message":"Config"}
{"level":"debug","ClientWatermarkWindowSize":16384,"time":"2023-03-19T09:44:38Z","message":"Config"}
{"level":"debug","ClientRequestBacklogSize":16384,"time":"2023-03-19T09:44:38Z","message":"Config"}
{"level":"debug","RandomSeed":12486,"time":"2023-03-19T09:44:38Z","message":"Config"}
{"level":"debug","NodeToLeaderRatio":1,"time":"2023-03-19T09:44:38Z","message":"Config"}
{"level":"debug","LeaderPolicy":"Simple","time":"2023-03-19T09:44:38Z","message":"Config"}
{"level":"debug","DefaultLeaderBan":2,"time":"2023-03-19T09:44:38Z","message":"Config"}
{"level":"debug","NumBuckets":256,"time":"2023-03-19T09:44:38Z","message":"Config"}
{"level":"debug","BatchSize":1000,"time":"2023-03-19T09:44:38Z","message":"Config"}
{"level":"debug","DisabledViewChange":false,"time":"2023-03-19T09:44:38Z","message":"Config"}
{"level":"debug","ViewChangeTimeout":60000,"time":"2023-03-19T09:44:38Z","message":"Config"}
{"level":"debug","ClientTraceSampling":10,"time":"2023-03-19T09:44:38Z","message":"Config"}
{"level":"debug","EventBufferSize":2097152,"time":"2023-03-19T09:44:38Z","message":"Config"}
{"level":"debug","TraceSampling":1,"time":"2023-03-19T09:44:38Z","message":"Config"}
{"level":"debug","ClientsPerProcess":8,"time":"2023-03-19T09:44:38Z","message":"Config"}
{"level":"debug","RequestsPerClient":14062,"time":"2023-03-19T09:44:38Z","message":"Config"}
{"level":"debug","ClientRunTime":15000,"time":"2023-03-19T09:44:38Z","message":"Config"}
{"level":"debug","RequestRate":468,"time":"2023-03-19T09:44:38Z","message":"Config"}
{"level":"debug","HardRequestRateLimit":false,"time":"2023-03-19T09:44:38Z","message":"Config"}
{"level":"debug","RequestPayloadSize":500,"time":"2023-03-19T09:44:38Z","message":"Config"}
{"level":"debug","SignRequests":true,"time":"2023-03-19T09:44:38Z","message":"Config"}
{"level":"debug","ClientPrivKeyFile":"tls-data/client-ecdsa-256.key","time":"2023-03-19T09:44:38Z","message":"Config"}
{"level":"debug","ClientPubKeyFile":"tls-data/client-ecdsa-256.pem","time":"2023-03-19T09:44:38Z","message":"Config"}
{"level":"debug","PrecomputeRequests":false,"time":"2023-03-19T09:44:38Z","message":"Config"}
{"level":"debug","RequestHandlerThreads":32,"time":"2023-03-19T09:44:38Z","message":"Config"}
{"level":"debug","RequestInputChannelBuffer":8192,"time":"2023-03-19T09:44:38Z","message":"Config"}
{"level":"debug","BatchVerifier":"external","time":"2023-03-19T09:44:38Z","message":"Config"}
09:44:38.491 INF Started Profiler: CPU
09:44:38.491 INF Started Profiler: BLOCK
09:44:38.491 INF Started Profiler: MUTEX
09:44:38.491 INF Starting clients. numClients=8 numRequests=14062
09:44:38.491 INF Initilizing clients.
09:44:38.498 INF Registared with discovery server. numOrderers=16 ownClientId=20
09:44:38.501 INF Registared with discovery server. numOrderers=16 ownClientId=58
09:44:38.502 INF Registared with discovery server. numOrderers=16 ownClientId=79
09:44:38.502 INF Registared with discovery server. numOrderers=16 ownClientId=52
09:44:38.502 INF Registared with discovery server. numOrderers=16 ownClientId=54
09:44:38.502 INF Registared with discovery server. numOrderers=16 ownClientId=92
09:44:38.502 INF Registared with discovery server. numOrderers=16 ownClientId=70
09:44:38.506 INF Registared with discovery server. numOrderers=16 ownClientId=168
09:44:38.506 INF Clients initialized.
09:44:38.506 INF Launching clients.
09:44:38.506 INF Waiting for clients.
09:45:36.622 INF Stopping Tracer. events=4189 fileName=experiment-output/0001/slave-019/client-092.trc
zerolog: could not write event: write experiment-output/0001/slave-019/client-092.log: file already closed
zerolog: could not write event: write experiment-output/0001/slave-019/client-092.log: file already closed
zerolog: could not write event: write experiment-output/0001/slave-019/client-092.log: file already closed
zerolog: could not write event: write experiment-output/0001/slave-019/client-092.log: file already closed
zerolog: could not write event: write experiment-output/0001/slave-019/client-092.log: file already closed
zerolog: could not write event: write experiment-output/0001/slave-019/client-092.log: file already closed
zerolog: could not write event: write experiment-output/0001/slave-019/client-092.log: file already closed
zerolog: could not write event: write experiment-output/0001/slave-019/client-092.log: file already closed
zerolog: could not write event: write experiment-output/0001/slave-019/client-092.log: file already closed
zerolog: could not write event: write experiment-output/0001/slave-019/client-092.log: file already closed
zerolog: could not write event: write experiment-output/0001/slave-019/client-092.log: file already closed
zerolog: could not write event: write experiment-output/0001/slave-019/client-092.log: file already closed
zerolog: could not write event: write experiment-output/0001/slave-019/client-092.log: file already closed
zerolog: could not write event: write experiment-output/0001/slave-019/client-092.log: file already closed
zerolog: could not write event: write experiment-output/0001/slave-019/client-092.log: file already closed
zerolog: could not write event: write experiment-output/0001/slave-019/client-092.log: file already closed
09:45:36.629 INF Trace data written.
09:45:36.630 INF Stopping Tracer. events=4365 fileName=experiment-output/0001/slave-019/client-070.trc
zerolog: could not write event: write experiment-output/0001/slave-019/client-070.log: file already closed
zerolog: could not write event: write experiment-output/0001/slave-019/client-070.log: file already closed
zerolog: could not write event: write experiment-output/0001/slave-019/client-070.log: file already closed
zerolog: could not write event: write experiment-output/0001/slave-019/client-070.log: file already closed
zerolog: could not write event: write experiment-output/0001/slave-019/client-070.log: file already closed
zerolog: could not write event: write experiment-output/0001/slave-019/client-070.log: file already closed
zerolog: could not write event: write experiment-output/0001/slave-019/client-070.log: file already closed
zerolog: could not write event: write experiment-output/0001/slave-019/client-070.log: file already closed
zerolog: could not write event: write experiment-output/0001/slave-019/client-070.log: file already closed
zerolog: could not write event: write experiment-output/0001/slave-019/client-070.log: file already closed
zerolog: could not write event: write experiment-output/0001/slave-019/client-070.log: file already closed
zerolog: could not write event: write experiment-output/0001/slave-019/client-070.log: file already closed
zerolog: could not write event: write experiment-output/0001/slave-019/client-070.log: file already closed
zerolog: could not write event: write experiment-output/0001/slave-019/client-070.log: file already closed
zerolog: could not write event: write experiment-output/0001/slave-019/client-070.log: file already closed
zerolog: could not write event: write experiment-output/0001/slave-019/client-070.log: file already closed
09:45:36.637 INF Trace data written.
09:45:36.637 INF Stopping Tracer. events=4077 fileName=experiment-output/0001/slave-019/client-168.trc
zerolog: could not write event: write experiment-output/0001/slave-019/client-168.log: file already closed
zerolog: could not write event: write experiment-output/0001/slave-019/client-168.log: file already closed
zerolog: could not write event: write experiment-output/0001/slave-019/client-168.log: file already closed
zerolog: could not write event: write experiment-output/0001/slave-019/client-168.log: file already closed
zerolog: could not write event: write experiment-output/0001/slave-019/client-168.log: file already closed
zerolog: could not write event: write experiment-output/0001/slave-019/client-168.log: file already closed
zerolog: could not write event: write experiment-output/0001/slave-019/client-168.log: file already closed
zerolog: could not write event: write experiment-output/0001/slave-019/client-168.log: file already closed
zerolog: could not write event: write experiment-output/0001/slave-019/client-168.log: file already closed
zerolog: could not write event: write experiment-output/0001/slave-019/client-168.log: file already closed
zerolog: could not write event: write experiment-output/0001/slave-019/client-168.log: file already closed
zerolog: could not write event: write experiment-output/0001/slave-019/client-168.log: file already closed
zerolog: could not write event: write experiment-output/0001/slave-019/client-168.log: file already closed
zerolog: could not write event: write experiment-output/0001/slave-019/client-168.log: file already closed
zerolog: could not write event: write experiment-output/0001/slave-019/client-168.log: file already closed
zerolog: could not write event: write experiment-output/0001/slave-019/client-168.log: file already closed
09:45:36.644 INF Stopping Tracer. events=2813 fileName=experiment-output/0001/slave-019/client-079.trc
09:45:36.644 INF Trace data written.
09:45:36.644 INF Stopping Tracer. events=4145 fileName=experiment-output/0001/slave-019/client-052.trc
zerolog: could not write event: write experiment-output/0001/slave-019/client-079.log: file already closed
zerolog: could not write event: write experiment-output/0001/slave-019/client-079.log: file already closed
zerolog: could not write event: write experiment-output/0001/slave-019/client-079.log: file already closed
zerolog: could not write event: write experiment-output/0001/slave-019/client-079.log: file already closed
zerolog: could not write event: write experiment-output/0001/slave-019/client-079.log: file already closed
zerolog: could not write event: write experiment-output/0001/slave-019/client-079.log: file already closed
09:45:36.644 INF Stopping Tracer. events=4242 fileName=experiment-output/0001/slave-019/client-020.trc
zerolog: could not write event: write experiment-output/0001/slave-019/client-079.log: file already closed
zerolog: could not write event: write experiment-output/0001/slave-019/client-079.log: file already closed
zerolog: could not write event: write experiment-output/0001/slave-019/client-079.log: file already closed
zerolog: could not write event: write experiment-output/0001/slave-019/client-079.log: file already closed
zerolog: could not write event: write experiment-output/0001/slave-019/client-079.log: file already closed
zerolog: could not write event: write experiment-output/0001/slave-019/client-079.log: file already closed
zerolog: could not write event: write experiment-output/0001/slave-019/client-079.log: file already closed
zerolog: could not write event: write experiment-output/0001/slave-019/client-079.log: file already closed
zerolog: could not write event: write experiment-output/0001/slave-019/client-079.log: file already closed
zerolog: could not write event: write experiment-output/0001/slave-019/client-020.log: file already closed
zerolog: could not write event: write experiment-output/0001/slave-019/client-020.log: file already closed
zerolog: could not write event: write experiment-output/0001/slave-019/client-020.log: file already closed
zerolog: could not write event: write experiment-output/0001/slave-019/client-020.log: file already closed
zerolog: could not write event: write experiment-output/0001/slave-019/client-020.log: file already closed
zerolog: could not write event: write experiment-output/0001/slave-019/client-052.log: file already closed
zerolog: could not write event: write experiment-output/0001/slave-019/client-020.log: file already closed
zerolog: could not write event: write experiment-output/0001/slave-019/client-020.log: file already closed
zerolog: could not write event: write experiment-output/0001/slave-019/client-052.log: file already closed
zerolog: could not write event: write experiment-output/0001/slave-019/client-079.log: file already closed
zerolog: could not write event: write experiment-output/0001/slave-019/client-052.log: file already closed
zerolog: could not write event: write experiment-output/0001/slave-019/client-052.log: file already closed
zerolog: could not write event: write experiment-output/0001/slave-019/client-052.log: file already closed
zerolog: could not write event: write experiment-output/0001/slave-019/client-052.log: file already closed
zerolog: could not write event: write experiment-output/0001/slave-019/client-052.log: file already closed
zerolog: could not write event: write experiment-output/0001/slave-019/client-052.log: file already closed
zerolog: could not write event: write experiment-output/0001/slave-019/client-052.log: file already closed
zerolog: could not write event: write experiment-output/0001/slave-019/client-020.log: file already closed
zerolog: could not write event: write experiment-output/0001/slave-019/client-052.log: file already closed
zerolog: could not write event: write experiment-output/0001/slave-019/client-052.log: file already closed
zerolog: could not write event: write experiment-output/0001/slave-019/client-020.log: file already closed
zerolog: could not write event: write experiment-output/0001/slave-019/client-020.log: file already closed
zerolog: could not write event: write experiment-output/0001/slave-019/client-020.log: file already closed
zerolog: could not write event: write experiment-output/0001/slave-019/client-020.log: file already closed
zerolog: could not write event: write experiment-output/0001/slave-019/client-020.log: file already closed
zerolog: could not write event: write experiment-output/0001/slave-019/client-052.log: file already closed
zerolog: could not write event: write experiment-output/0001/slave-019/client-020.log: file already closed
zerolog: could not write event: write experiment-output/0001/slave-019/client-052.log: file already closed
zerolog: could not write event: write experiment-output/0001/slave-019/client-052.log: file already closed
zerolog: could not write event: write experiment-output/0001/slave-019/client-052.log: file already closed
zerolog: could not write event: write experiment-output/0001/slave-019/client-020.log: file already closed
zerolog: could not write event: write experiment-output/0001/slave-019/client-020.log: file already closed
zerolog: could not write event: write experiment-output/0001/slave-019/client-052.log: file already closed
09:45:36.649 INF Trace data written.
09:45:36.651 INF Trace data written.
09:45:36.652 INF Trace data written.
09:45:36.652 INF Stopping Tracer. events=4205 fileName=experiment-output/0001/slave-019/client-054.trc
zerolog: could not write event: write experiment-output/0001/slave-019/client-054.log: file already closed
zerolog: could not write event: write experiment-output/0001/slave-019/client-054.log: file already closed
zerolog: could not write event: write experiment-output/0001/slave-019/client-054.log: file already closed
zerolog: could not write event: write experiment-output/0001/slave-019/client-054.log: file already closed
zerolog: could not write event: write experiment-output/0001/slave-019/client-054.log: file already closed
zerolog: could not write event: write experiment-output/0001/slave-019/client-054.log: file already closed
zerolog: could not write event: write experiment-output/0001/slave-019/client-054.log: file already closed
zerolog: could not write event: write experiment-output/0001/slave-019/client-054.log: file already closed
zerolog: could not write event: write experiment-output/0001/slave-019/client-054.log: file already closed
zerolog: could not write event: write experiment-output/0001/slave-019/client-054.log: file already closed
zerolog: could not write event: write experiment-output/0001/slave-019/client-054.log: file already closed
zerolog: could not write event: write experiment-output/0001/slave-019/client-054.log: file already closed
zerolog: could not write event: write experiment-output/0001/slave-019/client-054.log: file already closed
zerolog: could not write event: write experiment-output/0001/slave-019/client-054.log: file already closed
zerolog: could not write event: write experiment-output/0001/slave-019/client-054.log: file already closed
zerolog: could not write event: write experiment-output/0001/slave-019/client-054.log: file already closed
09:45:36.653 INF Stopping Tracer. events=4237 fileName=experiment-output/0001/slave-019/client-058.trc
zerolog: could not write event: write experiment-output/0001/slave-019/client-058.log: file already closed
zerolog: could not write event: write experiment-output/0001/slave-019/client-058.log: file already closed
zerolog: could not write event: write experiment-output/0001/slave-019/client-058.log: file already closed
zerolog: could not write event: write experiment-output/0001/slave-019/client-058.log: file already closed
zerolog: could not write event: write experiment-output/0001/slave-019/client-058.log: file already closed
zerolog: could not write event: write experiment-output/0001/slave-019/client-058.log: file already closed
zerolog: could not write event: write experiment-output/0001/slave-019/client-058.log: file already closed
zerolog: could not write event: write experiment-output/0001/slave-019/client-058.log: file already closed
zerolog: could not write event: write experiment-output/0001/slave-019/client-058.log: file already closed
zerolog: could not write event: write experiment-output/0001/slave-019/client-058.log: file already closed
zerolog: could not write event: write experiment-output/0001/slave-019/client-058.log: file already closed
zerolog: could not write event: write experiment-output/0001/slave-019/client-058.log: file already closed
zerolog: could not write event: write experiment-output/0001/slave-019/client-058.log: file already closed
zerolog: could not write event: write experiment-output/0001/slave-019/client-058.log: file already closed
zerolog: could not write event: write experiment-output/0001/slave-019/client-058.log: file already closed
zerolog: could not write event: write experiment-output/0001/slave-019/client-058.log: file already closed
09:45:36.659 INF Trace data written.
09:45:36.660 INF Trace data written.
09:45:36.660 INF Done.
09:45:36.660 INF Stopping profiler.
09:45:36.672 INF Profile data written. filename=experiment-output/0001/slave-019/prof-client.mutex name=mutex
09:45:36.841 INF Profile data written. filename=experiment-output/0001/slave-019/prof-client.cpu name=cpu
09:45:36.850 INF Profile data written. filename=experiment-output/0001/slave-019/prof-client.block name=block
