{"level":"debug","Logging":"info","time":"2023-03-24T02:48:57Z","message":"Config"}
{"level":"debug","UseTLS":false,"time":"2023-03-24T02:48:57Z","message":"Config"}
{"level":"debug","CACertFile":"tls-data/ca.pem","time":"2023-03-24T02:48:57Z","message":"Config"}
{"level":"debug","KeyFile":"tls-data/auth.key","time":"2023-03-24T02:48:57Z","message":"Config"}
{"level":"debug","CertFile":"tls-data/auth.pem","time":"2023-03-24T02:48:57Z","message":"Config"}
{"level":"debug","PriorityConnections":2,"time":"2023-03-24T02:48:57Z","message":"Config"}
{"level":"debug","BasicConnections":1,"time":"2023-03-24T02:48:57Z","message":"Config"}
{"level":"debug","TestConnections":false,"time":"2023-03-24T02:48:57Z","message":"Config"}
{"level":"debug","ExcessConnections":1,"time":"2023-03-24T02:48:57Z","message":"Config"}
{"level":"debug","ConnectionTestMsgs":4,"time":"2023-03-24T02:48:57Z","message":"Config"}
{"level":"debug","ConnectionTestPayload":131072,"time":"2023-03-24T02:48:57Z","message":"Config"}
{"level":"debug","OutMessageBufsize":1024,"time":"2023-03-24T02:48:57Z","message":"Config"}
{"level":"debug","OutMessageBufsize":4,"time":"2023-03-24T02:48:57Z","message":"Config"}
{"level":"debug","ThroughputCap":131072000,"time":"2023-03-24T02:48:57Z","message":"Config"}
{"level":"debug","StragglerTolerance":1000,"time":"2023-03-24T02:48:57Z","message":"Config"}
{"level":"debug","BatchSizeIncrement":256,"time":"2023-03-24T02:48:57Z","message":"Config"}
{"level":"debug","Orderer":"Pbft","time":"2023-03-24T02:48:57Z","message":"Config"}
{"level":"debug","Manager":"Mir","time":"2023-03-24T02:48:57Z","message":"Config"}
{"level":"debug","Failures":0,"time":"2023-03-24T02:48:57Z","message":"Config"}
{"level":"debug","StragglerCnt":1,"time":"2023-03-24T02:48:57Z","message":"Config"}
{"level":"debug","PrivKeyCnt":10,"time":"2023-03-24T02:48:57Z","message":"Config"}
{"level":"debug","UseSig":false,"time":"2023-03-24T02:48:57Z","message":"Config"}
{"level":"debug","CrashTiming":"Straggler","time":"2023-03-24T02:48:57Z","message":"Config"}
{"level":"debug","CheckpointInterval":512,"time":"2023-03-24T02:48:57Z","message":"Config"}
{"level":"debug","WatermarkWindowSize":512,"time":"2023-03-24T02:48:57Z","message":"Config"}
{"level":"debug","EpochLength":512,"time":"2023-03-24T02:48:57Z","message":"Config"}
{"level":"debug","SegmentLength":32,"time":"2023-03-24T02:48:57Z","message":"Config"}
{"level":"debug","WaitForCheckpoints":true,"time":"2023-03-24T02:48:57Z","message":"Config"}
{"level":"debug","ClientWatermarkWindowSize":16384,"time":"2023-03-24T02:48:57Z","message":"Config"}
{"level":"debug","ClientRequestBacklogSize":16384,"time":"2023-03-24T02:48:57Z","message":"Config"}
{"level":"debug","RandomSeed":477,"time":"2023-03-24T02:48:57Z","message":"Config"}
{"level":"debug","NodeToLeaderRatio":1,"time":"2023-03-24T02:48:57Z","message":"Config"}
{"level":"debug","LeaderPolicy":"Simple","time":"2023-03-24T02:48:57Z","message":"Config"}
{"level":"debug","DefaultLeaderBan":2,"time":"2023-03-24T02:48:57Z","message":"Config"}
{"level":"debug","NumBuckets":256,"time":"2023-03-24T02:48:57Z","message":"Config"}
{"level":"debug","BatchSize":2000,"time":"2023-03-24T02:48:57Z","message":"Config"}
{"level":"debug","DisabledViewChange":false,"time":"2023-03-24T02:48:57Z","message":"Config"}
{"level":"debug","ViewChangeTimeout":60000,"time":"2023-03-24T02:48:57Z","message":"Config"}
{"level":"debug","ClientTraceSampling":10,"time":"2023-03-24T02:48:57Z","message":"Config"}
{"level":"debug","EventBufferSize":2097152,"time":"2023-03-24T02:48:57Z","message":"Config"}
{"level":"debug","TraceSampling":1,"time":"2023-03-24T02:48:57Z","message":"Config"}
{"level":"debug","ClientsPerProcess":8,"time":"2023-03-24T02:48:57Z","message":"Config"}
{"level":"debug","RequestsPerClient":3840,"time":"2023-03-24T02:48:57Z","message":"Config"}
{"level":"debug","ClientRunTime":15000,"time":"2023-03-24T02:48:57Z","message":"Config"}
{"level":"debug","RequestRate":128,"time":"2023-03-24T02:48:57Z","message":"Config"}
{"level":"debug","HardRequestRateLimit":false,"time":"2023-03-24T02:48:57Z","message":"Config"}
{"level":"debug","RequestPayloadSize":500,"time":"2023-03-24T02:48:57Z","message":"Config"}
{"level":"debug","SignRequests":true,"time":"2023-03-24T02:48:57Z","message":"Config"}
{"level":"debug","ClientPrivKeyFile":"tls-data/client-ecdsa-256.key","time":"2023-03-24T02:48:57Z","message":"Config"}
{"level":"debug","ClientPubKeyFile":"tls-data/client-ecdsa-256.pem","time":"2023-03-24T02:48:57Z","message":"Config"}
{"level":"debug","PrecomputeRequests":false,"time":"2023-03-24T02:48:57Z","message":"Config"}
{"level":"debug","RequestHandlerThreads":32,"time":"2023-03-24T02:48:57Z","message":"Config"}
{"level":"debug","RequestInputChannelBuffer":8192,"time":"2023-03-24T02:48:57Z","message":"Config"}
{"level":"debug","BatchVerifier":"external","time":"2023-03-24T02:48:57Z","message":"Config"}
02:48:57.311 INF Started Profiler: CPU
02:48:57.311 INF Started Profiler: BLOCK
02:48:57.311 INF Started Profiler: MUTEX
02:48:57.311 INF Starting clients. numClients=8 numRequests=3840
02:48:57.311 INF Initilizing clients.
02:48:57.591 INF Registared with discovery server. numOrderers=16 ownClientId=78
02:48:57.592 INF Registared with discovery server. numOrderers=16 ownClientId=80
02:48:57.592 INF Registared with discovery server. numOrderers=16 ownClientId=86
02:48:57.592 INF Registared with discovery server. numOrderers=16 ownClientId=99
02:48:57.592 INF Registared with discovery server. numOrderers=16 ownClientId=95
02:48:57.593 INF Registared with discovery server. numOrderers=16 ownClientId=104
02:48:57.593 INF Registared with discovery server. numOrderers=16 ownClientId=111
02:48:57.593 INF Registared with discovery server. numOrderers=16 ownClientId=106
02:48:57.593 INF Clients initialized.
02:48:57.593 INF Launching clients.
02:48:57.593 INF Waiting for clients.
02:49:40.035 INF Stopping Tracer. events=1109 fileName=experiment-output/0000/slave-023/client-104.trc
zerolog: could not write event: write experiment-output/0000/slave-023/client-104.log: file already closed
zerolog: could not write event: write experiment-output/0000/slave-023/client-104.log: file already closed
zerolog: could not write event: write experiment-output/0000/slave-023/client-104.log: file already closed
zerolog: could not write event: write experiment-output/0000/slave-023/client-104.log: file already closed
02:49:40.037 INF Trace data written.
02:49:40.056 INF Stopping Tracer. events=1170 fileName=experiment-output/0000/slave-023/client-106.trc
zerolog: could not write event: write experiment-output/0000/slave-023/client-106.log: file already closed
02:49:40.056 INF Stopping Tracer. events=806 fileName=experiment-output/0000/slave-023/client-099.trc
zerolog: could not write event: write experiment-output/0000/slave-023/client-106.log: file already closed
zerolog: could not write event: write experiment-output/0000/slave-023/client-099.log: file already closed
zerolog: could not write event: write experiment-output/0000/slave-023/client-106.log: file already closed
zerolog: could not write event: write experiment-output/0000/slave-023/client-106.log: file already closed
zerolog: could not write event: write experiment-output/0000/slave-023/client-099.log: file already closed
zerolog: could not write event: write experiment-output/0000/slave-023/client-099.log: file already closed
zerolog: could not write event: write experiment-output/0000/slave-023/client-099.log: file already closed
02:49:40.057 INF Trace data written.
02:49:40.058 INF Trace data written.
02:49:40.062 INF Stopping Tracer. events=1126 fileName=experiment-output/0000/slave-023/client-078.trc
02:49:40.062 INF Stopping Tracer. events=790 fileName=experiment-output/0000/slave-023/client-111.trc
02:49:40.062 INF Stopping Tracer. events=823 fileName=experiment-output/0000/slave-023/client-095.trc
zerolog: could not write event: write experiment-output/0000/slave-023/client-078.log: file already closed
zerolog: could not write event: write experiment-output/0000/slave-023/client-111.log: file already closed
zerolog: could not write event: write experiment-output/0000/slave-023/client-078.log: file already closed
zerolog: could not write event: write experiment-output/0000/slave-023/client-111.log: file already closed
zerolog: could not write event: write experiment-output/0000/slave-023/client-078.log: file already closed
zerolog: could not write event: write experiment-output/0000/slave-023/client-111.log: file already closed
zerolog: could not write event: write experiment-output/0000/slave-023/client-095.log: file already closed
zerolog: could not write event: write experiment-output/0000/slave-023/client-111.log: file already closed
zerolog: could not write event: write experiment-output/0000/slave-023/client-095.log: file already closed
zerolog: could not write event: write experiment-output/0000/slave-023/client-095.log: file already closed
zerolog: could not write event: write experiment-output/0000/slave-023/client-095.log: file already closed
zerolog: could not write event: write experiment-output/0000/slave-023/client-078.log: file already closed
02:49:40.064 INF Trace data written.
02:49:40.064 INF Trace data written.
02:49:40.064 INF Trace data written.
02:49:40.068 INF Stopping Tracer. events=1127 fileName=experiment-output/0000/slave-023/client-080.trc
zerolog: could not write event: write experiment-output/0000/slave-023/client-080.log: file already closed
zerolog: could not write event: write experiment-output/0000/slave-023/client-080.log: file already closed
zerolog: could not write event: write experiment-output/0000/slave-023/client-080.log: file already closed
zerolog: could not write event: write experiment-output/0000/slave-023/client-080.log: file already closed
02:49:40.070 INF Trace data written.
02:49:40.072 INF Stopping Tracer. events=1137 fileName=experiment-output/0000/slave-023/client-086.trc
zerolog: could not write event: write experiment-output/0000/slave-023/client-086.log: file already closed
zerolog: could not write event: write experiment-output/0000/slave-023/client-086.log: file already closed
zerolog: could not write event: write experiment-output/0000/slave-023/client-086.log: file already closed
zerolog: could not write event: write experiment-output/0000/slave-023/client-086.log: file already closed
02:49:40.074 INF Trace data written.
02:49:40.074 INF Done.
02:49:40.074 INF Stopping profiler.
zerolog: could not write event: write experiment-output/0000/slave-023/client-104.log: file already closed
zerolog: could not write event: write experiment-output/0000/slave-023/client-104.log: file already closed
zerolog: could not write event: write experiment-output/0000/slave-023/client-104.log: file already closed
zerolog: could not write event: write experiment-output/0000/slave-023/client-104.log: file already closed
zerolog: could not write event: write experiment-output/0000/slave-023/client-106.log: file already closed
zerolog: could not write event: write experiment-output/0000/slave-023/client-106.log: file already closed
zerolog: could not write event: write experiment-output/0000/slave-023/client-099.log: file already closed
zerolog: could not write event: write experiment-output/0000/slave-023/client-099.log: file already closed
zerolog: could not write event: write experiment-output/0000/slave-023/client-106.log: file already closed
zerolog: could not write event: write experiment-output/0000/slave-023/client-099.log: file already closed
zerolog: could not write event: write experiment-output/0000/slave-023/client-106.log: file already closed
zerolog: could not write event: write experiment-output/0000/slave-023/client-099.log: file already closed
zerolog: could not write event: write experiment-output/0000/slave-023/client-111.log: file already closed
zerolog: could not write event: write experiment-output/0000/slave-023/client-095.log: file already closed
zerolog: could not write event: write experiment-output/0000/slave-023/client-111.log: file already closed
zerolog: could not write event: write experiment-output/0000/slave-023/client-111.log: file already closed
zerolog: could not write event: write experiment-output/0000/slave-023/client-078.log: file already closed
zerolog: could not write event: write experiment-output/0000/slave-023/client-095.log: file already closed
zerolog: could not write event: write experiment-output/0000/slave-023/client-078.log: file already closed
zerolog: could not write event: write experiment-output/0000/slave-023/client-111.log: file already closed
zerolog: could not write event: write experiment-output/0000/slave-023/client-078.log: file already closed
zerolog: could not write event: write experiment-output/0000/slave-023/client-095.log: file already closed
zerolog: could not write event: write experiment-output/0000/slave-023/client-078.log: file already closed
zerolog: could not write event: write experiment-output/0000/slave-023/client-095.log: file already closed
zerolog: could not write event: write experiment-output/0000/slave-023/client-080.log: file already closed
zerolog: could not write event: write experiment-output/0000/slave-023/client-080.log: file already closed
zerolog: could not write event: write experiment-output/0000/slave-023/client-080.log: file already closed
zerolog: could not write event: write experiment-output/0000/slave-023/client-080.log: file already closed
zerolog: could not write event: write experiment-output/0000/slave-023/client-086.log: file already closed
zerolog: could not write event: write experiment-output/0000/slave-023/client-086.log: file already closed
zerolog: could not write event: write experiment-output/0000/slave-023/client-086.log: file already closed
zerolog: could not write event: write experiment-output/0000/slave-023/client-086.log: file already closed
02:49:40.167 INF Profile data written. filename=experiment-output/0000/slave-023/prof-client.cpu name=cpu
02:49:40.186 INF Profile data written. filename=experiment-output/0000/slave-023/prof-client.block name=block
02:49:40.191 INF Profile data written. filename=experiment-output/0000/slave-023/prof-client.mutex name=mutex
