{"level":"debug","Logging":"info","time":"2023-03-24T03:00:56Z","message":"Config"}
{"level":"debug","UseTLS":false,"time":"2023-03-24T03:00:56Z","message":"Config"}
{"level":"debug","CACertFile":"tls-data/ca.pem","time":"2023-03-24T03:00:56Z","message":"Config"}
{"level":"debug","KeyFile":"tls-data/auth.key","time":"2023-03-24T03:00:56Z","message":"Config"}
{"level":"debug","CertFile":"tls-data/auth.pem","time":"2023-03-24T03:00:56Z","message":"Config"}
{"level":"debug","PriorityConnections":2,"time":"2023-03-24T03:00:56Z","message":"Config"}
{"level":"debug","BasicConnections":1,"time":"2023-03-24T03:00:56Z","message":"Config"}
{"level":"debug","TestConnections":false,"time":"2023-03-24T03:00:56Z","message":"Config"}
{"level":"debug","ExcessConnections":1,"time":"2023-03-24T03:00:56Z","message":"Config"}
{"level":"debug","ConnectionTestMsgs":4,"time":"2023-03-24T03:00:56Z","message":"Config"}
{"level":"debug","ConnectionTestPayload":131072,"time":"2023-03-24T03:00:56Z","message":"Config"}
{"level":"debug","OutMessageBufsize":1024,"time":"2023-03-24T03:00:56Z","message":"Config"}
{"level":"debug","OutMessageBufsize":4,"time":"2023-03-24T03:00:56Z","message":"Config"}
{"level":"debug","ThroughputCap":131072000,"time":"2023-03-24T03:00:56Z","message":"Config"}
{"level":"debug","StragglerTolerance":1000,"time":"2023-03-24T03:00:56Z","message":"Config"}
{"level":"debug","BatchSizeIncrement":256,"time":"2023-03-24T03:00:56Z","message":"Config"}
{"level":"debug","Orderer":"Pbft","time":"2023-03-24T03:00:56Z","message":"Config"}
{"level":"debug","Manager":"Mir","time":"2023-03-24T03:00:56Z","message":"Config"}
{"level":"debug","Failures":0,"time":"2023-03-24T03:00:56Z","message":"Config"}
{"level":"debug","StragglerCnt":1,"time":"2023-03-24T03:00:56Z","message":"Config"}
{"level":"debug","PrivKeyCnt":10,"time":"2023-03-24T03:00:56Z","message":"Config"}
{"level":"debug","UseSig":false,"time":"2023-03-24T03:00:56Z","message":"Config"}
{"level":"debug","CrashTiming":"Straggler","time":"2023-03-24T03:00:56Z","message":"Config"}
{"level":"debug","CheckpointInterval":512,"time":"2023-03-24T03:00:56Z","message":"Config"}
{"level":"debug","WatermarkWindowSize":512,"time":"2023-03-24T03:00:56Z","message":"Config"}
{"level":"debug","EpochLength":512,"time":"2023-03-24T03:00:56Z","message":"Config"}
{"level":"debug","SegmentLength":32,"time":"2023-03-24T03:00:56Z","message":"Config"}
{"level":"debug","WaitForCheckpoints":true,"time":"2023-03-24T03:00:56Z","message":"Config"}
{"level":"debug","ClientWatermarkWindowSize":16384,"time":"2023-03-24T03:00:56Z","message":"Config"}
{"level":"debug","ClientRequestBacklogSize":16384,"time":"2023-03-24T03:00:56Z","message":"Config"}
{"level":"debug","RandomSeed":17046,"time":"2023-03-24T03:00:56Z","message":"Config"}
{"level":"debug","NodeToLeaderRatio":1,"time":"2023-03-24T03:00:56Z","message":"Config"}
{"level":"debug","LeaderPolicy":"Simple","time":"2023-03-24T03:00:56Z","message":"Config"}
{"level":"debug","DefaultLeaderBan":2,"time":"2023-03-24T03:00:56Z","message":"Config"}
{"level":"debug","NumBuckets":256,"time":"2023-03-24T03:00:56Z","message":"Config"}
{"level":"debug","BatchSize":3000,"time":"2023-03-24T03:00:56Z","message":"Config"}
{"level":"debug","DisabledViewChange":false,"time":"2023-03-24T03:00:56Z","message":"Config"}
{"level":"debug","ViewChangeTimeout":60000,"time":"2023-03-24T03:00:56Z","message":"Config"}
{"level":"debug","ClientTraceSampling":10,"time":"2023-03-24T03:00:56Z","message":"Config"}
{"level":"debug","EventBufferSize":2097152,"time":"2023-03-24T03:00:56Z","message":"Config"}
{"level":"debug","TraceSampling":1,"time":"2023-03-24T03:00:56Z","message":"Config"}
{"level":"debug","ClientsPerProcess":8,"time":"2023-03-24T03:00:56Z","message":"Config"}
{"level":"debug","RequestsPerClient":3840,"time":"2023-03-24T03:00:56Z","message":"Config"}
{"level":"debug","ClientRunTime":15000,"time":"2023-03-24T03:00:56Z","message":"Config"}
{"level":"debug","RequestRate":128,"time":"2023-03-24T03:00:56Z","message":"Config"}
{"level":"debug","HardRequestRateLimit":false,"time":"2023-03-24T03:00:56Z","message":"Config"}
{"level":"debug","RequestPayloadSize":500,"time":"2023-03-24T03:00:56Z","message":"Config"}
{"level":"debug","SignRequests":true,"time":"2023-03-24T03:00:56Z","message":"Config"}
{"level":"debug","ClientPrivKeyFile":"tls-data/client-ecdsa-256.key","time":"2023-03-24T03:00:56Z","message":"Config"}
{"level":"debug","ClientPubKeyFile":"tls-data/client-ecdsa-256.pem","time":"2023-03-24T03:00:56Z","message":"Config"}
{"level":"debug","PrecomputeRequests":false,"time":"2023-03-24T03:00:56Z","message":"Config"}
{"level":"debug","RequestHandlerThreads":32,"time":"2023-03-24T03:00:56Z","message":"Config"}
{"level":"debug","RequestInputChannelBuffer":8192,"time":"2023-03-24T03:00:56Z","message":"Config"}
{"level":"debug","BatchVerifier":"external","time":"2023-03-24T03:00:56Z","message":"Config"}
03:00:56.115 INF Started Profiler: CPU
03:00:56.116 INF Started Profiler: BLOCK
03:00:56.116 INF Started Profiler: MUTEX
03:00:56.116 INF Starting clients. numClients=8 numRequests=3840
03:00:56.116 INF Initilizing clients.
03:00:56.122 INF Registared with discovery server. numOrderers=16 ownClientId=6
03:00:56.122 INF Registared with discovery server. numOrderers=16 ownClientId=8
03:00:56.122 INF Registared with discovery server. numOrderers=16 ownClientId=9
03:00:56.122 INF Registared with discovery server. numOrderers=16 ownClientId=12
03:00:56.122 INF Registared with discovery server. numOrderers=16 ownClientId=11
03:00:56.122 INF Registared with discovery server. numOrderers=16 ownClientId=21
03:00:56.123 INF Registared with discovery server. numOrderers=16 ownClientId=53
03:00:56.123 INF Registared with discovery server. numOrderers=16 ownClientId=54
03:00:56.123 INF Clients initialized.
03:00:56.123 INF Launching clients.
03:00:56.123 INF Waiting for clients.
03:01:39.100 INF Stopping Tracer. events=790 fileName=experiment-output/0000/slave-011/client-011.trc
zerolog: could not write event: write experiment-output/0000/slave-011/client-011.log: file already closed
zerolog: could not write event: write experiment-output/0000/slave-011/client-011.log: file already closed
zerolog: could not write event: write experiment-output/0000/slave-011/client-011.log: file already closed
zerolog: could not write event: write experiment-output/0000/slave-011/client-011.log: file already closed
03:01:39.102 INF Trace data written.
03:01:39.120 INF Stopping Tracer. events=1148 fileName=experiment-output/0000/slave-011/client-006.trc
zerolog: could not write event: write experiment-output/0000/slave-011/client-006.log: file already closed
zerolog: could not write event: write experiment-output/0000/slave-011/client-006.log: file already closed
zerolog: could not write event: write experiment-output/0000/slave-011/client-006.log: file already closed
zerolog: could not write event: write experiment-output/0000/slave-011/client-006.log: file already closed
03:01:39.122 INF Trace data written.
03:01:39.135 INF Stopping Tracer. events=1094 fileName=experiment-output/0000/slave-011/client-054.trc
zerolog: could not write event: write experiment-output/0000/slave-011/client-054.log: file already closed
zerolog: could not write event: write experiment-output/0000/slave-011/client-054.log: file already closed
03:01:39.135 INF Stopping Tracer. events=807 fileName=experiment-output/0000/slave-011/client-053.trc
zerolog: could not write event: write experiment-output/0000/slave-011/client-054.log: file already closed
zerolog: could not write event: write experiment-output/0000/slave-011/client-054.log: file already closed
03:01:39.135 INF Stopping Tracer. events=775 fileName=experiment-output/0000/slave-011/client-009.trc
zerolog: could not write event: write experiment-output/0000/slave-011/client-053.log: file already closed
zerolog: could not write event: write experiment-output/0000/slave-011/client-053.log: file already closed
zerolog: could not write event: write experiment-output/0000/slave-011/client-053.log: file already closed
zerolog: could not write event: write experiment-output/0000/slave-011/client-053.log: file already closed
zerolog: could not write event: write experiment-output/0000/slave-011/client-009.log: file already closed
zerolog: could not write event: write experiment-output/0000/slave-011/client-009.log: file already closed
zerolog: could not write event: write experiment-output/0000/slave-011/client-009.log: file already closed
zerolog: could not write event: write experiment-output/0000/slave-011/client-009.log: file already closed
03:01:39.137 INF Trace data written.
03:01:39.137 INF Trace data written.
03:01:39.137 INF Trace data written.
03:01:39.139 INF Stopping Tracer. events=792 fileName=experiment-output/0000/slave-011/client-021.trc
zerolog: could not write event: write experiment-output/0000/slave-011/client-021.log: file already closed
zerolog: could not write event: write experiment-output/0000/slave-011/client-021.log: file already closed
zerolog: could not write event: write experiment-output/0000/slave-011/client-021.log: file already closed
zerolog: could not write event: write experiment-output/0000/slave-011/client-021.log: file already closed
03:01:39.141 INF Trace data written.
03:01:39.141 INF Stopping Tracer. events=1126 fileName=experiment-output/0000/slave-011/client-008.trc
zerolog: could not write event: write experiment-output/0000/slave-011/client-008.log: file already closed
zerolog: could not write event: write experiment-output/0000/slave-011/client-008.log: file already closed
zerolog: could not write event: write experiment-output/0000/slave-011/client-008.log: file already closed
zerolog: could not write event: write experiment-output/0000/slave-011/client-008.log: file already closed
03:01:39.143 INF Stopping Tracer. events=1126 fileName=experiment-output/0000/slave-011/client-012.trc
zerolog: could not write event: write experiment-output/0000/slave-011/client-012.log: file already closed
zerolog: could not write event: write experiment-output/0000/slave-011/client-012.log: file already closed
zerolog: could not write event: write experiment-output/0000/slave-011/client-012.log: file already closed
03:01:39.144 INF Trace data written.
zerolog: could not write event: write experiment-output/0000/slave-011/client-012.log: file already closed
03:01:39.145 INF Trace data written.
03:01:39.145 INF Done.
03:01:39.145 INF Stopping profiler.
03:01:39.164 INF Profile data written. filename=experiment-output/0000/slave-011/prof-client.block name=block
03:01:39.171 INF Profile data written. filename=experiment-output/0000/slave-011/prof-client.mutex name=mutex
zerolog: could not write event: write experiment-output/0000/slave-011/client-011.log: file already closed
zerolog: could not write event: write experiment-output/0000/slave-011/client-011.log: file already closed
zerolog: could not write event: write experiment-output/0000/slave-011/client-011.log: file already closed
zerolog: could not write event: write experiment-output/0000/slave-011/client-011.log: file already closed
zerolog: could not write event: write experiment-output/0000/slave-011/client-006.log: file already closed
zerolog: could not write event: write experiment-output/0000/slave-011/client-006.log: file already closed
zerolog: could not write event: write experiment-output/0000/slave-011/client-006.log: file already closed
zerolog: could not write event: write experiment-output/0000/slave-011/client-006.log: file already closed
zerolog: could not write event: write experiment-output/0000/slave-011/client-054.log: file already closed
zerolog: could not write event: write experiment-output/0000/slave-011/client-054.log: file already closed
zerolog: could not write event: write experiment-output/0000/slave-011/client-053.log: file already closed
zerolog: could not write event: write experiment-output/0000/slave-011/client-053.log: file already closed
zerolog: could not write event: write experiment-output/0000/slave-011/client-054.log: file already closed
zerolog: could not write event: write experiment-output/0000/slave-011/client-053.log: file already closed
zerolog: could not write event: write experiment-output/0000/slave-011/client-009.log: file already closed
zerolog: could not write event: write experiment-output/0000/slave-011/client-009.log: file already closed
zerolog: could not write event: write experiment-output/0000/slave-011/client-009.log: file already closed
zerolog: could not write event: write experiment-output/0000/slave-011/client-053.log: file already closed
zerolog: could not write event: write experiment-output/0000/slave-011/client-009.log: file already closed
zerolog: could not write event: write experiment-output/0000/slave-011/client-054.log: file already closed
zerolog: could not write event: write experiment-output/0000/slave-011/client-011.log: file already closed
zerolog: could not write event: write experiment-output/0000/slave-011/client-011.log: file already closed
zerolog: could not write event: write experiment-output/0000/slave-011/client-021.log: file already closed
zerolog: could not write event: write experiment-output/0000/slave-011/client-021.log: file already closed
zerolog: could not write event: write experiment-output/0000/slave-011/client-021.log: file already closed
zerolog: could not write event: write experiment-output/0000/slave-011/client-021.log: file already closed
zerolog: could not write event: write experiment-output/0000/slave-011/client-011.log: file already closed
zerolog: could not write event: write experiment-output/0000/slave-011/client-011.log: file already closed
zerolog: could not write event: write experiment-output/0000/slave-011/client-008.log: file already closed
zerolog: could not write event: write experiment-output/0000/slave-011/client-008.log: file already closed
zerolog: could not write event: write experiment-output/0000/slave-011/client-008.log: file already closed
zerolog: could not write event: write experiment-output/0000/slave-011/client-008.log: file already closed
zerolog: could not write event: write experiment-output/0000/slave-011/client-012.log: file already closed
zerolog: could not write event: write experiment-output/0000/slave-011/client-012.log: file already closed
zerolog: could not write event: write experiment-output/0000/slave-011/client-012.log: file already closed
zerolog: could not write event: write experiment-output/0000/slave-011/client-012.log: file already closed
zerolog: could not write event: write experiment-output/0000/slave-011/client-006.log: file already closed
zerolog: could not write event: write experiment-output/0000/slave-011/client-006.log: file already closed
zerolog: could not write event: write experiment-output/0000/slave-011/client-006.log: file already closed
zerolog: could not write event: write experiment-output/0000/slave-011/client-006.log: file already closed
zerolog: could not write event: write experiment-output/0000/slave-011/client-009.log: file already closed
zerolog: could not write event: write experiment-output/0000/slave-011/client-053.log: file already closed
zerolog: could not write event: write experiment-output/0000/slave-011/client-053.log: file already closed
zerolog: could not write event: write experiment-output/0000/slave-011/client-053.log: file already closed
zerolog: could not write event: write experiment-output/0000/slave-011/client-053.log: file already closed
zerolog: could not write event: write experiment-output/0000/slave-011/client-054.log: file already closed
zerolog: could not write event: write experiment-output/0000/slave-011/client-054.log: file already closed
zerolog: could not write event: write experiment-output/0000/slave-011/client-054.log: file already closed
zerolog: could not write event: write experiment-output/0000/slave-011/client-009.log: file already closed
zerolog: could not write event: write experiment-output/0000/slave-011/client-054.log: file already closed
zerolog: could not write event: write experiment-output/0000/slave-011/client-009.log: file already closed
zerolog: could not write event: write experiment-output/0000/slave-011/client-009.log: file already closed
zerolog: could not write event: write experiment-output/0000/slave-011/client-021.log: file already closed
zerolog: could not write event: write experiment-output/0000/slave-011/client-021.log: file already closed
zerolog: could not write event: write experiment-output/0000/slave-011/client-021.log: file already closed
zerolog: could not write event: write experiment-output/0000/slave-011/client-008.log: file already closed
zerolog: could not write event: write experiment-output/0000/slave-011/client-021.log: file already closed
zerolog: could not write event: write experiment-output/0000/slave-011/client-008.log: file already closed
zerolog: could not write event: write experiment-output/0000/slave-011/client-008.log: file already closed
zerolog: could not write event: write experiment-output/0000/slave-011/client-008.log: file already closed
zerolog: could not write event: write experiment-output/0000/slave-011/client-012.log: file already closed
zerolog: could not write event: write experiment-output/0000/slave-011/client-012.log: file already closed
zerolog: could not write event: write experiment-output/0000/slave-011/client-012.log: file already closed
zerolog: could not write event: write experiment-output/0000/slave-011/client-012.log: file already closed
zerolog: could not write event: write experiment-output/0000/slave-011/client-011.log: file already closed
zerolog: could not write event: write experiment-output/0000/slave-011/client-011.log: file already closed
zerolog: could not write event: write experiment-output/0000/slave-011/client-011.log: file already closed
zerolog: could not write event: write experiment-output/0000/slave-011/client-011.log: file already closed
zerolog: could not write event: write experiment-output/0000/slave-011/client-006.log: file already closed
zerolog: could not write event: write experiment-output/0000/slave-011/client-006.log: file already closed
zerolog: could not write event: write experiment-output/0000/slave-011/client-006.log: file already closed
zerolog: could not write event: write experiment-output/0000/slave-011/client-006.log: file already closed
zerolog: could not write event: write experiment-output/0000/slave-011/client-054.log: file already closed
zerolog: could not write event: write experiment-output/0000/slave-011/client-054.log: file already closed
zerolog: could not write event: write experiment-output/0000/slave-011/client-009.log: file already closed
zerolog: could not write event: write experiment-output/0000/slave-011/client-054.log: file already closed
zerolog: could not write event: write experiment-output/0000/slave-011/client-009.log: file already closed
zerolog: could not write event: write experiment-output/0000/slave-011/client-053.log: file already closed
zerolog: could not write event: write experiment-output/0000/slave-011/client-054.log: file already closed
zerolog: could not write event: write experiment-output/0000/slave-011/client-053.log: file already closed
zerolog: could not write event: write experiment-output/0000/slave-011/client-053.log: file already closed
zerolog: could not write event: write experiment-output/0000/slave-011/client-009.log: file already closed
zerolog: could not write event: write experiment-output/0000/slave-011/client-009.log: file already closed
zerolog: could not write event: write experiment-output/0000/slave-011/client-053.log: file already closed
zerolog: could not write event: write experiment-output/0000/slave-011/client-021.log: file already closed
zerolog: could not write event: write experiment-output/0000/slave-011/client-021.log: file already closed
zerolog: could not write event: write experiment-output/0000/slave-011/client-021.log: file already closed
zerolog: could not write event: write experiment-output/0000/slave-011/client-021.log: file already closed
zerolog: could not write event: write experiment-output/0000/slave-011/client-008.log: file already closed
zerolog: could not write event: write experiment-output/0000/slave-011/client-008.log: file already closed
zerolog: could not write event: write experiment-output/0000/slave-011/client-008.log: file already closed
zerolog: could not write event: write experiment-output/0000/slave-011/client-008.log: file already closed
zerolog: could not write event: write experiment-output/0000/slave-011/client-012.log: file already closed
zerolog: could not write event: write experiment-output/0000/slave-011/client-012.log: file already closed
zerolog: could not write event: write experiment-output/0000/slave-011/client-012.log: file already closed
zerolog: could not write event: write experiment-output/0000/slave-011/client-012.log: file already closed
03:01:39.340 INF Profile data written. filename=experiment-output/0000/slave-011/prof-client.cpu name=cpu
