{"level":"debug","Logging":"info","time":"2023-07-15T15:06:25Z","message":"Config"}
{"level":"debug","UseTLS":false,"time":"2023-07-15T15:06:25Z","message":"Config"}
{"level":"debug","CACertFile":"tls-data/ca.pem","time":"2023-07-15T15:06:25Z","message":"Config"}
{"level":"debug","KeyFile":"tls-data/auth.key","time":"2023-07-15T15:06:25Z","message":"Config"}
{"level":"debug","CertFile":"tls-data/auth.pem","time":"2023-07-15T15:06:25Z","message":"Config"}
{"level":"debug","PriorityConnections":2,"time":"2023-07-15T15:06:25Z","message":"Config"}
{"level":"debug","BasicConnections":1,"time":"2023-07-15T15:06:25Z","message":"Config"}
{"level":"debug","TestConnections":false,"time":"2023-07-15T15:06:25Z","message":"Config"}
{"level":"debug","ExcessConnections":1,"time":"2023-07-15T15:06:25Z","message":"Config"}
{"level":"debug","ConnectionTestMsgs":4,"time":"2023-07-15T15:06:25Z","message":"Config"}
{"level":"debug","ConnectionTestPayload":131072,"time":"2023-07-15T15:06:25Z","message":"Config"}
{"level":"debug","OutMessageBufsize":1024,"time":"2023-07-15T15:06:25Z","message":"Config"}
{"level":"debug","OutMessageBufsize":4,"time":"2023-07-15T15:06:25Z","message":"Config"}
{"level":"debug","ThroughputCap":131072000,"time":"2023-07-15T15:06:25Z","message":"Config"}
{"level":"debug","StragglerTolerance":1000,"time":"2023-07-15T15:06:25Z","message":"Config"}
{"level":"debug","BatchSizeIncrement":256,"time":"2023-07-15T15:06:25Z","message":"Config"}
{"level":"debug","Orderer":"HotStuff","time":"2023-07-15T15:06:25Z","message":"Config"}
{"level":"debug","Manager":"Mir","time":"2023-07-15T15:06:25Z","message":"Config"}
{"level":"debug","Failures":0,"time":"2023-07-15T15:06:25Z","message":"Config"}
{"level":"debug","StragglerCnt":3,"time":"2023-07-15T15:06:25Z","message":"Config"}
{"level":"debug","CrashTiming":"Straggler","time":"2023-07-15T15:06:25Z","message":"Config"}
{"level":"debug","CheckpointInterval":512,"time":"2023-07-15T15:06:25Z","message":"Config"}
{"level":"debug","WatermarkWindowSize":512,"time":"2023-07-15T15:06:25Z","message":"Config"}
{"level":"debug","EpochLength":512,"time":"2023-07-15T15:06:25Z","message":"Config"}
{"level":"debug","SegmentLength":32,"time":"2023-07-15T15:06:25Z","message":"Config"}
{"level":"debug","WaitForCheckpoints":true,"time":"2023-07-15T15:06:25Z","message":"Config"}
{"level":"debug","ClientWatermarkWindowSize":16384,"time":"2023-07-15T15:06:25Z","message":"Config"}
{"level":"debug","ClientRequestBacklogSize":16384,"time":"2023-07-15T15:06:25Z","message":"Config"}
{"level":"debug","RandomSeed":12440,"time":"2023-07-15T15:06:25Z","message":"Config"}
{"level":"debug","NodeToLeaderRatio":1,"time":"2023-07-15T15:06:25Z","message":"Config"}
{"level":"debug","LeaderPolicy":"Simple","time":"2023-07-15T15:06:25Z","message":"Config"}
{"level":"debug","DefaultLeaderBan":2,"time":"2023-07-15T15:06:25Z","message":"Config"}
{"level":"debug","NumBuckets":256,"time":"2023-07-15T15:06:25Z","message":"Config"}
{"level":"debug","BatchSize":2000,"time":"2023-07-15T15:06:25Z","message":"Config"}
{"level":"debug","DisabledViewChange":false,"time":"2023-07-15T15:06:25Z","message":"Config"}
{"level":"debug","ViewChangeTimeout":60000,"time":"2023-07-15T15:06:25Z","message":"Config"}
{"level":"debug","ClientTraceSampling":10,"time":"2023-07-15T15:06:25Z","message":"Config"}
{"level":"debug","EventBufferSize":2097152,"time":"2023-07-15T15:06:25Z","message":"Config"}
{"level":"debug","TraceSampling":1,"time":"2023-07-15T15:06:25Z","message":"Config"}
{"level":"debug","ClientsPerProcess":8,"time":"2023-07-15T15:06:25Z","message":"Config"}
{"level":"debug","RequestsPerClient":3515,"time":"2023-07-15T15:06:25Z","message":"Config"}
{"level":"debug","ClientRunTime":15000,"time":"2023-07-15T15:06:25Z","message":"Config"}
{"level":"debug","RequestRate":117,"time":"2023-07-15T15:06:25Z","message":"Config"}
{"level":"debug","HardRequestRateLimit":false,"time":"2023-07-15T15:06:25Z","message":"Config"}
{"level":"debug","RequestPayloadSize":500,"time":"2023-07-15T15:06:25Z","message":"Config"}
{"level":"debug","SignRequests":true,"time":"2023-07-15T15:06:25Z","message":"Config"}
{"level":"debug","ClientPrivKeyFile":"tls-data/client-ecdsa-256.key","time":"2023-07-15T15:06:25Z","message":"Config"}
{"level":"debug","ClientPubKeyFile":"tls-data/client-ecdsa-256.pem","time":"2023-07-15T15:06:25Z","message":"Config"}
{"level":"debug","PrecomputeRequests":false,"time":"2023-07-15T15:06:25Z","message":"Config"}
{"level":"debug","RequestHandlerThreads":32,"time":"2023-07-15T15:06:25Z","message":"Config"}
{"level":"debug","RequestInputChannelBuffer":8192,"time":"2023-07-15T15:06:25Z","message":"Config"}
{"level":"debug","BatchVerifier":"external","time":"2023-07-15T15:06:25Z","message":"Config"}
15:06:25.680 INF Started Profiler: CPU
15:06:25.680 INF Started Profiler: BLOCK
15:06:25.680 INF Started Profiler: MUTEX
15:06:25.680 INF Starting clients. numClients=8 numRequests=3515
15:06:25.680 INF Initilizing clients.
15:06:25.974 INF Registared with discovery server. numOrderers=16 ownClientId=187
15:06:25.982 INF Registared with discovery server. numOrderers=16 ownClientId=145
15:06:25.994 INF Registared with discovery server. numOrderers=16 ownClientId=169
15:06:25.994 INF Registared with discovery server. numOrderers=16 ownClientId=168
15:06:26.013 INF Registared with discovery server. numOrderers=16 ownClientId=232
15:06:26.023 INF Registared with discovery server. numOrderers=16 ownClientId=253
15:06:26.028 INF Registared with discovery server. numOrderers=16 ownClientId=251
15:06:26.037 INF Registared with discovery server. numOrderers=16 ownClientId=255
15:06:26.037 INF Clients initialized.
15:06:26.037 INF Launching clients.
15:06:26.037 INF Waiting for clients.
15:08:08.666 INF Stopping Tracer. events=710 fileName=experiment-output/0000/slave-028/client-168.trc
15:08:08.666 INF Stopping Tracer. events=1002 fileName=experiment-output/0000/slave-028/client-253.trc
15:08:08.667 INF Trace data written.
15:08:08.668 INF Trace data written.
15:08:08.678 INF Stopping Tracer. events=709 fileName=experiment-output/0000/slave-028/client-232.trc
15:08:08.679 INF Trace data written.
zerolog: could not write event: write experiment-output/0000/slave-028/client-253.log: file already closed
zerolog: could not write event: write experiment-output/0000/slave-028/client-168.log: file already closed
zerolog: could not write event: write experiment-output/0000/slave-028/client-232.log: file already closed
zerolog: could not write event: write experiment-output/0000/slave-028/client-168.log: file already closed
zerolog: could not write event: write experiment-output/0000/slave-028/client-253.log: file already closed
zerolog: could not write event: write experiment-output/0000/slave-028/client-168.log: file already closed
zerolog: could not write event: write experiment-output/0000/slave-028/client-168.log: file already closed
zerolog: could not write event: write experiment-output/0000/slave-028/client-232.log: file already closed
zerolog: could not write event: write experiment-output/0000/slave-028/client-253.log: file already closed
zerolog: could not write event: write experiment-output/0000/slave-028/client-168.log: file already closed
zerolog: could not write event: write experiment-output/0000/slave-028/client-253.log: file already closed
zerolog: could not write event: write experiment-output/0000/slave-028/client-253.log: file already closed
zerolog: could not write event: write experiment-output/0000/slave-028/client-253.log: file already closed
zerolog: could not write event: write experiment-output/0000/slave-028/client-168.log: file already closed
zerolog: could not write event: write experiment-output/0000/slave-028/client-253.log: file already closed
zerolog: could not write event: write experiment-output/0000/slave-028/client-232.log: file already closed
zerolog: could not write event: write experiment-output/0000/slave-028/client-253.log: file already closed
zerolog: could not write event: write experiment-output/0000/slave-028/client-253.log: file already closed
zerolog: could not write event: write experiment-output/0000/slave-028/client-232.log: file already closed
zerolog: could not write event: write experiment-output/0000/slave-028/client-168.log: file already closed
zerolog: could not write event: write experiment-output/0000/slave-028/client-253.log: file already closed
zerolog: could not write event: write experiment-output/0000/slave-028/client-232.log: file already closed
zerolog: could not write event: write experiment-output/0000/slave-028/client-253.log: file already closed
zerolog: could not write event: write experiment-output/0000/slave-028/client-168.log: file already closed
zerolog: could not write event: write experiment-output/0000/slave-028/client-168.log: file already closed
zerolog: could not write event: write experiment-output/0000/slave-028/client-253.log: file already closed
zerolog: could not write event: write experiment-output/0000/slave-028/client-232.log: file already closed
zerolog: could not write event: write experiment-output/0000/slave-028/client-168.log: file already closed
zerolog: could not write event: write experiment-output/0000/slave-028/client-168.log: file already closed
zerolog: could not write event: write experiment-output/0000/slave-028/client-253.log: file already closed
zerolog: could not write event: write experiment-output/0000/slave-028/client-232.log: file already closed
zerolog: could not write event: write experiment-output/0000/slave-028/client-232.log: file already closed
zerolog: could not write event: write experiment-output/0000/slave-028/client-232.log: file already closed
zerolog: could not write event: write experiment-output/0000/slave-028/client-232.log: file already closed
zerolog: could not write event: write experiment-output/0000/slave-028/client-253.log: file already closed
zerolog: could not write event: write experiment-output/0000/slave-028/client-168.log: file already closed
zerolog: could not write event: write experiment-output/0000/slave-028/client-232.log: file already closed
zerolog: could not write event: write experiment-output/0000/slave-028/client-232.log: file already closed
zerolog: could not write event: write experiment-output/0000/slave-028/client-232.log: file already closed
zerolog: could not write event: write experiment-output/0000/slave-028/client-168.log: file already closed
zerolog: could not write event: write experiment-output/0000/slave-028/client-232.log: file already closed
zerolog: could not write event: write experiment-output/0000/slave-028/client-253.log: file already closed
zerolog: could not write event: write experiment-output/0000/slave-028/client-168.log: file already closed
zerolog: could not write event: write experiment-output/0000/slave-028/client-168.log: file already closed
zerolog: could not write event: write experiment-output/0000/slave-028/client-168.log: file already closed
zerolog: could not write event: write experiment-output/0000/slave-028/client-232.log: file already closed
zerolog: could not write event: write experiment-output/0000/slave-028/client-253.log: file already closed
zerolog: could not write event: write experiment-output/0000/slave-028/client-232.log: file already closed
15:08:18.661 INF Stopping Tracer. events=1002 fileName=experiment-output/0000/slave-028/client-145.trc
15:08:18.663 INF Trace data written.
15:08:18.686 INF Stopping Tracer. events=891 fileName=experiment-output/0000/slave-028/client-187.trc
15:08:18.686 INF Stopping Tracer. events=1032 fileName=experiment-output/0000/slave-028/client-255.trc
15:08:18.688 INF Trace data written.
15:08:18.688 INF Trace data written.
15:08:18.705 INF Stopping Tracer. events=1030 fileName=experiment-output/0000/slave-028/client-169.trc
15:08:18.707 INF Trace data written.
15:08:18.712 INF Stopping Tracer. events=1202 fileName=experiment-output/0000/slave-028/client-251.trc
15:08:18.714 INF Trace data written.
15:08:18.714 INF Done.
15:08:18.714 INF Stopping profiler.
zerolog: could not write event: write experiment-output/0000/slave-028/client-145.log: file already closed
zerolog: could not write event: write experiment-output/0000/slave-028/client-145.log: file already closed
zerolog: could not write event: write experiment-output/0000/slave-028/client-145.log: file already closed
zerolog: could not write event: write experiment-output/0000/slave-028/client-145.log: file already closed
zerolog: could not write event: write experiment-output/0000/slave-028/client-145.log: file already closed
zerolog: could not write event: write experiment-output/0000/slave-028/client-145.log: file already closed
zerolog: could not write event: write experiment-output/0000/slave-028/client-145.log: file already closed
zerolog: could not write event: write experiment-output/0000/slave-028/client-187.log: file already closed
zerolog: could not write event: write experiment-output/0000/slave-028/client-187.log: file already closed
zerolog: could not write event: write experiment-output/0000/slave-028/client-145.log: file already closed
zerolog: could not write event: write experiment-output/0000/slave-028/client-145.log: file already closed
zerolog: could not write event: write experiment-output/0000/slave-028/client-255.log: file already closed
zerolog: could not write event: write experiment-output/0000/slave-028/client-255.log: file already closed
zerolog: could not write event: write experiment-output/0000/slave-028/client-255.log: file already closed
zerolog: could not write event: write experiment-output/0000/slave-028/client-145.log: file already closed
zerolog: could not write event: write experiment-output/0000/slave-028/client-145.log: file already closed
zerolog: could not write event: write experiment-output/0000/slave-028/client-255.log: file already closed
zerolog: could not write event: write experiment-output/0000/slave-028/client-145.log: file already closed
zerolog: could not write event: write experiment-output/0000/slave-028/client-255.log: file already closed
zerolog: could not write event: write experiment-output/0000/slave-028/client-187.log: file already closed
zerolog: could not write event: write experiment-output/0000/slave-028/client-145.log: file already closed
zerolog: could not write event: write experiment-output/0000/slave-028/client-187.log: file already closed
zerolog: could not write event: write experiment-output/0000/slave-028/client-255.log: file already closed
zerolog: could not write event: write experiment-output/0000/slave-028/client-145.log: file already closed
zerolog: could not write event: write experiment-output/0000/slave-028/client-255.log: file already closed
zerolog: could not write event: write experiment-output/0000/slave-028/client-187.log: file already closed
zerolog: could not write event: write experiment-output/0000/slave-028/client-255.log: file already closed
zerolog: could not write event: write experiment-output/0000/slave-028/client-187.log: file already closed
zerolog: could not write event: write experiment-output/0000/slave-028/client-187.log: file already closed
zerolog: could not write event: write experiment-output/0000/slave-028/client-145.log: file already closed
zerolog: could not write event: write experiment-output/0000/slave-028/client-251.log: file already closed
zerolog: could not write event: write experiment-output/0000/slave-028/client-187.log: file already closed
zerolog: could not write event: write experiment-output/0000/slave-028/client-169.log: file already closed
zerolog: could not write event: write experiment-output/0000/slave-028/client-255.log: file already closed
zerolog: could not write event: write experiment-output/0000/slave-028/client-255.log: file already closed
zerolog: could not write event: write experiment-output/0000/slave-028/client-187.log: file already closed
zerolog: could not write event: write experiment-output/0000/slave-028/client-187.log: file already closed
zerolog: could not write event: write experiment-output/0000/slave-028/client-187.log: file already closed
zerolog: could not write event: write experiment-output/0000/slave-028/client-187.log: file already closed
zerolog: could not write event: write experiment-output/0000/slave-028/client-255.log: file already closed
zerolog: could not write event: write experiment-output/0000/slave-028/client-169.log: file already closed
zerolog: could not write event: write experiment-output/0000/slave-028/client-255.log: file already closed
zerolog: could not write event: write experiment-output/0000/slave-028/client-145.log: file already closed
zerolog: could not write event: write experiment-output/0000/slave-028/client-255.log: file already closed
zerolog: could not write event: write experiment-output/0000/slave-028/client-255.log: file already closed
zerolog: could not write event: write experiment-output/0000/slave-028/client-169.log: file already closed
zerolog: could not write event: write experiment-output/0000/slave-028/client-187.log: file already closed
zerolog: could not write event: write experiment-output/0000/slave-028/client-255.log: file already closed
zerolog: could not write event: write experiment-output/0000/slave-028/client-169.log: file already closed
zerolog: could not write event: write experiment-output/0000/slave-028/client-169.log: file already closed
zerolog: could not write event: write experiment-output/0000/slave-028/client-255.log: file already closed
zerolog: could not write event: write experiment-output/0000/slave-028/client-169.log: file already closed
zerolog: could not write event: write experiment-output/0000/slave-028/client-251.log: file already closed
zerolog: could not write event: write experiment-output/0000/slave-028/client-251.log: file already closed
zerolog: could not write event: write experiment-output/0000/slave-028/client-169.log: file already closed
zerolog: could not write event: write experiment-output/0000/slave-028/client-169.log: file already closed
zerolog: could not write event: write experiment-output/0000/slave-028/client-251.log: file already closed
zerolog: could not write event: write experiment-output/0000/slave-028/client-187.log: file already closed
zerolog: could not write event: write experiment-output/0000/slave-028/client-251.log: file already closed
zerolog: could not write event: write experiment-output/0000/slave-028/client-169.log: file already closed
zerolog: could not write event: write experiment-output/0000/slave-028/client-169.log: file already closed
zerolog: could not write event: write experiment-output/0000/slave-028/client-251.log: file already closed
zerolog: could not write event: write experiment-output/0000/slave-028/client-187.log: file already closed
zerolog: could not write event: write experiment-output/0000/slave-028/client-169.log: file already closed
zerolog: could not write event: write experiment-output/0000/slave-028/client-187.log: file already closed
zerolog: could not write event: write experiment-output/0000/slave-028/client-251.log: file already closed
zerolog: could not write event: write experiment-output/0000/slave-028/client-251.log: file already closed
zerolog: could not write event: write experiment-output/0000/slave-028/client-251.log: file already closed
zerolog: could not write event: write experiment-output/0000/slave-028/client-169.log: file already closed
zerolog: could not write event: write experiment-output/0000/slave-028/client-169.log: file already closed
zerolog: could not write event: write experiment-output/0000/slave-028/client-169.log: file already closed
zerolog: could not write event: write experiment-output/0000/slave-028/client-251.log: file already closed
zerolog: could not write event: write experiment-output/0000/slave-028/client-251.log: file already closed
zerolog: could not write event: write experiment-output/0000/slave-028/client-169.log: file already closed
zerolog: could not write event: write experiment-output/0000/slave-028/client-251.log: file already closed
zerolog: could not write event: write experiment-output/0000/slave-028/client-251.log: file already closed
zerolog: could not write event: write experiment-output/0000/slave-028/client-169.log: file already closed
zerolog: could not write event: write experiment-output/0000/slave-028/client-251.log: file already closed
zerolog: could not write event: write experiment-output/0000/slave-028/client-251.log: file already closed
zerolog: could not write event: write experiment-output/0000/slave-028/client-251.log: file already closed
15:08:18.865 INF Profile data written. filename=experiment-output/0000/slave-028/prof-client.cpu name=cpu
15:08:18.882 INF Profile data written. filename=experiment-output/0000/slave-028/prof-client.block name=block
15:08:18.885 INF Profile data written. filename=experiment-output/0000/slave-028/prof-client.mutex name=mutex
