{"level":"debug","Logging":"debug","time":"2022-12-13T15:25:25+08:00","message":"Config"}
{"level":"debug","UseTLS":false,"time":"2022-12-13T15:25:25+08:00","message":"Config"}
{"level":"debug","CACertFile":"tls-data/ca.pem","time":"2022-12-13T15:25:25+08:00","message":"Config"}
{"level":"debug","KeyFile":"tls-data/auth.key","time":"2022-12-13T15:25:25+08:00","message":"Config"}
{"level":"debug","CertFile":"tls-data/auth.pem","time":"2022-12-13T15:25:25+08:00","message":"Config"}
{"level":"debug","PriorityConnections":2,"time":"2022-12-13T15:25:25+08:00","message":"Config"}
{"level":"debug","BasicConnections":4,"time":"2022-12-13T15:25:25+08:00","message":"Config"}
{"level":"debug","TestConnections":false,"time":"2022-12-13T15:25:25+08:00","message":"Config"}
{"level":"debug","ExcessConnections":1,"time":"2022-12-13T15:25:25+08:00","message":"Config"}
{"level":"debug","ConnectionTestMsgs":4,"time":"2022-12-13T15:25:25+08:00","message":"Config"}
{"level":"debug","ConnectionTestPayload":131072,"time":"2022-12-13T15:25:25+08:00","message":"Config"}
{"level":"debug","OutMessageBufsize":1024,"time":"2022-12-13T15:25:25+08:00","message":"Config"}
{"level":"debug","OutMessageBufsize":1,"time":"2022-12-13T15:25:25+08:00","message":"Config"}
{"level":"debug","ThroughputCap":131072000,"time":"2022-12-13T15:25:25+08:00","message":"Config"}
{"level":"debug","StragglerTolerance":1000,"time":"2022-12-13T15:25:25+08:00","message":"Config"}
{"level":"debug","BatchSizeIncrement":256,"time":"2022-12-13T15:25:25+08:00","message":"Config"}
{"level":"debug","Orderer":"Pbft","time":"2022-12-13T15:25:25+08:00","message":"Config"}
{"level":"debug","Manager":"Mir","time":"2022-12-13T15:25:25+08:00","message":"Config"}
{"level":"debug","Failures":0,"time":"2022-12-13T15:25:25+08:00","message":"Config"}
{"level":"debug","StragglerCnt":1,"time":"2022-12-13T15:25:25+08:00","message":"Config"}
{"level":"debug","CrashTiming":"Straggler","time":"2022-12-13T15:25:25+08:00","message":"Config"}
{"level":"debug","CheckpointInterval":256,"time":"2022-12-13T15:25:25+08:00","message":"Config"}
{"level":"debug","WatermarkWindowSize":256,"time":"2022-12-13T15:25:25+08:00","message":"Config"}
{"level":"debug","EpochLength":256,"time":"2022-12-13T15:25:25+08:00","message":"Config"}
{"level":"debug","SegmentLength":64,"time":"2022-12-13T15:25:25+08:00","message":"Config"}
{"level":"debug","WaitForCheckpoints":true,"time":"2022-12-13T15:25:25+08:00","message":"Config"}
{"level":"debug","ClientWatermarkWindowSize":4194304,"time":"2022-12-13T15:25:25+08:00","message":"Config"}
{"level":"debug","ClientRequestBacklogSize":4194304,"time":"2022-12-13T15:25:25+08:00","message":"Config"}
{"level":"debug","RandomSeed":8276,"time":"2022-12-13T15:25:25+08:00","message":"Config"}
{"level":"debug","NodeToLeaderRatio":1,"time":"2022-12-13T15:25:25+08:00","message":"Config"}
{"level":"debug","LeaderPolicy":"Blacklist","time":"2022-12-13T15:25:25+08:00","message":"Config"}
{"level":"debug","DefaultLeaderBan":2,"time":"2022-12-13T15:25:25+08:00","message":"Config"}
{"level":"debug","NumBuckets":64,"time":"2022-12-13T15:25:25+08:00","message":"Config"}
{"level":"debug","BatchSize":1000,"time":"2022-12-13T15:25:25+08:00","message":"Config"}
{"level":"debug","DisabledViewChange":false,"time":"2022-12-13T15:25:25+08:00","message":"Config"}
{"level":"debug","ViewChangeTimeout":60000,"time":"2022-12-13T15:25:25+08:00","message":"Config"}
{"level":"debug","ClientTraceSampling":10,"time":"2022-12-13T15:25:25+08:00","message":"Config"}
{"level":"debug","EventBufferSize":2097152,"time":"2022-12-13T15:25:25+08:00","message":"Config"}
{"level":"debug","TraceSampling":1,"time":"2022-12-13T15:25:25+08:00","message":"Config"}
{"level":"debug","ClientsPerProcess":1,"time":"2022-12-13T15:25:25+08:00","message":"Config"}
{"level":"debug","RequestsPerClient":15360,"time":"2022-12-13T15:25:25+08:00","message":"Config"}
{"level":"debug","ClientRunTime":30000,"time":"2022-12-13T15:25:25+08:00","message":"Config"}
{"level":"debug","RequestRate":256,"time":"2022-12-13T15:25:25+08:00","message":"Config"}
{"level":"debug","HardRequestRateLimit":false,"time":"2022-12-13T15:25:25+08:00","message":"Config"}
{"level":"debug","RequestPayloadSize":500,"time":"2022-12-13T15:25:25+08:00","message":"Config"}
{"level":"debug","SignRequests":true,"time":"2022-12-13T15:25:25+08:00","message":"Config"}
{"level":"debug","ClientPrivKeyFile":"tls-data/client-ecdsa-256.key","time":"2022-12-13T15:25:25+08:00","message":"Config"}
{"level":"debug","ClientPubKeyFile":"tls-data/client-ecdsa-256.pem","time":"2022-12-13T15:25:25+08:00","message":"Config"}
{"level":"debug","PrecomputeRequests":false,"time":"2022-12-13T15:25:25+08:00","message":"Config"}
{"level":"debug","RequestHandlerThreads":32,"time":"2022-12-13T15:25:25+08:00","message":"Config"}
{"level":"debug","RequestInputChannelBuffer":8192,"time":"2022-12-13T15:25:25+08:00","message":"Config"}
{"level":"debug","BatchVerifier":"external","time":"2022-12-13T15:25:25+08:00","message":"Config"}
15:25:25.369 INF Registered with discovery server. numPeers=4 ownID=0
15:25:25.370 INF Profiling enabled.
15:25:25.370 INF Setting up profiling.
15:25:25.371 INF Started Profiler: CPU
15:25:25.371 INF Started Profiler: BLOCK
15:25:25.371 INF Started Profiler: MUTEX
15:25:25.371 INF Profiler will stop on signal. exit=true
15:25:25.386 INF Tracing will stop on signal. exit=false
15:25:25.387 INF Started tracing. traceFile=experiment-output/0000/slave-001/peer.trc
15:25:25.388 INF Connecting to peer. addr=127.0.0.1:10033 basicConns=4 priorityConns=2
15:25:25.389 INF Connecting to peer. addr=127.0.0.1:10011 basicConns=4 priorityConns=2
15:25:25.390 INF Connecting to peer. addr=127.0.0.1:10022 basicConns=4 priorityConns=2
15:25:25.396 INF Listening for connections. port=10000 useTLS=false
15:25:25.397 DBG Starting backlog.
15:25:25.433 INF Connecting to peer. addr=127.0.0.1:10000 basicConns=4 priorityConns=2
15:25:25.450 INF Incoming connection for protocol messages. addr=127.0.0.1:56628
15:25:25.474 INF Incoming connection for protocol messages. addr=127.0.0.1:56640
15:25:25.479 INF Incoming connection for protocol messages. addr=127.0.0.1:56662
15:25:25.499 INF Incoming connection for protocol messages. addr=127.0.0.1:56658
15:25:25.506 INF Incoming connection for protocol messages. addr=127.0.0.1:56648
15:25:25.510 DBG Connected. peerID=2
15:25:25.512 INF Incoming connection for protocol messages. addr=127.0.0.1:56660
15:25:25.510 INF Incoming connection for protocol messages. addr=127.0.0.1:56674
15:25:25.517 INF Incoming connection for protocol messages. addr=127.0.0.1:56688
15:25:25.520 DBG Connected. peerID=1
15:25:25.534 INF Incoming connection for protocol messages. addr=127.0.0.1:56704
15:25:25.536 INF Incoming connection for protocol messages. addr=127.0.0.1:56768
15:25:25.538 INF Incoming connection for protocol messages. addr=127.0.0.1:56692
15:25:25.539 INF Incoming connection for protocol messages. addr=127.0.0.1:56720
15:25:25.539 INF Incoming connection for protocol messages. addr=127.0.0.1:56804
15:25:25.540 INF Incoming connection for protocol messages. addr=127.0.0.1:56752
15:25:25.538 INF Incoming connection for protocol messages. addr=127.0.0.1:56736
15:25:25.547 INF Incoming connection for protocol messages. addr=127.0.0.1:56776
15:25:25.547 INF Incoming connection for protocol messages. addr=127.0.0.1:56816
15:25:25.547 INF Incoming connection for protocol messages. addr=127.0.0.1:56722
15:25:25.549 DBG Connected. peerID=0
15:25:25.550 INF Incoming connection for protocol messages. addr=127.0.0.1:56792
15:25:26.387 INF Incoming connection for protocol messages. addr=127.0.0.1:56828
15:25:26.397 INF Incoming connection for protocol messages. addr=127.0.0.1:56858
15:25:26.402 INF Incoming connection for protocol messages. addr=127.0.0.1:56844
15:25:26.414 INF Incoming connection for protocol messages. addr=127.0.0.1:56874
15:25:26.416 INF Incoming connection for protocol messages. addr=127.0.0.1:56888
15:25:26.436 DBG Connected. peerID=3
15:25:26.436 INF Connected to all peers.
15:25:26.444 INF All peers finished connecting. Starting ISS.
15:25:26.445 DBG Buckets for 0-th leader 0: [0 4 8 12 16 20 24 28 32 36 40 44 48 52 56 60]
15:25:26.445 DBG Buckets for 1-th leader 1: [1 5 9 13 17 21 25 29 33 37 41 45 49 53 57 61]
15:25:26.445 DBG Buckets for 2-th leader 2: [2 6 10 14 18 22 26 30 34 38 42 46 50 54 58 62]
15:25:26.445 DBG Buckets for 3-th leader 3: [3 7 11 15 19 23 27 31 35 39 43 47 51 55 59 63]
15:25:26.446 INF PbftOrderer received a new segment: [0 4 8 12 16 20 24 28 32 36 40 44 48 52 56 60 64 68 72 76 80 84 88 92 96 100 104 108 112 116 120 124 128 132 136 140 144 148 152 156 160 164 168 172 176 180 184 188 192 196 200 204 208 212 216 220 224 228 232 236 240 244 248 252] first leader=0 firstSN=0 lastSN=252 len=64 length=64 segId=0
15:25:26.446 INF Starting new view. segID=0 timeout=60000 view=0
15:25:26.447 DBG Starting timer. sn=0 view=0
15:25:26.447 INF Starting PBFT instance. first=0 last=252 segID=0
15:25:26.448 DBG Subscribing to backlog. segID=0
15:25:26.448 DBG Leading segment. segID=0
15:25:26.448 DBG Waiting for batch. batchSize=4096
15:25:26.448 INF Starting serialized message processing. segID=0
15:25:26.449 INF PbftOrderer received a new segment: [1 5 9 13 17 21 25 29 33 37 41 45 49 53 57 61 65 69 73 77 81 85 89 93 97 101 105 109 113 117 121 125 129 133 137 141 145 149 153 157 161 165 169 173 177 181 185 189 193 197 201 205 209 213 217 221 225 229 233 237 241 245 249 253] first leader=1 firstSN=1 lastSN=253 len=64 length=64 segId=1
15:25:26.449 INF Starting new view. segID=1 timeout=60000 view=0
15:25:26.450 DBG Starting timer. sn=1 view=0
15:25:26.450 INF Starting PBFT instance. first=1 last=253 segID=1
15:25:26.451 INF Starting serialized message processing. segID=1
15:25:26.451 DBG Subscribing to backlog. segID=1
15:25:26.450 INF PbftOrderer received a new segment: [2 6 10 14 18 22 26 30 34 38 42 46 50 54 58 62 66 70 74 78 82 86 90 94 98 102 106 110 114 118 122 126 130 134 138 142 146 150 154 158 162 166 170 174 178 182 186 190 194 198 202 206 210 214 218 222 226 230 234 238 242 246 250 254] first leader=2 firstSN=2 lastSN=254 len=64 length=64 segId=2
15:25:26.451 INF Starting new view. segID=2 timeout=60000 view=0
15:25:26.452 DBG Starting timer. sn=2 view=0
15:25:26.452 INF Starting PBFT instance. first=2 last=254 segID=2
15:25:26.452 DBG Subscribing to backlog. segID=2
15:25:26.453 INF Starting serialized message processing. segID=2
15:25:26.453 INF PbftOrderer received a new segment: [3 7 11 15 19 23 27 31 35 39 43 47 51 55 59 63 67 71 75 79 83 87 91 95 99 103 107 111 115 119 123 127 131 135 139 143 147 151 155 159 163 167 171 175 179 183 187 191 195 199 203 207 211 215 219 223 227 231 235 239 243 247 251 255] first leader=3 firstSN=3 lastSN=255 len=64 length=64 segId=3
15:25:26.453 INF Starting new view. segID=3 timeout=60000 view=0
15:25:26.454 DBG Starting timer. sn=3 view=0
15:25:26.454 INF Starting PBFT instance. first=3 last=255 segID=3
15:25:26.454 DBG Subscribing to backlog. segID=3
15:25:26.455 INF Starting serialized message processing. segID=3
15:25:27.451 DBG Batch ready. batchSize=4096
15:25:27.452 DBG Batch cut. left=0 nBuckets=16 nReq=0 next=0
15:25:27.452 INF Sending PREPREPARE. nReq=0 senderID=0 sn=0 view=0
15:25:27.452 DBG Waiting for batch. batchSize=4096
15:25:27.499 INF Handling PREPREPARE. nReq=0 senderID=2 sn=2
15:25:27.499 DBG Creating new Batch. nReq=0
15:25:27.499 DBG Sending PREPARE. senderID=0 sn=2 view=0
15:25:27.499 DBG Sending COMMIT. senderID=0 sn=2 view=0
15:25:27.503 DBG Sending COMMIT. senderID=0 sn=0 view=0
15:25:27.507 INF Committed entry. latency=0 nReq=0 sn=0
15:25:27.507 INF Delivered batch. nReq=0 sn=0
15:25:27.507 DBG Starting timer. sn=4 view=0
15:25:27.509 INF Committed entry. latency=0 nReq=0 sn=2
15:25:27.509 DBG Starting timer. sn=6 view=0
15:25:27.510 INF Handling PREPREPARE. nReq=0 senderID=1 sn=1
15:25:27.510 DBG Creating new Batch. nReq=0
15:25:27.510 DBG Sending PREPARE. senderID=0 sn=1 view=0
15:25:27.510 DBG Sending COMMIT. senderID=0 sn=1 view=0
15:25:27.511 INF Committed entry. latency=0 nReq=0 sn=1
15:25:27.511 INF Delivered batch. nReq=0 sn=1
15:25:27.511 INF Delivered batch. nReq=0 sn=2
15:25:27.511 DBG Starting timer. sn=5 view=0
15:25:28.453 DBG Batch ready. batchSize=4096
15:25:28.454 DBG Batch cut. left=0 nBuckets=16 nReq=0 next=0
15:25:28.454 INF Sending PREPREPARE. nReq=0 senderID=0 sn=4 view=0
15:25:28.455 DBG Waiting for batch. batchSize=4096
15:25:28.463 DBG Sending COMMIT. senderID=0 sn=4 view=0
15:25:28.471 INF Committed entry. latency=0 nReq=0 sn=4
15:25:28.471 DBG Starting timer. sn=8 view=0
15:25:28.472 INF Handling PREPREPARE. nReq=0 senderID=2 sn=6
15:25:28.472 DBG Creating new Batch. nReq=0
15:25:28.472 DBG Sending PREPARE. senderID=0 sn=6 view=0
15:25:28.474 DBG Sending COMMIT. senderID=0 sn=6 view=0
15:25:28.476 INF Handling PREPREPARE. nReq=0 senderID=1 sn=5
15:25:28.476 DBG Creating new Batch. nReq=0
15:25:28.477 DBG Sending PREPARE. senderID=0 sn=5 view=0
15:25:28.477 DBG Sending COMMIT. senderID=0 sn=5 view=0
15:25:28.477 INF Committed entry. latency=0 nReq=0 sn=5
15:25:28.477 DBG Starting timer. sn=9 view=0
15:25:28.479 INF Committed entry. latency=0 nReq=0 sn=6
15:25:28.480 DBG Starting timer. sn=10 view=0
15:25:28.615 INF Incoming connection for requests. addr=127.0.0.1:56896
15:25:29.456 DBG Batch ready. batchSize=4096
15:25:29.457 DBG Batch cut. left=0 nBuckets=16 nReq=47 next=0
15:25:29.457 INF Sending PREPREPARE. nReq=47 senderID=0 sn=8 view=0
15:25:29.459 DBG Waiting for batch. batchSize=4096
15:25:29.495 DBG Sending COMMIT. senderID=0 sn=8 view=0
15:25:29.498 INF Committed entry. latency=0 nReq=47 sn=8
15:25:29.498 DBG Starting timer. sn=12 view=0
15:25:29.499 INF Handling PREPREPARE. nReq=48 senderID=1 sn=9
15:25:29.499 DBG Creating new Batch. nReq=48
15:25:29.503 DBG Sending PREPARE. senderID=0 sn=9 view=0
15:25:29.515 DBG Sending COMMIT. senderID=0 sn=9 view=0
15:25:29.521 INF Committed entry. latency=0 nReq=48 sn=9
15:25:29.522 DBG Starting timer. sn=13 view=0
15:25:29.527 INF Handling PREPREPARE. nReq=48 senderID=2 sn=10
15:25:29.527 DBG Creating new Batch. nReq=48
15:25:29.543 DBG Sending PREPARE. senderID=0 sn=10 view=0
15:25:29.543 DBG Sending COMMIT. senderID=0 sn=10 view=0
15:25:29.544 INF Committed entry. latency=0 nReq=48 sn=10
15:25:29.544 DBG Starting timer. sn=14 view=0
15:25:30.460 DBG Batch ready. batchSize=4096
15:25:30.461 DBG Batch cut. left=0 nBuckets=16 nReq=64 next=0
15:25:30.461 INF Sending PREPREPARE. nReq=64 senderID=0 sn=12 view=0
15:25:30.465 DBG Waiting for batch. batchSize=4096
15:25:30.504 INF Handling PREPREPARE. nReq=64 senderID=1 sn=13
15:25:30.504 DBG Creating new Batch. nReq=64
15:25:30.512 INF Handling PREPREPARE. nReq=64 senderID=2 sn=14
15:25:30.512 DBG Creating new Batch. nReq=64
15:25:30.520 DBG Sending PREPARE. senderID=0 sn=13 view=0
15:25:30.523 DBG Sending PREPARE. senderID=0 sn=14 view=0
15:25:30.525 DBG Sending COMMIT. senderID=0 sn=13 view=0
15:25:30.528 DBG Sending COMMIT. senderID=0 sn=12 view=0
15:25:30.530 INF Committed entry. latency=0 nReq=64 sn=13
15:25:30.531 DBG Starting timer. sn=17 view=0
15:25:30.531 INF Committed entry. latency=0 nReq=64 sn=12
15:25:30.531 DBG Starting timer. sn=16 view=0
15:25:30.539 DBG Sending COMMIT. senderID=0 sn=14 view=0
15:25:30.543 INF Committed entry. latency=0 nReq=64 sn=14
15:25:30.543 DBG Starting timer. sn=18 view=0
15:25:31.468 DBG Batch ready. batchSize=4096
15:25:31.469 DBG Batch cut. left=0 nBuckets=16 nReq=65 next=0
15:25:31.469 INF Sending PREPREPARE. nReq=65 senderID=0 sn=16 view=0
15:25:31.470 DBG Waiting for batch. batchSize=4096
15:25:31.508 INF Handling PREPREPARE. nReq=65 senderID=1 sn=17
15:25:31.508 DBG Creating new Batch. nReq=65
15:25:31.513 DBG Sending COMMIT. senderID=0 sn=16 view=0
15:25:31.513 INF Committed entry. latency=0 nReq=65 sn=16
15:25:31.514 DBG Starting timer. sn=20 view=0
15:25:31.516 INF Handling PREPREPARE. nReq=65 senderID=2 sn=18
15:25:31.517 DBG Creating new Batch. nReq=65
15:25:31.533 DBG Sending PREPARE. senderID=0 sn=18 view=0
15:25:31.536 DBG Sending PREPARE. senderID=0 sn=17 view=0
15:25:31.537 DBG Sending COMMIT. senderID=0 sn=17 view=0
15:25:31.540 INF Committed entry. latency=0 nReq=65 sn=17
15:25:31.540 DBG Starting timer. sn=21 view=0
15:25:31.545 DBG Sending COMMIT. senderID=0 sn=18 view=0
15:25:31.546 INF Committed entry. latency=0 nReq=65 sn=18
15:25:31.546 DBG Starting timer. sn=22 view=0
15:25:32.471 DBG Batch ready. batchSize=4096
15:25:32.472 DBG Batch cut. left=0 nBuckets=16 nReq=64 next=0
15:25:32.472 INF Sending PREPREPARE. nReq=64 senderID=0 sn=20 view=0
15:25:32.475 DBG Waiting for batch. batchSize=4096
15:25:32.521 INF Handling PREPREPARE. nReq=62 senderID=2 sn=22
15:25:32.521 DBG Creating new Batch. nReq=62
15:25:32.527 DBG Sending COMMIT. senderID=0 sn=20 view=0
15:25:32.530 INF Committed entry. latency=0 nReq=64 sn=20
15:25:32.530 DBG Starting timer. sn=24 view=0
15:25:32.538 INF Handling PREPREPARE. nReq=63 senderID=1 sn=21
15:25:32.539 DBG Creating new Batch. nReq=63
15:25:32.540 DBG Sending PREPARE. senderID=0 sn=22 view=0
15:25:32.540 DBG Sending COMMIT. senderID=0 sn=22 view=0
15:25:32.541 INF Committed entry. latency=0 nReq=62 sn=22
15:25:32.542 DBG Starting timer. sn=26 view=0
15:25:32.545 DBG Sending PREPARE. senderID=0 sn=21 view=0
15:25:32.551 DBG Sending COMMIT. senderID=0 sn=21 view=0
15:25:32.557 INF Committed entry. latency=0 nReq=63 sn=21
15:25:32.557 DBG Starting timer. sn=25 view=0
15:25:32.607 INF Handling PREPREPARE. nReq=239 senderID=3 sn=3
15:25:32.607 DBG Creating new Batch. nReq=239
15:25:32.675 DBG Sending PREPARE. senderID=0 sn=3 view=0
15:25:32.677 DBG Sending COMMIT. senderID=0 sn=3 view=0
15:25:32.680 INF Committed entry. latency=0 nReq=239 sn=3
15:25:32.681 INF Delivered batch. nReq=239 sn=3
15:25:32.681 INF Delivered batch. nReq=0 sn=4
15:25:32.685 INF Delivered batch. nReq=0 sn=5
15:25:32.686 INF Delivered batch. nReq=0 sn=6
15:25:32.687 DBG Starting timer. sn=7 view=0
15:25:33.475 DBG Batch ready. batchSize=4096
15:25:33.476 DBG Batch cut. left=0 nBuckets=16 nReq=64 next=0
15:25:33.476 INF Sending PREPREPARE. nReq=64 senderID=0 sn=24 view=0
15:25:33.479 DBG Waiting for batch. batchSize=4096
15:25:33.513 INF Handling PREPREPARE. nReq=65 senderID=1 sn=25
15:25:33.514 DBG Creating new Batch. nReq=65
15:25:33.526 DBG Sending PREPARE. senderID=0 sn=25 view=0
15:25:33.527 DBG Sending COMMIT. senderID=0 sn=24 view=0
15:25:33.528 INF Committed entry. latency=0 nReq=64 sn=24
15:25:33.528 DBG Starting timer. sn=28 view=0
15:25:33.536 DBG Sending COMMIT. senderID=0 sn=25 view=0
15:25:33.540 INF Committed entry. latency=0 nReq=65 sn=25
15:25:33.540 DBG Starting timer. sn=29 view=0
15:25:33.563 INF Handling PREPREPARE. nReq=67 senderID=2 sn=26
15:25:33.563 DBG Creating new Batch. nReq=67
15:25:33.570 DBG Sending PREPARE. senderID=0 sn=26 view=0
15:25:33.579 DBG Sending COMMIT. senderID=0 sn=26 view=0
15:25:33.583 INF Committed entry. latency=0 nReq=67 sn=26
15:25:33.583 DBG Starting timer. sn=30 view=0
15:25:34.481 DBG Batch ready. batchSize=4096
15:25:34.482 DBG Batch cut. left=0 nBuckets=16 nReq=65 next=0
15:25:34.482 INF Sending PREPREPARE. nReq=65 senderID=0 sn=28 view=0
15:25:34.486 DBG Waiting for batch. batchSize=4096
15:25:34.520 INF Handling PREPREPARE. nReq=63 senderID=1 sn=29
15:25:34.520 DBG Creating new Batch. nReq=63
15:25:34.529 DBG Sending PREPARE. senderID=0 sn=29 view=0
15:25:34.530 DBG Sending COMMIT. senderID=0 sn=29 view=0
15:25:34.531 DBG Sending COMMIT. senderID=0 sn=28 view=0
15:25:34.534 INF Committed entry. latency=0 nReq=65 sn=28
15:25:34.534 DBG Starting timer. sn=32 view=0
15:25:34.535 INF Committed entry. latency=0 nReq=63 sn=29
15:25:34.535 DBG Starting timer. sn=33 view=0
15:25:34.539 INF Handling PREPREPARE. nReq=62 senderID=2 sn=30
15:25:34.540 DBG Creating new Batch. nReq=62
15:25:34.547 DBG Sending PREPARE. senderID=0 sn=30 view=0
15:25:34.548 DBG Sending COMMIT. senderID=0 sn=30 view=0
15:25:34.551 INF Committed entry. latency=0 nReq=62 sn=30
15:25:34.553 DBG Starting timer. sn=34 view=0
15:25:35.488 DBG Batch ready. batchSize=4096
15:25:35.489 DBG Batch cut. left=0 nBuckets=16 nReq=64 next=0
15:25:35.489 INF Sending PREPREPARE. nReq=64 senderID=0 sn=32 view=0
15:25:35.493 DBG Waiting for batch. batchSize=4096
15:25:35.519 DBG Sending COMMIT. senderID=0 sn=32 view=0
15:25:35.532 INF Committed entry. latency=0 nReq=64 sn=32
15:25:35.533 DBG Starting timer. sn=36 view=0
15:25:35.542 INF Handling PREPREPARE. nReq=66 senderID=2 sn=34
15:25:35.542 DBG Creating new Batch. nReq=66
15:25:35.560 INF Handling PREPREPARE. nReq=67 senderID=1 sn=33
15:25:35.560 DBG Creating new Batch. nReq=67
15:25:35.567 DBG Sending PREPARE. senderID=0 sn=33 view=0
15:25:35.567 DBG Sending PREPARE. senderID=0 sn=34 view=0
15:25:35.567 DBG Sending COMMIT. senderID=0 sn=34 view=0
15:25:35.576 INF Committed entry. latency=0 nReq=66 sn=34
15:25:35.576 DBG Starting timer. sn=38 view=0
15:25:35.597 DBG Sending COMMIT. senderID=0 sn=33 view=0
15:25:35.598 INF Committed entry. latency=0 nReq=67 sn=33
15:25:35.598 DBG Starting timer. sn=37 view=0
15:25:36.494 DBG Batch ready. batchSize=4096
15:25:36.494 DBG Batch cut. left=0 nBuckets=16 nReq=64 next=0
15:25:36.494 INF Sending PREPREPARE. nReq=64 senderID=0 sn=36 view=0
15:25:36.495 DBG Waiting for batch. batchSize=4096
15:25:36.522 DBG Sending COMMIT. senderID=0 sn=36 view=0
15:25:36.533 INF Committed entry. latency=0 nReq=64 sn=36
15:25:36.533 DBG Starting timer. sn=40 view=0
15:25:36.547 INF Handling PREPREPARE. nReq=64 senderID=1 sn=37
15:25:36.547 DBG Creating new Batch. nReq=64
15:25:36.572 DBG Sending PREPARE. senderID=0 sn=37 view=0
15:25:36.573 DBG Sending COMMIT. senderID=0 sn=37 view=0
15:25:36.577 INF Handling PREPREPARE. nReq=66 senderID=2 sn=38
15:25:36.577 DBG Creating new Batch. nReq=66
15:25:36.582 INF Committed entry. latency=0 nReq=64 sn=37
15:25:36.582 DBG Starting timer. sn=41 view=0
15:25:36.591 DBG Sending PREPARE. senderID=0 sn=38 view=0
15:25:36.591 DBG Sending COMMIT. senderID=0 sn=38 view=0
15:25:36.598 INF Committed entry. latency=0 nReq=66 sn=38
15:25:36.598 DBG Starting timer. sn=42 view=0
15:25:37.497 DBG Batch ready. batchSize=4096
15:25:37.497 DBG Batch cut. left=0 nBuckets=16 nReq=65 next=0
15:25:37.497 INF Sending PREPREPARE. nReq=65 senderID=0 sn=40 view=0
15:25:37.501 DBG Waiting for batch. batchSize=4096
15:25:37.545 INF Handling PREPREPARE. nReq=65 senderID=1 sn=41
15:25:37.546 DBG Creating new Batch. nReq=65
15:25:37.551 INF Handling PREPREPARE. nReq=64 senderID=2 sn=42
15:25:37.551 DBG Creating new Batch. nReq=64
15:25:37.560 DBG Sending PREPARE. senderID=0 sn=42 view=0
15:25:37.566 DBG Sending COMMIT. senderID=0 sn=40 view=0
15:25:37.572 INF Committed entry. latency=0 nReq=65 sn=40
15:25:37.572 DBG Starting timer. sn=44 view=0
15:25:37.575 DBG Sending PREPARE. senderID=0 sn=41 view=0
15:25:37.575 DBG Sending COMMIT. senderID=0 sn=42 view=0
15:25:37.579 INF Committed entry. latency=0 nReq=64 sn=42
15:25:37.579 DBG Starting timer. sn=46 view=0
15:25:37.585 DBG Sending COMMIT. senderID=0 sn=41 view=0
15:25:37.591 INF Committed entry. latency=0 nReq=65 sn=41
15:25:37.591 DBG Starting timer. sn=45 view=0
15:25:38.502 DBG Batch ready. batchSize=4096
15:25:38.503 DBG Batch cut. left=0 nBuckets=16 nReq=64 next=0
15:25:38.503 INF Sending PREPREPARE. nReq=64 senderID=0 sn=44 view=0
15:25:38.507 DBG Waiting for batch. batchSize=4096
15:25:38.530 DBG Sending COMMIT. senderID=0 sn=44 view=0
15:25:38.535 INF Committed entry. latency=0 nReq=64 sn=44
15:25:38.535 DBG Starting timer. sn=48 view=0
15:25:38.564 INF Handling PREPREPARE. nReq=64 senderID=2 sn=46
15:25:38.565 DBG Creating new Batch. nReq=64
15:25:38.569 INF Handling PREPREPARE. nReq=64 senderID=1 sn=45
15:25:38.569 DBG Creating new Batch. nReq=64
15:25:38.597 DBG Sending PREPARE. senderID=0 sn=46 view=0
15:25:38.600 DBG Sending COMMIT. senderID=0 sn=46 view=0
15:25:38.600 INF Committed entry. latency=0 nReq=64 sn=46
15:25:38.600 DBG Starting timer. sn=50 view=0
15:25:38.621 DBG Sending PREPARE. senderID=0 sn=45 view=0
15:25:38.621 DBG Sending COMMIT. senderID=0 sn=45 view=0
15:25:38.622 INF Committed entry. latency=0 nReq=64 sn=45
15:25:38.623 DBG Starting timer. sn=49 view=0
15:25:38.655 INF Handling PREPREPARE. nReq=385 senderID=3 sn=7
15:25:38.655 DBG Creating new Batch. nReq=385
15:25:38.743 DBG Sending PREPARE. senderID=0 sn=7 view=0
15:25:38.743 DBG Sending COMMIT. senderID=0 sn=7 view=0
15:25:38.746 INF Committed entry. latency=0 nReq=385 sn=7
15:25:38.747 INF Delivered batch. nReq=385 sn=7
15:25:38.747 INF Delivered batch. nReq=47 sn=8
15:25:38.747 INF Delivered batch. nReq=48 sn=9
15:25:38.747 INF Delivered batch. nReq=48 sn=10
15:25:38.747 DBG Starting timer. sn=11 view=0
15:25:39.508 DBG Batch ready. batchSize=4096
15:25:39.508 DBG Batch cut. left=0 nBuckets=16 nReq=64 next=0
15:25:39.509 INF Sending PREPREPARE. nReq=64 senderID=0 sn=48 view=0
15:25:39.511 DBG Waiting for batch. batchSize=4096
15:25:39.531 DBG Sending COMMIT. senderID=0 sn=48 view=0
15:25:39.533 INF Committed entry. latency=0 nReq=64 sn=48
15:25:39.533 DBG Starting timer. sn=52 view=0
15:25:39.552 INF Handling PREPREPARE. nReq=64 senderID=1 sn=49
15:25:39.552 DBG Creating new Batch. nReq=64
15:25:39.559 DBG Sending PREPARE. senderID=0 sn=49 view=0
15:25:39.563 DBG Sending COMMIT. senderID=0 sn=49 view=0
15:25:39.565 INF Committed entry. latency=0 nReq=64 sn=49
15:25:39.565 DBG Starting timer. sn=53 view=0
15:25:39.574 INF Handling PREPREPARE. nReq=65 senderID=2 sn=50
15:25:39.574 DBG Creating new Batch. nReq=65
15:25:39.581 DBG Sending PREPARE. senderID=0 sn=50 view=0
15:25:39.581 DBG Sending COMMIT. senderID=0 sn=50 view=0
15:25:39.586 INF Committed entry. latency=0 nReq=65 sn=50
15:25:39.586 DBG Starting timer. sn=54 view=0
15:25:40.512 DBG Batch ready. batchSize=4096
15:25:40.512 DBG Batch cut. left=0 nBuckets=16 nReq=65 next=0
15:25:40.513 INF Sending PREPREPARE. nReq=65 senderID=0 sn=52 view=0
15:25:40.516 DBG Waiting for batch. batchSize=4096
15:25:40.544 DBG Sending COMMIT. senderID=0 sn=52 view=0
15:25:40.546 INF Committed entry. latency=0 nReq=65 sn=52
15:25:40.547 DBG Starting timer. sn=56 view=0
15:25:40.555 INF Handling PREPREPARE. nReq=64 senderID=1 sn=53
15:25:40.555 DBG Creating new Batch. nReq=64
15:25:40.568 DBG Sending PREPARE. senderID=0 sn=53 view=0
15:25:40.569 DBG Sending COMMIT. senderID=0 sn=53 view=0
15:25:40.581 INF Committed entry. latency=0 nReq=64 sn=53
15:25:40.581 DBG Starting timer. sn=57 view=0
15:25:40.612 INF Handling PREPREPARE. nReq=64 senderID=2 sn=54
15:25:40.612 DBG Creating new Batch. nReq=64
15:25:40.620 DBG Sending PREPARE. senderID=0 sn=54 view=0
15:25:40.621 DBG Sending COMMIT. senderID=0 sn=54 view=0
15:25:40.624 INF Committed entry. latency=0 nReq=64 sn=54
15:25:40.624 DBG Starting timer. sn=58 view=0
15:25:41.517 DBG Batch ready. batchSize=4096
15:25:41.518 DBG Batch cut. left=0 nBuckets=16 nReq=64 next=0
15:25:41.518 INF Sending PREPREPARE. nReq=64 senderID=0 sn=56 view=0
15:25:41.522 DBG Waiting for batch. batchSize=4096
15:25:41.559 INF Handling PREPREPARE. nReq=64 senderID=1 sn=57
15:25:41.559 DBG Creating new Batch. nReq=64
15:25:41.563 DBG Sending COMMIT. senderID=0 sn=56 view=0
15:25:41.564 INF Committed entry. latency=0 nReq=64 sn=56
15:25:41.564 DBG Starting timer. sn=60 view=0
15:25:41.569 DBG Sending PREPARE. senderID=0 sn=57 view=0
15:25:41.574 DBG Sending COMMIT. senderID=0 sn=57 view=0
15:25:41.575 INF Committed entry. latency=0 nReq=64 sn=57
15:25:41.575 DBG Starting timer. sn=61 view=0
15:25:41.587 INF Handling PREPREPARE. nReq=64 senderID=2 sn=58
15:25:41.587 DBG Creating new Batch. nReq=64
15:25:41.598 DBG Sending PREPARE. senderID=0 sn=58 view=0
15:25:41.598 DBG Sending COMMIT. senderID=0 sn=58 view=0
15:25:41.602 INF Committed entry. latency=0 nReq=64 sn=58
15:25:41.602 DBG Starting timer. sn=62 view=0
15:25:42.525 DBG Batch ready. batchSize=4096
15:25:42.526 DBG Batch cut. left=0 nBuckets=16 nReq=64 next=0
15:25:42.526 INF Sending PREPREPARE. nReq=64 senderID=0 sn=60 view=0
15:25:42.530 DBG Waiting for batch. batchSize=4096
15:25:42.565 INF Handling PREPREPARE. nReq=65 senderID=1 sn=61
15:25:42.565 DBG Creating new Batch. nReq=65
15:25:42.572 DBG Sending PREPARE. senderID=0 sn=61 view=0
15:25:42.573 DBG Sending COMMIT. senderID=0 sn=60 view=0
15:25:42.578 INF Committed entry. latency=0 nReq=64 sn=60
15:25:42.578 DBG Starting timer. sn=64 view=0
15:25:42.593 INF Handling PREPREPARE. nReq=65 senderID=2 sn=62
15:25:42.593 DBG Creating new Batch. nReq=65
15:25:42.599 DBG Sending COMMIT. senderID=0 sn=61 view=0
15:25:42.619 INF Committed entry. latency=0 nReq=65 sn=61
15:25:42.619 DBG Starting timer. sn=65 view=0
15:25:42.620 DBG Sending PREPARE. senderID=0 sn=62 view=0
15:25:42.621 DBG Sending COMMIT. senderID=0 sn=62 view=0
15:25:42.621 INF Committed entry. latency=0 nReq=65 sn=62
15:25:42.621 DBG Starting timer. sn=66 view=0
15:25:43.531 DBG Batch ready. batchSize=4096
15:25:43.532 DBG Batch cut. left=0 nBuckets=16 nReq=65 next=0
15:25:43.532 INF Sending PREPREPARE. nReq=65 senderID=0 sn=64 view=0
15:25:43.535 DBG Waiting for batch. batchSize=4096
15:25:43.569 DBG Sending COMMIT. senderID=0 sn=64 view=0
15:25:43.572 INF Committed entry. latency=0 nReq=65 sn=64
15:25:43.572 DBG Starting timer. sn=68 view=0
15:25:43.584 INF Handling PREPREPARE. nReq=65 senderID=1 sn=65
15:25:43.585 DBG Creating new Batch. nReq=65
15:25:43.593 DBG Sending PREPARE. senderID=0 sn=65 view=0
15:25:43.606 DBG Sending COMMIT. senderID=0 sn=65 view=0
15:25:43.607 INF Handling PREPREPARE. nReq=63 senderID=2 sn=66
15:25:43.607 DBG Creating new Batch. nReq=63
15:25:43.614 INF Committed entry. latency=0 nReq=65 sn=65
15:25:43.615 DBG Starting timer. sn=69 view=0
15:25:43.638 DBG Sending PREPARE. senderID=0 sn=66 view=0
15:25:43.638 DBG Sending COMMIT. senderID=0 sn=66 view=0
15:25:43.639 INF Committed entry. latency=0 nReq=63 sn=66
15:25:43.639 DBG Starting timer. sn=70 view=0
15:25:44.535 DBG Batch ready. batchSize=4096
15:25:44.536 DBG Batch cut. left=0 nBuckets=16 nReq=64 next=0
15:25:44.536 INF Sending PREPREPARE. nReq=64 senderID=0 sn=68 view=0
15:25:44.539 DBG Waiting for batch. batchSize=4096
15:25:44.564 DBG Sending COMMIT. senderID=0 sn=68 view=0
15:25:44.566 INF Committed entry. latency=0 nReq=64 sn=68
15:25:44.566 DBG Starting timer. sn=72 view=0
15:25:44.573 INF Handling PREPREPARE. nReq=384 senderID=3 sn=11
15:25:44.573 DBG Creating new Batch. nReq=384
15:25:44.592 INF Handling PREPREPARE. nReq=64 senderID=1 sn=69
15:25:44.592 DBG Creating new Batch. nReq=64
15:25:44.601 INF Handling PREPREPARE. nReq=65 senderID=2 sn=70
15:25:44.601 DBG Creating new Batch. nReq=65
15:25:44.640 DBG Sending PREPARE. senderID=0 sn=70 view=0
15:25:44.640 DBG Sending COMMIT. senderID=0 sn=70 view=0
15:25:44.640 DBG Sending PREPARE. senderID=0 sn=69 view=0
15:25:44.641 DBG Sending COMMIT. senderID=0 sn=69 view=0
15:25:44.641 INF Committed entry. latency=0 nReq=64 sn=69
15:25:44.641 DBG Starting timer. sn=73 view=0
15:25:44.645 INF Committed entry. latency=0 nReq=65 sn=70
15:25:44.645 DBG Starting timer. sn=74 view=0
15:25:44.712 DBG Sending PREPARE. senderID=0 sn=11 view=0
15:25:44.712 DBG Sending COMMIT. senderID=0 sn=11 view=0
15:25:44.713 INF Committed entry. latency=0 nReq=384 sn=11
15:25:44.713 INF Delivered batch. nReq=384 sn=11
15:25:44.713 INF Delivered batch. nReq=64 sn=12
15:25:44.713 INF Delivered batch. nReq=64 sn=13
15:25:44.714 INF Delivered batch. nReq=64 sn=14
15:25:44.714 DBG Starting timer. sn=15 view=0
15:25:45.540 DBG Batch ready. batchSize=4096
15:25:45.541 DBG Batch cut. left=0 nBuckets=16 nReq=64 next=0
15:25:45.541 INF Sending PREPREPARE. nReq=64 senderID=0 sn=72 view=0
15:25:45.543 DBG Waiting for batch. batchSize=4096
15:25:45.571 DBG Sending COMMIT. senderID=0 sn=72 view=0
15:25:45.573 INF Committed entry. latency=0 nReq=64 sn=72
15:25:45.573 DBG Starting timer. sn=76 view=0
15:25:45.582 INF Handling PREPREPARE. nReq=64 senderID=1 sn=73
15:25:45.582 DBG Creating new Batch. nReq=64
15:25:45.591 DBG Sending PREPARE. senderID=0 sn=73 view=0
15:25:45.591 INF Handling PREPREPARE. nReq=64 senderID=2 sn=74
15:25:45.592 DBG Creating new Batch. nReq=64
15:25:45.592 DBG Sending COMMIT. senderID=0 sn=73 view=0
15:25:45.602 INF Committed entry. latency=0 nReq=64 sn=73
15:25:45.602 DBG Starting timer. sn=77 view=0
15:25:45.606 DBG Sending PREPARE. senderID=0 sn=74 view=0
15:25:45.606 DBG Sending COMMIT. senderID=0 sn=74 view=0
15:25:45.608 INF Committed entry. latency=0 nReq=64 sn=74
15:25:45.609 DBG Starting timer. sn=78 view=0
15:25:46.546 DBG Batch ready. batchSize=4096
15:25:46.546 DBG Batch cut. left=0 nBuckets=16 nReq=65 next=0
15:25:46.547 INF Sending PREPREPARE. nReq=65 senderID=0 sn=76 view=0
15:25:46.551 DBG Waiting for batch. batchSize=4096
15:25:46.574 DBG Sending COMMIT. senderID=0 sn=76 view=0
15:25:46.576 INF Committed entry. latency=0 nReq=65 sn=76
15:25:46.576 DBG Starting timer. sn=80 view=0
15:25:46.591 INF Handling PREPREPARE. nReq=64 senderID=1 sn=77
15:25:46.592 DBG Creating new Batch. nReq=64
15:25:46.600 DBG Sending PREPARE. senderID=0 sn=77 view=0
15:25:46.603 INF Handling PREPREPARE. nReq=64 senderID=2 sn=78
15:25:46.603 DBG Creating new Batch. nReq=64
15:25:46.608 DBG Sending COMMIT. senderID=0 sn=77 view=0
15:25:46.612 INF Committed entry. latency=0 nReq=64 sn=77
15:25:46.612 DBG Starting timer. sn=81 view=0
15:25:46.620 DBG Sending PREPARE. senderID=0 sn=78 view=0
15:25:46.620 DBG Sending COMMIT. senderID=0 sn=78 view=0
15:25:46.625 INF Committed entry. latency=0 nReq=64 sn=78
15:25:46.625 DBG Starting timer. sn=82 view=0
15:25:47.552 DBG Batch ready. batchSize=4096
15:25:47.552 DBG Batch cut. left=0 nBuckets=16 nReq=64 next=0
15:25:47.552 INF Sending PREPREPARE. nReq=64 senderID=0 sn=80 view=0
15:25:47.554 DBG Waiting for batch. batchSize=4096
15:25:47.577 DBG Sending COMMIT. senderID=0 sn=80 view=0
15:25:47.584 INF Committed entry. latency=0 nReq=64 sn=80
15:25:47.584 DBG Starting timer. sn=84 view=0
15:25:47.597 INF Handling PREPREPARE. nReq=65 senderID=1 sn=81
15:25:47.597 DBG Creating new Batch. nReq=65
15:25:47.608 DBG Sending PREPARE. senderID=0 sn=81 view=0
15:25:47.608 DBG Sending COMMIT. senderID=0 sn=81 view=0
15:25:47.615 INF Committed entry. latency=0 nReq=65 sn=81
15:25:47.615 DBG Starting timer. sn=85 view=0
15:25:47.618 INF Handling PREPREPARE. nReq=65 senderID=2 sn=82
15:25:47.618 DBG Creating new Batch. nReq=65
15:25:47.636 DBG Sending PREPARE. senderID=0 sn=82 view=0
15:25:47.636 DBG Sending COMMIT. senderID=0 sn=82 view=0
15:25:47.637 INF Committed entry. latency=0 nReq=65 sn=82
15:25:47.637 DBG Starting timer. sn=86 view=0
15:25:48.555 DBG Batch ready. batchSize=4096
15:25:48.556 DBG Batch cut. left=0 nBuckets=16 nReq=64 next=0
15:25:48.556 INF Sending PREPREPARE. nReq=64 senderID=0 sn=84 view=0
15:25:48.559 DBG Waiting for batch. batchSize=4096
15:25:48.602 INF Handling PREPREPARE. nReq=64 senderID=1 sn=85
15:25:48.602 DBG Creating new Batch. nReq=64
15:25:48.611 DBG Sending PREPARE. senderID=0 sn=85 view=0
15:25:48.624 DBG Sending COMMIT. senderID=0 sn=85 view=0
15:25:48.630 DBG Sending COMMIT. senderID=0 sn=84 view=0
15:25:48.631 INF Committed entry. latency=0 nReq=64 sn=85
15:25:48.631 DBG Starting timer. sn=89 view=0
15:25:48.635 INF Committed entry. latency=0 nReq=64 sn=84
15:25:48.635 DBG Starting timer. sn=88 view=0
15:25:48.639 INF Handling PREPREPARE. nReq=64 senderID=2 sn=86
15:25:48.639 DBG Creating new Batch. nReq=64
15:25:48.648 DBG Sending PREPARE. senderID=0 sn=86 view=0
15:25:48.648 DBG Sending COMMIT. senderID=0 sn=86 view=0
15:25:48.648 INF Committed entry. latency=0 nReq=64 sn=86
15:25:48.650 DBG Starting timer. sn=90 view=0
15:25:49.560 DBG Batch ready. batchSize=4096
15:25:49.561 DBG Batch cut. left=0 nBuckets=16 nReq=65 next=0
15:25:49.561 INF Sending PREPREPARE. nReq=65 senderID=0 sn=88 view=0
15:25:49.563 DBG Waiting for batch. batchSize=4096
15:25:49.602 INF Handling PREPREPARE. nReq=64 senderID=1 sn=89
15:25:49.602 DBG Creating new Batch. nReq=64
15:25:49.608 DBG Sending PREPARE. senderID=0 sn=89 view=0
15:25:49.610 DBG Sending COMMIT. senderID=0 sn=88 view=0
15:25:49.610 INF Committed entry. latency=0 nReq=65 sn=88
15:25:49.610 DBG Starting timer. sn=92 view=0
15:25:49.615 DBG Sending COMMIT. senderID=0 sn=89 view=0
15:25:49.616 INF Committed entry. latency=0 nReq=64 sn=89
15:25:49.616 DBG Starting timer. sn=93 view=0
15:25:49.631 INF Handling PREPREPARE. nReq=64 senderID=2 sn=90
15:25:49.631 DBG Creating new Batch. nReq=64
15:25:49.650 DBG Sending PREPARE. senderID=0 sn=90 view=0
15:25:49.657 DBG Sending COMMIT. senderID=0 sn=90 view=0
15:25:49.658 INF Committed entry. latency=0 nReq=64 sn=90
15:25:49.658 DBG Starting timer. sn=94 view=0
15:25:50.564 DBG Batch ready. batchSize=4096
15:25:50.564 DBG Batch cut. left=0 nBuckets=16 nReq=63 next=0
15:25:50.565 INF Sending PREPREPARE. nReq=63 senderID=0 sn=92 view=0
15:25:50.567 DBG Waiting for batch. batchSize=4096
15:25:50.572 INF Handling PREPREPARE. nReq=385 senderID=3 sn=15
15:25:50.572 DBG Creating new Batch. nReq=385
15:25:50.594 DBG Sending COMMIT. senderID=0 sn=92 view=0
15:25:50.596 INF Committed entry. latency=0 nReq=63 sn=92
15:25:50.596 DBG Starting timer. sn=96 view=0
15:25:50.605 INF Handling PREPREPARE. nReq=62 senderID=1 sn=93
15:25:50.605 DBG Creating new Batch. nReq=62
15:25:50.620 INF Handling PREPREPARE. nReq=62 senderID=2 sn=94
15:25:50.620 DBG Creating new Batch. nReq=62
15:25:50.622 DBG Sending PREPARE. senderID=0 sn=93 view=0
15:25:50.628 DBG Sending PREPARE. senderID=0 sn=94 view=0
15:25:50.628 DBG Sending COMMIT. senderID=0 sn=94 view=0
15:25:50.636 INF Committed entry. latency=0 nReq=62 sn=94
15:25:50.636 DBG Starting timer. sn=98 view=0
15:25:50.636 DBG Sending COMMIT. senderID=0 sn=93 view=0
15:25:50.641 INF Committed entry. latency=0 nReq=62 sn=93
15:25:50.641 DBG Starting timer. sn=97 view=0
15:25:50.686 DBG Sending PREPARE. senderID=0 sn=15 view=0
15:25:50.719 DBG Sending COMMIT. senderID=0 sn=15 view=0
15:25:50.728 INF Committed entry. latency=0 nReq=385 sn=15
15:25:50.729 INF Delivered batch. nReq=385 sn=15
15:25:50.729 INF Delivered batch. nReq=65 sn=16
15:25:50.729 INF Delivered batch. nReq=65 sn=17
15:25:50.729 INF Delivered batch. nReq=65 sn=18
15:25:50.729 DBG Starting timer. sn=19 view=0
15:25:51.568 DBG Batch ready. batchSize=4096
15:25:51.569 DBG Batch cut. left=0 nBuckets=16 nReq=65 next=0
15:25:51.569 INF Sending PREPREPARE. nReq=65 senderID=0 sn=96 view=0
15:25:51.574 DBG Waiting for batch. batchSize=4096
15:25:51.609 INF Handling PREPREPARE. nReq=65 senderID=1 sn=97
15:25:51.609 DBG Creating new Batch. nReq=65
15:25:51.612 DBG Sending COMMIT. senderID=0 sn=96 view=0
15:25:51.615 INF Committed entry. latency=0 nReq=65 sn=96
15:25:51.615 DBG Starting timer. sn=100 view=0
15:25:51.624 INF Handling PREPREPARE. nReq=65 senderID=2 sn=98
15:25:51.624 DBG Creating new Batch. nReq=65
15:25:51.630 DBG Sending PREPARE. senderID=0 sn=97 view=0
15:25:51.630 DBG Sending COMMIT. senderID=0 sn=97 view=0
15:25:51.633 INF Committed entry. latency=0 nReq=65 sn=97
15:25:51.633 DBG Starting timer. sn=101 view=0
15:25:51.638 DBG Sending PREPARE. senderID=0 sn=98 view=0
15:25:51.638 DBG Sending COMMIT. senderID=0 sn=98 view=0
15:25:51.644 INF Committed entry. latency=0 nReq=65 sn=98
15:25:51.645 DBG Starting timer. sn=102 view=0
15:25:52.576 DBG Batch ready. batchSize=4096
15:25:52.577 DBG Batch cut. left=0 nBuckets=16 nReq=65 next=0
15:25:52.577 INF Sending PREPREPARE. nReq=65 senderID=0 sn=100 view=0
15:25:52.579 DBG Waiting for batch. batchSize=4096
15:25:52.623 INF Handling PREPREPARE. nReq=66 senderID=1 sn=101
15:25:52.624 DBG Creating new Batch. nReq=66
15:25:52.629 INF Handling PREPREPARE. nReq=66 senderID=2 sn=102
15:25:52.629 DBG Creating new Batch. nReq=66
15:25:52.637 DBG Sending PREPARE. senderID=0 sn=102 view=0
15:25:52.655 DBG Sending PREPARE. senderID=0 sn=101 view=0
15:25:52.655 DBG Sending COMMIT. senderID=0 sn=101 view=0
15:25:52.656 INF Committed entry. latency=0 nReq=66 sn=101
15:25:52.656 DBG Starting timer. sn=105 view=0
15:25:52.655 DBG Sending COMMIT. senderID=0 sn=100 view=0
15:25:52.674 INF Committed entry. latency=0 nReq=65 sn=100
15:25:52.674 DBG Sending COMMIT. senderID=0 sn=102 view=0
15:25:52.674 DBG Starting timer. sn=104 view=0
15:25:52.675 INF Committed entry. latency=0 nReq=66 sn=102
15:25:52.675 DBG Starting timer. sn=106 view=0
15:25:53.579 DBG Batch ready. batchSize=4096
15:25:53.580 DBG Batch cut. left=0 nBuckets=16 nReq=64 next=0
15:25:53.580 INF Sending PREPREPARE. nReq=64 senderID=0 sn=104 view=0
15:25:53.583 DBG Waiting for batch. batchSize=4096
15:25:53.620 INF Handling PREPREPARE. nReq=65 senderID=1 sn=105
15:25:53.620 DBG Creating new Batch. nReq=65
15:25:53.624 INF Handling PREPREPARE. nReq=64 senderID=2 sn=106
15:25:53.624 DBG Creating new Batch. nReq=64
15:25:53.631 DBG Sending PREPARE. senderID=0 sn=106 view=0
15:25:53.638 DBG Sending COMMIT. senderID=0 sn=104 view=0
15:25:53.638 INF Committed entry. latency=0 nReq=64 sn=104
15:25:53.638 DBG Starting timer. sn=108 view=0
15:25:53.662 DBG Sending COMMIT. senderID=0 sn=106 view=0
15:25:53.663 DBG Sending PREPARE. senderID=0 sn=105 view=0
15:25:53.663 DBG Sending COMMIT. senderID=0 sn=105 view=0
15:25:53.664 INF Committed entry. latency=0 nReq=65 sn=105
15:25:53.664 DBG Starting timer. sn=109 view=0
15:25:53.666 INF Committed entry. latency=0 nReq=64 sn=106
15:25:53.667 DBG Starting timer. sn=110 view=0
15:25:54.584 DBG Batch ready. batchSize=4096
15:25:54.584 DBG Batch cut. left=0 nBuckets=16 nReq=64 next=0
15:25:54.585 INF Sending PREPREPARE. nReq=64 senderID=0 sn=108 view=0
15:25:54.585 DBG Waiting for batch. batchSize=4096
15:25:54.614 DBG Sending COMMIT. senderID=0 sn=108 view=0
15:25:54.630 INF Handling PREPREPARE. nReq=64 senderID=2 sn=110
15:25:54.630 DBG Creating new Batch. nReq=64
15:25:54.634 INF Committed entry. latency=0 nReq=64 sn=108
15:25:54.634 DBG Starting timer. sn=112 view=0
15:25:54.641 DBG Sending PREPARE. senderID=0 sn=110 view=0
15:25:54.642 DBG Sending COMMIT. senderID=0 sn=110 view=0
15:25:54.651 INF Handling PREPREPARE. nReq=63 senderID=1 sn=109
15:25:54.651 DBG Creating new Batch. nReq=63
15:25:54.652 INF Committed entry. latency=0 nReq=64 sn=110
15:25:54.652 DBG Starting timer. sn=114 view=0
15:25:54.665 DBG Sending PREPARE. senderID=0 sn=109 view=0
15:25:54.668 DBG Sending COMMIT. senderID=0 sn=109 view=0
15:25:54.669 INF Committed entry. latency=0 nReq=63 sn=109
15:25:54.669 DBG Starting timer. sn=113 view=0
15:25:55.585 DBG Batch ready. batchSize=4096
15:25:55.586 DBG Batch cut. left=0 nBuckets=16 nReq=64 next=0
15:25:55.586 INF Sending PREPREPARE. nReq=64 senderID=0 sn=112 view=0
15:25:55.587 DBG Waiting for batch. batchSize=4096
15:25:55.615 DBG Sending COMMIT. senderID=0 sn=112 view=0
15:25:55.616 INF Committed entry. latency=0 nReq=64 sn=112
15:25:55.616 DBG Starting timer. sn=116 view=0
15:25:55.626 INF Handling PREPREPARE. nReq=65 senderID=1 sn=113
15:25:55.627 DBG Creating new Batch. nReq=65
15:25:55.633 DBG Sending PREPARE. senderID=0 sn=113 view=0
15:25:55.644 DBG Sending COMMIT. senderID=0 sn=113 view=0
15:25:55.646 INF Committed entry. latency=0 nReq=65 sn=113
15:25:55.646 DBG Starting timer. sn=117 view=0
15:25:55.662 INF Handling PREPREPARE. nReq=66 senderID=2 sn=114
15:25:55.662 DBG Creating new Batch. nReq=66
15:25:55.671 DBG Sending PREPARE. senderID=0 sn=114 view=0
15:25:55.671 DBG Sending COMMIT. senderID=0 sn=114 view=0
15:25:55.673 INF Committed entry. latency=0 nReq=66 sn=114
15:25:55.673 DBG Starting timer. sn=118 view=0
15:25:56.588 DBG Batch ready. batchSize=4096
15:25:56.589 DBG Batch cut. left=0 nBuckets=16 nReq=64 next=0
15:25:56.589 INF Sending PREPREPARE. nReq=64 senderID=0 sn=116 view=0
15:25:56.591 DBG Waiting for batch. batchSize=4096
15:25:56.633 INF Handling PREPREPARE. nReq=63 senderID=1 sn=117
15:25:56.633 DBG Creating new Batch. nReq=63
15:25:56.639 DBG Sending COMMIT. senderID=0 sn=116 view=0
15:25:56.642 DBG Sending PREPARE. senderID=0 sn=117 view=0
15:25:56.647 INF Committed entry. latency=0 nReq=64 sn=116
15:25:56.648 DBG Starting timer. sn=120 view=0
15:25:56.650 DBG Sending COMMIT. senderID=0 sn=117 view=0
15:25:56.654 INF Committed entry. latency=0 nReq=63 sn=117
15:25:56.654 INF Handling PREPREPARE. nReq=63 senderID=2 sn=118
15:25:56.654 DBG Starting timer. sn=121 view=0
15:25:56.654 INF Handling PREPREPARE. nReq=385 senderID=3 sn=19
15:25:56.654 DBG Creating new Batch. nReq=63
15:25:56.654 DBG Creating new Batch. nReq=385
15:25:56.661 DBG Sending PREPARE. senderID=0 sn=118 view=0
15:25:56.663 DBG Sending COMMIT. senderID=0 sn=118 view=0
15:25:56.665 INF Committed entry. latency=0 nReq=63 sn=118
15:25:56.665 DBG Starting timer. sn=122 view=0
15:25:56.752 DBG Sending PREPARE. senderID=0 sn=19 view=0
15:25:56.752 DBG Sending COMMIT. senderID=0 sn=19 view=0
15:25:56.754 INF Committed entry. latency=0 nReq=385 sn=19
15:25:56.754 INF Delivered batch. nReq=385 sn=19
15:25:56.754 INF Delivered batch. nReq=64 sn=20
15:25:56.755 INF Delivered batch. nReq=63 sn=21
15:25:56.755 INF Delivered batch. nReq=62 sn=22
15:25:56.755 DBG Starting timer. sn=23 view=0
15:25:57.592 DBG Batch ready. batchSize=4096
15:25:57.592 DBG Batch cut. left=0 nBuckets=16 nReq=65 next=0
15:25:57.592 INF Sending PREPREPARE. nReq=65 senderID=0 sn=120 view=0
15:25:57.595 DBG Waiting for batch. batchSize=4096
15:25:57.621 DBG Sending COMMIT. senderID=0 sn=120 view=0
15:25:57.623 INF Committed entry. latency=0 nReq=65 sn=120
15:25:57.624 DBG Starting timer. sn=124 view=0
15:25:57.651 INF Handling PREPREPARE. nReq=66 senderID=1 sn=121
15:25:57.651 DBG Creating new Batch. nReq=66
15:25:57.658 DBG Sending PREPARE. senderID=0 sn=121 view=0
15:25:57.668 INF Handling PREPREPARE. nReq=66 senderID=2 sn=122
15:25:57.668 DBG Creating new Batch. nReq=66
15:25:57.675 DBG Sending PREPARE. senderID=0 sn=122 view=0
15:25:57.683 DBG Sending COMMIT. senderID=0 sn=121 view=0
15:25:57.688 INF Committed entry. latency=0 nReq=66 sn=121
15:25:57.688 DBG Starting timer. sn=125 view=0
15:25:57.689 DBG Sending COMMIT. senderID=0 sn=122 view=0
15:25:57.694 INF Committed entry. latency=0 nReq=66 sn=122
15:25:57.694 DBG Starting timer. sn=126 view=0
15:25:58.596 DBG Batch ready. batchSize=4096
15:25:58.597 DBG Batch cut. left=0 nBuckets=16 nReq=64 next=0
15:25:58.597 INF Sending PREPREPARE. nReq=64 senderID=0 sn=124 view=0
15:25:58.600 DBG Waiting for batch. batchSize=4096
15:25:58.639 DBG Sending COMMIT. senderID=0 sn=124 view=0
15:25:58.639 INF Committed entry. latency=0 nReq=64 sn=124
15:25:58.639 DBG Starting timer. sn=128 view=0
15:25:58.672 INF Handling PREPREPARE. nReq=63 senderID=2 sn=126
15:25:58.672 DBG Creating new Batch. nReq=63
15:25:58.678 INF Handling PREPREPARE. nReq=65 senderID=1 sn=125
15:25:58.678 DBG Creating new Batch. nReq=65
15:25:58.700 DBG Sending PREPARE. senderID=0 sn=125 view=0
15:25:58.700 DBG Sending COMMIT. senderID=0 sn=125 view=0
15:25:58.701 INF Committed entry. latency=0 nReq=65 sn=125
15:25:58.701 DBG Starting timer. sn=129 view=0
15:25:58.702 DBG Sending PREPARE. senderID=0 sn=126 view=0
15:25:58.702 DBG Sending COMMIT. senderID=0 sn=126 view=0
15:25:58.703 INF Committed entry. latency=0 nReq=63 sn=126
15:25:58.703 DBG Starting timer. sn=130 view=0
15:25:59.601 DBG Batch ready. batchSize=4096
15:25:59.602 DBG Batch cut. left=0 nBuckets=16 nReq=9 next=0
15:25:59.602 INF Sending PREPREPARE. nReq=9 senderID=0 sn=128 view=0
15:25:59.603 DBG Waiting for batch. batchSize=4096
15:25:59.608 DBG Sending COMMIT. senderID=0 sn=128 view=0
15:25:59.609 INF Committed entry. latency=0 nReq=9 sn=128
15:25:59.610 DBG Starting timer. sn=132 view=0
15:25:59.664 INF Handling PREPREPARE. nReq=6 senderID=2 sn=130
15:25:59.664 DBG Creating new Batch. nReq=6
15:25:59.665 DBG Sending PREPARE. senderID=0 sn=130 view=0
15:25:59.669 DBG Sending COMMIT. senderID=0 sn=130 view=0
15:25:59.674 INF Committed entry. latency=0 nReq=6 sn=130
15:25:59.674 DBG Starting timer. sn=134 view=0
15:25:59.675 INF Handling PREPREPARE. nReq=5 senderID=1 sn=129
15:25:59.675 DBG Creating new Batch. nReq=5
15:25:59.677 DBG Sending PREPARE. senderID=0 sn=129 view=0
15:25:59.679 DBG Sending COMMIT. senderID=0 sn=129 view=0
15:25:59.682 INF Committed entry. latency=0 nReq=5 sn=129
15:25:59.682 DBG Starting timer. sn=133 view=0
15:26:00.603 DBG Batch ready. batchSize=4096
15:26:00.604 DBG Batch cut. left=0 nBuckets=16 nReq=0 next=0
15:26:00.604 INF Sending PREPREPARE. nReq=0 senderID=0 sn=132 view=0
15:26:00.604 DBG Waiting for batch. batchSize=4096
15:26:00.607 DBG Sending COMMIT. senderID=0 sn=132 view=0
15:26:00.609 INF Committed entry. latency=0 nReq=0 sn=132
15:26:00.609 DBG Starting timer. sn=136 view=0
15:26:00.665 INF Handling PREPREPARE. nReq=0 senderID=2 sn=134
15:26:00.666 DBG Creating new Batch. nReq=0
15:26:00.666 DBG Sending PREPARE. senderID=0 sn=134 view=0
15:26:00.668 DBG Sending COMMIT. senderID=0 sn=134 view=0
15:26:00.668 INF Committed entry. latency=0 nReq=0 sn=134
15:26:00.669 DBG Starting timer. sn=138 view=0
15:26:00.677 INF Handling PREPREPARE. nReq=0 senderID=1 sn=133
15:26:00.677 DBG Creating new Batch. nReq=0
15:26:00.678 DBG Sending PREPARE. senderID=0 sn=133 view=0
15:26:00.679 DBG Sending COMMIT. senderID=0 sn=133 view=0
15:26:00.681 INF Committed entry. latency=0 nReq=0 sn=133
15:26:00.681 DBG Starting timer. sn=137 view=0
15:26:01.607 DBG Batch ready. batchSize=4096
15:26:01.607 DBG Batch cut. left=0 nBuckets=16 nReq=0 next=0
15:26:01.608 INF Sending PREPREPARE. nReq=0 senderID=0 sn=136 view=0
15:26:01.608 DBG Waiting for batch. batchSize=4096
15:26:01.612 DBG Sending COMMIT. senderID=0 sn=136 view=0
15:26:01.614 INF Committed entry. latency=0 nReq=0 sn=136
15:26:01.614 DBG Starting timer. sn=140 view=0
15:26:01.668 INF Handling PREPREPARE. nReq=0 senderID=2 sn=138
15:26:01.668 DBG Creating new Batch. nReq=0
15:26:01.668 DBG Sending PREPARE. senderID=0 sn=138 view=0
15:26:01.676 DBG Sending COMMIT. senderID=0 sn=138 view=0
15:26:01.676 INF Committed entry. latency=0 nReq=0 sn=138
15:26:01.676 DBG Starting timer. sn=142 view=0
15:26:01.678 INF Handling PREPREPARE. nReq=0 senderID=1 sn=137
15:26:01.678 DBG Creating new Batch. nReq=0
15:26:01.679 DBG Sending PREPARE. senderID=0 sn=137 view=0
15:26:01.681 DBG Sending COMMIT. senderID=0 sn=137 view=0
15:26:01.684 INF Committed entry. latency=0 nReq=0 sn=137
15:26:01.684 DBG Starting timer. sn=141 view=0
15:26:02.544 INF Handling PREPREPARE. nReq=142 senderID=3 sn=23
15:26:02.545 DBG Creating new Batch. nReq=142
15:26:02.572 DBG Sending PREPARE. senderID=0 sn=23 view=0
15:26:02.575 DBG Sending COMMIT. senderID=0 sn=23 view=0
15:26:02.577 INF Committed entry. latency=0 nReq=142 sn=23
15:26:02.577 INF Delivered batch. nReq=142 sn=23
15:26:02.578 INF Delivered batch. nReq=64 sn=24
15:26:02.578 INF Delivered batch. nReq=65 sn=25
15:26:02.578 INF Delivered batch. nReq=67 sn=26
15:26:02.578 DBG Starting timer. sn=27 view=0
15:26:02.615 DBG Batch ready. batchSize=4096
15:26:02.615 DBG Batch cut. left=0 nBuckets=16 nReq=0 next=0
15:26:02.615 INF Sending PREPREPARE. nReq=0 senderID=0 sn=140 view=0
15:26:02.615 DBG Waiting for batch. batchSize=4096
15:26:02.618 DBG Sending COMMIT. senderID=0 sn=140 view=0
15:26:02.620 INF Committed entry. latency=0 nReq=0 sn=140
15:26:02.620 DBG Starting timer. sn=144 view=0
15:26:02.669 INF Handling PREPREPARE. nReq=0 senderID=2 sn=142
15:26:02.670 DBG Creating new Batch. nReq=0
15:26:02.670 DBG Sending PREPARE. senderID=0 sn=142 view=0
15:26:02.671 DBG Sending COMMIT. senderID=0 sn=142 view=0
15:26:02.674 INF Committed entry. latency=0 nReq=0 sn=142
15:26:02.674 DBG Starting timer. sn=146 view=0
15:26:02.681 INF Handling PREPREPARE. nReq=0 senderID=1 sn=141
15:26:02.681 DBG Creating new Batch. nReq=0
15:26:02.681 DBG Sending PREPARE. senderID=0 sn=141 view=0
15:26:02.682 DBG Sending COMMIT. senderID=0 sn=141 view=0
15:26:02.695 INF Committed entry. latency=0 nReq=0 sn=141
15:26:02.695 DBG Starting timer. sn=145 view=0
15:26:03.616 DBG Batch ready. batchSize=4096
15:26:03.617 DBG Batch cut. left=0 nBuckets=16 nReq=0 next=0
15:26:03.617 INF Sending PREPREPARE. nReq=0 senderID=0 sn=144 view=0
15:26:03.618 DBG Waiting for batch. batchSize=4096
15:26:03.624 DBG Sending COMMIT. senderID=0 sn=144 view=0
15:26:03.624 INF Committed entry. latency=0 nReq=0 sn=144
15:26:03.624 DBG Starting timer. sn=148 view=0
15:26:03.672 INF Handling PREPREPARE. nReq=0 senderID=2 sn=146
15:26:03.672 DBG Creating new Batch. nReq=0
15:26:03.672 DBG Sending PREPARE. senderID=0 sn=146 view=0
15:26:03.673 DBG Sending COMMIT. senderID=0 sn=146 view=0
15:26:03.675 INF Committed entry. latency=0 nReq=0 sn=146
15:26:03.675 DBG Starting timer. sn=150 view=0
15:26:03.681 INF Handling PREPREPARE. nReq=0 senderID=1 sn=145
15:26:03.681 DBG Creating new Batch. nReq=0
15:26:03.681 DBG Sending PREPARE. senderID=0 sn=145 view=0
15:26:03.683 DBG Sending COMMIT. senderID=0 sn=145 view=0
15:26:03.685 INF Committed entry. latency=0 nReq=0 sn=145
15:26:03.685 DBG Starting timer. sn=149 view=0
15:26:04.618 DBG Batch ready. batchSize=4096
15:26:04.618 DBG Batch cut. left=0 nBuckets=16 nReq=0 next=0
15:26:04.619 INF Sending PREPREPARE. nReq=0 senderID=0 sn=148 view=0
15:26:04.619 DBG Waiting for batch. batchSize=4096
15:26:04.624 DBG Sending COMMIT. senderID=0 sn=148 view=0
15:26:04.626 INF Committed entry. latency=0 nReq=0 sn=148
15:26:04.627 DBG Starting timer. sn=152 view=0
15:26:04.674 INF Handling PREPREPARE. nReq=0 senderID=2 sn=150
15:26:04.674 DBG Creating new Batch. nReq=0
15:26:04.674 DBG Sending PREPARE. senderID=0 sn=150 view=0
15:26:04.676 DBG Sending COMMIT. senderID=0 sn=150 view=0
15:26:04.682 INF Committed entry. latency=0 nReq=0 sn=150
15:26:04.682 DBG Starting timer. sn=154 view=0
15:26:04.684 INF Handling PREPREPARE. nReq=0 senderID=1 sn=149
15:26:04.684 DBG Creating new Batch. nReq=0
15:26:04.684 DBG Sending PREPARE. senderID=0 sn=149 view=0
15:26:04.685 DBG Sending COMMIT. senderID=0 sn=149 view=0
15:26:04.689 INF Committed entry. latency=0 nReq=0 sn=149
15:26:04.690 DBG Starting timer. sn=153 view=0
15:26:05.619 DBG Batch ready. batchSize=4096
15:26:05.620 DBG Batch cut. left=0 nBuckets=16 nReq=0 next=0
15:26:05.620 INF Sending PREPREPARE. nReq=0 senderID=0 sn=152 view=0
15:26:05.620 DBG Waiting for batch. batchSize=4096
15:26:05.626 DBG Sending COMMIT. senderID=0 sn=152 view=0
15:26:05.626 INF Committed entry. latency=0 nReq=0 sn=152
15:26:05.626 DBG Starting timer. sn=156 view=0
15:26:05.675 INF Handling PREPREPARE. nReq=0 senderID=2 sn=154
15:26:05.675 DBG Creating new Batch. nReq=0
15:26:05.676 DBG Sending PREPARE. senderID=0 sn=154 view=0
15:26:05.680 DBG Sending COMMIT. senderID=0 sn=154 view=0
15:26:05.680 INF Committed entry. latency=0 nReq=0 sn=154
15:26:05.680 DBG Starting timer. sn=158 view=0
15:26:05.687 INF Handling PREPREPARE. nReq=0 senderID=1 sn=153
15:26:05.687 DBG Creating new Batch. nReq=0
15:26:05.687 DBG Sending PREPARE. senderID=0 sn=153 view=0
15:26:05.689 DBG Sending COMMIT. senderID=0 sn=153 view=0
15:26:05.696 INF Committed entry. latency=0 nReq=0 sn=153
15:26:05.696 DBG Starting timer. sn=157 view=0
15:26:06.621 DBG Batch ready. batchSize=4096
15:26:06.622 DBG Batch cut. left=0 nBuckets=16 nReq=0 next=0
15:26:06.622 INF Sending PREPREPARE. nReq=0 senderID=0 sn=156 view=0
15:26:06.623 DBG Waiting for batch. batchSize=4096
15:26:06.626 DBG Sending COMMIT. senderID=0 sn=156 view=0
15:26:06.627 INF Committed entry. latency=0 nReq=0 sn=156
15:26:06.628 DBG Starting timer. sn=160 view=0
15:26:06.678 INF Handling PREPREPARE. nReq=0 senderID=2 sn=158
15:26:06.678 DBG Creating new Batch. nReq=0
15:26:06.678 DBG Sending PREPARE. senderID=0 sn=158 view=0
15:26:06.680 DBG Sending COMMIT. senderID=0 sn=158 view=0
15:26:06.681 INF Committed entry. latency=0 nReq=0 sn=158
15:26:06.681 DBG Starting timer. sn=162 view=0
15:26:06.688 INF Handling PREPREPARE. nReq=0 senderID=1 sn=157
15:26:06.688 DBG Creating new Batch. nReq=0
15:26:06.688 DBG Sending PREPARE. senderID=0 sn=157 view=0
15:26:06.690 DBG Sending COMMIT. senderID=0 sn=157 view=0
15:26:06.691 INF Committed entry. latency=0 nReq=0 sn=157
15:26:06.691 DBG Starting timer. sn=161 view=0
15:26:07.623 DBG Batch ready. batchSize=4096
15:26:07.624 DBG Batch cut. left=0 nBuckets=16 nReq=0 next=0
15:26:07.624 INF Sending PREPREPARE. nReq=0 senderID=0 sn=160 view=0
15:26:07.625 DBG Waiting for batch. batchSize=4096
15:26:07.627 DBG Sending COMMIT. senderID=0 sn=160 view=0
15:26:07.629 INF Committed entry. latency=0 nReq=0 sn=160
15:26:07.630 DBG Starting timer. sn=164 view=0
15:26:07.679 INF Handling PREPREPARE. nReq=0 senderID=2 sn=162
15:26:07.680 DBG Creating new Batch. nReq=0
15:26:07.680 DBG Sending PREPARE. senderID=0 sn=162 view=0
15:26:07.681 DBG Sending COMMIT. senderID=0 sn=162 view=0
15:26:07.684 INF Committed entry. latency=0 nReq=0 sn=162
15:26:07.684 DBG Starting timer. sn=166 view=0
15:26:07.691 INF Handling PREPREPARE. nReq=0 senderID=1 sn=161
15:26:07.691 DBG Creating new Batch. nReq=0
15:26:07.692 DBG Sending PREPARE. senderID=0 sn=161 view=0
15:26:07.692 DBG Sending COMMIT. senderID=0 sn=161 view=0
15:26:07.694 INF Committed entry. latency=0 nReq=0 sn=161
15:26:07.695 DBG Starting timer. sn=165 view=0
15:26:08.525 INF Handling PREPREPARE. nReq=0 senderID=3 sn=27
15:26:08.525 DBG Creating new Batch. nReq=0
15:26:08.527 DBG Sending PREPARE. senderID=0 sn=27 view=0
15:26:08.527 DBG Sending COMMIT. senderID=0 sn=27 view=0
15:26:08.530 INF Committed entry. latency=0 nReq=0 sn=27
15:26:08.531 INF Delivered batch. nReq=0 sn=27
15:26:08.531 INF Delivered batch. nReq=65 sn=28
15:26:08.531 INF Delivered batch. nReq=63 sn=29
15:26:08.531 INF Delivered batch. nReq=62 sn=30
15:26:08.531 DBG Starting timer. sn=31 view=0
15:26:08.626 DBG Batch ready. batchSize=4096
15:26:08.626 DBG Batch cut. left=0 nBuckets=16 nReq=0 next=0
15:26:08.626 INF Sending PREPREPARE. nReq=0 senderID=0 sn=164 view=0
15:26:08.627 DBG Waiting for batch. batchSize=4096
15:26:08.629 DBG Sending COMMIT. senderID=0 sn=164 view=0
15:26:08.632 INF Committed entry. latency=0 nReq=0 sn=164
15:26:08.632 DBG Starting timer. sn=168 view=0
15:26:08.681 INF Handling PREPREPARE. nReq=0 senderID=2 sn=166
15:26:08.681 DBG Creating new Batch. nReq=0
15:26:08.681 DBG Sending PREPARE. senderID=0 sn=166 view=0
15:26:08.685 DBG Sending COMMIT. senderID=0 sn=166 view=0
15:26:08.685 INF Committed entry. latency=0 nReq=0 sn=166
15:26:08.685 DBG Starting timer. sn=170 view=0
15:26:08.692 INF Handling PREPREPARE. nReq=0 senderID=1 sn=165
15:26:08.692 DBG Creating new Batch. nReq=0
15:26:08.692 DBG Sending PREPARE. senderID=0 sn=165 view=0
15:26:08.695 DBG Sending COMMIT. senderID=0 sn=165 view=0
15:26:08.700 INF Committed entry. latency=0 nReq=0 sn=165
15:26:08.700 DBG Starting timer. sn=169 view=0
15:26:09.628 DBG Batch ready. batchSize=4096
15:26:09.628 DBG Batch cut. left=0 nBuckets=16 nReq=0 next=0
15:26:09.629 INF Sending PREPREPARE. nReq=0 senderID=0 sn=168 view=0
15:26:09.629 DBG Waiting for batch. batchSize=4096
15:26:09.637 DBG Sending COMMIT. senderID=0 sn=168 view=0
15:26:09.640 INF Committed entry. latency=0 nReq=0 sn=168
15:26:09.641 DBG Starting timer. sn=172 view=0
15:26:09.683 INF Handling PREPREPARE. nReq=0 senderID=2 sn=170
15:26:09.685 DBG Creating new Batch. nReq=0
15:26:09.685 DBG Sending PREPARE. senderID=0 sn=170 view=0
15:26:09.685 DBG Sending COMMIT. senderID=0 sn=170 view=0
15:26:09.689 INF Committed entry. latency=0 nReq=0 sn=170
15:26:09.689 DBG Starting timer. sn=174 view=0
15:26:09.694 INF Handling PREPREPARE. nReq=0 senderID=1 sn=169
15:26:09.694 DBG Creating new Batch. nReq=0
15:26:09.694 DBG Sending PREPARE. senderID=0 sn=169 view=0
15:26:09.697 DBG Sending COMMIT. senderID=0 sn=169 view=0
15:26:09.699 INF Committed entry. latency=0 nReq=0 sn=169
15:26:09.699 DBG Starting timer. sn=173 view=0
15:26:10.630 DBG Batch ready. batchSize=4096
15:26:10.631 DBG Batch cut. left=0 nBuckets=16 nReq=0 next=0
15:26:10.631 INF Sending PREPREPARE. nReq=0 senderID=0 sn=172 view=0
15:26:10.632 DBG Waiting for batch. batchSize=4096
15:26:10.636 DBG Sending COMMIT. senderID=0 sn=172 view=0
15:26:10.639 INF Committed entry. latency=0 nReq=0 sn=172
15:26:10.639 DBG Starting timer. sn=176 view=0
15:26:10.686 INF Handling PREPREPARE. nReq=0 senderID=2 sn=174
15:26:10.686 DBG Creating new Batch. nReq=0
15:26:10.687 DBG Sending PREPARE. senderID=0 sn=174 view=0
15:26:10.687 DBG Sending COMMIT. senderID=0 sn=174 view=0
15:26:10.692 INF Committed entry. latency=0 nReq=0 sn=174
15:26:10.692 DBG Starting timer. sn=178 view=0
15:26:10.696 INF Handling PREPREPARE. nReq=0 senderID=1 sn=173
15:26:10.696 DBG Creating new Batch. nReq=0
15:26:10.696 DBG Sending PREPARE. senderID=0 sn=173 view=0
15:26:10.697 DBG Sending COMMIT. senderID=0 sn=173 view=0
15:26:10.701 INF Committed entry. latency=0 nReq=0 sn=173
15:26:10.701 DBG Starting timer. sn=177 view=0
15:26:11.632 DBG Batch ready. batchSize=4096
15:26:11.633 DBG Batch cut. left=0 nBuckets=16 nReq=0 next=0
15:26:11.633 INF Sending PREPREPARE. nReq=0 senderID=0 sn=176 view=0
15:26:11.633 DBG Waiting for batch. batchSize=4096
15:26:11.636 DBG Sending COMMIT. senderID=0 sn=176 view=0
15:26:11.637 INF Committed entry. latency=0 nReq=0 sn=176
15:26:11.638 DBG Starting timer. sn=180 view=0
15:26:11.687 INF Handling PREPREPARE. nReq=0 senderID=2 sn=178
15:26:11.688 DBG Creating new Batch. nReq=0
15:26:11.688 DBG Sending PREPARE. senderID=0 sn=178 view=0
15:26:11.689 DBG Sending COMMIT. senderID=0 sn=178 view=0
15:26:11.691 INF Committed entry. latency=0 nReq=0 sn=178
15:26:11.691 DBG Starting timer. sn=182 view=0
15:26:11.698 INF Handling PREPREPARE. nReq=0 senderID=1 sn=177
15:26:11.699 DBG Creating new Batch. nReq=0
15:26:11.699 DBG Sending PREPARE. senderID=0 sn=177 view=0
15:26:11.701 DBG Sending COMMIT. senderID=0 sn=177 view=0
15:26:11.702 INF Committed entry. latency=0 nReq=0 sn=177
15:26:11.702 DBG Starting timer. sn=181 view=0
15:26:12.634 DBG Batch ready. batchSize=4096
15:26:12.634 DBG Batch cut. left=0 nBuckets=16 nReq=0 next=0
15:26:12.634 INF Sending PREPREPARE. nReq=0 senderID=0 sn=180 view=0
15:26:12.635 DBG Waiting for batch. batchSize=4096
15:26:12.639 DBG Sending COMMIT. senderID=0 sn=180 view=0
15:26:12.644 INF Committed entry. latency=0 nReq=0 sn=180
15:26:12.644 DBG Starting timer. sn=184 view=0
15:26:12.689 INF Handling PREPREPARE. nReq=0 senderID=2 sn=182
15:26:12.689 DBG Creating new Batch. nReq=0
15:26:12.689 DBG Sending PREPARE. senderID=0 sn=182 view=0
15:26:12.692 DBG Sending COMMIT. senderID=0 sn=182 view=0
15:26:12.695 INF Committed entry. latency=0 nReq=0 sn=182
15:26:12.695 DBG Starting timer. sn=186 view=0
15:26:12.701 INF Handling PREPREPARE. nReq=0 senderID=1 sn=181
15:26:12.702 DBG Creating new Batch. nReq=0
15:26:12.702 DBG Sending PREPARE. senderID=0 sn=181 view=0
15:26:12.702 DBG Sending COMMIT. senderID=0 sn=181 view=0
15:26:12.706 INF Committed entry. latency=0 nReq=0 sn=181
15:26:12.706 DBG Starting timer. sn=185 view=0
15:26:13.636 DBG Batch ready. batchSize=4096
15:26:13.636 DBG Batch cut. left=0 nBuckets=16 nReq=0 next=0
15:26:13.636 INF Sending PREPREPARE. nReq=0 senderID=0 sn=184 view=0
15:26:13.637 DBG Waiting for batch. batchSize=4096
15:26:13.643 DBG Sending COMMIT. senderID=0 sn=184 view=0
15:26:13.643 INF Committed entry. latency=0 nReq=0 sn=184
15:26:13.643 DBG Starting timer. sn=188 view=0
15:26:13.691 INF Handling PREPREPARE. nReq=0 senderID=2 sn=186
15:26:13.691 DBG Creating new Batch. nReq=0
15:26:13.691 DBG Sending PREPARE. senderID=0 sn=186 view=0
15:26:13.692 DBG Sending COMMIT. senderID=0 sn=186 view=0
15:26:13.695 INF Committed entry. latency=0 nReq=0 sn=186
15:26:13.696 DBG Starting timer. sn=190 view=0
15:26:13.703 INF Handling PREPREPARE. nReq=0 senderID=1 sn=185
15:26:13.703 DBG Creating new Batch. nReq=0
15:26:13.704 DBG Sending PREPARE. senderID=0 sn=185 view=0
15:26:13.705 DBG Sending COMMIT. senderID=0 sn=185 view=0
15:26:13.706 INF Committed entry. latency=0 nReq=0 sn=185
15:26:13.707 DBG Starting timer. sn=189 view=0
15:26:14.524 INF Handling PREPREPARE. nReq=0 senderID=3 sn=31
15:26:14.524 DBG Creating new Batch. nReq=0
15:26:14.525 DBG Sending PREPARE. senderID=0 sn=31 view=0
15:26:14.529 DBG Sending COMMIT. senderID=0 sn=31 view=0
15:26:14.529 INF Committed entry. latency=0 nReq=0 sn=31
15:26:14.529 INF Delivered batch. nReq=0 sn=31
15:26:14.530 INF Delivered batch. nReq=64 sn=32
15:26:14.530 INF Delivered batch. nReq=67 sn=33
15:26:14.530 INF Delivered batch. nReq=66 sn=34
15:26:14.530 DBG Starting timer. sn=35 view=0
15:26:14.637 DBG Batch ready. batchSize=4096
15:26:14.638 DBG Batch cut. left=0 nBuckets=16 nReq=0 next=0
15:26:14.638 INF Sending PREPREPARE. nReq=0 senderID=0 sn=188 view=0
15:26:14.638 DBG Waiting for batch. batchSize=4096
15:26:14.642 DBG Sending COMMIT. senderID=0 sn=188 view=0
15:26:14.643 INF Committed entry. latency=0 nReq=0 sn=188
15:26:14.643 DBG Starting timer. sn=192 view=0
15:26:14.695 INF Handling PREPREPARE. nReq=0 senderID=2 sn=190
15:26:14.695 DBG Creating new Batch. nReq=0
15:26:14.695 DBG Sending PREPARE. senderID=0 sn=190 view=0
15:26:14.696 DBG Sending COMMIT. senderID=0 sn=190 view=0
15:26:14.696 INF Committed entry. latency=0 nReq=0 sn=190
15:26:14.697 DBG Starting timer. sn=194 view=0
15:26:14.705 INF Handling PREPREPARE. nReq=0 senderID=1 sn=189
15:26:14.705 DBG Creating new Batch. nReq=0
15:26:14.706 DBG Sending PREPARE. senderID=0 sn=189 view=0
15:26:14.707 DBG Sending COMMIT. senderID=0 sn=189 view=0
15:26:14.708 INF Committed entry. latency=0 nReq=0 sn=189
15:26:14.708 DBG Starting timer. sn=193 view=0
15:26:15.640 DBG Batch ready. batchSize=4096
15:26:15.640 DBG Batch cut. left=0 nBuckets=16 nReq=0 next=0
15:26:15.640 INF Sending PREPREPARE. nReq=0 senderID=0 sn=192 view=0
15:26:15.641 DBG Waiting for batch. batchSize=4096
15:26:15.643 DBG Sending COMMIT. senderID=0 sn=192 view=0
15:26:15.645 INF Committed entry. latency=0 nReq=0 sn=192
15:26:15.646 DBG Starting timer. sn=196 view=0
15:26:15.694 INF Handling PREPREPARE. nReq=0 senderID=2 sn=194
15:26:15.694 DBG Creating new Batch. nReq=0
15:26:15.695 DBG Sending PREPARE. senderID=0 sn=194 view=0
15:26:15.700 DBG Sending COMMIT. senderID=0 sn=194 view=0
15:26:15.701 INF Committed entry. latency=0 nReq=0 sn=194
15:26:15.701 DBG Starting timer. sn=198 view=0
15:26:15.708 INF Handling PREPREPARE. nReq=0 senderID=1 sn=193
15:26:15.708 DBG Creating new Batch. nReq=0
15:26:15.708 DBG Sending PREPARE. senderID=0 sn=193 view=0
15:26:15.711 DBG Sending COMMIT. senderID=0 sn=193 view=0
15:26:15.711 INF Committed entry. latency=0 nReq=0 sn=193
15:26:15.711 DBG Starting timer. sn=197 view=0
15:26:16.642 DBG Batch ready. batchSize=4096
15:26:16.649 DBG Batch cut. left=0 nBuckets=16 nReq=0 next=0
15:26:16.650 INF Sending PREPREPARE. nReq=0 senderID=0 sn=196 view=0
15:26:16.650 DBG Waiting for batch. batchSize=4096
15:26:16.655 DBG Sending COMMIT. senderID=0 sn=196 view=0
15:26:16.661 INF Committed entry. latency=0 nReq=0 sn=196
15:26:16.662 DBG Starting timer. sn=200 view=0
15:26:16.697 INF Handling PREPREPARE. nReq=0 senderID=2 sn=198
15:26:16.697 DBG Creating new Batch. nReq=0
15:26:16.697 DBG Sending PREPARE. senderID=0 sn=198 view=0
15:26:16.702 DBG Sending COMMIT. senderID=0 sn=198 view=0
15:26:16.704 INF Committed entry. latency=0 nReq=0 sn=198
15:26:16.704 DBG Starting timer. sn=202 view=0
15:26:16.709 INF Handling PREPREPARE. nReq=0 senderID=1 sn=197
15:26:16.709 DBG Creating new Batch. nReq=0
15:26:16.709 DBG Sending PREPARE. senderID=0 sn=197 view=0
15:26:16.710 DBG Sending COMMIT. senderID=0 sn=197 view=0
15:26:16.712 INF Committed entry. latency=0 nReq=0 sn=197
15:26:16.713 DBG Starting timer. sn=201 view=0
15:26:17.651 DBG Batch ready. batchSize=4096
15:26:17.652 DBG Batch cut. left=0 nBuckets=16 nReq=0 next=0
15:26:17.652 INF Sending PREPREPARE. nReq=0 senderID=0 sn=200 view=0
15:26:17.652 DBG Waiting for batch. batchSize=4096
15:26:17.655 DBG Sending COMMIT. senderID=0 sn=200 view=0
15:26:17.656 INF Committed entry. latency=0 nReq=0 sn=200
15:26:17.657 DBG Starting timer. sn=204 view=0
15:26:17.700 INF Handling PREPREPARE. nReq=0 senderID=2 sn=202
15:26:17.701 DBG Creating new Batch. nReq=0
15:26:17.701 DBG Sending PREPARE. senderID=0 sn=202 view=0
15:26:17.701 DBG Sending COMMIT. senderID=0 sn=202 view=0
15:26:17.702 INF Committed entry. latency=0 nReq=0 sn=202
15:26:17.702 DBG Starting timer. sn=206 view=0
15:26:17.710 INF Handling PREPREPARE. nReq=0 senderID=1 sn=201
15:26:17.711 DBG Creating new Batch. nReq=0
15:26:17.711 DBG Sending PREPARE. senderID=0 sn=201 view=0
15:26:17.713 DBG Sending COMMIT. senderID=0 sn=201 view=0
15:26:17.715 INF Committed entry. latency=0 nReq=0 sn=201
15:26:17.716 DBG Starting timer. sn=205 view=0
15:26:18.653 DBG Batch ready. batchSize=4096
15:26:18.654 DBG Batch cut. left=0 nBuckets=16 nReq=0 next=0
15:26:18.654 INF Sending PREPREPARE. nReq=0 senderID=0 sn=204 view=0
15:26:18.654 DBG Waiting for batch. batchSize=4096
15:26:18.659 DBG Sending COMMIT. senderID=0 sn=204 view=0
15:26:18.661 INF Committed entry. latency=0 nReq=0 sn=204
15:26:18.662 DBG Starting timer. sn=208 view=0
15:26:18.701 INF Handling PREPREPARE. nReq=0 senderID=2 sn=206
15:26:18.701 DBG Creating new Batch. nReq=0
15:26:18.702 DBG Sending PREPARE. senderID=0 sn=206 view=0
15:26:18.707 DBG Sending COMMIT. senderID=0 sn=206 view=0
15:26:18.708 INF Committed entry. latency=0 nReq=0 sn=206
15:26:18.708 DBG Starting timer. sn=210 view=0
15:26:18.713 INF Handling PREPREPARE. nReq=0 senderID=1 sn=205
15:26:18.713 DBG Creating new Batch. nReq=0
15:26:18.714 DBG Sending PREPARE. senderID=0 sn=205 view=0
15:26:18.714 DBG Sending COMMIT. senderID=0 sn=205 view=0
15:26:18.717 INF Committed entry. latency=0 nReq=0 sn=205
15:26:18.718 DBG Starting timer. sn=209 view=0
15:26:19.655 DBG Batch ready. batchSize=4096
15:26:19.656 DBG Batch cut. left=0 nBuckets=16 nReq=0 next=0
15:26:19.656 INF Sending PREPREPARE. nReq=0 senderID=0 sn=208 view=0
15:26:19.656 DBG Waiting for batch. batchSize=4096
15:26:19.662 DBG Sending COMMIT. senderID=0 sn=208 view=0
15:26:19.665 INF Committed entry. latency=0 nReq=0 sn=208
15:26:19.665 DBG Starting timer. sn=212 view=0
15:26:19.702 INF Handling PREPREPARE. nReq=0 senderID=2 sn=210
15:26:19.702 DBG Creating new Batch. nReq=0
15:26:19.703 DBG Sending PREPARE. senderID=0 sn=210 view=0
15:26:19.704 DBG Sending COMMIT. senderID=0 sn=210 view=0
15:26:19.706 INF Committed entry. latency=0 nReq=0 sn=210
15:26:19.706 DBG Starting timer. sn=214 view=0
15:26:19.715 INF Handling PREPREPARE. nReq=0 senderID=1 sn=209
15:26:19.715 DBG Creating new Batch. nReq=0
15:26:19.715 DBG Sending PREPARE. senderID=0 sn=209 view=0
15:26:19.721 DBG Sending COMMIT. senderID=0 sn=209 view=0
15:26:19.721 INF Committed entry. latency=0 nReq=0 sn=209
15:26:19.721 DBG Starting timer. sn=213 view=0
15:26:20.526 INF Handling PREPREPARE. nReq=0 senderID=3 sn=35
15:26:20.526 DBG Creating new Batch. nReq=0
15:26:20.526 DBG Sending PREPARE. senderID=0 sn=35 view=0
15:26:20.530 DBG Sending COMMIT. senderID=0 sn=35 view=0
15:26:20.531 INF Committed entry. latency=0 nReq=0 sn=35
15:26:20.531 INF Delivered batch. nReq=0 sn=35
15:26:20.531 INF Delivered batch. nReq=64 sn=36
15:26:20.531 INF Delivered batch. nReq=64 sn=37
15:26:20.531 INF Delivered batch. nReq=66 sn=38
15:26:20.531 DBG Starting timer. sn=39 view=0
15:26:20.658 DBG Batch ready. batchSize=4096
15:26:20.658 DBG Batch cut. left=0 nBuckets=16 nReq=0 next=0
15:26:20.658 INF Sending PREPREPARE. nReq=0 senderID=0 sn=212 view=0
15:26:20.659 DBG Waiting for batch. batchSize=4096
15:26:20.661 DBG Sending COMMIT. senderID=0 sn=212 view=0
15:26:20.665 INF Committed entry. latency=0 nReq=0 sn=212
15:26:20.665 DBG Starting timer. sn=216 view=0
15:26:20.704 INF Handling PREPREPARE. nReq=0 senderID=2 sn=214
15:26:20.704 DBG Creating new Batch. nReq=0
15:26:20.704 DBG Sending PREPARE. senderID=0 sn=214 view=0
15:26:20.707 DBG Sending COMMIT. senderID=0 sn=214 view=0
15:26:20.708 INF Committed entry. latency=0 nReq=0 sn=214
15:26:20.708 DBG Starting timer. sn=218 view=0
15:26:20.717 INF Handling PREPREPARE. nReq=0 senderID=1 sn=213
15:26:20.717 DBG Creating new Batch. nReq=0
15:26:20.717 DBG Sending PREPARE. senderID=0 sn=213 view=0
15:26:20.718 DBG Sending COMMIT. senderID=0 sn=213 view=0
15:26:20.721 INF Committed entry. latency=0 nReq=0 sn=213
15:26:20.721 DBG Starting timer. sn=217 view=0
15:26:21.660 DBG Batch ready. batchSize=4096
15:26:21.660 DBG Batch cut. left=0 nBuckets=16 nReq=0 next=0
15:26:21.660 INF Sending PREPREPARE. nReq=0 senderID=0 sn=216 view=0
15:26:21.661 DBG Waiting for batch. batchSize=4096
15:26:21.665 DBG Sending COMMIT. senderID=0 sn=216 view=0
15:26:21.669 INF Committed entry. latency=0 nReq=0 sn=216
15:26:21.669 DBG Starting timer. sn=220 view=0
15:26:21.710 INF Handling PREPREPARE. nReq=0 senderID=2 sn=218
15:26:21.711 DBG Creating new Batch. nReq=0
15:26:21.711 DBG Sending PREPARE. senderID=0 sn=218 view=0
15:26:21.711 DBG Sending COMMIT. senderID=0 sn=218 view=0
15:26:21.711 INF Committed entry. latency=0 nReq=0 sn=218
15:26:21.711 DBG Starting timer. sn=222 view=0
15:26:21.718 INF Handling PREPREPARE. nReq=0 senderID=1 sn=217
15:26:21.719 DBG Creating new Batch. nReq=0
15:26:21.719 DBG Sending PREPARE. senderID=0 sn=217 view=0
15:26:21.726 DBG Sending COMMIT. senderID=0 sn=217 view=0
15:26:21.726 INF Committed entry. latency=0 nReq=0 sn=217
15:26:21.726 DBG Starting timer. sn=221 view=0
15:26:22.661 DBG Batch ready. batchSize=4096
15:26:22.662 DBG Batch cut. left=0 nBuckets=16 nReq=0 next=0
15:26:22.662 INF Sending PREPREPARE. nReq=0 senderID=0 sn=220 view=0
15:26:22.662 DBG Waiting for batch. batchSize=4096
15:26:22.668 DBG Sending COMMIT. senderID=0 sn=220 view=0
15:26:22.669 INF Committed entry. latency=0 nReq=0 sn=220
15:26:22.669 DBG Starting timer. sn=224 view=0
15:26:22.708 INF Handling PREPREPARE. nReq=0 senderID=2 sn=222
15:26:22.708 DBG Creating new Batch. nReq=0
15:26:22.708 DBG Sending PREPARE. senderID=0 sn=222 view=0
15:26:22.709 DBG Sending COMMIT. senderID=0 sn=222 view=0
15:26:22.712 INF Committed entry. latency=0 nReq=0 sn=222
15:26:22.712 DBG Starting timer. sn=226 view=0
15:26:22.721 INF Handling PREPREPARE. nReq=0 senderID=1 sn=221
15:26:22.721 DBG Creating new Batch. nReq=0
15:26:22.721 DBG Sending PREPARE. senderID=0 sn=221 view=0
15:26:22.722 DBG Sending COMMIT. senderID=0 sn=221 view=0
15:26:22.724 INF Committed entry. latency=0 nReq=0 sn=221
15:26:22.725 DBG Starting timer. sn=225 view=0
15:26:23.663 DBG Batch ready. batchSize=4096
15:26:23.663 DBG Batch cut. left=0 nBuckets=16 nReq=0 next=0
15:26:23.664 INF Sending PREPREPARE. nReq=0 senderID=0 sn=224 view=0
15:26:23.664 DBG Waiting for batch. batchSize=4096
15:26:23.667 DBG Sending COMMIT. senderID=0 sn=224 view=0
15:26:23.668 INF Committed entry. latency=0 nReq=0 sn=224
15:26:23.668 DBG Starting timer. sn=228 view=0
15:26:23.710 INF Handling PREPREPARE. nReq=0 senderID=2 sn=226
15:26:23.710 DBG Creating new Batch. nReq=0
15:26:23.710 DBG Sending PREPARE. senderID=0 sn=226 view=0
15:26:23.711 DBG Sending COMMIT. senderID=0 sn=226 view=0
15:26:23.714 INF Committed entry. latency=0 nReq=0 sn=226
15:26:23.714 DBG Starting timer. sn=230 view=0
15:26:23.723 INF Handling PREPREPARE. nReq=0 senderID=1 sn=225
15:26:23.724 DBG Creating new Batch. nReq=0
15:26:23.725 DBG Sending PREPARE. senderID=0 sn=225 view=0
15:26:23.725 DBG Sending COMMIT. senderID=0 sn=225 view=0
15:26:23.727 INF Committed entry. latency=0 nReq=0 sn=225
15:26:23.727 DBG Starting timer. sn=229 view=0
15:26:24.665 DBG Batch ready. batchSize=4096
15:26:24.666 DBG Batch cut. left=0 nBuckets=16 nReq=0 next=0
15:26:24.666 INF Sending PREPREPARE. nReq=0 senderID=0 sn=228 view=0
15:26:24.666 DBG Waiting for batch. batchSize=4096
15:26:24.681 DBG Sending COMMIT. senderID=0 sn=228 view=0
15:26:24.681 INF Committed entry. latency=0 nReq=0 sn=228
15:26:24.681 DBG Starting timer. sn=232 view=0
15:26:24.727 INF Handling PREPREPARE. nReq=0 senderID=2 sn=230
15:26:24.727 DBG Creating new Batch. nReq=0
15:26:24.727 DBG Sending PREPARE. senderID=0 sn=230 view=0
15:26:24.728 DBG Sending COMMIT. senderID=0 sn=230 view=0
15:26:24.728 INF Committed entry. latency=0 nReq=0 sn=230
15:26:24.728 DBG Starting timer. sn=234 view=0
15:26:24.729 INF Handling PREPREPARE. nReq=0 senderID=1 sn=229
15:26:24.729 DBG Creating new Batch. nReq=0
15:26:24.730 DBG Sending PREPARE. senderID=0 sn=229 view=0
15:26:24.739 DBG Sending COMMIT. senderID=0 sn=229 view=0
15:26:24.739 INF Committed entry. latency=0 nReq=0 sn=229
15:26:24.740 DBG Starting timer. sn=233 view=0
15:26:25.667 DBG Batch ready. batchSize=4096
15:26:25.668 DBG Batch cut. left=0 nBuckets=16 nReq=0 next=0
15:26:25.668 INF Sending PREPREPARE. nReq=0 senderID=0 sn=232 view=0
15:26:25.669 DBG Waiting for batch. batchSize=4096
15:26:25.672 DBG Sending COMMIT. senderID=0 sn=232 view=0
15:26:25.674 INF Committed entry. latency=0 nReq=0 sn=232
15:26:25.674 DBG Starting timer. sn=236 view=0
15:26:25.724 INF Handling PREPREPARE. nReq=0 senderID=2 sn=234
15:26:25.724 DBG Creating new Batch. nReq=0
15:26:25.725 DBG Sending PREPARE. senderID=0 sn=234 view=0
15:26:25.727 DBG Sending COMMIT. senderID=0 sn=234 view=0
15:26:25.729 INF Committed entry. latency=0 nReq=0 sn=234
15:26:25.730 DBG Starting timer. sn=238 view=0
15:26:25.732 INF Handling PREPREPARE. nReq=0 senderID=1 sn=233
15:26:25.732 DBG Creating new Batch. nReq=0
15:26:25.732 DBG Sending PREPARE. senderID=0 sn=233 view=0
15:26:25.739 DBG Sending COMMIT. senderID=0 sn=233 view=0
15:26:25.739 INF Committed entry. latency=0 nReq=0 sn=233
15:26:25.739 DBG Starting timer. sn=237 view=0
15:26:26.529 INF Handling PREPREPARE. nReq=0 senderID=3 sn=39
15:26:26.529 DBG Creating new Batch. nReq=0
15:26:26.529 DBG Sending PREPARE. senderID=0 sn=39 view=0
15:26:26.530 DBG Sending COMMIT. senderID=0 sn=39 view=0
15:26:26.532 INF Committed entry. latency=0 nReq=0 sn=39
15:26:26.532 INF Delivered batch. nReq=0 sn=39
15:26:26.533 INF Delivered batch. nReq=65 sn=40
15:26:26.533 INF Delivered batch. nReq=65 sn=41
15:26:26.533 INF Delivered batch. nReq=64 sn=42
15:26:26.533 DBG Starting timer. sn=43 view=0
15:26:26.670 DBG Batch ready. batchSize=4096
15:26:26.670 DBG Batch cut. left=0 nBuckets=16 nReq=0 next=0
15:26:26.670 INF Sending PREPREPARE. nReq=0 senderID=0 sn=236 view=0
15:26:26.670 DBG Waiting for batch. batchSize=4096
15:26:26.675 DBG Sending COMMIT. senderID=0 sn=236 view=0
15:26:26.676 INF Committed entry. latency=0 nReq=0 sn=236
15:26:26.676 DBG Starting timer. sn=240 view=0
15:26:26.726 INF Handling PREPREPARE. nReq=0 senderID=2 sn=238
15:26:26.727 DBG Creating new Batch. nReq=0
15:26:26.727 DBG Sending PREPARE. senderID=0 sn=238 view=0
15:26:26.728 DBG Sending COMMIT. senderID=0 sn=238 view=0
15:26:26.731 INF Committed entry. latency=0 nReq=0 sn=238
15:26:26.731 DBG Starting timer. sn=242 view=0
15:26:26.734 INF Handling PREPREPARE. nReq=0 senderID=1 sn=237
15:26:26.734 DBG Creating new Batch. nReq=0
15:26:26.735 DBG Sending PREPARE. senderID=0 sn=237 view=0
15:26:26.736 DBG Sending COMMIT. senderID=0 sn=237 view=0
15:26:26.736 INF Committed entry. latency=0 nReq=0 sn=237
15:26:26.737 DBG Starting timer. sn=241 view=0
15:26:27.672 DBG Batch ready. batchSize=4096
15:26:27.673 DBG Batch cut. left=0 nBuckets=16 nReq=0 next=0
15:26:27.673 INF Sending PREPREPARE. nReq=0 senderID=0 sn=240 view=0
15:26:27.674 DBG Waiting for batch. batchSize=4096
15:26:27.681 DBG Sending COMMIT. senderID=0 sn=240 view=0
15:26:27.682 INF Committed entry. latency=0 nReq=0 sn=240
15:26:27.682 DBG Starting timer. sn=244 view=0
15:26:27.729 INF Handling PREPREPARE. nReq=0 senderID=2 sn=242
15:26:27.729 DBG Creating new Batch. nReq=0
15:26:27.730 DBG Sending PREPARE. senderID=0 sn=242 view=0
15:26:27.730 DBG Sending COMMIT. senderID=0 sn=242 view=0
15:26:27.733 INF Committed entry. latency=0 nReq=0 sn=242
15:26:27.734 DBG Starting timer. sn=246 view=0
15:26:27.735 INF Handling PREPREPARE. nReq=0 senderID=1 sn=241
15:26:27.736 DBG Creating new Batch. nReq=0
15:26:27.736 DBG Sending PREPARE. senderID=0 sn=241 view=0
15:26:27.739 DBG Sending COMMIT. senderID=0 sn=241 view=0
15:26:27.741 INF Committed entry. latency=0 nReq=0 sn=241
15:26:27.741 DBG Starting timer. sn=245 view=0
15:26:28.674 DBG Batch ready. batchSize=4096
15:26:28.674 DBG Batch cut. left=0 nBuckets=16 nReq=0 next=0
15:26:28.675 INF Sending PREPREPARE. nReq=0 senderID=0 sn=244 view=0
15:26:28.675 DBG Waiting for batch. batchSize=4096
15:26:28.678 DBG Sending COMMIT. senderID=0 sn=244 view=0
15:26:28.682 INF Committed entry. latency=0 nReq=0 sn=244
15:26:28.683 DBG Starting timer. sn=248 view=0
15:26:28.730 INF Handling PREPREPARE. nReq=0 senderID=2 sn=246
15:26:28.730 DBG Creating new Batch. nReq=0
15:26:28.731 DBG Sending PREPARE. senderID=0 sn=246 view=0
15:26:28.737 INF Handling PREPREPARE. nReq=0 senderID=1 sn=245
15:26:28.737 DBG Sending COMMIT. senderID=0 sn=246 view=0
15:26:28.738 DBG Creating new Batch. nReq=0
15:26:28.738 INF Committed entry. latency=0 nReq=0 sn=246
15:26:28.738 DBG Sending PREPARE. senderID=0 sn=245 view=0
15:26:28.738 DBG Starting timer. sn=250 view=0
15:26:28.739 DBG Sending COMMIT. senderID=0 sn=245 view=0
15:26:28.742 INF Committed entry. latency=0 nReq=0 sn=245
15:26:28.742 DBG Starting timer. sn=249 view=0
15:26:29.676 DBG Batch ready. batchSize=4096
15:26:29.677 DBG Batch cut. left=0 nBuckets=16 nReq=0 next=0
15:26:29.677 INF Sending PREPREPARE. nReq=0 senderID=0 sn=248 view=0
15:26:29.677 DBG Waiting for batch. batchSize=4096
15:26:29.683 DBG Sending COMMIT. senderID=0 sn=248 view=0
15:26:29.684 INF Committed entry. latency=0 nReq=0 sn=248
15:26:29.684 DBG Starting timer. sn=252 view=0
15:26:29.733 INF Handling PREPREPARE. nReq=0 senderID=2 sn=250
15:26:29.733 DBG Creating new Batch. nReq=0
15:26:29.733 DBG Sending PREPARE. senderID=0 sn=250 view=0
15:26:29.736 DBG Sending COMMIT. senderID=0 sn=250 view=0
15:26:29.736 INF Committed entry. latency=0 nReq=0 sn=250
15:26:29.736 DBG Starting timer. sn=254 view=0
15:26:29.738 INF Handling PREPREPARE. nReq=0 senderID=1 sn=249
15:26:29.739 DBG Creating new Batch. nReq=0
15:26:29.739 DBG Sending PREPARE. senderID=0 sn=249 view=0
15:26:29.743 DBG Sending COMMIT. senderID=0 sn=249 view=0
15:26:29.744 INF Committed entry. latency=0 nReq=0 sn=249
15:26:29.745 DBG Starting timer. sn=253 view=0
15:26:30.678 DBG Batch ready. batchSize=4096
15:26:30.679 DBG Batch cut. left=0 nBuckets=16 nReq=0 next=0
15:26:30.679 INF Sending PREPREPARE. nReq=0 senderID=0 sn=252 view=0
15:26:30.684 DBG Sending COMMIT. senderID=0 sn=252 view=0
15:26:30.684 INF Committed entry. latency=0 nReq=0 sn=252
15:26:30.684 INF Sending segment checkpoint. lastSn=252 segID=0
15:26:30.684 DBG Handling PBFT checkpoint. lastSn=252 segID=0
15:26:30.693 DBG Handling PBFT checkpoint. lastSn=252 segID=0
15:26:30.697 DBG Handling PBFT checkpoint. lastSn=252 segID=0
15:26:30.708 INF PBFT checkpoint ready. Scheduling catchup. lastSn=252 segID=0
15:26:30.708 DBG Handling PBFT checkpoint. lastSn=252 segID=0
15:26:30.735 INF Handling PREPREPARE. nReq=0 senderID=2 sn=254
15:26:30.735 DBG Creating new Batch. nReq=0
15:26:30.735 DBG Sending PREPARE. senderID=0 sn=254 view=0
15:26:30.736 DBG Sending COMMIT. senderID=0 sn=254 view=0
15:26:30.738 INF Committed entry. latency=0 nReq=0 sn=254
15:26:30.738 INF Sending segment checkpoint. lastSn=254 segID=2
15:26:30.739 DBG Handling PBFT checkpoint. lastSn=254 segID=2
15:26:30.744 DBG Handling PBFT checkpoint. lastSn=254 segID=2
15:26:30.745 INF Handling PREPREPARE. nReq=0 senderID=1 sn=253
15:26:30.745 DBG Creating new Batch. nReq=0
15:26:30.745 DBG Sending PREPARE. senderID=0 sn=253 view=0
15:26:30.745 DBG Sending COMMIT. senderID=0 sn=253 view=0
15:26:30.749 INF Committed entry. latency=0 nReq=0 sn=253
15:26:30.749 INF Sending segment checkpoint. lastSn=253 segID=1
15:26:30.749 DBG Handling PBFT checkpoint. lastSn=253 segID=1
15:26:30.754 DBG Handling PBFT checkpoint. lastSn=254 segID=2
15:26:30.755 DBG Handling PBFT checkpoint. lastSn=253 segID=1
15:26:30.762 DBG Handling PBFT checkpoint. lastSn=253 segID=1
15:26:30.765 INF PBFT checkpoint ready. Scheduling catchup. lastSn=253 segID=1
15:26:30.766 DBG Handling PBFT checkpoint. lastSn=253 segID=1
15:26:30.796 INF PBFT checkpoint ready. Scheduling catchup. lastSn=254 segID=2
15:26:30.796 DBG Handling PBFT checkpoint. lastSn=254 segID=2
15:26:31.109 INF PBFT catching up. lastSn=252 missingSns=0 segID=0
15:26:31.166 INF PBFT catching up. lastSn=253 missingSns=0 segID=1
15:26:31.197 INF PBFT catching up. lastSn=254 missingSns=0 segID=2
15:26:32.531 INF Handling PREPREPARE. nReq=0 senderID=3 sn=43
15:26:32.532 DBG Creating new Batch. nReq=0
15:26:32.532 DBG Sending PREPARE. senderID=0 sn=43 view=0
15:26:32.537 DBG Sending COMMIT. senderID=0 sn=43 view=0
15:26:32.540 INF Committed entry. latency=0 nReq=0 sn=43
15:26:32.540 INF Delivered batch. nReq=0 sn=43
15:26:32.540 INF Delivered batch. nReq=64 sn=44
15:26:32.540 INF Delivered batch. nReq=64 sn=45
15:26:32.540 INF Delivered batch. nReq=64 sn=46
15:26:32.541 DBG Starting timer. sn=47 view=0
15:26:38.534 INF Handling PREPREPARE. nReq=0 senderID=3 sn=47
15:26:38.534 DBG Creating new Batch. nReq=0
15:26:38.534 DBG Sending PREPARE. senderID=0 sn=47 view=0
15:26:38.535 DBG Sending COMMIT. senderID=0 sn=47 view=0
15:26:38.540 INF Committed entry. latency=0 nReq=0 sn=47
15:26:38.540 INF Delivered batch. nReq=0 sn=47
15:26:38.541 INF Delivered batch. nReq=64 sn=48
15:26:38.541 INF Delivered batch. nReq=64 sn=49
15:26:38.541 INF Delivered batch. nReq=65 sn=50
15:26:38.541 DBG Starting timer. sn=51 view=0
15:26:44.536 INF Handling PREPREPARE. nReq=0 senderID=3 sn=51
15:26:44.536 DBG Creating new Batch. nReq=0
15:26:44.537 DBG Sending PREPARE. senderID=0 sn=51 view=0
15:26:44.538 DBG Sending COMMIT. senderID=0 sn=51 view=0
15:26:44.541 INF Committed entry. latency=0 nReq=0 sn=51
15:26:44.541 INF Delivered batch. nReq=0 sn=51
15:26:44.541 INF Delivered batch. nReq=65 sn=52
15:26:44.541 INF Delivered batch. nReq=64 sn=53
15:26:44.541 INF Delivered batch. nReq=64 sn=54
15:26:44.542 DBG Starting timer. sn=55 view=0
15:26:50.539 INF Handling PREPREPARE. nReq=0 senderID=3 sn=55
15:26:50.539 DBG Creating new Batch. nReq=0
15:26:50.539 DBG Sending PREPARE. senderID=0 sn=55 view=0
15:26:50.540 DBG Sending COMMIT. senderID=0 sn=55 view=0
15:26:50.553 INF Committed entry. latency=0 nReq=0 sn=55
15:26:50.553 INF Delivered batch. nReq=0 sn=55
15:26:50.553 INF Delivered batch. nReq=64 sn=56
15:26:50.553 INF Delivered batch. nReq=64 sn=57
15:26:50.553 INF Delivered batch. nReq=64 sn=58
15:26:50.554 DBG Starting timer. sn=59 view=0
15:26:56.540 INF Handling PREPREPARE. nReq=0 senderID=3 sn=59
15:26:56.541 DBG Creating new Batch. nReq=0
15:26:56.541 DBG Sending PREPARE. senderID=0 sn=59 view=0
15:26:56.547 DBG Sending COMMIT. senderID=0 sn=59 view=0
15:26:56.547 INF Committed entry. latency=0 nReq=0 sn=59
15:26:56.547 INF Delivered batch. nReq=0 sn=59
15:26:56.547 INF Delivered batch. nReq=64 sn=60
15:26:56.547 INF Delivered batch. nReq=65 sn=61
15:26:56.547 INF Delivered batch. nReq=65 sn=62
15:26:56.548 DBG Starting timer. sn=63 view=0
15:27:02.542 INF Handling PREPREPARE. nReq=0 senderID=3 sn=63
15:27:02.543 DBG Creating new Batch. nReq=0
15:27:02.543 DBG Sending PREPARE. senderID=0 sn=63 view=0
15:27:02.547 DBG Sending COMMIT. senderID=0 sn=63 view=0
15:27:02.548 INF Committed entry. latency=0 nReq=0 sn=63
15:27:02.548 INF Delivered batch. nReq=0 sn=63
15:27:02.548 INF Delivered batch. nReq=65 sn=64
15:27:02.548 INF Delivered batch. nReq=65 sn=65
15:27:02.549 INF Delivered batch. nReq=63 sn=66
15:27:02.549 DBG Starting timer. sn=67 view=0
15:27:08.544 INF Handling PREPREPARE. nReq=0 senderID=3 sn=67
15:27:08.544 DBG Creating new Batch. nReq=0
15:27:08.544 DBG Sending PREPARE. senderID=0 sn=67 view=0
15:27:08.548 DBG Sending COMMIT. senderID=0 sn=67 view=0
15:27:08.549 INF Committed entry. latency=0 nReq=0 sn=67
15:27:08.550 INF Delivered batch. nReq=0 sn=67
15:27:08.550 INF Delivered batch. nReq=64 sn=68
15:27:08.550 INF Delivered batch. nReq=64 sn=69
15:27:08.550 INF Delivered batch. nReq=65 sn=70
15:27:08.550 DBG Starting timer. sn=71 view=0
15:27:14.545 INF Handling PREPREPARE. nReq=0 senderID=3 sn=71
15:27:14.546 DBG Creating new Batch. nReq=0
15:27:14.546 DBG Sending PREPARE. senderID=0 sn=71 view=0
15:27:14.547 DBG Sending COMMIT. senderID=0 sn=71 view=0
15:27:14.549 INF Committed entry. latency=0 nReq=0 sn=71
15:27:14.550 INF Delivered batch. nReq=0 sn=71
15:27:14.550 INF Delivered batch. nReq=64 sn=72
15:27:14.550 INF Delivered batch. nReq=64 sn=73
15:27:14.550 INF Delivered batch. nReq=64 sn=74
15:27:14.550 DBG Starting timer. sn=75 view=0
15:27:20.548 INF Handling PREPREPARE. nReq=0 senderID=3 sn=75
15:27:20.548 DBG Creating new Batch. nReq=0
15:27:20.549 DBG Sending PREPARE. senderID=0 sn=75 view=0
15:27:20.549 DBG Sending COMMIT. senderID=0 sn=75 view=0
15:27:20.557 INF Committed entry. latency=0 nReq=0 sn=75
15:27:20.557 INF Delivered batch. nReq=0 sn=75
15:27:20.557 INF Delivered batch. nReq=65 sn=76
15:27:20.557 INF Delivered batch. nReq=64 sn=77
15:27:20.557 INF Delivered batch. nReq=64 sn=78
15:27:20.558 DBG Starting timer. sn=79 view=0
15:27:26.551 INF Handling PREPREPARE. nReq=0 senderID=3 sn=79
15:27:26.551 DBG Creating new Batch. nReq=0
15:27:26.552 DBG Sending PREPARE. senderID=0 sn=79 view=0
15:27:26.559 DBG Sending COMMIT. senderID=0 sn=79 view=0
15:27:26.562 INF Committed entry. latency=0 nReq=0 sn=79
15:27:26.562 INF Delivered batch. nReq=0 sn=79
15:27:26.562 INF Delivered batch. nReq=64 sn=80
15:27:26.562 INF Delivered batch. nReq=65 sn=81
15:27:26.562 INF Delivered batch. nReq=65 sn=82
15:27:26.562 DBG Starting timer. sn=83 view=0
15:27:32.553 INF Handling PREPREPARE. nReq=0 senderID=3 sn=83
15:27:32.554 DBG Creating new Batch. nReq=0
15:27:32.554 DBG Sending PREPARE. senderID=0 sn=83 view=0
15:27:32.555 DBG Sending COMMIT. senderID=0 sn=83 view=0
15:27:32.560 INF Committed entry. latency=0 nReq=0 sn=83
15:27:32.560 INF Delivered batch. nReq=0 sn=83
15:27:32.560 INF Delivered batch. nReq=64 sn=84
15:27:32.560 INF Delivered batch. nReq=64 sn=85
15:27:32.560 INF Delivered batch. nReq=64 sn=86
15:27:32.560 DBG Starting timer. sn=87 view=0
15:27:38.555 INF Handling PREPREPARE. nReq=0 senderID=3 sn=87
15:27:38.555 DBG Creating new Batch. nReq=0
15:27:38.555 DBG Sending PREPARE. senderID=0 sn=87 view=0
15:27:38.561 DBG Sending COMMIT. senderID=0 sn=87 view=0
15:27:38.561 INF Committed entry. latency=0 nReq=0 sn=87
15:27:38.561 INF Delivered batch. nReq=0 sn=87
15:27:38.562 INF Delivered batch. nReq=65 sn=88
15:27:38.562 INF Delivered batch. nReq=64 sn=89
15:27:38.562 INF Delivered batch. nReq=64 sn=90
15:27:38.562 DBG Starting timer. sn=91 view=0
15:27:44.558 INF Handling PREPREPARE. nReq=0 senderID=3 sn=91
15:27:44.558 DBG Creating new Batch. nReq=0
15:27:44.559 DBG Sending PREPARE. senderID=0 sn=91 view=0
15:27:44.559 DBG Sending COMMIT. senderID=0 sn=91 view=0
15:27:44.568 INF Committed entry. latency=0 nReq=0 sn=91
15:27:44.568 INF Delivered batch. nReq=0 sn=91
15:27:44.569 INF Delivered batch. nReq=63 sn=92
15:27:44.569 INF Delivered batch. nReq=62 sn=93
15:27:44.569 INF Delivered batch. nReq=62 sn=94
15:27:44.569 DBG Starting timer. sn=95 view=0
15:27:50.557 INF Handling PREPREPARE. nReq=0 senderID=3 sn=95
15:27:50.558 DBG Creating new Batch. nReq=0
15:27:50.558 DBG Sending PREPARE. senderID=0 sn=95 view=0
15:27:50.563 DBG Sending COMMIT. senderID=0 sn=95 view=0
15:27:50.563 INF Committed entry. latency=0 nReq=0 sn=95
15:27:50.563 INF Delivered batch. nReq=0 sn=95
15:27:50.563 INF Delivered batch. nReq=65 sn=96
15:27:50.564 INF Delivered batch. nReq=65 sn=97
15:27:50.564 INF Delivered batch. nReq=65 sn=98
15:27:50.564 DBG Starting timer. sn=99 view=0
15:27:56.558 INF Handling PREPREPARE. nReq=0 senderID=3 sn=99
15:27:56.559 DBG Creating new Batch. nReq=0
15:27:56.559 DBG Sending PREPARE. senderID=0 sn=99 view=0
15:27:56.560 DBG Sending COMMIT. senderID=0 sn=99 view=0
15:27:56.563 INF Committed entry. latency=0 nReq=0 sn=99
15:27:56.563 INF Delivered batch. nReq=0 sn=99
15:27:56.563 INF Delivered batch. nReq=65 sn=100
15:27:56.563 INF Delivered batch. nReq=66 sn=101
15:27:56.563 INF Delivered batch. nReq=66 sn=102
15:27:56.564 DBG Starting timer. sn=103 view=0
15:28:02.561 INF Handling PREPREPARE. nReq=0 senderID=3 sn=103
15:28:02.561 DBG Creating new Batch. nReq=0
15:28:02.561 DBG Sending PREPARE. senderID=0 sn=103 view=0
15:28:02.565 DBG Sending COMMIT. senderID=0 sn=103 view=0
15:28:02.567 INF Committed entry. latency=0 nReq=0 sn=103
15:28:02.568 INF Delivered batch. nReq=0 sn=103
15:28:02.568 INF Delivered batch. nReq=64 sn=104
15:28:02.568 INF Delivered batch. nReq=65 sn=105
15:28:02.568 INF Delivered batch. nReq=64 sn=106
15:28:02.568 DBG Starting timer. sn=107 view=0
15:28:08.563 INF Handling PREPREPARE. nReq=0 senderID=3 sn=107
15:28:08.564 DBG Creating new Batch. nReq=0
15:28:08.564 DBG Sending PREPARE. senderID=0 sn=107 view=0
15:28:08.569 DBG Sending COMMIT. senderID=0 sn=107 view=0
15:28:08.573 INF Committed entry. latency=0 nReq=0 sn=107
15:28:08.574 INF Delivered batch. nReq=0 sn=107
15:28:08.574 INF Delivered batch. nReq=64 sn=108
15:28:08.574 INF Delivered batch. nReq=63 sn=109
15:28:08.574 INF Delivered batch. nReq=64 sn=110
15:28:08.574 DBG Starting timer. sn=111 view=0
15:28:14.566 INF Handling PREPREPARE. nReq=0 senderID=3 sn=111
15:28:14.566 DBG Creating new Batch. nReq=0
15:28:14.566 DBG Sending PREPARE. senderID=0 sn=111 view=0
15:28:14.568 DBG Sending COMMIT. senderID=0 sn=111 view=0
15:28:14.583 INF Committed entry. latency=0 nReq=0 sn=111
15:28:14.584 INF Delivered batch. nReq=0 sn=111
15:28:14.584 INF Delivered batch. nReq=64 sn=112
15:28:14.584 INF Delivered batch. nReq=65 sn=113
15:28:14.584 INF Delivered batch. nReq=66 sn=114
15:28:14.584 DBG Starting timer. sn=115 view=0
15:28:20.568 INF Handling PREPREPARE. nReq=0 senderID=3 sn=115
15:28:20.568 DBG Creating new Batch. nReq=0
15:28:20.568 DBG Sending PREPARE. senderID=0 sn=115 view=0
15:28:20.569 DBG Sending COMMIT. senderID=0 sn=115 view=0
15:28:20.573 INF Committed entry. latency=0 nReq=0 sn=115
15:28:20.573 INF Delivered batch. nReq=0 sn=115
15:28:20.573 INF Delivered batch. nReq=64 sn=116
15:28:20.573 INF Delivered batch. nReq=63 sn=117
15:28:20.573 INF Delivered batch. nReq=63 sn=118
15:28:20.574 DBG Starting timer. sn=119 view=0
15:28:26.569 INF Handling PREPREPARE. nReq=0 senderID=3 sn=119
15:28:26.570 DBG Creating new Batch. nReq=0
15:28:26.570 DBG Sending PREPARE. senderID=0 sn=119 view=0
15:28:26.575 DBG Sending COMMIT. senderID=0 sn=119 view=0
15:28:26.576 INF Committed entry. latency=0 nReq=0 sn=119
15:28:26.576 INF Delivered batch. nReq=0 sn=119
15:28:26.576 INF Delivered batch. nReq=65 sn=120
15:28:26.576 INF Delivered batch. nReq=66 sn=121
15:28:26.576 INF Delivered batch. nReq=66 sn=122
15:28:26.576 DBG Starting timer. sn=123 view=0
15:28:32.573 INF Handling PREPREPARE. nReq=0 senderID=3 sn=123
15:28:32.574 DBG Creating new Batch. nReq=0
15:28:32.574 DBG Sending PREPARE. senderID=0 sn=123 view=0
15:28:32.578 DBG Sending COMMIT. senderID=0 sn=123 view=0
15:28:32.578 INF Committed entry. latency=0 nReq=0 sn=123
15:28:32.578 INF Delivered batch. nReq=0 sn=123
15:28:32.578 INF Delivered batch. nReq=64 sn=124
15:28:32.578 INF Delivered batch. nReq=65 sn=125
15:28:32.578 INF Delivered batch. nReq=63 sn=126
15:28:32.579 DBG Starting timer. sn=127 view=0
15:28:38.579 INF Handling PREPREPARE. nReq=0 senderID=3 sn=127
15:28:38.579 DBG Creating new Batch. nReq=0
15:28:38.579 DBG Sending PREPARE. senderID=0 sn=127 view=0
15:28:38.581 DBG Sending COMMIT. senderID=0 sn=127 view=0
15:28:38.581 INF Committed entry. latency=0 nReq=0 sn=127
15:28:38.582 INF Delivered batch. nReq=0 sn=127
15:28:38.582 INF Delivered batch. nReq=9 sn=128
15:28:38.582 INF Delivered batch. nReq=5 sn=129
15:28:38.582 INF Delivered batch. nReq=6 sn=130
15:28:38.582 DBG Starting timer. sn=131 view=0
15:28:38.791 INF Connection terminated. error="rpc error: code = Canceled desc = context canceled" address=127.0.0.1:56896
15:28:38.792 INF Finished sending bucket assignments to client. clId=0
15:28:39.391 INF Stopping profiler.
15:28:39.391 INF Stopping Tracer. events=684 fileName=experiment-output/0000/slave-001/peer.trc
==================
WARNING: DATA RACE
Read at 0x00c0007a0050 by goroutine 91:
  runtime.racereadrange()
      <autogenerated>:1 +0x1b
  github.com/hyperledger-labs/mirbft/tracing.(*BufferedTrace).StopOnSignal.func1()
      /opt/gopath/src/github.com/hyperledger-labs/mirbft/tracing/bufferedtrace.go:298 +0x4e

Previous write at 0x00c0007a0050 by goroutine 391:
  github.com/hyperledger-labs/mirbft/tracing.(*BufferedTrace).Event()
      /opt/gopath/src/github.com/hyperledger-labs/mirbft/tracing/bufferedtrace.go:105 +0x2d9
  github.com/hyperledger-labs/mirbft/manager.(*MirManager).handleLogEntries()
      /opt/gopath/src/github.com/hyperledger-labs/mirbft/manager/mirmanager.go:139 +0x1d8
  github.com/hyperledger-labs/mirbft/manager.(*MirManager).Start·dwrap·7()
      /opt/gopath/src/github.com/hyperledger-labs/mirbft/manager/mirmanager.go:101 +0x47

Goroutine 91 (running) created at:
  github.com/hyperledger-labs/mirbft/tracing.(*BufferedTrace).StopOnSignal()
      /opt/gopath/src/github.com/hyperledger-labs/mirbft/tracing/bufferedtrace.go:292 +0x172
  main.setUpTracing()
      /opt/gopath/src/github.com/hyperledger-labs/mirbft/cmd/orderingpeer/main.go:204 +0xf5
  main.main()
      /opt/gopath/src/github.com/hyperledger-labs/mirbft/cmd/orderingpeer/main.go:98 +0x9d6

Goroutine 391 (running) created at:
  github.com/hyperledger-labs/mirbft/manager.(*MirManager).Start()
      /opt/gopath/src/github.com/hyperledger-labs/mirbft/manager/mirmanager.go:101 +0x19e
  main.main·dwrap·4()
      /opt/gopath/src/github.com/hyperledger-labs/mirbft/cmd/orderingpeer/main.go:168 +0x59
==================
==================
WARNING: DATA RACE
Read at 0x00c0007a6ab8 by goroutine 91:
  runtime.racereadrange()
      <autogenerated>:1 +0x1b
  github.com/hyperledger-labs/mirbft/tracing.(*BufferedTrace).StopOnSignal.func1()
      /opt/gopath/src/github.com/hyperledger-labs/mirbft/tracing/bufferedtrace.go:298 +0x4e

Previous write at 0x00c0007a6ab8 by goroutine 90:
  github.com/hyperledger-labs/mirbft/tracing.(*BufferedTrace).Event()
      /opt/gopath/src/github.com/hyperledger-labs/mirbft/tracing/bufferedtrace.go:105 +0x2d9
  github.com/hyperledger-labs/mirbft/profiling.StartCPUTracing.func1()
      /opt/gopath/src/github.com/hyperledger-labs/mirbft/profiling/cpuusage.go:31 +0x95

Goroutine 91 (running) created at:
  github.com/hyperledger-labs/mirbft/tracing.(*BufferedTrace).StopOnSignal()
      /opt/gopath/src/github.com/hyperledger-labs/mirbft/tracing/bufferedtrace.go:292 +0x172
  main.setUpTracing()
      /opt/gopath/src/github.com/hyperledger-labs/mirbft/cmd/orderingpeer/main.go:204 +0xf5
  main.main()
      /opt/gopath/src/github.com/hyperledger-labs/mirbft/cmd/orderingpeer/main.go:98 +0x9d6

Goroutine 90 (running) created at:
  github.com/hyperledger-labs/mirbft/profiling.StartCPUTracing()
      /opt/gopath/src/github.com/hyperledger-labs/mirbft/profiling/cpuusage.go:28 +0xb6
  main.setUpTracing()
      /opt/gopath/src/github.com/hyperledger-labs/mirbft/cmd/orderingpeer/main.go:196 +0x85
  main.main()
      /opt/gopath/src/github.com/hyperledger-labs/mirbft/cmd/orderingpeer/main.go:98 +0x9d6
==================
15:28:39.409 INF Trace data written.
15:28:39.577 INF Profile data written. filename=experiment-output/0000/slave-001/prof.cpu name=cpu
15:28:39.713 INF Profile data written. filename=experiment-output/0000/slave-001/prof.block name=block
15:28:39.769 INF Profile data written. filename=experiment-output/0000/slave-001/prof.mutex name=mutex
