{"level":"debug","Logging":"info","time":"2023-07-16T01:47:16Z","message":"Config"}
{"level":"debug","UseTLS":false,"time":"2023-07-16T01:47:16Z","message":"Config"}
{"level":"debug","CACertFile":"tls-data/ca.pem","time":"2023-07-16T01:47:16Z","message":"Config"}
{"level":"debug","KeyFile":"tls-data/auth.key","time":"2023-07-16T01:47:16Z","message":"Config"}
{"level":"debug","CertFile":"tls-data/auth.pem","time":"2023-07-16T01:47:16Z","message":"Config"}
{"level":"debug","PriorityConnections":2,"time":"2023-07-16T01:47:16Z","message":"Config"}
{"level":"debug","BasicConnections":1,"time":"2023-07-16T01:47:16Z","message":"Config"}
{"level":"debug","TestConnections":false,"time":"2023-07-16T01:47:16Z","message":"Config"}
{"level":"debug","ExcessConnections":1,"time":"2023-07-16T01:47:16Z","message":"Config"}
{"level":"debug","ConnectionTestMsgs":4,"time":"2023-07-16T01:47:16Z","message":"Config"}
{"level":"debug","ConnectionTestPayload":131072,"time":"2023-07-16T01:47:16Z","message":"Config"}
{"level":"debug","OutMessageBufsize":1024,"time":"2023-07-16T01:47:16Z","message":"Config"}
{"level":"debug","OutMessageBufsize":4,"time":"2023-07-16T01:47:16Z","message":"Config"}
{"level":"debug","ThroughputCap":131072000,"time":"2023-07-16T01:47:16Z","message":"Config"}
{"level":"debug","StragglerTolerance":1000,"time":"2023-07-16T01:47:16Z","message":"Config"}
{"level":"debug","BatchSizeIncrement":256,"time":"2023-07-16T01:47:16Z","message":"Config"}
{"level":"debug","Orderer":"Pbft","time":"2023-07-16T01:47:16Z","message":"Config"}
{"level":"debug","Manager":"Mir","time":"2023-07-16T01:47:16Z","message":"Config"}
{"level":"debug","Failures":0,"time":"2023-07-16T01:47:16Z","message":"Config"}
{"level":"debug","CrashTiming":"Straggler","time":"2023-07-16T01:47:16Z","message":"Config"}
{"level":"debug","CheckpointInterval":512,"time":"2023-07-16T01:47:16Z","message":"Config"}
{"level":"debug","WatermarkWindowSize":512,"time":"2023-07-16T01:47:16Z","message":"Config"}
{"level":"debug","EpochLength":512,"time":"2023-07-16T01:47:16Z","message":"Config"}
{"level":"debug","SegmentLength":32,"time":"2023-07-16T01:47:16Z","message":"Config"}
{"level":"debug","WaitForCheckpoints":true,"time":"2023-07-16T01:47:16Z","message":"Config"}
{"level":"debug","ClientWatermarkWindowSize":16384,"time":"2023-07-16T01:47:16Z","message":"Config"}
{"level":"debug","ClientRequestBacklogSize":16384,"time":"2023-07-16T01:47:16Z","message":"Config"}
{"level":"debug","RandomSeed":25199,"time":"2023-07-16T01:47:16Z","message":"Config"}
{"level":"debug","NodeToLeaderRatio":1,"time":"2023-07-16T01:47:16Z","message":"Config"}
{"level":"debug","LeaderPolicy":"Simple","time":"2023-07-16T01:47:16Z","message":"Config"}
{"level":"debug","DefaultLeaderBan":2,"time":"2023-07-16T01:47:16Z","message":"Config"}
{"level":"debug","NumBuckets":256,"time":"2023-07-16T01:47:16Z","message":"Config"}
{"level":"debug","BatchSize":2000,"time":"2023-07-16T01:47:16Z","message":"Config"}
{"level":"debug","DisabledViewChange":false,"time":"2023-07-16T01:47:16Z","message":"Config"}
{"level":"debug","ViewChangeTimeout":60000,"time":"2023-07-16T01:47:16Z","message":"Config"}
{"level":"debug","ClientTraceSampling":10,"time":"2023-07-16T01:47:16Z","message":"Config"}
{"level":"debug","EventBufferSize":2097152,"time":"2023-07-16T01:47:16Z","message":"Config"}
{"level":"debug","TraceSampling":1,"time":"2023-07-16T01:47:16Z","message":"Config"}
{"level":"debug","ClientsPerProcess":8,"time":"2023-07-16T01:47:16Z","message":"Config"}
{"level":"debug","RequestsPerClient":7031,"time":"2023-07-16T01:47:16Z","message":"Config"}
{"level":"debug","ClientRunTime":30000,"time":"2023-07-16T01:47:16Z","message":"Config"}
{"level":"debug","RequestRate":117,"time":"2023-07-16T01:47:16Z","message":"Config"}
{"level":"debug","HardRequestRateLimit":false,"time":"2023-07-16T01:47:16Z","message":"Config"}
{"level":"debug","RequestPayloadSize":500,"time":"2023-07-16T01:47:16Z","message":"Config"}
{"level":"debug","SignRequests":true,"time":"2023-07-16T01:47:16Z","message":"Config"}
{"level":"debug","ClientPrivKeyFile":"tls-data/client-ecdsa-256.key","time":"2023-07-16T01:47:16Z","message":"Config"}
{"level":"debug","ClientPubKeyFile":"tls-data/client-ecdsa-256.pem","time":"2023-07-16T01:47:16Z","message":"Config"}
{"level":"debug","PrecomputeRequests":false,"time":"2023-07-16T01:47:16Z","message":"Config"}
{"level":"debug","RequestHandlerThreads":32,"time":"2023-07-16T01:47:16Z","message":"Config"}
{"level":"debug","RequestInputChannelBuffer":8192,"time":"2023-07-16T01:47:16Z","message":"Config"}
{"level":"debug","BatchVerifier":"external","time":"2023-07-16T01:47:16Z","message":"Config"}
01:47:16.206 INF Started Profiler: CPU
01:47:16.206 INF Started Profiler: BLOCK
01:47:16.206 INF Started Profiler: MUTEX
01:47:16.206 INF Starting clients. numClients=8 numRequests=7031
01:47:16.206 INF Initilizing clients.
01:47:16.460 INF Registared with discovery server. numOrderers=17 ownClientId=9
01:47:16.498 INF Registared with discovery server. numOrderers=17 ownClientId=14
01:47:16.508 INF Registared with discovery server. numOrderers=17 ownClientId=81
01:47:16.521 INF Registared with discovery server. numOrderers=17 ownClientId=60
01:47:16.540 INF Registared with discovery server. numOrderers=17 ownClientId=135
01:47:16.546 INF Registared with discovery server. numOrderers=17 ownClientId=172
01:47:16.557 INF Registared with discovery server. numOrderers=17 ownClientId=165
01:47:16.561 INF Registared with discovery server. numOrderers=17 ownClientId=187
01:47:16.561 INF Clients initialized.
01:47:16.561 INF Launching clients.
01:47:16.561 INF Waiting for clients.
01:49:39.210 INF Stopping Tracer. events=1683 fileName=experiment-output/0000/slave-009/client-135.trc
01:49:39.213 INF Trace data written.
01:49:39.223 INF Stopping Tracer. events=1633 fileName=experiment-output/0000/slave-009/client-009.trc
01:49:39.226 INF Trace data written.
01:49:39.234 INF Stopping Tracer. events=1812 fileName=experiment-output/0000/slave-009/client-060.trc
01:49:39.237 INF Trace data written.
01:49:39.238 INF Stopping Tracer. events=1942 fileName=experiment-output/0000/slave-009/client-172.trc
01:49:39.241 INF Trace data written.
01:49:39.251 INF Stopping Tracer. events=1632 fileName=experiment-output/0000/slave-009/client-187.trc
01:49:39.254 INF Trace data written.
01:49:39.258 INF Stopping Tracer. events=1857 fileName=experiment-output/0000/slave-009/client-014.trc
01:49:39.262 INF Trace data written.
01:49:39.275 INF Stopping Tracer. events=1706 fileName=experiment-output/0000/slave-009/client-165.trc
01:49:39.275 INF Stopping Tracer. events=1775 fileName=experiment-output/0000/slave-009/client-081.trc
01:49:39.279 INF Trace data written.
01:49:39.279 INF Trace data written.
01:49:39.279 INF Done.
01:49:39.279 INF Stopping profiler.
zerolog: could not write event: write experiment-output/0000/slave-009/client-135.log: file already closed
zerolog: could not write event: write experiment-output/0000/slave-009/client-009.log: file already closed
zerolog: could not write event: write experiment-output/0000/slave-009/client-009.log: file already closed
zerolog: could not write event: write experiment-output/0000/slave-009/client-060.log: file already closed
zerolog: could not write event: write experiment-output/0000/slave-009/client-135.log: file already closed
zerolog: could not write event: write experiment-output/0000/slave-009/client-009.log: file already closed
zerolog: could not write event: write experiment-output/0000/slave-009/client-060.log: file already closed
zerolog: could not write event: write experiment-output/0000/slave-009/client-135.log: file already closed
zerolog: could not write event: write experiment-output/0000/slave-009/client-135.log: file already closed
zerolog: could not write event: write experiment-output/0000/slave-009/client-060.log: file already closed
zerolog: could not write event: write experiment-output/0000/slave-009/client-060.log: file already closed
zerolog: could not write event: write experiment-output/0000/slave-009/client-187.log: file already closed
zerolog: could not write event: write experiment-output/0000/slave-009/client-135.log: file already closed
zerolog: could not write event: write experiment-output/0000/slave-009/client-172.log: file already closed
zerolog: could not write event: write experiment-output/0000/slave-009/client-135.log: file already closed
zerolog: could not write event: write experiment-output/0000/slave-009/client-135.log: file already closed
zerolog: could not write event: write experiment-output/0000/slave-009/client-135.log: file already closed
zerolog: could not write event: write experiment-output/0000/slave-009/client-135.log: file already closed
zerolog: could not write event: write experiment-output/0000/slave-009/client-060.log: file already closed
zerolog: could not write event: write experiment-output/0000/slave-009/client-135.log: file already closed
zerolog: could not write event: write experiment-output/0000/slave-009/client-060.log: file already closed
zerolog: could not write event: write experiment-output/0000/slave-009/client-187.log: file already closed
zerolog: could not write event: write experiment-output/0000/slave-009/client-135.log: file already closed
zerolog: could not write event: write experiment-output/0000/slave-009/client-172.log: file already closed
zerolog: could not write event: write experiment-output/0000/slave-009/client-009.log: file already closed
zerolog: could not write event: write experiment-output/0000/slave-009/client-135.log: file already closed
zerolog: could not write event: write experiment-output/0000/slave-009/client-135.log: file already closed
zerolog: could not write event: write experiment-output/0000/slave-009/client-009.log: file already closed
zerolog: could not write event: write experiment-output/0000/slave-009/client-135.log: file already closed
zerolog: could not write event: write experiment-output/0000/slave-009/client-009.log: file already closed
zerolog: could not write event: write experiment-output/0000/slave-009/client-135.log: file already closed
zerolog: could not write event: write experiment-output/0000/slave-009/client-172.log: file already closed
zerolog: could not write event: write experiment-output/0000/slave-009/client-135.log: file already closed
zerolog: could not write event: write experiment-output/0000/slave-009/client-060.log: file already closed
zerolog: could not write event: write experiment-output/0000/slave-009/client-060.log: file already closed
zerolog: could not write event: write experiment-output/0000/slave-009/client-060.log: file already closed
zerolog: could not write event: write experiment-output/0000/slave-009/client-135.log: file already closed
zerolog: could not write event: write experiment-output/0000/slave-009/client-187.log: file already closed
zerolog: could not write event: write experiment-output/0000/slave-009/client-187.log: file already closed
zerolog: could not write event: write experiment-output/0000/slave-009/client-009.log: file already closed
zerolog: could not write event: write experiment-output/0000/slave-009/client-014.log: file already closed
zerolog: could not write event: write experiment-output/0000/slave-009/client-060.log: file already closed
zerolog: could not write event: write experiment-output/0000/slave-009/client-009.log: file already closed
zerolog: could not write event: write experiment-output/0000/slave-009/client-172.log: file already closed
zerolog: could not write event: write experiment-output/0000/slave-009/client-172.log: file already closed
zerolog: could not write event: write experiment-output/0000/slave-009/client-172.log: file already closed
zerolog: could not write event: write experiment-output/0000/slave-009/client-081.log: file already closed
zerolog: could not write event: write experiment-output/0000/slave-009/client-172.log: file already closed
zerolog: could not write event: write experiment-output/0000/slave-009/client-172.log: file already closed
zerolog: could not write event: write experiment-output/0000/slave-009/client-187.log: file already closed
zerolog: could not write event: write experiment-output/0000/slave-009/client-009.log: file already closed
zerolog: could not write event: write experiment-output/0000/slave-009/client-060.log: file already closed
zerolog: could not write event: write experiment-output/0000/slave-009/client-172.log: file already closed
zerolog: could not write event: write experiment-output/0000/slave-009/client-009.log: file already closed
zerolog: could not write event: write experiment-output/0000/slave-009/client-060.log: file already closed
zerolog: could not write event: write experiment-output/0000/slave-009/client-009.log: file already closed
zerolog: could not write event: write experiment-output/0000/slave-009/client-009.log: file already closed
zerolog: could not write event: write experiment-output/0000/slave-009/client-172.log: file already closed
zerolog: could not write event: write experiment-output/0000/slave-009/client-014.log: file already closed
zerolog: could not write event: write experiment-output/0000/slave-009/client-009.log: file already closed
zerolog: could not write event: write experiment-output/0000/slave-009/client-165.log: file already closed
zerolog: could not write event: write experiment-output/0000/slave-009/client-172.log: file already closed
zerolog: could not write event: write experiment-output/0000/slave-009/client-187.log: file already closed
zerolog: could not write event: write experiment-output/0000/slave-009/client-187.log: file already closed
zerolog: could not write event: write experiment-output/0000/slave-009/client-060.log: file already closed
zerolog: could not write event: write experiment-output/0000/slave-009/client-009.log: file already closed
zerolog: could not write event: write experiment-output/0000/slave-009/client-172.log: file already closed
zerolog: could not write event: write experiment-output/0000/slave-009/client-172.log: file already closed
zerolog: could not write event: write experiment-output/0000/slave-009/client-060.log: file already closed
zerolog: could not write event: write experiment-output/0000/slave-009/client-172.log: file already closed
zerolog: could not write event: write experiment-output/0000/slave-009/client-009.log: file already closed
zerolog: could not write event: write experiment-output/0000/slave-009/client-014.log: file already closed
zerolog: could not write event: write experiment-output/0000/slave-009/client-009.log: file already closed
zerolog: could not write event: write experiment-output/0000/slave-009/client-187.log: file already closed
zerolog: could not write event: write experiment-output/0000/slave-009/client-081.log: file already closed
zerolog: could not write event: write experiment-output/0000/slave-009/client-014.log: file already closed
zerolog: could not write event: write experiment-output/0000/slave-009/client-172.log: file already closed
zerolog: could not write event: write experiment-output/0000/slave-009/client-187.log: file already closed
zerolog: could not write event: write experiment-output/0000/slave-009/client-187.log: file already closed
zerolog: could not write event: write experiment-output/0000/slave-009/client-060.log: file already closed
zerolog: could not write event: write experiment-output/0000/slave-009/client-165.log: file already closed
zerolog: could not write event: write experiment-output/0000/slave-009/client-081.log: file already closed
zerolog: could not write event: write experiment-output/0000/slave-009/client-009.log: file already closed
zerolog: could not write event: write experiment-output/0000/slave-009/client-014.log: file already closed
zerolog: could not write event: write experiment-output/0000/slave-009/client-187.log: file already closed
zerolog: could not write event: write experiment-output/0000/slave-009/client-187.log: file already closed
zerolog: could not write event: write experiment-output/0000/slave-009/client-014.log: file already closed
zerolog: could not write event: write experiment-output/0000/slave-009/client-172.log: file already closed
zerolog: could not write event: write experiment-output/0000/slave-009/client-165.log: file already closed
zerolog: could not write event: write experiment-output/0000/slave-009/client-081.log: file already closed
zerolog: could not write event: write experiment-output/0000/slave-009/client-060.log: file already closed
zerolog: could not write event: write experiment-output/0000/slave-009/client-187.log: file already closed
zerolog: could not write event: write experiment-output/0000/slave-009/client-081.log: file already closed
zerolog: could not write event: write experiment-output/0000/slave-009/client-187.log: file already closed
zerolog: could not write event: write experiment-output/0000/slave-009/client-187.log: file already closed
zerolog: could not write event: write experiment-output/0000/slave-009/client-081.log: file already closed
zerolog: could not write event: write experiment-output/0000/slave-009/client-165.log: file already closed
zerolog: could not write event: write experiment-output/0000/slave-009/client-172.log: file already closed
zerolog: could not write event: write experiment-output/0000/slave-009/client-060.log: file already closed
zerolog: could not write event: write experiment-output/0000/slave-009/client-014.log: file already closed
zerolog: could not write event: write experiment-output/0000/slave-009/client-165.log: file already closed
zerolog: could not write event: write experiment-output/0000/slave-009/client-165.log: file already closed
zerolog: could not write event: write experiment-output/0000/slave-009/client-014.log: file already closed
zerolog: could not write event: write experiment-output/0000/slave-009/client-014.log: file already closed
zerolog: could not write event: write experiment-output/0000/slave-009/client-081.log: file already closed
zerolog: could not write event: write experiment-output/0000/slave-009/client-187.log: file already closed
zerolog: could not write event: write experiment-output/0000/slave-009/client-014.log: file already closed
zerolog: could not write event: write experiment-output/0000/slave-009/client-165.log: file already closed
zerolog: could not write event: write experiment-output/0000/slave-009/client-014.log: file already closed
zerolog: could not write event: write experiment-output/0000/slave-009/client-165.log: file already closed
zerolog: could not write event: write experiment-output/0000/slave-009/client-081.log: file already closed
zerolog: could not write event: write experiment-output/0000/slave-009/client-014.log: file already closed
zerolog: could not write event: write experiment-output/0000/slave-009/client-014.log: file already closed
zerolog: could not write event: write experiment-output/0000/slave-009/client-165.log: file already closed
zerolog: could not write event: write experiment-output/0000/slave-009/client-187.log: file already closed
zerolog: could not write event: write experiment-output/0000/slave-009/client-081.log: file already closed
zerolog: could not write event: write experiment-output/0000/slave-009/client-165.log: file already closed
zerolog: could not write event: write experiment-output/0000/slave-009/client-165.log: file already closed
zerolog: could not write event: write experiment-output/0000/slave-009/client-081.log: file already closed
zerolog: could not write event: write experiment-output/0000/slave-009/client-081.log: file already closed
zerolog: could not write event: write experiment-output/0000/slave-009/client-081.log: file already closed
zerolog: could not write event: write experiment-output/0000/slave-009/client-165.log: file already closed
zerolog: could not write event: write experiment-output/0000/slave-009/client-014.log: file already closed
zerolog: could not write event: write experiment-output/0000/slave-009/client-014.log: file already closed
zerolog: could not write event: write experiment-output/0000/slave-009/client-081.log: file already closed
zerolog: could not write event: write experiment-output/0000/slave-009/client-081.log: file already closed
zerolog: could not write event: write experiment-output/0000/slave-009/client-014.log: file already closed
zerolog: could not write event: write experiment-output/0000/slave-009/client-014.log: file already closed
zerolog: could not write event: write experiment-output/0000/slave-009/client-081.log: file already closed
zerolog: could not write event: write experiment-output/0000/slave-009/client-165.log: file already closed
zerolog: could not write event: write experiment-output/0000/slave-009/client-081.log: file already closed
zerolog: could not write event: write experiment-output/0000/slave-009/client-165.log: file already closed
zerolog: could not write event: write experiment-output/0000/slave-009/client-165.log: file already closed
zerolog: could not write event: write experiment-output/0000/slave-009/client-165.log: file already closed
zerolog: could not write event: write experiment-output/0000/slave-009/client-081.log: file already closed
zerolog: could not write event: write experiment-output/0000/slave-009/client-165.log: file already closed
01:49:39.428 INF Profile data written. filename=experiment-output/0000/slave-009/prof-client.cpu name=cpu
01:49:39.445 INF Profile data written. filename=experiment-output/0000/slave-009/prof-client.block name=block
01:49:39.449 INF Profile data written. filename=experiment-output/0000/slave-009/prof-client.mutex name=mutex
