{"level":"debug","Logging":"info","time":"2023-03-19T16:45:05Z","message":"Config"}
{"level":"debug","UseTLS":false,"time":"2023-03-19T16:45:05Z","message":"Config"}
{"level":"debug","CACertFile":"tls-data/ca.pem","time":"2023-03-19T16:45:05Z","message":"Config"}
{"level":"debug","KeyFile":"tls-data/auth.key","time":"2023-03-19T16:45:05Z","message":"Config"}
{"level":"debug","CertFile":"tls-data/auth.pem","time":"2023-03-19T16:45:05Z","message":"Config"}
{"level":"debug","PriorityConnections":2,"time":"2023-03-19T16:45:05Z","message":"Config"}
{"level":"debug","BasicConnections":1,"time":"2023-03-19T16:45:05Z","message":"Config"}
{"level":"debug","TestConnections":false,"time":"2023-03-19T16:45:05Z","message":"Config"}
{"level":"debug","ExcessConnections":1,"time":"2023-03-19T16:45:05Z","message":"Config"}
{"level":"debug","ConnectionTestMsgs":4,"time":"2023-03-19T16:45:05Z","message":"Config"}
{"level":"debug","ConnectionTestPayload":131072,"time":"2023-03-19T16:45:05Z","message":"Config"}
{"level":"debug","OutMessageBufsize":1024,"time":"2023-03-19T16:45:05Z","message":"Config"}
{"level":"debug","OutMessageBufsize":4,"time":"2023-03-19T16:45:05Z","message":"Config"}
{"level":"debug","ThroughputCap":131072000,"time":"2023-03-19T16:45:05Z","message":"Config"}
{"level":"debug","StragglerTolerance":1000,"time":"2023-03-19T16:45:05Z","message":"Config"}
{"level":"debug","BatchSizeIncrement":256,"time":"2023-03-19T16:45:05Z","message":"Config"}
{"level":"debug","Orderer":"Pbft","time":"2023-03-19T16:45:05Z","message":"Config"}
{"level":"debug","Manager":"Mir","time":"2023-03-19T16:45:05Z","message":"Config"}
{"level":"debug","Failures":0,"time":"2023-03-19T16:45:05Z","message":"Config"}
{"level":"debug","StragglerCnt":0,"time":"2023-03-19T16:45:05Z","message":"Config"}
{"level":"debug","CrashTiming":"Straggler","time":"2023-03-19T16:45:05Z","message":"Config"}
{"level":"debug","CheckpointInterval":256,"time":"2023-03-19T16:45:05Z","message":"Config"}
{"level":"debug","WatermarkWindowSize":256,"time":"2023-03-19T16:45:05Z","message":"Config"}
{"level":"debug","EpochLength":256,"time":"2023-03-19T16:45:05Z","message":"Config"}
{"level":"debug","SegmentLength":16,"time":"2023-03-19T16:45:05Z","message":"Config"}
{"level":"debug","WaitForCheckpoints":true,"time":"2023-03-19T16:45:05Z","message":"Config"}
{"level":"debug","ClientWatermarkWindowSize":16384,"time":"2023-03-19T16:45:05Z","message":"Config"}
{"level":"debug","ClientRequestBacklogSize":16384,"time":"2023-03-19T16:45:05Z","message":"Config"}
{"level":"debug","RandomSeed":27041,"time":"2023-03-19T16:45:05Z","message":"Config"}
{"level":"debug","NodeToLeaderRatio":1,"time":"2023-03-19T16:45:05Z","message":"Config"}
{"level":"debug","LeaderPolicy":"Simple","time":"2023-03-19T16:45:05Z","message":"Config"}
{"level":"debug","DefaultLeaderBan":2,"time":"2023-03-19T16:45:05Z","message":"Config"}
{"level":"debug","NumBuckets":256,"time":"2023-03-19T16:45:05Z","message":"Config"}
{"level":"debug","BatchSize":1000,"time":"2023-03-19T16:45:05Z","message":"Config"}
{"level":"debug","DisabledViewChange":false,"time":"2023-03-19T16:45:05Z","message":"Config"}
{"level":"debug","ViewChangeTimeout":60000,"time":"2023-03-19T16:45:05Z","message":"Config"}
{"level":"debug","ClientTraceSampling":10,"time":"2023-03-19T16:45:05Z","message":"Config"}
{"level":"debug","EventBufferSize":2097152,"time":"2023-03-19T16:45:05Z","message":"Config"}
{"level":"debug","TraceSampling":1,"time":"2023-03-19T16:45:05Z","message":"Config"}
{"level":"debug","ClientsPerProcess":8,"time":"2023-03-19T16:45:05Z","message":"Config"}
{"level":"debug","RequestsPerClient":15234,"time":"2023-03-19T16:45:05Z","message":"Config"}
{"level":"debug","ClientRunTime":15000,"time":"2023-03-19T16:45:05Z","message":"Config"}
{"level":"debug","RequestRate":507,"time":"2023-03-19T16:45:05Z","message":"Config"}
{"level":"debug","HardRequestRateLimit":false,"time":"2023-03-19T16:45:05Z","message":"Config"}
{"level":"debug","RequestPayloadSize":500,"time":"2023-03-19T16:45:05Z","message":"Config"}
{"level":"debug","SignRequests":true,"time":"2023-03-19T16:45:05Z","message":"Config"}
{"level":"debug","ClientPrivKeyFile":"tls-data/client-ecdsa-256.key","time":"2023-03-19T16:45:05Z","message":"Config"}
{"level":"debug","ClientPubKeyFile":"tls-data/client-ecdsa-256.pem","time":"2023-03-19T16:45:05Z","message":"Config"}
{"level":"debug","PrecomputeRequests":false,"time":"2023-03-19T16:45:05Z","message":"Config"}
{"level":"debug","RequestHandlerThreads":32,"time":"2023-03-19T16:45:05Z","message":"Config"}
{"level":"debug","RequestInputChannelBuffer":8192,"time":"2023-03-19T16:45:05Z","message":"Config"}
{"level":"debug","BatchVerifier":"external","time":"2023-03-19T16:45:05Z","message":"Config"}
16:45:05.670 INF Started Profiler: CPU
16:45:05.670 INF Started Profiler: BLOCK
16:45:05.670 INF Started Profiler: MUTEX
16:45:05.670 INF Starting clients. numClients=8 numRequests=15234
16:45:05.670 INF Initilizing clients.
16:45:06.066 INF Registared with discovery server. numOrderers=16 ownClientId=138
16:45:06.070 INF Registared with discovery server. numOrderers=16 ownClientId=160
16:45:06.070 INF Registared with discovery server. numOrderers=16 ownClientId=161
16:45:06.070 INF Registared with discovery server. numOrderers=16 ownClientId=175
16:45:06.072 INF Registared with discovery server. numOrderers=16 ownClientId=183
16:45:06.073 INF Registared with discovery server. numOrderers=16 ownClientId=188
16:45:06.073 INF Registared with discovery server. numOrderers=16 ownClientId=190
16:45:06.074 INF Registared with discovery server. numOrderers=16 ownClientId=191
16:45:06.074 INF Clients initialized.
16:45:06.074 INF Launching clients.
16:45:06.074 INF Waiting for clients.
16:45:23.183 INF Stopping Tracer. events=3844 fileName=experiment-output/0009/slave-036/client-175.trc
zerolog: could not write event: write experiment-output/0009/slave-036/client-175.log: file already closed
zerolog: could not write event: write experiment-output/0009/slave-036/client-175.log: file already closed
zerolog: could not write event: write experiment-output/0009/slave-036/client-175.log: file already closed
zerolog: could not write event: write experiment-output/0009/slave-036/client-175.log: file already closed
16:45:23.189 INF Trace data written.
16:45:23.193 INF Stopping Tracer. events=3794 fileName=experiment-output/0009/slave-036/client-161.trc
zerolog: could not write event: write experiment-output/0009/slave-036/client-161.log: file already closed
zerolog: could not write event: write experiment-output/0009/slave-036/client-161.log: file already closed
zerolog: could not write event: write experiment-output/0009/slave-036/client-161.log: file already closed
zerolog: could not write event: write experiment-output/0009/slave-036/client-161.log: file already closed
16:45:23.199 INF Stopping Tracer. events=3831 fileName=experiment-output/0009/slave-036/client-183.trc
zerolog: could not write event: write experiment-output/0009/slave-036/client-183.log: file already closed
zerolog: could not write event: write experiment-output/0009/slave-036/client-183.log: file already closed
zerolog: could not write event: write experiment-output/0009/slave-036/client-183.log: file already closed
zerolog: could not write event: write experiment-output/0009/slave-036/client-183.log: file already closed
16:45:23.200 INF Trace data written.
16:45:23.205 INF Trace data written.
16:45:23.214 INF Stopping Tracer. events=3785 fileName=experiment-output/0009/slave-036/client-190.trc
16:45:23.214 INF Stopping Tracer. events=3711 fileName=experiment-output/0009/slave-036/client-138.trc
16:45:23.215 INF Stopping Tracer. events=3763 fileName=experiment-output/0009/slave-036/client-188.trc
zerolog: could not write event: write experiment-output/0009/slave-036/client-138.log: file already closed
16:45:23.215 INF Stopping Tracer. events=3812 fileName=experiment-output/0009/slave-036/client-191.trc
16:45:23.215 INF Stopping Tracer. events=3796 fileName=experiment-output/0009/slave-036/client-160.trc
zerolog: could not write event: write experiment-output/0009/slave-036/client-190.log: file already closed
zerolog: could not write event: write experiment-output/0009/slave-036/client-190.log: file already closed
zerolog: could not write event: write experiment-output/0009/slave-036/client-188.log: file already closed
zerolog: could not write event: write experiment-output/0009/slave-036/client-188.log: file already closed
zerolog: could not write event: write experiment-output/0009/slave-036/client-190.log: file already closed
zerolog: could not write event: write experiment-output/0009/slave-036/client-191.log: file already closed
zerolog: could not write event: write experiment-output/0009/slave-036/client-138.log: file already closed
zerolog: could not write event: write experiment-output/0009/slave-036/client-138.log: file already closed
zerolog: could not write event: write experiment-output/0009/slave-036/client-191.log: file already closed
zerolog: could not write event: write experiment-output/0009/slave-036/client-190.log: file already closed
zerolog: could not write event: write experiment-output/0009/slave-036/client-188.log: file already closed
zerolog: could not write event: write experiment-output/0009/slave-036/client-191.log: file already closed
zerolog: could not write event: write experiment-output/0009/slave-036/client-138.log: file already closed
zerolog: could not write event: write experiment-output/0009/slave-036/client-160.log: file already closed
zerolog: could not write event: write experiment-output/0009/slave-036/client-188.log: file already closed
zerolog: could not write event: write experiment-output/0009/slave-036/client-160.log: file already closed
zerolog: could not write event: write experiment-output/0009/slave-036/client-191.log: file already closed
zerolog: could not write event: write experiment-output/0009/slave-036/client-160.log: file already closed
zerolog: could not write event: write experiment-output/0009/slave-036/client-160.log: file already closed
16:45:23.221 INF Trace data written.
16:45:23.221 INF Trace data written.
16:45:23.222 INF Trace data written.
16:45:23.224 INF Trace data written.
16:45:23.224 INF Trace data written.
16:45:23.224 INF Done.
16:45:23.224 INF Stopping profiler.
zerolog: could not write event: write experiment-output/0009/slave-036/client-175.log: file already closed
zerolog: could not write event: write experiment-output/0009/slave-036/client-161.log: file already closed
zerolog: could not write event: write experiment-output/0009/slave-036/client-161.log: file already closed
zerolog: could not write event: write experiment-output/0009/slave-036/client-175.log: file already closed
zerolog: could not write event: write experiment-output/0009/slave-036/client-175.log: file already closed
zerolog: could not write event: write experiment-output/0009/slave-036/client-175.log: file already closed
zerolog: could not write event: write experiment-output/0009/slave-036/client-183.log: file already closed
zerolog: could not write event: write experiment-output/0009/slave-036/client-183.log: file already closed
zerolog: could not write event: write experiment-output/0009/slave-036/client-161.log: file already closed
zerolog: could not write event: write experiment-output/0009/slave-036/client-161.log: file already closed
zerolog: could not write event: write experiment-output/0009/slave-036/client-183.log: file already closed
zerolog: could not write event: write experiment-output/0009/slave-036/client-183.log: file already closed
zerolog: could not write event: write experiment-output/0009/slave-036/client-175.log: file already closed
zerolog: could not write event: write experiment-output/0009/slave-036/client-175.log: file already closed
zerolog: could not write event: write experiment-output/0009/slave-036/client-175.log: file already closed
zerolog: could not write event: write experiment-output/0009/slave-036/client-191.log: file already closed
zerolog: could not write event: write experiment-output/0009/slave-036/client-138.log: file already closed
zerolog: could not write event: write experiment-output/0009/slave-036/client-160.log: file already closed
zerolog: could not write event: write experiment-output/0009/slave-036/client-138.log: file already closed
zerolog: could not write event: write experiment-output/0009/slave-036/client-160.log: file already closed
zerolog: could not write event: write experiment-output/0009/slave-036/client-175.log: file already closed
zerolog: could not write event: write experiment-output/0009/slave-036/client-190.log: file already closed
zerolog: could not write event: write experiment-output/0009/slave-036/client-190.log: file already closed
zerolog: could not write event: write experiment-output/0009/slave-036/client-191.log: file already closed
zerolog: could not write event: write experiment-output/0009/slave-036/client-160.log: file already closed
zerolog: could not write event: write experiment-output/0009/slave-036/client-191.log: file already closed
zerolog: could not write event: write experiment-output/0009/slave-036/client-188.log: file already closed
zerolog: could not write event: write experiment-output/0009/slave-036/client-161.log: file already closed
zerolog: could not write event: write experiment-output/0009/slave-036/client-161.log: file already closed
zerolog: could not write event: write experiment-output/0009/slave-036/client-161.log: file already closed
zerolog: could not write event: write experiment-output/0009/slave-036/client-161.log: file already closed
zerolog: could not write event: write experiment-output/0009/slave-036/client-188.log: file already closed
zerolog: could not write event: write experiment-output/0009/slave-036/client-138.log: file already closed
zerolog: could not write event: write experiment-output/0009/slave-036/client-188.log: file already closed
zerolog: could not write event: write experiment-output/0009/slave-036/client-188.log: file already closed
zerolog: could not write event: write experiment-output/0009/slave-036/client-191.log: file already closed
zerolog: could not write event: write experiment-output/0009/slave-036/client-183.log: file already closed
zerolog: could not write event: write experiment-output/0009/slave-036/client-183.log: file already closed
zerolog: could not write event: write experiment-output/0009/slave-036/client-190.log: file already closed
zerolog: could not write event: write experiment-output/0009/slave-036/client-190.log: file already closed
zerolog: could not write event: write experiment-output/0009/slave-036/client-138.log: file already closed
zerolog: could not write event: write experiment-output/0009/slave-036/client-160.log: file already closed
zerolog: could not write event: write experiment-output/0009/slave-036/client-183.log: file already closed
zerolog: could not write event: write experiment-output/0009/slave-036/client-183.log: file already closed
zerolog: could not write event: write experiment-output/0009/slave-036/client-188.log: file already closed
zerolog: could not write event: write experiment-output/0009/slave-036/client-191.log: file already closed
zerolog: could not write event: write experiment-output/0009/slave-036/client-188.log: file already closed
zerolog: could not write event: write experiment-output/0009/slave-036/client-188.log: file already closed
zerolog: could not write event: write experiment-output/0009/slave-036/client-191.log: file already closed
zerolog: could not write event: write experiment-output/0009/slave-036/client-191.log: file already closed
zerolog: could not write event: write experiment-output/0009/slave-036/client-188.log: file already closed
zerolog: could not write event: write experiment-output/0009/slave-036/client-138.log: file already closed
zerolog: could not write event: write experiment-output/0009/slave-036/client-190.log: file already closed
zerolog: could not write event: write experiment-output/0009/slave-036/client-190.log: file already closed
zerolog: could not write event: write experiment-output/0009/slave-036/client-138.log: file already closed
zerolog: could not write event: write experiment-output/0009/slave-036/client-160.log: file already closed
zerolog: could not write event: write experiment-output/0009/slave-036/client-190.log: file already closed
zerolog: could not write event: write experiment-output/0009/slave-036/client-160.log: file already closed
zerolog: could not write event: write experiment-output/0009/slave-036/client-191.log: file already closed
zerolog: could not write event: write experiment-output/0009/slave-036/client-190.log: file already closed
zerolog: could not write event: write experiment-output/0009/slave-036/client-138.log: file already closed
zerolog: could not write event: write experiment-output/0009/slave-036/client-160.log: file already closed
zerolog: could not write event: write experiment-output/0009/slave-036/client-160.log: file already closed
zerolog: could not write event: write experiment-output/0009/slave-036/client-138.log: file already closed
16:45:23.395 INF Profile data written. filename=experiment-output/0009/slave-036/prof-client.cpu name=cpu
zerolog: could not write event: write experiment-output/0009/slave-036/client-175.log: file already closed
zerolog: could not write event: write experiment-output/0009/slave-036/client-175.log: file already closed
zerolog: could not write event: write experiment-output/0009/slave-036/client-175.log: file already closed
zerolog: could not write event: write experiment-output/0009/slave-036/client-175.log: file already closed
zerolog: could not write event: write experiment-output/0009/slave-036/client-161.log: file already closed
zerolog: could not write event: write experiment-output/0009/slave-036/client-161.log: file already closed
zerolog: could not write event: write experiment-output/0009/slave-036/client-161.log: file already closed
16:45:23.410 INF Profile data written. filename=experiment-output/0009/slave-036/prof-client.block name=block
zerolog: could not write event: write experiment-output/0009/slave-036/client-161.log: file already closed
zerolog: could not write event: write experiment-output/0009/slave-036/client-183.log: file already closed
zerolog: could not write event: write experiment-output/0009/slave-036/client-183.log: file already closed
zerolog: could not write event: write experiment-output/0009/slave-036/client-183.log: file already closed
zerolog: could not write event: write experiment-output/0009/slave-036/client-183.log: file already closed
16:45:23.416 INF Profile data written. filename=experiment-output/0009/slave-036/prof-client.mutex name=mutex
