{"level":"debug","Logging":"info","time":"2023-07-11T06:59:50Z","message":"Config"}
{"level":"debug","UseTLS":false,"time":"2023-07-11T06:59:50Z","message":"Config"}
{"level":"debug","CACertFile":"tls-data/ca.pem","time":"2023-07-11T06:59:50Z","message":"Config"}
{"level":"debug","KeyFile":"tls-data/auth.key","time":"2023-07-11T06:59:50Z","message":"Config"}
{"level":"debug","CertFile":"tls-data/auth.pem","time":"2023-07-11T06:59:50Z","message":"Config"}
{"level":"debug","PriorityConnections":2,"time":"2023-07-11T06:59:50Z","message":"Config"}
{"level":"debug","BasicConnections":2,"time":"2023-07-11T06:59:50Z","message":"Config"}
{"level":"debug","TestConnections":false,"time":"2023-07-11T06:59:50Z","message":"Config"}
{"level":"debug","ExcessConnections":1,"time":"2023-07-11T06:59:50Z","message":"Config"}
{"level":"debug","ConnectionTestMsgs":4,"time":"2023-07-11T06:59:50Z","message":"Config"}
{"level":"debug","ConnectionTestPayload":131072,"time":"2023-07-11T06:59:50Z","message":"Config"}
{"level":"debug","OutMessageBufsize":1024,"time":"2023-07-11T06:59:50Z","message":"Config"}
{"level":"debug","OutMessageBufsize":2,"time":"2023-07-11T06:59:50Z","message":"Config"}
{"level":"debug","ThroughputCap":131072000,"time":"2023-07-11T06:59:50Z","message":"Config"}
{"level":"debug","StragglerTolerance":1000,"time":"2023-07-11T06:59:50Z","message":"Config"}
{"level":"debug","BatchSizeIncrement":256,"time":"2023-07-11T06:59:50Z","message":"Config"}
{"level":"debug","Orderer":"Pbft","time":"2023-07-11T06:59:50Z","message":"Config"}
{"level":"debug","Manager":"Mir","time":"2023-07-11T06:59:50Z","message":"Config"}
{"level":"debug","Failures":0,"time":"2023-07-11T06:59:50Z","message":"Config"}
{"level":"debug","StragglerCnt":1,"time":"2023-07-11T06:59:50Z","message":"Config"}
{"level":"debug","CrashTiming":"Straggler","time":"2023-07-11T06:59:50Z","message":"Config"}
{"level":"debug","CheckpointInterval":512,"time":"2023-07-11T06:59:50Z","message":"Config"}
{"level":"debug","WatermarkWindowSize":512,"time":"2023-07-11T06:59:50Z","message":"Config"}
{"level":"debug","EpochLength":512,"time":"2023-07-11T06:59:50Z","message":"Config"}
{"level":"debug","SegmentLength":64,"time":"2023-07-11T06:59:50Z","message":"Config"}
{"level":"debug","WaitForCheckpoints":true,"time":"2023-07-11T06:59:50Z","message":"Config"}
{"level":"debug","ClientWatermarkWindowSize":16384,"time":"2023-07-11T06:59:50Z","message":"Config"}
{"level":"debug","ClientRequestBacklogSize":16384,"time":"2023-07-11T06:59:50Z","message":"Config"}
{"level":"debug","RandomSeed":5987,"time":"2023-07-11T06:59:50Z","message":"Config"}
{"level":"debug","NodeToLeaderRatio":1,"time":"2023-07-11T06:59:50Z","message":"Config"}
{"level":"debug","LeaderPolicy":"Simple","time":"2023-07-11T06:59:50Z","message":"Config"}
{"level":"debug","DefaultLeaderBan":2,"time":"2023-07-11T06:59:50Z","message":"Config"}
{"level":"debug","NumBuckets":128,"time":"2023-07-11T06:59:50Z","message":"Config"}
{"level":"debug","BatchSize":1000,"time":"2023-07-11T06:59:50Z","message":"Config"}
{"level":"debug","DisabledViewChange":false,"time":"2023-07-11T06:59:50Z","message":"Config"}
{"level":"debug","ViewChangeTimeout":60000,"time":"2023-07-11T06:59:50Z","message":"Config"}
{"level":"debug","ClientTraceSampling":10,"time":"2023-07-11T06:59:50Z","message":"Config"}
{"level":"debug","EventBufferSize":2097152,"time":"2023-07-11T06:59:50Z","message":"Config"}
{"level":"debug","TraceSampling":1,"time":"2023-07-11T06:59:50Z","message":"Config"}
{"level":"debug","ClientsPerProcess":8,"time":"2023-07-11T06:59:50Z","message":"Config"}
{"level":"debug","RequestsPerClient":4101,"time":"2023-07-11T06:59:50Z","message":"Config"}
{"level":"debug","ClientRunTime":15000,"time":"2023-07-11T06:59:50Z","message":"Config"}
{"level":"debug","RequestRate":136,"time":"2023-07-11T06:59:50Z","message":"Config"}
{"level":"debug","HardRequestRateLimit":false,"time":"2023-07-11T06:59:50Z","message":"Config"}
{"level":"debug","RequestPayloadSize":500,"time":"2023-07-11T06:59:50Z","message":"Config"}
{"level":"debug","SignRequests":true,"time":"2023-07-11T06:59:50Z","message":"Config"}
{"level":"debug","ClientPrivKeyFile":"tls-data/client-ecdsa-256.key","time":"2023-07-11T06:59:50Z","message":"Config"}
{"level":"debug","ClientPubKeyFile":"tls-data/client-ecdsa-256.pem","time":"2023-07-11T06:59:50Z","message":"Config"}
{"level":"debug","PrecomputeRequests":false,"time":"2023-07-11T06:59:50Z","message":"Config"}
{"level":"debug","RequestHandlerThreads":32,"time":"2023-07-11T06:59:50Z","message":"Config"}
{"level":"debug","RequestInputChannelBuffer":8192,"time":"2023-07-11T06:59:50Z","message":"Config"}
{"level":"debug","BatchVerifier":"external","time":"2023-07-11T06:59:50Z","message":"Config"}
06:59:50.487 INF Started Profiler: CPU
06:59:50.487 INF Started Profiler: BLOCK
06:59:50.487 INF Started Profiler: MUTEX
06:59:50.487 INF Starting clients. numClients=8 numRequests=4101
06:59:50.487 INF Initilizing clients.
06:59:50.728 INF Registared with discovery server. numOrderers=8 ownClientId=9
06:59:50.749 INF Registared with discovery server. numOrderers=8 ownClientId=66
06:59:50.765 INF Registared with discovery server. numOrderers=8 ownClientId=86
06:59:50.783 INF Registared with discovery server. numOrderers=8 ownClientId=97
06:59:50.787 INF Registared with discovery server. numOrderers=8 ownClientId=115
06:59:50.795 INF Registared with discovery server. numOrderers=8 ownClientId=120
06:59:50.799 INF Registared with discovery server. numOrderers=8 ownClientId=186
06:59:50.812 INF Registared with discovery server. numOrderers=8 ownClientId=218
06:59:50.812 INF Clients initialized.
06:59:50.812 INF Launching clients.
06:59:50.812 INF Waiting for clients.
07:01:16.386 INF Stopping Tracer. events=1208 fileName=experiment-output/0001/slave-000/client-009.trc
07:01:16.388 INF Trace data written.
07:01:16.403 INF Stopping Tracer. events=832 fileName=experiment-output/0001/slave-000/client-086.trc
07:01:16.404 INF Trace data written.
07:01:16.416 INF Stopping Tracer. events=1118 fileName=experiment-output/0001/slave-000/client-115.trc
07:01:16.418 INF Trace data written.
07:01:16.421 INF Stopping Tracer. events=827 fileName=experiment-output/0001/slave-000/client-066.trc
07:01:16.421 INF Stopping Tracer. events=832 fileName=experiment-output/0001/slave-000/client-120.trc
07:01:16.423 INF Trace data written.
07:01:16.423 INF Trace data written.
07:01:16.430 INF Stopping Tracer. events=835 fileName=experiment-output/0001/slave-000/client-186.trc
07:01:16.431 INF Trace data written.
07:01:16.449 INF Stopping Tracer. events=1283 fileName=experiment-output/0001/slave-000/client-097.trc
07:01:16.451 INF Trace data written.
07:01:16.452 INF Stopping Tracer. events=828 fileName=experiment-output/0001/slave-000/client-218.trc
07:01:16.453 INF Trace data written.
07:01:16.453 INF Done.
07:01:16.453 INF Stopping profiler.
zerolog: could not write event: write experiment-output/0001/slave-000/client-009.log: file already closed
zerolog: could not write event: write experiment-output/0001/slave-000/client-009.log: file already closed
zerolog: could not write event: write experiment-output/0001/slave-000/client-009.log: file already closed
zerolog: could not write event: write experiment-output/0001/slave-000/client-009.log: file already closed
zerolog: could not write event: write experiment-output/0001/slave-000/client-086.log: file already closed
zerolog: could not write event: write experiment-output/0001/slave-000/client-086.log: file already closed
zerolog: could not write event: write experiment-output/0001/slave-000/client-120.log: file already closed
zerolog: could not write event: write experiment-output/0001/slave-000/client-086.log: file already closed
zerolog: could not write event: write experiment-output/0001/slave-000/client-086.log: file already closed
zerolog: could not write event: write experiment-output/0001/slave-000/client-066.log: file already closed
zerolog: could not write event: write experiment-output/0001/slave-000/client-086.log: file already closed
zerolog: could not write event: write experiment-output/0001/slave-000/client-066.log: file already closed
zerolog: could not write event: write experiment-output/0001/slave-000/client-115.log: file already closed
zerolog: could not write event: write experiment-output/0001/slave-000/client-186.log: file already closed
zerolog: could not write event: write experiment-output/0001/slave-000/client-086.log: file already closed
zerolog: could not write event: write experiment-output/0001/slave-000/client-120.log: file already closed
zerolog: could not write event: write experiment-output/0001/slave-000/client-009.log: file already closed
zerolog: could not write event: write experiment-output/0001/slave-000/client-086.log: file already closed
zerolog: could not write event: write experiment-output/0001/slave-000/client-009.log: file already closed
zerolog: could not write event: write experiment-output/0001/slave-000/client-009.log: file already closed
zerolog: could not write event: write experiment-output/0001/slave-000/client-115.log: file already closed
zerolog: could not write event: write experiment-output/0001/slave-000/client-120.log: file already closed
zerolog: could not write event: write experiment-output/0001/slave-000/client-086.log: file already closed
zerolog: could not write event: write experiment-output/0001/slave-000/client-009.log: file already closed
zerolog: could not write event: write experiment-output/0001/slave-000/client-186.log: file already closed
zerolog: could not write event: write experiment-output/0001/slave-000/client-115.log: file already closed
zerolog: could not write event: write experiment-output/0001/slave-000/client-066.log: file already closed
07:01:16.519 INF Profile data written. filename=experiment-output/0001/slave-000/prof-client.cpu name=cpu
zerolog: could not write event: write experiment-output/0001/slave-000/client-115.log: file already closed
zerolog: could not write event: write experiment-output/0001/slave-000/client-120.log: file already closed
zerolog: could not write event: write experiment-output/0001/slave-000/client-120.log: file already closed
zerolog: could not write event: write experiment-output/0001/slave-000/client-097.log: file already closed
zerolog: could not write event: write experiment-output/0001/slave-000/client-120.log: file already closed
zerolog: could not write event: write experiment-output/0001/slave-000/client-186.log: file already closed
zerolog: could not write event: write experiment-output/0001/slave-000/client-186.log: file already closed
zerolog: could not write event: write experiment-output/0001/slave-000/client-120.log: file already closed
zerolog: could not write event: write experiment-output/0001/slave-000/client-115.log: file already closed
zerolog: could not write event: write experiment-output/0001/slave-000/client-066.log: file already closed
zerolog: could not write event: write experiment-output/0001/slave-000/client-097.log: file already closed
zerolog: could not write event: write experiment-output/0001/slave-000/client-066.log: file already closed
07:01:16.537 INF Profile data written. filename=experiment-output/0001/slave-000/prof-client.block name=block
zerolog: could not write event: write experiment-output/0001/slave-000/client-218.log: file already closed
zerolog: could not write event: write experiment-output/0001/slave-000/client-115.log: file already closed
zerolog: could not write event: write experiment-output/0001/slave-000/client-066.log: file already closed
07:01:16.540 INF Profile data written. filename=experiment-output/0001/slave-000/prof-client.mutex name=mutex
