{"level":"debug","Logging":"info","time":"2023-03-28T09:44:36Z","message":"Config"}
{"level":"debug","UseTLS":false,"time":"2023-03-28T09:44:36Z","message":"Config"}
{"level":"debug","CACertFile":"tls-data/ca.pem","time":"2023-03-28T09:44:36Z","message":"Config"}
{"level":"debug","KeyFile":"tls-data/auth.key","time":"2023-03-28T09:44:36Z","message":"Config"}
{"level":"debug","CertFile":"tls-data/auth.pem","time":"2023-03-28T09:44:36Z","message":"Config"}
{"level":"debug","PriorityConnections":2,"time":"2023-03-28T09:44:36Z","message":"Config"}
{"level":"debug","BasicConnections":1,"time":"2023-03-28T09:44:36Z","message":"Config"}
{"level":"debug","TestConnections":false,"time":"2023-03-28T09:44:36Z","message":"Config"}
{"level":"debug","ExcessConnections":1,"time":"2023-03-28T09:44:36Z","message":"Config"}
{"level":"debug","ConnectionTestMsgs":4,"time":"2023-03-28T09:44:36Z","message":"Config"}
{"level":"debug","ConnectionTestPayload":131072,"time":"2023-03-28T09:44:36Z","message":"Config"}
{"level":"debug","OutMessageBufsize":1024,"time":"2023-03-28T09:44:36Z","message":"Config"}
{"level":"debug","OutMessageBufsize":8,"time":"2023-03-28T09:44:36Z","message":"Config"}
{"level":"debug","ThroughputCap":131072000,"time":"2023-03-28T09:44:36Z","message":"Config"}
{"level":"debug","StragglerTolerance":1000,"time":"2023-03-28T09:44:36Z","message":"Config"}
{"level":"debug","BatchSizeIncrement":256,"time":"2023-03-28T09:44:36Z","message":"Config"}
{"level":"debug","Orderer":"Pbft","time":"2023-03-28T09:44:36Z","message":"Config"}
{"level":"debug","Manager":"Mir","time":"2023-03-28T09:44:36Z","message":"Config"}
{"level":"debug","Failures":0,"time":"2023-03-28T09:44:36Z","message":"Config"}
{"level":"debug","StragglerCnt":0,"time":"2023-03-28T09:44:36Z","message":"Config"}
{"level":"debug","CrashTiming":"Straggler","time":"2023-03-28T09:44:36Z","message":"Config"}
{"level":"debug","CheckpointInterval":512,"time":"2023-03-28T09:44:36Z","message":"Config"}
{"level":"debug","WatermarkWindowSize":512,"time":"2023-03-28T09:44:36Z","message":"Config"}
{"level":"debug","EpochLength":512,"time":"2023-03-28T09:44:36Z","message":"Config"}
{"level":"debug","SegmentLength":16,"time":"2023-03-28T09:44:36Z","message":"Config"}
{"level":"debug","WaitForCheckpoints":true,"time":"2023-03-28T09:44:36Z","message":"Config"}
{"level":"debug","ClientWatermarkWindowSize":16384,"time":"2023-03-28T09:44:36Z","message":"Config"}
{"level":"debug","ClientRequestBacklogSize":16384,"time":"2023-03-28T09:44:36Z","message":"Config"}
{"level":"debug","RandomSeed":25440,"time":"2023-03-28T09:44:36Z","message":"Config"}
{"level":"debug","NodeToLeaderRatio":1,"time":"2023-03-28T09:44:36Z","message":"Config"}
{"level":"debug","LeaderPolicy":"Simple","time":"2023-03-28T09:44:36Z","message":"Config"}
{"level":"debug","DefaultLeaderBan":2,"time":"2023-03-28T09:44:36Z","message":"Config"}
{"level":"debug","NumBuckets":512,"time":"2023-03-28T09:44:36Z","message":"Config"}
{"level":"debug","BatchSize":1000,"time":"2023-03-28T09:44:36Z","message":"Config"}
{"level":"debug","DisabledViewChange":false,"time":"2023-03-28T09:44:36Z","message":"Config"}
{"level":"debug","ViewChangeTimeout":60000,"time":"2023-03-28T09:44:36Z","message":"Config"}
{"level":"debug","ClientTraceSampling":10,"time":"2023-03-28T09:44:36Z","message":"Config"}
{"level":"debug","EventBufferSize":2097152,"time":"2023-03-28T09:44:36Z","message":"Config"}
{"level":"debug","TraceSampling":1,"time":"2023-03-28T09:44:36Z","message":"Config"}
{"level":"debug","ClientsPerProcess":8,"time":"2023-03-28T09:44:36Z","message":"Config"}
{"level":"debug","RequestsPerClient":7031,"time":"2023-03-28T09:44:36Z","message":"Config"}
{"level":"debug","ClientRunTime":15000,"time":"2023-03-28T09:44:36Z","message":"Config"}
{"level":"debug","RequestRate":234,"time":"2023-03-28T09:44:36Z","message":"Config"}
{"level":"debug","HardRequestRateLimit":false,"time":"2023-03-28T09:44:36Z","message":"Config"}
{"level":"debug","RequestPayloadSize":500,"time":"2023-03-28T09:44:36Z","message":"Config"}
{"level":"debug","SignRequests":true,"time":"2023-03-28T09:44:36Z","message":"Config"}
{"level":"debug","ClientPrivKeyFile":"tls-data/client-ecdsa-256.key","time":"2023-03-28T09:44:36Z","message":"Config"}
{"level":"debug","ClientPubKeyFile":"tls-data/client-ecdsa-256.pem","time":"2023-03-28T09:44:36Z","message":"Config"}
{"level":"debug","PrecomputeRequests":false,"time":"2023-03-28T09:44:36Z","message":"Config"}
{"level":"debug","RequestHandlerThreads":32,"time":"2023-03-28T09:44:36Z","message":"Config"}
{"level":"debug","RequestInputChannelBuffer":8192,"time":"2023-03-28T09:44:36Z","message":"Config"}
{"level":"debug","BatchVerifier":"external","time":"2023-03-28T09:44:36Z","message":"Config"}
09:44:36.626 INF Started Profiler: CPU
09:44:36.626 INF Started Profiler: BLOCK
09:44:36.626 INF Started Profiler: MUTEX
09:44:36.626 INF Starting clients. numClients=8 numRequests=7031
09:44:36.626 INF Initilizing clients.
09:44:37.023 INF Registared with discovery server. numOrderers=32 ownClientId=140
09:44:37.027 INF Registared with discovery server. numOrderers=32 ownClientId=151
09:44:37.027 INF Registared with discovery server. numOrderers=32 ownClientId=165
09:44:37.027 INF Registared with discovery server. numOrderers=32 ownClientId=154
09:44:37.027 INF Registared with discovery server. numOrderers=32 ownClientId=168
09:44:37.028 INF Registared with discovery server. numOrderers=32 ownClientId=174
09:44:37.028 INF Registared with discovery server. numOrderers=32 ownClientId=173
09:44:37.030 INF Registared with discovery server. numOrderers=32 ownClientId=177
09:44:37.030 INF Clients initialized.
09:44:37.030 INF Launching clients.
09:44:37.030 INF Waiting for clients.
09:45:08.160 INF Stopping Tracer. events=2040 fileName=experiment-output/0011/slave-049/client-177.trc
zerolog: could not write event: write experiment-output/0011/slave-049/client-177.log: file already closed
zerolog: could not write event: write experiment-output/0011/slave-049/client-177.log: file already closed
zerolog: could not write event: write experiment-output/0011/slave-049/client-177.log: file already closed
zerolog: could not write event: write experiment-output/0011/slave-049/client-177.log: file already closed
zerolog: could not write event: write experiment-output/0011/slave-049/client-177.log: file already closed
zerolog: could not write event: write experiment-output/0011/slave-049/client-177.log: file already closed
zerolog: could not write event: write experiment-output/0011/slave-049/client-177.log: file already closed
zerolog: could not write event: write experiment-output/0011/slave-049/client-177.log: file already closed
09:45:08.164 INF Trace data written.
09:45:08.166 INF Stopping Tracer. events=1420 fileName=experiment-output/0011/slave-049/client-154.trc
09:45:08.166 INF Stopping Tracer. events=1429 fileName=experiment-output/0011/slave-049/client-140.trc
zerolog: could not write event: write experiment-output/0011/slave-049/client-154.log: file already closed
zerolog: could not write event: write experiment-output/0011/slave-049/client-140.log: file already closed
zerolog: could not write event: write experiment-output/0011/slave-049/client-140.log: file already closed
zerolog: could not write event: write experiment-output/0011/slave-049/client-140.log: file already closed
zerolog: could not write event: write experiment-output/0011/slave-049/client-154.log: file already closed
zerolog: could not write event: write experiment-output/0011/slave-049/client-154.log: file already closed
zerolog: could not write event: write experiment-output/0011/slave-049/client-154.log: file already closed
zerolog: could not write event: write experiment-output/0011/slave-049/client-140.log: file already closed
zerolog: could not write event: write experiment-output/0011/slave-049/client-154.log: file already closed
zerolog: could not write event: write experiment-output/0011/slave-049/client-154.log: file already closed
zerolog: could not write event: write experiment-output/0011/slave-049/client-140.log: file already closed
zerolog: could not write event: write experiment-output/0011/slave-049/client-154.log: file already closed
zerolog: could not write event: write experiment-output/0011/slave-049/client-154.log: file already closed
zerolog: could not write event: write experiment-output/0011/slave-049/client-140.log: file already closed
zerolog: could not write event: write experiment-output/0011/slave-049/client-140.log: file already closed
zerolog: could not write event: write experiment-output/0011/slave-049/client-140.log: file already closed
09:45:08.169 INF Trace data written.
09:45:08.169 INF Trace data written.
09:45:08.175 INF Stopping Tracer. events=2203 fileName=experiment-output/0011/slave-049/client-151.trc
zerolog: could not write event: write experiment-output/0011/slave-049/client-151.log: file already closed
09:45:08.175 INF Stopping Tracer. events=2041 fileName=experiment-output/0011/slave-049/client-165.trc
zerolog: could not write event: write experiment-output/0011/slave-049/client-151.log: file already closed
zerolog: could not write event: write experiment-output/0011/slave-049/client-151.log: file already closed
zerolog: could not write event: write experiment-output/0011/slave-049/client-151.log: file already closed
zerolog: could not write event: write experiment-output/0011/slave-049/client-151.log: file already closed
zerolog: could not write event: write experiment-output/0011/slave-049/client-151.log: file already closed
zerolog: could not write event: write experiment-output/0011/slave-049/client-151.log: file already closed
zerolog: could not write event: write experiment-output/0011/slave-049/client-165.log: file already closed
zerolog: could not write event: write experiment-output/0011/slave-049/client-165.log: file already closed
zerolog: could not write event: write experiment-output/0011/slave-049/client-151.log: file already closed
zerolog: could not write event: write experiment-output/0011/slave-049/client-165.log: file already closed
zerolog: could not write event: write experiment-output/0011/slave-049/client-165.log: file already closed
zerolog: could not write event: write experiment-output/0011/slave-049/client-165.log: file already closed
zerolog: could not write event: write experiment-output/0011/slave-049/client-165.log: file already closed
zerolog: could not write event: write experiment-output/0011/slave-049/client-165.log: file already closed
zerolog: could not write event: write experiment-output/0011/slave-049/client-165.log: file already closed
09:45:08.179 INF Trace data written.
09:45:08.179 INF Trace data written.
09:45:08.182 INF Stopping Tracer. events=1426 fileName=experiment-output/0011/slave-049/client-168.trc
09:45:08.182 INF Stopping Tracer. events=1424 fileName=experiment-output/0011/slave-049/client-174.trc
zerolog: could not write event: write experiment-output/0011/slave-049/client-168.log: file already closed
zerolog: could not write event: write experiment-output/0011/slave-049/client-168.log: file already closed
zerolog: could not write event: write experiment-output/0011/slave-049/client-174.log: file already closed
zerolog: could not write event: write experiment-output/0011/slave-049/client-168.log: file already closed
zerolog: could not write event: write experiment-output/0011/slave-049/client-168.log: file already closed
zerolog: could not write event: write experiment-output/0011/slave-049/client-174.log: file already closed
zerolog: could not write event: write experiment-output/0011/slave-049/client-168.log: file already closed
zerolog: could not write event: write experiment-output/0011/slave-049/client-168.log: file already closed
zerolog: could not write event: write experiment-output/0011/slave-049/client-174.log: file already closed
zerolog: could not write event: write experiment-output/0011/slave-049/client-168.log: file already closed
zerolog: could not write event: write experiment-output/0011/slave-049/client-168.log: file already closed
zerolog: could not write event: write experiment-output/0011/slave-049/client-174.log: file already closed
zerolog: could not write event: write experiment-output/0011/slave-049/client-174.log: file already closed
zerolog: could not write event: write experiment-output/0011/slave-049/client-174.log: file already closed
zerolog: could not write event: write experiment-output/0011/slave-049/client-174.log: file already closed
zerolog: could not write event: write experiment-output/0011/slave-049/client-174.log: file already closed
09:45:08.184 INF Trace data written.
09:45:08.184 INF Trace data written.
09:45:08.215 INF Stopping Tracer. events=2110 fileName=experiment-output/0011/slave-049/client-173.trc
zerolog: could not write event: write experiment-output/0011/slave-049/client-173.log: file already closed
zerolog: could not write event: write experiment-output/0011/slave-049/client-173.log: file already closed
zerolog: could not write event: write experiment-output/0011/slave-049/client-173.log: file already closed
zerolog: could not write event: write experiment-output/0011/slave-049/client-173.log: file already closed
zerolog: could not write event: write experiment-output/0011/slave-049/client-173.log: file already closed
zerolog: could not write event: write experiment-output/0011/slave-049/client-173.log: file already closed
zerolog: could not write event: write experiment-output/0011/slave-049/client-173.log: file already closed
zerolog: could not write event: write experiment-output/0011/slave-049/client-173.log: file already closed
09:45:08.218 INF Trace data written.
09:45:08.218 INF Done.
09:45:08.218 INF Stopping profiler.
zerolog: could not write event: write experiment-output/0011/slave-049/client-177.log: file already closed
zerolog: could not write event: write experiment-output/0011/slave-049/client-177.log: file already closed
zerolog: could not write event: write experiment-output/0011/slave-049/client-177.log: file already closed
zerolog: could not write event: write experiment-output/0011/slave-049/client-154.log: file already closed
zerolog: could not write event: write experiment-output/0011/slave-049/client-154.log: file already closed
zerolog: could not write event: write experiment-output/0011/slave-049/client-140.log: file already closed
zerolog: could not write event: write experiment-output/0011/slave-049/client-154.log: file already closed
zerolog: could not write event: write experiment-output/0011/slave-049/client-140.log: file already closed
zerolog: could not write event: write experiment-output/0011/slave-049/client-140.log: file already closed
zerolog: could not write event: write experiment-output/0011/slave-049/client-140.log: file already closed
zerolog: could not write event: write experiment-output/0011/slave-049/client-154.log: file already closed
zerolog: could not write event: write experiment-output/0011/slave-049/client-154.log: file already closed
zerolog: could not write event: write experiment-output/0011/slave-049/client-177.log: file already closed
zerolog: could not write event: write experiment-output/0011/slave-049/client-177.log: file already closed
zerolog: could not write event: write experiment-output/0011/slave-049/client-177.log: file already closed
zerolog: could not write event: write experiment-output/0011/slave-049/client-177.log: file already closed
zerolog: could not write event: write experiment-output/0011/slave-049/client-177.log: file already closed
zerolog: could not write event: write experiment-output/0011/slave-049/client-151.log: file already closed
zerolog: could not write event: write experiment-output/0011/slave-049/client-165.log: file already closed
zerolog: could not write event: write experiment-output/0011/slave-049/client-151.log: file already closed
zerolog: could not write event: write experiment-output/0011/slave-049/client-151.log: file already closed
zerolog: could not write event: write experiment-output/0011/slave-049/client-151.log: file already closed
zerolog: could not write event: write experiment-output/0011/slave-049/client-165.log: file already closed
zerolog: could not write event: write experiment-output/0011/slave-049/client-165.log: file already closed
zerolog: could not write event: write experiment-output/0011/slave-049/client-165.log: file already closed
zerolog: could not write event: write experiment-output/0011/slave-049/client-140.log: file already closed
zerolog: could not write event: write experiment-output/0011/slave-049/client-140.log: file already closed
zerolog: could not write event: write experiment-output/0011/slave-049/client-140.log: file already closed
zerolog: could not write event: write experiment-output/0011/slave-049/client-154.log: file already closed
zerolog: could not write event: write experiment-output/0011/slave-049/client-154.log: file already closed
zerolog: could not write event: write experiment-output/0011/slave-049/client-140.log: file already closed
zerolog: could not write event: write experiment-output/0011/slave-049/client-154.log: file already closed
zerolog: could not write event: write experiment-output/0011/slave-049/client-168.log: file already closed
zerolog: could not write event: write experiment-output/0011/slave-049/client-168.log: file already closed
zerolog: could not write event: write experiment-output/0011/slave-049/client-168.log: file already closed
zerolog: could not write event: write experiment-output/0011/slave-049/client-174.log: file already closed
zerolog: could not write event: write experiment-output/0011/slave-049/client-174.log: file already closed
zerolog: could not write event: write experiment-output/0011/slave-049/client-174.log: file already closed
zerolog: could not write event: write experiment-output/0011/slave-049/client-168.log: file already closed
zerolog: could not write event: write experiment-output/0011/slave-049/client-174.log: file already closed
zerolog: could not write event: write experiment-output/0011/slave-049/client-174.log: file already closed
zerolog: could not write event: write experiment-output/0011/slave-049/client-174.log: file already closed
zerolog: could not write event: write experiment-output/0011/slave-049/client-151.log: file already closed
zerolog: could not write event: write experiment-output/0011/slave-049/client-165.log: file already closed
zerolog: could not write event: write experiment-output/0011/slave-049/client-165.log: file already closed
zerolog: could not write event: write experiment-output/0011/slave-049/client-151.log: file already closed
zerolog: could not write event: write experiment-output/0011/slave-049/client-151.log: file already closed
zerolog: could not write event: write experiment-output/0011/slave-049/client-177.log: file already closed
zerolog: could not write event: write experiment-output/0011/slave-049/client-177.log: file already closed
zerolog: could not write event: write experiment-output/0011/slave-049/client-165.log: file already closed
zerolog: could not write event: write experiment-output/0011/slave-049/client-165.log: file already closed
zerolog: could not write event: write experiment-output/0011/slave-049/client-151.log: file already closed
zerolog: could not write event: write experiment-output/0011/slave-049/client-177.log: file already closed
zerolog: could not write event: write experiment-output/0011/slave-049/client-177.log: file already closed
zerolog: could not write event: write experiment-output/0011/slave-049/client-177.log: file already closed
zerolog: could not write event: write experiment-output/0011/slave-049/client-177.log: file already closed
zerolog: could not write event: write experiment-output/0011/slave-049/client-177.log: file already closed
zerolog: could not write event: write experiment-output/0011/slave-049/client-177.log: file already closed
zerolog: could not write event: write experiment-output/0011/slave-049/client-168.log: file already closed
zerolog: could not write event: write experiment-output/0011/slave-049/client-168.log: file already closed
zerolog: could not write event: write experiment-output/0011/slave-049/client-168.log: file already closed
zerolog: could not write event: write experiment-output/0011/slave-049/client-174.log: file already closed
zerolog: could not write event: write experiment-output/0011/slave-049/client-154.log: file already closed
zerolog: could not write event: write experiment-output/0011/slave-049/client-140.log: file already closed
zerolog: could not write event: write experiment-output/0011/slave-049/client-174.log: file already closed
zerolog: could not write event: write experiment-output/0011/slave-049/client-168.log: file already closed
zerolog: could not write event: write experiment-output/0011/slave-049/client-140.log: file already closed
zerolog: could not write event: write experiment-output/0011/slave-049/client-154.log: file already closed
zerolog: could not write event: write experiment-output/0011/slave-049/client-154.log: file already closed
zerolog: could not write event: write experiment-output/0011/slave-049/client-140.log: file already closed
zerolog: could not write event: write experiment-output/0011/slave-049/client-154.log: file already closed
zerolog: could not write event: write experiment-output/0011/slave-049/client-140.log: file already closed
zerolog: could not write event: write experiment-output/0011/slave-049/client-154.log: file already closed
zerolog: could not write event: write experiment-output/0011/slave-049/client-140.log: file already closed
zerolog: could not write event: write experiment-output/0011/slave-049/client-154.log: file already closed
zerolog: could not write event: write experiment-output/0011/slave-049/client-140.log: file already closed
zerolog: could not write event: write experiment-output/0011/slave-049/client-140.log: file already closed
zerolog: could not write event: write experiment-output/0011/slave-049/client-140.log: file already closed
zerolog: could not write event: write experiment-output/0011/slave-049/client-154.log: file already closed
zerolog: could not write event: write experiment-output/0011/slave-049/client-154.log: file already closed
zerolog: could not write event: write experiment-output/0011/slave-049/client-151.log: file already closed
zerolog: could not write event: write experiment-output/0011/slave-049/client-151.log: file already closed
zerolog: could not write event: write experiment-output/0011/slave-049/client-151.log: file already closed
zerolog: could not write event: write experiment-output/0011/slave-049/client-151.log: file already closed
zerolog: could not write event: write experiment-output/0011/slave-049/client-165.log: file already closed
zerolog: could not write event: write experiment-output/0011/slave-049/client-151.log: file already closed
zerolog: could not write event: write experiment-output/0011/slave-049/client-165.log: file already closed
zerolog: could not write event: write experiment-output/0011/slave-049/client-151.log: file already closed
zerolog: could not write event: write experiment-output/0011/slave-049/client-165.log: file already closed
zerolog: could not write event: write experiment-output/0011/slave-049/client-165.log: file already closed
zerolog: could not write event: write experiment-output/0011/slave-049/client-165.log: file already closed
zerolog: could not write event: write experiment-output/0011/slave-049/client-165.log: file already closed
zerolog: could not write event: write experiment-output/0011/slave-049/client-165.log: file already closed
zerolog: could not write event: write experiment-output/0011/slave-049/client-165.log: file already closed
zerolog: could not write event: write experiment-output/0011/slave-049/client-151.log: file already closed
zerolog: could not write event: write experiment-output/0011/slave-049/client-151.log: file already closed
zerolog: could not write event: write experiment-output/0011/slave-049/client-168.log: file already closed
zerolog: could not write event: write experiment-output/0011/slave-049/client-168.log: file already closed
zerolog: could not write event: write experiment-output/0011/slave-049/client-168.log: file already closed
zerolog: could not write event: write experiment-output/0011/slave-049/client-174.log: file already closed
zerolog: could not write event: write experiment-output/0011/slave-049/client-174.log: file already closed
zerolog: could not write event: write experiment-output/0011/slave-049/client-168.log: file already closed
zerolog: could not write event: write experiment-output/0011/slave-049/client-174.log: file already closed
zerolog: could not write event: write experiment-output/0011/slave-049/client-168.log: file already closed
zerolog: could not write event: write experiment-output/0011/slave-049/client-168.log: file already closed
zerolog: could not write event: write experiment-output/0011/slave-049/client-168.log: file already closed
zerolog: could not write event: write experiment-output/0011/slave-049/client-174.log: file already closed
zerolog: could not write event: write experiment-output/0011/slave-049/client-174.log: file already closed
zerolog: could not write event: write experiment-output/0011/slave-049/client-174.log: file already closed
zerolog: could not write event: write experiment-output/0011/slave-049/client-168.log: file already closed
zerolog: could not write event: write experiment-output/0011/slave-049/client-174.log: file already closed
zerolog: could not write event: write experiment-output/0011/slave-049/client-174.log: file already closed
zerolog: could not write event: write experiment-output/0011/slave-049/client-173.log: file already closed
zerolog: could not write event: write experiment-output/0011/slave-049/client-173.log: file already closed
zerolog: could not write event: write experiment-output/0011/slave-049/client-173.log: file already closed
zerolog: could not write event: write experiment-output/0011/slave-049/client-173.log: file already closed
zerolog: could not write event: write experiment-output/0011/slave-049/client-173.log: file already closed
zerolog: could not write event: write experiment-output/0011/slave-049/client-173.log: file already closed
zerolog: could not write event: write experiment-output/0011/slave-049/client-173.log: file already closed
zerolog: could not write event: write experiment-output/0011/slave-049/client-173.log: file already closed
zerolog: could not write event: write experiment-output/0011/slave-049/client-173.log: file already closed
zerolog: could not write event: write experiment-output/0011/slave-049/client-173.log: file already closed
09:45:08.346 INF Profile data written. filename=experiment-output/0011/slave-049/prof-client.cpu name=cpu
zerolog: could not write event: write experiment-output/0011/slave-049/client-173.log: file already closed
zerolog: could not write event: write experiment-output/0011/slave-049/client-173.log: file already closed
zerolog: could not write event: write experiment-output/0011/slave-049/client-173.log: file already closed
zerolog: could not write event: write experiment-output/0011/slave-049/client-173.log: file already closed
zerolog: could not write event: write experiment-output/0011/slave-049/client-173.log: file already closed
zerolog: could not write event: write experiment-output/0011/slave-049/client-173.log: file already closed
09:45:08.363 INF Profile data written. filename=experiment-output/0011/slave-049/prof-client.block name=block
09:45:08.369 INF Profile data written. filename=experiment-output/0011/slave-049/prof-client.mutex name=mutex
