{"level":"debug","Logging":"info","time":"2023-03-28T09:42:34Z","message":"Config"}
{"level":"debug","UseTLS":false,"time":"2023-03-28T09:42:34Z","message":"Config"}
{"level":"debug","CACertFile":"tls-data/ca.pem","time":"2023-03-28T09:42:34Z","message":"Config"}
{"level":"debug","KeyFile":"tls-data/auth.key","time":"2023-03-28T09:42:34Z","message":"Config"}
{"level":"debug","CertFile":"tls-data/auth.pem","time":"2023-03-28T09:42:34Z","message":"Config"}
{"level":"debug","PriorityConnections":2,"time":"2023-03-28T09:42:34Z","message":"Config"}
{"level":"debug","BasicConnections":1,"time":"2023-03-28T09:42:34Z","message":"Config"}
{"level":"debug","TestConnections":false,"time":"2023-03-28T09:42:34Z","message":"Config"}
{"level":"debug","ExcessConnections":1,"time":"2023-03-28T09:42:34Z","message":"Config"}
{"level":"debug","ConnectionTestMsgs":4,"time":"2023-03-28T09:42:34Z","message":"Config"}
{"level":"debug","ConnectionTestPayload":131072,"time":"2023-03-28T09:42:34Z","message":"Config"}
{"level":"debug","OutMessageBufsize":1024,"time":"2023-03-28T09:42:34Z","message":"Config"}
{"level":"debug","OutMessageBufsize":8,"time":"2023-03-28T09:42:34Z","message":"Config"}
{"level":"debug","ThroughputCap":131072000,"time":"2023-03-28T09:42:34Z","message":"Config"}
{"level":"debug","StragglerTolerance":1000,"time":"2023-03-28T09:42:34Z","message":"Config"}
{"level":"debug","BatchSizeIncrement":256,"time":"2023-03-28T09:42:34Z","message":"Config"}
{"level":"debug","Orderer":"Pbft","time":"2023-03-28T09:42:34Z","message":"Config"}
{"level":"debug","Manager":"Mir","time":"2023-03-28T09:42:34Z","message":"Config"}
{"level":"debug","Failures":0,"time":"2023-03-28T09:42:34Z","message":"Config"}
{"level":"debug","StragglerCnt":0,"time":"2023-03-28T09:42:34Z","message":"Config"}
{"level":"debug","CrashTiming":"Straggler","time":"2023-03-28T09:42:34Z","message":"Config"}
{"level":"debug","CheckpointInterval":512,"time":"2023-03-28T09:42:34Z","message":"Config"}
{"level":"debug","WatermarkWindowSize":512,"time":"2023-03-28T09:42:34Z","message":"Config"}
{"level":"debug","EpochLength":512,"time":"2023-03-28T09:42:34Z","message":"Config"}
{"level":"debug","SegmentLength":16,"time":"2023-03-28T09:42:34Z","message":"Config"}
{"level":"debug","WaitForCheckpoints":true,"time":"2023-03-28T09:42:34Z","message":"Config"}
{"level":"debug","ClientWatermarkWindowSize":16384,"time":"2023-03-28T09:42:34Z","message":"Config"}
{"level":"debug","ClientRequestBacklogSize":16384,"time":"2023-03-28T09:42:34Z","message":"Config"}
{"level":"debug","RandomSeed":25440,"time":"2023-03-28T09:42:34Z","message":"Config"}
{"level":"debug","NodeToLeaderRatio":1,"time":"2023-03-28T09:42:34Z","message":"Config"}
{"level":"debug","LeaderPolicy":"Simple","time":"2023-03-28T09:42:34Z","message":"Config"}
{"level":"debug","DefaultLeaderBan":2,"time":"2023-03-28T09:42:34Z","message":"Config"}
{"level":"debug","NumBuckets":512,"time":"2023-03-28T09:42:34Z","message":"Config"}
{"level":"debug","BatchSize":1000,"time":"2023-03-28T09:42:34Z","message":"Config"}
{"level":"debug","DisabledViewChange":false,"time":"2023-03-28T09:42:34Z","message":"Config"}
{"level":"debug","ViewChangeTimeout":60000,"time":"2023-03-28T09:42:34Z","message":"Config"}
{"level":"debug","ClientTraceSampling":10,"time":"2023-03-28T09:42:34Z","message":"Config"}
{"level":"debug","EventBufferSize":2097152,"time":"2023-03-28T09:42:34Z","message":"Config"}
{"level":"debug","TraceSampling":1,"time":"2023-03-28T09:42:34Z","message":"Config"}
{"level":"debug","ClientsPerProcess":8,"time":"2023-03-28T09:42:34Z","message":"Config"}
{"level":"debug","RequestsPerClient":5859,"time":"2023-03-28T09:42:34Z","message":"Config"}
{"level":"debug","ClientRunTime":15000,"time":"2023-03-28T09:42:34Z","message":"Config"}
{"level":"debug","RequestRate":195,"time":"2023-03-28T09:42:34Z","message":"Config"}
{"level":"debug","HardRequestRateLimit":false,"time":"2023-03-28T09:42:34Z","message":"Config"}
{"level":"debug","RequestPayloadSize":500,"time":"2023-03-28T09:42:34Z","message":"Config"}
{"level":"debug","SignRequests":true,"time":"2023-03-28T09:42:34Z","message":"Config"}
{"level":"debug","ClientPrivKeyFile":"tls-data/client-ecdsa-256.key","time":"2023-03-28T09:42:34Z","message":"Config"}
{"level":"debug","ClientPubKeyFile":"tls-data/client-ecdsa-256.pem","time":"2023-03-28T09:42:34Z","message":"Config"}
{"level":"debug","PrecomputeRequests":false,"time":"2023-03-28T09:42:34Z","message":"Config"}
{"level":"debug","RequestHandlerThreads":32,"time":"2023-03-28T09:42:34Z","message":"Config"}
{"level":"debug","RequestInputChannelBuffer":8192,"time":"2023-03-28T09:42:34Z","message":"Config"}
{"level":"debug","BatchVerifier":"external","time":"2023-03-28T09:42:34Z","message":"Config"}
09:42:34.970 INF Started Profiler: CPU
09:42:34.970 INF Started Profiler: BLOCK
09:42:34.970 INF Started Profiler: MUTEX
09:42:34.970 INF Starting clients. numClients=8 numRequests=5859
09:42:34.970 INF Initilizing clients.
09:42:35.365 INF Registared with discovery server. numOrderers=32 ownClientId=138
09:42:35.368 INF Registared with discovery server. numOrderers=32 ownClientId=167
09:42:35.369 INF Registared with discovery server. numOrderers=32 ownClientId=169
09:42:35.369 INF Registared with discovery server. numOrderers=32 ownClientId=170
09:42:35.370 INF Registared with discovery server. numOrderers=32 ownClientId=168
09:42:35.371 INF Registared with discovery server. numOrderers=32 ownClientId=180
09:42:35.372 INF Registared with discovery server. numOrderers=32 ownClientId=184
09:42:35.372 INF Registared with discovery server. numOrderers=32 ownClientId=190
09:42:35.372 INF Clients initialized.
09:42:35.372 INF Launching clients.
09:42:35.372 INF Waiting for clients.
09:43:02.511 INF Stopping Tracer. events=1173 fileName=experiment-output/0009/slave-051/client-190.trc
zerolog: could not write event: write experiment-output/0009/slave-051/client-190.log: file already closed
zerolog: could not write event: write experiment-output/0009/slave-051/client-190.log: file already closed
zerolog: could not write event: write experiment-output/0009/slave-051/client-190.log: file already closed
zerolog: could not write event: write experiment-output/0009/slave-051/client-190.log: file already closed
zerolog: could not write event: write experiment-output/0009/slave-051/client-190.log: file already closed
zerolog: could not write event: write experiment-output/0009/slave-051/client-190.log: file already closed
zerolog: could not write event: write experiment-output/0009/slave-051/client-190.log: file already closed
zerolog: could not write event: write experiment-output/0009/slave-051/client-190.log: file already closed
09:43:02.513 INF Trace data written.
09:43:02.514 INF Stopping Tracer. events=1178 fileName=experiment-output/0009/slave-051/client-138.trc
zerolog: could not write event: write experiment-output/0009/slave-051/client-138.log: file already closed
zerolog: could not write event: write experiment-output/0009/slave-051/client-138.log: file already closed
zerolog: could not write event: write experiment-output/0009/slave-051/client-138.log: file already closed
zerolog: could not write event: write experiment-output/0009/slave-051/client-138.log: file already closed
zerolog: could not write event: write experiment-output/0009/slave-051/client-138.log: file already closed
zerolog: could not write event: write experiment-output/0009/slave-051/client-138.log: file already closed
zerolog: could not write event: write experiment-output/0009/slave-051/client-138.log: file already closed
zerolog: could not write event: write experiment-output/0009/slave-051/client-138.log: file already closed
09:43:02.516 INF Trace data written.
09:43:02.533 INF Stopping Tracer. events=1176 fileName=experiment-output/0009/slave-051/client-184.trc
zerolog: could not write event: write experiment-output/0009/slave-051/client-184.log: file already closed
zerolog: could not write event: write experiment-output/0009/slave-051/client-184.log: file already closed
zerolog: could not write event: write experiment-output/0009/slave-051/client-184.log: file already closed
zerolog: could not write event: write experiment-output/0009/slave-051/client-184.log: file already closed
zerolog: could not write event: write experiment-output/0009/slave-051/client-184.log: file already closed
zerolog: could not write event: write experiment-output/0009/slave-051/client-184.log: file already closed
zerolog: could not write event: write experiment-output/0009/slave-051/client-184.log: file already closed
zerolog: could not write event: write experiment-output/0009/slave-051/client-184.log: file already closed
09:43:02.535 INF Trace data written.
09:43:02.542 INF Stopping Tracer. events=1183 fileName=experiment-output/0009/slave-051/client-180.trc
zerolog: could not write event: write experiment-output/0009/slave-051/client-180.log: file already closed
zerolog: could not write event: write experiment-output/0009/slave-051/client-180.log: file already closed
zerolog: could not write event: write experiment-output/0009/slave-051/client-180.log: file already closed
zerolog: could not write event: write experiment-output/0009/slave-051/client-180.log: file already closed
zerolog: could not write event: write experiment-output/0009/slave-051/client-180.log: file already closed
zerolog: could not write event: write experiment-output/0009/slave-051/client-180.log: file already closed
zerolog: could not write event: write experiment-output/0009/slave-051/client-180.log: file already closed
zerolog: could not write event: write experiment-output/0009/slave-051/client-180.log: file already closed
09:43:02.544 INF Trace data written.
09:43:02.555 INF Stopping Tracer. events=1744 fileName=experiment-output/0009/slave-051/client-167.trc
zerolog: could not write event: write experiment-output/0009/slave-051/client-167.log: file already closed
zerolog: could not write event: write experiment-output/0009/slave-051/client-167.log: file already closed
zerolog: could not write event: write experiment-output/0009/slave-051/client-167.log: file already closed
zerolog: could not write event: write experiment-output/0009/slave-051/client-167.log: file already closed
zerolog: could not write event: write experiment-output/0009/slave-051/client-167.log: file already closed
zerolog: could not write event: write experiment-output/0009/slave-051/client-167.log: file already closed
zerolog: could not write event: write experiment-output/0009/slave-051/client-167.log: file already closed
zerolog: could not write event: write experiment-output/0009/slave-051/client-167.log: file already closed
09:43:02.558 INF Trace data written.
09:43:02.560 INF Stopping Tracer. events=1184 fileName=experiment-output/0009/slave-051/client-168.trc
09:43:02.561 INF Stopping Tracer. events=1185 fileName=experiment-output/0009/slave-051/client-170.trc
zerolog: could not write event: write experiment-output/0009/slave-051/client-168.log: file already closed
zerolog: could not write event: write experiment-output/0009/slave-051/client-168.log: file already closed
zerolog: could not write event: write experiment-output/0009/slave-051/client-168.log: file already closed
zerolog: could not write event: write experiment-output/0009/slave-051/client-168.log: file already closed
zerolog: could not write event: write experiment-output/0009/slave-051/client-168.log: file already closed
zerolog: could not write event: write experiment-output/0009/slave-051/client-168.log: file already closed
zerolog: could not write event: write experiment-output/0009/slave-051/client-168.log: file already closed
09:43:02.561 INF Stopping Tracer. events=1743 fileName=experiment-output/0009/slave-051/client-169.trc
zerolog: could not write event: write experiment-output/0009/slave-051/client-169.log: file already closed
zerolog: could not write event: write experiment-output/0009/slave-051/client-169.log: file already closed
zerolog: could not write event: write experiment-output/0009/slave-051/client-169.log: file already closed
zerolog: could not write event: write experiment-output/0009/slave-051/client-169.log: file already closed
zerolog: could not write event: write experiment-output/0009/slave-051/client-170.log: file already closed
zerolog: could not write event: write experiment-output/0009/slave-051/client-170.log: file already closed
zerolog: could not write event: write experiment-output/0009/slave-051/client-170.log: file already closed
zerolog: could not write event: write experiment-output/0009/slave-051/client-169.log: file already closed
zerolog: could not write event: write experiment-output/0009/slave-051/client-169.log: file already closed
zerolog: could not write event: write experiment-output/0009/slave-051/client-170.log: file already closed
zerolog: could not write event: write experiment-output/0009/slave-051/client-170.log: file already closed
zerolog: could not write event: write experiment-output/0009/slave-051/client-169.log: file already closed
zerolog: could not write event: write experiment-output/0009/slave-051/client-169.log: file already closed
zerolog: could not write event: write experiment-output/0009/slave-051/client-170.log: file already closed
zerolog: could not write event: write experiment-output/0009/slave-051/client-170.log: file already closed
zerolog: could not write event: write experiment-output/0009/slave-051/client-170.log: file already closed
zerolog: could not write event: write experiment-output/0009/slave-051/client-168.log: file already closed
09:43:02.563 INF Trace data written.
09:43:02.564 INF Trace data written.
09:43:02.565 INF Trace data written.
09:43:02.565 INF Done.
09:43:02.565 INF Stopping profiler.
zerolog: could not write event: write experiment-output/0009/slave-051/client-190.log: file already closed
zerolog: could not write event: write experiment-output/0009/slave-051/client-190.log: file already closed
zerolog: could not write event: write experiment-output/0009/slave-051/client-190.log: file already closed
zerolog: could not write event: write experiment-output/0009/slave-051/client-190.log: file already closed
zerolog: could not write event: write experiment-output/0009/slave-051/client-190.log: file already closed
zerolog: could not write event: write experiment-output/0009/slave-051/client-138.log: file already closed
zerolog: could not write event: write experiment-output/0009/slave-051/client-138.log: file already closed
zerolog: could not write event: write experiment-output/0009/slave-051/client-138.log: file already closed
zerolog: could not write event: write experiment-output/0009/slave-051/client-138.log: file already closed
zerolog: could not write event: write experiment-output/0009/slave-051/client-138.log: file already closed
zerolog: could not write event: write experiment-output/0009/slave-051/client-190.log: file already closed
zerolog: could not write event: write experiment-output/0009/slave-051/client-190.log: file already closed
zerolog: could not write event: write experiment-output/0009/slave-051/client-190.log: file already closed
zerolog: could not write event: write experiment-output/0009/slave-051/client-138.log: file already closed
zerolog: could not write event: write experiment-output/0009/slave-051/client-138.log: file already closed
zerolog: could not write event: write experiment-output/0009/slave-051/client-138.log: file already closed
zerolog: could not write event: write experiment-output/0009/slave-051/client-184.log: file already closed
zerolog: could not write event: write experiment-output/0009/slave-051/client-184.log: file already closed
zerolog: could not write event: write experiment-output/0009/slave-051/client-190.log: file already closed
zerolog: could not write event: write experiment-output/0009/slave-051/client-190.log: file already closed
zerolog: could not write event: write experiment-output/0009/slave-051/client-190.log: file already closed
zerolog: could not write event: write experiment-output/0009/slave-051/client-190.log: file already closed
zerolog: could not write event: write experiment-output/0009/slave-051/client-190.log: file already closed
zerolog: could not write event: write experiment-output/0009/slave-051/client-190.log: file already closed
zerolog: could not write event: write experiment-output/0009/slave-051/client-190.log: file already closed
zerolog: could not write event: write experiment-output/0009/slave-051/client-180.log: file already closed
zerolog: could not write event: write experiment-output/0009/slave-051/client-190.log: file already closed
zerolog: could not write event: write experiment-output/0009/slave-051/client-180.log: file already closed
zerolog: could not write event: write experiment-output/0009/slave-051/client-180.log: file already closed
zerolog: could not write event: write experiment-output/0009/slave-051/client-138.log: file already closed
zerolog: could not write event: write experiment-output/0009/slave-051/client-180.log: file already closed
zerolog: could not write event: write experiment-output/0009/slave-051/client-138.log: file already closed
zerolog: could not write event: write experiment-output/0009/slave-051/client-138.log: file already closed
zerolog: could not write event: write experiment-output/0009/slave-051/client-184.log: file already closed
zerolog: could not write event: write experiment-output/0009/slave-051/client-138.log: file already closed
zerolog: could not write event: write experiment-output/0009/slave-051/client-184.log: file already closed
zerolog: could not write event: write experiment-output/0009/slave-051/client-138.log: file already closed
zerolog: could not write event: write experiment-output/0009/slave-051/client-138.log: file already closed
zerolog: could not write event: write experiment-output/0009/slave-051/client-138.log: file already closed
zerolog: could not write event: write experiment-output/0009/slave-051/client-184.log: file already closed
zerolog: could not write event: write experiment-output/0009/slave-051/client-184.log: file already closed
zerolog: could not write event: write experiment-output/0009/slave-051/client-184.log: file already closed
zerolog: could not write event: write experiment-output/0009/slave-051/client-138.log: file already closed
zerolog: could not write event: write experiment-output/0009/slave-051/client-184.log: file already closed
zerolog: could not write event: write experiment-output/0009/slave-051/client-180.log: file already closed
zerolog: could not write event: write experiment-output/0009/slave-051/client-180.log: file already closed
zerolog: could not write event: write experiment-output/0009/slave-051/client-167.log: file already closed
zerolog: could not write event: write experiment-output/0009/slave-051/client-167.log: file already closed
zerolog: could not write event: write experiment-output/0009/slave-051/client-167.log: file already closed
zerolog: could not write event: write experiment-output/0009/slave-051/client-180.log: file already closed
zerolog: could not write event: write experiment-output/0009/slave-051/client-180.log: file already closed
zerolog: could not write event: write experiment-output/0009/slave-051/client-168.log: file already closed
zerolog: could not write event: write experiment-output/0009/slave-051/client-169.log: file already closed
zerolog: could not write event: write experiment-output/0009/slave-051/client-169.log: file already closed
zerolog: could not write event: write experiment-output/0009/slave-051/client-168.log: file already closed
zerolog: could not write event: write experiment-output/0009/slave-051/client-169.log: file already closed
zerolog: could not write event: write experiment-output/0009/slave-051/client-170.log: file already closed
zerolog: could not write event: write experiment-output/0009/slave-051/client-170.log: file already closed
zerolog: could not write event: write experiment-output/0009/slave-051/client-170.log: file already closed
zerolog: could not write event: write experiment-output/0009/slave-051/client-169.log: file already closed
zerolog: could not write event: write experiment-output/0009/slave-051/client-170.log: file already closed
zerolog: could not write event: write experiment-output/0009/slave-051/client-184.log: file already closed
zerolog: could not write event: write experiment-output/0009/slave-051/client-170.log: file already closed
zerolog: could not write event: write experiment-output/0009/slave-051/client-184.log: file already closed
zerolog: could not write event: write experiment-output/0009/slave-051/client-184.log: file already closed
zerolog: could not write event: write experiment-output/0009/slave-051/client-184.log: file already closed
zerolog: could not write event: write experiment-output/0009/slave-051/client-184.log: file already closed
zerolog: could not write event: write experiment-output/0009/slave-051/client-184.log: file already closed
zerolog: could not write event: write experiment-output/0009/slave-051/client-184.log: file already closed
zerolog: could not write event: write experiment-output/0009/slave-051/client-184.log: file already closed
zerolog: could not write event: write experiment-output/0009/slave-051/client-167.log: file already closed
zerolog: could not write event: write experiment-output/0009/slave-051/client-167.log: file already closed
zerolog: could not write event: write experiment-output/0009/slave-051/client-167.log: file already closed
zerolog: could not write event: write experiment-output/0009/slave-051/client-167.log: file already closed
zerolog: could not write event: write experiment-output/0009/slave-051/client-167.log: file already closed
zerolog: could not write event: write experiment-output/0009/slave-051/client-168.log: file already closed
zerolog: could not write event: write experiment-output/0009/slave-051/client-168.log: file already closed
zerolog: could not write event: write experiment-output/0009/slave-051/client-168.log: file already closed
zerolog: could not write event: write experiment-output/0009/slave-051/client-180.log: file already closed
zerolog: could not write event: write experiment-output/0009/slave-051/client-169.log: file already closed
zerolog: could not write event: write experiment-output/0009/slave-051/client-170.log: file already closed
zerolog: could not write event: write experiment-output/0009/slave-051/client-180.log: file already closed
zerolog: could not write event: write experiment-output/0009/slave-051/client-180.log: file already closed
zerolog: could not write event: write experiment-output/0009/slave-051/client-170.log: file already closed
zerolog: could not write event: write experiment-output/0009/slave-051/client-168.log: file already closed
zerolog: could not write event: write experiment-output/0009/slave-051/client-180.log: file already closed
zerolog: could not write event: write experiment-output/0009/slave-051/client-180.log: file already closed
zerolog: could not write event: write experiment-output/0009/slave-051/client-180.log: file already closed
zerolog: could not write event: write experiment-output/0009/slave-051/client-168.log: file already closed
zerolog: could not write event: write experiment-output/0009/slave-051/client-169.log: file already closed
zerolog: could not write event: write experiment-output/0009/slave-051/client-180.log: file already closed
zerolog: could not write event: write experiment-output/0009/slave-051/client-180.log: file already closed
zerolog: could not write event: write experiment-output/0009/slave-051/client-168.log: file already closed
zerolog: could not write event: write experiment-output/0009/slave-051/client-169.log: file already closed
zerolog: could not write event: write experiment-output/0009/slave-051/client-170.log: file already closed
zerolog: could not write event: write experiment-output/0009/slave-051/client-169.log: file already closed
zerolog: could not write event: write experiment-output/0009/slave-051/client-167.log: file already closed
zerolog: could not write event: write experiment-output/0009/slave-051/client-167.log: file already closed
zerolog: could not write event: write experiment-output/0009/slave-051/client-167.log: file already closed
zerolog: could not write event: write experiment-output/0009/slave-051/client-167.log: file already closed
zerolog: could not write event: write experiment-output/0009/slave-051/client-167.log: file already closed
zerolog: could not write event: write experiment-output/0009/slave-051/client-167.log: file already closed
zerolog: could not write event: write experiment-output/0009/slave-051/client-167.log: file already closed
zerolog: could not write event: write experiment-output/0009/slave-051/client-167.log: file already closed
zerolog: could not write event: write experiment-output/0009/slave-051/client-168.log: file already closed
zerolog: could not write event: write experiment-output/0009/slave-051/client-168.log: file already closed
zerolog: could not write event: write experiment-output/0009/slave-051/client-170.log: file already closed
zerolog: could not write event: write experiment-output/0009/slave-051/client-168.log: file already closed
zerolog: could not write event: write experiment-output/0009/slave-051/client-168.log: file already closed
zerolog: could not write event: write experiment-output/0009/slave-051/client-169.log: file already closed
zerolog: could not write event: write experiment-output/0009/slave-051/client-170.log: file already closed
zerolog: could not write event: write experiment-output/0009/slave-051/client-168.log: file already closed
zerolog: could not write event: write experiment-output/0009/slave-051/client-168.log: file already closed
zerolog: could not write event: write experiment-output/0009/slave-051/client-168.log: file already closed
zerolog: could not write event: write experiment-output/0009/slave-051/client-169.log: file already closed
zerolog: could not write event: write experiment-output/0009/slave-051/client-170.log: file already closed
zerolog: could not write event: write experiment-output/0009/slave-051/client-168.log: file already closed
zerolog: could not write event: write experiment-output/0009/slave-051/client-169.log: file already closed
zerolog: could not write event: write experiment-output/0009/slave-051/client-169.log: file already closed
zerolog: could not write event: write experiment-output/0009/slave-051/client-170.log: file already closed
zerolog: could not write event: write experiment-output/0009/slave-051/client-170.log: file already closed
zerolog: could not write event: write experiment-output/0009/slave-051/client-169.log: file already closed
zerolog: could not write event: write experiment-output/0009/slave-051/client-169.log: file already closed
zerolog: could not write event: write experiment-output/0009/slave-051/client-169.log: file already closed
zerolog: could not write event: write experiment-output/0009/slave-051/client-169.log: file already closed
zerolog: could not write event: write experiment-output/0009/slave-051/client-170.log: file already closed
zerolog: could not write event: write experiment-output/0009/slave-051/client-170.log: file already closed
zerolog: could not write event: write experiment-output/0009/slave-051/client-170.log: file already closed
09:43:02.718 INF Profile data written. filename=experiment-output/0009/slave-051/prof-client.cpu name=cpu
zerolog: could not write event: write experiment-output/0009/slave-051/client-190.log: file already closed
zerolog: could not write event: write experiment-output/0009/slave-051/client-190.log: file already closed
zerolog: could not write event: write experiment-output/0009/slave-051/client-190.log: file already closed
zerolog: could not write event: write experiment-output/0009/slave-051/client-190.log: file already closed
zerolog: could not write event: write experiment-output/0009/slave-051/client-190.log: file already closed
zerolog: could not write event: write experiment-output/0009/slave-051/client-190.log: file already closed
zerolog: could not write event: write experiment-output/0009/slave-051/client-138.log: file already closed
zerolog: could not write event: write experiment-output/0009/slave-051/client-138.log: file already closed
zerolog: could not write event: write experiment-output/0009/slave-051/client-190.log: file already closed
zerolog: could not write event: write experiment-output/0009/slave-051/client-190.log: file already closed
zerolog: could not write event: write experiment-output/0009/slave-051/client-138.log: file already closed
zerolog: could not write event: write experiment-output/0009/slave-051/client-138.log: file already closed
zerolog: could not write event: write experiment-output/0009/slave-051/client-138.log: file already closed
zerolog: could not write event: write experiment-output/0009/slave-051/client-138.log: file already closed
zerolog: could not write event: write experiment-output/0009/slave-051/client-138.log: file already closed
zerolog: could not write event: write experiment-output/0009/slave-051/client-138.log: file already closed
09:43:02.736 INF Profile data written. filename=experiment-output/0009/slave-051/prof-client.block name=block
09:43:02.742 INF Profile data written. filename=experiment-output/0009/slave-051/prof-client.mutex name=mutex
