{"level":"debug","Logging":"info","time":"2023-07-15T14:51:44Z","message":"Config"}
{"level":"debug","UseTLS":false,"time":"2023-07-15T14:51:44Z","message":"Config"}
{"level":"debug","CACertFile":"tls-data/ca.pem","time":"2023-07-15T14:51:44Z","message":"Config"}
{"level":"debug","KeyFile":"tls-data/auth.key","time":"2023-07-15T14:51:44Z","message":"Config"}
{"level":"debug","CertFile":"tls-data/auth.pem","time":"2023-07-15T14:51:44Z","message":"Config"}
{"level":"debug","PriorityConnections":2,"time":"2023-07-15T14:51:44Z","message":"Config"}
{"level":"debug","BasicConnections":1,"time":"2023-07-15T14:51:44Z","message":"Config"}
{"level":"debug","TestConnections":false,"time":"2023-07-15T14:51:44Z","message":"Config"}
{"level":"debug","ExcessConnections":1,"time":"2023-07-15T14:51:44Z","message":"Config"}
{"level":"debug","ConnectionTestMsgs":4,"time":"2023-07-15T14:51:44Z","message":"Config"}
{"level":"debug","ConnectionTestPayload":131072,"time":"2023-07-15T14:51:44Z","message":"Config"}
{"level":"debug","OutMessageBufsize":1024,"time":"2023-07-15T14:51:44Z","message":"Config"}
{"level":"debug","OutMessageBufsize":4,"time":"2023-07-15T14:51:44Z","message":"Config"}
{"level":"debug","ThroughputCap":131072000,"time":"2023-07-15T14:51:44Z","message":"Config"}
{"level":"debug","StragglerTolerance":1000,"time":"2023-07-15T14:51:44Z","message":"Config"}
{"level":"debug","BatchSizeIncrement":256,"time":"2023-07-15T14:51:44Z","message":"Config"}
{"level":"debug","Orderer":"HotStuff","time":"2023-07-15T14:51:44Z","message":"Config"}
{"level":"debug","Manager":"Mir","time":"2023-07-15T14:51:44Z","message":"Config"}
{"level":"debug","Failures":0,"time":"2023-07-15T14:51:44Z","message":"Config"}
{"level":"debug","StragglerCnt":2,"time":"2023-07-15T14:51:44Z","message":"Config"}
{"level":"debug","CrashTiming":"Straggler","time":"2023-07-15T14:51:44Z","message":"Config"}
{"level":"debug","CheckpointInterval":512,"time":"2023-07-15T14:51:44Z","message":"Config"}
{"level":"debug","WatermarkWindowSize":512,"time":"2023-07-15T14:51:44Z","message":"Config"}
{"level":"debug","EpochLength":512,"time":"2023-07-15T14:51:44Z","message":"Config"}
{"level":"debug","SegmentLength":32,"time":"2023-07-15T14:51:44Z","message":"Config"}
{"level":"debug","WaitForCheckpoints":true,"time":"2023-07-15T14:51:44Z","message":"Config"}
{"level":"debug","ClientWatermarkWindowSize":16384,"time":"2023-07-15T14:51:44Z","message":"Config"}
{"level":"debug","ClientRequestBacklogSize":16384,"time":"2023-07-15T14:51:44Z","message":"Config"}
{"level":"debug","RandomSeed":25895,"time":"2023-07-15T14:51:44Z","message":"Config"}
{"level":"debug","NodeToLeaderRatio":1,"time":"2023-07-15T14:51:44Z","message":"Config"}
{"level":"debug","LeaderPolicy":"Simple","time":"2023-07-15T14:51:44Z","message":"Config"}
{"level":"debug","DefaultLeaderBan":2,"time":"2023-07-15T14:51:44Z","message":"Config"}
{"level":"debug","NumBuckets":256,"time":"2023-07-15T14:51:44Z","message":"Config"}
{"level":"debug","BatchSize":2000,"time":"2023-07-15T14:51:44Z","message":"Config"}
{"level":"debug","DisabledViewChange":false,"time":"2023-07-15T14:51:44Z","message":"Config"}
{"level":"debug","ViewChangeTimeout":60000,"time":"2023-07-15T14:51:44Z","message":"Config"}
{"level":"debug","ClientTraceSampling":10,"time":"2023-07-15T14:51:44Z","message":"Config"}
{"level":"debug","EventBufferSize":2097152,"time":"2023-07-15T14:51:44Z","message":"Config"}
{"level":"debug","TraceSampling":1,"time":"2023-07-15T14:51:44Z","message":"Config"}
{"level":"debug","ClientsPerProcess":8,"time":"2023-07-15T14:51:44Z","message":"Config"}
{"level":"debug","RequestsPerClient":3515,"time":"2023-07-15T14:51:44Z","message":"Config"}
{"level":"debug","ClientRunTime":15000,"time":"2023-07-15T14:51:44Z","message":"Config"}
{"level":"debug","RequestRate":117,"time":"2023-07-15T14:51:44Z","message":"Config"}
{"level":"debug","HardRequestRateLimit":false,"time":"2023-07-15T14:51:44Z","message":"Config"}
{"level":"debug","RequestPayloadSize":500,"time":"2023-07-15T14:51:44Z","message":"Config"}
{"level":"debug","SignRequests":true,"time":"2023-07-15T14:51:44Z","message":"Config"}
{"level":"debug","ClientPrivKeyFile":"tls-data/client-ecdsa-256.key","time":"2023-07-15T14:51:44Z","message":"Config"}
{"level":"debug","ClientPubKeyFile":"tls-data/client-ecdsa-256.pem","time":"2023-07-15T14:51:44Z","message":"Config"}
{"level":"debug","PrecomputeRequests":false,"time":"2023-07-15T14:51:44Z","message":"Config"}
{"level":"debug","RequestHandlerThreads":32,"time":"2023-07-15T14:51:44Z","message":"Config"}
{"level":"debug","RequestInputChannelBuffer":8192,"time":"2023-07-15T14:51:44Z","message":"Config"}
{"level":"debug","BatchVerifier":"external","time":"2023-07-15T14:51:44Z","message":"Config"}
14:51:44.526 INF Started Profiler: CPU
14:51:44.526 INF Started Profiler: BLOCK
14:51:44.526 INF Started Profiler: MUTEX
14:51:44.526 INF Starting clients. numClients=8 numRequests=3515
14:51:44.526 INF Initilizing clients.
14:51:44.795 INF Registared with discovery server. numOrderers=16 ownClientId=75
14:51:44.807 INF Registared with discovery server. numOrderers=16 ownClientId=73
14:51:44.814 INF Registared with discovery server. numOrderers=16 ownClientId=79
14:51:44.818 INF Registared with discovery server. numOrderers=16 ownClientId=138
14:51:44.830 INF Registared with discovery server. numOrderers=16 ownClientId=126
14:51:44.837 INF Registared with discovery server. numOrderers=16 ownClientId=167
14:51:44.876 INF Registared with discovery server. numOrderers=16 ownClientId=249
14:51:44.888 INF Registared with discovery server. numOrderers=16 ownClientId=250
14:51:44.888 INF Clients initialized.
14:51:44.888 INF Launching clients.
14:51:44.888 INF Waiting for clients.
14:53:27.522 INF Stopping Tracer. events=955 fileName=experiment-output/0000/slave-035/client-249.trc
14:53:27.524 INF Trace data written.
14:53:27.533 INF Stopping Tracer. events=1148 fileName=experiment-output/0000/slave-035/client-075.trc
14:53:27.535 INF Trace data written.
14:53:27.539 INF Stopping Tracer. events=709 fileName=experiment-output/0000/slave-035/client-250.trc
14:53:27.539 INF Stopping Tracer. events=988 fileName=experiment-output/0000/slave-035/client-073.trc
14:53:27.540 INF Trace data written.
14:53:27.541 INF Trace data written.
zerolog: could not write event: write experiment-output/0000/slave-035/client-249.log: file already closed
zerolog: could not write event: write experiment-output/0000/slave-035/client-249.log: file already closed
zerolog: could not write event: write experiment-output/0000/slave-035/client-249.log: file already closed
zerolog: could not write event: write experiment-output/0000/slave-035/client-250.log: file already closed
zerolog: could not write event: write experiment-output/0000/slave-035/client-075.log: file already closed
zerolog: could not write event: write experiment-output/0000/slave-035/client-075.log: file already closed
zerolog: could not write event: write experiment-output/0000/slave-035/client-249.log: file already closed
zerolog: could not write event: write experiment-output/0000/slave-035/client-250.log: file already closed
zerolog: could not write event: write experiment-output/0000/slave-035/client-075.log: file already closed
zerolog: could not write event: write experiment-output/0000/slave-035/client-249.log: file already closed
zerolog: could not write event: write experiment-output/0000/slave-035/client-073.log: file already closed
zerolog: could not write event: write experiment-output/0000/slave-035/client-075.log: file already closed
zerolog: could not write event: write experiment-output/0000/slave-035/client-249.log: file already closed
zerolog: could not write event: write experiment-output/0000/slave-035/client-249.log: file already closed
zerolog: could not write event: write experiment-output/0000/slave-035/client-249.log: file already closed
zerolog: could not write event: write experiment-output/0000/slave-035/client-249.log: file already closed
zerolog: could not write event: write experiment-output/0000/slave-035/client-075.log: file already closed
zerolog: could not write event: write experiment-output/0000/slave-035/client-249.log: file already closed
zerolog: could not write event: write experiment-output/0000/slave-035/client-249.log: file already closed
zerolog: could not write event: write experiment-output/0000/slave-035/client-073.log: file already closed
zerolog: could not write event: write experiment-output/0000/slave-035/client-250.log: file already closed
zerolog: could not write event: write experiment-output/0000/slave-035/client-250.log: file already closed
zerolog: could not write event: write experiment-output/0000/slave-035/client-249.log: file already closed
zerolog: could not write event: write experiment-output/0000/slave-035/client-075.log: file already closed
zerolog: could not write event: write experiment-output/0000/slave-035/client-249.log: file already closed
zerolog: could not write event: write experiment-output/0000/slave-035/client-073.log: file already closed
zerolog: could not write event: write experiment-output/0000/slave-035/client-073.log: file already closed
zerolog: could not write event: write experiment-output/0000/slave-035/client-250.log: file already closed
zerolog: could not write event: write experiment-output/0000/slave-035/client-073.log: file already closed
zerolog: could not write event: write experiment-output/0000/slave-035/client-249.log: file already closed
zerolog: could not write event: write experiment-output/0000/slave-035/client-075.log: file already closed
zerolog: could not write event: write experiment-output/0000/slave-035/client-075.log: file already closed
zerolog: could not write event: write experiment-output/0000/slave-035/client-250.log: file already closed
zerolog: could not write event: write experiment-output/0000/slave-035/client-075.log: file already closed
zerolog: could not write event: write experiment-output/0000/slave-035/client-249.log: file already closed
zerolog: could not write event: write experiment-output/0000/slave-035/client-073.log: file already closed
zerolog: could not write event: write experiment-output/0000/slave-035/client-075.log: file already closed
zerolog: could not write event: write experiment-output/0000/slave-035/client-073.log: file already closed
zerolog: could not write event: write experiment-output/0000/slave-035/client-075.log: file already closed
zerolog: could not write event: write experiment-output/0000/slave-035/client-073.log: file already closed
zerolog: could not write event: write experiment-output/0000/slave-035/client-073.log: file already closed
zerolog: could not write event: write experiment-output/0000/slave-035/client-250.log: file already closed
zerolog: could not write event: write experiment-output/0000/slave-035/client-250.log: file already closed
zerolog: could not write event: write experiment-output/0000/slave-035/client-250.log: file already closed
zerolog: could not write event: write experiment-output/0000/slave-035/client-250.log: file already closed
zerolog: could not write event: write experiment-output/0000/slave-035/client-250.log: file already closed
zerolog: could not write event: write experiment-output/0000/slave-035/client-073.log: file already closed
zerolog: could not write event: write experiment-output/0000/slave-035/client-075.log: file already closed
zerolog: could not write event: write experiment-output/0000/slave-035/client-250.log: file already closed
zerolog: could not write event: write experiment-output/0000/slave-035/client-250.log: file already closed
zerolog: could not write event: write experiment-output/0000/slave-035/client-249.log: file already closed
zerolog: could not write event: write experiment-output/0000/slave-035/client-075.log: file already closed
zerolog: could not write event: write experiment-output/0000/slave-035/client-073.log: file already closed
zerolog: could not write event: write experiment-output/0000/slave-035/client-073.log: file already closed
zerolog: could not write event: write experiment-output/0000/slave-035/client-075.log: file already closed
zerolog: could not write event: write experiment-output/0000/slave-035/client-073.log: file already closed
zerolog: could not write event: write experiment-output/0000/slave-035/client-075.log: file already closed
zerolog: could not write event: write experiment-output/0000/slave-035/client-250.log: file already closed
zerolog: could not write event: write experiment-output/0000/slave-035/client-250.log: file already closed
zerolog: could not write event: write experiment-output/0000/slave-035/client-075.log: file already closed
zerolog: could not write event: write experiment-output/0000/slave-035/client-073.log: file already closed
zerolog: could not write event: write experiment-output/0000/slave-035/client-073.log: file already closed
zerolog: could not write event: write experiment-output/0000/slave-035/client-073.log: file already closed
zerolog: could not write event: write experiment-output/0000/slave-035/client-250.log: file already closed
14:53:37.544 INF Stopping Tracer. events=710 fileName=experiment-output/0000/slave-035/client-126.trc
14:53:37.545 INF Trace data written.
14:53:37.549 INF Stopping Tracer. events=973 fileName=experiment-output/0000/slave-035/client-079.trc
14:53:37.551 INF Trace data written.
14:53:37.564 INF Stopping Tracer. events=1103 fileName=experiment-output/0000/slave-035/client-167.trc
14:53:37.566 INF Trace data written.
14:53:37.570 INF Stopping Tracer. events=708 fileName=experiment-output/0000/slave-035/client-138.trc
14:53:37.571 INF Trace data written.
14:53:37.571 INF Done.
14:53:37.571 INF Stopping profiler.
14:53:37.587 INF Profile data written. filename=experiment-output/0000/slave-035/prof-client.block name=block
14:53:37.590 INF Profile data written. filename=experiment-output/0000/slave-035/prof-client.mutex name=mutex
zerolog: could not write event: write experiment-output/0000/slave-035/client-126.log: file already closed
zerolog: could not write event: write experiment-output/0000/slave-035/client-126.log: file already closed
zerolog: could not write event: write experiment-output/0000/slave-035/client-126.log: file already closed
zerolog: could not write event: write experiment-output/0000/slave-035/client-126.log: file already closed
zerolog: could not write event: write experiment-output/0000/slave-035/client-126.log: file already closed
zerolog: could not write event: write experiment-output/0000/slave-035/client-167.log: file already closed
zerolog: could not write event: write experiment-output/0000/slave-035/client-079.log: file already closed
zerolog: could not write event: write experiment-output/0000/slave-035/client-126.log: file already closed
zerolog: could not write event: write experiment-output/0000/slave-035/client-079.log: file already closed
zerolog: could not write event: write experiment-output/0000/slave-035/client-126.log: file already closed
zerolog: could not write event: write experiment-output/0000/slave-035/client-079.log: file already closed
zerolog: could not write event: write experiment-output/0000/slave-035/client-126.log: file already closed
zerolog: could not write event: write experiment-output/0000/slave-035/client-079.log: file already closed
zerolog: could not write event: write experiment-output/0000/slave-035/client-167.log: file already closed
zerolog: could not write event: write experiment-output/0000/slave-035/client-126.log: file already closed
zerolog: could not write event: write experiment-output/0000/slave-035/client-138.log: file already closed
zerolog: could not write event: write experiment-output/0000/slave-035/client-079.log: file already closed
zerolog: could not write event: write experiment-output/0000/slave-035/client-079.log: file already closed
zerolog: could not write event: write experiment-output/0000/slave-035/client-079.log: file already closed
zerolog: could not write event: write experiment-output/0000/slave-035/client-079.log: file already closed
zerolog: could not write event: write experiment-output/0000/slave-035/client-126.log: file already closed
zerolog: could not write event: write experiment-output/0000/slave-035/client-079.log: file already closed
zerolog: could not write event: write experiment-output/0000/slave-035/client-079.log: file already closed
zerolog: could not write event: write experiment-output/0000/slave-035/client-167.log: file already closed
zerolog: could not write event: write experiment-output/0000/slave-035/client-126.log: file already closed
zerolog: could not write event: write experiment-output/0000/slave-035/client-079.log: file already closed
zerolog: could not write event: write experiment-output/0000/slave-035/client-138.log: file already closed
zerolog: could not write event: write experiment-output/0000/slave-035/client-079.log: file already closed
zerolog: could not write event: write experiment-output/0000/slave-035/client-079.log: file already closed
zerolog: could not write event: write experiment-output/0000/slave-035/client-126.log: file already closed
zerolog: could not write event: write experiment-output/0000/slave-035/client-079.log: file already closed
zerolog: could not write event: write experiment-output/0000/slave-035/client-138.log: file already closed
zerolog: could not write event: write experiment-output/0000/slave-035/client-079.log: file already closed
zerolog: could not write event: write experiment-output/0000/slave-035/client-138.log: file already closed
zerolog: could not write event: write experiment-output/0000/slave-035/client-126.log: file already closed
zerolog: could not write event: write experiment-output/0000/slave-035/client-138.log: file already closed
zerolog: could not write event: write experiment-output/0000/slave-035/client-126.log: file already closed
zerolog: could not write event: write experiment-output/0000/slave-035/client-167.log: file already closed
zerolog: could not write event: write experiment-output/0000/slave-035/client-167.log: file already closed
zerolog: could not write event: write experiment-output/0000/slave-035/client-126.log: file already closed
zerolog: could not write event: write experiment-output/0000/slave-035/client-138.log: file already closed
zerolog: could not write event: write experiment-output/0000/slave-035/client-167.log: file already closed
zerolog: could not write event: write experiment-output/0000/slave-035/client-167.log: file already closed
zerolog: could not write event: write experiment-output/0000/slave-035/client-167.log: file already closed
zerolog: could not write event: write experiment-output/0000/slave-035/client-138.log: file already closed
zerolog: could not write event: write experiment-output/0000/slave-035/client-167.log: file already closed
zerolog: could not write event: write experiment-output/0000/slave-035/client-167.log: file already closed
zerolog: could not write event: write experiment-output/0000/slave-035/client-167.log: file already closed
zerolog: could not write event: write experiment-output/0000/slave-035/client-167.log: file already closed
zerolog: could not write event: write experiment-output/0000/slave-035/client-167.log: file already closed
zerolog: could not write event: write experiment-output/0000/slave-035/client-126.log: file already closed
zerolog: could not write event: write experiment-output/0000/slave-035/client-138.log: file already closed
zerolog: could not write event: write experiment-output/0000/slave-035/client-138.log: file already closed
zerolog: could not write event: write experiment-output/0000/slave-035/client-167.log: file already closed
zerolog: could not write event: write experiment-output/0000/slave-035/client-079.log: file already closed
zerolog: could not write event: write experiment-output/0000/slave-035/client-167.log: file already closed
zerolog: could not write event: write experiment-output/0000/slave-035/client-138.log: file already closed
zerolog: could not write event: write experiment-output/0000/slave-035/client-138.log: file already closed
zerolog: could not write event: write experiment-output/0000/slave-035/client-138.log: file already closed
zerolog: could not write event: write experiment-output/0000/slave-035/client-138.log: file already closed
zerolog: could not write event: write experiment-output/0000/slave-035/client-167.log: file already closed
zerolog: could not write event: write experiment-output/0000/slave-035/client-138.log: file already closed
zerolog: could not write event: write experiment-output/0000/slave-035/client-138.log: file already closed
zerolog: could not write event: write experiment-output/0000/slave-035/client-138.log: file already closed
14:53:37.748 INF Profile data written. filename=experiment-output/0000/slave-035/prof-client.cpu name=cpu
