{"level":"debug","Logging":"info","time":"2023-03-19T16:40:54Z","message":"Config"}
{"level":"debug","UseTLS":false,"time":"2023-03-19T16:40:54Z","message":"Config"}
{"level":"debug","CACertFile":"tls-data/ca.pem","time":"2023-03-19T16:40:54Z","message":"Config"}
{"level":"debug","KeyFile":"tls-data/auth.key","time":"2023-03-19T16:40:54Z","message":"Config"}
{"level":"debug","CertFile":"tls-data/auth.pem","time":"2023-03-19T16:40:54Z","message":"Config"}
{"level":"debug","PriorityConnections":2,"time":"2023-03-19T16:40:54Z","message":"Config"}
{"level":"debug","BasicConnections":1,"time":"2023-03-19T16:40:54Z","message":"Config"}
{"level":"debug","TestConnections":false,"time":"2023-03-19T16:40:54Z","message":"Config"}
{"level":"debug","ExcessConnections":1,"time":"2023-03-19T16:40:54Z","message":"Config"}
{"level":"debug","ConnectionTestMsgs":4,"time":"2023-03-19T16:40:54Z","message":"Config"}
{"level":"debug","ConnectionTestPayload":131072,"time":"2023-03-19T16:40:54Z","message":"Config"}
{"level":"debug","OutMessageBufsize":1024,"time":"2023-03-19T16:40:54Z","message":"Config"}
{"level":"debug","OutMessageBufsize":4,"time":"2023-03-19T16:40:54Z","message":"Config"}
{"level":"debug","ThroughputCap":131072000,"time":"2023-03-19T16:40:54Z","message":"Config"}
{"level":"debug","StragglerTolerance":1000,"time":"2023-03-19T16:40:54Z","message":"Config"}
{"level":"debug","BatchSizeIncrement":256,"time":"2023-03-19T16:40:54Z","message":"Config"}
{"level":"debug","Orderer":"Pbft","time":"2023-03-19T16:40:54Z","message":"Config"}
{"level":"debug","Manager":"Mir","time":"2023-03-19T16:40:54Z","message":"Config"}
{"level":"debug","Failures":0,"time":"2023-03-19T16:40:54Z","message":"Config"}
{"level":"debug","StragglerCnt":0,"time":"2023-03-19T16:40:54Z","message":"Config"}
{"level":"debug","CrashTiming":"Straggler","time":"2023-03-19T16:40:54Z","message":"Config"}
{"level":"debug","CheckpointInterval":256,"time":"2023-03-19T16:40:54Z","message":"Config"}
{"level":"debug","WatermarkWindowSize":256,"time":"2023-03-19T16:40:54Z","message":"Config"}
{"level":"debug","EpochLength":256,"time":"2023-03-19T16:40:54Z","message":"Config"}
{"level":"debug","SegmentLength":16,"time":"2023-03-19T16:40:54Z","message":"Config"}
{"level":"debug","WaitForCheckpoints":true,"time":"2023-03-19T16:40:54Z","message":"Config"}
{"level":"debug","ClientWatermarkWindowSize":16384,"time":"2023-03-19T16:40:54Z","message":"Config"}
{"level":"debug","ClientRequestBacklogSize":16384,"time":"2023-03-19T16:40:54Z","message":"Config"}
{"level":"debug","RandomSeed":27041,"time":"2023-03-19T16:40:54Z","message":"Config"}
{"level":"debug","NodeToLeaderRatio":1,"time":"2023-03-19T16:40:54Z","message":"Config"}
{"level":"debug","LeaderPolicy":"Simple","time":"2023-03-19T16:40:54Z","message":"Config"}
{"level":"debug","DefaultLeaderBan":2,"time":"2023-03-19T16:40:54Z","message":"Config"}
{"level":"debug","NumBuckets":256,"time":"2023-03-19T16:40:54Z","message":"Config"}
{"level":"debug","BatchSize":1000,"time":"2023-03-19T16:40:54Z","message":"Config"}
{"level":"debug","DisabledViewChange":false,"time":"2023-03-19T16:40:54Z","message":"Config"}
{"level":"debug","ViewChangeTimeout":60000,"time":"2023-03-19T16:40:54Z","message":"Config"}
{"level":"debug","ClientTraceSampling":10,"time":"2023-03-19T16:40:54Z","message":"Config"}
{"level":"debug","EventBufferSize":2097152,"time":"2023-03-19T16:40:54Z","message":"Config"}
{"level":"debug","TraceSampling":1,"time":"2023-03-19T16:40:54Z","message":"Config"}
{"level":"debug","ClientsPerProcess":8,"time":"2023-03-19T16:40:54Z","message":"Config"}
{"level":"debug","RequestsPerClient":7680,"time":"2023-03-19T16:40:54Z","message":"Config"}
{"level":"debug","ClientRunTime":15000,"time":"2023-03-19T16:40:54Z","message":"Config"}
{"level":"debug","RequestRate":256,"time":"2023-03-19T16:40:54Z","message":"Config"}
{"level":"debug","HardRequestRateLimit":false,"time":"2023-03-19T16:40:54Z","message":"Config"}
{"level":"debug","RequestPayloadSize":500,"time":"2023-03-19T16:40:54Z","message":"Config"}
{"level":"debug","SignRequests":true,"time":"2023-03-19T16:40:54Z","message":"Config"}
{"level":"debug","ClientPrivKeyFile":"tls-data/client-ecdsa-256.key","time":"2023-03-19T16:40:54Z","message":"Config"}
{"level":"debug","ClientPubKeyFile":"tls-data/client-ecdsa-256.pem","time":"2023-03-19T16:40:54Z","message":"Config"}
{"level":"debug","PrecomputeRequests":false,"time":"2023-03-19T16:40:54Z","message":"Config"}
{"level":"debug","RequestHandlerThreads":32,"time":"2023-03-19T16:40:54Z","message":"Config"}
{"level":"debug","RequestInputChannelBuffer":8192,"time":"2023-03-19T16:40:54Z","message":"Config"}
{"level":"debug","BatchVerifier":"external","time":"2023-03-19T16:40:54Z","message":"Config"}
16:40:54.286 INF Started Profiler: CPU
16:40:54.286 INF Started Profiler: BLOCK
16:40:54.286 INF Started Profiler: MUTEX
16:40:54.286 INF Starting clients. numClients=8 numRequests=7680
16:40:54.287 INF Initilizing clients.
16:40:54.568 INF Registared with discovery server. numOrderers=16 ownClientId=67
16:40:54.568 INF Registared with discovery server. numOrderers=16 ownClientId=69
16:40:54.568 INF Registared with discovery server. numOrderers=16 ownClientId=68
16:40:54.568 INF Registared with discovery server. numOrderers=16 ownClientId=66
16:40:54.569 INF Registared with discovery server. numOrderers=16 ownClientId=74
16:40:54.570 INF Registared with discovery server. numOrderers=16 ownClientId=99
16:40:54.570 INF Registared with discovery server. numOrderers=16 ownClientId=104
16:40:54.571 INF Registared with discovery server. numOrderers=16 ownClientId=119
16:40:54.571 INF Clients initialized.
16:40:54.571 INF Launching clients.
16:40:54.571 INF Waiting for clients.
16:41:13.001 INF Stopping Tracer. events=1906 fileName=experiment-output/0004/slave-026/client-074.trc
zerolog: could not write event: write experiment-output/0004/slave-026/client-074.log: file already closed
zerolog: could not write event: write experiment-output/0004/slave-026/client-074.log: file already closed
16:41:13.006 INF Trace data written.
zerolog: could not write event: write experiment-output/0004/slave-026/client-074.log: file already closed
16:41:13.020 INF Stopping Tracer. events=1898 fileName=experiment-output/0004/slave-026/client-099.trc
16:41:13.022 INF Stopping Tracer. events=2035 fileName=experiment-output/0004/slave-026/client-068.trc
zerolog: could not write event: write experiment-output/0004/slave-026/client-099.log: file already closed
16:41:13.026 INF Trace data written.
16:41:13.027 INF Stopping Tracer. events=1919 fileName=experiment-output/0004/slave-026/client-066.trc
16:41:13.027 INF Stopping Tracer. events=1949 fileName=experiment-output/0004/slave-026/client-104.trc
zerolog: could not write event: write experiment-output/0004/slave-026/client-068.log: file already closed
16:41:13.027 INF Stopping Tracer. events=1841 fileName=experiment-output/0004/slave-026/client-067.trc
zerolog: could not write event: write experiment-output/0004/slave-026/client-066.log: file already closed
zerolog: could not write event: write experiment-output/0004/slave-026/client-104.log: file already closed
16:41:13.028 INF Stopping Tracer. events=1894 fileName=experiment-output/0004/slave-026/client-119.trc
zerolog: could not write event: write experiment-output/0004/slave-026/client-067.log: file already closed
16:41:13.029 INF Trace data written.
zerolog: could not write event: write experiment-output/0004/slave-026/client-074.log: file already closed
16:41:13.029 INF Stopping Tracer. events=1867 fileName=experiment-output/0004/slave-026/client-069.trc
zerolog: could not write event: write experiment-output/0004/slave-026/client-068.log: file already closed
zerolog: could not write event: write experiment-output/0004/slave-026/client-099.log: file already closed
zerolog: could not write event: write experiment-output/0004/slave-026/client-119.log: file already closed
zerolog: could not write event: write experiment-output/0004/slave-026/client-066.log: file already closed
zerolog: could not write event: write experiment-output/0004/slave-026/client-104.log: file already closed
zerolog: could not write event: write experiment-output/0004/slave-026/client-069.log: file already closed
zerolog: could not write event: write experiment-output/0004/slave-026/client-067.log: file already closed
zerolog: could not write event: write experiment-output/0004/slave-026/client-119.log: file already closed
zerolog: could not write event: write experiment-output/0004/slave-026/client-104.log: file already closed
zerolog: could not write event: write experiment-output/0004/slave-026/client-066.log: file already closed
zerolog: could not write event: write experiment-output/0004/slave-026/client-119.log: file already closed
zerolog: could not write event: write experiment-output/0004/slave-026/client-099.log: file already closed
zerolog: could not write event: write experiment-output/0004/slave-026/client-068.log: file already closed
zerolog: could not write event: write experiment-output/0004/slave-026/client-067.log: file already closed
zerolog: could not write event: write experiment-output/0004/slave-026/client-069.log: file already closed
16:41:13.034 INF Trace data written.
16:41:13.034 INF Trace data written.
16:41:13.035 INF Trace data written.
16:41:13.035 INF Trace data written.
16:41:13.035 INF Trace data written.
16:41:13.035 INF Done.
16:41:13.035 INF Stopping profiler.
zerolog: could not write event: write experiment-output/0004/slave-026/client-069.log: file already closed
zerolog: could not write event: write experiment-output/0004/slave-026/client-068.log: file already closed
zerolog: could not write event: write experiment-output/0004/slave-026/client-099.log: file already closed
zerolog: could not write event: write experiment-output/0004/slave-026/client-119.log: file already closed
zerolog: could not write event: write experiment-output/0004/slave-026/client-067.log: file already closed
zerolog: could not write event: write experiment-output/0004/slave-026/client-104.log: file already closed
zerolog: could not write event: write experiment-output/0004/slave-026/client-069.log: file already closed
zerolog: could not write event: write experiment-output/0004/slave-026/client-066.log: file already closed
zerolog: could not write event: write experiment-output/0004/slave-026/client-074.log: file already closed
zerolog: could not write event: write experiment-output/0004/slave-026/client-074.log: file already closed
zerolog: could not write event: write experiment-output/0004/slave-026/client-074.log: file already closed
zerolog: could not write event: write experiment-output/0004/slave-026/client-074.log: file already closed
zerolog: could not write event: write experiment-output/0004/slave-026/client-069.log: file already closed
zerolog: could not write event: write experiment-output/0004/slave-026/client-069.log: file already closed
zerolog: could not write event: write experiment-output/0004/slave-026/client-068.log: file already closed
zerolog: could not write event: write experiment-output/0004/slave-026/client-068.log: file already closed
zerolog: could not write event: write experiment-output/0004/slave-026/client-066.log: file already closed
zerolog: could not write event: write experiment-output/0004/slave-026/client-066.log: file already closed
zerolog: could not write event: write experiment-output/0004/slave-026/client-099.log: file already closed
zerolog: could not write event: write experiment-output/0004/slave-026/client-099.log: file already closed
zerolog: could not write event: write experiment-output/0004/slave-026/client-067.log: file already closed
zerolog: could not write event: write experiment-output/0004/slave-026/client-119.log: file already closed
zerolog: could not write event: write experiment-output/0004/slave-026/client-067.log: file already closed
zerolog: could not write event: write experiment-output/0004/slave-026/client-119.log: file already closed
zerolog: could not write event: write experiment-output/0004/slave-026/client-074.log: file already closed
zerolog: could not write event: write experiment-output/0004/slave-026/client-074.log: file already closed
zerolog: could not write event: write experiment-output/0004/slave-026/client-104.log: file already closed
zerolog: could not write event: write experiment-output/0004/slave-026/client-104.log: file already closed
zerolog: could not write event: write experiment-output/0004/slave-026/client-099.log: file already closed
zerolog: could not write event: write experiment-output/0004/slave-026/client-099.log: file already closed
zerolog: could not write event: write experiment-output/0004/slave-026/client-099.log: file already closed
zerolog: could not write event: write experiment-output/0004/slave-026/client-099.log: file already closed
zerolog: could not write event: write experiment-output/0004/slave-026/client-068.log: file already closed
zerolog: could not write event: write experiment-output/0004/slave-026/client-068.log: file already closed
zerolog: could not write event: write experiment-output/0004/slave-026/client-068.log: file already closed
zerolog: could not write event: write experiment-output/0004/slave-026/client-068.log: file already closed
zerolog: could not write event: write experiment-output/0004/slave-026/client-066.log: file already closed
zerolog: could not write event: write experiment-output/0004/slave-026/client-066.log: file already closed
zerolog: could not write event: write experiment-output/0004/slave-026/client-066.log: file already closed
zerolog: could not write event: write experiment-output/0004/slave-026/client-104.log: file already closed
zerolog: could not write event: write experiment-output/0004/slave-026/client-104.log: file already closed
zerolog: could not write event: write experiment-output/0004/slave-026/client-067.log: file already closed
zerolog: could not write event: write experiment-output/0004/slave-026/client-104.log: file already closed
zerolog: could not write event: write experiment-output/0004/slave-026/client-066.log: file already closed
zerolog: could not write event: write experiment-output/0004/slave-026/client-067.log: file already closed
zerolog: could not write event: write experiment-output/0004/slave-026/client-104.log: file already closed
zerolog: could not write event: write experiment-output/0004/slave-026/client-067.log: file already closed
zerolog: could not write event: write experiment-output/0004/slave-026/client-119.log: file already closed
zerolog: could not write event: write experiment-output/0004/slave-026/client-119.log: file already closed
zerolog: could not write event: write experiment-output/0004/slave-026/client-119.log: file already closed
zerolog: could not write event: write experiment-output/0004/slave-026/client-119.log: file already closed
zerolog: could not write event: write experiment-output/0004/slave-026/client-067.log: file already closed
zerolog: could not write event: write experiment-output/0004/slave-026/client-069.log: file already closed
zerolog: could not write event: write experiment-output/0004/slave-026/client-069.log: file already closed
zerolog: could not write event: write experiment-output/0004/slave-026/client-069.log: file already closed
zerolog: could not write event: write experiment-output/0004/slave-026/client-069.log: file already closed
16:41:13.210 INF Profile data written. filename=experiment-output/0004/slave-026/prof-client.cpu name=cpu
zerolog: could not write event: write experiment-output/0004/slave-026/client-074.log: file already closed
zerolog: could not write event: write experiment-output/0004/slave-026/client-074.log: file already closed
zerolog: could not write event: write experiment-output/0004/slave-026/client-074.log: file already closed
zerolog: could not write event: write experiment-output/0004/slave-026/client-074.log: file already closed
16:41:13.221 INF Profile data written. filename=experiment-output/0004/slave-026/prof-client.block name=block
16:41:13.229 INF Profile data written. filename=experiment-output/0004/slave-026/prof-client.mutex name=mutex
