{"level":"debug","Logging":"info","time":"2023-07-11T07:10:10Z","message":"Config"}
{"level":"debug","UseTLS":false,"time":"2023-07-11T07:10:10Z","message":"Config"}
{"level":"debug","CACertFile":"tls-data/ca.pem","time":"2023-07-11T07:10:10Z","message":"Config"}
{"level":"debug","KeyFile":"tls-data/auth.key","time":"2023-07-11T07:10:10Z","message":"Config"}
{"level":"debug","CertFile":"tls-data/auth.pem","time":"2023-07-11T07:10:10Z","message":"Config"}
{"level":"debug","PriorityConnections":2,"time":"2023-07-11T07:10:10Z","message":"Config"}
{"level":"debug","BasicConnections":1,"time":"2023-07-11T07:10:10Z","message":"Config"}
{"level":"debug","TestConnections":false,"time":"2023-07-11T07:10:10Z","message":"Config"}
{"level":"debug","ExcessConnections":1,"time":"2023-07-11T07:10:10Z","message":"Config"}
{"level":"debug","ConnectionTestMsgs":4,"time":"2023-07-11T07:10:10Z","message":"Config"}
{"level":"debug","ConnectionTestPayload":131072,"time":"2023-07-11T07:10:10Z","message":"Config"}
{"level":"debug","OutMessageBufsize":1024,"time":"2023-07-11T07:10:10Z","message":"Config"}
{"level":"debug","OutMessageBufsize":4,"time":"2023-07-11T07:10:10Z","message":"Config"}
{"level":"debug","ThroughputCap":131072000,"time":"2023-07-11T07:10:10Z","message":"Config"}
{"level":"debug","StragglerTolerance":1000,"time":"2023-07-11T07:10:10Z","message":"Config"}
{"level":"debug","BatchSizeIncrement":256,"time":"2023-07-11T07:10:10Z","message":"Config"}
{"level":"debug","Orderer":"Pbft","time":"2023-07-11T07:10:10Z","message":"Config"}
{"level":"debug","Manager":"Mir","time":"2023-07-11T07:10:10Z","message":"Config"}
{"level":"debug","Failures":0,"time":"2023-07-11T07:10:10Z","message":"Config"}
{"level":"debug","StragglerCnt":0,"time":"2023-07-11T07:10:10Z","message":"Config"}
{"level":"debug","CrashTiming":"Straggler","time":"2023-07-11T07:10:10Z","message":"Config"}
{"level":"debug","CheckpointInterval":2048,"time":"2023-07-11T07:10:10Z","message":"Config"}
{"level":"debug","WatermarkWindowSize":2048,"time":"2023-07-11T07:10:10Z","message":"Config"}
{"level":"debug","EpochLength":2048,"time":"2023-07-11T07:10:10Z","message":"Config"}
{"level":"debug","SegmentLength":128,"time":"2023-07-11T07:10:10Z","message":"Config"}
{"level":"debug","WaitForCheckpoints":true,"time":"2023-07-11T07:10:10Z","message":"Config"}
{"level":"debug","ClientWatermarkWindowSize":49152,"time":"2023-07-11T07:10:10Z","message":"Config"}
{"level":"debug","ClientRequestBacklogSize":49152,"time":"2023-07-11T07:10:10Z","message":"Config"}
{"level":"debug","RandomSeed":15787,"time":"2023-07-11T07:10:10Z","message":"Config"}
{"level":"debug","NodeToLeaderRatio":1,"time":"2023-07-11T07:10:10Z","message":"Config"}
{"level":"debug","LeaderPolicy":"Simple","time":"2023-07-11T07:10:10Z","message":"Config"}
{"level":"debug","DefaultLeaderBan":2,"time":"2023-07-11T07:10:10Z","message":"Config"}
{"level":"debug","NumBuckets":256,"time":"2023-07-11T07:10:10Z","message":"Config"}
{"level":"debug","BatchSize":2000,"time":"2023-07-11T07:10:10Z","message":"Config"}
{"level":"debug","DisabledViewChange":false,"time":"2023-07-11T07:10:10Z","message":"Config"}
{"level":"debug","ViewChangeTimeout":60000,"time":"2023-07-11T07:10:10Z","message":"Config"}
{"level":"debug","ClientTraceSampling":10,"time":"2023-07-11T07:10:10Z","message":"Config"}
{"level":"debug","EventBufferSize":2097152,"time":"2023-07-11T07:10:10Z","message":"Config"}
{"level":"debug","TraceSampling":1,"time":"2023-07-11T07:10:10Z","message":"Config"}
{"level":"debug","ClientsPerProcess":8,"time":"2023-07-11T07:10:10Z","message":"Config"}
{"level":"debug","RequestsPerClient":3515,"time":"2023-07-11T07:10:10Z","message":"Config"}
{"level":"debug","ClientRunTime":15000,"time":"2023-07-11T07:10:10Z","message":"Config"}
{"level":"debug","RequestRate":117,"time":"2023-07-11T07:10:10Z","message":"Config"}
{"level":"debug","HardRequestRateLimit":false,"time":"2023-07-11T07:10:10Z","message":"Config"}
{"level":"debug","RequestPayloadSize":500,"time":"2023-07-11T07:10:10Z","message":"Config"}
{"level":"debug","SignRequests":true,"time":"2023-07-11T07:10:10Z","message":"Config"}
{"level":"debug","ClientPrivKeyFile":"tls-data/client-ecdsa-256.key","time":"2023-07-11T07:10:10Z","message":"Config"}
{"level":"debug","ClientPubKeyFile":"tls-data/client-ecdsa-256.pem","time":"2023-07-11T07:10:10Z","message":"Config"}
{"level":"debug","PrecomputeRequests":false,"time":"2023-07-11T07:10:10Z","message":"Config"}
{"level":"debug","RequestHandlerThreads":32,"time":"2023-07-11T07:10:10Z","message":"Config"}
{"level":"debug","RequestInputChannelBuffer":8192,"time":"2023-07-11T07:10:10Z","message":"Config"}
{"level":"debug","BatchVerifier":"external","time":"2023-07-11T07:10:10Z","message":"Config"}
07:10:10.393 INF Started Profiler: CPU
07:10:10.393 INF Started Profiler: BLOCK
07:10:10.393 INF Started Profiler: MUTEX
07:10:10.393 INF Starting clients. numClients=8 numRequests=3515
07:10:10.393 INF Initilizing clients.
07:10:10.652 INF Registared with discovery server. numOrderers=16 ownClientId=0
07:10:10.673 INF Registared with discovery server. numOrderers=16 ownClientId=37
07:10:10.680 INF Registared with discovery server. numOrderers=16 ownClientId=4
07:10:10.686 INF Registared with discovery server. numOrderers=16 ownClientId=36
07:10:10.693 INF Registared with discovery server. numOrderers=16 ownClientId=24
07:10:10.700 INF Registared with discovery server. numOrderers=16 ownClientId=54
07:10:10.716 INF Registared with discovery server. numOrderers=16 ownClientId=106
07:10:10.736 INF Registared with discovery server. numOrderers=16 ownClientId=142
07:10:10.736 INF Clients initialized.
07:10:10.736 INF Launching clients.
07:10:10.736 INF Waiting for clients.
07:10:28.294 INF Stopping Tracer. events=710 fileName=experiment-output/0000/slave-010/client-004.trc
07:10:28.295 INF Trace data written.
07:10:28.307 INF Stopping Tracer. events=708 fileName=experiment-output/0000/slave-010/client-142.trc
07:10:28.307 INF Stopping Tracer. events=730 fileName=experiment-output/0000/slave-010/client-106.trc
07:10:28.309 INF Trace data written.
07:10:28.309 INF Trace data written.
07:10:28.309 INF Stopping Tracer. events=1012 fileName=experiment-output/0000/slave-010/client-037.trc
07:10:28.309 INF Stopping Tracer. events=728 fileName=experiment-output/0000/slave-010/client-054.trc
07:10:28.311 INF Trace data written.
07:10:28.311 INF Trace data written.
07:10:28.330 INF Stopping Tracer. events=717 fileName=experiment-output/0000/slave-010/client-036.trc
07:10:28.331 INF Trace data written.
07:10:28.343 INF Stopping Tracer. events=728 fileName=experiment-output/0000/slave-010/client-000.trc
07:10:28.345 INF Trace data written.
07:10:28.348 INF Stopping Tracer. events=709 fileName=experiment-output/0000/slave-010/client-024.trc
07:10:28.349 INF Trace data written.
07:10:28.349 INF Done.
07:10:28.349 INF Stopping profiler.
zerolog: could not write event: write experiment-output/0000/slave-010/client-004.log: file already closed
zerolog: could not write event: write experiment-output/0000/slave-010/client-054.log: file already closed
zerolog: could not write event: write experiment-output/0000/slave-010/client-142.log: file already closed
zerolog: could not write event: write experiment-output/0000/slave-010/client-142.log: file already closed
zerolog: could not write event: write experiment-output/0000/slave-010/client-054.log: file already closed
zerolog: could not write event: write experiment-output/0000/slave-010/client-004.log: file already closed
zerolog: could not write event: write experiment-output/0000/slave-010/client-004.log: file already closed
zerolog: could not write event: write experiment-output/0000/slave-010/client-037.log: file already closed
zerolog: could not write event: write experiment-output/0000/slave-010/client-004.log: file already closed
zerolog: could not write event: write experiment-output/0000/slave-010/client-004.log: file already closed
zerolog: could not write event: write experiment-output/0000/slave-010/client-054.log: file already closed
zerolog: could not write event: write experiment-output/0000/slave-010/client-004.log: file already closed
zerolog: could not write event: write experiment-output/0000/slave-010/client-054.log: file already closed
zerolog: could not write event: write experiment-output/0000/slave-010/client-004.log: file already closed
zerolog: could not write event: write experiment-output/0000/slave-010/client-004.log: file already closed
zerolog: could not write event: write experiment-output/0000/slave-010/client-106.log: file already closed
zerolog: could not write event: write experiment-output/0000/slave-010/client-037.log: file already closed
zerolog: could not write event: write experiment-output/0000/slave-010/client-142.log: file already closed
zerolog: could not write event: write experiment-output/0000/slave-010/client-037.log: file already closed
zerolog: could not write event: write experiment-output/0000/slave-010/client-106.log: file already closed
zerolog: could not write event: write experiment-output/0000/slave-010/client-106.log: file already closed
zerolog: could not write event: write experiment-output/0000/slave-010/client-142.log: file already closed
zerolog: could not write event: write experiment-output/0000/slave-010/client-054.log: file already closed
zerolog: could not write event: write experiment-output/0000/slave-010/client-036.log: file already closed
zerolog: could not write event: write experiment-output/0000/slave-010/client-142.log: file already closed
zerolog: could not write event: write experiment-output/0000/slave-010/client-142.log: file already closed
zerolog: could not write event: write experiment-output/0000/slave-010/client-037.log: file already closed
zerolog: could not write event: write experiment-output/0000/slave-010/client-000.log: file already closed
zerolog: could not write event: write experiment-output/0000/slave-010/client-106.log: file already closed
zerolog: could not write event: write experiment-output/0000/slave-010/client-106.log: file already closed
zerolog: could not write event: write experiment-output/0000/slave-010/client-106.log: file already closed
zerolog: could not write event: write experiment-output/0000/slave-010/client-142.log: file already closed
zerolog: could not write event: write experiment-output/0000/slave-010/client-054.log: file already closed
zerolog: could not write event: write experiment-output/0000/slave-010/client-054.log: file already closed
zerolog: could not write event: write experiment-output/0000/slave-010/client-106.log: file already closed
zerolog: could not write event: write experiment-output/0000/slave-010/client-142.log: file already closed
zerolog: could not write event: write experiment-output/0000/slave-010/client-004.log: file already closed
zerolog: could not write event: write experiment-output/0000/slave-010/client-142.log: file already closed
zerolog: could not write event: write experiment-output/0000/slave-010/client-004.log: file already closed
zerolog: could not write event: write experiment-output/0000/slave-010/client-054.log: file already closed
zerolog: could not write event: write experiment-output/0000/slave-010/client-054.log: file already closed
zerolog: could not write event: write experiment-output/0000/slave-010/client-037.log: file already closed
zerolog: could not write event: write experiment-output/0000/slave-010/client-037.log: file already closed
zerolog: could not write event: write experiment-output/0000/slave-010/client-054.log: file already closed
zerolog: could not write event: write experiment-output/0000/slave-010/client-024.log: file already closed
zerolog: could not write event: write experiment-output/0000/slave-010/client-106.log: file already closed
zerolog: could not write event: write experiment-output/0000/slave-010/client-004.log: file already closed
zerolog: could not write event: write experiment-output/0000/slave-010/client-054.log: file already closed
zerolog: could not write event: write experiment-output/0000/slave-010/client-004.log: file already closed
zerolog: could not write event: write experiment-output/0000/slave-010/client-106.log: file already closed
zerolog: could not write event: write experiment-output/0000/slave-010/client-037.log: file already closed
zerolog: could not write event: write experiment-output/0000/slave-010/client-037.log: file already closed
zerolog: could not write event: write experiment-output/0000/slave-010/client-037.log: file already closed
zerolog: could not write event: write experiment-output/0000/slave-010/client-004.log: file already closed
zerolog: could not write event: write experiment-output/0000/slave-010/client-054.log: file already closed
zerolog: could not write event: write experiment-output/0000/slave-010/client-106.log: file already closed
zerolog: could not write event: write experiment-output/0000/slave-010/client-106.log: file already closed
zerolog: could not write event: write experiment-output/0000/slave-010/client-142.log: file already closed
zerolog: could not write event: write experiment-output/0000/slave-010/client-054.log: file already closed
zerolog: could not write event: write experiment-output/0000/slave-010/client-142.log: file already closed
zerolog: could not write event: write experiment-output/0000/slave-010/client-106.log: file already closed
zerolog: could not write event: write experiment-output/0000/slave-010/client-004.log: file already closed
zerolog: could not write event: write experiment-output/0000/slave-010/client-106.log: file already closed
zerolog: could not write event: write experiment-output/0000/slave-010/client-037.log: file already closed
zerolog: could not write event: write experiment-output/0000/slave-010/client-004.log: file already closed
zerolog: could not write event: write experiment-output/0000/slave-010/client-036.log: file already closed
zerolog: could not write event: write experiment-output/0000/slave-010/client-142.log: file already closed
zerolog: could not write event: write experiment-output/0000/slave-010/client-054.log: file already closed
zerolog: could not write event: write experiment-output/0000/slave-010/client-037.log: file already closed
zerolog: could not write event: write experiment-output/0000/slave-010/client-036.log: file already closed
zerolog: could not write event: write experiment-output/0000/slave-010/client-004.log: file already closed
zerolog: could not write event: write experiment-output/0000/slave-010/client-142.log: file already closed
zerolog: could not write event: write experiment-output/0000/slave-010/client-036.log: file already closed
zerolog: could not write event: write experiment-output/0000/slave-010/client-036.log: file already closed
zerolog: could not write event: write experiment-output/0000/slave-010/client-037.log: file already closed
zerolog: could not write event: write experiment-output/0000/slave-010/client-054.log: file already closed
zerolog: could not write event: write experiment-output/0000/slave-010/client-037.log: file already closed
zerolog: could not write event: write experiment-output/0000/slave-010/client-106.log: file already closed
zerolog: could not write event: write experiment-output/0000/slave-010/client-142.log: file already closed
zerolog: could not write event: write experiment-output/0000/slave-010/client-000.log: file already closed
zerolog: could not write event: write experiment-output/0000/slave-010/client-036.log: file already closed
zerolog: could not write event: write experiment-output/0000/slave-010/client-000.log: file already closed
zerolog: could not write event: write experiment-output/0000/slave-010/client-106.log: file already closed
zerolog: could not write event: write experiment-output/0000/slave-010/client-000.log: file already closed
zerolog: could not write event: write experiment-output/0000/slave-010/client-037.log: file already closed
zerolog: could not write event: write experiment-output/0000/slave-010/client-000.log: file already closed
zerolog: could not write event: write experiment-output/0000/slave-010/client-037.log: file already closed
zerolog: could not write event: write experiment-output/0000/slave-010/client-054.log: file already closed
zerolog: could not write event: write experiment-output/0000/slave-010/client-106.log: file already closed
zerolog: could not write event: write experiment-output/0000/slave-010/client-037.log: file already closed
zerolog: could not write event: write experiment-output/0000/slave-010/client-000.log: file already closed
zerolog: could not write event: write experiment-output/0000/slave-010/client-000.log: file already closed
zerolog: could not write event: write experiment-output/0000/slave-010/client-036.log: file already closed
zerolog: could not write event: write experiment-output/0000/slave-010/client-024.log: file already closed
zerolog: could not write event: write experiment-output/0000/slave-010/client-024.log: file already closed
zerolog: could not write event: write experiment-output/0000/slave-010/client-036.log: file already closed
zerolog: could not write event: write experiment-output/0000/slave-010/client-142.log: file already closed
zerolog: could not write event: write experiment-output/0000/slave-010/client-142.log: file already closed
zerolog: could not write event: write experiment-output/0000/slave-010/client-000.log: file already closed
zerolog: could not write event: write experiment-output/0000/slave-010/client-024.log: file already closed
zerolog: could not write event: write experiment-output/0000/slave-010/client-036.log: file already closed
zerolog: could not write event: write experiment-output/0000/slave-010/client-024.log: file already closed
zerolog: could not write event: write experiment-output/0000/slave-010/client-024.log: file already closed
zerolog: could not write event: write experiment-output/0000/slave-010/client-024.log: file already closed
zerolog: could not write event: write experiment-output/0000/slave-010/client-024.log: file already closed
zerolog: could not write event: write experiment-output/0000/slave-010/client-024.log: file already closed
zerolog: could not write event: write experiment-output/0000/slave-010/client-036.log: file already closed
zerolog: could not write event: write experiment-output/0000/slave-010/client-036.log: file already closed
zerolog: could not write event: write experiment-output/0000/slave-010/client-036.log: file already closed
zerolog: could not write event: write experiment-output/0000/slave-010/client-000.log: file already closed
zerolog: could not write event: write experiment-output/0000/slave-010/client-036.log: file already closed
zerolog: could not write event: write experiment-output/0000/slave-010/client-036.log: file already closed
zerolog: could not write event: write experiment-output/0000/slave-010/client-036.log: file already closed
zerolog: could not write event: write experiment-output/0000/slave-010/client-000.log: file already closed
zerolog: could not write event: write experiment-output/0000/slave-010/client-000.log: file already closed
zerolog: could not write event: write experiment-output/0000/slave-010/client-000.log: file already closed
zerolog: could not write event: write experiment-output/0000/slave-010/client-024.log: file already closed
zerolog: could not write event: write experiment-output/0000/slave-010/client-036.log: file already closed
zerolog: could not write event: write experiment-output/0000/slave-010/client-000.log: file already closed
zerolog: could not write event: write experiment-output/0000/slave-010/client-024.log: file already closed
zerolog: could not write event: write experiment-output/0000/slave-010/client-024.log: file already closed
zerolog: could not write event: write experiment-output/0000/slave-010/client-024.log: file already closed
zerolog: could not write event: write experiment-output/0000/slave-010/client-024.log: file already closed
zerolog: could not write event: write experiment-output/0000/slave-010/client-024.log: file already closed
zerolog: could not write event: write experiment-output/0000/slave-010/client-000.log: file already closed
zerolog: could not write event: write experiment-output/0000/slave-010/client-000.log: file already closed
zerolog: could not write event: write experiment-output/0000/slave-010/client-000.log: file already closed
zerolog: could not write event: write experiment-output/0000/slave-010/client-024.log: file already closed
07:10:28.512 INF Profile data written. filename=experiment-output/0000/slave-010/prof-client.cpu name=cpu
07:10:28.529 INF Profile data written. filename=experiment-output/0000/slave-010/prof-client.block name=block
07:10:28.533 INF Profile data written. filename=experiment-output/0000/slave-010/prof-client.mutex name=mutex
