{"level":"debug","Logging":"info","time":"2023-07-15T16:10:37Z","message":"Config"}
{"level":"debug","UseTLS":false,"time":"2023-07-15T16:10:37Z","message":"Config"}
{"level":"debug","CACertFile":"tls-data/ca.pem","time":"2023-07-15T16:10:37Z","message":"Config"}
{"level":"debug","KeyFile":"tls-data/auth.key","time":"2023-07-15T16:10:37Z","message":"Config"}
{"level":"debug","CertFile":"tls-data/auth.pem","time":"2023-07-15T16:10:37Z","message":"Config"}
{"level":"debug","PriorityConnections":2,"time":"2023-07-15T16:10:37Z","message":"Config"}
{"level":"debug","BasicConnections":1,"time":"2023-07-15T16:10:37Z","message":"Config"}
{"level":"debug","TestConnections":false,"time":"2023-07-15T16:10:37Z","message":"Config"}
{"level":"debug","ExcessConnections":1,"time":"2023-07-15T16:10:37Z","message":"Config"}
{"level":"debug","ConnectionTestMsgs":4,"time":"2023-07-15T16:10:37Z","message":"Config"}
{"level":"debug","ConnectionTestPayload":131072,"time":"2023-07-15T16:10:37Z","message":"Config"}
{"level":"debug","OutMessageBufsize":1024,"time":"2023-07-15T16:10:37Z","message":"Config"}
{"level":"debug","OutMessageBufsize":4,"time":"2023-07-15T16:10:37Z","message":"Config"}
{"level":"debug","ThroughputCap":131072000,"time":"2023-07-15T16:10:37Z","message":"Config"}
{"level":"debug","StragglerTolerance":1000,"time":"2023-07-15T16:10:37Z","message":"Config"}
{"level":"debug","BatchSizeIncrement":256,"time":"2023-07-15T16:10:37Z","message":"Config"}
{"level":"debug","Orderer":"HotStuff","time":"2023-07-15T16:10:37Z","message":"Config"}
{"level":"debug","Manager":"Mir","time":"2023-07-15T16:10:37Z","message":"Config"}
{"level":"debug","Failures":0,"time":"2023-07-15T16:10:37Z","message":"Config"}
{"level":"debug","StragglerCnt":1,"time":"2023-07-15T16:10:37Z","message":"Config"}
{"level":"debug","CrashTiming":"Straggler","time":"2023-07-15T16:10:37Z","message":"Config"}
{"level":"debug","CheckpointInterval":512,"time":"2023-07-15T16:10:37Z","message":"Config"}
{"level":"debug","WatermarkWindowSize":512,"time":"2023-07-15T16:10:37Z","message":"Config"}
{"level":"debug","EpochLength":512,"time":"2023-07-15T16:10:37Z","message":"Config"}
{"level":"debug","SegmentLength":32,"time":"2023-07-15T16:10:37Z","message":"Config"}
{"level":"debug","WaitForCheckpoints":true,"time":"2023-07-15T16:10:37Z","message":"Config"}
{"level":"debug","ClientWatermarkWindowSize":16384,"time":"2023-07-15T16:10:37Z","message":"Config"}
{"level":"debug","ClientRequestBacklogSize":16384,"time":"2023-07-15T16:10:37Z","message":"Config"}
{"level":"debug","RandomSeed":32448,"time":"2023-07-15T16:10:37Z","message":"Config"}
{"level":"debug","NodeToLeaderRatio":1,"time":"2023-07-15T16:10:37Z","message":"Config"}
{"level":"debug","LeaderPolicy":"Simple","time":"2023-07-15T16:10:37Z","message":"Config"}
{"level":"debug","DefaultLeaderBan":2,"time":"2023-07-15T16:10:37Z","message":"Config"}
{"level":"debug","NumBuckets":256,"time":"2023-07-15T16:10:37Z","message":"Config"}
{"level":"debug","BatchSize":2000,"time":"2023-07-15T16:10:37Z","message":"Config"}
{"level":"debug","DisabledViewChange":false,"time":"2023-07-15T16:10:37Z","message":"Config"}
{"level":"debug","ViewChangeTimeout":60000,"time":"2023-07-15T16:10:37Z","message":"Config"}
{"level":"debug","ClientTraceSampling":10,"time":"2023-07-15T16:10:37Z","message":"Config"}
{"level":"debug","EventBufferSize":2097152,"time":"2023-07-15T16:10:37Z","message":"Config"}
{"level":"debug","TraceSampling":1,"time":"2023-07-15T16:10:37Z","message":"Config"}
{"level":"debug","ClientsPerProcess":8,"time":"2023-07-15T16:10:37Z","message":"Config"}
{"level":"debug","RequestsPerClient":4101,"time":"2023-07-15T16:10:37Z","message":"Config"}
{"level":"debug","ClientRunTime":15000,"time":"2023-07-15T16:10:37Z","message":"Config"}
{"level":"debug","RequestRate":136,"time":"2023-07-15T16:10:37Z","message":"Config"}
{"level":"debug","HardRequestRateLimit":false,"time":"2023-07-15T16:10:37Z","message":"Config"}
{"level":"debug","RequestPayloadSize":500,"time":"2023-07-15T16:10:37Z","message":"Config"}
{"level":"debug","SignRequests":true,"time":"2023-07-15T16:10:37Z","message":"Config"}
{"level":"debug","ClientPrivKeyFile":"tls-data/client-ecdsa-256.key","time":"2023-07-15T16:10:37Z","message":"Config"}
{"level":"debug","ClientPubKeyFile":"tls-data/client-ecdsa-256.pem","time":"2023-07-15T16:10:37Z","message":"Config"}
{"level":"debug","PrecomputeRequests":false,"time":"2023-07-15T16:10:37Z","message":"Config"}
{"level":"debug","RequestHandlerThreads":32,"time":"2023-07-15T16:10:37Z","message":"Config"}
{"level":"debug","RequestInputChannelBuffer":8192,"time":"2023-07-15T16:10:37Z","message":"Config"}
{"level":"debug","BatchVerifier":"external","time":"2023-07-15T16:10:37Z","message":"Config"}
16:10:37.485 INF Started Profiler: CPU
16:10:37.485 INF Started Profiler: BLOCK
16:10:37.485 INF Started Profiler: MUTEX
16:10:37.485 INF Starting clients. numClients=8 numRequests=4101
16:10:37.485 INF Initilizing clients.
16:10:37.754 INF Registared with discovery server. numOrderers=16 ownClientId=48
16:10:37.769 INF Registared with discovery server. numOrderers=16 ownClientId=111
16:10:37.783 INF Registared with discovery server. numOrderers=16 ownClientId=76
16:10:37.787 INF Registared with discovery server. numOrderers=16 ownClientId=126
16:10:37.821 INF Registared with discovery server. numOrderers=16 ownClientId=217
16:10:37.822 INF Registared with discovery server. numOrderers=16 ownClientId=207
16:10:37.831 INF Registared with discovery server. numOrderers=16 ownClientId=221
16:10:37.858 INF Registared with discovery server. numOrderers=16 ownClientId=254
16:10:37.858 INF Clients initialized.
16:10:37.858 INF Launching clients.
16:10:37.858 INF Waiting for clients.
16:12:52.498 INF Stopping Tracer. events=1237 fileName=experiment-output/0001/slave-047/client-217.trc
16:12:52.500 INF Trace data written.
16:12:52.507 INF Stopping Tracer. events=1357 fileName=experiment-output/0001/slave-047/client-111.trc
16:12:52.507 INF Stopping Tracer. events=826 fileName=experiment-output/0001/slave-047/client-126.trc
16:12:52.509 INF Trace data written.
16:12:52.510 INF Trace data written.
16:12:52.512 INF Stopping Tracer. events=1241 fileName=experiment-output/0001/slave-047/client-221.trc
16:12:52.514 INF Trace data written.
16:12:52.515 INF Stopping Tracer. events=838 fileName=experiment-output/0001/slave-047/client-254.trc
16:12:52.517 INF Trace data written.
16:12:52.523 INF Stopping Tracer. events=830 fileName=experiment-output/0001/slave-047/client-076.trc
16:12:52.523 INF Stopping Tracer. events=1261 fileName=experiment-output/0001/slave-047/client-207.trc
16:12:52.524 INF Trace data written.
16:12:52.525 INF Trace data written.
16:12:52.551 INF Stopping Tracer. events=832 fileName=experiment-output/0001/slave-047/client-048.trc
16:12:52.552 INF Trace data written.
16:12:52.552 INF Done.
16:12:52.552 INF Stopping profiler.
zerolog: could not write event: write experiment-output/0001/slave-047/client-217.log: file already closed
zerolog: could not write event: write experiment-output/0001/slave-047/client-217.log: file already closed
zerolog: could not write event: write experiment-output/0001/slave-047/client-221.log: file already closed
zerolog: could not write event: write experiment-output/0001/slave-047/client-111.log: file already closed
zerolog: could not write event: write experiment-output/0001/slave-047/client-126.log: file already closed
zerolog: could not write event: write experiment-output/0001/slave-047/client-126.log: file already closed
zerolog: could not write event: write experiment-output/0001/slave-047/client-126.log: file already closed
zerolog: could not write event: write experiment-output/0001/slave-047/client-111.log: file already closed
zerolog: could not write event: write experiment-output/0001/slave-047/client-126.log: file already closed
zerolog: could not write event: write experiment-output/0001/slave-047/client-254.log: file already closed
zerolog: could not write event: write experiment-output/0001/slave-047/client-126.log: file already closed
zerolog: could not write event: write experiment-output/0001/slave-047/client-126.log: file already closed
zerolog: could not write event: write experiment-output/0001/slave-047/client-126.log: file already closed
zerolog: could not write event: write experiment-output/0001/slave-047/client-217.log: file already closed
zerolog: could not write event: write experiment-output/0001/slave-047/client-111.log: file already closed
zerolog: could not write event: write experiment-output/0001/slave-047/client-221.log: file already closed
zerolog: could not write event: write experiment-output/0001/slave-047/client-111.log: file already closed
zerolog: could not write event: write experiment-output/0001/slave-047/client-111.log: file already closed
zerolog: could not write event: write experiment-output/0001/slave-047/client-111.log: file already closed
zerolog: could not write event: write experiment-output/0001/slave-047/client-111.log: file already closed
zerolog: could not write event: write experiment-output/0001/slave-047/client-111.log: file already closed
zerolog: could not write event: write experiment-output/0001/slave-047/client-217.log: file already closed
zerolog: could not write event: write experiment-output/0001/slave-047/client-207.log: file already closed
zerolog: could not write event: write experiment-output/0001/slave-047/client-217.log: file already closed
zerolog: could not write event: write experiment-output/0001/slave-047/client-221.log: file already closed
zerolog: could not write event: write experiment-output/0001/slave-047/client-126.log: file already closed
zerolog: could not write event: write experiment-output/0001/slave-047/client-217.log: file already closed
zerolog: could not write event: write experiment-output/0001/slave-047/client-217.log: file already closed
zerolog: could not write event: write experiment-output/0001/slave-047/client-221.log: file already closed
zerolog: could not write event: write experiment-output/0001/slave-047/client-254.log: file already closed
zerolog: could not write event: write experiment-output/0001/slave-047/client-217.log: file already closed
zerolog: could not write event: write experiment-output/0001/slave-047/client-254.log: file already closed
zerolog: could not write event: write experiment-output/0001/slave-047/client-221.log: file already closed
zerolog: could not write event: write experiment-output/0001/slave-047/client-221.log: file already closed
zerolog: could not write event: write experiment-output/0001/slave-047/client-126.log: file already closed
zerolog: could not write event: write experiment-output/0001/slave-047/client-126.log: file already closed
zerolog: could not write event: write experiment-output/0001/slave-047/client-217.log: file already closed
zerolog: could not write event: write experiment-output/0001/slave-047/client-217.log: file already closed
zerolog: could not write event: write experiment-output/0001/slave-047/client-111.log: file already closed
zerolog: could not write event: write experiment-output/0001/slave-047/client-217.log: file already closed
zerolog: could not write event: write experiment-output/0001/slave-047/client-111.log: file already closed
zerolog: could not write event: write experiment-output/0001/slave-047/client-126.log: file already closed
zerolog: could not write event: write experiment-output/0001/slave-047/client-254.log: file already closed
zerolog: could not write event: write experiment-output/0001/slave-047/client-217.log: file already closed
zerolog: could not write event: write experiment-output/0001/slave-047/client-076.log: file already closed
zerolog: could not write event: write experiment-output/0001/slave-047/client-221.log: file already closed
zerolog: could not write event: write experiment-output/0001/slave-047/client-076.log: file already closed
zerolog: could not write event: write experiment-output/0001/slave-047/client-221.log: file already closed
zerolog: could not write event: write experiment-output/0001/slave-047/client-126.log: file already closed
zerolog: could not write event: write experiment-output/0001/slave-047/client-076.log: file already closed
zerolog: could not write event: write experiment-output/0001/slave-047/client-254.log: file already closed
zerolog: could not write event: write experiment-output/0001/slave-047/client-254.log: file already closed
zerolog: could not write event: write experiment-output/0001/slave-047/client-221.log: file already closed
zerolog: could not write event: write experiment-output/0001/slave-047/client-207.log: file already closed
zerolog: could not write event: write experiment-output/0001/slave-047/client-254.log: file already closed
zerolog: could not write event: write experiment-output/0001/slave-047/client-076.log: file already closed
zerolog: could not write event: write experiment-output/0001/slave-047/client-254.log: file already closed
zerolog: could not write event: write experiment-output/0001/slave-047/client-076.log: file already closed
zerolog: could not write event: write experiment-output/0001/slave-047/client-111.log: file already closed
zerolog: could not write event: write experiment-output/0001/slave-047/client-126.log: file already closed
zerolog: could not write event: write experiment-output/0001/slave-047/client-221.log: file already closed
zerolog: could not write event: write experiment-output/0001/slave-047/client-111.log: file already closed
zerolog: could not write event: write experiment-output/0001/slave-047/client-221.log: file already closed
zerolog: could not write event: write experiment-output/0001/slave-047/client-076.log: file already closed
zerolog: could not write event: write experiment-output/0001/slave-047/client-217.log: file already closed
zerolog: could not write event: write experiment-output/0001/slave-047/client-076.log: file already closed
zerolog: could not write event: write experiment-output/0001/slave-047/client-254.log: file already closed
zerolog: could not write event: write experiment-output/0001/slave-047/client-126.log: file already closed
zerolog: could not write event: write experiment-output/0001/slave-047/client-111.log: file already closed
zerolog: could not write event: write experiment-output/0001/slave-047/client-254.log: file already closed
zerolog: could not write event: write experiment-output/0001/slave-047/client-207.log: file already closed
zerolog: could not write event: write experiment-output/0001/slave-047/client-076.log: file already closed
zerolog: could not write event: write experiment-output/0001/slave-047/client-254.log: file already closed
zerolog: could not write event: write experiment-output/0001/slave-047/client-111.log: file already closed
zerolog: could not write event: write experiment-output/0001/slave-047/client-207.log: file already closed
zerolog: could not write event: write experiment-output/0001/slave-047/client-111.log: file already closed
zerolog: could not write event: write experiment-output/0001/slave-047/client-207.log: file already closed
zerolog: could not write event: write experiment-output/0001/slave-047/client-111.log: file already closed
zerolog: could not write event: write experiment-output/0001/slave-047/client-217.log: file already closed
zerolog: could not write event: write experiment-output/0001/slave-047/client-076.log: file already closed
zerolog: could not write event: write experiment-output/0001/slave-047/client-207.log: file already closed
zerolog: could not write event: write experiment-output/0001/slave-047/client-207.log: file already closed
zerolog: could not write event: write experiment-output/0001/slave-047/client-254.log: file already closed
zerolog: could not write event: write experiment-output/0001/slave-047/client-254.log: file already closed
zerolog: could not write event: write experiment-output/0001/slave-047/client-126.log: file already closed
zerolog: could not write event: write experiment-output/0001/slave-047/client-207.log: file already closed
zerolog: could not write event: write experiment-output/0001/slave-047/client-221.log: file already closed
zerolog: could not write event: write experiment-output/0001/slave-047/client-076.log: file already closed
zerolog: could not write event: write experiment-output/0001/slave-047/client-254.log: file already closed
zerolog: could not write event: write experiment-output/0001/slave-047/client-207.log: file already closed
zerolog: could not write event: write experiment-output/0001/slave-047/client-207.log: file already closed
zerolog: could not write event: write experiment-output/0001/slave-047/client-217.log: file already closed
zerolog: could not write event: write experiment-output/0001/slave-047/client-076.log: file already closed
zerolog: could not write event: write experiment-output/0001/slave-047/client-048.log: file already closed
zerolog: could not write event: write experiment-output/0001/slave-047/client-217.log: file already closed
zerolog: could not write event: write experiment-output/0001/slave-047/client-221.log: file already closed
zerolog: could not write event: write experiment-output/0001/slave-047/client-076.log: file already closed
zerolog: could not write event: write experiment-output/0001/slave-047/client-126.log: file already closed
zerolog: could not write event: write experiment-output/0001/slave-047/client-076.log: file already closed
zerolog: could not write event: write experiment-output/0001/slave-047/client-221.log: file already closed
zerolog: could not write event: write experiment-output/0001/slave-047/client-221.log: file already closed
zerolog: could not write event: write experiment-output/0001/slave-047/client-254.log: file already closed
zerolog: could not write event: write experiment-output/0001/slave-047/client-207.log: file already closed
zerolog: could not write event: write experiment-output/0001/slave-047/client-221.log: file already closed
zerolog: could not write event: write experiment-output/0001/slave-047/client-207.log: file already closed
zerolog: could not write event: write experiment-output/0001/slave-047/client-207.log: file already closed
zerolog: could not write event: write experiment-output/0001/slave-047/client-207.log: file already closed
zerolog: could not write event: write experiment-output/0001/slave-047/client-207.log: file already closed
zerolog: could not write event: write experiment-output/0001/slave-047/client-076.log: file already closed
zerolog: could not write event: write experiment-output/0001/slave-047/client-207.log: file already closed
zerolog: could not write event: write experiment-output/0001/slave-047/client-254.log: file already closed
zerolog: could not write event: write experiment-output/0001/slave-047/client-076.log: file already closed
zerolog: could not write event: write experiment-output/0001/slave-047/client-048.log: file already closed
zerolog: could not write event: write experiment-output/0001/slave-047/client-048.log: file already closed
zerolog: could not write event: write experiment-output/0001/slave-047/client-076.log: file already closed
zerolog: could not write event: write experiment-output/0001/slave-047/client-048.log: file already closed
zerolog: could not write event: write experiment-output/0001/slave-047/client-048.log: file already closed
zerolog: could not write event: write experiment-output/0001/slave-047/client-048.log: file already closed
zerolog: could not write event: write experiment-output/0001/slave-047/client-048.log: file already closed
zerolog: could not write event: write experiment-output/0001/slave-047/client-048.log: file already closed
zerolog: could not write event: write experiment-output/0001/slave-047/client-048.log: file already closed
zerolog: could not write event: write experiment-output/0001/slave-047/client-048.log: file already closed
zerolog: could not write event: write experiment-output/0001/slave-047/client-048.log: file already closed
zerolog: could not write event: write experiment-output/0001/slave-047/client-048.log: file already closed
zerolog: could not write event: write experiment-output/0001/slave-047/client-048.log: file already closed
zerolog: could not write event: write experiment-output/0001/slave-047/client-048.log: file already closed
zerolog: could not write event: write experiment-output/0001/slave-047/client-048.log: file already closed
zerolog: could not write event: write experiment-output/0001/slave-047/client-048.log: file already closed
16:12:52.704 INF Profile data written. filename=experiment-output/0001/slave-047/prof-client.cpu name=cpu
16:12:52.722 INF Profile data written. filename=experiment-output/0001/slave-047/prof-client.block name=block
16:12:52.725 INF Profile data written. filename=experiment-output/0001/slave-047/prof-client.mutex name=mutex
