{"level":"debug","Logging":"info","time":"2023-03-24T02:33:53Z","message":"Config"}
{"level":"debug","UseTLS":false,"time":"2023-03-24T02:33:53Z","message":"Config"}
{"level":"debug","CACertFile":"tls-data/ca.pem","time":"2023-03-24T02:33:53Z","message":"Config"}
{"level":"debug","KeyFile":"tls-data/auth.key","time":"2023-03-24T02:33:53Z","message":"Config"}
{"level":"debug","CertFile":"tls-data/auth.pem","time":"2023-03-24T02:33:53Z","message":"Config"}
{"level":"debug","PriorityConnections":2,"time":"2023-03-24T02:33:53Z","message":"Config"}
{"level":"debug","BasicConnections":1,"time":"2023-03-24T02:33:53Z","message":"Config"}
{"level":"debug","TestConnections":false,"time":"2023-03-24T02:33:53Z","message":"Config"}
{"level":"debug","ExcessConnections":1,"time":"2023-03-24T02:33:53Z","message":"Config"}
{"level":"debug","ConnectionTestMsgs":4,"time":"2023-03-24T02:33:53Z","message":"Config"}
{"level":"debug","ConnectionTestPayload":131072,"time":"2023-03-24T02:33:53Z","message":"Config"}
{"level":"debug","OutMessageBufsize":1024,"time":"2023-03-24T02:33:53Z","message":"Config"}
{"level":"debug","OutMessageBufsize":4,"time":"2023-03-24T02:33:53Z","message":"Config"}
{"level":"debug","ThroughputCap":131072000,"time":"2023-03-24T02:33:53Z","message":"Config"}
{"level":"debug","StragglerTolerance":1000,"time":"2023-03-24T02:33:53Z","message":"Config"}
{"level":"debug","BatchSizeIncrement":256,"time":"2023-03-24T02:33:53Z","message":"Config"}
{"level":"debug","Orderer":"Pbft","time":"2023-03-24T02:33:53Z","message":"Config"}
{"level":"debug","Manager":"Mir","time":"2023-03-24T02:33:53Z","message":"Config"}
{"level":"debug","Failures":0,"time":"2023-03-24T02:33:53Z","message":"Config"}
{"level":"debug","StragglerCnt":1,"time":"2023-03-24T02:33:53Z","message":"Config"}
{"level":"debug","PrivKeyCnt":10,"time":"2023-03-24T02:33:53Z","message":"Config"}
{"level":"debug","UseSig":false,"time":"2023-03-24T02:33:53Z","message":"Config"}
{"level":"debug","CrashTiming":"Straggler","time":"2023-03-24T02:33:53Z","message":"Config"}
{"level":"debug","CheckpointInterval":512,"time":"2023-03-24T02:33:53Z","message":"Config"}
{"level":"debug","WatermarkWindowSize":512,"time":"2023-03-24T02:33:53Z","message":"Config"}
{"level":"debug","EpochLength":512,"time":"2023-03-24T02:33:53Z","message":"Config"}
{"level":"debug","SegmentLength":32,"time":"2023-03-24T02:33:53Z","message":"Config"}
{"level":"debug","WaitForCheckpoints":true,"time":"2023-03-24T02:33:53Z","message":"Config"}
{"level":"debug","ClientWatermarkWindowSize":16384,"time":"2023-03-24T02:33:53Z","message":"Config"}
{"level":"debug","ClientRequestBacklogSize":16384,"time":"2023-03-24T02:33:53Z","message":"Config"}
{"level":"debug","RandomSeed":26897,"time":"2023-03-24T02:33:53Z","message":"Config"}
{"level":"debug","NodeToLeaderRatio":1,"time":"2023-03-24T02:33:53Z","message":"Config"}
{"level":"debug","LeaderPolicy":"Simple","time":"2023-03-24T02:33:53Z","message":"Config"}
{"level":"debug","DefaultLeaderBan":2,"time":"2023-03-24T02:33:53Z","message":"Config"}
{"level":"debug","NumBuckets":256,"time":"2023-03-24T02:33:53Z","message":"Config"}
{"level":"debug","BatchSize":4000,"time":"2023-03-24T02:33:53Z","message":"Config"}
{"level":"debug","DisabledViewChange":false,"time":"2023-03-24T02:33:53Z","message":"Config"}
{"level":"debug","ViewChangeTimeout":60000,"time":"2023-03-24T02:33:53Z","message":"Config"}
{"level":"debug","ClientTraceSampling":10,"time":"2023-03-24T02:33:53Z","message":"Config"}
{"level":"debug","EventBufferSize":2097152,"time":"2023-03-24T02:33:53Z","message":"Config"}
{"level":"debug","TraceSampling":1,"time":"2023-03-24T02:33:53Z","message":"Config"}
{"level":"debug","ClientsPerProcess":8,"time":"2023-03-24T02:33:53Z","message":"Config"}
{"level":"debug","RequestsPerClient":9375,"time":"2023-03-24T02:33:53Z","message":"Config"}
{"level":"debug","ClientRunTime":15000,"time":"2023-03-24T02:33:53Z","message":"Config"}
{"level":"debug","RequestRate":312,"time":"2023-03-24T02:33:53Z","message":"Config"}
{"level":"debug","HardRequestRateLimit":false,"time":"2023-03-24T02:33:53Z","message":"Config"}
{"level":"debug","RequestPayloadSize":500,"time":"2023-03-24T02:33:53Z","message":"Config"}
{"level":"debug","SignRequests":true,"time":"2023-03-24T02:33:53Z","message":"Config"}
{"level":"debug","ClientPrivKeyFile":"tls-data/client-ecdsa-256.key","time":"2023-03-24T02:33:53Z","message":"Config"}
{"level":"debug","ClientPubKeyFile":"tls-data/client-ecdsa-256.pem","time":"2023-03-24T02:33:53Z","message":"Config"}
{"level":"debug","PrecomputeRequests":false,"time":"2023-03-24T02:33:53Z","message":"Config"}
{"level":"debug","RequestHandlerThreads":32,"time":"2023-03-24T02:33:53Z","message":"Config"}
{"level":"debug","RequestInputChannelBuffer":8192,"time":"2023-03-24T02:33:53Z","message":"Config"}
{"level":"debug","BatchVerifier":"external","time":"2023-03-24T02:33:53Z","message":"Config"}
02:33:53.564 INF Started Profiler: CPU
02:33:53.564 INF Started Profiler: BLOCK
02:33:53.564 INF Started Profiler: MUTEX
02:33:53.564 INF Starting clients. numClients=8 numRequests=9375
02:33:53.564 INF Initilizing clients.
02:33:53.960 INF Registared with discovery server. numOrderers=16 ownClientId=137
02:33:53.963 INF Registared with discovery server. numOrderers=16 ownClientId=161
02:33:53.965 INF Registared with discovery server. numOrderers=16 ownClientId=172
02:33:53.965 INF Registared with discovery server. numOrderers=16 ownClientId=167
02:33:53.966 INF Registared with discovery server. numOrderers=16 ownClientId=179
02:33:53.966 INF Registared with discovery server. numOrderers=16 ownClientId=184
02:33:53.966 INF Registared with discovery server. numOrderers=16 ownClientId=183
02:33:53.967 INF Registared with discovery server. numOrderers=16 ownClientId=189
02:33:53.967 INF Clients initialized.
02:33:53.967 INF Launching clients.
02:33:53.967 INF Waiting for clients.
02:35:00.075 INF Stopping Tracer. events=1878 fileName=experiment-output/0005/slave-033/client-161.trc
zerolog: could not write event: write experiment-output/0005/slave-033/client-161.log: file already closed
zerolog: could not write event: write experiment-output/0005/slave-033/client-161.log: file already closed
zerolog: could not write event: write experiment-output/0005/slave-033/client-161.log: file already closed
zerolog: could not write event: write experiment-output/0005/slave-033/client-161.log: file already closed
02:35:00.078 INF Trace data written.
02:35:00.110 INF Stopping Tracer. events=1877 fileName=experiment-output/0005/slave-033/client-183.trc
zerolog: could not write event: write experiment-output/0005/slave-033/client-183.log: file already closed
zerolog: could not write event: write experiment-output/0005/slave-033/client-183.log: file already closed
zerolog: could not write event: write experiment-output/0005/slave-033/client-183.log: file already closed
zerolog: could not write event: write experiment-output/0005/slave-033/client-183.log: file already closed
02:35:00.113 INF Trace data written.
zerolog: could not write event: write experiment-output/0005/slave-033/client-161.log: file already closed
zerolog: could not write event: write experiment-output/0005/slave-033/client-161.log: file already closed
zerolog: could not write event: write experiment-output/0005/slave-033/client-161.log: file already closed
zerolog: could not write event: write experiment-output/0005/slave-033/client-161.log: file already closed
zerolog: could not write event: write experiment-output/0005/slave-033/client-161.log: file already closed
zerolog: could not write event: write experiment-output/0005/slave-033/client-161.log: file already closed
zerolog: could not write event: write experiment-output/0005/slave-033/client-161.log: file already closed
zerolog: could not write event: write experiment-output/0005/slave-033/client-161.log: file already closed
zerolog: could not write event: write experiment-output/0005/slave-033/client-183.log: file already closed
zerolog: could not write event: write experiment-output/0005/slave-033/client-183.log: file already closed
zerolog: could not write event: write experiment-output/0005/slave-033/client-183.log: file already closed
zerolog: could not write event: write experiment-output/0005/slave-033/client-183.log: file already closed
zerolog: could not write event: write experiment-output/0005/slave-033/client-183.log: file already closed
zerolog: could not write event: write experiment-output/0005/slave-033/client-183.log: file already closed
zerolog: could not write event: write experiment-output/0005/slave-033/client-183.log: file already closed
zerolog: could not write event: write experiment-output/0005/slave-033/client-183.log: file already closed
zerolog: could not write event: write experiment-output/0005/slave-033/client-161.log: file already closed
zerolog: could not write event: write experiment-output/0005/slave-033/client-161.log: file already closed
zerolog: could not write event: write experiment-output/0005/slave-033/client-161.log: file already closed
zerolog: could not write event: write experiment-output/0005/slave-033/client-161.log: file already closed
zerolog: could not write event: write experiment-output/0005/slave-033/client-183.log: file already closed
zerolog: could not write event: write experiment-output/0005/slave-033/client-183.log: file already closed
zerolog: could not write event: write experiment-output/0005/slave-033/client-183.log: file already closed
zerolog: could not write event: write experiment-output/0005/slave-033/client-183.log: file already closed
02:35:03.118 INF Stopping Tracer. events=2901 fileName=experiment-output/0005/slave-033/client-172.trc
02:35:03.118 INF Stopping Tracer. events=2694 fileName=experiment-output/0005/slave-033/client-184.trc
02:35:03.118 INF Stopping Tracer. events=1877 fileName=experiment-output/0005/slave-033/client-167.trc
zerolog: could not write event: write experiment-output/0005/slave-033/client-172.log: file already closed
zerolog: could not write event: write experiment-output/0005/slave-033/client-184.log: file already closed
zerolog: could not write event: write experiment-output/0005/slave-033/client-167.log: file already closed
zerolog: could not write event: write experiment-output/0005/slave-033/client-172.log: file already closed
zerolog: could not write event: write experiment-output/0005/slave-033/client-167.log: file already closed
zerolog: could not write event: write experiment-output/0005/slave-033/client-172.log: file already closed
zerolog: could not write event: write experiment-output/0005/slave-033/client-167.log: file already closed
zerolog: could not write event: write experiment-output/0005/slave-033/client-184.log: file already closed
zerolog: could not write event: write experiment-output/0005/slave-033/client-167.log: file already closed
zerolog: could not write event: write experiment-output/0005/slave-033/client-184.log: file already closed
zerolog: could not write event: write experiment-output/0005/slave-033/client-172.log: file already closed
zerolog: could not write event: write experiment-output/0005/slave-033/client-184.log: file already closed
02:35:03.122 INF Trace data written.
02:35:03.122 INF Trace data written.
02:35:03.124 INF Trace data written.
02:35:03.127 INF Stopping Tracer. events=1877 fileName=experiment-output/0005/slave-033/client-189.trc
02:35:03.127 INF Stopping Tracer. events=1877 fileName=experiment-output/0005/slave-033/client-137.trc
02:35:03.127 INF Stopping Tracer. events=1887 fileName=experiment-output/0005/slave-033/client-179.trc
zerolog: could not write event: write experiment-output/0005/slave-033/client-137.log: file already closed
zerolog: could not write event: write experiment-output/0005/slave-033/client-189.log: file already closed
zerolog: could not write event: write experiment-output/0005/slave-033/client-179.log: file already closed
zerolog: could not write event: write experiment-output/0005/slave-033/client-137.log: file already closed
zerolog: could not write event: write experiment-output/0005/slave-033/client-179.log: file already closed
zerolog: could not write event: write experiment-output/0005/slave-033/client-137.log: file already closed
zerolog: could not write event: write experiment-output/0005/slave-033/client-179.log: file already closed
zerolog: could not write event: write experiment-output/0005/slave-033/client-189.log: file already closed
zerolog: could not write event: write experiment-output/0005/slave-033/client-189.log: file already closed
zerolog: could not write event: write experiment-output/0005/slave-033/client-189.log: file already closed
zerolog: could not write event: write experiment-output/0005/slave-033/client-137.log: file already closed
zerolog: could not write event: write experiment-output/0005/slave-033/client-179.log: file already closed
02:35:03.131 INF Trace data written.
02:35:03.132 INF Trace data written.
02:35:03.132 INF Trace data written.
02:35:03.132 INF Done.
02:35:03.132 INF Stopping profiler.
02:35:03.150 INF Profile data written. filename=experiment-output/0005/slave-033/prof-client.mutex name=mutex
zerolog: could not write event: write experiment-output/0005/slave-033/client-167.log: file already closed
zerolog: could not write event: write experiment-output/0005/slave-033/client-167.log: file already closed
zerolog: could not write event: write experiment-output/0005/slave-033/client-184.log: file already closed
zerolog: could not write event: write experiment-output/0005/slave-033/client-184.log: file already closed
zerolog: could not write event: write experiment-output/0005/slave-033/client-172.log: file already closed
zerolog: could not write event: write experiment-output/0005/slave-033/client-167.log: file already closed
zerolog: could not write event: write experiment-output/0005/slave-033/client-137.log: file already closed
zerolog: could not write event: write experiment-output/0005/slave-033/client-137.log: file already closed
zerolog: could not write event: write experiment-output/0005/slave-033/client-137.log: file already closed
zerolog: could not write event: write experiment-output/0005/slave-033/client-179.log: file already closed
zerolog: could not write event: write experiment-output/0005/slave-033/client-189.log: file already closed
zerolog: could not write event: write experiment-output/0005/slave-033/client-179.log: file already closed
zerolog: could not write event: write experiment-output/0005/slave-033/client-189.log: file already closed
zerolog: could not write event: write experiment-output/0005/slave-033/client-189.log: file already closed
zerolog: could not write event: write experiment-output/0005/slave-033/client-184.log: file already closed
zerolog: could not write event: write experiment-output/0005/slave-033/client-167.log: file already closed
zerolog: could not write event: write experiment-output/0005/slave-033/client-184.log: file already closed
zerolog: could not write event: write experiment-output/0005/slave-033/client-172.log: file already closed
zerolog: could not write event: write experiment-output/0005/slave-033/client-172.log: file already closed
zerolog: could not write event: write experiment-output/0005/slave-033/client-172.log: file already closed
zerolog: could not write event: write experiment-output/0005/slave-033/client-189.log: file already closed
zerolog: could not write event: write experiment-output/0005/slave-033/client-137.log: file already closed
zerolog: could not write event: write experiment-output/0005/slave-033/client-179.log: file already closed
zerolog: could not write event: write experiment-output/0005/slave-033/client-179.log: file already closed
zerolog: could not write event: write experiment-output/0005/slave-033/client-167.log: file already closed
zerolog: could not write event: write experiment-output/0005/slave-033/client-167.log: file already closed
zerolog: could not write event: write experiment-output/0005/slave-033/client-172.log: file already closed
zerolog: could not write event: write experiment-output/0005/slave-033/client-172.log: file already closed
zerolog: could not write event: write experiment-output/0005/slave-033/client-172.log: file already closed
zerolog: could not write event: write experiment-output/0005/slave-033/client-184.log: file already closed
zerolog: could not write event: write experiment-output/0005/slave-033/client-172.log: file already closed
zerolog: could not write event: write experiment-output/0005/slave-033/client-184.log: file already closed
zerolog: could not write event: write experiment-output/0005/slave-033/client-167.log: file already closed
zerolog: could not write event: write experiment-output/0005/slave-033/client-167.log: file already closed
zerolog: could not write event: write experiment-output/0005/slave-033/client-184.log: file already closed
zerolog: could not write event: write experiment-output/0005/slave-033/client-184.log: file already closed
zerolog: could not write event: write experiment-output/0005/slave-033/client-137.log: file already closed
zerolog: could not write event: write experiment-output/0005/slave-033/client-137.log: file already closed
zerolog: could not write event: write experiment-output/0005/slave-033/client-179.log: file already closed
zerolog: could not write event: write experiment-output/0005/slave-033/client-189.log: file already closed
zerolog: could not write event: write experiment-output/0005/slave-033/client-137.log: file already closed
zerolog: could not write event: write experiment-output/0005/slave-033/client-189.log: file already closed
zerolog: could not write event: write experiment-output/0005/slave-033/client-189.log: file already closed
zerolog: could not write event: write experiment-output/0005/slave-033/client-189.log: file already closed
zerolog: could not write event: write experiment-output/0005/slave-033/client-179.log: file already closed
zerolog: could not write event: write experiment-output/0005/slave-033/client-137.log: file already closed
zerolog: could not write event: write experiment-output/0005/slave-033/client-179.log: file already closed
zerolog: could not write event: write experiment-output/0005/slave-033/client-179.log: file already closed
02:35:03.327 INF Profile data written. filename=experiment-output/0005/slave-033/prof-client.cpu name=cpu
zerolog: could not write event: write experiment-output/0005/slave-033/client-172.log: file already closed
zerolog: could not write event: write experiment-output/0005/slave-033/client-167.log: file already closed
zerolog: could not write event: write experiment-output/0005/slave-033/client-184.log: file already closed
zerolog: could not write event: write experiment-output/0005/slave-033/client-172.log: file already closed
zerolog: could not write event: write experiment-output/0005/slave-033/client-167.log: file already closed
zerolog: could not write event: write experiment-output/0005/slave-033/client-172.log: file already closed
zerolog: could not write event: write experiment-output/0005/slave-033/client-172.log: file already closed
zerolog: could not write event: write experiment-output/0005/slave-033/client-184.log: file already closed
zerolog: could not write event: write experiment-output/0005/slave-033/client-167.log: file already closed
zerolog: could not write event: write experiment-output/0005/slave-033/client-167.log: file already closed
zerolog: could not write event: write experiment-output/0005/slave-033/client-184.log: file already closed
zerolog: could not write event: write experiment-output/0005/slave-033/client-184.log: file already closed
02:35:03.337 INF Profile data written. filename=experiment-output/0005/slave-033/prof-client.block name=block
