{"level":"debug","Logging":"info","time":"2023-03-28T09:45:39Z","message":"Config"}
{"level":"debug","UseTLS":false,"time":"2023-03-28T09:45:39Z","message":"Config"}
{"level":"debug","CACertFile":"tls-data/ca.pem","time":"2023-03-28T09:45:39Z","message":"Config"}
{"level":"debug","KeyFile":"tls-data/auth.key","time":"2023-03-28T09:45:39Z","message":"Config"}
{"level":"debug","CertFile":"tls-data/auth.pem","time":"2023-03-28T09:45:39Z","message":"Config"}
{"level":"debug","PriorityConnections":2,"time":"2023-03-28T09:45:39Z","message":"Config"}
{"level":"debug","BasicConnections":1,"time":"2023-03-28T09:45:39Z","message":"Config"}
{"level":"debug","TestConnections":false,"time":"2023-03-28T09:45:39Z","message":"Config"}
{"level":"debug","ExcessConnections":1,"time":"2023-03-28T09:45:39Z","message":"Config"}
{"level":"debug","ConnectionTestMsgs":4,"time":"2023-03-28T09:45:39Z","message":"Config"}
{"level":"debug","ConnectionTestPayload":131072,"time":"2023-03-28T09:45:39Z","message":"Config"}
{"level":"debug","OutMessageBufsize":1024,"time":"2023-03-28T09:45:39Z","message":"Config"}
{"level":"debug","OutMessageBufsize":8,"time":"2023-03-28T09:45:39Z","message":"Config"}
{"level":"debug","ThroughputCap":131072000,"time":"2023-03-28T09:45:39Z","message":"Config"}
{"level":"debug","StragglerTolerance":1000,"time":"2023-03-28T09:45:39Z","message":"Config"}
{"level":"debug","BatchSizeIncrement":256,"time":"2023-03-28T09:45:39Z","message":"Config"}
{"level":"debug","Orderer":"Pbft","time":"2023-03-28T09:45:39Z","message":"Config"}
{"level":"debug","Manager":"Mir","time":"2023-03-28T09:45:39Z","message":"Config"}
{"level":"debug","Failures":0,"time":"2023-03-28T09:45:39Z","message":"Config"}
{"level":"debug","StragglerCnt":0,"time":"2023-03-28T09:45:39Z","message":"Config"}
{"level":"debug","CrashTiming":"Straggler","time":"2023-03-28T09:45:39Z","message":"Config"}
{"level":"debug","CheckpointInterval":512,"time":"2023-03-28T09:45:39Z","message":"Config"}
{"level":"debug","WatermarkWindowSize":512,"time":"2023-03-28T09:45:39Z","message":"Config"}
{"level":"debug","EpochLength":512,"time":"2023-03-28T09:45:39Z","message":"Config"}
{"level":"debug","SegmentLength":16,"time":"2023-03-28T09:45:39Z","message":"Config"}
{"level":"debug","WaitForCheckpoints":true,"time":"2023-03-28T09:45:39Z","message":"Config"}
{"level":"debug","ClientWatermarkWindowSize":16384,"time":"2023-03-28T09:45:39Z","message":"Config"}
{"level":"debug","ClientRequestBacklogSize":16384,"time":"2023-03-28T09:45:39Z","message":"Config"}
{"level":"debug","RandomSeed":25440,"time":"2023-03-28T09:45:39Z","message":"Config"}
{"level":"debug","NodeToLeaderRatio":1,"time":"2023-03-28T09:45:39Z","message":"Config"}
{"level":"debug","LeaderPolicy":"Simple","time":"2023-03-28T09:45:39Z","message":"Config"}
{"level":"debug","DefaultLeaderBan":2,"time":"2023-03-28T09:45:39Z","message":"Config"}
{"level":"debug","NumBuckets":512,"time":"2023-03-28T09:45:39Z","message":"Config"}
{"level":"debug","BatchSize":1000,"time":"2023-03-28T09:45:39Z","message":"Config"}
{"level":"debug","DisabledViewChange":false,"time":"2023-03-28T09:45:39Z","message":"Config"}
{"level":"debug","ViewChangeTimeout":60000,"time":"2023-03-28T09:45:39Z","message":"Config"}
{"level":"debug","ClientTraceSampling":10,"time":"2023-03-28T09:45:39Z","message":"Config"}
{"level":"debug","EventBufferSize":2097152,"time":"2023-03-28T09:45:39Z","message":"Config"}
{"level":"debug","TraceSampling":1,"time":"2023-03-28T09:45:39Z","message":"Config"}
{"level":"debug","ClientsPerProcess":8,"time":"2023-03-28T09:45:39Z","message":"Config"}
{"level":"debug","RequestsPerClient":7617,"time":"2023-03-28T09:45:39Z","message":"Config"}
{"level":"debug","ClientRunTime":15000,"time":"2023-03-28T09:45:39Z","message":"Config"}
{"level":"debug","RequestRate":253,"time":"2023-03-28T09:45:39Z","message":"Config"}
{"level":"debug","HardRequestRateLimit":false,"time":"2023-03-28T09:45:39Z","message":"Config"}
{"level":"debug","RequestPayloadSize":500,"time":"2023-03-28T09:45:39Z","message":"Config"}
{"level":"debug","SignRequests":true,"time":"2023-03-28T09:45:39Z","message":"Config"}
{"level":"debug","ClientPrivKeyFile":"tls-data/client-ecdsa-256.key","time":"2023-03-28T09:45:39Z","message":"Config"}
{"level":"debug","ClientPubKeyFile":"tls-data/client-ecdsa-256.pem","time":"2023-03-28T09:45:39Z","message":"Config"}
{"level":"debug","PrecomputeRequests":false,"time":"2023-03-28T09:45:39Z","message":"Config"}
{"level":"debug","RequestHandlerThreads":32,"time":"2023-03-28T09:45:39Z","message":"Config"}
{"level":"debug","RequestInputChannelBuffer":8192,"time":"2023-03-28T09:45:39Z","message":"Config"}
{"level":"debug","BatchVerifier":"external","time":"2023-03-28T09:45:39Z","message":"Config"}
09:45:39.706 INF Started Profiler: CPU
09:45:39.706 INF Started Profiler: BLOCK
09:45:39.706 INF Started Profiler: MUTEX
09:45:39.706 INF Starting clients. numClients=8 numRequests=7617
09:45:39.706 INF Initilizing clients.
09:45:39.711 INF Registared with discovery server. numOrderers=32 ownClientId=2
09:45:39.713 INF Registared with discovery server. numOrderers=32 ownClientId=21
09:45:39.713 INF Registared with discovery server. numOrderers=32 ownClientId=27
09:45:39.713 INF Registared with discovery server. numOrderers=32 ownClientId=34
09:45:39.713 INF Registared with discovery server. numOrderers=32 ownClientId=33
09:45:39.713 INF Registared with discovery server. numOrderers=32 ownClientId=19
09:45:39.713 INF Registared with discovery server. numOrderers=32 ownClientId=39
09:45:39.714 INF Registared with discovery server. numOrderers=32 ownClientId=52
09:45:39.714 INF Clients initialized.
09:45:39.714 INF Launching clients.
09:45:39.714 INF Waiting for clients.
09:46:14.705 INF Stopping Tracer. events=2388 fileName=experiment-output/0012/slave-023/client-033.trc
zerolog: could not write event: write experiment-output/0012/slave-023/client-033.log: file already closed
zerolog: could not write event: write experiment-output/0012/slave-023/client-033.log: file already closed
zerolog: could not write event: write experiment-output/0012/slave-023/client-033.log: file already closed
zerolog: could not write event: write experiment-output/0012/slave-023/client-033.log: file already closed
zerolog: could not write event: write experiment-output/0012/slave-023/client-033.log: file already closed
zerolog: could not write event: write experiment-output/0012/slave-023/client-033.log: file already closed
zerolog: could not write event: write experiment-output/0012/slave-023/client-033.log: file already closed
zerolog: could not write event: write experiment-output/0012/slave-023/client-033.log: file already closed
09:46:14.710 INF Trace data written.
09:46:14.729 INF Stopping Tracer. events=2204 fileName=experiment-output/0012/slave-023/client-027.trc
zerolog: could not write event: write experiment-output/0012/slave-023/client-027.log: file already closed
zerolog: could not write event: write experiment-output/0012/slave-023/client-027.log: file already closed
zerolog: could not write event: write experiment-output/0012/slave-023/client-027.log: file already closed
zerolog: could not write event: write experiment-output/0012/slave-023/client-027.log: file already closed
zerolog: could not write event: write experiment-output/0012/slave-023/client-027.log: file already closed
zerolog: could not write event: write experiment-output/0012/slave-023/client-027.log: file already closed
zerolog: could not write event: write experiment-output/0012/slave-023/client-027.log: file already closed
zerolog: could not write event: write experiment-output/0012/slave-023/client-027.log: file already closed
09:46:14.730 INF Stopping Tracer. events=2190 fileName=experiment-output/0012/slave-023/client-039.trc
zerolog: could not write event: write experiment-output/0012/slave-023/client-039.log: file already closed
zerolog: could not write event: write experiment-output/0012/slave-023/client-039.log: file already closed
zerolog: could not write event: write experiment-output/0012/slave-023/client-039.log: file already closed
zerolog: could not write event: write experiment-output/0012/slave-023/client-039.log: file already closed
zerolog: could not write event: write experiment-output/0012/slave-023/client-039.log: file already closed
zerolog: could not write event: write experiment-output/0012/slave-023/client-039.log: file already closed
zerolog: could not write event: write experiment-output/0012/slave-023/client-039.log: file already closed
zerolog: could not write event: write experiment-output/0012/slave-023/client-039.log: file already closed
09:46:14.734 INF Trace data written.
09:46:14.735 INF Trace data written.
09:46:14.742 INF Stopping Tracer. events=2371 fileName=experiment-output/0012/slave-023/client-021.trc
zerolog: could not write event: write experiment-output/0012/slave-023/client-021.log: file already closed
09:46:14.742 INF Stopping Tracer. events=1535 fileName=experiment-output/0012/slave-023/client-034.trc
zerolog: could not write event: write experiment-output/0012/slave-023/client-021.log: file already closed
zerolog: could not write event: write experiment-output/0012/slave-023/client-021.log: file already closed
zerolog: could not write event: write experiment-output/0012/slave-023/client-021.log: file already closed
zerolog: could not write event: write experiment-output/0012/slave-023/client-021.log: file already closed
zerolog: could not write event: write experiment-output/0012/slave-023/client-021.log: file already closed
zerolog: could not write event: write experiment-output/0012/slave-023/client-021.log: file already closed
zerolog: could not write event: write experiment-output/0012/slave-023/client-021.log: file already closed
zerolog: could not write event: write experiment-output/0012/slave-023/client-034.log: file already closed
zerolog: could not write event: write experiment-output/0012/slave-023/client-034.log: file already closed
zerolog: could not write event: write experiment-output/0012/slave-023/client-034.log: file already closed
zerolog: could not write event: write experiment-output/0012/slave-023/client-034.log: file already closed
zerolog: could not write event: write experiment-output/0012/slave-023/client-034.log: file already closed
zerolog: could not write event: write experiment-output/0012/slave-023/client-034.log: file already closed
zerolog: could not write event: write experiment-output/0012/slave-023/client-034.log: file already closed
09:46:14.743 INF Stopping Tracer. events=1534 fileName=experiment-output/0012/slave-023/client-002.trc
zerolog: could not write event: write experiment-output/0012/slave-023/client-034.log: file already closed
zerolog: could not write event: write experiment-output/0012/slave-023/client-002.log: file already closed
zerolog: could not write event: write experiment-output/0012/slave-023/client-002.log: file already closed
zerolog: could not write event: write experiment-output/0012/slave-023/client-002.log: file already closed
zerolog: could not write event: write experiment-output/0012/slave-023/client-002.log: file already closed
zerolog: could not write event: write experiment-output/0012/slave-023/client-002.log: file already closed
zerolog: could not write event: write experiment-output/0012/slave-023/client-002.log: file already closed
zerolog: could not write event: write experiment-output/0012/slave-023/client-002.log: file already closed
zerolog: could not write event: write experiment-output/0012/slave-023/client-002.log: file already closed
09:46:14.744 INF Stopping Tracer. events=1533 fileName=experiment-output/0012/slave-023/client-052.trc
zerolog: could not write event: write experiment-output/0012/slave-023/client-052.log: file already closed
zerolog: could not write event: write experiment-output/0012/slave-023/client-052.log: file already closed
zerolog: could not write event: write experiment-output/0012/slave-023/client-052.log: file already closed
zerolog: could not write event: write experiment-output/0012/slave-023/client-052.log: file already closed
zerolog: could not write event: write experiment-output/0012/slave-023/client-052.log: file already closed
zerolog: could not write event: write experiment-output/0012/slave-023/client-052.log: file already closed
zerolog: could not write event: write experiment-output/0012/slave-023/client-052.log: file already closed
zerolog: could not write event: write experiment-output/0012/slave-023/client-052.log: file already closed
09:46:14.746 INF Trace data written.
09:46:14.747 INF Stopping Tracer. events=2189 fileName=experiment-output/0012/slave-023/client-019.trc
zerolog: could not write event: write experiment-output/0012/slave-023/client-019.log: file already closed
zerolog: could not write event: write experiment-output/0012/slave-023/client-019.log: file already closed
zerolog: could not write event: write experiment-output/0012/slave-023/client-019.log: file already closed
zerolog: could not write event: write experiment-output/0012/slave-023/client-019.log: file already closed
zerolog: could not write event: write experiment-output/0012/slave-023/client-019.log: file already closed
zerolog: could not write event: write experiment-output/0012/slave-023/client-019.log: file already closed
zerolog: could not write event: write experiment-output/0012/slave-023/client-019.log: file already closed
zerolog: could not write event: write experiment-output/0012/slave-023/client-019.log: file already closed
09:46:14.747 INF Trace data written.
09:46:14.748 INF Trace data written.
09:46:14.748 INF Trace data written.
09:46:14.751 INF Trace data written.
09:46:14.751 INF Done.
09:46:14.751 INF Stopping profiler.
zerolog: could not write event: write experiment-output/0012/slave-023/client-033.log: file already closed
zerolog: could not write event: write experiment-output/0012/slave-023/client-033.log: file already closed
zerolog: could not write event: write experiment-output/0012/slave-023/client-033.log: file already closed
zerolog: could not write event: write experiment-output/0012/slave-023/client-033.log: file already closed
zerolog: could not write event: write experiment-output/0012/slave-023/client-033.log: file already closed
zerolog: could not write event: write experiment-output/0012/slave-023/client-033.log: file already closed
zerolog: could not write event: write experiment-output/0012/slave-023/client-033.log: file already closed
zerolog: could not write event: write experiment-output/0012/slave-023/client-033.log: file already closed
zerolog: could not write event: write experiment-output/0012/slave-023/client-027.log: file already closed
zerolog: could not write event: write experiment-output/0012/slave-023/client-027.log: file already closed
zerolog: could not write event: write experiment-output/0012/slave-023/client-027.log: file already closed
zerolog: could not write event: write experiment-output/0012/slave-023/client-027.log: file already closed
zerolog: could not write event: write experiment-output/0012/slave-023/client-027.log: file already closed
zerolog: could not write event: write experiment-output/0012/slave-023/client-027.log: file already closed
zerolog: could not write event: write experiment-output/0012/slave-023/client-027.log: file already closed
zerolog: could not write event: write experiment-output/0012/slave-023/client-027.log: file already closed
zerolog: could not write event: write experiment-output/0012/slave-023/client-039.log: file already closed
zerolog: could not write event: write experiment-output/0012/slave-023/client-039.log: file already closed
zerolog: could not write event: write experiment-output/0012/slave-023/client-039.log: file already closed
zerolog: could not write event: write experiment-output/0012/slave-023/client-039.log: file already closed
zerolog: could not write event: write experiment-output/0012/slave-023/client-039.log: file already closed
zerolog: could not write event: write experiment-output/0012/slave-023/client-039.log: file already closed
zerolog: could not write event: write experiment-output/0012/slave-023/client-039.log: file already closed
zerolog: could not write event: write experiment-output/0012/slave-023/client-039.log: file already closed
zerolog: could not write event: write experiment-output/0012/slave-023/client-021.log: file already closed
zerolog: could not write event: write experiment-output/0012/slave-023/client-021.log: file already closed
zerolog: could not write event: write experiment-output/0012/slave-023/client-021.log: file already closed
zerolog: could not write event: write experiment-output/0012/slave-023/client-021.log: file already closed
zerolog: could not write event: write experiment-output/0012/slave-023/client-021.log: file already closed
zerolog: could not write event: write experiment-output/0012/slave-023/client-021.log: file already closed
zerolog: could not write event: write experiment-output/0012/slave-023/client-021.log: file already closed
zerolog: could not write event: write experiment-output/0012/slave-023/client-021.log: file already closed
zerolog: could not write event: write experiment-output/0012/slave-023/client-034.log: file already closed
zerolog: could not write event: write experiment-output/0012/slave-023/client-034.log: file already closed
zerolog: could not write event: write experiment-output/0012/slave-023/client-034.log: file already closed
zerolog: could not write event: write experiment-output/0012/slave-023/client-034.log: file already closed
zerolog: could not write event: write experiment-output/0012/slave-023/client-034.log: file already closed
zerolog: could not write event: write experiment-output/0012/slave-023/client-002.log: file already closed
zerolog: could not write event: write experiment-output/0012/slave-023/client-002.log: file already closed
zerolog: could not write event: write experiment-output/0012/slave-023/client-034.log: file already closed
zerolog: could not write event: write experiment-output/0012/slave-023/client-034.log: file already closed
zerolog: could not write event: write experiment-output/0012/slave-023/client-002.log: file already closed
zerolog: could not write event: write experiment-output/0012/slave-023/client-002.log: file already closed
zerolog: could not write event: write experiment-output/0012/slave-023/client-034.log: file already closed
zerolog: could not write event: write experiment-output/0012/slave-023/client-002.log: file already closed
zerolog: could not write event: write experiment-output/0012/slave-023/client-002.log: file already closed
zerolog: could not write event: write experiment-output/0012/slave-023/client-002.log: file already closed
zerolog: could not write event: write experiment-output/0012/slave-023/client-033.log: file already closed
zerolog: could not write event: write experiment-output/0012/slave-023/client-002.log: file already closed
zerolog: could not write event: write experiment-output/0012/slave-023/client-033.log: file already closed
zerolog: could not write event: write experiment-output/0012/slave-023/client-033.log: file already closed
zerolog: could not write event: write experiment-output/0012/slave-023/client-052.log: file already closed
zerolog: could not write event: write experiment-output/0012/slave-023/client-052.log: file already closed
zerolog: could not write event: write experiment-output/0012/slave-023/client-052.log: file already closed
zerolog: could not write event: write experiment-output/0012/slave-023/client-052.log: file already closed
zerolog: could not write event: write experiment-output/0012/slave-023/client-052.log: file already closed
zerolog: could not write event: write experiment-output/0012/slave-023/client-052.log: file already closed
zerolog: could not write event: write experiment-output/0012/slave-023/client-052.log: file already closed
zerolog: could not write event: write experiment-output/0012/slave-023/client-033.log: file already closed
zerolog: could not write event: write experiment-output/0012/slave-023/client-052.log: file already closed
zerolog: could not write event: write experiment-output/0012/slave-023/client-033.log: file already closed
zerolog: could not write event: write experiment-output/0012/slave-023/client-033.log: file already closed
zerolog: could not write event: write experiment-output/0012/slave-023/client-033.log: file already closed
zerolog: could not write event: write experiment-output/0012/slave-023/client-033.log: file already closed
zerolog: could not write event: write experiment-output/0012/slave-023/client-019.log: file already closed
zerolog: could not write event: write experiment-output/0012/slave-023/client-019.log: file already closed
zerolog: could not write event: write experiment-output/0012/slave-023/client-019.log: file already closed
zerolog: could not write event: write experiment-output/0012/slave-023/client-019.log: file already closed
zerolog: could not write event: write experiment-output/0012/slave-023/client-019.log: file already closed
zerolog: could not write event: write experiment-output/0012/slave-023/client-019.log: file already closed
zerolog: could not write event: write experiment-output/0012/slave-023/client-019.log: file already closed
zerolog: could not write event: write experiment-output/0012/slave-023/client-019.log: file already closed
zerolog: could not write event: write experiment-output/0012/slave-023/client-027.log: file already closed
zerolog: could not write event: write experiment-output/0012/slave-023/client-027.log: file already closed
zerolog: could not write event: write experiment-output/0012/slave-023/client-027.log: file already closed
zerolog: could not write event: write experiment-output/0012/slave-023/client-027.log: file already closed
zerolog: could not write event: write experiment-output/0012/slave-023/client-039.log: file already closed
zerolog: could not write event: write experiment-output/0012/slave-023/client-027.log: file already closed
zerolog: could not write event: write experiment-output/0012/slave-023/client-027.log: file already closed
zerolog: could not write event: write experiment-output/0012/slave-023/client-027.log: file already closed
zerolog: could not write event: write experiment-output/0012/slave-023/client-039.log: file already closed
zerolog: could not write event: write experiment-output/0012/slave-023/client-039.log: file already closed
zerolog: could not write event: write experiment-output/0012/slave-023/client-039.log: file already closed
zerolog: could not write event: write experiment-output/0012/slave-023/client-027.log: file already closed
zerolog: could not write event: write experiment-output/0012/slave-023/client-039.log: file already closed
zerolog: could not write event: write experiment-output/0012/slave-023/client-039.log: file already closed
zerolog: could not write event: write experiment-output/0012/slave-023/client-039.log: file already closed
zerolog: could not write event: write experiment-output/0012/slave-023/client-039.log: file already closed
zerolog: could not write event: write experiment-output/0012/slave-023/client-021.log: file already closed
zerolog: could not write event: write experiment-output/0012/slave-023/client-021.log: file already closed
zerolog: could not write event: write experiment-output/0012/slave-023/client-034.log: file already closed
zerolog: could not write event: write experiment-output/0012/slave-023/client-021.log: file already closed
zerolog: could not write event: write experiment-output/0012/slave-023/client-002.log: file already closed
zerolog: could not write event: write experiment-output/0012/slave-023/client-002.log: file already closed
zerolog: could not write event: write experiment-output/0012/slave-023/client-021.log: file already closed
zerolog: could not write event: write experiment-output/0012/slave-023/client-034.log: file already closed
zerolog: could not write event: write experiment-output/0012/slave-023/client-002.log: file already closed
zerolog: could not write event: write experiment-output/0012/slave-023/client-002.log: file already closed
zerolog: could not write event: write experiment-output/0012/slave-023/client-021.log: file already closed
zerolog: could not write event: write experiment-output/0012/slave-023/client-021.log: file already closed
zerolog: could not write event: write experiment-output/0012/slave-023/client-021.log: file already closed
zerolog: could not write event: write experiment-output/0012/slave-023/client-034.log: file already closed
zerolog: could not write event: write experiment-output/0012/slave-023/client-034.log: file already closed
zerolog: could not write event: write experiment-output/0012/slave-023/client-052.log: file already closed
zerolog: could not write event: write experiment-output/0012/slave-023/client-002.log: file already closed
zerolog: could not write event: write experiment-output/0012/slave-023/client-002.log: file already closed
zerolog: could not write event: write experiment-output/0012/slave-023/client-052.log: file already closed
zerolog: could not write event: write experiment-output/0012/slave-023/client-021.log: file already closed
zerolog: could not write event: write experiment-output/0012/slave-023/client-034.log: file already closed
zerolog: could not write event: write experiment-output/0012/slave-023/client-034.log: file already closed
zerolog: could not write event: write experiment-output/0012/slave-023/client-052.log: file already closed
zerolog: could not write event: write experiment-output/0012/slave-023/client-002.log: file already closed
zerolog: could not write event: write experiment-output/0012/slave-023/client-034.log: file already closed
zerolog: could not write event: write experiment-output/0012/slave-023/client-052.log: file already closed
zerolog: could not write event: write experiment-output/0012/slave-023/client-034.log: file already closed
zerolog: could not write event: write experiment-output/0012/slave-023/client-052.log: file already closed
zerolog: could not write event: write experiment-output/0012/slave-023/client-052.log: file already closed
zerolog: could not write event: write experiment-output/0012/slave-023/client-002.log: file already closed
zerolog: could not write event: write experiment-output/0012/slave-023/client-052.log: file already closed
zerolog: could not write event: write experiment-output/0012/slave-023/client-052.log: file already closed
zerolog: could not write event: write experiment-output/0012/slave-023/client-019.log: file already closed
zerolog: could not write event: write experiment-output/0012/slave-023/client-019.log: file already closed
zerolog: could not write event: write experiment-output/0012/slave-023/client-019.log: file already closed
zerolog: could not write event: write experiment-output/0012/slave-023/client-019.log: file already closed
zerolog: could not write event: write experiment-output/0012/slave-023/client-019.log: file already closed
zerolog: could not write event: write experiment-output/0012/slave-023/client-019.log: file already closed
zerolog: could not write event: write experiment-output/0012/slave-023/client-019.log: file already closed
zerolog: could not write event: write experiment-output/0012/slave-023/client-019.log: file already closed
zerolog: could not write event: write experiment-output/0012/slave-023/client-033.log: file already closed
zerolog: could not write event: write experiment-output/0012/slave-023/client-033.log: file already closed
zerolog: could not write event: write experiment-output/0012/slave-023/client-033.log: file already closed
zerolog: could not write event: write experiment-output/0012/slave-023/client-033.log: file already closed
zerolog: could not write event: write experiment-output/0012/slave-023/client-033.log: file already closed
zerolog: could not write event: write experiment-output/0012/slave-023/client-033.log: file already closed
zerolog: could not write event: write experiment-output/0012/slave-023/client-033.log: file already closed
zerolog: could not write event: write experiment-output/0012/slave-023/client-033.log: file already closed
09:46:14.898 INF Profile data written. filename=experiment-output/0012/slave-023/prof-client.cpu name=cpu
09:46:14.915 INF Profile data written. filename=experiment-output/0012/slave-023/prof-client.block name=block
zerolog: could not write event: write experiment-output/0012/slave-023/client-027.log: file already closed
zerolog: could not write event: write experiment-output/0012/slave-023/client-027.log: file already closed
zerolog: could not write event: write experiment-output/0012/slave-023/client-027.log: file already closed
zerolog: could not write event: write experiment-output/0012/slave-023/client-027.log: file already closed
zerolog: could not write event: write experiment-output/0012/slave-023/client-027.log: file already closed
zerolog: could not write event: write experiment-output/0012/slave-023/client-027.log: file already closed
zerolog: could not write event: write experiment-output/0012/slave-023/client-027.log: file already closed
zerolog: could not write event: write experiment-output/0012/slave-023/client-039.log: file already closed
zerolog: could not write event: write experiment-output/0012/slave-023/client-027.log: file already closed
zerolog: could not write event: write experiment-output/0012/slave-023/client-039.log: file already closed
zerolog: could not write event: write experiment-output/0012/slave-023/client-039.log: file already closed
zerolog: could not write event: write experiment-output/0012/slave-023/client-039.log: file already closed
zerolog: could not write event: write experiment-output/0012/slave-023/client-039.log: file already closed
zerolog: could not write event: write experiment-output/0012/slave-023/client-039.log: file already closed
zerolog: could not write event: write experiment-output/0012/slave-023/client-039.log: file already closed
zerolog: could not write event: write experiment-output/0012/slave-023/client-039.log: file already closed
09:46:14.923 INF Profile data written. filename=experiment-output/0012/slave-023/prof-client.mutex name=mutex
