{"level":"debug","Logging":"info","time":"2023-07-11T07:10:10Z","message":"Config"}
{"level":"debug","UseTLS":false,"time":"2023-07-11T07:10:10Z","message":"Config"}
{"level":"debug","CACertFile":"tls-data/ca.pem","time":"2023-07-11T07:10:10Z","message":"Config"}
{"level":"debug","KeyFile":"tls-data/auth.key","time":"2023-07-11T07:10:10Z","message":"Config"}
{"level":"debug","CertFile":"tls-data/auth.pem","time":"2023-07-11T07:10:10Z","message":"Config"}
{"level":"debug","PriorityConnections":2,"time":"2023-07-11T07:10:10Z","message":"Config"}
{"level":"debug","BasicConnections":1,"time":"2023-07-11T07:10:10Z","message":"Config"}
{"level":"debug","TestConnections":false,"time":"2023-07-11T07:10:10Z","message":"Config"}
{"level":"debug","ExcessConnections":1,"time":"2023-07-11T07:10:10Z","message":"Config"}
{"level":"debug","ConnectionTestMsgs":4,"time":"2023-07-11T07:10:10Z","message":"Config"}
{"level":"debug","ConnectionTestPayload":131072,"time":"2023-07-11T07:10:10Z","message":"Config"}
{"level":"debug","OutMessageBufsize":1024,"time":"2023-07-11T07:10:10Z","message":"Config"}
{"level":"debug","OutMessageBufsize":4,"time":"2023-07-11T07:10:10Z","message":"Config"}
{"level":"debug","ThroughputCap":131072000,"time":"2023-07-11T07:10:10Z","message":"Config"}
{"level":"debug","StragglerTolerance":1000,"time":"2023-07-11T07:10:10Z","message":"Config"}
{"level":"debug","BatchSizeIncrement":256,"time":"2023-07-11T07:10:10Z","message":"Config"}
{"level":"debug","Orderer":"Pbft","time":"2023-07-11T07:10:10Z","message":"Config"}
{"level":"debug","Manager":"Mir","time":"2023-07-11T07:10:10Z","message":"Config"}
{"level":"debug","Failures":0,"time":"2023-07-11T07:10:10Z","message":"Config"}
{"level":"debug","StragglerCnt":0,"time":"2023-07-11T07:10:10Z","message":"Config"}
{"level":"debug","CrashTiming":"Straggler","time":"2023-07-11T07:10:10Z","message":"Config"}
{"level":"debug","CheckpointInterval":2048,"time":"2023-07-11T07:10:10Z","message":"Config"}
{"level":"debug","WatermarkWindowSize":2048,"time":"2023-07-11T07:10:10Z","message":"Config"}
{"level":"debug","EpochLength":2048,"time":"2023-07-11T07:10:10Z","message":"Config"}
{"level":"debug","SegmentLength":128,"time":"2023-07-11T07:10:10Z","message":"Config"}
{"level":"debug","WaitForCheckpoints":true,"time":"2023-07-11T07:10:10Z","message":"Config"}
{"level":"debug","ClientWatermarkWindowSize":49152,"time":"2023-07-11T07:10:10Z","message":"Config"}
{"level":"debug","ClientRequestBacklogSize":49152,"time":"2023-07-11T07:10:10Z","message":"Config"}
{"level":"debug","RandomSeed":15787,"time":"2023-07-11T07:10:10Z","message":"Config"}
{"level":"debug","NodeToLeaderRatio":1,"time":"2023-07-11T07:10:10Z","message":"Config"}
{"level":"debug","LeaderPolicy":"Simple","time":"2023-07-11T07:10:10Z","message":"Config"}
{"level":"debug","DefaultLeaderBan":2,"time":"2023-07-11T07:10:10Z","message":"Config"}
{"level":"debug","NumBuckets":256,"time":"2023-07-11T07:10:10Z","message":"Config"}
{"level":"debug","BatchSize":2000,"time":"2023-07-11T07:10:10Z","message":"Config"}
{"level":"debug","DisabledViewChange":false,"time":"2023-07-11T07:10:10Z","message":"Config"}
{"level":"debug","ViewChangeTimeout":60000,"time":"2023-07-11T07:10:10Z","message":"Config"}
{"level":"debug","ClientTraceSampling":10,"time":"2023-07-11T07:10:10Z","message":"Config"}
{"level":"debug","EventBufferSize":2097152,"time":"2023-07-11T07:10:10Z","message":"Config"}
{"level":"debug","TraceSampling":1,"time":"2023-07-11T07:10:10Z","message":"Config"}
{"level":"debug","ClientsPerProcess":8,"time":"2023-07-11T07:10:10Z","message":"Config"}
{"level":"debug","RequestsPerClient":3515,"time":"2023-07-11T07:10:10Z","message":"Config"}
{"level":"debug","ClientRunTime":15000,"time":"2023-07-11T07:10:10Z","message":"Config"}
{"level":"debug","RequestRate":117,"time":"2023-07-11T07:10:10Z","message":"Config"}
{"level":"debug","HardRequestRateLimit":false,"time":"2023-07-11T07:10:10Z","message":"Config"}
{"level":"debug","RequestPayloadSize":500,"time":"2023-07-11T07:10:10Z","message":"Config"}
{"level":"debug","SignRequests":true,"time":"2023-07-11T07:10:10Z","message":"Config"}
{"level":"debug","ClientPrivKeyFile":"tls-data/client-ecdsa-256.key","time":"2023-07-11T07:10:10Z","message":"Config"}
{"level":"debug","ClientPubKeyFile":"tls-data/client-ecdsa-256.pem","time":"2023-07-11T07:10:10Z","message":"Config"}
{"level":"debug","PrecomputeRequests":false,"time":"2023-07-11T07:10:10Z","message":"Config"}
{"level":"debug","RequestHandlerThreads":32,"time":"2023-07-11T07:10:10Z","message":"Config"}
{"level":"debug","RequestInputChannelBuffer":8192,"time":"2023-07-11T07:10:10Z","message":"Config"}
{"level":"debug","BatchVerifier":"external","time":"2023-07-11T07:10:10Z","message":"Config"}
07:10:10.408 INF Started Profiler: CPU
07:10:10.408 INF Started Profiler: BLOCK
07:10:10.408 INF Started Profiler: MUTEX
07:10:10.408 INF Starting clients. numClients=8 numRequests=3515
07:10:10.408 INF Initilizing clients.
07:10:10.669 INF Registared with discovery server. numOrderers=16 ownClientId=35
07:10:10.708 INF Registared with discovery server. numOrderers=16 ownClientId=43
07:10:10.716 INF Registared with discovery server. numOrderers=16 ownClientId=108
07:10:10.723 INF Registared with discovery server. numOrderers=16 ownClientId=149
07:10:10.728 INF Registared with discovery server. numOrderers=16 ownClientId=115
07:10:10.732 INF Registared with discovery server. numOrderers=16 ownClientId=91
07:10:10.755 INF Registared with discovery server. numOrderers=16 ownClientId=242
07:10:10.770 INF Registared with discovery server. numOrderers=16 ownClientId=244
07:10:10.770 INF Clients initialized.
07:10:10.770 INF Launching clients.
07:10:10.770 INF Waiting for clients.
07:10:28.327 INF Stopping Tracer. events=1013 fileName=experiment-output/0000/slave-003/client-043.trc
07:10:28.329 INF Trace data written.
07:10:28.341 INF Stopping Tracer. events=727 fileName=experiment-output/0000/slave-003/client-244.trc
07:10:28.343 INF Trace data written.
07:10:28.352 INF Stopping Tracer. events=1091 fileName=experiment-output/0000/slave-003/client-091.trc
07:10:28.353 INF Trace data written.
07:10:28.359 INF Stopping Tracer. events=710 fileName=experiment-output/0000/slave-003/client-108.trc
07:10:28.359 INF Stopping Tracer. events=997 fileName=experiment-output/0000/slave-003/client-149.trc
07:10:28.360 INF Trace data written.
07:10:28.361 INF Stopping Tracer. events=1085 fileName=experiment-output/0000/slave-003/client-035.trc
07:10:28.361 INF Trace data written.
07:10:28.363 INF Trace data written.
07:10:28.366 INF Stopping Tracer. events=710 fileName=experiment-output/0000/slave-003/client-242.trc
07:10:28.367 INF Trace data written.
zerolog: could not write event: write experiment-output/0000/slave-003/client-043.log: file already closed
zerolog: could not write event: write experiment-output/0000/slave-003/client-043.log: file already closed
zerolog: could not write event: write experiment-output/0000/slave-003/client-244.log: file already closed
zerolog: could not write event: write experiment-output/0000/slave-003/client-043.log: file already closed
zerolog: could not write event: write experiment-output/0000/slave-003/client-244.log: file already closed
zerolog: could not write event: write experiment-output/0000/slave-003/client-043.log: file already closed
zerolog: could not write event: write experiment-output/0000/slave-003/client-043.log: file already closed
zerolog: could not write event: write experiment-output/0000/slave-003/client-091.log: file already closed
zerolog: could not write event: write experiment-output/0000/slave-003/client-091.log: file already closed
zerolog: could not write event: write experiment-output/0000/slave-003/client-108.log: file already closed
zerolog: could not write event: write experiment-output/0000/slave-003/client-244.log: file already closed
zerolog: could not write event: write experiment-output/0000/slave-003/client-043.log: file already closed
zerolog: could not write event: write experiment-output/0000/slave-003/client-091.log: file already closed
zerolog: could not write event: write experiment-output/0000/slave-003/client-043.log: file already closed
zerolog: could not write event: write experiment-output/0000/slave-003/client-244.log: file already closed
zerolog: could not write event: write experiment-output/0000/slave-003/client-043.log: file already closed
zerolog: could not write event: write experiment-output/0000/slave-003/client-091.log: file already closed
zerolog: could not write event: write experiment-output/0000/slave-003/client-244.log: file already closed
zerolog: could not write event: write experiment-output/0000/slave-003/client-242.log: file already closed
zerolog: could not write event: write experiment-output/0000/slave-003/client-043.log: file already closed
zerolog: could not write event: write experiment-output/0000/slave-003/client-149.log: file already closed
zerolog: could not write event: write experiment-output/0000/slave-003/client-091.log: file already closed
zerolog: could not write event: write experiment-output/0000/slave-003/client-244.log: file already closed
zerolog: could not write event: write experiment-output/0000/slave-003/client-244.log: file already closed
zerolog: could not write event: write experiment-output/0000/slave-003/client-244.log: file already closed
zerolog: could not write event: write experiment-output/0000/slave-003/client-035.log: file already closed
zerolog: could not write event: write experiment-output/0000/slave-003/client-035.log: file already closed
zerolog: could not write event: write experiment-output/0000/slave-003/client-149.log: file already closed
zerolog: could not write event: write experiment-output/0000/slave-003/client-108.log: file already closed
zerolog: could not write event: write experiment-output/0000/slave-003/client-108.log: file already closed
zerolog: could not write event: write experiment-output/0000/slave-003/client-043.log: file already closed
zerolog: could not write event: write experiment-output/0000/slave-003/client-091.log: file already closed
zerolog: could not write event: write experiment-output/0000/slave-003/client-149.log: file already closed
zerolog: could not write event: write experiment-output/0000/slave-003/client-244.log: file already closed
zerolog: could not write event: write experiment-output/0000/slave-003/client-043.log: file already closed
zerolog: could not write event: write experiment-output/0000/slave-003/client-043.log: file already closed
zerolog: could not write event: write experiment-output/0000/slave-003/client-108.log: file already closed
zerolog: could not write event: write experiment-output/0000/slave-003/client-043.log: file already closed
zerolog: could not write event: write experiment-output/0000/slave-003/client-035.log: file already closed
zerolog: could not write event: write experiment-output/0000/slave-003/client-091.log: file already closed
zerolog: could not write event: write experiment-output/0000/slave-003/client-035.log: file already closed
zerolog: could not write event: write experiment-output/0000/slave-003/client-043.log: file already closed
zerolog: could not write event: write experiment-output/0000/slave-003/client-244.log: file already closed
zerolog: could not write event: write experiment-output/0000/slave-003/client-043.log: file already closed
zerolog: could not write event: write experiment-output/0000/slave-003/client-244.log: file already closed
zerolog: could not write event: write experiment-output/0000/slave-003/client-149.log: file already closed
zerolog: could not write event: write experiment-output/0000/slave-003/client-108.log: file already closed
zerolog: could not write event: write experiment-output/0000/slave-003/client-091.log: file already closed
zerolog: could not write event: write experiment-output/0000/slave-003/client-035.log: file already closed
zerolog: could not write event: write experiment-output/0000/slave-003/client-108.log: file already closed
zerolog: could not write event: write experiment-output/0000/slave-003/client-108.log: file already closed
zerolog: could not write event: write experiment-output/0000/slave-003/client-091.log: file already closed
zerolog: could not write event: write experiment-output/0000/slave-003/client-091.log: file already closed
zerolog: could not write event: write experiment-output/0000/slave-003/client-035.log: file already closed
zerolog: could not write event: write experiment-output/0000/slave-003/client-043.log: file already closed
zerolog: could not write event: write experiment-output/0000/slave-003/client-091.log: file already closed
zerolog: could not write event: write experiment-output/0000/slave-003/client-091.log: file already closed
zerolog: could not write event: write experiment-output/0000/slave-003/client-244.log: file already closed
zerolog: could not write event: write experiment-output/0000/slave-003/client-108.log: file already closed
zerolog: could not write event: write experiment-output/0000/slave-003/client-149.log: file already closed
zerolog: could not write event: write experiment-output/0000/slave-003/client-244.log: file already closed
zerolog: could not write event: write experiment-output/0000/slave-003/client-149.log: file already closed
zerolog: could not write event: write experiment-output/0000/slave-003/client-091.log: file already closed
zerolog: could not write event: write experiment-output/0000/slave-003/client-149.log: file already closed
zerolog: could not write event: write experiment-output/0000/slave-003/client-242.log: file already closed
zerolog: could not write event: write experiment-output/0000/slave-003/client-149.log: file already closed
zerolog: could not write event: write experiment-output/0000/slave-003/client-149.log: file already closed
zerolog: could not write event: write experiment-output/0000/slave-003/client-244.log: file already closed
zerolog: could not write event: write experiment-output/0000/slave-003/client-242.log: file already closed
zerolog: could not write event: write experiment-output/0000/slave-003/client-242.log: file already closed
zerolog: could not write event: write experiment-output/0000/slave-003/client-149.log: file already closed
zerolog: could not write event: write experiment-output/0000/slave-003/client-035.log: file already closed
zerolog: could not write event: write experiment-output/0000/slave-003/client-149.log: file already closed
zerolog: could not write event: write experiment-output/0000/slave-003/client-108.log: file already closed
zerolog: could not write event: write experiment-output/0000/slave-003/client-242.log: file already closed
zerolog: could not write event: write experiment-output/0000/slave-003/client-149.log: file already closed
zerolog: could not write event: write experiment-output/0000/slave-003/client-242.log: file already closed
zerolog: could not write event: write experiment-output/0000/slave-003/client-091.log: file already closed
zerolog: could not write event: write experiment-output/0000/slave-003/client-108.log: file already closed
zerolog: could not write event: write experiment-output/0000/slave-003/client-035.log: file already closed
zerolog: could not write event: write experiment-output/0000/slave-003/client-242.log: file already closed
zerolog: could not write event: write experiment-output/0000/slave-003/client-244.log: file already closed
zerolog: could not write event: write experiment-output/0000/slave-003/client-242.log: file already closed
zerolog: could not write event: write experiment-output/0000/slave-003/client-108.log: file already closed
zerolog: could not write event: write experiment-output/0000/slave-003/client-242.log: file already closed
zerolog: could not write event: write experiment-output/0000/slave-003/client-035.log: file already closed
zerolog: could not write event: write experiment-output/0000/slave-003/client-149.log: file already closed
zerolog: could not write event: write experiment-output/0000/slave-003/client-108.log: file already closed
zerolog: could not write event: write experiment-output/0000/slave-003/client-242.log: file already closed
zerolog: could not write event: write experiment-output/0000/slave-003/client-149.log: file already closed
zerolog: could not write event: write experiment-output/0000/slave-003/client-242.log: file already closed
zerolog: could not write event: write experiment-output/0000/slave-003/client-035.log: file already closed
zerolog: could not write event: write experiment-output/0000/slave-003/client-242.log: file already closed
zerolog: could not write event: write experiment-output/0000/slave-003/client-242.log: file already closed
zerolog: could not write event: write experiment-output/0000/slave-003/client-242.log: file already closed
zerolog: could not write event: write experiment-output/0000/slave-003/client-244.log: file already closed
zerolog: could not write event: write experiment-output/0000/slave-003/client-108.log: file already closed
zerolog: could not write event: write experiment-output/0000/slave-003/client-091.log: file already closed
zerolog: could not write event: write experiment-output/0000/slave-003/client-035.log: file already closed
zerolog: could not write event: write experiment-output/0000/slave-003/client-149.log: file already closed
zerolog: could not write event: write experiment-output/0000/slave-003/client-108.log: file already closed
zerolog: could not write event: write experiment-output/0000/slave-003/client-035.log: file already closed
zerolog: could not write event: write experiment-output/0000/slave-003/client-035.log: file already closed
zerolog: could not write event: write experiment-output/0000/slave-003/client-035.log: file already closed
zerolog: could not write event: write experiment-output/0000/slave-003/client-091.log: file already closed
zerolog: could not write event: write experiment-output/0000/slave-003/client-149.log: file already closed
zerolog: could not write event: write experiment-output/0000/slave-003/client-035.log: file already closed
zerolog: could not write event: write experiment-output/0000/slave-003/client-035.log: file already closed
zerolog: could not write event: write experiment-output/0000/slave-003/client-108.log: file already closed
zerolog: could not write event: write experiment-output/0000/slave-003/client-108.log: file already closed
zerolog: could not write event: write experiment-output/0000/slave-003/client-242.log: file already closed
zerolog: could not write event: write experiment-output/0000/slave-003/client-242.log: file already closed
07:10:29.358 INF Stopping Tracer. events=1140 fileName=experiment-output/0000/slave-003/client-115.trc
07:10:29.360 INF Trace data written.
07:10:29.360 INF Done.
07:10:29.360 INF Stopping profiler.
07:10:29.377 INF Profile data written. filename=experiment-output/0000/slave-003/prof-client.mutex name=mutex
07:10:29.380 INF Profile data written. filename=experiment-output/0000/slave-003/prof-client.cpu name=cpu
07:10:29.388 INF Profile data written. filename=experiment-output/0000/slave-003/prof-client.block name=block
