{"level":"debug","Logging":"info","time":"2023-03-27T10:13:14Z","message":"Config"}
{"level":"debug","UseTLS":false,"time":"2023-03-27T10:13:14Z","message":"Config"}
{"level":"debug","CACertFile":"tls-data/ca.pem","time":"2023-03-27T10:13:14Z","message":"Config"}
{"level":"debug","KeyFile":"tls-data/auth.key","time":"2023-03-27T10:13:14Z","message":"Config"}
{"level":"debug","CertFile":"tls-data/auth.pem","time":"2023-03-27T10:13:14Z","message":"Config"}
{"level":"debug","PriorityConnections":2,"time":"2023-03-27T10:13:14Z","message":"Config"}
{"level":"debug","BasicConnections":1,"time":"2023-03-27T10:13:14Z","message":"Config"}
{"level":"debug","TestConnections":false,"time":"2023-03-27T10:13:14Z","message":"Config"}
{"level":"debug","ExcessConnections":1,"time":"2023-03-27T10:13:14Z","message":"Config"}
{"level":"debug","ConnectionTestMsgs":4,"time":"2023-03-27T10:13:14Z","message":"Config"}
{"level":"debug","ConnectionTestPayload":131072,"time":"2023-03-27T10:13:14Z","message":"Config"}
{"level":"debug","OutMessageBufsize":1024,"time":"2023-03-27T10:13:14Z","message":"Config"}
{"level":"debug","OutMessageBufsize":4,"time":"2023-03-27T10:13:14Z","message":"Config"}
{"level":"debug","ThroughputCap":131072000,"time":"2023-03-27T10:13:14Z","message":"Config"}
{"level":"debug","StragglerTolerance":1000,"time":"2023-03-27T10:13:14Z","message":"Config"}
{"level":"debug","BatchSizeIncrement":256,"time":"2023-03-27T10:13:14Z","message":"Config"}
{"level":"debug","Orderer":"Pbft","time":"2023-03-27T10:13:14Z","message":"Config"}
{"level":"debug","Manager":"Mir","time":"2023-03-27T10:13:14Z","message":"Config"}
{"level":"debug","Failures":0,"time":"2023-03-27T10:13:14Z","message":"Config"}
{"level":"debug","StragglerCnt":1,"time":"2023-03-27T10:13:14Z","message":"Config"}
{"level":"debug","CrashTiming":"Straggler","time":"2023-03-27T10:13:14Z","message":"Config"}
{"level":"debug","CheckpointInterval":512,"time":"2023-03-27T10:13:14Z","message":"Config"}
{"level":"debug","WatermarkWindowSize":512,"time":"2023-03-27T10:13:14Z","message":"Config"}
{"level":"debug","EpochLength":512,"time":"2023-03-27T10:13:14Z","message":"Config"}
{"level":"debug","SegmentLength":32,"time":"2023-03-27T10:13:14Z","message":"Config"}
{"level":"debug","WaitForCheckpoints":true,"time":"2023-03-27T10:13:14Z","message":"Config"}
{"level":"debug","ClientWatermarkWindowSize":16384,"time":"2023-03-27T10:13:14Z","message":"Config"}
{"level":"debug","ClientRequestBacklogSize":16384,"time":"2023-03-27T10:13:14Z","message":"Config"}
{"level":"debug","RandomSeed":23325,"time":"2023-03-27T10:13:14Z","message":"Config"}
{"level":"debug","NodeToLeaderRatio":1,"time":"2023-03-27T10:13:14Z","message":"Config"}
{"level":"debug","LeaderPolicy":"Simple","time":"2023-03-27T10:13:14Z","message":"Config"}
{"level":"debug","DefaultLeaderBan":2,"time":"2023-03-27T10:13:14Z","message":"Config"}
{"level":"debug","NumBuckets":256,"time":"2023-03-27T10:13:14Z","message":"Config"}
{"level":"debug","BatchSize":1000,"time":"2023-03-27T10:13:14Z","message":"Config"}
{"level":"debug","DisabledViewChange":false,"time":"2023-03-27T10:13:14Z","message":"Config"}
{"level":"debug","ViewChangeTimeout":60000,"time":"2023-03-27T10:13:14Z","message":"Config"}
{"level":"debug","ClientTraceSampling":10,"time":"2023-03-27T10:13:14Z","message":"Config"}
{"level":"debug","EventBufferSize":2097152,"time":"2023-03-27T10:13:14Z","message":"Config"}
{"level":"debug","TraceSampling":1,"time":"2023-03-27T10:13:14Z","message":"Config"}
{"level":"debug","ClientsPerProcess":8,"time":"2023-03-27T10:13:14Z","message":"Config"}
{"level":"debug","RequestsPerClient":3515,"time":"2023-03-27T10:13:14Z","message":"Config"}
{"level":"debug","ClientRunTime":15000,"time":"2023-03-27T10:13:14Z","message":"Config"}
{"level":"debug","RequestRate":117,"time":"2023-03-27T10:13:14Z","message":"Config"}
{"level":"debug","HardRequestRateLimit":false,"time":"2023-03-27T10:13:14Z","message":"Config"}
{"level":"debug","RequestPayloadSize":500,"time":"2023-03-27T10:13:14Z","message":"Config"}
{"level":"debug","SignRequests":true,"time":"2023-03-27T10:13:14Z","message":"Config"}
{"level":"debug","ClientPrivKeyFile":"tls-data/client-ecdsa-256.key","time":"2023-03-27T10:13:14Z","message":"Config"}
{"level":"debug","ClientPubKeyFile":"tls-data/client-ecdsa-256.pem","time":"2023-03-27T10:13:14Z","message":"Config"}
{"level":"debug","PrecomputeRequests":false,"time":"2023-03-27T10:13:14Z","message":"Config"}
{"level":"debug","RequestHandlerThreads":32,"time":"2023-03-27T10:13:14Z","message":"Config"}
{"level":"debug","RequestInputChannelBuffer":8192,"time":"2023-03-27T10:13:14Z","message":"Config"}
{"level":"debug","BatchVerifier":"external","time":"2023-03-27T10:13:14Z","message":"Config"}
10:13:14.511 INF Started Profiler: CPU
10:13:14.511 INF Started Profiler: BLOCK
10:13:14.511 INF Started Profiler: MUTEX
10:13:14.512 INF Starting clients. numClients=8 numRequests=3515
10:13:14.512 INF Initilizing clients.
10:13:15.074 INF Registared with discovery server. numOrderers=16 ownClientId=192
10:13:15.075 INF Registared with discovery server. numOrderers=16 ownClientId=193
10:13:15.076 INF Registared with discovery server. numOrderers=16 ownClientId=201
10:13:15.076 INF Registared with discovery server. numOrderers=16 ownClientId=216
10:13:15.077 INF Registared with discovery server. numOrderers=16 ownClientId=220
10:13:15.077 INF Registared with discovery server. numOrderers=16 ownClientId=229
10:13:15.077 INF Registared with discovery server. numOrderers=16 ownClientId=242
10:13:15.079 INF Registared with discovery server. numOrderers=16 ownClientId=254
10:13:15.079 INF Clients initialized.
10:13:15.079 INF Launching clients.
10:13:15.079 INF Waiting for clients.
10:19:35.796 INF Stopping Tracer. events=705 fileName=experiment-output/0005/slave-041/client-254.trc
zerolog: could not write event: write experiment-output/0005/slave-041/client-254.log: file already closed
zerolog: could not write event: write experiment-output/0005/slave-041/client-254.log: file already closed
zerolog: could not write event: write experiment-output/0005/slave-041/client-254.log: file already closed
zerolog: could not write event: write experiment-output/0005/slave-041/client-254.log: file already closed
10:19:35.797 INF Trace data written.
10:19:35.815 INF Stopping Tracer. events=705 fileName=experiment-output/0005/slave-041/client-220.trc
10:19:35.816 INF Stopping Tracer. events=1153 fileName=experiment-output/0005/slave-041/client-201.trc
zerolog: could not write event: write experiment-output/0005/slave-041/client-220.log: file already closed
zerolog: could not write event: write experiment-output/0005/slave-041/client-201.log: file already closed
zerolog: could not write event: write experiment-output/0005/slave-041/client-220.log: file already closed
zerolog: could not write event: write experiment-output/0005/slave-041/client-201.log: file already closed
zerolog: could not write event: write experiment-output/0005/slave-041/client-220.log: file already closed
zerolog: could not write event: write experiment-output/0005/slave-041/client-201.log: file already closed
zerolog: could not write event: write experiment-output/0005/slave-041/client-220.log: file already closed
zerolog: could not write event: write experiment-output/0005/slave-041/client-201.log: file already closed
10:19:35.817 INF Trace data written.
10:19:35.818 INF Trace data written.
10:19:35.827 INF Stopping Tracer. events=963 fileName=experiment-output/0005/slave-041/client-229.trc
10:19:35.828 INF Stopping Tracer. events=992 fileName=experiment-output/0005/slave-041/client-193.trc
10:19:35.828 INF Stopping Tracer. events=705 fileName=experiment-output/0005/slave-041/client-192.trc
10:19:35.828 INF Stopping Tracer. events=706 fileName=experiment-output/0005/slave-041/client-242.trc
10:19:35.828 INF Stopping Tracer. events=705 fileName=experiment-output/0005/slave-041/client-216.trc
zerolog: could not write event: write experiment-output/0005/slave-041/client-193.log: file already closed
zerolog: could not write event: write experiment-output/0005/slave-041/client-229.log: file already closed
zerolog: could not write event: write experiment-output/0005/slave-041/client-192.log: file already closed
zerolog: could not write event: write experiment-output/0005/slave-041/client-229.log: file already closed
zerolog: could not write event: write experiment-output/0005/slave-041/client-193.log: file already closed
zerolog: could not write event: write experiment-output/0005/slave-041/client-192.log: file already closed
zerolog: could not write event: write experiment-output/0005/slave-041/client-229.log: file already closed
zerolog: could not write event: write experiment-output/0005/slave-041/client-193.log: file already closed
zerolog: could not write event: write experiment-output/0005/slave-041/client-192.log: file already closed
zerolog: could not write event: write experiment-output/0005/slave-041/client-229.log: file already closed
zerolog: could not write event: write experiment-output/0005/slave-041/client-193.log: file already closed
zerolog: could not write event: write experiment-output/0005/slave-041/client-242.log: file already closed
zerolog: could not write event: write experiment-output/0005/slave-041/client-216.log: file already closed
zerolog: could not write event: write experiment-output/0005/slave-041/client-216.log: file already closed
zerolog: could not write event: write experiment-output/0005/slave-041/client-242.log: file already closed
zerolog: could not write event: write experiment-output/0005/slave-041/client-216.log: file already closed
zerolog: could not write event: write experiment-output/0005/slave-041/client-216.log: file already closed
zerolog: could not write event: write experiment-output/0005/slave-041/client-242.log: file already closed
zerolog: could not write event: write experiment-output/0005/slave-041/client-242.log: file already closed
zerolog: could not write event: write experiment-output/0005/slave-041/client-192.log: file already closed
10:19:35.829 INF Trace data written.
10:19:35.830 INF Trace data written.
10:19:35.830 INF Trace data written.
10:19:35.830 INF Trace data written.
10:19:35.830 INF Trace data written.
10:19:35.830 INF Done.
10:19:35.830 INF Stopping profiler.
10:19:35.855 INF Profile data written. filename=experiment-output/0005/slave-041/prof-client.block name=block
10:19:35.860 INF Profile data written. filename=experiment-output/0005/slave-041/prof-client.mutex name=mutex
zerolog: could not write event: write experiment-output/0005/slave-041/client-254.log: file already closed
zerolog: could not write event: write experiment-output/0005/slave-041/client-254.log: file already closed
zerolog: could not write event: write experiment-output/0005/slave-041/client-254.log: file already closed
zerolog: could not write event: write experiment-output/0005/slave-041/client-254.log: file already closed
zerolog: could not write event: write experiment-output/0005/slave-041/client-201.log: file already closed
zerolog: could not write event: write experiment-output/0005/slave-041/client-220.log: file already closed
zerolog: could not write event: write experiment-output/0005/slave-041/client-201.log: file already closed
zerolog: could not write event: write experiment-output/0005/slave-041/client-220.log: file already closed
zerolog: could not write event: write experiment-output/0005/slave-041/client-193.log: file already closed
zerolog: could not write event: write experiment-output/0005/slave-041/client-193.log: file already closed
zerolog: could not write event: write experiment-output/0005/slave-041/client-201.log: file already closed
zerolog: could not write event: write experiment-output/0005/slave-041/client-242.log: file already closed
zerolog: could not write event: write experiment-output/0005/slave-041/client-242.log: file already closed
zerolog: could not write event: write experiment-output/0005/slave-041/client-201.log: file already closed
zerolog: could not write event: write experiment-output/0005/slave-041/client-229.log: file already closed
zerolog: could not write event: write experiment-output/0005/slave-041/client-229.log: file already closed
zerolog: could not write event: write experiment-output/0005/slave-041/client-220.log: file already closed
zerolog: could not write event: write experiment-output/0005/slave-041/client-216.log: file already closed
zerolog: could not write event: write experiment-output/0005/slave-041/client-229.log: file already closed
zerolog: could not write event: write experiment-output/0005/slave-041/client-220.log: file already closed
zerolog: could not write event: write experiment-output/0005/slave-041/client-192.log: file already closed
zerolog: could not write event: write experiment-output/0005/slave-041/client-192.log: file already closed
zerolog: could not write event: write experiment-output/0005/slave-041/client-229.log: file already closed
zerolog: could not write event: write experiment-output/0005/slave-041/client-216.log: file already closed
zerolog: could not write event: write experiment-output/0005/slave-041/client-192.log: file already closed
zerolog: could not write event: write experiment-output/0005/slave-041/client-192.log: file already closed
zerolog: could not write event: write experiment-output/0005/slave-041/client-216.log: file already closed
zerolog: could not write event: write experiment-output/0005/slave-041/client-193.log: file already closed
zerolog: could not write event: write experiment-output/0005/slave-041/client-242.log: file already closed
zerolog: could not write event: write experiment-output/0005/slave-041/client-216.log: file already closed
zerolog: could not write event: write experiment-output/0005/slave-041/client-193.log: file already closed
zerolog: could not write event: write experiment-output/0005/slave-041/client-242.log: file already closed
zerolog: could not write event: write experiment-output/0005/slave-041/client-254.log: file already closed
zerolog: could not write event: write experiment-output/0005/slave-041/client-254.log: file already closed
zerolog: could not write event: write experiment-output/0005/slave-041/client-254.log: file already closed
zerolog: could not write event: write experiment-output/0005/slave-041/client-254.log: file already closed
zerolog: could not write event: write experiment-output/0005/slave-041/client-201.log: file already closed
zerolog: could not write event: write experiment-output/0005/slave-041/client-220.log: file already closed
zerolog: could not write event: write experiment-output/0005/slave-041/client-201.log: file already closed
zerolog: could not write event: write experiment-output/0005/slave-041/client-220.log: file already closed
zerolog: could not write event: write experiment-output/0005/slave-041/client-220.log: file already closed
zerolog: could not write event: write experiment-output/0005/slave-041/client-220.log: file already closed
zerolog: could not write event: write experiment-output/0005/slave-041/client-201.log: file already closed
zerolog: could not write event: write experiment-output/0005/slave-041/client-201.log: file already closed
zerolog: could not write event: write experiment-output/0005/slave-041/client-193.log: file already closed
zerolog: could not write event: write experiment-output/0005/slave-041/client-242.log: file already closed
zerolog: could not write event: write experiment-output/0005/slave-041/client-193.log: file already closed
zerolog: could not write event: write experiment-output/0005/slave-041/client-192.log: file already closed
zerolog: could not write event: write experiment-output/0005/slave-041/client-229.log: file already closed
zerolog: could not write event: write experiment-output/0005/slave-041/client-192.log: file already closed
zerolog: could not write event: write experiment-output/0005/slave-041/client-242.log: file already closed
zerolog: could not write event: write experiment-output/0005/slave-041/client-229.log: file already closed
zerolog: could not write event: write experiment-output/0005/slave-041/client-193.log: file already closed
zerolog: could not write event: write experiment-output/0005/slave-041/client-229.log: file already closed
zerolog: could not write event: write experiment-output/0005/slave-041/client-216.log: file already closed
zerolog: could not write event: write experiment-output/0005/slave-041/client-242.log: file already closed
zerolog: could not write event: write experiment-output/0005/slave-041/client-192.log: file already closed
zerolog: could not write event: write experiment-output/0005/slave-041/client-242.log: file already closed
zerolog: could not write event: write experiment-output/0005/slave-041/client-216.log: file already closed
zerolog: could not write event: write experiment-output/0005/slave-041/client-192.log: file already closed
zerolog: could not write event: write experiment-output/0005/slave-041/client-229.log: file already closed
zerolog: could not write event: write experiment-output/0005/slave-041/client-216.log: file already closed
zerolog: could not write event: write experiment-output/0005/slave-041/client-216.log: file already closed
zerolog: could not write event: write experiment-output/0005/slave-041/client-193.log: file already closed
10:19:36.034 INF Profile data written. filename=experiment-output/0005/slave-041/prof-client.cpu name=cpu
