{"level":"debug","Logging":"info","time":"2023-03-27T10:20:07Z","message":"Config"}
{"level":"debug","UseTLS":false,"time":"2023-03-27T10:20:07Z","message":"Config"}
{"level":"debug","CACertFile":"tls-data/ca.pem","time":"2023-03-27T10:20:07Z","message":"Config"}
{"level":"debug","KeyFile":"tls-data/auth.key","time":"2023-03-27T10:20:07Z","message":"Config"}
{"level":"debug","CertFile":"tls-data/auth.pem","time":"2023-03-27T10:20:07Z","message":"Config"}
{"level":"debug","PriorityConnections":2,"time":"2023-03-27T10:20:07Z","message":"Config"}
{"level":"debug","BasicConnections":1,"time":"2023-03-27T10:20:07Z","message":"Config"}
{"level":"debug","TestConnections":false,"time":"2023-03-27T10:20:07Z","message":"Config"}
{"level":"debug","ExcessConnections":1,"time":"2023-03-27T10:20:07Z","message":"Config"}
{"level":"debug","ConnectionTestMsgs":4,"time":"2023-03-27T10:20:07Z","message":"Config"}
{"level":"debug","ConnectionTestPayload":131072,"time":"2023-03-27T10:20:07Z","message":"Config"}
{"level":"debug","OutMessageBufsize":1024,"time":"2023-03-27T10:20:07Z","message":"Config"}
{"level":"debug","OutMessageBufsize":4,"time":"2023-03-27T10:20:07Z","message":"Config"}
{"level":"debug","ThroughputCap":131072000,"time":"2023-03-27T10:20:07Z","message":"Config"}
{"level":"debug","StragglerTolerance":1000,"time":"2023-03-27T10:20:07Z","message":"Config"}
{"level":"debug","BatchSizeIncrement":256,"time":"2023-03-27T10:20:07Z","message":"Config"}
{"level":"debug","Orderer":"Pbft","time":"2023-03-27T10:20:07Z","message":"Config"}
{"level":"debug","Manager":"Mir","time":"2023-03-27T10:20:07Z","message":"Config"}
{"level":"debug","Failures":0,"time":"2023-03-27T10:20:07Z","message":"Config"}
{"level":"debug","StragglerCnt":1,"time":"2023-03-27T10:20:07Z","message":"Config"}
{"level":"debug","CrashTiming":"Straggler","time":"2023-03-27T10:20:07Z","message":"Config"}
{"level":"debug","CheckpointInterval":512,"time":"2023-03-27T10:20:07Z","message":"Config"}
{"level":"debug","WatermarkWindowSize":512,"time":"2023-03-27T10:20:07Z","message":"Config"}
{"level":"debug","EpochLength":512,"time":"2023-03-27T10:20:07Z","message":"Config"}
{"level":"debug","SegmentLength":32,"time":"2023-03-27T10:20:07Z","message":"Config"}
{"level":"debug","WaitForCheckpoints":true,"time":"2023-03-27T10:20:07Z","message":"Config"}
{"level":"debug","ClientWatermarkWindowSize":16384,"time":"2023-03-27T10:20:07Z","message":"Config"}
{"level":"debug","ClientRequestBacklogSize":16384,"time":"2023-03-27T10:20:07Z","message":"Config"}
{"level":"debug","RandomSeed":23325,"time":"2023-03-27T10:20:07Z","message":"Config"}
{"level":"debug","NodeToLeaderRatio":1,"time":"2023-03-27T10:20:07Z","message":"Config"}
{"level":"debug","LeaderPolicy":"Simple","time":"2023-03-27T10:20:07Z","message":"Config"}
{"level":"debug","DefaultLeaderBan":2,"time":"2023-03-27T10:20:07Z","message":"Config"}
{"level":"debug","NumBuckets":256,"time":"2023-03-27T10:20:07Z","message":"Config"}
{"level":"debug","BatchSize":1000,"time":"2023-03-27T10:20:07Z","message":"Config"}
{"level":"debug","DisabledViewChange":false,"time":"2023-03-27T10:20:07Z","message":"Config"}
{"level":"debug","ViewChangeTimeout":60000,"time":"2023-03-27T10:20:07Z","message":"Config"}
{"level":"debug","ClientTraceSampling":10,"time":"2023-03-27T10:20:07Z","message":"Config"}
{"level":"debug","EventBufferSize":2097152,"time":"2023-03-27T10:20:07Z","message":"Config"}
{"level":"debug","TraceSampling":1,"time":"2023-03-27T10:20:07Z","message":"Config"}
{"level":"debug","ClientsPerProcess":8,"time":"2023-03-27T10:20:07Z","message":"Config"}
{"level":"debug","RequestsPerClient":4101,"time":"2023-03-27T10:20:07Z","message":"Config"}
{"level":"debug","ClientRunTime":15000,"time":"2023-03-27T10:20:07Z","message":"Config"}
{"level":"debug","RequestRate":136,"time":"2023-03-27T10:20:07Z","message":"Config"}
{"level":"debug","HardRequestRateLimit":false,"time":"2023-03-27T10:20:07Z","message":"Config"}
{"level":"debug","RequestPayloadSize":500,"time":"2023-03-27T10:20:07Z","message":"Config"}
{"level":"debug","SignRequests":true,"time":"2023-03-27T10:20:07Z","message":"Config"}
{"level":"debug","ClientPrivKeyFile":"tls-data/client-ecdsa-256.key","time":"2023-03-27T10:20:07Z","message":"Config"}
{"level":"debug","ClientPubKeyFile":"tls-data/client-ecdsa-256.pem","time":"2023-03-27T10:20:07Z","message":"Config"}
{"level":"debug","PrecomputeRequests":false,"time":"2023-03-27T10:20:07Z","message":"Config"}
{"level":"debug","RequestHandlerThreads":32,"time":"2023-03-27T10:20:07Z","message":"Config"}
{"level":"debug","RequestInputChannelBuffer":8192,"time":"2023-03-27T10:20:07Z","message":"Config"}
{"level":"debug","BatchVerifier":"external","time":"2023-03-27T10:20:07Z","message":"Config"}
10:20:07.113 INF Started Profiler: CPU
10:20:07.113 INF Started Profiler: BLOCK
10:20:07.113 INF Started Profiler: MUTEX
10:20:07.114 INF Starting clients. numClients=8 numRequests=4101
10:20:07.114 INF Initilizing clients.
10:20:07.120 INF Registared with discovery server. numOrderers=16 ownClientId=17
10:20:07.120 INF Registared with discovery server. numOrderers=16 ownClientId=27
10:20:07.120 INF Registared with discovery server. numOrderers=16 ownClientId=28
10:20:07.121 INF Registared with discovery server. numOrderers=16 ownClientId=49
10:20:07.121 INF Registared with discovery server. numOrderers=16 ownClientId=48
10:20:07.121 INF Registared with discovery server. numOrderers=16 ownClientId=55
10:20:07.121 INF Registared with discovery server. numOrderers=16 ownClientId=6
10:20:07.121 INF Registared with discovery server. numOrderers=16 ownClientId=43
10:20:07.122 INF Clients initialized.
10:20:07.122 INF Launching clients.
10:20:07.122 INF Waiting for clients.
10:26:34.386 INF Stopping Tracer. events=1156 fileName=experiment-output/0006/slave-007/client-049.trc
10:26:34.386 INF Stopping Tracer. events=821 fileName=experiment-output/0006/slave-007/client-048.trc
zerolog: could not write event: write experiment-output/0006/slave-007/client-049.log: file already closed
zerolog: could not write event: write experiment-output/0006/slave-007/client-048.log: file already closed
zerolog: could not write event: write experiment-output/0006/slave-007/client-049.log: file already closed
zerolog: could not write event: write experiment-output/0006/slave-007/client-048.log: file already closed
10:26:34.388 INF Trace data written.
10:26:34.389 INF Trace data written.
zerolog: could not write event: write experiment-output/0006/slave-007/client-048.log: file already closed
zerolog: could not write event: write experiment-output/0006/slave-007/client-049.log: file already closed
zerolog: could not write event: write experiment-output/0006/slave-007/client-049.log: file already closed
zerolog: could not write event: write experiment-output/0006/slave-007/client-048.log: file already closed
zerolog: could not write event: write experiment-output/0006/slave-007/client-048.log: file already closed
zerolog: could not write event: write experiment-output/0006/slave-007/client-049.log: file already closed
zerolog: could not write event: write experiment-output/0006/slave-007/client-049.log: file already closed
zerolog: could not write event: write experiment-output/0006/slave-007/client-048.log: file already closed
zerolog: could not write event: write experiment-output/0006/slave-007/client-048.log: file already closed
zerolog: could not write event: write experiment-output/0006/slave-007/client-049.log: file already closed
zerolog: could not write event: write experiment-output/0006/slave-007/client-049.log: file already closed
zerolog: could not write event: write experiment-output/0006/slave-007/client-048.log: file already closed
zerolog: could not write event: write experiment-output/0006/slave-007/client-049.log: file already closed
zerolog: could not write event: write experiment-output/0006/slave-007/client-048.log: file already closed
zerolog: could not write event: write experiment-output/0006/slave-007/client-048.log: file already closed
zerolog: could not write event: write experiment-output/0006/slave-007/client-049.log: file already closed
zerolog: could not write event: write experiment-output/0006/slave-007/client-048.log: file already closed
zerolog: could not write event: write experiment-output/0006/slave-007/client-049.log: file already closed
zerolog: could not write event: write experiment-output/0006/slave-007/client-049.log: file already closed
zerolog: could not write event: write experiment-output/0006/slave-007/client-048.log: file already closed
zerolog: could not write event: write experiment-output/0006/slave-007/client-049.log: file already closed
zerolog: could not write event: write experiment-output/0006/slave-007/client-048.log: file already closed
zerolog: could not write event: write experiment-output/0006/slave-007/client-048.log: file already closed
zerolog: could not write event: write experiment-output/0006/slave-007/client-049.log: file already closed
zerolog: could not write event: write experiment-output/0006/slave-007/client-049.log: file already closed
zerolog: could not write event: write experiment-output/0006/slave-007/client-048.log: file already closed
zerolog: could not write event: write experiment-output/0006/slave-007/client-048.log: file already closed
zerolog: could not write event: write experiment-output/0006/slave-007/client-049.log: file already closed
10:26:35.319 INF Stopping Tracer. events=1157 fileName=experiment-output/0006/slave-007/client-055.trc
zerolog: could not write event: write experiment-output/0006/slave-007/client-055.log: file already closed
zerolog: could not write event: write experiment-output/0006/slave-007/client-055.log: file already closed
zerolog: could not write event: write experiment-output/0006/slave-007/client-055.log: file already closed
zerolog: could not write event: write experiment-output/0006/slave-007/client-055.log: file already closed
10:26:35.321 INF Trace data written.
10:26:35.379 INF Stopping Tracer. events=1193 fileName=experiment-output/0006/slave-007/client-043.trc
zerolog: could not write event: write experiment-output/0006/slave-007/client-043.log: file already closed
zerolog: could not write event: write experiment-output/0006/slave-007/client-043.log: file already closed
zerolog: could not write event: write experiment-output/0006/slave-007/client-043.log: file already closed
zerolog: could not write event: write experiment-output/0006/slave-007/client-043.log: file already closed
10:26:35.381 INF Stopping Tracer. events=1284 fileName=experiment-output/0006/slave-007/client-017.trc
zerolog: could not write event: write experiment-output/0006/slave-007/client-017.log: file already closed
zerolog: could not write event: write experiment-output/0006/slave-007/client-017.log: file already closed
zerolog: could not write event: write experiment-output/0006/slave-007/client-017.log: file already closed
zerolog: could not write event: write experiment-output/0006/slave-007/client-017.log: file already closed
10:26:35.382 INF Trace data written.
10:26:35.383 INF Trace data written.
10:26:35.387 INF Stopping Tracer. events=821 fileName=experiment-output/0006/slave-007/client-028.trc
10:26:35.387 INF Stopping Tracer. events=821 fileName=experiment-output/0006/slave-007/client-006.trc
zerolog: could not write event: write experiment-output/0006/slave-007/client-028.log: file already closed
10:26:35.387 INF Stopping Tracer. events=1269 fileName=experiment-output/0006/slave-007/client-027.trc
zerolog: could not write event: write experiment-output/0006/slave-007/client-006.log: file already closed
zerolog: could not write event: write experiment-output/0006/slave-007/client-028.log: file already closed
zerolog: could not write event: write experiment-output/0006/slave-007/client-028.log: file already closed
zerolog: could not write event: write experiment-output/0006/slave-007/client-006.log: file already closed
zerolog: could not write event: write experiment-output/0006/slave-007/client-006.log: file already closed
zerolog: could not write event: write experiment-output/0006/slave-007/client-028.log: file already closed
zerolog: could not write event: write experiment-output/0006/slave-007/client-027.log: file already closed
zerolog: could not write event: write experiment-output/0006/slave-007/client-027.log: file already closed
zerolog: could not write event: write experiment-output/0006/slave-007/client-006.log: file already closed
zerolog: could not write event: write experiment-output/0006/slave-007/client-027.log: file already closed
zerolog: could not write event: write experiment-output/0006/slave-007/client-027.log: file already closed
10:26:35.388 INF Trace data written.
10:26:35.389 INF Trace data written.
10:26:35.389 INF Trace data written.
10:26:35.389 INF Done.
10:26:35.389 INF Stopping profiler.
zerolog: could not write event: write experiment-output/0006/slave-007/client-055.log: file already closed
zerolog: could not write event: write experiment-output/0006/slave-007/client-055.log: file already closed
zerolog: could not write event: write experiment-output/0006/slave-007/client-055.log: file already closed
zerolog: could not write event: write experiment-output/0006/slave-007/client-055.log: file already closed
zerolog: could not write event: write experiment-output/0006/slave-007/client-055.log: file already closed
zerolog: could not write event: write experiment-output/0006/slave-007/client-055.log: file already closed
zerolog: could not write event: write experiment-output/0006/slave-007/client-055.log: file already closed
zerolog: could not write event: write experiment-output/0006/slave-007/client-055.log: file already closed
zerolog: could not write event: write experiment-output/0006/slave-007/client-043.log: file already closed
zerolog: could not write event: write experiment-output/0006/slave-007/client-043.log: file already closed
zerolog: could not write event: write experiment-output/0006/slave-007/client-043.log: file already closed
zerolog: could not write event: write experiment-output/0006/slave-007/client-043.log: file already closed
zerolog: could not write event: write experiment-output/0006/slave-007/client-017.log: file already closed
zerolog: could not write event: write experiment-output/0006/slave-007/client-017.log: file already closed
zerolog: could not write event: write experiment-output/0006/slave-007/client-017.log: file already closed
zerolog: could not write event: write experiment-output/0006/slave-007/client-017.log: file already closed
zerolog: could not write event: write experiment-output/0006/slave-007/client-006.log: file already closed
zerolog: could not write event: write experiment-output/0006/slave-007/client-027.log: file already closed
zerolog: could not write event: write experiment-output/0006/slave-007/client-028.log: file already closed
zerolog: could not write event: write experiment-output/0006/slave-007/client-028.log: file already closed
zerolog: could not write event: write experiment-output/0006/slave-007/client-027.log: file already closed
zerolog: could not write event: write experiment-output/0006/slave-007/client-006.log: file already closed
zerolog: could not write event: write experiment-output/0006/slave-007/client-028.log: file already closed
zerolog: could not write event: write experiment-output/0006/slave-007/client-027.log: file already closed
zerolog: could not write event: write experiment-output/0006/slave-007/client-028.log: file already closed
zerolog: could not write event: write experiment-output/0006/slave-007/client-006.log: file already closed
zerolog: could not write event: write experiment-output/0006/slave-007/client-027.log: file already closed
zerolog: could not write event: write experiment-output/0006/slave-007/client-006.log: file already closed
10:26:35.484 INF Profile data written. filename=experiment-output/0006/slave-007/prof-client.cpu name=cpu
10:26:35.500 INF Profile data written. filename=experiment-output/0006/slave-007/prof-client.block name=block
zerolog: could not write event: write experiment-output/0006/slave-007/client-055.log: file already closed
zerolog: could not write event: write experiment-output/0006/slave-007/client-055.log: file already closed
zerolog: could not write event: write experiment-output/0006/slave-007/client-055.log: file already closed
10:26:35.506 INF Profile data written. filename=experiment-output/0006/slave-007/prof-client.mutex name=mutex
