{"level":"debug","Logging":"info","time":"2023-03-25T17:51:01Z","message":"Config"}
{"level":"debug","UseTLS":false,"time":"2023-03-25T17:51:01Z","message":"Config"}
{"level":"debug","CACertFile":"tls-data/ca.pem","time":"2023-03-25T17:51:01Z","message":"Config"}
{"level":"debug","KeyFile":"tls-data/auth.key","time":"2023-03-25T17:51:01Z","message":"Config"}
{"level":"debug","CertFile":"tls-data/auth.pem","time":"2023-03-25T17:51:01Z","message":"Config"}
{"level":"debug","PriorityConnections":2,"time":"2023-03-25T17:51:01Z","message":"Config"}
{"level":"debug","BasicConnections":1,"time":"2023-03-25T17:51:01Z","message":"Config"}
{"level":"debug","TestConnections":false,"time":"2023-03-25T17:51:01Z","message":"Config"}
{"level":"debug","ExcessConnections":1,"time":"2023-03-25T17:51:01Z","message":"Config"}
{"level":"debug","ConnectionTestMsgs":4,"time":"2023-03-25T17:51:01Z","message":"Config"}
{"level":"debug","ConnectionTestPayload":131072,"time":"2023-03-25T17:51:01Z","message":"Config"}
{"level":"debug","OutMessageBufsize":1024,"time":"2023-03-25T17:51:01Z","message":"Config"}
{"level":"debug","OutMessageBufsize":4,"time":"2023-03-25T17:51:01Z","message":"Config"}
{"level":"debug","ThroughputCap":131072000,"time":"2023-03-25T17:51:01Z","message":"Config"}
{"level":"debug","StragglerTolerance":1000,"time":"2023-03-25T17:51:01Z","message":"Config"}
{"level":"debug","BatchSizeIncrement":256,"time":"2023-03-25T17:51:01Z","message":"Config"}
{"level":"debug","Orderer":"Pbft","time":"2023-03-25T17:51:01Z","message":"Config"}
{"level":"debug","Manager":"Mir","time":"2023-03-25T17:51:01Z","message":"Config"}
{"level":"debug","Failures":0,"time":"2023-03-25T17:51:01Z","message":"Config"}
{"level":"debug","StragglerCnt":1,"time":"2023-03-25T17:51:01Z","message":"Config"}
{"level":"debug","PrivKeyCnt":10,"time":"2023-03-25T17:51:01Z","message":"Config"}
{"level":"debug","UseSig":false,"time":"2023-03-25T17:51:01Z","message":"Config"}
{"level":"debug","CrashTiming":"Straggler","time":"2023-03-25T17:51:01Z","message":"Config"}
{"level":"debug","CheckpointInterval":512,"time":"2023-03-25T17:51:01Z","message":"Config"}
{"level":"debug","WatermarkWindowSize":512,"time":"2023-03-25T17:51:01Z","message":"Config"}
{"level":"debug","EpochLength":512,"time":"2023-03-25T17:51:01Z","message":"Config"}
{"level":"debug","SegmentLength":32,"time":"2023-03-25T17:51:01Z","message":"Config"}
{"level":"debug","WaitForCheckpoints":true,"time":"2023-03-25T17:51:01Z","message":"Config"}
{"level":"debug","ClientWatermarkWindowSize":16384,"time":"2023-03-25T17:51:01Z","message":"Config"}
{"level":"debug","ClientRequestBacklogSize":16384,"time":"2023-03-25T17:51:01Z","message":"Config"}
{"level":"debug","RandomSeed":24189,"time":"2023-03-25T17:51:01Z","message":"Config"}
{"level":"debug","NodeToLeaderRatio":1,"time":"2023-03-25T17:51:01Z","message":"Config"}
{"level":"debug","LeaderPolicy":"Simple","time":"2023-03-25T17:51:01Z","message":"Config"}
{"level":"debug","DefaultLeaderBan":2,"time":"2023-03-25T17:51:01Z","message":"Config"}
{"level":"debug","NumBuckets":256,"time":"2023-03-25T17:51:01Z","message":"Config"}
{"level":"debug","BatchSize":2500,"time":"2023-03-25T17:51:01Z","message":"Config"}
{"level":"debug","DisabledViewChange":false,"time":"2023-03-25T17:51:01Z","message":"Config"}
{"level":"debug","ViewChangeTimeout":60000,"time":"2023-03-25T17:51:01Z","message":"Config"}
{"level":"debug","ClientTraceSampling":10,"time":"2023-03-25T17:51:01Z","message":"Config"}
{"level":"debug","EventBufferSize":2097152,"time":"2023-03-25T17:51:01Z","message":"Config"}
{"level":"debug","TraceSampling":1,"time":"2023-03-25T17:51:01Z","message":"Config"}
{"level":"debug","ClientsPerProcess":8,"time":"2023-03-25T17:51:01Z","message":"Config"}
{"level":"debug","RequestsPerClient":3515,"time":"2023-03-25T17:51:01Z","message":"Config"}
{"level":"debug","ClientRunTime":15000,"time":"2023-03-25T17:51:01Z","message":"Config"}
{"level":"debug","RequestRate":117,"time":"2023-03-25T17:51:01Z","message":"Config"}
{"level":"debug","HardRequestRateLimit":false,"time":"2023-03-25T17:51:01Z","message":"Config"}
{"level":"debug","RequestPayloadSize":500,"time":"2023-03-25T17:51:01Z","message":"Config"}
{"level":"debug","SignRequests":true,"time":"2023-03-25T17:51:01Z","message":"Config"}
{"level":"debug","ClientPrivKeyFile":"tls-data/client-ecdsa-256.key","time":"2023-03-25T17:51:01Z","message":"Config"}
{"level":"debug","ClientPubKeyFile":"tls-data/client-ecdsa-256.pem","time":"2023-03-25T17:51:01Z","message":"Config"}
{"level":"debug","PrecomputeRequests":false,"time":"2023-03-25T17:51:01Z","message":"Config"}
{"level":"debug","RequestHandlerThreads":32,"time":"2023-03-25T17:51:01Z","message":"Config"}
{"level":"debug","RequestInputChannelBuffer":8192,"time":"2023-03-25T17:51:01Z","message":"Config"}
{"level":"debug","BatchVerifier":"external","time":"2023-03-25T17:51:01Z","message":"Config"}
17:51:01.760 INF Started Profiler: CPU
17:51:01.760 INF Started Profiler: BLOCK
17:51:01.760 INF Started Profiler: MUTEX
17:51:01.760 INF Starting clients. numClients=8 numRequests=3515
17:51:01.760 INF Initilizing clients.
17:51:02.040 INF Registared with discovery server. numOrderers=16 ownClientId=87
17:51:02.040 INF Registared with discovery server. numOrderers=16 ownClientId=98
17:51:02.040 INF Registared with discovery server. numOrderers=16 ownClientId=85
17:51:02.041 INF Registared with discovery server. numOrderers=16 ownClientId=89
17:51:02.041 INF Registared with discovery server. numOrderers=16 ownClientId=84
17:51:02.041 INF Registared with discovery server. numOrderers=16 ownClientId=94
17:51:02.041 INF Registared with discovery server. numOrderers=16 ownClientId=102
17:51:02.041 INF Registared with discovery server. numOrderers=16 ownClientId=115
17:51:02.041 INF Clients initialized.
17:51:02.041 INF Launching clients.
17:51:02.041 INF Waiting for clients.
17:52:03.509 INF Stopping Tracer. events=1025 fileName=experiment-output/0000/slave-026/client-087.trc
zerolog: could not write event: write experiment-output/0000/slave-026/client-087.log: file already closed
zerolog: could not write event: write experiment-output/0000/slave-026/client-087.log: file already closed
zerolog: could not write event: write experiment-output/0000/slave-026/client-087.log: file already closed
zerolog: could not write event: write experiment-output/0000/slave-026/client-087.log: file already closed
17:52:03.511 INF Trace data written.
17:52:03.511 INF Stopping Tracer. events=1072 fileName=experiment-output/0000/slave-026/client-085.trc
17:52:03.512 INF Stopping Tracer. events=705 fileName=experiment-output/0000/slave-026/client-094.trc
17:52:03.512 INF Stopping Tracer. events=1041 fileName=experiment-output/0000/slave-026/client-089.trc
zerolog: could not write event: write experiment-output/0000/slave-026/client-085.log: file already closed
zerolog: could not write event: write experiment-output/0000/slave-026/client-085.log: file already closed
zerolog: could not write event: write experiment-output/0000/slave-026/client-085.log: file already closed
zerolog: could not write event: write experiment-output/0000/slave-026/client-085.log: file already closed
zerolog: could not write event: write experiment-output/0000/slave-026/client-094.log: file already closed
zerolog: could not write event: write experiment-output/0000/slave-026/client-089.log: file already closed
zerolog: could not write event: write experiment-output/0000/slave-026/client-089.log: file already closed
zerolog: could not write event: write experiment-output/0000/slave-026/client-089.log: file already closed
zerolog: could not write event: write experiment-output/0000/slave-026/client-089.log: file already closed
zerolog: could not write event: write experiment-output/0000/slave-026/client-094.log: file already closed
zerolog: could not write event: write experiment-output/0000/slave-026/client-094.log: file already closed
zerolog: could not write event: write experiment-output/0000/slave-026/client-094.log: file already closed
17:52:03.513 INF Trace data written.
17:52:03.514 INF Trace data written.
17:52:03.514 INF Trace data written.
17:52:03.514 INF Stopping Tracer. events=705 fileName=experiment-output/0000/slave-026/client-098.trc
17:52:03.514 INF Stopping Tracer. events=705 fileName=experiment-output/0000/slave-026/client-084.trc
17:52:03.514 INF Stopping Tracer. events=1121 fileName=experiment-output/0000/slave-026/client-115.trc
17:52:03.514 INF Stopping Tracer. events=710 fileName=experiment-output/0000/slave-026/client-102.trc
zerolog: could not write event: write experiment-output/0000/slave-026/client-084.log: file already closed
zerolog: could not write event: write experiment-output/0000/slave-026/client-098.log: file already closed
zerolog: could not write event: write experiment-output/0000/slave-026/client-115.log: file already closed
zerolog: could not write event: write experiment-output/0000/slave-026/client-084.log: file already closed
zerolog: could not write event: write experiment-output/0000/slave-026/client-098.log: file already closed
zerolog: could not write event: write experiment-output/0000/slave-026/client-102.log: file already closed
zerolog: could not write event: write experiment-output/0000/slave-026/client-098.log: file already closed
zerolog: could not write event: write experiment-output/0000/slave-026/client-084.log: file already closed
zerolog: could not write event: write experiment-output/0000/slave-026/client-098.log: file already closed
zerolog: could not write event: write experiment-output/0000/slave-026/client-102.log: file already closed
zerolog: could not write event: write experiment-output/0000/slave-026/client-102.log: file already closed
zerolog: could not write event: write experiment-output/0000/slave-026/client-084.log: file already closed
zerolog: could not write event: write experiment-output/0000/slave-026/client-115.log: file already closed
zerolog: could not write event: write experiment-output/0000/slave-026/client-102.log: file already closed
zerolog: could not write event: write experiment-output/0000/slave-026/client-115.log: file already closed
zerolog: could not write event: write experiment-output/0000/slave-026/client-115.log: file already closed
17:52:03.516 INF Trace data written.
17:52:03.516 INF Trace data written.
17:52:03.516 INF Trace data written.
17:52:03.517 INF Trace data written.
17:52:03.517 INF Done.
17:52:03.517 INF Stopping profiler.
17:52:03.533 INF Profile data written. filename=experiment-output/0000/slave-026/prof-client.mutex name=mutex
zerolog: could not write event: write experiment-output/0000/slave-026/client-087.log: file already closed
zerolog: could not write event: write experiment-output/0000/slave-026/client-087.log: file already closed
zerolog: could not write event: write experiment-output/0000/slave-026/client-087.log: file already closed
zerolog: could not write event: write experiment-output/0000/slave-026/client-087.log: file already closed
zerolog: could not write event: write experiment-output/0000/slave-026/client-085.log: file already closed
zerolog: could not write event: write experiment-output/0000/slave-026/client-085.log: file already closed
zerolog: could not write event: write experiment-output/0000/slave-026/client-085.log: file already closed
zerolog: could not write event: write experiment-output/0000/slave-026/client-094.log: file already closed
zerolog: could not write event: write experiment-output/0000/slave-026/client-089.log: file already closed
zerolog: could not write event: write experiment-output/0000/slave-026/client-089.log: file already closed
zerolog: could not write event: write experiment-output/0000/slave-026/client-094.log: file already closed
zerolog: could not write event: write experiment-output/0000/slave-026/client-085.log: file already closed
zerolog: could not write event: write experiment-output/0000/slave-026/client-094.log: file already closed
zerolog: could not write event: write experiment-output/0000/slave-026/client-089.log: file already closed
zerolog: could not write event: write experiment-output/0000/slave-026/client-094.log: file already closed
zerolog: could not write event: write experiment-output/0000/slave-026/client-089.log: file already closed
zerolog: could not write event: write experiment-output/0000/slave-026/client-098.log: file already closed
zerolog: could not write event: write experiment-output/0000/slave-026/client-098.log: file already closed
zerolog: could not write event: write experiment-output/0000/slave-026/client-098.log: file already closed
zerolog: could not write event: write experiment-output/0000/slave-026/client-084.log: file already closed
zerolog: could not write event: write experiment-output/0000/slave-026/client-084.log: file already closed
zerolog: could not write event: write experiment-output/0000/slave-026/client-098.log: file already closed
zerolog: could not write event: write experiment-output/0000/slave-026/client-084.log: file already closed
zerolog: could not write event: write experiment-output/0000/slave-026/client-084.log: file already closed
zerolog: could not write event: write experiment-output/0000/slave-026/client-115.log: file already closed
zerolog: could not write event: write experiment-output/0000/slave-026/client-102.log: file already closed
zerolog: could not write event: write experiment-output/0000/slave-026/client-102.log: file already closed
zerolog: could not write event: write experiment-output/0000/slave-026/client-115.log: file already closed
zerolog: could not write event: write experiment-output/0000/slave-026/client-115.log: file already closed
zerolog: could not write event: write experiment-output/0000/slave-026/client-115.log: file already closed
zerolog: could not write event: write experiment-output/0000/slave-026/client-102.log: file already closed
zerolog: could not write event: write experiment-output/0000/slave-026/client-102.log: file already closed
17:52:03.716 INF Profile data written. filename=experiment-output/0000/slave-026/prof-client.cpu name=cpu
zerolog: could not write event: write experiment-output/0000/slave-026/client-087.log: file already closed
zerolog: could not write event: write experiment-output/0000/slave-026/client-087.log: file already closed
zerolog: could not write event: write experiment-output/0000/slave-026/client-089.log: file already closed
zerolog: could not write event: write experiment-output/0000/slave-026/client-087.log: file already closed
zerolog: could not write event: write experiment-output/0000/slave-026/client-089.log: file already closed
zerolog: could not write event: write experiment-output/0000/slave-026/client-087.log: file already closed
zerolog: could not write event: write experiment-output/0000/slave-026/client-085.log: file already closed
zerolog: could not write event: write experiment-output/0000/slave-026/client-094.log: file already closed
zerolog: could not write event: write experiment-output/0000/slave-026/client-089.log: file already closed
17:52:03.726 INF Profile data written. filename=experiment-output/0000/slave-026/prof-client.block name=block
