{"level":"debug","Logging":"info","time":"2023-03-24T04:08:01Z","message":"Config"}
{"level":"debug","UseTLS":false,"time":"2023-03-24T04:08:01Z","message":"Config"}
{"level":"debug","CACertFile":"tls-data/ca.pem","time":"2023-03-24T04:08:01Z","message":"Config"}
{"level":"debug","KeyFile":"tls-data/auth.key","time":"2023-03-24T04:08:01Z","message":"Config"}
{"level":"debug","CertFile":"tls-data/auth.pem","time":"2023-03-24T04:08:01Z","message":"Config"}
{"level":"debug","PriorityConnections":2,"time":"2023-03-24T04:08:01Z","message":"Config"}
{"level":"debug","BasicConnections":1,"time":"2023-03-24T04:08:01Z","message":"Config"}
{"level":"debug","TestConnections":false,"time":"2023-03-24T04:08:01Z","message":"Config"}
{"level":"debug","ExcessConnections":1,"time":"2023-03-24T04:08:01Z","message":"Config"}
{"level":"debug","ConnectionTestMsgs":4,"time":"2023-03-24T04:08:01Z","message":"Config"}
{"level":"debug","ConnectionTestPayload":131072,"time":"2023-03-24T04:08:01Z","message":"Config"}
{"level":"debug","OutMessageBufsize":1024,"time":"2023-03-24T04:08:01Z","message":"Config"}
{"level":"debug","OutMessageBufsize":4,"time":"2023-03-24T04:08:01Z","message":"Config"}
{"level":"debug","ThroughputCap":131072000,"time":"2023-03-24T04:08:01Z","message":"Config"}
{"level":"debug","StragglerTolerance":1000,"time":"2023-03-24T04:08:01Z","message":"Config"}
{"level":"debug","BatchSizeIncrement":256,"time":"2023-03-24T04:08:01Z","message":"Config"}
{"level":"debug","Orderer":"Pbft","time":"2023-03-24T04:08:01Z","message":"Config"}
{"level":"debug","Manager":"Mir","time":"2023-03-24T04:08:01Z","message":"Config"}
{"level":"debug","Failures":0,"time":"2023-03-24T04:08:01Z","message":"Config"}
{"level":"debug","StragglerCnt":0,"time":"2023-03-24T04:08:01Z","message":"Config"}
{"level":"debug","CrashTiming":"Straggler","time":"2023-03-24T04:08:01Z","message":"Config"}
{"level":"debug","CheckpointInterval":256,"time":"2023-03-24T04:08:01Z","message":"Config"}
{"level":"debug","WatermarkWindowSize":256,"time":"2023-03-24T04:08:01Z","message":"Config"}
{"level":"debug","EpochLength":256,"time":"2023-03-24T04:08:01Z","message":"Config"}
{"level":"debug","SegmentLength":16,"time":"2023-03-24T04:08:01Z","message":"Config"}
{"level":"debug","WaitForCheckpoints":true,"time":"2023-03-24T04:08:01Z","message":"Config"}
{"level":"debug","ClientWatermarkWindowSize":16384,"time":"2023-03-24T04:08:01Z","message":"Config"}
{"level":"debug","ClientRequestBacklogSize":16384,"time":"2023-03-24T04:08:01Z","message":"Config"}
{"level":"debug","RandomSeed":1202,"time":"2023-03-24T04:08:01Z","message":"Config"}
{"level":"debug","NodeToLeaderRatio":1,"time":"2023-03-24T04:08:01Z","message":"Config"}
{"level":"debug","LeaderPolicy":"Simple","time":"2023-03-24T04:08:01Z","message":"Config"}
{"level":"debug","DefaultLeaderBan":2,"time":"2023-03-24T04:08:01Z","message":"Config"}
{"level":"debug","NumBuckets":256,"time":"2023-03-24T04:08:01Z","message":"Config"}
{"level":"debug","BatchSize":3000,"time":"2023-03-24T04:08:01Z","message":"Config"}
{"level":"debug","DisabledViewChange":false,"time":"2023-03-24T04:08:01Z","message":"Config"}
{"level":"debug","ViewChangeTimeout":60000,"time":"2023-03-24T04:08:01Z","message":"Config"}
{"level":"debug","ClientTraceSampling":10,"time":"2023-03-24T04:08:01Z","message":"Config"}
{"level":"debug","EventBufferSize":2097152,"time":"2023-03-24T04:08:01Z","message":"Config"}
{"level":"debug","TraceSampling":1,"time":"2023-03-24T04:08:01Z","message":"Config"}
{"level":"debug","ClientsPerProcess":8,"time":"2023-03-24T04:08:01Z","message":"Config"}
{"level":"debug","RequestsPerClient":11718,"time":"2023-03-24T04:08:01Z","message":"Config"}
{"level":"debug","ClientRunTime":15000,"time":"2023-03-24T04:08:01Z","message":"Config"}
{"level":"debug","RequestRate":390,"time":"2023-03-24T04:08:01Z","message":"Config"}
{"level":"debug","HardRequestRateLimit":false,"time":"2023-03-24T04:08:01Z","message":"Config"}
{"level":"debug","RequestPayloadSize":500,"time":"2023-03-24T04:08:01Z","message":"Config"}
{"level":"debug","SignRequests":true,"time":"2023-03-24T04:08:01Z","message":"Config"}
{"level":"debug","ClientPrivKeyFile":"tls-data/client-ecdsa-256.key","time":"2023-03-24T04:08:01Z","message":"Config"}
{"level":"debug","ClientPubKeyFile":"tls-data/client-ecdsa-256.pem","time":"2023-03-24T04:08:01Z","message":"Config"}
{"level":"debug","PrecomputeRequests":false,"time":"2023-03-24T04:08:01Z","message":"Config"}
{"level":"debug","RequestHandlerThreads":32,"time":"2023-03-24T04:08:01Z","message":"Config"}
{"level":"debug","RequestInputChannelBuffer":8192,"time":"2023-03-24T04:08:01Z","message":"Config"}
{"level":"debug","BatchVerifier":"external","time":"2023-03-24T04:08:01Z","message":"Config"}
04:08:01.296 INF Started Profiler: CPU
04:08:01.296 INF Started Profiler: BLOCK
04:08:01.296 INF Started Profiler: MUTEX
04:08:01.296 INF Starting clients. numClients=8 numRequests=11718
04:08:01.296 INF Initilizing clients.
04:08:01.302 INF Registared with discovery server. numOrderers=16 ownClientId=15
04:08:01.302 INF Registared with discovery server. numOrderers=16 ownClientId=18
04:08:01.302 INF Registared with discovery server. numOrderers=16 ownClientId=13
04:08:01.303 INF Registared with discovery server. numOrderers=16 ownClientId=17
04:08:01.303 INF Registared with discovery server. numOrderers=16 ownClientId=35
04:08:01.304 INF Registared with discovery server. numOrderers=16 ownClientId=30
04:08:01.304 INF Registared with discovery server. numOrderers=16 ownClientId=40
04:08:01.304 INF Registared with discovery server. numOrderers=16 ownClientId=45
04:08:01.304 INF Clients initialized.
04:08:01.304 INF Launching clients.
04:08:01.304 INF Waiting for clients.
04:08:18.317 INF Stopping Tracer. events=3148 fileName=experiment-output/0002/slave-001/client-035.trc
zerolog: could not write event: write experiment-output/0002/slave-001/client-035.log: file already closed
zerolog: could not write event: write experiment-output/0002/slave-001/client-035.log: file already closed
zerolog: could not write event: write experiment-output/0002/slave-001/client-035.log: file already closed
zerolog: could not write event: write experiment-output/0002/slave-001/client-035.log: file already closed
04:08:18.323 INF Trace data written.
04:08:18.323 INF Stopping Tracer. events=2998 fileName=experiment-output/0002/slave-001/client-013.trc
04:08:18.323 INF Stopping Tracer. events=3209 fileName=experiment-output/0002/slave-001/client-015.trc
zerolog: could not write event: write experiment-output/0002/slave-001/client-013.log: file already closed
zerolog: could not write event: write experiment-output/0002/slave-001/client-013.log: file already closed
zerolog: could not write event: write experiment-output/0002/slave-001/client-015.log: file already closed
zerolog: could not write event: write experiment-output/0002/slave-001/client-015.log: file already closed
zerolog: could not write event: write experiment-output/0002/slave-001/client-015.log: file already closed
zerolog: could not write event: write experiment-output/0002/slave-001/client-015.log: file already closed
zerolog: could not write event: write experiment-output/0002/slave-001/client-013.log: file already closed
zerolog: could not write event: write experiment-output/0002/slave-001/client-013.log: file already closed
04:08:18.325 INF Stopping Tracer. events=2722 fileName=experiment-output/0002/slave-001/client-018.trc
zerolog: could not write event: write experiment-output/0002/slave-001/client-018.log: file already closed
zerolog: could not write event: write experiment-output/0002/slave-001/client-018.log: file already closed
zerolog: could not write event: write experiment-output/0002/slave-001/client-018.log: file already closed
zerolog: could not write event: write experiment-output/0002/slave-001/client-018.log: file already closed
04:08:18.327 INF Stopping Tracer. events=2749 fileName=experiment-output/0002/slave-001/client-040.trc
04:08:18.327 INF Stopping Tracer. events=2749 fileName=experiment-output/0002/slave-001/client-030.trc
04:08:18.327 INF Stopping Tracer. events=3180 fileName=experiment-output/0002/slave-001/client-045.trc
zerolog: could not write event: write experiment-output/0002/slave-001/client-040.log: file already closed
zerolog: could not write event: write experiment-output/0002/slave-001/client-040.log: file already closed
zerolog: could not write event: write experiment-output/0002/slave-001/client-040.log: file already closed
zerolog: could not write event: write experiment-output/0002/slave-001/client-040.log: file already closed
zerolog: could not write event: write experiment-output/0002/slave-001/client-045.log: file already closed
zerolog: could not write event: write experiment-output/0002/slave-001/client-030.log: file already closed
zerolog: could not write event: write experiment-output/0002/slave-001/client-030.log: file already closed
zerolog: could not write event: write experiment-output/0002/slave-001/client-045.log: file already closed
zerolog: could not write event: write experiment-output/0002/slave-001/client-030.log: file already closed
zerolog: could not write event: write experiment-output/0002/slave-001/client-045.log: file already closed
zerolog: could not write event: write experiment-output/0002/slave-001/client-045.log: file already closed
zerolog: could not write event: write experiment-output/0002/slave-001/client-030.log: file already closed
04:08:18.328 INF Stopping Tracer. events=3115 fileName=experiment-output/0002/slave-001/client-017.trc
zerolog: could not write event: write experiment-output/0002/slave-001/client-017.log: file already closed
zerolog: could not write event: write experiment-output/0002/slave-001/client-017.log: file already closed
zerolog: could not write event: write experiment-output/0002/slave-001/client-017.log: file already closed
zerolog: could not write event: write experiment-output/0002/slave-001/client-017.log: file already closed
04:08:18.331 INF Trace data written.
04:08:18.331 INF Trace data written.
04:08:18.332 INF Trace data written.
04:08:18.333 INF Trace data written.
04:08:18.333 INF Trace data written.
04:08:18.334 INF Trace data written.
04:08:18.335 INF Trace data written.
04:08:18.335 INF Done.
04:08:18.335 INF Stopping profiler.
zerolog: could not write event: write experiment-output/0002/slave-001/client-035.log: file already closed
zerolog: could not write event: write experiment-output/0002/slave-001/client-035.log: file already closed
zerolog: could not write event: write experiment-output/0002/slave-001/client-035.log: file already closed
zerolog: could not write event: write experiment-output/0002/slave-001/client-035.log: file already closed
zerolog: could not write event: write experiment-output/0002/slave-001/client-013.log: file already closed
zerolog: could not write event: write experiment-output/0002/slave-001/client-013.log: file already closed
zerolog: could not write event: write experiment-output/0002/slave-001/client-013.log: file already closed
zerolog: could not write event: write experiment-output/0002/slave-001/client-015.log: file already closed
zerolog: could not write event: write experiment-output/0002/slave-001/client-013.log: file already closed
zerolog: could not write event: write experiment-output/0002/slave-001/client-015.log: file already closed
zerolog: could not write event: write experiment-output/0002/slave-001/client-015.log: file already closed
zerolog: could not write event: write experiment-output/0002/slave-001/client-015.log: file already closed
zerolog: could not write event: write experiment-output/0002/slave-001/client-018.log: file already closed
zerolog: could not write event: write experiment-output/0002/slave-001/client-018.log: file already closed
zerolog: could not write event: write experiment-output/0002/slave-001/client-018.log: file already closed
zerolog: could not write event: write experiment-output/0002/slave-001/client-018.log: file already closed
zerolog: could not write event: write experiment-output/0002/slave-001/client-045.log: file already closed
zerolog: could not write event: write experiment-output/0002/slave-001/client-040.log: file already closed
zerolog: could not write event: write experiment-output/0002/slave-001/client-045.log: file already closed
zerolog: could not write event: write experiment-output/0002/slave-001/client-040.log: file already closed
zerolog: could not write event: write experiment-output/0002/slave-001/client-040.log: file already closed
zerolog: could not write event: write experiment-output/0002/slave-001/client-030.log: file already closed
zerolog: could not write event: write experiment-output/0002/slave-001/client-045.log: file already closed
zerolog: could not write event: write experiment-output/0002/slave-001/client-030.log: file already closed
zerolog: could not write event: write experiment-output/0002/slave-001/client-040.log: file already closed
zerolog: could not write event: write experiment-output/0002/slave-001/client-045.log: file already closed
zerolog: could not write event: write experiment-output/0002/slave-001/client-030.log: file already closed
zerolog: could not write event: write experiment-output/0002/slave-001/client-030.log: file already closed
zerolog: could not write event: write experiment-output/0002/slave-001/client-017.log: file already closed
zerolog: could not write event: write experiment-output/0002/slave-001/client-017.log: file already closed
zerolog: could not write event: write experiment-output/0002/slave-001/client-017.log: file already closed
zerolog: could not write event: write experiment-output/0002/slave-001/client-017.log: file already closed
zerolog: could not write event: write experiment-output/0002/slave-001/client-035.log: file already closed
zerolog: could not write event: write experiment-output/0002/slave-001/client-035.log: file already closed
zerolog: could not write event: write experiment-output/0002/slave-001/client-035.log: file already closed
zerolog: could not write event: write experiment-output/0002/slave-001/client-035.log: file already closed
zerolog: could not write event: write experiment-output/0002/slave-001/client-013.log: file already closed
zerolog: could not write event: write experiment-output/0002/slave-001/client-015.log: file already closed
zerolog: could not write event: write experiment-output/0002/slave-001/client-013.log: file already closed
zerolog: could not write event: write experiment-output/0002/slave-001/client-013.log: file already closed
zerolog: could not write event: write experiment-output/0002/slave-001/client-015.log: file already closed
zerolog: could not write event: write experiment-output/0002/slave-001/client-015.log: file already closed
zerolog: could not write event: write experiment-output/0002/slave-001/client-018.log: file already closed
zerolog: could not write event: write experiment-output/0002/slave-001/client-018.log: file already closed
zerolog: could not write event: write experiment-output/0002/slave-001/client-015.log: file already closed
zerolog: could not write event: write experiment-output/0002/slave-001/client-013.log: file already closed
zerolog: could not write event: write experiment-output/0002/slave-001/client-018.log: file already closed
zerolog: could not write event: write experiment-output/0002/slave-001/client-018.log: file already closed
zerolog: could not write event: write experiment-output/0002/slave-001/client-030.log: file already closed
zerolog: could not write event: write experiment-output/0002/slave-001/client-045.log: file already closed
zerolog: could not write event: write experiment-output/0002/slave-001/client-030.log: file already closed
zerolog: could not write event: write experiment-output/0002/slave-001/client-045.log: file already closed
zerolog: could not write event: write experiment-output/0002/slave-001/client-030.log: file already closed
zerolog: could not write event: write experiment-output/0002/slave-001/client-040.log: file already closed
zerolog: could not write event: write experiment-output/0002/slave-001/client-017.log: file already closed
zerolog: could not write event: write experiment-output/0002/slave-001/client-040.log: file already closed
zerolog: could not write event: write experiment-output/0002/slave-001/client-040.log: file already closed
zerolog: could not write event: write experiment-output/0002/slave-001/client-030.log: file already closed
zerolog: could not write event: write experiment-output/0002/slave-001/client-040.log: file already closed
zerolog: could not write event: write experiment-output/0002/slave-001/client-045.log: file already closed
zerolog: could not write event: write experiment-output/0002/slave-001/client-045.log: file already closed
zerolog: could not write event: write experiment-output/0002/slave-001/client-017.log: file already closed
zerolog: could not write event: write experiment-output/0002/slave-001/client-017.log: file already closed
zerolog: could not write event: write experiment-output/0002/slave-001/client-017.log: file already closed
zerolog: could not write event: write experiment-output/0002/slave-001/client-035.log: file already closed
zerolog: could not write event: write experiment-output/0002/slave-001/client-035.log: file already closed
zerolog: could not write event: write experiment-output/0002/slave-001/client-035.log: file already closed
zerolog: could not write event: write experiment-output/0002/slave-001/client-035.log: file already closed
zerolog: could not write event: write experiment-output/0002/slave-001/client-013.log: file already closed
zerolog: could not write event: write experiment-output/0002/slave-001/client-013.log: file already closed
zerolog: could not write event: write experiment-output/0002/slave-001/client-013.log: file already closed
zerolog: could not write event: write experiment-output/0002/slave-001/client-015.log: file already closed
zerolog: could not write event: write experiment-output/0002/slave-001/client-015.log: file already closed
zerolog: could not write event: write experiment-output/0002/slave-001/client-013.log: file already closed
zerolog: could not write event: write experiment-output/0002/slave-001/client-015.log: file already closed
zerolog: could not write event: write experiment-output/0002/slave-001/client-015.log: file already closed
zerolog: could not write event: write experiment-output/0002/slave-001/client-018.log: file already closed
zerolog: could not write event: write experiment-output/0002/slave-001/client-018.log: file already closed
zerolog: could not write event: write experiment-output/0002/slave-001/client-018.log: file already closed
zerolog: could not write event: write experiment-output/0002/slave-001/client-018.log: file already closed
zerolog: could not write event: write experiment-output/0002/slave-001/client-040.log: file already closed
zerolog: could not write event: write experiment-output/0002/slave-001/client-040.log: file already closed
zerolog: could not write event: write experiment-output/0002/slave-001/client-045.log: file already closed
zerolog: could not write event: write experiment-output/0002/slave-001/client-045.log: file already closed
zerolog: could not write event: write experiment-output/0002/slave-001/client-045.log: file already closed
zerolog: could not write event: write experiment-output/0002/slave-001/client-030.log: file already closed
zerolog: could not write event: write experiment-output/0002/slave-001/client-030.log: file already closed
zerolog: could not write event: write experiment-output/0002/slave-001/client-040.log: file already closed
zerolog: could not write event: write experiment-output/0002/slave-001/client-040.log: file already closed
zerolog: could not write event: write experiment-output/0002/slave-001/client-045.log: file already closed
zerolog: could not write event: write experiment-output/0002/slave-001/client-030.log: file already closed
zerolog: could not write event: write experiment-output/0002/slave-001/client-017.log: file already closed
zerolog: could not write event: write experiment-output/0002/slave-001/client-030.log: file already closed
zerolog: could not write event: write experiment-output/0002/slave-001/client-017.log: file already closed
zerolog: could not write event: write experiment-output/0002/slave-001/client-017.log: file already closed
zerolog: could not write event: write experiment-output/0002/slave-001/client-017.log: file already closed
04:08:18.529 INF Profile data written. filename=experiment-output/0002/slave-001/prof-client.cpu name=cpu
04:08:18.547 INF Profile data written. filename=experiment-output/0002/slave-001/prof-client.block name=block
04:08:18.554 INF Profile data written. filename=experiment-output/0002/slave-001/prof-client.mutex name=mutex
