{"level":"debug","Logging":"info","time":"2023-03-28T09:38:04Z","message":"Config"}
{"level":"debug","UseTLS":false,"time":"2023-03-28T09:38:04Z","message":"Config"}
{"level":"debug","CACertFile":"tls-data/ca.pem","time":"2023-03-28T09:38:04Z","message":"Config"}
{"level":"debug","KeyFile":"tls-data/auth.key","time":"2023-03-28T09:38:04Z","message":"Config"}
{"level":"debug","CertFile":"tls-data/auth.pem","time":"2023-03-28T09:38:04Z","message":"Config"}
{"level":"debug","PriorityConnections":2,"time":"2023-03-28T09:38:04Z","message":"Config"}
{"level":"debug","BasicConnections":1,"time":"2023-03-28T09:38:04Z","message":"Config"}
{"level":"debug","TestConnections":false,"time":"2023-03-28T09:38:04Z","message":"Config"}
{"level":"debug","ExcessConnections":1,"time":"2023-03-28T09:38:04Z","message":"Config"}
{"level":"debug","ConnectionTestMsgs":4,"time":"2023-03-28T09:38:04Z","message":"Config"}
{"level":"debug","ConnectionTestPayload":131072,"time":"2023-03-28T09:38:04Z","message":"Config"}
{"level":"debug","OutMessageBufsize":1024,"time":"2023-03-28T09:38:04Z","message":"Config"}
{"level":"debug","OutMessageBufsize":8,"time":"2023-03-28T09:38:04Z","message":"Config"}
{"level":"debug","ThroughputCap":131072000,"time":"2023-03-28T09:38:04Z","message":"Config"}
{"level":"debug","StragglerTolerance":1000,"time":"2023-03-28T09:38:04Z","message":"Config"}
{"level":"debug","BatchSizeIncrement":256,"time":"2023-03-28T09:38:04Z","message":"Config"}
{"level":"debug","Orderer":"Pbft","time":"2023-03-28T09:38:04Z","message":"Config"}
{"level":"debug","Manager":"Mir","time":"2023-03-28T09:38:04Z","message":"Config"}
{"level":"debug","Failures":0,"time":"2023-03-28T09:38:04Z","message":"Config"}
{"level":"debug","StragglerCnt":0,"time":"2023-03-28T09:38:04Z","message":"Config"}
{"level":"debug","CrashTiming":"Straggler","time":"2023-03-28T09:38:04Z","message":"Config"}
{"level":"debug","CheckpointInterval":512,"time":"2023-03-28T09:38:04Z","message":"Config"}
{"level":"debug","WatermarkWindowSize":512,"time":"2023-03-28T09:38:04Z","message":"Config"}
{"level":"debug","EpochLength":512,"time":"2023-03-28T09:38:04Z","message":"Config"}
{"level":"debug","SegmentLength":16,"time":"2023-03-28T09:38:04Z","message":"Config"}
{"level":"debug","WaitForCheckpoints":true,"time":"2023-03-28T09:38:04Z","message":"Config"}
{"level":"debug","ClientWatermarkWindowSize":16384,"time":"2023-03-28T09:38:04Z","message":"Config"}
{"level":"debug","ClientRequestBacklogSize":16384,"time":"2023-03-28T09:38:04Z","message":"Config"}
{"level":"debug","RandomSeed":25440,"time":"2023-03-28T09:38:04Z","message":"Config"}
{"level":"debug","NodeToLeaderRatio":1,"time":"2023-03-28T09:38:04Z","message":"Config"}
{"level":"debug","LeaderPolicy":"Simple","time":"2023-03-28T09:38:04Z","message":"Config"}
{"level":"debug","DefaultLeaderBan":2,"time":"2023-03-28T09:38:04Z","message":"Config"}
{"level":"debug","NumBuckets":512,"time":"2023-03-28T09:38:04Z","message":"Config"}
{"level":"debug","BatchSize":1000,"time":"2023-03-28T09:38:04Z","message":"Config"}
{"level":"debug","DisabledViewChange":false,"time":"2023-03-28T09:38:04Z","message":"Config"}
{"level":"debug","ViewChangeTimeout":60000,"time":"2023-03-28T09:38:04Z","message":"Config"}
{"level":"debug","ClientTraceSampling":10,"time":"2023-03-28T09:38:04Z","message":"Config"}
{"level":"debug","EventBufferSize":2097152,"time":"2023-03-28T09:38:04Z","message":"Config"}
{"level":"debug","TraceSampling":1,"time":"2023-03-28T09:38:04Z","message":"Config"}
{"level":"debug","ClientsPerProcess":8,"time":"2023-03-28T09:38:04Z","message":"Config"}
{"level":"debug","RequestsPerClient":2929,"time":"2023-03-28T09:38:04Z","message":"Config"}
{"level":"debug","ClientRunTime":15000,"time":"2023-03-28T09:38:04Z","message":"Config"}
{"level":"debug","RequestRate":97,"time":"2023-03-28T09:38:04Z","message":"Config"}
{"level":"debug","HardRequestRateLimit":false,"time":"2023-03-28T09:38:04Z","message":"Config"}
{"level":"debug","RequestPayloadSize":500,"time":"2023-03-28T09:38:04Z","message":"Config"}
{"level":"debug","SignRequests":true,"time":"2023-03-28T09:38:04Z","message":"Config"}
{"level":"debug","ClientPrivKeyFile":"tls-data/client-ecdsa-256.key","time":"2023-03-28T09:38:04Z","message":"Config"}
{"level":"debug","ClientPubKeyFile":"tls-data/client-ecdsa-256.pem","time":"2023-03-28T09:38:04Z","message":"Config"}
{"level":"debug","PrecomputeRequests":false,"time":"2023-03-28T09:38:04Z","message":"Config"}
{"level":"debug","RequestHandlerThreads":32,"time":"2023-03-28T09:38:04Z","message":"Config"}
{"level":"debug","RequestInputChannelBuffer":8192,"time":"2023-03-28T09:38:04Z","message":"Config"}
{"level":"debug","BatchVerifier":"external","time":"2023-03-28T09:38:04Z","message":"Config"}
09:38:04.003 INF Started Profiler: CPU
09:38:04.003 INF Started Profiler: BLOCK
09:38:04.003 INF Started Profiler: MUTEX
09:38:04.003 INF Starting clients. numClients=8 numRequests=2929
09:38:04.003 INF Initilizing clients.
09:38:04.284 INF Registared with discovery server. numOrderers=32 ownClientId=100
09:38:04.285 INF Registared with discovery server. numOrderers=32 ownClientId=108
09:38:04.285 INF Registared with discovery server. numOrderers=32 ownClientId=117
09:38:04.285 INF Registared with discovery server. numOrderers=32 ownClientId=106
09:38:04.285 INF Registared with discovery server. numOrderers=32 ownClientId=103
09:38:04.285 INF Registared with discovery server. numOrderers=32 ownClientId=115
09:38:04.285 INF Registared with discovery server. numOrderers=32 ownClientId=116
09:38:04.285 INF Registared with discovery server. numOrderers=32 ownClientId=126
09:38:04.285 INF Clients initialized.
09:38:04.285 INF Launching clients.
09:38:04.285 INF Waiting for clients.
09:38:23.751 INF Stopping Tracer. events=781 fileName=experiment-output/0004/slave-048/client-117.trc
zerolog: could not write event: write experiment-output/0004/slave-048/client-117.log: file already closed
zerolog: could not write event: write experiment-output/0004/slave-048/client-117.log: file already closed
zerolog: could not write event: write experiment-output/0004/slave-048/client-117.log: file already closed
zerolog: could not write event: write experiment-output/0004/slave-048/client-117.log: file already closed
zerolog: could not write event: write experiment-output/0004/slave-048/client-117.log: file already closed
zerolog: could not write event: write experiment-output/0004/slave-048/client-117.log: file already closed
zerolog: could not write event: write experiment-output/0004/slave-048/client-117.log: file already closed
zerolog: could not write event: write experiment-output/0004/slave-048/client-117.log: file already closed
09:38:23.752 INF Trace data written.
09:38:23.757 INF Stopping Tracer. events=589 fileName=experiment-output/0004/slave-048/client-108.trc
zerolog: could not write event: write experiment-output/0004/slave-048/client-108.log: file already closed
zerolog: could not write event: write experiment-output/0004/slave-048/client-108.log: file already closed
zerolog: could not write event: write experiment-output/0004/slave-048/client-108.log: file already closed
09:38:23.757 INF Stopping Tracer. events=876 fileName=experiment-output/0004/slave-048/client-103.trc
zerolog: could not write event: write experiment-output/0004/slave-048/client-108.log: file already closed
zerolog: could not write event: write experiment-output/0004/slave-048/client-108.log: file already closed
zerolog: could not write event: write experiment-output/0004/slave-048/client-108.log: file already closed
zerolog: could not write event: write experiment-output/0004/slave-048/client-108.log: file already closed
zerolog: could not write event: write experiment-output/0004/slave-048/client-108.log: file already closed
zerolog: could not write event: write experiment-output/0004/slave-048/client-103.log: file already closed
zerolog: could not write event: write experiment-output/0004/slave-048/client-103.log: file already closed
zerolog: could not write event: write experiment-output/0004/slave-048/client-103.log: file already closed
zerolog: could not write event: write experiment-output/0004/slave-048/client-103.log: file already closed
zerolog: could not write event: write experiment-output/0004/slave-048/client-103.log: file already closed
zerolog: could not write event: write experiment-output/0004/slave-048/client-103.log: file already closed
zerolog: could not write event: write experiment-output/0004/slave-048/client-103.log: file already closed
zerolog: could not write event: write experiment-output/0004/slave-048/client-103.log: file already closed
09:38:23.759 INF Trace data written.
09:38:23.759 INF Trace data written.
09:38:23.761 INF Stopping Tracer. events=591 fileName=experiment-output/0004/slave-048/client-116.trc
zerolog: could not write event: write experiment-output/0004/slave-048/client-116.log: file already closed
zerolog: could not write event: write experiment-output/0004/slave-048/client-116.log: file already closed
zerolog: could not write event: write experiment-output/0004/slave-048/client-116.log: file already closed
zerolog: could not write event: write experiment-output/0004/slave-048/client-116.log: file already closed
zerolog: could not write event: write experiment-output/0004/slave-048/client-116.log: file already closed
zerolog: could not write event: write experiment-output/0004/slave-048/client-116.log: file already closed
zerolog: could not write event: write experiment-output/0004/slave-048/client-116.log: file already closed
zerolog: could not write event: write experiment-output/0004/slave-048/client-116.log: file already closed
09:38:23.762 INF Trace data written.
09:38:23.766 INF Stopping Tracer. events=588 fileName=experiment-output/0004/slave-048/client-126.trc
zerolog: could not write event: write experiment-output/0004/slave-048/client-126.log: file already closed
zerolog: could not write event: write experiment-output/0004/slave-048/client-126.log: file already closed
zerolog: could not write event: write experiment-output/0004/slave-048/client-126.log: file already closed
zerolog: could not write event: write experiment-output/0004/slave-048/client-126.log: file already closed
zerolog: could not write event: write experiment-output/0004/slave-048/client-126.log: file already closed
zerolog: could not write event: write experiment-output/0004/slave-048/client-126.log: file already closed
zerolog: could not write event: write experiment-output/0004/slave-048/client-126.log: file already closed
zerolog: could not write event: write experiment-output/0004/slave-048/client-126.log: file already closed
09:38:23.767 INF Trace data written.
09:38:23.768 INF Stopping Tracer. events=762 fileName=experiment-output/0004/slave-048/client-115.trc
zerolog: could not write event: write experiment-output/0004/slave-048/client-115.log: file already closed
zerolog: could not write event: write experiment-output/0004/slave-048/client-115.log: file already closed
zerolog: could not write event: write experiment-output/0004/slave-048/client-115.log: file already closed
zerolog: could not write event: write experiment-output/0004/slave-048/client-115.log: file already closed
zerolog: could not write event: write experiment-output/0004/slave-048/client-115.log: file already closed
zerolog: could not write event: write experiment-output/0004/slave-048/client-115.log: file already closed
zerolog: could not write event: write experiment-output/0004/slave-048/client-115.log: file already closed
zerolog: could not write event: write experiment-output/0004/slave-048/client-115.log: file already closed
09:38:23.770 INF Trace data written.
09:38:23.773 INF Stopping Tracer. events=591 fileName=experiment-output/0004/slave-048/client-106.trc
zerolog: could not write event: write experiment-output/0004/slave-048/client-106.log: file already closed
zerolog: could not write event: write experiment-output/0004/slave-048/client-106.log: file already closed
zerolog: could not write event: write experiment-output/0004/slave-048/client-106.log: file already closed
zerolog: could not write event: write experiment-output/0004/slave-048/client-106.log: file already closed
zerolog: could not write event: write experiment-output/0004/slave-048/client-106.log: file already closed
zerolog: could not write event: write experiment-output/0004/slave-048/client-106.log: file already closed
zerolog: could not write event: write experiment-output/0004/slave-048/client-106.log: file already closed
zerolog: could not write event: write experiment-output/0004/slave-048/client-106.log: file already closed
09:38:23.774 INF Trace data written.
09:38:23.777 INF Stopping Tracer. events=588 fileName=experiment-output/0004/slave-048/client-100.trc
zerolog: could not write event: write experiment-output/0004/slave-048/client-100.log: file already closed
zerolog: could not write event: write experiment-output/0004/slave-048/client-100.log: file already closed
zerolog: could not write event: write experiment-output/0004/slave-048/client-100.log: file already closed
zerolog: could not write event: write experiment-output/0004/slave-048/client-100.log: file already closed
zerolog: could not write event: write experiment-output/0004/slave-048/client-100.log: file already closed
zerolog: could not write event: write experiment-output/0004/slave-048/client-100.log: file already closed
zerolog: could not write event: write experiment-output/0004/slave-048/client-100.log: file already closed
zerolog: could not write event: write experiment-output/0004/slave-048/client-100.log: file already closed
09:38:23.779 INF Trace data written.
09:38:23.779 INF Done.
09:38:23.779 INF Stopping profiler.
09:38:23.802 INF Profile data written. filename=experiment-output/0004/slave-048/prof-client.block name=block
09:38:23.809 INF Profile data written. filename=experiment-output/0004/slave-048/prof-client.mutex name=mutex
zerolog: could not write event: write experiment-output/0004/slave-048/client-117.log: file already closed
zerolog: could not write event: write experiment-output/0004/slave-048/client-117.log: file already closed
zerolog: could not write event: write experiment-output/0004/slave-048/client-117.log: file already closed
zerolog: could not write event: write experiment-output/0004/slave-048/client-117.log: file already closed
zerolog: could not write event: write experiment-output/0004/slave-048/client-117.log: file already closed
zerolog: could not write event: write experiment-output/0004/slave-048/client-117.log: file already closed
zerolog: could not write event: write experiment-output/0004/slave-048/client-117.log: file already closed
zerolog: could not write event: write experiment-output/0004/slave-048/client-117.log: file already closed
zerolog: could not write event: write experiment-output/0004/slave-048/client-108.log: file already closed
zerolog: could not write event: write experiment-output/0004/slave-048/client-108.log: file already closed
zerolog: could not write event: write experiment-output/0004/slave-048/client-108.log: file already closed
zerolog: could not write event: write experiment-output/0004/slave-048/client-108.log: file already closed
zerolog: could not write event: write experiment-output/0004/slave-048/client-108.log: file already closed
zerolog: could not write event: write experiment-output/0004/slave-048/client-108.log: file already closed
zerolog: could not write event: write experiment-output/0004/slave-048/client-108.log: file already closed
zerolog: could not write event: write experiment-output/0004/slave-048/client-103.log: file already closed
zerolog: could not write event: write experiment-output/0004/slave-048/client-108.log: file already closed
zerolog: could not write event: write experiment-output/0004/slave-048/client-103.log: file already closed
zerolog: could not write event: write experiment-output/0004/slave-048/client-103.log: file already closed
zerolog: could not write event: write experiment-output/0004/slave-048/client-103.log: file already closed
zerolog: could not write event: write experiment-output/0004/slave-048/client-103.log: file already closed
zerolog: could not write event: write experiment-output/0004/slave-048/client-103.log: file already closed
zerolog: could not write event: write experiment-output/0004/slave-048/client-103.log: file already closed
zerolog: could not write event: write experiment-output/0004/slave-048/client-103.log: file already closed
zerolog: could not write event: write experiment-output/0004/slave-048/client-116.log: file already closed
zerolog: could not write event: write experiment-output/0004/slave-048/client-116.log: file already closed
zerolog: could not write event: write experiment-output/0004/slave-048/client-116.log: file already closed
zerolog: could not write event: write experiment-output/0004/slave-048/client-116.log: file already closed
zerolog: could not write event: write experiment-output/0004/slave-048/client-116.log: file already closed
zerolog: could not write event: write experiment-output/0004/slave-048/client-116.log: file already closed
zerolog: could not write event: write experiment-output/0004/slave-048/client-116.log: file already closed
zerolog: could not write event: write experiment-output/0004/slave-048/client-116.log: file already closed
zerolog: could not write event: write experiment-output/0004/slave-048/client-126.log: file already closed
zerolog: could not write event: write experiment-output/0004/slave-048/client-126.log: file already closed
zerolog: could not write event: write experiment-output/0004/slave-048/client-126.log: file already closed
zerolog: could not write event: write experiment-output/0004/slave-048/client-126.log: file already closed
zerolog: could not write event: write experiment-output/0004/slave-048/client-126.log: file already closed
zerolog: could not write event: write experiment-output/0004/slave-048/client-126.log: file already closed
zerolog: could not write event: write experiment-output/0004/slave-048/client-126.log: file already closed
zerolog: could not write event: write experiment-output/0004/slave-048/client-126.log: file already closed
zerolog: could not write event: write experiment-output/0004/slave-048/client-115.log: file already closed
zerolog: could not write event: write experiment-output/0004/slave-048/client-115.log: file already closed
zerolog: could not write event: write experiment-output/0004/slave-048/client-115.log: file already closed
zerolog: could not write event: write experiment-output/0004/slave-048/client-115.log: file already closed
zerolog: could not write event: write experiment-output/0004/slave-048/client-115.log: file already closed
zerolog: could not write event: write experiment-output/0004/slave-048/client-115.log: file already closed
zerolog: could not write event: write experiment-output/0004/slave-048/client-115.log: file already closed
zerolog: could not write event: write experiment-output/0004/slave-048/client-115.log: file already closed
zerolog: could not write event: write experiment-output/0004/slave-048/client-106.log: file already closed
zerolog: could not write event: write experiment-output/0004/slave-048/client-106.log: file already closed
zerolog: could not write event: write experiment-output/0004/slave-048/client-106.log: file already closed
zerolog: could not write event: write experiment-output/0004/slave-048/client-106.log: file already closed
zerolog: could not write event: write experiment-output/0004/slave-048/client-106.log: file already closed
zerolog: could not write event: write experiment-output/0004/slave-048/client-106.log: file already closed
zerolog: could not write event: write experiment-output/0004/slave-048/client-106.log: file already closed
zerolog: could not write event: write experiment-output/0004/slave-048/client-106.log: file already closed
zerolog: could not write event: write experiment-output/0004/slave-048/client-100.log: file already closed
zerolog: could not write event: write experiment-output/0004/slave-048/client-100.log: file already closed
zerolog: could not write event: write experiment-output/0004/slave-048/client-100.log: file already closed
zerolog: could not write event: write experiment-output/0004/slave-048/client-100.log: file already closed
zerolog: could not write event: write experiment-output/0004/slave-048/client-100.log: file already closed
zerolog: could not write event: write experiment-output/0004/slave-048/client-100.log: file already closed
zerolog: could not write event: write experiment-output/0004/slave-048/client-100.log: file already closed
zerolog: could not write event: write experiment-output/0004/slave-048/client-100.log: file already closed
09:38:23.963 INF Profile data written. filename=experiment-output/0004/slave-048/prof-client.cpu name=cpu
