{"level":"debug","Logging":"info","time":"2023-07-11T07:39:55Z","message":"Config"}
{"level":"debug","UseTLS":false,"time":"2023-07-11T07:39:55Z","message":"Config"}
{"level":"debug","CACertFile":"tls-data/ca.pem","time":"2023-07-11T07:39:55Z","message":"Config"}
{"level":"debug","KeyFile":"tls-data/auth.key","time":"2023-07-11T07:39:55Z","message":"Config"}
{"level":"debug","CertFile":"tls-data/auth.pem","time":"2023-07-11T07:39:55Z","message":"Config"}
{"level":"debug","PriorityConnections":2,"time":"2023-07-11T07:39:55Z","message":"Config"}
{"level":"debug","BasicConnections":1,"time":"2023-07-11T07:39:55Z","message":"Config"}
{"level":"debug","TestConnections":false,"time":"2023-07-11T07:39:55Z","message":"Config"}
{"level":"debug","ExcessConnections":1,"time":"2023-07-11T07:39:55Z","message":"Config"}
{"level":"debug","ConnectionTestMsgs":4,"time":"2023-07-11T07:39:55Z","message":"Config"}
{"level":"debug","ConnectionTestPayload":131072,"time":"2023-07-11T07:39:55Z","message":"Config"}
{"level":"debug","OutMessageBufsize":1024,"time":"2023-07-11T07:39:55Z","message":"Config"}
{"level":"debug","OutMessageBufsize":16,"time":"2023-07-11T07:39:55Z","message":"Config"}
{"level":"debug","ThroughputCap":131072000,"time":"2023-07-11T07:39:55Z","message":"Config"}
{"level":"debug","StragglerTolerance":1000,"time":"2023-07-11T07:39:55Z","message":"Config"}
{"level":"debug","BatchSizeIncrement":256,"time":"2023-07-11T07:39:55Z","message":"Config"}
{"level":"debug","Orderer":"Pbft","time":"2023-07-11T07:39:55Z","message":"Config"}
{"level":"debug","Manager":"Mir","time":"2023-07-11T07:39:55Z","message":"Config"}
{"level":"debug","Failures":0,"time":"2023-07-11T07:39:55Z","message":"Config"}
{"level":"debug","StragglerCnt":0,"time":"2023-07-11T07:39:55Z","message":"Config"}
{"level":"debug","CrashTiming":"Straggler","time":"2023-07-11T07:39:55Z","message":"Config"}
{"level":"debug","CheckpointInterval":2048,"time":"2023-07-11T07:39:55Z","message":"Config"}
{"level":"debug","WatermarkWindowSize":2048,"time":"2023-07-11T07:39:55Z","message":"Config"}
{"level":"debug","EpochLength":2048,"time":"2023-07-11T07:39:55Z","message":"Config"}
{"level":"debug","SegmentLength":32,"time":"2023-07-11T07:39:55Z","message":"Config"}
{"level":"debug","WaitForCheckpoints":true,"time":"2023-07-11T07:39:55Z","message":"Config"}
{"level":"debug","ClientWatermarkWindowSize":49152,"time":"2023-07-11T07:39:55Z","message":"Config"}
{"level":"debug","ClientRequestBacklogSize":49152,"time":"2023-07-11T07:39:55Z","message":"Config"}
{"level":"debug","RandomSeed":20617,"time":"2023-07-11T07:39:55Z","message":"Config"}
{"level":"debug","NodeToLeaderRatio":1,"time":"2023-07-11T07:39:55Z","message":"Config"}
{"level":"debug","LeaderPolicy":"Simple","time":"2023-07-11T07:39:55Z","message":"Config"}
{"level":"debug","DefaultLeaderBan":2,"time":"2023-07-11T07:39:55Z","message":"Config"}
{"level":"debug","NumBuckets":1024,"time":"2023-07-11T07:39:55Z","message":"Config"}
{"level":"debug","BatchSize":8000,"time":"2023-07-11T07:39:55Z","message":"Config"}
{"level":"debug","DisabledViewChange":false,"time":"2023-07-11T07:39:55Z","message":"Config"}
{"level":"debug","ViewChangeTimeout":60000,"time":"2023-07-11T07:39:55Z","message":"Config"}
{"level":"debug","ClientTraceSampling":10,"time":"2023-07-11T07:39:55Z","message":"Config"}
{"level":"debug","EventBufferSize":2097152,"time":"2023-07-11T07:39:55Z","message":"Config"}
{"level":"debug","TraceSampling":1,"time":"2023-07-11T07:39:55Z","message":"Config"}
{"level":"debug","ClientsPerProcess":8,"time":"2023-07-11T07:39:55Z","message":"Config"}
{"level":"debug","RequestsPerClient":3515,"time":"2023-07-11T07:39:55Z","message":"Config"}
{"level":"debug","ClientRunTime":15000,"time":"2023-07-11T07:39:55Z","message":"Config"}
{"level":"debug","RequestRate":117,"time":"2023-07-11T07:39:55Z","message":"Config"}
{"level":"debug","HardRequestRateLimit":false,"time":"2023-07-11T07:39:55Z","message":"Config"}
{"level":"debug","RequestPayloadSize":500,"time":"2023-07-11T07:39:55Z","message":"Config"}
{"level":"debug","SignRequests":true,"time":"2023-07-11T07:39:55Z","message":"Config"}
{"level":"debug","ClientPrivKeyFile":"tls-data/client-ecdsa-256.key","time":"2023-07-11T07:39:55Z","message":"Config"}
{"level":"debug","ClientPubKeyFile":"tls-data/client-ecdsa-256.pem","time":"2023-07-11T07:39:55Z","message":"Config"}
{"level":"debug","PrecomputeRequests":false,"time":"2023-07-11T07:39:55Z","message":"Config"}
{"level":"debug","RequestHandlerThreads":32,"time":"2023-07-11T07:39:55Z","message":"Config"}
{"level":"debug","RequestInputChannelBuffer":8192,"time":"2023-07-11T07:39:55Z","message":"Config"}
{"level":"debug","BatchVerifier":"external","time":"2023-07-11T07:39:55Z","message":"Config"}
07:39:55.436 INF Started Profiler: CPU
07:39:55.436 INF Started Profiler: BLOCK
07:39:55.436 INF Started Profiler: MUTEX
07:39:55.436 INF Starting clients. numClients=8 numRequests=3515
07:39:55.436 INF Initilizing clients.
07:39:55.723 INF Registared with discovery server. numOrderers=64 ownClientId=78
07:39:55.728 INF Registared with discovery server. numOrderers=64 ownClientId=93
07:39:55.739 INF Registared with discovery server. numOrderers=64 ownClientId=102
07:39:55.742 INF Registared with discovery server. numOrderers=64 ownClientId=124
07:39:55.768 INF Registared with discovery server. numOrderers=64 ownClientId=207
07:39:55.780 INF Registared with discovery server. numOrderers=64 ownClientId=198
07:39:55.785 INF Registared with discovery server. numOrderers=64 ownClientId=212
07:39:55.800 INF Registared with discovery server. numOrderers=64 ownClientId=238
07:39:55.800 INF Clients initialized.
07:39:55.800 INF Launching clients.
07:39:55.800 INF Waiting for clients.
07:40:20.440 INF Stopping Tracer. events=715 fileName=experiment-output/0000/slave-077/client-102.trc
07:40:20.442 INF Trace data written.
07:40:20.443 INF Stopping Tracer. events=1543 fileName=experiment-output/0000/slave-077/client-093.trc
07:40:20.446 INF Trace data written.
07:40:20.472 INF Stopping Tracer. events=714 fileName=experiment-output/0000/slave-077/client-238.trc
07:40:20.473 INF Trace data written.
07:40:20.491 INF Stopping Tracer. events=839 fileName=experiment-output/0000/slave-077/client-207.trc
07:40:20.492 INF Trace data written.
07:40:20.500 INF Stopping Tracer. events=711 fileName=experiment-output/0000/slave-077/client-078.trc
07:40:20.501 INF Trace data written.
zerolog: could not write event: write experiment-output/0000/slave-077/client-093.log: file already closed
zerolog: could not write event: write experiment-output/0000/slave-077/client-102.log: file already closed
zerolog: could not write event: write experiment-output/0000/slave-077/client-093.log: file already closed
zerolog: could not write event: write experiment-output/0000/slave-077/client-102.log: file already closed
zerolog: could not write event: write experiment-output/0000/slave-077/client-093.log: file already closed
zerolog: could not write event: write experiment-output/0000/slave-077/client-093.log: file already closed
zerolog: could not write event: write experiment-output/0000/slave-077/client-093.log: file already closed
zerolog: could not write event: write experiment-output/0000/slave-077/client-102.log: file already closed
zerolog: could not write event: write experiment-output/0000/slave-077/client-102.log: file already closed
zerolog: could not write event: write experiment-output/0000/slave-077/client-093.log: file already closed
zerolog: could not write event: write experiment-output/0000/slave-077/client-093.log: file already closed
zerolog: could not write event: write experiment-output/0000/slave-077/client-102.log: file already closed
zerolog: could not write event: write experiment-output/0000/slave-077/client-093.log: file already closed
zerolog: could not write event: write experiment-output/0000/slave-077/client-102.log: file already closed
zerolog: could not write event: write experiment-output/0000/slave-077/client-102.log: file already closed
zerolog: could not write event: write experiment-output/0000/slave-077/client-093.log: file already closed
zerolog: could not write event: write experiment-output/0000/slave-077/client-102.log: file already closed
zerolog: could not write event: write experiment-output/0000/slave-077/client-093.log: file already closed
zerolog: could not write event: write experiment-output/0000/slave-077/client-102.log: file already closed
zerolog: could not write event: write experiment-output/0000/slave-077/client-102.log: file already closed
zerolog: could not write event: write experiment-output/0000/slave-077/client-102.log: file already closed
zerolog: could not write event: write experiment-output/0000/slave-077/client-102.log: file already closed
zerolog: could not write event: write experiment-output/0000/slave-077/client-093.log: file already closed
zerolog: could not write event: write experiment-output/0000/slave-077/client-102.log: file already closed
zerolog: could not write event: write experiment-output/0000/slave-077/client-102.log: file already closed
07:40:20.536 INF Stopping Tracer. events=713 fileName=experiment-output/0000/slave-077/client-212.trc
zerolog: could not write event: write experiment-output/0000/slave-077/client-102.log: file already closed
zerolog: could not write event: write experiment-output/0000/slave-077/client-093.log: file already closed
zerolog: could not write event: write experiment-output/0000/slave-077/client-093.log: file already closed
zerolog: could not write event: write experiment-output/0000/slave-077/client-102.log: file already closed
zerolog: could not write event: write experiment-output/0000/slave-077/client-102.log: file already closed
07:40:20.538 INF Trace data written.
zerolog: could not write event: write experiment-output/0000/slave-077/client-093.log: file already closed
zerolog: could not write event: write experiment-output/0000/slave-077/client-102.log: file already closed
zerolog: could not write event: write experiment-output/0000/slave-077/client-102.log: file already closed
zerolog: could not write event: write experiment-output/0000/slave-077/client-093.log: file already closed
zerolog: could not write event: write experiment-output/0000/slave-077/client-102.log: file already closed
zerolog: could not write event: write experiment-output/0000/slave-077/client-093.log: file already closed
zerolog: could not write event: write experiment-output/0000/slave-077/client-093.log: file already closed
zerolog: could not write event: write experiment-output/0000/slave-077/client-093.log: file already closed
zerolog: could not write event: write experiment-output/0000/slave-077/client-102.log: file already closed
zerolog: could not write event: write experiment-output/0000/slave-077/client-238.log: file already closed
zerolog: could not write event: write experiment-output/0000/slave-077/client-102.log: file already closed
zerolog: could not write event: write experiment-output/0000/slave-077/client-093.log: file already closed
zerolog: could not write event: write experiment-output/0000/slave-077/client-093.log: file already closed
zerolog: could not write event: write experiment-output/0000/slave-077/client-093.log: file already closed
zerolog: could not write event: write experiment-output/0000/slave-077/client-102.log: file already closed
zerolog: could not write event: write experiment-output/0000/slave-077/client-093.log: file already closed
zerolog: could not write event: write experiment-output/0000/slave-077/client-093.log: file already closed
07:40:20.545 INF Stopping Tracer. events=713 fileName=experiment-output/0000/slave-077/client-124.trc
zerolog: could not write event: write experiment-output/0000/slave-077/client-102.log: file already closed
zerolog: could not write event: write experiment-output/0000/slave-077/client-093.log: file already closed
zerolog: could not write event: write experiment-output/0000/slave-077/client-238.log: file already closed
zerolog: could not write event: write experiment-output/0000/slave-077/client-102.log: file already closed
zerolog: could not write event: write experiment-output/0000/slave-077/client-093.log: file already closed
zerolog: could not write event: write experiment-output/0000/slave-077/client-093.log: file already closed
zerolog: could not write event: write experiment-output/0000/slave-077/client-102.log: file already closed
zerolog: could not write event: write experiment-output/0000/slave-077/client-093.log: file already closed
zerolog: could not write event: write experiment-output/0000/slave-077/client-093.log: file already closed
07:40:20.546 INF Trace data written.
zerolog: could not write event: write experiment-output/0000/slave-077/client-093.log: file already closed
zerolog: could not write event: write experiment-output/0000/slave-077/client-093.log: file already closed
zerolog: could not write event: write experiment-output/0000/slave-077/client-102.log: file already closed
zerolog: could not write event: write experiment-output/0000/slave-077/client-102.log: file already closed
zerolog: could not write event: write experiment-output/0000/slave-077/client-102.log: file already closed
zerolog: could not write event: write experiment-output/0000/slave-077/client-102.log: file already closed
zerolog: could not write event: write experiment-output/0000/slave-077/client-102.log: file already closed
zerolog: could not write event: write experiment-output/0000/slave-077/client-093.log: file already closed
zerolog: could not write event: write experiment-output/0000/slave-077/client-102.log: file already closed
zerolog: could not write event: write experiment-output/0000/slave-077/client-102.log: file already closed
zerolog: could not write event: write experiment-output/0000/slave-077/client-238.log: file already closed
zerolog: could not write event: write experiment-output/0000/slave-077/client-093.log: file already closed
zerolog: could not write event: write experiment-output/0000/slave-077/client-093.log: file already closed
zerolog: could not write event: write experiment-output/0000/slave-077/client-093.log: file already closed
zerolog: could not write event: write experiment-output/0000/slave-077/client-093.log: file already closed
zerolog: could not write event: write experiment-output/0000/slave-077/client-102.log: file already closed
zerolog: could not write event: write experiment-output/0000/slave-077/client-093.log: file already closed
zerolog: could not write event: write experiment-output/0000/slave-077/client-102.log: file already closed
zerolog: could not write event: write experiment-output/0000/slave-077/client-093.log: file already closed
zerolog: could not write event: write experiment-output/0000/slave-077/client-102.log: file already closed
zerolog: could not write event: write experiment-output/0000/slave-077/client-102.log: file already closed
zerolog: could not write event: write experiment-output/0000/slave-077/client-238.log: file already closed
zerolog: could not write event: write experiment-output/0000/slave-077/client-093.log: file already closed
zerolog: could not write event: write experiment-output/0000/slave-077/client-093.log: file already closed
zerolog: could not write event: write experiment-output/0000/slave-077/client-093.log: file already closed
zerolog: could not write event: write experiment-output/0000/slave-077/client-093.log: file already closed
zerolog: could not write event: write experiment-output/0000/slave-077/client-102.log: file already closed
zerolog: could not write event: write experiment-output/0000/slave-077/client-093.log: file already closed
zerolog: could not write event: write experiment-output/0000/slave-077/client-238.log: file already closed
zerolog: could not write event: write experiment-output/0000/slave-077/client-102.log: file already closed
zerolog: could not write event: write experiment-output/0000/slave-077/client-093.log: file already closed
zerolog: could not write event: write experiment-output/0000/slave-077/client-238.log: file already closed
zerolog: could not write event: write experiment-output/0000/slave-077/client-093.log: file already closed
zerolog: could not write event: write experiment-output/0000/slave-077/client-238.log: file already closed
zerolog: could not write event: write experiment-output/0000/slave-077/client-093.log: file already closed
zerolog: could not write event: write experiment-output/0000/slave-077/client-102.log: file already closed
zerolog: could not write event: write experiment-output/0000/slave-077/client-238.log: file already closed
zerolog: could not write event: write experiment-output/0000/slave-077/client-102.log: file already closed
zerolog: could not write event: write experiment-output/0000/slave-077/client-093.log: file already closed
zerolog: could not write event: write experiment-output/0000/slave-077/client-093.log: file already closed
zerolog: could not write event: write experiment-output/0000/slave-077/client-102.log: file already closed
zerolog: could not write event: write experiment-output/0000/slave-077/client-238.log: file already closed
zerolog: could not write event: write experiment-output/0000/slave-077/client-093.log: file already closed
zerolog: could not write event: write experiment-output/0000/slave-077/client-093.log: file already closed
zerolog: could not write event: write experiment-output/0000/slave-077/client-102.log: file already closed
zerolog: could not write event: write experiment-output/0000/slave-077/client-102.log: file already closed
zerolog: could not write event: write experiment-output/0000/slave-077/client-102.log: file already closed
zerolog: could not write event: write experiment-output/0000/slave-077/client-102.log: file already closed
zerolog: could not write event: write experiment-output/0000/slave-077/client-238.log: file already closed
zerolog: could not write event: write experiment-output/0000/slave-077/client-102.log: file already closed
zerolog: could not write event: write experiment-output/0000/slave-077/client-102.log: file already closed
zerolog: could not write event: write experiment-output/0000/slave-077/client-093.log: file already closed
zerolog: could not write event: write experiment-output/0000/slave-077/client-102.log: file already closed
zerolog: could not write event: write experiment-output/0000/slave-077/client-102.log: file already closed
zerolog: could not write event: write experiment-output/0000/slave-077/client-102.log: file already closed
zerolog: could not write event: write experiment-output/0000/slave-077/client-102.log: file already closed
zerolog: could not write event: write experiment-output/0000/slave-077/client-093.log: file already closed
zerolog: could not write event: write experiment-output/0000/slave-077/client-102.log: file already closed
zerolog: could not write event: write experiment-output/0000/slave-077/client-093.log: file already closed
zerolog: could not write event: write experiment-output/0000/slave-077/client-238.log: file already closed
zerolog: could not write event: write experiment-output/0000/slave-077/client-238.log: file already closed
zerolog: could not write event: write experiment-output/0000/slave-077/client-238.log: file already closed
zerolog: could not write event: write experiment-output/0000/slave-077/client-238.log: file already closed
zerolog: could not write event: write experiment-output/0000/slave-077/client-102.log: file already closed
zerolog: could not write event: write experiment-output/0000/slave-077/client-238.log: file already closed
zerolog: could not write event: write experiment-output/0000/slave-077/client-093.log: file already closed
zerolog: could not write event: write experiment-output/0000/slave-077/client-238.log: file already closed
zerolog: could not write event: write experiment-output/0000/slave-077/client-093.log: file already closed
zerolog: could not write event: write experiment-output/0000/slave-077/client-238.log: file already closed
zerolog: could not write event: write experiment-output/0000/slave-077/client-093.log: file already closed
zerolog: could not write event: write experiment-output/0000/slave-077/client-102.log: file already closed
zerolog: could not write event: write experiment-output/0000/slave-077/client-093.log: file already closed
zerolog: could not write event: write experiment-output/0000/slave-077/client-238.log: file already closed
zerolog: could not write event: write experiment-output/0000/slave-077/client-093.log: file already closed
zerolog: could not write event: write experiment-output/0000/slave-077/client-238.log: file already closed
07:40:20.567 INF Stopping Tracer. events=717 fileName=experiment-output/0000/slave-077/client-198.trc
zerolog: could not write event: write experiment-output/0000/slave-077/client-102.log: file already closed
zerolog: could not write event: write experiment-output/0000/slave-077/client-207.log: file already closed
07:40:20.568 INF Trace data written.
07:40:20.568 INF Done.
07:40:20.568 INF Stopping profiler.
zerolog: could not write event: write experiment-output/0000/slave-077/client-238.log: file already closed
zerolog: could not write event: write experiment-output/0000/slave-077/client-093.log: file already closed
zerolog: could not write event: write experiment-output/0000/slave-077/client-238.log: file already closed
zerolog: could not write event: write experiment-output/0000/slave-077/client-102.log: file already closed
zerolog: could not write event: write experiment-output/0000/slave-077/client-093.log: file already closed
zerolog: could not write event: write experiment-output/0000/slave-077/client-238.log: file already closed
zerolog: could not write event: write experiment-output/0000/slave-077/client-238.log: file already closed
zerolog: could not write event: write experiment-output/0000/slave-077/client-093.log: file already closed
zerolog: could not write event: write experiment-output/0000/slave-077/client-238.log: file already closed
zerolog: could not write event: write experiment-output/0000/slave-077/client-093.log: file already closed
zerolog: could not write event: write experiment-output/0000/slave-077/client-238.log: file already closed
zerolog: could not write event: write experiment-output/0000/slave-077/client-102.log: file already closed
zerolog: could not write event: write experiment-output/0000/slave-077/client-102.log: file already closed
zerolog: could not write event: write experiment-output/0000/slave-077/client-238.log: file already closed
zerolog: could not write event: write experiment-output/0000/slave-077/client-102.log: file already closed
zerolog: could not write event: write experiment-output/0000/slave-077/client-238.log: file already closed
zerolog: could not write event: write experiment-output/0000/slave-077/client-238.log: file already closed
zerolog: could not write event: write experiment-output/0000/slave-077/client-238.log: file already closed
zerolog: could not write event: write experiment-output/0000/slave-077/client-102.log: file already closed
zerolog: could not write event: write experiment-output/0000/slave-077/client-238.log: file already closed
zerolog: could not write event: write experiment-output/0000/slave-077/client-238.log: file already closed
zerolog: could not write event: write experiment-output/0000/slave-077/client-238.log: file already closed
zerolog: could not write event: write experiment-output/0000/slave-077/client-093.log: file already closed
zerolog: could not write event: write experiment-output/0000/slave-077/client-207.log: file already closed
zerolog: could not write event: write experiment-output/0000/slave-077/client-238.log: file already closed
zerolog: could not write event: write experiment-output/0000/slave-077/client-102.log: file already closed
zerolog: could not write event: write experiment-output/0000/slave-077/client-207.log: file already closed
zerolog: could not write event: write experiment-output/0000/slave-077/client-238.log: file already closed
zerolog: could not write event: write experiment-output/0000/slave-077/client-238.log: file already closed
zerolog: could not write event: write experiment-output/0000/slave-077/client-078.log: file already closed
zerolog: could not write event: write experiment-output/0000/slave-077/client-093.log: file already closed
zerolog: could not write event: write experiment-output/0000/slave-077/client-102.log: file already closed
zerolog: could not write event: write experiment-output/0000/slave-077/client-207.log: file already closed
zerolog: could not write event: write experiment-output/0000/slave-077/client-238.log: file already closed
zerolog: could not write event: write experiment-output/0000/slave-077/client-238.log: file already closed
zerolog: could not write event: write experiment-output/0000/slave-077/client-207.log: file already closed
zerolog: could not write event: write experiment-output/0000/slave-077/client-207.log: file already closed
zerolog: could not write event: write experiment-output/0000/slave-077/client-102.log: file already closed
zerolog: could not write event: write experiment-output/0000/slave-077/client-207.log: file already closed
zerolog: could not write event: write experiment-output/0000/slave-077/client-238.log: file already closed
zerolog: could not write event: write experiment-output/0000/slave-077/client-078.log: file already closed
zerolog: could not write event: write experiment-output/0000/slave-077/client-238.log: file already closed
zerolog: could not write event: write experiment-output/0000/slave-077/client-238.log: file already closed
zerolog: could not write event: write experiment-output/0000/slave-077/client-093.log: file already closed
zerolog: could not write event: write experiment-output/0000/slave-077/client-238.log: file already closed
zerolog: could not write event: write experiment-output/0000/slave-077/client-238.log: file already closed
zerolog: could not write event: write experiment-output/0000/slave-077/client-207.log: file already closed
zerolog: could not write event: write experiment-output/0000/slave-077/client-238.log: file already closed
zerolog: could not write event: write experiment-output/0000/slave-077/client-238.log: file already closed
zerolog: could not write event: write experiment-output/0000/slave-077/client-207.log: file already closed
zerolog: could not write event: write experiment-output/0000/slave-077/client-238.log: file already closed
zerolog: could not write event: write experiment-output/0000/slave-077/client-207.log: file already closed
zerolog: could not write event: write experiment-output/0000/slave-077/client-238.log: file already closed
zerolog: could not write event: write experiment-output/0000/slave-077/client-238.log: file already closed
zerolog: could not write event: write experiment-output/0000/slave-077/client-207.log: file already closed
zerolog: could not write event: write experiment-output/0000/slave-077/client-078.log: file already closed
zerolog: could not write event: write experiment-output/0000/slave-077/client-238.log: file already closed
zerolog: could not write event: write experiment-output/0000/slave-077/client-238.log: file already closed
zerolog: could not write event: write experiment-output/0000/slave-077/client-078.log: file already closed
zerolog: could not write event: write experiment-output/0000/slave-077/client-078.log: file already closed
zerolog: could not write event: write experiment-output/0000/slave-077/client-207.log: file already closed
07:40:20.588 INF Profile data written. filename=experiment-output/0000/slave-077/prof-client.mutex name=mutex
zerolog: could not write event: write experiment-output/0000/slave-077/client-207.log: file already closed
zerolog: could not write event: write experiment-output/0000/slave-077/client-238.log: file already closed
zerolog: could not write event: write experiment-output/0000/slave-077/client-207.log: file already closed
zerolog: could not write event: write experiment-output/0000/slave-077/client-078.log: file already closed
zerolog: could not write event: write experiment-output/0000/slave-077/client-207.log: file already closed
zerolog: could not write event: write experiment-output/0000/slave-077/client-238.log: file already closed
zerolog: could not write event: write experiment-output/0000/slave-077/client-238.log: file already closed
zerolog: could not write event: write experiment-output/0000/slave-077/client-238.log: file already closed
zerolog: could not write event: write experiment-output/0000/slave-077/client-207.log: file already closed
zerolog: could not write event: write experiment-output/0000/slave-077/client-207.log: file already closed
zerolog: could not write event: write experiment-output/0000/slave-077/client-207.log: file already closed
zerolog: could not write event: write experiment-output/0000/slave-077/client-207.log: file already closed
zerolog: could not write event: write experiment-output/0000/slave-077/client-238.log: file already closed
zerolog: could not write event: write experiment-output/0000/slave-077/client-078.log: file already closed
zerolog: could not write event: write experiment-output/0000/slave-077/client-238.log: file already closed
zerolog: could not write event: write experiment-output/0000/slave-077/client-078.log: file already closed
zerolog: could not write event: write experiment-output/0000/slave-077/client-207.log: file already closed
zerolog: could not write event: write experiment-output/0000/slave-077/client-207.log: file already closed
zerolog: could not write event: write experiment-output/0000/slave-077/client-078.log: file already closed
zerolog: could not write event: write experiment-output/0000/slave-077/client-207.log: file already closed
zerolog: could not write event: write experiment-output/0000/slave-077/client-238.log: file already closed
zerolog: could not write event: write experiment-output/0000/slave-077/client-238.log: file already closed
zerolog: could not write event: write experiment-output/0000/slave-077/client-207.log: file already closed
zerolog: could not write event: write experiment-output/0000/slave-077/client-207.log: file already closed
zerolog: could not write event: write experiment-output/0000/slave-077/client-207.log: file already closed
zerolog: could not write event: write experiment-output/0000/slave-077/client-078.log: file already closed
zerolog: could not write event: write experiment-output/0000/slave-077/client-238.log: file already closed
zerolog: could not write event: write experiment-output/0000/slave-077/client-238.log: file already closed
zerolog: could not write event: write experiment-output/0000/slave-077/client-078.log: file already closed
zerolog: could not write event: write experiment-output/0000/slave-077/client-207.log: file already closed
zerolog: could not write event: write experiment-output/0000/slave-077/client-078.log: file already closed
zerolog: could not write event: write experiment-output/0000/slave-077/client-078.log: file already closed
zerolog: could not write event: write experiment-output/0000/slave-077/client-238.log: file already closed
zerolog: could not write event: write experiment-output/0000/slave-077/client-207.log: file already closed
zerolog: could not write event: write experiment-output/0000/slave-077/client-207.log: file already closed
zerolog: could not write event: write experiment-output/0000/slave-077/client-078.log: file already closed
zerolog: could not write event: write experiment-output/0000/slave-077/client-078.log: file already closed
zerolog: could not write event: write experiment-output/0000/slave-077/client-078.log: file already closed
zerolog: could not write event: write experiment-output/0000/slave-077/client-207.log: file already closed
zerolog: could not write event: write experiment-output/0000/slave-077/client-238.log: file already closed
zerolog: could not write event: write experiment-output/0000/slave-077/client-207.log: file already closed
zerolog: could not write event: write experiment-output/0000/slave-077/client-207.log: file already closed
zerolog: could not write event: write experiment-output/0000/slave-077/client-207.log: file already closed
zerolog: could not write event: write experiment-output/0000/slave-077/client-078.log: file already closed
zerolog: could not write event: write experiment-output/0000/slave-077/client-207.log: file already closed
zerolog: could not write event: write experiment-output/0000/slave-077/client-207.log: file already closed
zerolog: could not write event: write experiment-output/0000/slave-077/client-207.log: file already closed
zerolog: could not write event: write experiment-output/0000/slave-077/client-207.log: file already closed
zerolog: could not write event: write experiment-output/0000/slave-077/client-207.log: file already closed
zerolog: could not write event: write experiment-output/0000/slave-077/client-078.log: file already closed
zerolog: could not write event: write experiment-output/0000/slave-077/client-238.log: file already closed
zerolog: could not write event: write experiment-output/0000/slave-077/client-078.log: file already closed
zerolog: could not write event: write experiment-output/0000/slave-077/client-078.log: file already closed
zerolog: could not write event: write experiment-output/0000/slave-077/client-078.log: file already closed
zerolog: could not write event: write experiment-output/0000/slave-077/client-207.log: file already closed
zerolog: could not write event: write experiment-output/0000/slave-077/client-078.log: file already closed
zerolog: could not write event: write experiment-output/0000/slave-077/client-078.log: file already closed
zerolog: could not write event: write experiment-output/0000/slave-077/client-207.log: file already closed
zerolog: could not write event: write experiment-output/0000/slave-077/client-207.log: file already closed
zerolog: could not write event: write experiment-output/0000/slave-077/client-078.log: file already closed
zerolog: could not write event: write experiment-output/0000/slave-077/client-238.log: file already closed
zerolog: could not write event: write experiment-output/0000/slave-077/client-207.log: file already closed
zerolog: could not write event: write experiment-output/0000/slave-077/client-207.log: file already closed
zerolog: could not write event: write experiment-output/0000/slave-077/client-207.log: file already closed
zerolog: could not write event: write experiment-output/0000/slave-077/client-078.log: file already closed
zerolog: could not write event: write experiment-output/0000/slave-077/client-078.log: file already closed
zerolog: could not write event: write experiment-output/0000/slave-077/client-207.log: file already closed
zerolog: could not write event: write experiment-output/0000/slave-077/client-078.log: file already closed
zerolog: could not write event: write experiment-output/0000/slave-077/client-078.log: file already closed
zerolog: could not write event: write experiment-output/0000/slave-077/client-078.log: file already closed
zerolog: could not write event: write experiment-output/0000/slave-077/client-078.log: file already closed
zerolog: could not write event: write experiment-output/0000/slave-077/client-078.log: file already closed
zerolog: could not write event: write experiment-output/0000/slave-077/client-207.log: file already closed
zerolog: could not write event: write experiment-output/0000/slave-077/client-207.log: file already closed
zerolog: could not write event: write experiment-output/0000/slave-077/client-078.log: file already closed
zerolog: could not write event: write experiment-output/0000/slave-077/client-238.log: file already closed
zerolog: could not write event: write experiment-output/0000/slave-077/client-078.log: file already closed
zerolog: could not write event: write experiment-output/0000/slave-077/client-078.log: file already closed
zerolog: could not write event: write experiment-output/0000/slave-077/client-207.log: file already closed
zerolog: could not write event: write experiment-output/0000/slave-077/client-078.log: file already closed
zerolog: could not write event: write experiment-output/0000/slave-077/client-078.log: file already closed
zerolog: could not write event: write experiment-output/0000/slave-077/client-078.log: file already closed
zerolog: could not write event: write experiment-output/0000/slave-077/client-207.log: file already closed
zerolog: could not write event: write experiment-output/0000/slave-077/client-207.log: file already closed
zerolog: could not write event: write experiment-output/0000/slave-077/client-207.log: file already closed
zerolog: could not write event: write experiment-output/0000/slave-077/client-207.log: file already closed
zerolog: could not write event: write experiment-output/0000/slave-077/client-078.log: file already closed
zerolog: could not write event: write experiment-output/0000/slave-077/client-207.log: file already closed
zerolog: could not write event: write experiment-output/0000/slave-077/client-207.log: file already closed
zerolog: could not write event: write experiment-output/0000/slave-077/client-078.log: file already closed
zerolog: could not write event: write experiment-output/0000/slave-077/client-078.log: file already closed
zerolog: could not write event: write experiment-output/0000/slave-077/client-078.log: file already closed
zerolog: could not write event: write experiment-output/0000/slave-077/client-212.log: file already closed
zerolog: could not write event: write experiment-output/0000/slave-077/client-078.log: file already closed
zerolog: could not write event: write experiment-output/0000/slave-077/client-207.log: file already closed
zerolog: could not write event: write experiment-output/0000/slave-077/client-078.log: file already closed
zerolog: could not write event: write experiment-output/0000/slave-077/client-207.log: file already closed
zerolog: could not write event: write experiment-output/0000/slave-077/client-078.log: file already closed
zerolog: could not write event: write experiment-output/0000/slave-077/client-124.log: file already closed
zerolog: could not write event: write experiment-output/0000/slave-077/client-207.log: file already closed
zerolog: could not write event: write experiment-output/0000/slave-077/client-212.log: file already closed
zerolog: could not write event: write experiment-output/0000/slave-077/client-078.log: file already closed
zerolog: could not write event: write experiment-output/0000/slave-077/client-124.log: file already closed
zerolog: could not write event: write experiment-output/0000/slave-077/client-207.log: file already closed
zerolog: could not write event: write experiment-output/0000/slave-077/client-078.log: file already closed
zerolog: could not write event: write experiment-output/0000/slave-077/client-078.log: file already closed
zerolog: could not write event: write experiment-output/0000/slave-077/client-212.log: file already closed
zerolog: could not write event: write experiment-output/0000/slave-077/client-207.log: file already closed
zerolog: could not write event: write experiment-output/0000/slave-077/client-078.log: file already closed
zerolog: could not write event: write experiment-output/0000/slave-077/client-212.log: file already closed
zerolog: could not write event: write experiment-output/0000/slave-077/client-124.log: file already closed
zerolog: could not write event: write experiment-output/0000/slave-077/client-078.log: file already closed
zerolog: could not write event: write experiment-output/0000/slave-077/client-207.log: file already closed
zerolog: could not write event: write experiment-output/0000/slave-077/client-078.log: file already closed
zerolog: could not write event: write experiment-output/0000/slave-077/client-078.log: file already closed
zerolog: could not write event: write experiment-output/0000/slave-077/client-078.log: file already closed
zerolog: could not write event: write experiment-output/0000/slave-077/client-212.log: file already closed
zerolog: could not write event: write experiment-output/0000/slave-077/client-207.log: file already closed
zerolog: could not write event: write experiment-output/0000/slave-077/client-078.log: file already closed
zerolog: could not write event: write experiment-output/0000/slave-077/client-078.log: file already closed
zerolog: could not write event: write experiment-output/0000/slave-077/client-124.log: file already closed
zerolog: could not write event: write experiment-output/0000/slave-077/client-078.log: file already closed
zerolog: could not write event: write experiment-output/0000/slave-077/client-212.log: file already closed
zerolog: could not write event: write experiment-output/0000/slave-077/client-212.log: file already closed
zerolog: could not write event: write experiment-output/0000/slave-077/client-078.log: file already closed
zerolog: could not write event: write experiment-output/0000/slave-077/client-207.log: file already closed
zerolog: could not write event: write experiment-output/0000/slave-077/client-212.log: file already closed
zerolog: could not write event: write experiment-output/0000/slave-077/client-078.log: file already closed
zerolog: could not write event: write experiment-output/0000/slave-077/client-207.log: file already closed
zerolog: could not write event: write experiment-output/0000/slave-077/client-078.log: file already closed
zerolog: could not write event: write experiment-output/0000/slave-077/client-212.log: file already closed
zerolog: could not write event: write experiment-output/0000/slave-077/client-212.log: file already closed
zerolog: could not write event: write experiment-output/0000/slave-077/client-078.log: file already closed
zerolog: could not write event: write experiment-output/0000/slave-077/client-124.log: file already closed
zerolog: could not write event: write experiment-output/0000/slave-077/client-078.log: file already closed
zerolog: could not write event: write experiment-output/0000/slave-077/client-212.log: file already closed
zerolog: could not write event: write experiment-output/0000/slave-077/client-207.log: file already closed
zerolog: could not write event: write experiment-output/0000/slave-077/client-078.log: file already closed
zerolog: could not write event: write experiment-output/0000/slave-077/client-207.log: file already closed
zerolog: could not write event: write experiment-output/0000/slave-077/client-078.log: file already closed
zerolog: could not write event: write experiment-output/0000/slave-077/client-078.log: file already closed
zerolog: could not write event: write experiment-output/0000/slave-077/client-124.log: file already closed
zerolog: could not write event: write experiment-output/0000/slave-077/client-212.log: file already closed
zerolog: could not write event: write experiment-output/0000/slave-077/client-124.log: file already closed
zerolog: could not write event: write experiment-output/0000/slave-077/client-212.log: file already closed
zerolog: could not write event: write experiment-output/0000/slave-077/client-212.log: file already closed
zerolog: could not write event: write experiment-output/0000/slave-077/client-078.log: file already closed
zerolog: could not write event: write experiment-output/0000/slave-077/client-212.log: file already closed
zerolog: could not write event: write experiment-output/0000/slave-077/client-212.log: file already closed
zerolog: could not write event: write experiment-output/0000/slave-077/client-124.log: file already closed
zerolog: could not write event: write experiment-output/0000/slave-077/client-124.log: file already closed
zerolog: could not write event: write experiment-output/0000/slave-077/client-212.log: file already closed
zerolog: could not write event: write experiment-output/0000/slave-077/client-212.log: file already closed
zerolog: could not write event: write experiment-output/0000/slave-077/client-212.log: file already closed
zerolog: could not write event: write experiment-output/0000/slave-077/client-198.log: file already closed
zerolog: could not write event: write experiment-output/0000/slave-077/client-212.log: file already closed
zerolog: could not write event: write experiment-output/0000/slave-077/client-212.log: file already closed
zerolog: could not write event: write experiment-output/0000/slave-077/client-124.log: file already closed
zerolog: could not write event: write experiment-output/0000/slave-077/client-212.log: file already closed
zerolog: could not write event: write experiment-output/0000/slave-077/client-212.log: file already closed
zerolog: could not write event: write experiment-output/0000/slave-077/client-124.log: file already closed
zerolog: could not write event: write experiment-output/0000/slave-077/client-198.log: file already closed
zerolog: could not write event: write experiment-output/0000/slave-077/client-124.log: file already closed
zerolog: could not write event: write experiment-output/0000/slave-077/client-212.log: file already closed
zerolog: could not write event: write experiment-output/0000/slave-077/client-124.log: file already closed
zerolog: could not write event: write experiment-output/0000/slave-077/client-212.log: file already closed
zerolog: could not write event: write experiment-output/0000/slave-077/client-124.log: file already closed
zerolog: could not write event: write experiment-output/0000/slave-077/client-124.log: file already closed
zerolog: could not write event: write experiment-output/0000/slave-077/client-124.log: file already closed
zerolog: could not write event: write experiment-output/0000/slave-077/client-124.log: file already closed
zerolog: could not write event: write experiment-output/0000/slave-077/client-124.log: file already closed
zerolog: could not write event: write experiment-output/0000/slave-077/client-198.log: file already closed
zerolog: could not write event: write experiment-output/0000/slave-077/client-212.log: file already closed
zerolog: could not write event: write experiment-output/0000/slave-077/client-212.log: file already closed
zerolog: could not write event: write experiment-output/0000/slave-077/client-124.log: file already closed
zerolog: could not write event: write experiment-output/0000/slave-077/client-212.log: file already closed
zerolog: could not write event: write experiment-output/0000/slave-077/client-212.log: file already closed
zerolog: could not write event: write experiment-output/0000/slave-077/client-124.log: file already closed
zerolog: could not write event: write experiment-output/0000/slave-077/client-198.log: file already closed
zerolog: could not write event: write experiment-output/0000/slave-077/client-198.log: file already closed
zerolog: could not write event: write experiment-output/0000/slave-077/client-124.log: file already closed
zerolog: could not write event: write experiment-output/0000/slave-077/client-124.log: file already closed
zerolog: could not write event: write experiment-output/0000/slave-077/client-124.log: file already closed
zerolog: could not write event: write experiment-output/0000/slave-077/client-198.log: file already closed
zerolog: could not write event: write experiment-output/0000/slave-077/client-124.log: file already closed
zerolog: could not write event: write experiment-output/0000/slave-077/client-124.log: file already closed
zerolog: could not write event: write experiment-output/0000/slave-077/client-198.log: file already closed
zerolog: could not write event: write experiment-output/0000/slave-077/client-124.log: file already closed
zerolog: could not write event: write experiment-output/0000/slave-077/client-212.log: file already closed
zerolog: could not write event: write experiment-output/0000/slave-077/client-124.log: file already closed
zerolog: could not write event: write experiment-output/0000/slave-077/client-124.log: file already closed
zerolog: could not write event: write experiment-output/0000/slave-077/client-212.log: file already closed
zerolog: could not write event: write experiment-output/0000/slave-077/client-198.log: file already closed
zerolog: could not write event: write experiment-output/0000/slave-077/client-212.log: file already closed
zerolog: could not write event: write experiment-output/0000/slave-077/client-212.log: file already closed
zerolog: could not write event: write experiment-output/0000/slave-077/client-212.log: file already closed
zerolog: could not write event: write experiment-output/0000/slave-077/client-212.log: file already closed
zerolog: could not write event: write experiment-output/0000/slave-077/client-212.log: file already closed
zerolog: could not write event: write experiment-output/0000/slave-077/client-124.log: file already closed
zerolog: could not write event: write experiment-output/0000/slave-077/client-212.log: file already closed
zerolog: could not write event: write experiment-output/0000/slave-077/client-198.log: file already closed
zerolog: could not write event: write experiment-output/0000/slave-077/client-212.log: file already closed
zerolog: could not write event: write experiment-output/0000/slave-077/client-212.log: file already closed
zerolog: could not write event: write experiment-output/0000/slave-077/client-212.log: file already closed
zerolog: could not write event: write experiment-output/0000/slave-077/client-124.log: file already closed
zerolog: could not write event: write experiment-output/0000/slave-077/client-198.log: file already closed
zerolog: could not write event: write experiment-output/0000/slave-077/client-124.log: file already closed
zerolog: could not write event: write experiment-output/0000/slave-077/client-124.log: file already closed
zerolog: could not write event: write experiment-output/0000/slave-077/client-198.log: file already closed
zerolog: could not write event: write experiment-output/0000/slave-077/client-212.log: file already closed
zerolog: could not write event: write experiment-output/0000/slave-077/client-212.log: file already closed
zerolog: could not write event: write experiment-output/0000/slave-077/client-198.log: file already closed
zerolog: could not write event: write experiment-output/0000/slave-077/client-198.log: file already closed
zerolog: could not write event: write experiment-output/0000/slave-077/client-124.log: file already closed
zerolog: could not write event: write experiment-output/0000/slave-077/client-212.log: file already closed
zerolog: could not write event: write experiment-output/0000/slave-077/client-212.log: file already closed
zerolog: could not write event: write experiment-output/0000/slave-077/client-124.log: file already closed
zerolog: could not write event: write experiment-output/0000/slave-077/client-124.log: file already closed
zerolog: could not write event: write experiment-output/0000/slave-077/client-212.log: file already closed
zerolog: could not write event: write experiment-output/0000/slave-077/client-124.log: file already closed
zerolog: could not write event: write experiment-output/0000/slave-077/client-124.log: file already closed
zerolog: could not write event: write experiment-output/0000/slave-077/client-212.log: file already closed
zerolog: could not write event: write experiment-output/0000/slave-077/client-198.log: file already closed
zerolog: could not write event: write experiment-output/0000/slave-077/client-212.log: file already closed
zerolog: could not write event: write experiment-output/0000/slave-077/client-198.log: file already closed
zerolog: could not write event: write experiment-output/0000/slave-077/client-212.log: file already closed
zerolog: could not write event: write experiment-output/0000/slave-077/client-212.log: file already closed
zerolog: could not write event: write experiment-output/0000/slave-077/client-212.log: file already closed
zerolog: could not write event: write experiment-output/0000/slave-077/client-124.log: file already closed
zerolog: could not write event: write experiment-output/0000/slave-077/client-124.log: file already closed
zerolog: could not write event: write experiment-output/0000/slave-077/client-124.log: file already closed
zerolog: could not write event: write experiment-output/0000/slave-077/client-124.log: file already closed
zerolog: could not write event: write experiment-output/0000/slave-077/client-198.log: file already closed
zerolog: could not write event: write experiment-output/0000/slave-077/client-124.log: file already closed
zerolog: could not write event: write experiment-output/0000/slave-077/client-198.log: file already closed
zerolog: could not write event: write experiment-output/0000/slave-077/client-212.log: file already closed
zerolog: could not write event: write experiment-output/0000/slave-077/client-212.log: file already closed
zerolog: could not write event: write experiment-output/0000/slave-077/client-198.log: file already closed
zerolog: could not write event: write experiment-output/0000/slave-077/client-124.log: file already closed
zerolog: could not write event: write experiment-output/0000/slave-077/client-198.log: file already closed
zerolog: could not write event: write experiment-output/0000/slave-077/client-124.log: file already closed
zerolog: could not write event: write experiment-output/0000/slave-077/client-198.log: file already closed
zerolog: could not write event: write experiment-output/0000/slave-077/client-124.log: file already closed
zerolog: could not write event: write experiment-output/0000/slave-077/client-124.log: file already closed
zerolog: could not write event: write experiment-output/0000/slave-077/client-212.log: file already closed
zerolog: could not write event: write experiment-output/0000/slave-077/client-212.log: file already closed
zerolog: could not write event: write experiment-output/0000/slave-077/client-198.log: file already closed
zerolog: could not write event: write experiment-output/0000/slave-077/client-212.log: file already closed
zerolog: could not write event: write experiment-output/0000/slave-077/client-124.log: file already closed
zerolog: could not write event: write experiment-output/0000/slave-077/client-124.log: file already closed
zerolog: could not write event: write experiment-output/0000/slave-077/client-198.log: file already closed
zerolog: could not write event: write experiment-output/0000/slave-077/client-124.log: file already closed
zerolog: could not write event: write experiment-output/0000/slave-077/client-124.log: file already closed
zerolog: could not write event: write experiment-output/0000/slave-077/client-124.log: file already closed
zerolog: could not write event: write experiment-output/0000/slave-077/client-212.log: file already closed
zerolog: could not write event: write experiment-output/0000/slave-077/client-124.log: file already closed
zerolog: could not write event: write experiment-output/0000/slave-077/client-198.log: file already closed
zerolog: could not write event: write experiment-output/0000/slave-077/client-124.log: file already closed
zerolog: could not write event: write experiment-output/0000/slave-077/client-212.log: file already closed
zerolog: could not write event: write experiment-output/0000/slave-077/client-124.log: file already closed
zerolog: could not write event: write experiment-output/0000/slave-077/client-212.log: file already closed
zerolog: could not write event: write experiment-output/0000/slave-077/client-124.log: file already closed
zerolog: could not write event: write experiment-output/0000/slave-077/client-198.log: file already closed
zerolog: could not write event: write experiment-output/0000/slave-077/client-198.log: file already closed
zerolog: could not write event: write experiment-output/0000/slave-077/client-198.log: file already closed
zerolog: could not write event: write experiment-output/0000/slave-077/client-198.log: file already closed
zerolog: could not write event: write experiment-output/0000/slave-077/client-198.log: file already closed
zerolog: could not write event: write experiment-output/0000/slave-077/client-212.log: file already closed
zerolog: could not write event: write experiment-output/0000/slave-077/client-124.log: file already closed
zerolog: could not write event: write experiment-output/0000/slave-077/client-212.log: file already closed
zerolog: could not write event: write experiment-output/0000/slave-077/client-212.log: file already closed
zerolog: could not write event: write experiment-output/0000/slave-077/client-124.log: file already closed
zerolog: could not write event: write experiment-output/0000/slave-077/client-198.log: file already closed
zerolog: could not write event: write experiment-output/0000/slave-077/client-212.log: file already closed
zerolog: could not write event: write experiment-output/0000/slave-077/client-212.log: file already closed
zerolog: could not write event: write experiment-output/0000/slave-077/client-124.log: file already closed
zerolog: could not write event: write experiment-output/0000/slave-077/client-124.log: file already closed
zerolog: could not write event: write experiment-output/0000/slave-077/client-198.log: file already closed
zerolog: could not write event: write experiment-output/0000/slave-077/client-198.log: file already closed
zerolog: could not write event: write experiment-output/0000/slave-077/client-124.log: file already closed
zerolog: could not write event: write experiment-output/0000/slave-077/client-198.log: file already closed
zerolog: could not write event: write experiment-output/0000/slave-077/client-124.log: file already closed
zerolog: could not write event: write experiment-output/0000/slave-077/client-198.log: file already closed
zerolog: could not write event: write experiment-output/0000/slave-077/client-198.log: file already closed
zerolog: could not write event: write experiment-output/0000/slave-077/client-124.log: file already closed
zerolog: could not write event: write experiment-output/0000/slave-077/client-198.log: file already closed
zerolog: could not write event: write experiment-output/0000/slave-077/client-212.log: file already closed
zerolog: could not write event: write experiment-output/0000/slave-077/client-124.log: file already closed
zerolog: could not write event: write experiment-output/0000/slave-077/client-198.log: file already closed
zerolog: could not write event: write experiment-output/0000/slave-077/client-198.log: file already closed
zerolog: could not write event: write experiment-output/0000/slave-077/client-198.log: file already closed
zerolog: could not write event: write experiment-output/0000/slave-077/client-198.log: file already closed
zerolog: could not write event: write experiment-output/0000/slave-077/client-198.log: file already closed
zerolog: could not write event: write experiment-output/0000/slave-077/client-124.log: file already closed
zerolog: could not write event: write experiment-output/0000/slave-077/client-198.log: file already closed
zerolog: could not write event: write experiment-output/0000/slave-077/client-198.log: file already closed
zerolog: could not write event: write experiment-output/0000/slave-077/client-198.log: file already closed
zerolog: could not write event: write experiment-output/0000/slave-077/client-198.log: file already closed
zerolog: could not write event: write experiment-output/0000/slave-077/client-198.log: file already closed
zerolog: could not write event: write experiment-output/0000/slave-077/client-198.log: file already closed
zerolog: could not write event: write experiment-output/0000/slave-077/client-198.log: file already closed
zerolog: could not write event: write experiment-output/0000/slave-077/client-198.log: file already closed
zerolog: could not write event: write experiment-output/0000/slave-077/client-198.log: file already closed
zerolog: could not write event: write experiment-output/0000/slave-077/client-198.log: file already closed
zerolog: could not write event: write experiment-output/0000/slave-077/client-198.log: file already closed
zerolog: could not write event: write experiment-output/0000/slave-077/client-198.log: file already closed
zerolog: could not write event: write experiment-output/0000/slave-077/client-198.log: file already closed
zerolog: could not write event: write experiment-output/0000/slave-077/client-198.log: file already closed
zerolog: could not write event: write experiment-output/0000/slave-077/client-198.log: file already closed
zerolog: could not write event: write experiment-output/0000/slave-077/client-198.log: file already closed
zerolog: could not write event: write experiment-output/0000/slave-077/client-198.log: file already closed
zerolog: could not write event: write experiment-output/0000/slave-077/client-198.log: file already closed
zerolog: could not write event: write experiment-output/0000/slave-077/client-198.log: file already closed
zerolog: could not write event: write experiment-output/0000/slave-077/client-198.log: file already closed
zerolog: could not write event: write experiment-output/0000/slave-077/client-198.log: file already closed
zerolog: could not write event: write experiment-output/0000/slave-077/client-198.log: file already closed
zerolog: could not write event: write experiment-output/0000/slave-077/client-198.log: file already closed
zerolog: could not write event: write experiment-output/0000/slave-077/client-198.log: file already closed
07:40:20.747 INF Profile data written. filename=experiment-output/0000/slave-077/prof-client.cpu name=cpu
07:40:20.757 INF Profile data written. filename=experiment-output/0000/slave-077/prof-client.block name=block
