{"level":"debug","Logging":"info","time":"2023-03-25T07:16:59Z","message":"Config"}
{"level":"debug","UseTLS":false,"time":"2023-03-25T07:16:59Z","message":"Config"}
{"level":"debug","CACertFile":"tls-data/ca.pem","time":"2023-03-25T07:16:59Z","message":"Config"}
{"level":"debug","KeyFile":"tls-data/auth.key","time":"2023-03-25T07:16:59Z","message":"Config"}
{"level":"debug","CertFile":"tls-data/auth.pem","time":"2023-03-25T07:16:59Z","message":"Config"}
{"level":"debug","PriorityConnections":2,"time":"2023-03-25T07:16:59Z","message":"Config"}
{"level":"debug","BasicConnections":1,"time":"2023-03-25T07:16:59Z","message":"Config"}
{"level":"debug","TestConnections":false,"time":"2023-03-25T07:16:59Z","message":"Config"}
{"level":"debug","ExcessConnections":1,"time":"2023-03-25T07:16:59Z","message":"Config"}
{"level":"debug","ConnectionTestMsgs":4,"time":"2023-03-25T07:16:59Z","message":"Config"}
{"level":"debug","ConnectionTestPayload":131072,"time":"2023-03-25T07:16:59Z","message":"Config"}
{"level":"debug","OutMessageBufsize":1024,"time":"2023-03-25T07:16:59Z","message":"Config"}
{"level":"debug","OutMessageBufsize":4,"time":"2023-03-25T07:16:59Z","message":"Config"}
{"level":"debug","ThroughputCap":131072000,"time":"2023-03-25T07:16:59Z","message":"Config"}
{"level":"debug","StragglerTolerance":1000,"time":"2023-03-25T07:16:59Z","message":"Config"}
{"level":"debug","BatchSizeIncrement":256,"time":"2023-03-25T07:16:59Z","message":"Config"}
{"level":"debug","Orderer":"Pbft","time":"2023-03-25T07:16:59Z","message":"Config"}
{"level":"debug","Manager":"Mir","time":"2023-03-25T07:16:59Z","message":"Config"}
{"level":"debug","Failures":0,"time":"2023-03-25T07:16:59Z","message":"Config"}
{"level":"debug","StragglerCnt":0,"time":"2023-03-25T07:16:59Z","message":"Config"}
{"level":"debug","PrivKeyCnt":10,"time":"2023-03-25T07:16:59Z","message":"Config"}
{"level":"debug","UseSig":false,"time":"2023-03-25T07:16:59Z","message":"Config"}
{"level":"debug","CrashTiming":"Straggler","time":"2023-03-25T07:16:59Z","message":"Config"}
{"level":"debug","CheckpointInterval":512,"time":"2023-03-25T07:16:59Z","message":"Config"}
{"level":"debug","WatermarkWindowSize":512,"time":"2023-03-25T07:16:59Z","message":"Config"}
{"level":"debug","EpochLength":512,"time":"2023-03-25T07:16:59Z","message":"Config"}
{"level":"debug","SegmentLength":32,"time":"2023-03-25T07:16:59Z","message":"Config"}
{"level":"debug","WaitForCheckpoints":true,"time":"2023-03-25T07:16:59Z","message":"Config"}
{"level":"debug","ClientWatermarkWindowSize":16384,"time":"2023-03-25T07:16:59Z","message":"Config"}
{"level":"debug","ClientRequestBacklogSize":16384,"time":"2023-03-25T07:16:59Z","message":"Config"}
{"level":"debug","RandomSeed":16331,"time":"2023-03-25T07:16:59Z","message":"Config"}
{"level":"debug","NodeToLeaderRatio":1,"time":"2023-03-25T07:16:59Z","message":"Config"}
{"level":"debug","LeaderPolicy":"Simple","time":"2023-03-25T07:16:59Z","message":"Config"}
{"level":"debug","DefaultLeaderBan":2,"time":"2023-03-25T07:16:59Z","message":"Config"}
{"level":"debug","NumBuckets":256,"time":"2023-03-25T07:16:59Z","message":"Config"}
{"level":"debug","BatchSize":2500,"time":"2023-03-25T07:16:59Z","message":"Config"}
{"level":"debug","DisabledViewChange":false,"time":"2023-03-25T07:16:59Z","message":"Config"}
{"level":"debug","ViewChangeTimeout":60000,"time":"2023-03-25T07:16:59Z","message":"Config"}
{"level":"debug","ClientTraceSampling":10,"time":"2023-03-25T07:16:59Z","message":"Config"}
{"level":"debug","EventBufferSize":2097152,"time":"2023-03-25T07:16:59Z","message":"Config"}
{"level":"debug","TraceSampling":1,"time":"2023-03-25T07:16:59Z","message":"Config"}
{"level":"debug","ClientsPerProcess":8,"time":"2023-03-25T07:16:59Z","message":"Config"}
{"level":"debug","RequestsPerClient":9375,"time":"2023-03-25T07:16:59Z","message":"Config"}
{"level":"debug","ClientRunTime":15000,"time":"2023-03-25T07:16:59Z","message":"Config"}
{"level":"debug","RequestRate":312,"time":"2023-03-25T07:16:59Z","message":"Config"}
{"level":"debug","HardRequestRateLimit":false,"time":"2023-03-25T07:16:59Z","message":"Config"}
{"level":"debug","RequestPayloadSize":500,"time":"2023-03-25T07:16:59Z","message":"Config"}
{"level":"debug","SignRequests":true,"time":"2023-03-25T07:16:59Z","message":"Config"}
{"level":"debug","ClientPrivKeyFile":"tls-data/client-ecdsa-256.key","time":"2023-03-25T07:16:59Z","message":"Config"}
{"level":"debug","ClientPubKeyFile":"tls-data/client-ecdsa-256.pem","time":"2023-03-25T07:16:59Z","message":"Config"}
{"level":"debug","PrecomputeRequests":false,"time":"2023-03-25T07:16:59Z","message":"Config"}
{"level":"debug","RequestHandlerThreads":32,"time":"2023-03-25T07:16:59Z","message":"Config"}
{"level":"debug","RequestInputChannelBuffer":8192,"time":"2023-03-25T07:16:59Z","message":"Config"}
{"level":"debug","BatchVerifier":"external","time":"2023-03-25T07:16:59Z","message":"Config"}
07:16:59.372 INF Started Profiler: CPU
07:16:59.372 INF Started Profiler: BLOCK
07:16:59.372 INF Started Profiler: MUTEX
07:16:59.372 INF Starting clients. numClients=8 numRequests=9375
07:16:59.372 INF Initilizing clients.
07:16:59.378 INF Registared with discovery server. numOrderers=16 ownClientId=9
07:16:59.378 INF Registared with discovery server. numOrderers=16 ownClientId=15
07:16:59.378 INF Registared with discovery server. numOrderers=16 ownClientId=10
07:16:59.378 INF Registared with discovery server. numOrderers=16 ownClientId=5
07:16:59.379 INF Registared with discovery server. numOrderers=16 ownClientId=11
07:16:59.380 INF Registared with discovery server. numOrderers=16 ownClientId=27
07:16:59.380 INF Registared with discovery server. numOrderers=16 ownClientId=7
07:16:59.381 INF Registared with discovery server. numOrderers=16 ownClientId=56
07:16:59.381 INF Clients initialized.
07:16:59.381 INF Launching clients.
07:16:59.381 INF Waiting for clients.
07:18:23.424 INF Stopping Tracer. events=1893 fileName=experiment-output/0005/slave-008/client-007.trc
zerolog: could not write event: write experiment-output/0005/slave-008/client-007.log: file already closed
zerolog: could not write event: write experiment-output/0005/slave-008/client-007.log: file already closed
zerolog: could not write event: write experiment-output/0005/slave-008/client-007.log: file already closed
zerolog: could not write event: write experiment-output/0005/slave-008/client-007.log: file already closed
07:18:23.427 INF Trace data written.
07:18:23.430 INF Stopping Tracer. events=1879 fileName=experiment-output/0005/slave-008/client-005.trc
zerolog: could not write event: write experiment-output/0005/slave-008/client-005.log: file already closed
zerolog: could not write event: write experiment-output/0005/slave-008/client-005.log: file already closed
07:18:23.431 INF Stopping Tracer. events=1878 fileName=experiment-output/0005/slave-008/client-009.trc
zerolog: could not write event: write experiment-output/0005/slave-008/client-005.log: file already closed
07:18:23.431 INF Stopping Tracer. events=2739 fileName=experiment-output/0005/slave-008/client-056.trc
07:18:23.432 INF Stopping Tracer. events=2897 fileName=experiment-output/0005/slave-008/client-010.trc
zerolog: could not write event: write experiment-output/0005/slave-008/client-056.log: file already closed
07:18:23.432 INF Stopping Tracer. events=1878 fileName=experiment-output/0005/slave-008/client-027.trc
zerolog: could not write event: write experiment-output/0005/slave-008/client-056.log: file already closed
07:18:23.432 INF Stopping Tracer. events=1878 fileName=experiment-output/0005/slave-008/client-015.trc
07:18:23.432 INF Stopping Tracer. events=1878 fileName=experiment-output/0005/slave-008/client-011.trc
zerolog: could not write event: write experiment-output/0005/slave-008/client-009.log: file already closed
zerolog: could not write event: write experiment-output/0005/slave-008/client-056.log: file already closed
zerolog: could not write event: write experiment-output/0005/slave-008/client-009.log: file already closed
zerolog: could not write event: write experiment-output/0005/slave-008/client-009.log: file already closed
zerolog: could not write event: write experiment-output/0005/slave-008/client-009.log: file already closed
zerolog: could not write event: write experiment-output/0005/slave-008/client-010.log: file already closed
zerolog: could not write event: write experiment-output/0005/slave-008/client-010.log: file already closed
zerolog: could not write event: write experiment-output/0005/slave-008/client-010.log: file already closed
zerolog: could not write event: write experiment-output/0005/slave-008/client-056.log: file already closed
zerolog: could not write event: write experiment-output/0005/slave-008/client-027.log: file already closed
zerolog: could not write event: write experiment-output/0005/slave-008/client-027.log: file already closed
zerolog: could not write event: write experiment-output/0005/slave-008/client-015.log: file already closed
zerolog: could not write event: write experiment-output/0005/slave-008/client-015.log: file already closed
zerolog: could not write event: write experiment-output/0005/slave-008/client-027.log: file already closed
zerolog: could not write event: write experiment-output/0005/slave-008/client-011.log: file already closed
zerolog: could not write event: write experiment-output/0005/slave-008/client-015.log: file already closed
zerolog: could not write event: write experiment-output/0005/slave-008/client-011.log: file already closed
zerolog: could not write event: write experiment-output/0005/slave-008/client-027.log: file already closed
zerolog: could not write event: write experiment-output/0005/slave-008/client-011.log: file already closed
zerolog: could not write event: write experiment-output/0005/slave-008/client-015.log: file already closed
zerolog: could not write event: write experiment-output/0005/slave-008/client-011.log: file already closed
zerolog: could not write event: write experiment-output/0005/slave-008/client-005.log: file already closed
zerolog: could not write event: write experiment-output/0005/slave-008/client-010.log: file already closed
07:18:23.435 INF Trace data written.
07:18:23.436 INF Trace data written.
07:18:23.437 INF Trace data written.
07:18:23.437 INF Trace data written.
07:18:23.437 INF Trace data written.
07:18:23.439 INF Trace data written.
07:18:23.439 INF Trace data written.
07:18:23.439 INF Done.
07:18:23.439 INF Stopping profiler.
zerolog: could not write event: write experiment-output/0005/slave-008/client-007.log: file already closed
zerolog: could not write event: write experiment-output/0005/slave-008/client-007.log: file already closed
zerolog: could not write event: write experiment-output/0005/slave-008/client-007.log: file already closed
zerolog: could not write event: write experiment-output/0005/slave-008/client-007.log: file already closed
zerolog: could not write event: write experiment-output/0005/slave-008/client-005.log: file already closed
zerolog: could not write event: write experiment-output/0005/slave-008/client-005.log: file already closed
zerolog: could not write event: write experiment-output/0005/slave-008/client-005.log: file already closed
zerolog: could not write event: write experiment-output/0005/slave-008/client-005.log: file already closed
zerolog: could not write event: write experiment-output/0005/slave-008/client-056.log: file already closed
zerolog: could not write event: write experiment-output/0005/slave-008/client-009.log: file already closed
zerolog: could not write event: write experiment-output/0005/slave-008/client-009.log: file already closed
zerolog: could not write event: write experiment-output/0005/slave-008/client-009.log: file already closed
zerolog: could not write event: write experiment-output/0005/slave-008/client-009.log: file already closed
zerolog: could not write event: write experiment-output/0005/slave-008/client-010.log: file already closed
zerolog: could not write event: write experiment-output/0005/slave-008/client-010.log: file already closed
zerolog: could not write event: write experiment-output/0005/slave-008/client-010.log: file already closed
zerolog: could not write event: write experiment-output/0005/slave-008/client-010.log: file already closed
zerolog: could not write event: write experiment-output/0005/slave-008/client-027.log: file already closed
zerolog: could not write event: write experiment-output/0005/slave-008/client-027.log: file already closed
zerolog: could not write event: write experiment-output/0005/slave-008/client-027.log: file already closed
zerolog: could not write event: write experiment-output/0005/slave-008/client-056.log: file already closed
zerolog: could not write event: write experiment-output/0005/slave-008/client-027.log: file already closed
zerolog: could not write event: write experiment-output/0005/slave-008/client-056.log: file already closed
zerolog: could not write event: write experiment-output/0005/slave-008/client-015.log: file already closed
zerolog: could not write event: write experiment-output/0005/slave-008/client-056.log: file already closed
zerolog: could not write event: write experiment-output/0005/slave-008/client-015.log: file already closed
zerolog: could not write event: write experiment-output/0005/slave-008/client-015.log: file already closed
zerolog: could not write event: write experiment-output/0005/slave-008/client-011.log: file already closed
zerolog: could not write event: write experiment-output/0005/slave-008/client-011.log: file already closed
zerolog: could not write event: write experiment-output/0005/slave-008/client-011.log: file already closed
zerolog: could not write event: write experiment-output/0005/slave-008/client-015.log: file already closed
zerolog: could not write event: write experiment-output/0005/slave-008/client-011.log: file already closed
zerolog: could not write event: write experiment-output/0005/slave-008/client-007.log: file already closed
zerolog: could not write event: write experiment-output/0005/slave-008/client-007.log: file already closed
zerolog: could not write event: write experiment-output/0005/slave-008/client-007.log: file already closed
zerolog: could not write event: write experiment-output/0005/slave-008/client-007.log: file already closed
zerolog: could not write event: write experiment-output/0005/slave-008/client-005.log: file already closed
zerolog: could not write event: write experiment-output/0005/slave-008/client-005.log: file already closed
zerolog: could not write event: write experiment-output/0005/slave-008/client-005.log: file already closed
zerolog: could not write event: write experiment-output/0005/slave-008/client-056.log: file already closed
zerolog: could not write event: write experiment-output/0005/slave-008/client-005.log: file already closed
zerolog: could not write event: write experiment-output/0005/slave-008/client-056.log: file already closed
zerolog: could not write event: write experiment-output/0005/slave-008/client-009.log: file already closed
zerolog: could not write event: write experiment-output/0005/slave-008/client-010.log: file already closed
zerolog: could not write event: write experiment-output/0005/slave-008/client-015.log: file already closed
zerolog: could not write event: write experiment-output/0005/slave-008/client-011.log: file already closed
zerolog: could not write event: write experiment-output/0005/slave-008/client-010.log: file already closed
zerolog: could not write event: write experiment-output/0005/slave-008/client-015.log: file already closed
zerolog: could not write event: write experiment-output/0005/slave-008/client-009.log: file already closed
zerolog: could not write event: write experiment-output/0005/slave-008/client-056.log: file already closed
zerolog: could not write event: write experiment-output/0005/slave-008/client-009.log: file already closed
zerolog: could not write event: write experiment-output/0005/slave-008/client-027.log: file already closed
zerolog: could not write event: write experiment-output/0005/slave-008/client-010.log: file already closed
zerolog: could not write event: write experiment-output/0005/slave-008/client-015.log: file already closed
zerolog: could not write event: write experiment-output/0005/slave-008/client-010.log: file already closed
zerolog: could not write event: write experiment-output/0005/slave-008/client-009.log: file already closed
zerolog: could not write event: write experiment-output/0005/slave-008/client-027.log: file already closed
zerolog: could not write event: write experiment-output/0005/slave-008/client-011.log: file already closed
zerolog: could not write event: write experiment-output/0005/slave-008/client-027.log: file already closed
zerolog: could not write event: write experiment-output/0005/slave-008/client-011.log: file already closed
zerolog: could not write event: write experiment-output/0005/slave-008/client-027.log: file already closed
zerolog: could not write event: write experiment-output/0005/slave-008/client-011.log: file already closed
zerolog: could not write event: write experiment-output/0005/slave-008/client-015.log: file already closed
zerolog: could not write event: write experiment-output/0005/slave-008/client-056.log: file already closed
zerolog: could not write event: write experiment-output/0005/slave-008/client-007.log: file already closed
zerolog: could not write event: write experiment-output/0005/slave-008/client-007.log: file already closed
zerolog: could not write event: write experiment-output/0005/slave-008/client-007.log: file already closed
zerolog: could not write event: write experiment-output/0005/slave-008/client-007.log: file already closed
zerolog: could not write event: write experiment-output/0005/slave-008/client-005.log: file already closed
zerolog: could not write event: write experiment-output/0005/slave-008/client-056.log: file already closed
zerolog: could not write event: write experiment-output/0005/slave-008/client-056.log: file already closed
zerolog: could not write event: write experiment-output/0005/slave-008/client-009.log: file already closed
zerolog: could not write event: write experiment-output/0005/slave-008/client-005.log: file already closed
zerolog: could not write event: write experiment-output/0005/slave-008/client-010.log: file already closed
zerolog: could not write event: write experiment-output/0005/slave-008/client-005.log: file already closed
zerolog: could not write event: write experiment-output/0005/slave-008/client-005.log: file already closed
zerolog: could not write event: write experiment-output/0005/slave-008/client-056.log: file already closed
zerolog: could not write event: write experiment-output/0005/slave-008/client-009.log: file already closed
zerolog: could not write event: write experiment-output/0005/slave-008/client-011.log: file already closed
zerolog: could not write event: write experiment-output/0005/slave-008/client-010.log: file already closed
zerolog: could not write event: write experiment-output/0005/slave-008/client-011.log: file already closed
zerolog: could not write event: write experiment-output/0005/slave-008/client-027.log: file already closed
zerolog: could not write event: write experiment-output/0005/slave-008/client-009.log: file already closed
zerolog: could not write event: write experiment-output/0005/slave-008/client-010.log: file already closed
zerolog: could not write event: write experiment-output/0005/slave-008/client-010.log: file already closed
zerolog: could not write event: write experiment-output/0005/slave-008/client-015.log: file already closed
zerolog: could not write event: write experiment-output/0005/slave-008/client-015.log: file already closed
zerolog: could not write event: write experiment-output/0005/slave-008/client-027.log: file already closed
zerolog: could not write event: write experiment-output/0005/slave-008/client-027.log: file already closed
zerolog: could not write event: write experiment-output/0005/slave-008/client-056.log: file already closed
zerolog: could not write event: write experiment-output/0005/slave-008/client-015.log: file already closed
zerolog: could not write event: write experiment-output/0005/slave-008/client-011.log: file already closed
zerolog: could not write event: write experiment-output/0005/slave-008/client-027.log: file already closed
zerolog: could not write event: write experiment-output/0005/slave-008/client-011.log: file already closed
zerolog: could not write event: write experiment-output/0005/slave-008/client-015.log: file already closed
zerolog: could not write event: write experiment-output/0005/slave-008/client-009.log: file already closed
07:18:23.632 INF Profile data written. filename=experiment-output/0005/slave-008/prof-client.cpu name=cpu
07:18:23.651 INF Profile data written. filename=experiment-output/0005/slave-008/prof-client.block name=block
07:18:23.660 INF Profile data written. filename=experiment-output/0005/slave-008/prof-client.mutex name=mutex
