{"level":"debug","Logging":"info","time":"2023-03-21T08:18:15Z","message":"Config"}
{"level":"debug","UseTLS":false,"time":"2023-03-21T08:18:15Z","message":"Config"}
{"level":"debug","CACertFile":"tls-data/ca.pem","time":"2023-03-21T08:18:15Z","message":"Config"}
{"level":"debug","KeyFile":"tls-data/auth.key","time":"2023-03-21T08:18:15Z","message":"Config"}
{"level":"debug","CertFile":"tls-data/auth.pem","time":"2023-03-21T08:18:15Z","message":"Config"}
{"level":"debug","PriorityConnections":2,"time":"2023-03-21T08:18:15Z","message":"Config"}
{"level":"debug","BasicConnections":1,"time":"2023-03-21T08:18:15Z","message":"Config"}
{"level":"debug","TestConnections":false,"time":"2023-03-21T08:18:15Z","message":"Config"}
{"level":"debug","ExcessConnections":1,"time":"2023-03-21T08:18:15Z","message":"Config"}
{"level":"debug","ConnectionTestMsgs":4,"time":"2023-03-21T08:18:15Z","message":"Config"}
{"level":"debug","ConnectionTestPayload":131072,"time":"2023-03-21T08:18:15Z","message":"Config"}
{"level":"debug","OutMessageBufsize":1024,"time":"2023-03-21T08:18:15Z","message":"Config"}
{"level":"debug","OutMessageBufsize":4,"time":"2023-03-21T08:18:15Z","message":"Config"}
{"level":"debug","ThroughputCap":131072000,"time":"2023-03-21T08:18:15Z","message":"Config"}
{"level":"debug","StragglerTolerance":1000,"time":"2023-03-21T08:18:15Z","message":"Config"}
{"level":"debug","BatchSizeIncrement":256,"time":"2023-03-21T08:18:15Z","message":"Config"}
{"level":"debug","Orderer":"Pbft","time":"2023-03-21T08:18:15Z","message":"Config"}
{"level":"debug","Manager":"Mir","time":"2023-03-21T08:18:15Z","message":"Config"}
{"level":"debug","Failures":0,"time":"2023-03-21T08:18:15Z","message":"Config"}
{"level":"debug","StragglerCnt":1,"time":"2023-03-21T08:18:15Z","message":"Config"}
{"level":"debug","PrivKeyCnt":10,"time":"2023-03-21T08:18:15Z","message":"Config"}
{"level":"debug","UseSig":false,"time":"2023-03-21T08:18:15Z","message":"Config"}
{"level":"debug","TnCheckpointCnt":3,"time":"2023-03-21T08:18:15Z","message":"Config"}
{"level":"debug","CrashTiming":"Straggler","time":"2023-03-21T08:18:15Z","message":"Config"}
{"level":"debug","CheckpointInterval":256,"time":"2023-03-21T08:18:15Z","message":"Config"}
{"level":"debug","WatermarkWindowSize":256,"time":"2023-03-21T08:18:15Z","message":"Config"}
{"level":"debug","EpochLength":256,"time":"2023-03-21T08:18:15Z","message":"Config"}
{"level":"debug","SegmentLength":16,"time":"2023-03-21T08:18:15Z","message":"Config"}
{"level":"debug","WaitForCheckpoints":true,"time":"2023-03-21T08:18:15Z","message":"Config"}
{"level":"debug","ClientWatermarkWindowSize":16384,"time":"2023-03-21T08:18:15Z","message":"Config"}
{"level":"debug","ClientRequestBacklogSize":16384,"time":"2023-03-21T08:18:15Z","message":"Config"}
{"level":"debug","RandomSeed":23281,"time":"2023-03-21T08:18:15Z","message":"Config"}
{"level":"debug","NodeToLeaderRatio":1,"time":"2023-03-21T08:18:15Z","message":"Config"}
{"level":"debug","LeaderPolicy":"Simple","time":"2023-03-21T08:18:15Z","message":"Config"}
{"level":"debug","DefaultLeaderBan":2,"time":"2023-03-21T08:18:15Z","message":"Config"}
{"level":"debug","NumBuckets":256,"time":"2023-03-21T08:18:15Z","message":"Config"}
{"level":"debug","BatchSize":1000,"time":"2023-03-21T08:18:15Z","message":"Config"}
{"level":"debug","DisabledViewChange":false,"time":"2023-03-21T08:18:15Z","message":"Config"}
{"level":"debug","ViewChangeTimeout":60000,"time":"2023-03-21T08:18:15Z","message":"Config"}
{"level":"debug","ClientTraceSampling":10,"time":"2023-03-21T08:18:15Z","message":"Config"}
{"level":"debug","EventBufferSize":2097152,"time":"2023-03-21T08:18:15Z","message":"Config"}
{"level":"debug","TraceSampling":1,"time":"2023-03-21T08:18:15Z","message":"Config"}
{"level":"debug","ClientsPerProcess":8,"time":"2023-03-21T08:18:15Z","message":"Config"}
{"level":"debug","RequestsPerClient":7031,"time":"2023-03-21T08:18:15Z","message":"Config"}
{"level":"debug","ClientRunTime":15000,"time":"2023-03-21T08:18:15Z","message":"Config"}
{"level":"debug","RequestRate":234,"time":"2023-03-21T08:18:15Z","message":"Config"}
{"level":"debug","HardRequestRateLimit":false,"time":"2023-03-21T08:18:15Z","message":"Config"}
{"level":"debug","RequestPayloadSize":500,"time":"2023-03-21T08:18:15Z","message":"Config"}
{"level":"debug","SignRequests":true,"time":"2023-03-21T08:18:15Z","message":"Config"}
{"level":"debug","ClientPrivKeyFile":"tls-data/client-ecdsa-256.key","time":"2023-03-21T08:18:15Z","message":"Config"}
{"level":"debug","ClientPubKeyFile":"tls-data/client-ecdsa-256.pem","time":"2023-03-21T08:18:15Z","message":"Config"}
{"level":"debug","PrecomputeRequests":false,"time":"2023-03-21T08:18:15Z","message":"Config"}
{"level":"debug","RequestHandlerThreads":32,"time":"2023-03-21T08:18:15Z","message":"Config"}
{"level":"debug","RequestInputChannelBuffer":8192,"time":"2023-03-21T08:18:15Z","message":"Config"}
{"level":"debug","BatchVerifier":"external","time":"2023-03-21T08:18:15Z","message":"Config"}
08:18:15.237 INF Started Profiler: CPU
08:18:15.237 INF Started Profiler: BLOCK
08:18:15.237 INF Started Profiler: MUTEX
08:18:15.237 INF Starting clients. numClients=8 numRequests=7031
08:18:15.237 INF Initilizing clients.
08:18:15.802 INF Registared with discovery server. numOrderers=16 ownClientId=201
08:18:15.802 INF Registared with discovery server. numOrderers=16 ownClientId=199
08:18:15.803 INF Registared with discovery server. numOrderers=16 ownClientId=208
08:18:15.803 INF Registared with discovery server. numOrderers=16 ownClientId=205
08:18:15.803 INF Registared with discovery server. numOrderers=16 ownClientId=223
08:18:15.803 INF Registared with discovery server. numOrderers=16 ownClientId=218
08:18:15.805 INF Registared with discovery server. numOrderers=16 ownClientId=248
08:18:15.806 INF Registared with discovery server. numOrderers=16 ownClientId=254
08:18:15.806 INF Clients initialized.
08:18:15.806 INF Launching clients.
08:18:15.806 INF Waiting for clients.
08:19:21.275 INF Stopping Tracer. events=1922 fileName=experiment-output/0000/slave-042/client-223.trc
zerolog: could not write event: write experiment-output/0000/slave-042/client-223.log: file already closed
zerolog: could not write event: write experiment-output/0000/slave-042/client-223.log: file already closed
zerolog: could not write event: write experiment-output/0000/slave-042/client-223.log: file already closed
zerolog: could not write event: write experiment-output/0000/slave-042/client-223.log: file already closed
08:19:21.277 INF Stopping Tracer. events=1846 fileName=experiment-output/0000/slave-042/client-205.trc
zerolog: could not write event: write experiment-output/0000/slave-042/client-205.log: file already closed
08:19:21.278 INF Stopping Tracer. events=1643 fileName=experiment-output/0000/slave-042/client-208.trc
08:19:21.278 INF Stopping Tracer. events=1532 fileName=experiment-output/0000/slave-042/client-248.trc
zerolog: could not write event: write experiment-output/0000/slave-042/client-205.log: file already closed
zerolog: could not write event: write experiment-output/0000/slave-042/client-205.log: file already closed
zerolog: could not write event: write experiment-output/0000/slave-042/client-205.log: file already closed
zerolog: could not write event: write experiment-output/0000/slave-042/client-248.log: file already closed
zerolog: could not write event: write experiment-output/0000/slave-042/client-248.log: file already closed
zerolog: could not write event: write experiment-output/0000/slave-042/client-208.log: file already closed
zerolog: could not write event: write experiment-output/0000/slave-042/client-208.log: file already closed
zerolog: could not write event: write experiment-output/0000/slave-042/client-208.log: file already closed
zerolog: could not write event: write experiment-output/0000/slave-042/client-208.log: file already closed
zerolog: could not write event: write experiment-output/0000/slave-042/client-248.log: file already closed
zerolog: could not write event: write experiment-output/0000/slave-042/client-248.log: file already closed
08:19:21.279 INF Trace data written.
08:19:21.281 INF Trace data written.
08:19:21.281 INF Trace data written.
08:19:21.281 INF Trace data written.
08:19:21.281 INF Stopping Tracer. events=1707 fileName=experiment-output/0000/slave-042/client-201.trc
08:19:21.282 INF Stopping Tracer. events=1579 fileName=experiment-output/0000/slave-042/client-254.trc
08:19:21.282 INF Stopping Tracer. events=1812 fileName=experiment-output/0000/slave-042/client-199.trc
zerolog: could not write event: write experiment-output/0000/slave-042/client-201.log: file already closed
zerolog: could not write event: write experiment-output/0000/slave-042/client-201.log: file already closed
zerolog: could not write event: write experiment-output/0000/slave-042/client-201.log: file already closed
zerolog: could not write event: write experiment-output/0000/slave-042/client-201.log: file already closed
08:19:21.282 INF Stopping Tracer. events=1604 fileName=experiment-output/0000/slave-042/client-218.trc
zerolog: could not write event: write experiment-output/0000/slave-042/client-254.log: file already closed
zerolog: could not write event: write experiment-output/0000/slave-042/client-254.log: file already closed
zerolog: could not write event: write experiment-output/0000/slave-042/client-254.log: file already closed
zerolog: could not write event: write experiment-output/0000/slave-042/client-254.log: file already closed
zerolog: could not write event: write experiment-output/0000/slave-042/client-199.log: file already closed
zerolog: could not write event: write experiment-output/0000/slave-042/client-199.log: file already closed
zerolog: could not write event: write experiment-output/0000/slave-042/client-199.log: file already closed
zerolog: could not write event: write experiment-output/0000/slave-042/client-218.log: file already closed
zerolog: could not write event: write experiment-output/0000/slave-042/client-218.log: file already closed
zerolog: could not write event: write experiment-output/0000/slave-042/client-199.log: file already closed
zerolog: could not write event: write experiment-output/0000/slave-042/client-218.log: file already closed
zerolog: could not write event: write experiment-output/0000/slave-042/client-218.log: file already closed
08:19:21.285 INF Trace data written.
08:19:21.286 INF Trace data written.
08:19:21.286 INF Trace data written.
08:19:21.286 INF Trace data written.
08:19:21.286 INF Done.
08:19:21.286 INF Stopping profiler.
zerolog: could not write event: write experiment-output/0000/slave-042/client-223.log: file already closed
zerolog: could not write event: write experiment-output/0000/slave-042/client-208.log: file already closed
zerolog: could not write event: write experiment-output/0000/slave-042/client-205.log: file already closed
zerolog: could not write event: write experiment-output/0000/slave-042/client-208.log: file already closed
zerolog: could not write event: write experiment-output/0000/slave-042/client-208.log: file already closed
zerolog: could not write event: write experiment-output/0000/slave-042/client-254.log: file already closed
zerolog: could not write event: write experiment-output/0000/slave-042/client-201.log: file already closed
zerolog: could not write event: write experiment-output/0000/slave-042/client-201.log: file already closed
zerolog: could not write event: write experiment-output/0000/slave-042/client-199.log: file already closed
zerolog: could not write event: write experiment-output/0000/slave-042/client-218.log: file already closed
zerolog: could not write event: write experiment-output/0000/slave-042/client-201.log: file already closed
zerolog: could not write event: write experiment-output/0000/slave-042/client-254.log: file already closed
zerolog: could not write event: write experiment-output/0000/slave-042/client-199.log: file already closed
zerolog: could not write event: write experiment-output/0000/slave-042/client-223.log: file already closed
zerolog: could not write event: write experiment-output/0000/slave-042/client-223.log: file already closed
zerolog: could not write event: write experiment-output/0000/slave-042/client-248.log: file already closed
zerolog: could not write event: write experiment-output/0000/slave-042/client-205.log: file already closed
zerolog: could not write event: write experiment-output/0000/slave-042/client-208.log: file already closed
zerolog: could not write event: write experiment-output/0000/slave-042/client-248.log: file already closed
zerolog: could not write event: write experiment-output/0000/slave-042/client-248.log: file already closed
zerolog: could not write event: write experiment-output/0000/slave-042/client-223.log: file already closed
zerolog: could not write event: write experiment-output/0000/slave-042/client-205.log: file already closed
zerolog: could not write event: write experiment-output/0000/slave-042/client-205.log: file already closed
zerolog: could not write event: write experiment-output/0000/slave-042/client-248.log: file already closed
zerolog: could not write event: write experiment-output/0000/slave-042/client-199.log: file already closed
zerolog: could not write event: write experiment-output/0000/slave-042/client-218.log: file already closed
zerolog: could not write event: write experiment-output/0000/slave-042/client-254.log: file already closed
zerolog: could not write event: write experiment-output/0000/slave-042/client-201.log: file already closed
zerolog: could not write event: write experiment-output/0000/slave-042/client-199.log: file already closed
zerolog: could not write event: write experiment-output/0000/slave-042/client-218.log: file already closed
zerolog: could not write event: write experiment-output/0000/slave-042/client-254.log: file already closed
zerolog: could not write event: write experiment-output/0000/slave-042/client-218.log: file already closed
zerolog: could not write event: write experiment-output/0000/slave-042/client-223.log: file already closed
zerolog: could not write event: write experiment-output/0000/slave-042/client-223.log: file already closed
zerolog: could not write event: write experiment-output/0000/slave-042/client-223.log: file already closed
zerolog: could not write event: write experiment-output/0000/slave-042/client-223.log: file already closed
zerolog: could not write event: write experiment-output/0000/slave-042/client-205.log: file already closed
zerolog: could not write event: write experiment-output/0000/slave-042/client-208.log: file already closed
zerolog: could not write event: write experiment-output/0000/slave-042/client-205.log: file already closed
zerolog: could not write event: write experiment-output/0000/slave-042/client-248.log: file already closed
zerolog: could not write event: write experiment-output/0000/slave-042/client-205.log: file already closed
zerolog: could not write event: write experiment-output/0000/slave-042/client-208.log: file already closed
zerolog: could not write event: write experiment-output/0000/slave-042/client-248.log: file already closed
zerolog: could not write event: write experiment-output/0000/slave-042/client-205.log: file already closed
zerolog: could not write event: write experiment-output/0000/slave-042/client-248.log: file already closed
zerolog: could not write event: write experiment-output/0000/slave-042/client-208.log: file already closed
zerolog: could not write event: write experiment-output/0000/slave-042/client-248.log: file already closed
zerolog: could not write event: write experiment-output/0000/slave-042/client-208.log: file already closed
zerolog: could not write event: write experiment-output/0000/slave-042/client-201.log: file already closed
zerolog: could not write event: write experiment-output/0000/slave-042/client-201.log: file already closed
zerolog: could not write event: write experiment-output/0000/slave-042/client-201.log: file already closed
zerolog: could not write event: write experiment-output/0000/slave-042/client-201.log: file already closed
zerolog: could not write event: write experiment-output/0000/slave-042/client-254.log: file already closed
zerolog: could not write event: write experiment-output/0000/slave-042/client-199.log: file already closed
zerolog: could not write event: write experiment-output/0000/slave-042/client-254.log: file already closed
zerolog: could not write event: write experiment-output/0000/slave-042/client-254.log: file already closed
zerolog: could not write event: write experiment-output/0000/slave-042/client-199.log: file already closed
zerolog: could not write event: write experiment-output/0000/slave-042/client-199.log: file already closed
zerolog: could not write event: write experiment-output/0000/slave-042/client-218.log: file already closed
zerolog: could not write event: write experiment-output/0000/slave-042/client-254.log: file already closed
zerolog: could not write event: write experiment-output/0000/slave-042/client-218.log: file already closed
zerolog: could not write event: write experiment-output/0000/slave-042/client-199.log: file already closed
zerolog: could not write event: write experiment-output/0000/slave-042/client-218.log: file already closed
zerolog: could not write event: write experiment-output/0000/slave-042/client-218.log: file already closed
08:19:21.486 INF Profile data written. filename=experiment-output/0000/slave-042/prof-client.cpu name=cpu
08:19:21.505 INF Profile data written. filename=experiment-output/0000/slave-042/prof-client.block name=block
08:19:21.512 INF Profile data written. filename=experiment-output/0000/slave-042/prof-client.mutex name=mutex
