{"level":"debug","Logging":"info","time":"2023-03-25T07:10:21Z","message":"Config"}
{"level":"debug","UseTLS":false,"time":"2023-03-25T07:10:21Z","message":"Config"}
{"level":"debug","CACertFile":"tls-data/ca.pem","time":"2023-03-25T07:10:21Z","message":"Config"}
{"level":"debug","KeyFile":"tls-data/auth.key","time":"2023-03-25T07:10:21Z","message":"Config"}
{"level":"debug","CertFile":"tls-data/auth.pem","time":"2023-03-25T07:10:21Z","message":"Config"}
{"level":"debug","PriorityConnections":2,"time":"2023-03-25T07:10:21Z","message":"Config"}
{"level":"debug","BasicConnections":1,"time":"2023-03-25T07:10:21Z","message":"Config"}
{"level":"debug","TestConnections":false,"time":"2023-03-25T07:10:21Z","message":"Config"}
{"level":"debug","ExcessConnections":1,"time":"2023-03-25T07:10:21Z","message":"Config"}
{"level":"debug","ConnectionTestMsgs":4,"time":"2023-03-25T07:10:21Z","message":"Config"}
{"level":"debug","ConnectionTestPayload":131072,"time":"2023-03-25T07:10:21Z","message":"Config"}
{"level":"debug","OutMessageBufsize":1024,"time":"2023-03-25T07:10:21Z","message":"Config"}
{"level":"debug","OutMessageBufsize":4,"time":"2023-03-25T07:10:21Z","message":"Config"}
{"level":"debug","ThroughputCap":131072000,"time":"2023-03-25T07:10:21Z","message":"Config"}
{"level":"debug","StragglerTolerance":1000,"time":"2023-03-25T07:10:21Z","message":"Config"}
{"level":"debug","BatchSizeIncrement":256,"time":"2023-03-25T07:10:21Z","message":"Config"}
{"level":"debug","Orderer":"Pbft","time":"2023-03-25T07:10:21Z","message":"Config"}
{"level":"debug","Manager":"Mir","time":"2023-03-25T07:10:21Z","message":"Config"}
{"level":"debug","Failures":0,"time":"2023-03-25T07:10:21Z","message":"Config"}
{"level":"debug","StragglerCnt":0,"time":"2023-03-25T07:10:21Z","message":"Config"}
{"level":"debug","PrivKeyCnt":10,"time":"2023-03-25T07:10:21Z","message":"Config"}
{"level":"debug","UseSig":false,"time":"2023-03-25T07:10:21Z","message":"Config"}
{"level":"debug","CrashTiming":"Straggler","time":"2023-03-25T07:10:21Z","message":"Config"}
{"level":"debug","CheckpointInterval":512,"time":"2023-03-25T07:10:21Z","message":"Config"}
{"level":"debug","WatermarkWindowSize":512,"time":"2023-03-25T07:10:21Z","message":"Config"}
{"level":"debug","EpochLength":512,"time":"2023-03-25T07:10:21Z","message":"Config"}
{"level":"debug","SegmentLength":32,"time":"2023-03-25T07:10:21Z","message":"Config"}
{"level":"debug","WaitForCheckpoints":true,"time":"2023-03-25T07:10:21Z","message":"Config"}
{"level":"debug","ClientWatermarkWindowSize":16384,"time":"2023-03-25T07:10:21Z","message":"Config"}
{"level":"debug","ClientRequestBacklogSize":16384,"time":"2023-03-25T07:10:21Z","message":"Config"}
{"level":"debug","RandomSeed":16331,"time":"2023-03-25T07:10:21Z","message":"Config"}
{"level":"debug","NodeToLeaderRatio":1,"time":"2023-03-25T07:10:21Z","message":"Config"}
{"level":"debug","LeaderPolicy":"Simple","time":"2023-03-25T07:10:21Z","message":"Config"}
{"level":"debug","DefaultLeaderBan":2,"time":"2023-03-25T07:10:21Z","message":"Config"}
{"level":"debug","NumBuckets":256,"time":"2023-03-25T07:10:21Z","message":"Config"}
{"level":"debug","BatchSize":2500,"time":"2023-03-25T07:10:21Z","message":"Config"}
{"level":"debug","DisabledViewChange":false,"time":"2023-03-25T07:10:21Z","message":"Config"}
{"level":"debug","ViewChangeTimeout":60000,"time":"2023-03-25T07:10:21Z","message":"Config"}
{"level":"debug","ClientTraceSampling":10,"time":"2023-03-25T07:10:21Z","message":"Config"}
{"level":"debug","EventBufferSize":2097152,"time":"2023-03-25T07:10:21Z","message":"Config"}
{"level":"debug","TraceSampling":1,"time":"2023-03-25T07:10:21Z","message":"Config"}
{"level":"debug","ClientsPerProcess":8,"time":"2023-03-25T07:10:21Z","message":"Config"}
{"level":"debug","RequestsPerClient":4687,"time":"2023-03-25T07:10:21Z","message":"Config"}
{"level":"debug","ClientRunTime":15000,"time":"2023-03-25T07:10:21Z","message":"Config"}
{"level":"debug","RequestRate":156,"time":"2023-03-25T07:10:21Z","message":"Config"}
{"level":"debug","HardRequestRateLimit":false,"time":"2023-03-25T07:10:21Z","message":"Config"}
{"level":"debug","RequestPayloadSize":500,"time":"2023-03-25T07:10:21Z","message":"Config"}
{"level":"debug","SignRequests":true,"time":"2023-03-25T07:10:21Z","message":"Config"}
{"level":"debug","ClientPrivKeyFile":"tls-data/client-ecdsa-256.key","time":"2023-03-25T07:10:21Z","message":"Config"}
{"level":"debug","ClientPubKeyFile":"tls-data/client-ecdsa-256.pem","time":"2023-03-25T07:10:21Z","message":"Config"}
{"level":"debug","PrecomputeRequests":false,"time":"2023-03-25T07:10:21Z","message":"Config"}
{"level":"debug","RequestHandlerThreads":32,"time":"2023-03-25T07:10:21Z","message":"Config"}
{"level":"debug","RequestInputChannelBuffer":8192,"time":"2023-03-25T07:10:21Z","message":"Config"}
{"level":"debug","BatchVerifier":"external","time":"2023-03-25T07:10:21Z","message":"Config"}
07:10:21.961 INF Started Profiler: CPU
07:10:21.961 INF Started Profiler: BLOCK
07:10:21.961 INF Started Profiler: MUTEX
07:10:21.961 INF Starting clients. numClients=8 numRequests=4687
07:10:21.961 INF Initilizing clients.
07:10:22.241 INF Registared with discovery server. numOrderers=16 ownClientId=67
07:10:22.241 INF Registared with discovery server. numOrderers=16 ownClientId=69
07:10:22.241 INF Registared with discovery server. numOrderers=16 ownClientId=73
07:10:22.241 INF Registared with discovery server. numOrderers=16 ownClientId=75
07:10:22.241 INF Registared with discovery server. numOrderers=16 ownClientId=78
07:10:22.241 INF Registared with discovery server. numOrderers=16 ownClientId=74
07:10:22.241 INF Registared with discovery server. numOrderers=16 ownClientId=70
07:10:22.241 INF Registared with discovery server. numOrderers=16 ownClientId=71
07:10:22.242 INF Clients initialized.
07:10:22.242 INF Launching clients.
07:10:22.242 INF Waiting for clients.
07:11:13.645 INF Stopping Tracer. events=980 fileName=experiment-output/0001/slave-024/client-075.trc
zerolog: could not write event: write experiment-output/0001/slave-024/client-075.log: file already closed
zerolog: could not write event: write experiment-output/0001/slave-024/client-075.log: file already closed
zerolog: could not write event: write experiment-output/0001/slave-024/client-075.log: file already closed
zerolog: could not write event: write experiment-output/0001/slave-024/client-075.log: file already closed
07:11:13.647 INF Trace data written.
07:11:13.650 INF Stopping Tracer. events=973 fileName=experiment-output/0001/slave-024/client-073.trc
zerolog: could not write event: write experiment-output/0001/slave-024/client-073.log: file already closed
zerolog: could not write event: write experiment-output/0001/slave-024/client-073.log: file already closed
zerolog: could not write event: write experiment-output/0001/slave-024/client-073.log: file already closed
zerolog: could not write event: write experiment-output/0001/slave-024/client-073.log: file already closed
07:11:13.652 INF Trace data written.
07:11:13.673 INF Stopping Tracer. events=1357 fileName=experiment-output/0001/slave-024/client-074.trc
zerolog: could not write event: write experiment-output/0001/slave-024/client-074.log: file already closed
zerolog: could not write event: write experiment-output/0001/slave-024/client-074.log: file already closed
zerolog: could not write event: write experiment-output/0001/slave-024/client-074.log: file already closed
zerolog: could not write event: write experiment-output/0001/slave-024/client-074.log: file already closed
07:11:13.675 INF Trace data written.
07:11:13.680 INF Stopping Tracer. events=974 fileName=experiment-output/0001/slave-024/client-071.trc
07:11:13.680 INF Stopping Tracer. events=1392 fileName=experiment-output/0001/slave-024/client-078.trc
07:11:13.680 INF Stopping Tracer. events=976 fileName=experiment-output/0001/slave-024/client-067.trc
07:11:13.680 INF Stopping Tracer. events=1387 fileName=experiment-output/0001/slave-024/client-070.trc
07:11:13.680 INF Stopping Tracer. events=975 fileName=experiment-output/0001/slave-024/client-069.trc
zerolog: could not write event: write experiment-output/0001/slave-024/client-067.log: file already closed
zerolog: could not write event: write experiment-output/0001/slave-024/client-067.log: file already closed
zerolog: could not write event: write experiment-output/0001/slave-024/client-078.log: file already closed
zerolog: could not write event: write experiment-output/0001/slave-024/client-070.log: file already closed
zerolog: could not write event: write experiment-output/0001/slave-024/client-067.log: file already closed
zerolog: could not write event: write experiment-output/0001/slave-024/client-071.log: file already closed
zerolog: could not write event: write experiment-output/0001/slave-024/client-078.log: file already closed
zerolog: could not write event: write experiment-output/0001/slave-024/client-078.log: file already closed
zerolog: could not write event: write experiment-output/0001/slave-024/client-078.log: file already closed
zerolog: could not write event: write experiment-output/0001/slave-024/client-070.log: file already closed
zerolog: could not write event: write experiment-output/0001/slave-024/client-067.log: file already closed
zerolog: could not write event: write experiment-output/0001/slave-024/client-070.log: file already closed
zerolog: could not write event: write experiment-output/0001/slave-024/client-071.log: file already closed
zerolog: could not write event: write experiment-output/0001/slave-024/client-069.log: file already closed
zerolog: could not write event: write experiment-output/0001/slave-024/client-069.log: file already closed
zerolog: could not write event: write experiment-output/0001/slave-024/client-069.log: file already closed
zerolog: could not write event: write experiment-output/0001/slave-024/client-069.log: file already closed
zerolog: could not write event: write experiment-output/0001/slave-024/client-071.log: file already closed
zerolog: could not write event: write experiment-output/0001/slave-024/client-070.log: file already closed
zerolog: could not write event: write experiment-output/0001/slave-024/client-071.log: file already closed
07:11:13.682 INF Trace data written.
07:11:13.682 INF Trace data written.
07:11:13.683 INF Trace data written.
07:11:13.683 INF Trace data written.
07:11:13.683 INF Trace data written.
07:11:13.683 INF Done.
07:11:13.683 INF Stopping profiler.
zerolog: could not write event: write experiment-output/0001/slave-024/client-075.log: file already closed
zerolog: could not write event: write experiment-output/0001/slave-024/client-075.log: file already closed
zerolog: could not write event: write experiment-output/0001/slave-024/client-075.log: file already closed
zerolog: could not write event: write experiment-output/0001/slave-024/client-075.log: file already closed
zerolog: could not write event: write experiment-output/0001/slave-024/client-073.log: file already closed
zerolog: could not write event: write experiment-output/0001/slave-024/client-073.log: file already closed
zerolog: could not write event: write experiment-output/0001/slave-024/client-073.log: file already closed
zerolog: could not write event: write experiment-output/0001/slave-024/client-073.log: file already closed
zerolog: could not write event: write experiment-output/0001/slave-024/client-074.log: file already closed
zerolog: could not write event: write experiment-output/0001/slave-024/client-074.log: file already closed
zerolog: could not write event: write experiment-output/0001/slave-024/client-074.log: file already closed
zerolog: could not write event: write experiment-output/0001/slave-024/client-074.log: file already closed
zerolog: could not write event: write experiment-output/0001/slave-024/client-067.log: file already closed
zerolog: could not write event: write experiment-output/0001/slave-024/client-070.log: file already closed
zerolog: could not write event: write experiment-output/0001/slave-024/client-078.log: file already closed
zerolog: could not write event: write experiment-output/0001/slave-024/client-067.log: file already closed
zerolog: could not write event: write experiment-output/0001/slave-024/client-071.log: file already closed
zerolog: could not write event: write experiment-output/0001/slave-024/client-078.log: file already closed
zerolog: could not write event: write experiment-output/0001/slave-024/client-078.log: file already closed
zerolog: could not write event: write experiment-output/0001/slave-024/client-071.log: file already closed
zerolog: could not write event: write experiment-output/0001/slave-024/client-070.log: file already closed
zerolog: could not write event: write experiment-output/0001/slave-024/client-070.log: file already closed
zerolog: could not write event: write experiment-output/0001/slave-024/client-078.log: file already closed
zerolog: could not write event: write experiment-output/0001/slave-024/client-067.log: file already closed
zerolog: could not write event: write experiment-output/0001/slave-024/client-071.log: file already closed
zerolog: could not write event: write experiment-output/0001/slave-024/client-069.log: file already closed
zerolog: could not write event: write experiment-output/0001/slave-024/client-067.log: file already closed
zerolog: could not write event: write experiment-output/0001/slave-024/client-069.log: file already closed
zerolog: could not write event: write experiment-output/0001/slave-024/client-070.log: file already closed
zerolog: could not write event: write experiment-output/0001/slave-024/client-069.log: file already closed
zerolog: could not write event: write experiment-output/0001/slave-024/client-069.log: file already closed
zerolog: could not write event: write experiment-output/0001/slave-024/client-071.log: file already closed
07:11:13.819 INF Profile data written. filename=experiment-output/0001/slave-024/prof-client.cpu name=cpu
07:11:13.838 INF Profile data written. filename=experiment-output/0001/slave-024/prof-client.block name=block
07:11:13.844 INF Profile data written. filename=experiment-output/0001/slave-024/prof-client.mutex name=mutex
