{"level":"debug","Logging":"info","time":"2023-03-24T04:08:01Z","message":"Config"}
{"level":"debug","UseTLS":false,"time":"2023-03-24T04:08:01Z","message":"Config"}
{"level":"debug","CACertFile":"tls-data/ca.pem","time":"2023-03-24T04:08:01Z","message":"Config"}
{"level":"debug","KeyFile":"tls-data/auth.key","time":"2023-03-24T04:08:01Z","message":"Config"}
{"level":"debug","CertFile":"tls-data/auth.pem","time":"2023-03-24T04:08:01Z","message":"Config"}
{"level":"debug","PriorityConnections":2,"time":"2023-03-24T04:08:01Z","message":"Config"}
{"level":"debug","BasicConnections":1,"time":"2023-03-24T04:08:01Z","message":"Config"}
{"level":"debug","TestConnections":false,"time":"2023-03-24T04:08:01Z","message":"Config"}
{"level":"debug","ExcessConnections":1,"time":"2023-03-24T04:08:01Z","message":"Config"}
{"level":"debug","ConnectionTestMsgs":4,"time":"2023-03-24T04:08:01Z","message":"Config"}
{"level":"debug","ConnectionTestPayload":131072,"time":"2023-03-24T04:08:01Z","message":"Config"}
{"level":"debug","OutMessageBufsize":1024,"time":"2023-03-24T04:08:01Z","message":"Config"}
{"level":"debug","OutMessageBufsize":4,"time":"2023-03-24T04:08:01Z","message":"Config"}
{"level":"debug","ThroughputCap":131072000,"time":"2023-03-24T04:08:01Z","message":"Config"}
{"level":"debug","StragglerTolerance":1000,"time":"2023-03-24T04:08:01Z","message":"Config"}
{"level":"debug","BatchSizeIncrement":256,"time":"2023-03-24T04:08:01Z","message":"Config"}
{"level":"debug","Orderer":"Pbft","time":"2023-03-24T04:08:01Z","message":"Config"}
{"level":"debug","Manager":"Mir","time":"2023-03-24T04:08:01Z","message":"Config"}
{"level":"debug","Failures":0,"time":"2023-03-24T04:08:01Z","message":"Config"}
{"level":"debug","StragglerCnt":0,"time":"2023-03-24T04:08:01Z","message":"Config"}
{"level":"debug","CrashTiming":"Straggler","time":"2023-03-24T04:08:01Z","message":"Config"}
{"level":"debug","CheckpointInterval":256,"time":"2023-03-24T04:08:01Z","message":"Config"}
{"level":"debug","WatermarkWindowSize":256,"time":"2023-03-24T04:08:01Z","message":"Config"}
{"level":"debug","EpochLength":256,"time":"2023-03-24T04:08:01Z","message":"Config"}
{"level":"debug","SegmentLength":16,"time":"2023-03-24T04:08:01Z","message":"Config"}
{"level":"debug","WaitForCheckpoints":true,"time":"2023-03-24T04:08:01Z","message":"Config"}
{"level":"debug","ClientWatermarkWindowSize":16384,"time":"2023-03-24T04:08:01Z","message":"Config"}
{"level":"debug","ClientRequestBacklogSize":16384,"time":"2023-03-24T04:08:01Z","message":"Config"}
{"level":"debug","RandomSeed":1202,"time":"2023-03-24T04:08:01Z","message":"Config"}
{"level":"debug","NodeToLeaderRatio":1,"time":"2023-03-24T04:08:01Z","message":"Config"}
{"level":"debug","LeaderPolicy":"Simple","time":"2023-03-24T04:08:01Z","message":"Config"}
{"level":"debug","DefaultLeaderBan":2,"time":"2023-03-24T04:08:01Z","message":"Config"}
{"level":"debug","NumBuckets":256,"time":"2023-03-24T04:08:01Z","message":"Config"}
{"level":"debug","BatchSize":3000,"time":"2023-03-24T04:08:01Z","message":"Config"}
{"level":"debug","DisabledViewChange":false,"time":"2023-03-24T04:08:01Z","message":"Config"}
{"level":"debug","ViewChangeTimeout":60000,"time":"2023-03-24T04:08:01Z","message":"Config"}
{"level":"debug","ClientTraceSampling":10,"time":"2023-03-24T04:08:01Z","message":"Config"}
{"level":"debug","EventBufferSize":2097152,"time":"2023-03-24T04:08:01Z","message":"Config"}
{"level":"debug","TraceSampling":1,"time":"2023-03-24T04:08:01Z","message":"Config"}
{"level":"debug","ClientsPerProcess":8,"time":"2023-03-24T04:08:01Z","message":"Config"}
{"level":"debug","RequestsPerClient":11718,"time":"2023-03-24T04:08:01Z","message":"Config"}
{"level":"debug","ClientRunTime":15000,"time":"2023-03-24T04:08:01Z","message":"Config"}
{"level":"debug","RequestRate":390,"time":"2023-03-24T04:08:01Z","message":"Config"}
{"level":"debug","HardRequestRateLimit":false,"time":"2023-03-24T04:08:01Z","message":"Config"}
{"level":"debug","RequestPayloadSize":500,"time":"2023-03-24T04:08:01Z","message":"Config"}
{"level":"debug","SignRequests":true,"time":"2023-03-24T04:08:01Z","message":"Config"}
{"level":"debug","ClientPrivKeyFile":"tls-data/client-ecdsa-256.key","time":"2023-03-24T04:08:01Z","message":"Config"}
{"level":"debug","ClientPubKeyFile":"tls-data/client-ecdsa-256.pem","time":"2023-03-24T04:08:01Z","message":"Config"}
{"level":"debug","PrecomputeRequests":false,"time":"2023-03-24T04:08:01Z","message":"Config"}
{"level":"debug","RequestHandlerThreads":32,"time":"2023-03-24T04:08:01Z","message":"Config"}
{"level":"debug","RequestInputChannelBuffer":8192,"time":"2023-03-24T04:08:01Z","message":"Config"}
{"level":"debug","BatchVerifier":"external","time":"2023-03-24T04:08:01Z","message":"Config"}
04:08:01.389 INF Started Profiler: CPU
04:08:01.389 INF Started Profiler: BLOCK
04:08:01.389 INF Started Profiler: MUTEX
04:08:01.389 INF Starting clients. numClients=8 numRequests=11718
04:08:01.390 INF Initilizing clients.
04:08:01.955 INF Registared with discovery server. numOrderers=16 ownClientId=200
04:08:01.955 INF Registared with discovery server. numOrderers=16 ownClientId=222
04:08:01.955 INF Registared with discovery server. numOrderers=16 ownClientId=223
04:08:01.956 INF Registared with discovery server. numOrderers=16 ownClientId=215
04:08:01.956 INF Registared with discovery server. numOrderers=16 ownClientId=228
04:08:01.956 INF Registared with discovery server. numOrderers=16 ownClientId=234
04:08:01.957 INF Registared with discovery server. numOrderers=16 ownClientId=242
04:08:01.957 INF Registared with discovery server. numOrderers=16 ownClientId=252
04:08:01.957 INF Clients initialized.
04:08:01.957 INF Launching clients.
04:08:01.957 INF Waiting for clients.
04:08:22.388 INF Stopping Tracer. events=2793 fileName=experiment-output/0002/slave-020/client-200.trc
zerolog: could not write event: write experiment-output/0002/slave-020/client-200.log: file already closed
zerolog: could not write event: write experiment-output/0002/slave-020/client-200.log: file already closed
zerolog: could not write event: write experiment-output/0002/slave-020/client-200.log: file already closed
zerolog: could not write event: write experiment-output/0002/slave-020/client-200.log: file already closed
04:08:22.393 INF Trace data written.
04:08:22.395 INF Stopping Tracer. events=2766 fileName=experiment-output/0002/slave-020/client-252.trc
04:08:22.395 INF Stopping Tracer. events=3039 fileName=experiment-output/0002/slave-020/client-215.trc
04:08:22.396 INF Stopping Tracer. events=3321 fileName=experiment-output/0002/slave-020/client-223.trc
zerolog: could not write event: write experiment-output/0002/slave-020/client-252.log: file already closed
04:08:22.396 INF Stopping Tracer. events=2793 fileName=experiment-output/0002/slave-020/client-222.trc
zerolog: could not write event: write experiment-output/0002/slave-020/client-252.log: file already closed
zerolog: could not write event: write experiment-output/0002/slave-020/client-215.log: file already closed
zerolog: could not write event: write experiment-output/0002/slave-020/client-215.log: file already closed
zerolog: could not write event: write experiment-output/0002/slave-020/client-252.log: file already closed
zerolog: could not write event: write experiment-output/0002/slave-020/client-215.log: file already closed
zerolog: could not write event: write experiment-output/0002/slave-020/client-252.log: file already closed
zerolog: could not write event: write experiment-output/0002/slave-020/client-215.log: file already closed
zerolog: could not write event: write experiment-output/0002/slave-020/client-223.log: file already closed
zerolog: could not write event: write experiment-output/0002/slave-020/client-223.log: file already closed
zerolog: could not write event: write experiment-output/0002/slave-020/client-222.log: file already closed
zerolog: could not write event: write experiment-output/0002/slave-020/client-222.log: file already closed
zerolog: could not write event: write experiment-output/0002/slave-020/client-222.log: file already closed
zerolog: could not write event: write experiment-output/0002/slave-020/client-222.log: file already closed
zerolog: could not write event: write experiment-output/0002/slave-020/client-223.log: file already closed
04:08:22.397 INF Stopping Tracer. events=2738 fileName=experiment-output/0002/slave-020/client-242.trc
04:08:22.397 INF Stopping Tracer. events=2768 fileName=experiment-output/0002/slave-020/client-234.trc
zerolog: could not write event: write experiment-output/0002/slave-020/client-242.log: file already closed
zerolog: could not write event: write experiment-output/0002/slave-020/client-234.log: file already closed
zerolog: could not write event: write experiment-output/0002/slave-020/client-242.log: file already closed
zerolog: could not write event: write experiment-output/0002/slave-020/client-242.log: file already closed
zerolog: could not write event: write experiment-output/0002/slave-020/client-234.log: file already closed
zerolog: could not write event: write experiment-output/0002/slave-020/client-242.log: file already closed
zerolog: could not write event: write experiment-output/0002/slave-020/client-234.log: file already closed
zerolog: could not write event: write experiment-output/0002/slave-020/client-234.log: file already closed
04:08:22.398 INF Stopping Tracer. events=2734 fileName=experiment-output/0002/slave-020/client-228.trc
zerolog: could not write event: write experiment-output/0002/slave-020/client-223.log: file already closed
zerolog: could not write event: write experiment-output/0002/slave-020/client-228.log: file already closed
zerolog: could not write event: write experiment-output/0002/slave-020/client-228.log: file already closed
zerolog: could not write event: write experiment-output/0002/slave-020/client-228.log: file already closed
zerolog: could not write event: write experiment-output/0002/slave-020/client-228.log: file already closed
04:08:22.402 INF Trace data written.
04:08:22.402 INF Trace data written.
04:08:22.403 INF Trace data written.
04:08:22.403 INF Trace data written.
04:08:22.404 INF Trace data written.
04:08:22.404 INF Trace data written.
04:08:22.404 INF Trace data written.
04:08:22.404 INF Done.
04:08:22.404 INF Stopping profiler.
zerolog: could not write event: write experiment-output/0002/slave-020/client-200.log: file already closed
zerolog: could not write event: write experiment-output/0002/slave-020/client-215.log: file already closed
zerolog: could not write event: write experiment-output/0002/slave-020/client-215.log: file already closed
zerolog: could not write event: write experiment-output/0002/slave-020/client-252.log: file already closed
zerolog: could not write event: write experiment-output/0002/slave-020/client-252.log: file already closed
zerolog: could not write event: write experiment-output/0002/slave-020/client-222.log: file already closed
zerolog: could not write event: write experiment-output/0002/slave-020/client-223.log: file already closed
zerolog: could not write event: write experiment-output/0002/slave-020/client-215.log: file already closed
zerolog: could not write event: write experiment-output/0002/slave-020/client-223.log: file already closed
zerolog: could not write event: write experiment-output/0002/slave-020/client-242.log: file already closed
zerolog: could not write event: write experiment-output/0002/slave-020/client-242.log: file already closed
zerolog: could not write event: write experiment-output/0002/slave-020/client-228.log: file already closed
zerolog: could not write event: write experiment-output/0002/slave-020/client-228.log: file already closed
zerolog: could not write event: write experiment-output/0002/slave-020/client-234.log: file already closed
zerolog: could not write event: write experiment-output/0002/slave-020/client-228.log: file already closed
zerolog: could not write event: write experiment-output/0002/slave-020/client-200.log: file already closed
zerolog: could not write event: write experiment-output/0002/slave-020/client-200.log: file already closed
zerolog: could not write event: write experiment-output/0002/slave-020/client-200.log: file already closed
zerolog: could not write event: write experiment-output/0002/slave-020/client-252.log: file already closed
zerolog: could not write event: write experiment-output/0002/slave-020/client-215.log: file already closed
zerolog: could not write event: write experiment-output/0002/slave-020/client-252.log: file already closed
zerolog: could not write event: write experiment-output/0002/slave-020/client-222.log: file already closed
zerolog: could not write event: write experiment-output/0002/slave-020/client-222.log: file already closed
zerolog: could not write event: write experiment-output/0002/slave-020/client-223.log: file already closed
zerolog: could not write event: write experiment-output/0002/slave-020/client-234.log: file already closed
zerolog: could not write event: write experiment-output/0002/slave-020/client-242.log: file already closed
zerolog: could not write event: write experiment-output/0002/slave-020/client-234.log: file already closed
zerolog: could not write event: write experiment-output/0002/slave-020/client-223.log: file already closed
zerolog: could not write event: write experiment-output/0002/slave-020/client-222.log: file already closed
zerolog: could not write event: write experiment-output/0002/slave-020/client-228.log: file already closed
zerolog: could not write event: write experiment-output/0002/slave-020/client-234.log: file already closed
zerolog: could not write event: write experiment-output/0002/slave-020/client-242.log: file already closed
04:08:22.552 INF Profile data written. filename=experiment-output/0002/slave-020/prof-client.cpu name=cpu
04:08:22.568 INF Profile data written. filename=experiment-output/0002/slave-020/prof-client.block name=block
zerolog: could not write event: write experiment-output/0002/slave-020/client-200.log: file already closed
zerolog: could not write event: write experiment-output/0002/slave-020/client-200.log: file already closed
zerolog: could not write event: write experiment-output/0002/slave-020/client-200.log: file already closed
04:08:22.575 INF Profile data written. filename=experiment-output/0002/slave-020/prof-client.mutex name=mutex
