{"level":"debug","Logging":"info","time":"2023-03-24T03:00:56Z","message":"Config"}
{"level":"debug","UseTLS":false,"time":"2023-03-24T03:00:56Z","message":"Config"}
{"level":"debug","CACertFile":"tls-data/ca.pem","time":"2023-03-24T03:00:56Z","message":"Config"}
{"level":"debug","KeyFile":"tls-data/auth.key","time":"2023-03-24T03:00:56Z","message":"Config"}
{"level":"debug","CertFile":"tls-data/auth.pem","time":"2023-03-24T03:00:56Z","message":"Config"}
{"level":"debug","PriorityConnections":2,"time":"2023-03-24T03:00:56Z","message":"Config"}
{"level":"debug","BasicConnections":1,"time":"2023-03-24T03:00:56Z","message":"Config"}
{"level":"debug","TestConnections":false,"time":"2023-03-24T03:00:56Z","message":"Config"}
{"level":"debug","ExcessConnections":1,"time":"2023-03-24T03:00:56Z","message":"Config"}
{"level":"debug","ConnectionTestMsgs":4,"time":"2023-03-24T03:00:56Z","message":"Config"}
{"level":"debug","ConnectionTestPayload":131072,"time":"2023-03-24T03:00:56Z","message":"Config"}
{"level":"debug","OutMessageBufsize":1024,"time":"2023-03-24T03:00:56Z","message":"Config"}
{"level":"debug","OutMessageBufsize":4,"time":"2023-03-24T03:00:56Z","message":"Config"}
{"level":"debug","ThroughputCap":131072000,"time":"2023-03-24T03:00:56Z","message":"Config"}
{"level":"debug","StragglerTolerance":1000,"time":"2023-03-24T03:00:56Z","message":"Config"}
{"level":"debug","BatchSizeIncrement":256,"time":"2023-03-24T03:00:56Z","message":"Config"}
{"level":"debug","Orderer":"Pbft","time":"2023-03-24T03:00:56Z","message":"Config"}
{"level":"debug","Manager":"Mir","time":"2023-03-24T03:00:56Z","message":"Config"}
{"level":"debug","Failures":0,"time":"2023-03-24T03:00:56Z","message":"Config"}
{"level":"debug","StragglerCnt":1,"time":"2023-03-24T03:00:56Z","message":"Config"}
{"level":"debug","PrivKeyCnt":10,"time":"2023-03-24T03:00:56Z","message":"Config"}
{"level":"debug","UseSig":false,"time":"2023-03-24T03:00:56Z","message":"Config"}
{"level":"debug","CrashTiming":"Straggler","time":"2023-03-24T03:00:56Z","message":"Config"}
{"level":"debug","CheckpointInterval":512,"time":"2023-03-24T03:00:56Z","message":"Config"}
{"level":"debug","WatermarkWindowSize":512,"time":"2023-03-24T03:00:56Z","message":"Config"}
{"level":"debug","EpochLength":512,"time":"2023-03-24T03:00:56Z","message":"Config"}
{"level":"debug","SegmentLength":32,"time":"2023-03-24T03:00:56Z","message":"Config"}
{"level":"debug","WaitForCheckpoints":true,"time":"2023-03-24T03:00:56Z","message":"Config"}
{"level":"debug","ClientWatermarkWindowSize":16384,"time":"2023-03-24T03:00:56Z","message":"Config"}
{"level":"debug","ClientRequestBacklogSize":16384,"time":"2023-03-24T03:00:56Z","message":"Config"}
{"level":"debug","RandomSeed":17046,"time":"2023-03-24T03:00:56Z","message":"Config"}
{"level":"debug","NodeToLeaderRatio":1,"time":"2023-03-24T03:00:56Z","message":"Config"}
{"level":"debug","LeaderPolicy":"Simple","time":"2023-03-24T03:00:56Z","message":"Config"}
{"level":"debug","DefaultLeaderBan":2,"time":"2023-03-24T03:00:56Z","message":"Config"}
{"level":"debug","NumBuckets":256,"time":"2023-03-24T03:00:56Z","message":"Config"}
{"level":"debug","BatchSize":3000,"time":"2023-03-24T03:00:56Z","message":"Config"}
{"level":"debug","DisabledViewChange":false,"time":"2023-03-24T03:00:56Z","message":"Config"}
{"level":"debug","ViewChangeTimeout":60000,"time":"2023-03-24T03:00:56Z","message":"Config"}
{"level":"debug","ClientTraceSampling":10,"time":"2023-03-24T03:00:56Z","message":"Config"}
{"level":"debug","EventBufferSize":2097152,"time":"2023-03-24T03:00:56Z","message":"Config"}
{"level":"debug","TraceSampling":1,"time":"2023-03-24T03:00:56Z","message":"Config"}
{"level":"debug","ClientsPerProcess":8,"time":"2023-03-24T03:00:56Z","message":"Config"}
{"level":"debug","RequestsPerClient":3840,"time":"2023-03-24T03:00:56Z","message":"Config"}
{"level":"debug","ClientRunTime":15000,"time":"2023-03-24T03:00:56Z","message":"Config"}
{"level":"debug","RequestRate":128,"time":"2023-03-24T03:00:56Z","message":"Config"}
{"level":"debug","HardRequestRateLimit":false,"time":"2023-03-24T03:00:56Z","message":"Config"}
{"level":"debug","RequestPayloadSize":500,"time":"2023-03-24T03:00:56Z","message":"Config"}
{"level":"debug","SignRequests":true,"time":"2023-03-24T03:00:56Z","message":"Config"}
{"level":"debug","ClientPrivKeyFile":"tls-data/client-ecdsa-256.key","time":"2023-03-24T03:00:56Z","message":"Config"}
{"level":"debug","ClientPubKeyFile":"tls-data/client-ecdsa-256.pem","time":"2023-03-24T03:00:56Z","message":"Config"}
{"level":"debug","PrecomputeRequests":false,"time":"2023-03-24T03:00:56Z","message":"Config"}
{"level":"debug","RequestHandlerThreads":32,"time":"2023-03-24T03:00:56Z","message":"Config"}
{"level":"debug","RequestInputChannelBuffer":8192,"time":"2023-03-24T03:00:56Z","message":"Config"}
{"level":"debug","BatchVerifier":"external","time":"2023-03-24T03:00:56Z","message":"Config"}
03:00:56.209 INF Started Profiler: CPU
03:00:56.209 INF Started Profiler: BLOCK
03:00:56.209 INF Started Profiler: MUTEX
03:00:56.209 INF Starting clients. numClients=8 numRequests=3840
03:00:56.209 INF Initilizing clients.
03:00:56.774 INF Registared with discovery server. numOrderers=16 ownClientId=201
03:00:56.774 INF Registared with discovery server. numOrderers=16 ownClientId=220
03:00:56.775 INF Registared with discovery server. numOrderers=16 ownClientId=222
03:00:56.775 INF Registared with discovery server. numOrderers=16 ownClientId=228
03:00:56.775 INF Registared with discovery server. numOrderers=16 ownClientId=216
03:00:56.775 INF Registared with discovery server. numOrderers=16 ownClientId=221
03:00:56.775 INF Registared with discovery server. numOrderers=16 ownClientId=232
03:00:56.776 INF Registared with discovery server. numOrderers=16 ownClientId=243
03:00:56.776 INF Clients initialized.
03:00:56.776 INF Launching clients.
03:00:56.776 INF Waiting for clients.
03:01:39.215 INF Stopping Tracer. events=1032 fileName=experiment-output/0000/slave-036/client-228.trc
zerolog: could not write event: write experiment-output/0000/slave-036/client-228.log: file already closed
zerolog: could not write event: write experiment-output/0000/slave-036/client-228.log: file already closed
zerolog: could not write event: write experiment-output/0000/slave-036/client-228.log: file already closed
zerolog: could not write event: write experiment-output/0000/slave-036/client-228.log: file already closed
03:01:39.217 INF Trace data written.
03:01:39.235 INF Stopping Tracer. events=821 fileName=experiment-output/0000/slave-036/client-221.trc
03:01:39.235 INF Stopping Tracer. events=1147 fileName=experiment-output/0000/slave-036/client-220.trc
zerolog: could not write event: write experiment-output/0000/slave-036/client-221.log: file already closed
zerolog: could not write event: write experiment-output/0000/slave-036/client-221.log: file already closed
zerolog: could not write event: write experiment-output/0000/slave-036/client-221.log: file already closed
zerolog: could not write event: write experiment-output/0000/slave-036/client-220.log: file already closed
zerolog: could not write event: write experiment-output/0000/slave-036/client-221.log: file already closed
zerolog: could not write event: write experiment-output/0000/slave-036/client-220.log: file already closed
zerolog: could not write event: write experiment-output/0000/slave-036/client-220.log: file already closed
zerolog: could not write event: write experiment-output/0000/slave-036/client-220.log: file already closed
03:01:39.236 INF Trace data written.
03:01:39.237 INF Trace data written.
03:01:39.241 INF Stopping Tracer. events=806 fileName=experiment-output/0000/slave-036/client-201.trc
03:01:39.241 INF Stopping Tracer. events=1153 fileName=experiment-output/0000/slave-036/client-232.trc
03:01:39.241 INF Stopping Tracer. events=840 fileName=experiment-output/0000/slave-036/client-243.trc
03:01:39.241 INF Stopping Tracer. events=1142 fileName=experiment-output/0000/slave-036/client-222.trc
03:01:39.241 INF Stopping Tracer. events=1131 fileName=experiment-output/0000/slave-036/client-216.trc
zerolog: could not write event: write experiment-output/0000/slave-036/client-201.log: file already closed
zerolog: could not write event: write experiment-output/0000/slave-036/client-232.log: file already closed
zerolog: could not write event: write experiment-output/0000/slave-036/client-243.log: file already closed
zerolog: could not write event: write experiment-output/0000/slave-036/client-243.log: file already closed
zerolog: could not write event: write experiment-output/0000/slave-036/client-201.log: file already closed
zerolog: could not write event: write experiment-output/0000/slave-036/client-243.log: file already closed
zerolog: could not write event: write experiment-output/0000/slave-036/client-201.log: file already closed
zerolog: could not write event: write experiment-output/0000/slave-036/client-216.log: file already closed
zerolog: could not write event: write experiment-output/0000/slave-036/client-232.log: file already closed
zerolog: could not write event: write experiment-output/0000/slave-036/client-216.log: file already closed
zerolog: could not write event: write experiment-output/0000/slave-036/client-232.log: file already closed
zerolog: could not write event: write experiment-output/0000/slave-036/client-201.log: file already closed
zerolog: could not write event: write experiment-output/0000/slave-036/client-216.log: file already closed
zerolog: could not write event: write experiment-output/0000/slave-036/client-232.log: file already closed
zerolog: could not write event: write experiment-output/0000/slave-036/client-222.log: file already closed
zerolog: could not write event: write experiment-output/0000/slave-036/client-222.log: file already closed
zerolog: could not write event: write experiment-output/0000/slave-036/client-222.log: file already closed
zerolog: could not write event: write experiment-output/0000/slave-036/client-216.log: file already closed
zerolog: could not write event: write experiment-output/0000/slave-036/client-243.log: file already closed
zerolog: could not write event: write experiment-output/0000/slave-036/client-222.log: file already closed
03:01:39.243 INF Trace data written.
03:01:39.243 INF Trace data written.
03:01:39.243 INF Trace data written.
03:01:39.244 INF Trace data written.
03:01:39.244 INF Trace data written.
03:01:39.244 INF Done.
03:01:39.244 INF Stopping profiler.
zerolog: could not write event: write experiment-output/0000/slave-036/client-228.log: file already closed
zerolog: could not write event: write experiment-output/0000/slave-036/client-228.log: file already closed
zerolog: could not write event: write experiment-output/0000/slave-036/client-228.log: file already closed
zerolog: could not write event: write experiment-output/0000/slave-036/client-228.log: file already closed
zerolog: could not write event: write experiment-output/0000/slave-036/client-221.log: file already closed
zerolog: could not write event: write experiment-output/0000/slave-036/client-220.log: file already closed
zerolog: could not write event: write experiment-output/0000/slave-036/client-220.log: file already closed
zerolog: could not write event: write experiment-output/0000/slave-036/client-221.log: file already closed
zerolog: could not write event: write experiment-output/0000/slave-036/client-232.log: file already closed
zerolog: could not write event: write experiment-output/0000/slave-036/client-222.log: file already closed
zerolog: could not write event: write experiment-output/0000/slave-036/client-232.log: file already closed
zerolog: could not write event: write experiment-output/0000/slave-036/client-201.log: file already closed
zerolog: could not write event: write experiment-output/0000/slave-036/client-243.log: file already closed
zerolog: could not write event: write experiment-output/0000/slave-036/client-216.log: file already closed
zerolog: could not write event: write experiment-output/0000/slave-036/client-216.log: file already closed
zerolog: could not write event: write experiment-output/0000/slave-036/client-222.log: file already closed
zerolog: could not write event: write experiment-output/0000/slave-036/client-216.log: file already closed
zerolog: could not write event: write experiment-output/0000/slave-036/client-243.log: file already closed
zerolog: could not write event: write experiment-output/0000/slave-036/client-222.log: file already closed
zerolog: could not write event: write experiment-output/0000/slave-036/client-220.log: file already closed
zerolog: could not write event: write experiment-output/0000/slave-036/client-221.log: file already closed
zerolog: could not write event: write experiment-output/0000/slave-036/client-220.log: file already closed
zerolog: could not write event: write experiment-output/0000/slave-036/client-221.log: file already closed
zerolog: could not write event: write experiment-output/0000/slave-036/client-216.log: file already closed
zerolog: could not write event: write experiment-output/0000/slave-036/client-201.log: file already closed
zerolog: could not write event: write experiment-output/0000/slave-036/client-232.log: file already closed
zerolog: could not write event: write experiment-output/0000/slave-036/client-201.log: file already closed
zerolog: could not write event: write experiment-output/0000/slave-036/client-222.log: file already closed
zerolog: could not write event: write experiment-output/0000/slave-036/client-243.log: file already closed
zerolog: could not write event: write experiment-output/0000/slave-036/client-201.log: file already closed
zerolog: could not write event: write experiment-output/0000/slave-036/client-232.log: file already closed
zerolog: could not write event: write experiment-output/0000/slave-036/client-243.log: file already closed
zerolog: could not write event: write experiment-output/0000/slave-036/client-228.log: file already closed
zerolog: could not write event: write experiment-output/0000/slave-036/client-228.log: file already closed
zerolog: could not write event: write experiment-output/0000/slave-036/client-228.log: file already closed
zerolog: could not write event: write experiment-output/0000/slave-036/client-228.log: file already closed
zerolog: could not write event: write experiment-output/0000/slave-036/client-221.log: file already closed
zerolog: could not write event: write experiment-output/0000/slave-036/client-221.log: file already closed
zerolog: could not write event: write experiment-output/0000/slave-036/client-220.log: file already closed
03:01:39.422 INF Profile data written. filename=experiment-output/0000/slave-036/prof-client.cpu name=cpu
zerolog: could not write event: write experiment-output/0000/slave-036/client-220.log: file already closed
zerolog: could not write event: write experiment-output/0000/slave-036/client-220.log: file already closed
zerolog: could not write event: write experiment-output/0000/slave-036/client-220.log: file already closed
zerolog: could not write event: write experiment-output/0000/slave-036/client-221.log: file already closed
zerolog: could not write event: write experiment-output/0000/slave-036/client-221.log: file already closed
zerolog: could not write event: write experiment-output/0000/slave-036/client-216.log: file already closed
zerolog: could not write event: write experiment-output/0000/slave-036/client-232.log: file already closed
zerolog: could not write event: write experiment-output/0000/slave-036/client-243.log: file already closed
zerolog: could not write event: write experiment-output/0000/slave-036/client-201.log: file already closed
zerolog: could not write event: write experiment-output/0000/slave-036/client-201.log: file already closed
zerolog: could not write event: write experiment-output/0000/slave-036/client-232.log: file already closed
zerolog: could not write event: write experiment-output/0000/slave-036/client-216.log: file already closed
zerolog: could not write event: write experiment-output/0000/slave-036/client-243.log: file already closed
zerolog: could not write event: write experiment-output/0000/slave-036/client-216.log: file already closed
zerolog: could not write event: write experiment-output/0000/slave-036/client-232.log: file already closed
zerolog: could not write event: write experiment-output/0000/slave-036/client-216.log: file already closed
zerolog: could not write event: write experiment-output/0000/slave-036/client-201.log: file already closed
zerolog: could not write event: write experiment-output/0000/slave-036/client-201.log: file already closed
zerolog: could not write event: write experiment-output/0000/slave-036/client-243.log: file already closed
zerolog: could not write event: write experiment-output/0000/slave-036/client-222.log: file already closed
zerolog: could not write event: write experiment-output/0000/slave-036/client-222.log: file already closed
zerolog: could not write event: write experiment-output/0000/slave-036/client-222.log: file already closed
zerolog: could not write event: write experiment-output/0000/slave-036/client-243.log: file already closed
zerolog: could not write event: write experiment-output/0000/slave-036/client-232.log: file already closed
zerolog: could not write event: write experiment-output/0000/slave-036/client-222.log: file already closed
03:01:39.441 INF Profile data written. filename=experiment-output/0000/slave-036/prof-client.block name=block
03:01:39.446 INF Profile data written. filename=experiment-output/0000/slave-036/prof-client.mutex name=mutex
