{"level":"debug","Logging":"info","time":"2023-03-28T09:39:48Z","message":"Config"}
{"level":"debug","UseTLS":false,"time":"2023-03-28T09:39:48Z","message":"Config"}
{"level":"debug","CACertFile":"tls-data/ca.pem","time":"2023-03-28T09:39:48Z","message":"Config"}
{"level":"debug","KeyFile":"tls-data/auth.key","time":"2023-03-28T09:39:48Z","message":"Config"}
{"level":"debug","CertFile":"tls-data/auth.pem","time":"2023-03-28T09:39:48Z","message":"Config"}
{"level":"debug","PriorityConnections":2,"time":"2023-03-28T09:39:48Z","message":"Config"}
{"level":"debug","BasicConnections":1,"time":"2023-03-28T09:39:48Z","message":"Config"}
{"level":"debug","TestConnections":false,"time":"2023-03-28T09:39:48Z","message":"Config"}
{"level":"debug","ExcessConnections":1,"time":"2023-03-28T09:39:48Z","message":"Config"}
{"level":"debug","ConnectionTestMsgs":4,"time":"2023-03-28T09:39:48Z","message":"Config"}
{"level":"debug","ConnectionTestPayload":131072,"time":"2023-03-28T09:39:48Z","message":"Config"}
{"level":"debug","OutMessageBufsize":1024,"time":"2023-03-28T09:39:48Z","message":"Config"}
{"level":"debug","OutMessageBufsize":8,"time":"2023-03-28T09:39:48Z","message":"Config"}
{"level":"debug","ThroughputCap":131072000,"time":"2023-03-28T09:39:48Z","message":"Config"}
{"level":"debug","StragglerTolerance":1000,"time":"2023-03-28T09:39:48Z","message":"Config"}
{"level":"debug","BatchSizeIncrement":256,"time":"2023-03-28T09:39:48Z","message":"Config"}
{"level":"debug","Orderer":"Pbft","time":"2023-03-28T09:39:48Z","message":"Config"}
{"level":"debug","Manager":"Mir","time":"2023-03-28T09:39:48Z","message":"Config"}
{"level":"debug","Failures":0,"time":"2023-03-28T09:39:48Z","message":"Config"}
{"level":"debug","StragglerCnt":0,"time":"2023-03-28T09:39:48Z","message":"Config"}
{"level":"debug","CrashTiming":"Straggler","time":"2023-03-28T09:39:48Z","message":"Config"}
{"level":"debug","CheckpointInterval":512,"time":"2023-03-28T09:39:48Z","message":"Config"}
{"level":"debug","WatermarkWindowSize":512,"time":"2023-03-28T09:39:48Z","message":"Config"}
{"level":"debug","EpochLength":512,"time":"2023-03-28T09:39:48Z","message":"Config"}
{"level":"debug","SegmentLength":16,"time":"2023-03-28T09:39:48Z","message":"Config"}
{"level":"debug","WaitForCheckpoints":true,"time":"2023-03-28T09:39:48Z","message":"Config"}
{"level":"debug","ClientWatermarkWindowSize":16384,"time":"2023-03-28T09:39:48Z","message":"Config"}
{"level":"debug","ClientRequestBacklogSize":16384,"time":"2023-03-28T09:39:48Z","message":"Config"}
{"level":"debug","RandomSeed":25440,"time":"2023-03-28T09:39:48Z","message":"Config"}
{"level":"debug","NodeToLeaderRatio":1,"time":"2023-03-28T09:39:48Z","message":"Config"}
{"level":"debug","LeaderPolicy":"Simple","time":"2023-03-28T09:39:48Z","message":"Config"}
{"level":"debug","DefaultLeaderBan":2,"time":"2023-03-28T09:39:48Z","message":"Config"}
{"level":"debug","NumBuckets":512,"time":"2023-03-28T09:39:48Z","message":"Config"}
{"level":"debug","BatchSize":1000,"time":"2023-03-28T09:39:48Z","message":"Config"}
{"level":"debug","DisabledViewChange":false,"time":"2023-03-28T09:39:48Z","message":"Config"}
{"level":"debug","ViewChangeTimeout":60000,"time":"2023-03-28T09:39:48Z","message":"Config"}
{"level":"debug","ClientTraceSampling":10,"time":"2023-03-28T09:39:48Z","message":"Config"}
{"level":"debug","EventBufferSize":2097152,"time":"2023-03-28T09:39:48Z","message":"Config"}
{"level":"debug","TraceSampling":1,"time":"2023-03-28T09:39:48Z","message":"Config"}
{"level":"debug","ClientsPerProcess":8,"time":"2023-03-28T09:39:48Z","message":"Config"}
{"level":"debug","RequestsPerClient":4101,"time":"2023-03-28T09:39:48Z","message":"Config"}
{"level":"debug","ClientRunTime":15000,"time":"2023-03-28T09:39:48Z","message":"Config"}
{"level":"debug","RequestRate":136,"time":"2023-03-28T09:39:48Z","message":"Config"}
{"level":"debug","HardRequestRateLimit":false,"time":"2023-03-28T09:39:48Z","message":"Config"}
{"level":"debug","RequestPayloadSize":500,"time":"2023-03-28T09:39:48Z","message":"Config"}
{"level":"debug","SignRequests":true,"time":"2023-03-28T09:39:48Z","message":"Config"}
{"level":"debug","ClientPrivKeyFile":"tls-data/client-ecdsa-256.key","time":"2023-03-28T09:39:48Z","message":"Config"}
{"level":"debug","ClientPubKeyFile":"tls-data/client-ecdsa-256.pem","time":"2023-03-28T09:39:48Z","message":"Config"}
{"level":"debug","PrecomputeRequests":false,"time":"2023-03-28T09:39:48Z","message":"Config"}
{"level":"debug","RequestHandlerThreads":32,"time":"2023-03-28T09:39:48Z","message":"Config"}
{"level":"debug","RequestInputChannelBuffer":8192,"time":"2023-03-28T09:39:48Z","message":"Config"}
{"level":"debug","BatchVerifier":"external","time":"2023-03-28T09:39:48Z","message":"Config"}
09:39:48.724 INF Started Profiler: CPU
09:39:48.724 INF Started Profiler: BLOCK
09:39:48.724 INF Started Profiler: MUTEX
09:39:48.724 INF Starting clients. numClients=8 numRequests=4101
09:39:48.724 INF Initilizing clients.
09:39:48.731 INF Registared with discovery server. numOrderers=32 ownClientId=10
09:39:48.731 INF Registared with discovery server. numOrderers=32 ownClientId=22
09:39:48.731 INF Registared with discovery server. numOrderers=32 ownClientId=19
09:39:48.731 INF Registared with discovery server. numOrderers=32 ownClientId=38
09:39:48.732 INF Registared with discovery server. numOrderers=32 ownClientId=40
09:39:48.732 INF Registared with discovery server. numOrderers=32 ownClientId=42
09:39:48.732 INF Registared with discovery server. numOrderers=32 ownClientId=44
09:39:48.732 INF Registared with discovery server. numOrderers=32 ownClientId=51
09:39:48.733 INF Clients initialized.
09:39:48.733 INF Launching clients.
09:39:48.733 INF Waiting for clients.
09:40:08.740 INF Stopping Tracer. events=829 fileName=experiment-output/0006/slave-023/client-042.trc
zerolog: could not write event: write experiment-output/0006/slave-023/client-042.log: file already closed
zerolog: could not write event: write experiment-output/0006/slave-023/client-042.log: file already closed
zerolog: could not write event: write experiment-output/0006/slave-023/client-042.log: file already closed
zerolog: could not write event: write experiment-output/0006/slave-023/client-042.log: file already closed
zerolog: could not write event: write experiment-output/0006/slave-023/client-042.log: file already closed
zerolog: could not write event: write experiment-output/0006/slave-023/client-042.log: file already closed
zerolog: could not write event: write experiment-output/0006/slave-023/client-042.log: file already closed
zerolog: could not write event: write experiment-output/0006/slave-023/client-042.log: file already closed
09:40:08.742 INF Trace data written.
09:40:08.762 INF Stopping Tracer. events=829 fileName=experiment-output/0006/slave-023/client-010.trc
09:40:08.762 INF Stopping Tracer. events=825 fileName=experiment-output/0006/slave-023/client-022.trc
zerolog: could not write event: write experiment-output/0006/slave-023/client-010.log: file already closed
zerolog: could not write event: write experiment-output/0006/slave-023/client-010.log: file already closed
zerolog: could not write event: write experiment-output/0006/slave-023/client-010.log: file already closed
zerolog: could not write event: write experiment-output/0006/slave-023/client-010.log: file already closed
zerolog: could not write event: write experiment-output/0006/slave-023/client-010.log: file already closed
zerolog: could not write event: write experiment-output/0006/slave-023/client-010.log: file already closed
zerolog: could not write event: write experiment-output/0006/slave-023/client-010.log: file already closed
zerolog: could not write event: write experiment-output/0006/slave-023/client-022.log: file already closed
zerolog: could not write event: write experiment-output/0006/slave-023/client-022.log: file already closed
zerolog: could not write event: write experiment-output/0006/slave-023/client-022.log: file already closed
zerolog: could not write event: write experiment-output/0006/slave-023/client-022.log: file already closed
zerolog: could not write event: write experiment-output/0006/slave-023/client-022.log: file already closed
zerolog: could not write event: write experiment-output/0006/slave-023/client-022.log: file already closed
zerolog: could not write event: write experiment-output/0006/slave-023/client-010.log: file already closed
zerolog: could not write event: write experiment-output/0006/slave-023/client-022.log: file already closed
zerolog: could not write event: write experiment-output/0006/slave-023/client-022.log: file already closed
09:40:08.763 INF Trace data written.
09:40:08.763 INF Trace data written.
09:40:08.780 INF Stopping Tracer. events=1257 fileName=experiment-output/0006/slave-023/client-051.trc
zerolog: could not write event: write experiment-output/0006/slave-023/client-051.log: file already closed
zerolog: could not write event: write experiment-output/0006/slave-023/client-051.log: file already closed
zerolog: could not write event: write experiment-output/0006/slave-023/client-051.log: file already closed
zerolog: could not write event: write experiment-output/0006/slave-023/client-051.log: file already closed
zerolog: could not write event: write experiment-output/0006/slave-023/client-051.log: file already closed
zerolog: could not write event: write experiment-output/0006/slave-023/client-051.log: file already closed
zerolog: could not write event: write experiment-output/0006/slave-023/client-051.log: file already closed
zerolog: could not write event: write experiment-output/0006/slave-023/client-051.log: file already closed
09:40:08.783 INF Trace data written.
09:40:08.790 INF Stopping Tracer. events=833 fileName=experiment-output/0006/slave-023/client-040.trc
zerolog: could not write event: write experiment-output/0006/slave-023/client-040.log: file already closed
zerolog: could not write event: write experiment-output/0006/slave-023/client-040.log: file already closed
zerolog: could not write event: write experiment-output/0006/slave-023/client-040.log: file already closed
zerolog: could not write event: write experiment-output/0006/slave-023/client-040.log: file already closed
zerolog: could not write event: write experiment-output/0006/slave-023/client-040.log: file already closed
zerolog: could not write event: write experiment-output/0006/slave-023/client-040.log: file already closed
zerolog: could not write event: write experiment-output/0006/slave-023/client-040.log: file already closed
zerolog: could not write event: write experiment-output/0006/slave-023/client-040.log: file already closed
09:40:08.792 INF Trace data written.
09:40:08.792 INF Stopping Tracer. events=1212 fileName=experiment-output/0006/slave-023/client-019.trc
zerolog: could not write event: write experiment-output/0006/slave-023/client-019.log: file already closed
zerolog: could not write event: write experiment-output/0006/slave-023/client-019.log: file already closed
zerolog: could not write event: write experiment-output/0006/slave-023/client-019.log: file already closed
zerolog: could not write event: write experiment-output/0006/slave-023/client-019.log: file already closed
zerolog: could not write event: write experiment-output/0006/slave-023/client-019.log: file already closed
zerolog: could not write event: write experiment-output/0006/slave-023/client-019.log: file already closed
zerolog: could not write event: write experiment-output/0006/slave-023/client-019.log: file already closed
zerolog: could not write event: write experiment-output/0006/slave-023/client-019.log: file already closed
09:40:08.795 INF Trace data written.
09:40:08.798 INF Stopping Tracer. events=831 fileName=experiment-output/0006/slave-023/client-044.trc
zerolog: could not write event: write experiment-output/0006/slave-023/client-044.log: file already closed
zerolog: could not write event: write experiment-output/0006/slave-023/client-044.log: file already closed
zerolog: could not write event: write experiment-output/0006/slave-023/client-044.log: file already closed
zerolog: could not write event: write experiment-output/0006/slave-023/client-044.log: file already closed
zerolog: could not write event: write experiment-output/0006/slave-023/client-044.log: file already closed
zerolog: could not write event: write experiment-output/0006/slave-023/client-044.log: file already closed
zerolog: could not write event: write experiment-output/0006/slave-023/client-044.log: file already closed
zerolog: could not write event: write experiment-output/0006/slave-023/client-044.log: file already closed
09:40:08.799 INF Stopping Tracer. events=824 fileName=experiment-output/0006/slave-023/client-038.trc
zerolog: could not write event: write experiment-output/0006/slave-023/client-038.log: file already closed
zerolog: could not write event: write experiment-output/0006/slave-023/client-038.log: file already closed
zerolog: could not write event: write experiment-output/0006/slave-023/client-038.log: file already closed
zerolog: could not write event: write experiment-output/0006/slave-023/client-038.log: file already closed
zerolog: could not write event: write experiment-output/0006/slave-023/client-038.log: file already closed
zerolog: could not write event: write experiment-output/0006/slave-023/client-038.log: file already closed
zerolog: could not write event: write experiment-output/0006/slave-023/client-038.log: file already closed
zerolog: could not write event: write experiment-output/0006/slave-023/client-038.log: file already closed
09:40:08.800 INF Trace data written.
09:40:08.801 INF Trace data written.
09:40:08.801 INF Done.
09:40:08.801 INF Stopping profiler.
zerolog: could not write event: write experiment-output/0006/slave-023/client-042.log: file already closed
zerolog: could not write event: write experiment-output/0006/slave-023/client-042.log: file already closed
zerolog: could not write event: write experiment-output/0006/slave-023/client-042.log: file already closed
zerolog: could not write event: write experiment-output/0006/slave-023/client-042.log: file already closed
zerolog: could not write event: write experiment-output/0006/slave-023/client-042.log: file already closed
zerolog: could not write event: write experiment-output/0006/slave-023/client-042.log: file already closed
zerolog: could not write event: write experiment-output/0006/slave-023/client-042.log: file already closed
zerolog: could not write event: write experiment-output/0006/slave-023/client-042.log: file already closed
zerolog: could not write event: write experiment-output/0006/slave-023/client-010.log: file already closed
zerolog: could not write event: write experiment-output/0006/slave-023/client-010.log: file already closed
zerolog: could not write event: write experiment-output/0006/slave-023/client-010.log: file already closed
zerolog: could not write event: write experiment-output/0006/slave-023/client-022.log: file already closed
zerolog: could not write event: write experiment-output/0006/slave-023/client-022.log: file already closed
zerolog: could not write event: write experiment-output/0006/slave-023/client-010.log: file already closed
zerolog: could not write event: write experiment-output/0006/slave-023/client-022.log: file already closed
zerolog: could not write event: write experiment-output/0006/slave-023/client-010.log: file already closed
zerolog: could not write event: write experiment-output/0006/slave-023/client-010.log: file already closed
zerolog: could not write event: write experiment-output/0006/slave-023/client-022.log: file already closed
zerolog: could not write event: write experiment-output/0006/slave-023/client-022.log: file already closed
zerolog: could not write event: write experiment-output/0006/slave-023/client-010.log: file already closed
zerolog: could not write event: write experiment-output/0006/slave-023/client-022.log: file already closed
zerolog: could not write event: write experiment-output/0006/slave-023/client-022.log: file already closed
zerolog: could not write event: write experiment-output/0006/slave-023/client-010.log: file already closed
zerolog: could not write event: write experiment-output/0006/slave-023/client-022.log: file already closed
zerolog: could not write event: write experiment-output/0006/slave-023/client-042.log: file already closed
zerolog: could not write event: write experiment-output/0006/slave-023/client-042.log: file already closed
zerolog: could not write event: write experiment-output/0006/slave-023/client-042.log: file already closed
zerolog: could not write event: write experiment-output/0006/slave-023/client-042.log: file already closed
zerolog: could not write event: write experiment-output/0006/slave-023/client-042.log: file already closed
zerolog: could not write event: write experiment-output/0006/slave-023/client-042.log: file already closed
zerolog: could not write event: write experiment-output/0006/slave-023/client-042.log: file already closed
zerolog: could not write event: write experiment-output/0006/slave-023/client-051.log: file already closed
zerolog: could not write event: write experiment-output/0006/slave-023/client-051.log: file already closed
zerolog: could not write event: write experiment-output/0006/slave-023/client-051.log: file already closed
zerolog: could not write event: write experiment-output/0006/slave-023/client-051.log: file already closed
zerolog: could not write event: write experiment-output/0006/slave-023/client-051.log: file already closed
zerolog: could not write event: write experiment-output/0006/slave-023/client-051.log: file already closed
zerolog: could not write event: write experiment-output/0006/slave-023/client-051.log: file already closed
zerolog: could not write event: write experiment-output/0006/slave-023/client-051.log: file already closed
zerolog: could not write event: write experiment-output/0006/slave-023/client-042.log: file already closed
zerolog: could not write event: write experiment-output/0006/slave-023/client-040.log: file already closed
zerolog: could not write event: write experiment-output/0006/slave-023/client-040.log: file already closed
zerolog: could not write event: write experiment-output/0006/slave-023/client-040.log: file already closed
zerolog: could not write event: write experiment-output/0006/slave-023/client-040.log: file already closed
zerolog: could not write event: write experiment-output/0006/slave-023/client-040.log: file already closed
zerolog: could not write event: write experiment-output/0006/slave-023/client-040.log: file already closed
zerolog: could not write event: write experiment-output/0006/slave-023/client-040.log: file already closed
zerolog: could not write event: write experiment-output/0006/slave-023/client-040.log: file already closed
zerolog: could not write event: write experiment-output/0006/slave-023/client-019.log: file already closed
zerolog: could not write event: write experiment-output/0006/slave-023/client-019.log: file already closed
zerolog: could not write event: write experiment-output/0006/slave-023/client-019.log: file already closed
zerolog: could not write event: write experiment-output/0006/slave-023/client-019.log: file already closed
zerolog: could not write event: write experiment-output/0006/slave-023/client-019.log: file already closed
zerolog: could not write event: write experiment-output/0006/slave-023/client-019.log: file already closed
zerolog: could not write event: write experiment-output/0006/slave-023/client-019.log: file already closed
zerolog: could not write event: write experiment-output/0006/slave-023/client-019.log: file already closed
zerolog: could not write event: write experiment-output/0006/slave-023/client-044.log: file already closed
zerolog: could not write event: write experiment-output/0006/slave-023/client-044.log: file already closed
zerolog: could not write event: write experiment-output/0006/slave-023/client-044.log: file already closed
zerolog: could not write event: write experiment-output/0006/slave-023/client-044.log: file already closed
zerolog: could not write event: write experiment-output/0006/slave-023/client-044.log: file already closed
zerolog: could not write event: write experiment-output/0006/slave-023/client-044.log: file already closed
zerolog: could not write event: write experiment-output/0006/slave-023/client-044.log: file already closed
zerolog: could not write event: write experiment-output/0006/slave-023/client-044.log: file already closed
zerolog: could not write event: write experiment-output/0006/slave-023/client-038.log: file already closed
zerolog: could not write event: write experiment-output/0006/slave-023/client-038.log: file already closed
zerolog: could not write event: write experiment-output/0006/slave-023/client-038.log: file already closed
zerolog: could not write event: write experiment-output/0006/slave-023/client-038.log: file already closed
zerolog: could not write event: write experiment-output/0006/slave-023/client-038.log: file already closed
zerolog: could not write event: write experiment-output/0006/slave-023/client-038.log: file already closed
zerolog: could not write event: write experiment-output/0006/slave-023/client-038.log: file already closed
zerolog: could not write event: write experiment-output/0006/slave-023/client-038.log: file already closed
zerolog: could not write event: write experiment-output/0006/slave-023/client-010.log: file already closed
zerolog: could not write event: write experiment-output/0006/slave-023/client-010.log: file already closed
zerolog: could not write event: write experiment-output/0006/slave-023/client-010.log: file already closed
zerolog: could not write event: write experiment-output/0006/slave-023/client-010.log: file already closed
zerolog: could not write event: write experiment-output/0006/slave-023/client-010.log: file already closed
zerolog: could not write event: write experiment-output/0006/slave-023/client-022.log: file already closed
zerolog: could not write event: write experiment-output/0006/slave-023/client-022.log: file already closed
zerolog: could not write event: write experiment-output/0006/slave-023/client-022.log: file already closed
zerolog: could not write event: write experiment-output/0006/slave-023/client-022.log: file already closed
zerolog: could not write event: write experiment-output/0006/slave-023/client-022.log: file already closed
zerolog: could not write event: write experiment-output/0006/slave-023/client-022.log: file already closed
zerolog: could not write event: write experiment-output/0006/slave-023/client-022.log: file already closed
zerolog: could not write event: write experiment-output/0006/slave-023/client-010.log: file already closed
zerolog: could not write event: write experiment-output/0006/slave-023/client-010.log: file already closed
zerolog: could not write event: write experiment-output/0006/slave-023/client-022.log: file already closed
zerolog: could not write event: write experiment-output/0006/slave-023/client-010.log: file already closed
zerolog: could not write event: write experiment-output/0006/slave-023/client-051.log: file already closed
zerolog: could not write event: write experiment-output/0006/slave-023/client-051.log: file already closed
zerolog: could not write event: write experiment-output/0006/slave-023/client-051.log: file already closed
zerolog: could not write event: write experiment-output/0006/slave-023/client-051.log: file already closed
zerolog: could not write event: write experiment-output/0006/slave-023/client-051.log: file already closed
zerolog: could not write event: write experiment-output/0006/slave-023/client-051.log: file already closed
zerolog: could not write event: write experiment-output/0006/slave-023/client-051.log: file already closed
zerolog: could not write event: write experiment-output/0006/slave-023/client-051.log: file already closed
zerolog: could not write event: write experiment-output/0006/slave-023/client-040.log: file already closed
zerolog: could not write event: write experiment-output/0006/slave-023/client-040.log: file already closed
zerolog: could not write event: write experiment-output/0006/slave-023/client-040.log: file already closed
zerolog: could not write event: write experiment-output/0006/slave-023/client-040.log: file already closed
zerolog: could not write event: write experiment-output/0006/slave-023/client-040.log: file already closed
zerolog: could not write event: write experiment-output/0006/slave-023/client-040.log: file already closed
zerolog: could not write event: write experiment-output/0006/slave-023/client-040.log: file already closed
zerolog: could not write event: write experiment-output/0006/slave-023/client-019.log: file already closed
zerolog: could not write event: write experiment-output/0006/slave-023/client-040.log: file already closed
zerolog: could not write event: write experiment-output/0006/slave-023/client-019.log: file already closed
zerolog: could not write event: write experiment-output/0006/slave-023/client-019.log: file already closed
zerolog: could not write event: write experiment-output/0006/slave-023/client-019.log: file already closed
zerolog: could not write event: write experiment-output/0006/slave-023/client-019.log: file already closed
zerolog: could not write event: write experiment-output/0006/slave-023/client-019.log: file already closed
zerolog: could not write event: write experiment-output/0006/slave-023/client-019.log: file already closed
zerolog: could not write event: write experiment-output/0006/slave-023/client-019.log: file already closed
zerolog: could not write event: write experiment-output/0006/slave-023/client-042.log: file already closed
zerolog: could not write event: write experiment-output/0006/slave-023/client-042.log: file already closed
zerolog: could not write event: write experiment-output/0006/slave-023/client-042.log: file already closed
zerolog: could not write event: write experiment-output/0006/slave-023/client-042.log: file already closed
zerolog: could not write event: write experiment-output/0006/slave-023/client-042.log: file already closed
zerolog: could not write event: write experiment-output/0006/slave-023/client-042.log: file already closed
zerolog: could not write event: write experiment-output/0006/slave-023/client-042.log: file already closed
zerolog: could not write event: write experiment-output/0006/slave-023/client-044.log: file already closed
zerolog: could not write event: write experiment-output/0006/slave-023/client-042.log: file already closed
zerolog: could not write event: write experiment-output/0006/slave-023/client-044.log: file already closed
zerolog: could not write event: write experiment-output/0006/slave-023/client-044.log: file already closed
zerolog: could not write event: write experiment-output/0006/slave-023/client-044.log: file already closed
zerolog: could not write event: write experiment-output/0006/slave-023/client-044.log: file already closed
zerolog: could not write event: write experiment-output/0006/slave-023/client-044.log: file already closed
zerolog: could not write event: write experiment-output/0006/slave-023/client-044.log: file already closed
zerolog: could not write event: write experiment-output/0006/slave-023/client-038.log: file already closed
zerolog: could not write event: write experiment-output/0006/slave-023/client-044.log: file already closed
zerolog: could not write event: write experiment-output/0006/slave-023/client-038.log: file already closed
zerolog: could not write event: write experiment-output/0006/slave-023/client-038.log: file already closed
zerolog: could not write event: write experiment-output/0006/slave-023/client-038.log: file already closed
zerolog: could not write event: write experiment-output/0006/slave-023/client-038.log: file already closed
zerolog: could not write event: write experiment-output/0006/slave-023/client-038.log: file already closed
zerolog: could not write event: write experiment-output/0006/slave-023/client-038.log: file already closed
zerolog: could not write event: write experiment-output/0006/slave-023/client-038.log: file already closed
zerolog: could not write event: write experiment-output/0006/slave-023/client-022.log: file already closed
zerolog: could not write event: write experiment-output/0006/slave-023/client-010.log: file already closed
zerolog: could not write event: write experiment-output/0006/slave-023/client-010.log: file already closed
zerolog: could not write event: write experiment-output/0006/slave-023/client-010.log: file already closed
zerolog: could not write event: write experiment-output/0006/slave-023/client-022.log: file already closed
zerolog: could not write event: write experiment-output/0006/slave-023/client-022.log: file already closed
zerolog: could not write event: write experiment-output/0006/slave-023/client-022.log: file already closed
zerolog: could not write event: write experiment-output/0006/slave-023/client-010.log: file already closed
zerolog: could not write event: write experiment-output/0006/slave-023/client-010.log: file already closed
zerolog: could not write event: write experiment-output/0006/slave-023/client-022.log: file already closed
zerolog: could not write event: write experiment-output/0006/slave-023/client-022.log: file already closed
zerolog: could not write event: write experiment-output/0006/slave-023/client-010.log: file already closed
zerolog: could not write event: write experiment-output/0006/slave-023/client-010.log: file already closed
zerolog: could not write event: write experiment-output/0006/slave-023/client-022.log: file already closed
zerolog: could not write event: write experiment-output/0006/slave-023/client-010.log: file already closed
zerolog: could not write event: write experiment-output/0006/slave-023/client-022.log: file already closed
zerolog: could not write event: write experiment-output/0006/slave-023/client-051.log: file already closed
09:40:08.967 INF Profile data written. filename=experiment-output/0006/slave-023/prof-client.cpu name=cpu
zerolog: could not write event: write experiment-output/0006/slave-023/client-051.log: file already closed
zerolog: could not write event: write experiment-output/0006/slave-023/client-051.log: file already closed
zerolog: could not write event: write experiment-output/0006/slave-023/client-051.log: file already closed
zerolog: could not write event: write experiment-output/0006/slave-023/client-051.log: file already closed
zerolog: could not write event: write experiment-output/0006/slave-023/client-051.log: file already closed
zerolog: could not write event: write experiment-output/0006/slave-023/client-051.log: file already closed
zerolog: could not write event: write experiment-output/0006/slave-023/client-051.log: file already closed
zerolog: could not write event: write experiment-output/0006/slave-023/client-040.log: file already closed
zerolog: could not write event: write experiment-output/0006/slave-023/client-040.log: file already closed
zerolog: could not write event: write experiment-output/0006/slave-023/client-040.log: file already closed
zerolog: could not write event: write experiment-output/0006/slave-023/client-040.log: file already closed
zerolog: could not write event: write experiment-output/0006/slave-023/client-040.log: file already closed
zerolog: could not write event: write experiment-output/0006/slave-023/client-040.log: file already closed
zerolog: could not write event: write experiment-output/0006/slave-023/client-040.log: file already closed
zerolog: could not write event: write experiment-output/0006/slave-023/client-040.log: file already closed
zerolog: could not write event: write experiment-output/0006/slave-023/client-019.log: file already closed
zerolog: could not write event: write experiment-output/0006/slave-023/client-019.log: file already closed
zerolog: could not write event: write experiment-output/0006/slave-023/client-019.log: file already closed
zerolog: could not write event: write experiment-output/0006/slave-023/client-019.log: file already closed
zerolog: could not write event: write experiment-output/0006/slave-023/client-019.log: file already closed
zerolog: could not write event: write experiment-output/0006/slave-023/client-019.log: file already closed
zerolog: could not write event: write experiment-output/0006/slave-023/client-019.log: file already closed
zerolog: could not write event: write experiment-output/0006/slave-023/client-019.log: file already closed
zerolog: could not write event: write experiment-output/0006/slave-023/client-044.log: file already closed
zerolog: could not write event: write experiment-output/0006/slave-023/client-044.log: file already closed
zerolog: could not write event: write experiment-output/0006/slave-023/client-044.log: file already closed
zerolog: could not write event: write experiment-output/0006/slave-023/client-044.log: file already closed
zerolog: could not write event: write experiment-output/0006/slave-023/client-044.log: file already closed
zerolog: could not write event: write experiment-output/0006/slave-023/client-044.log: file already closed
zerolog: could not write event: write experiment-output/0006/slave-023/client-044.log: file already closed
zerolog: could not write event: write experiment-output/0006/slave-023/client-044.log: file already closed
zerolog: could not write event: write experiment-output/0006/slave-023/client-038.log: file already closed
zerolog: could not write event: write experiment-output/0006/slave-023/client-038.log: file already closed
zerolog: could not write event: write experiment-output/0006/slave-023/client-038.log: file already closed
zerolog: could not write event: write experiment-output/0006/slave-023/client-038.log: file already closed
zerolog: could not write event: write experiment-output/0006/slave-023/client-038.log: file already closed
zerolog: could not write event: write experiment-output/0006/slave-023/client-038.log: file already closed
09:40:08.987 INF Profile data written. filename=experiment-output/0006/slave-023/prof-client.block name=block
zerolog: could not write event: write experiment-output/0006/slave-023/client-038.log: file already closed
zerolog: could not write event: write experiment-output/0006/slave-023/client-038.log: file already closed
09:40:08.994 INF Profile data written. filename=experiment-output/0006/slave-023/prof-client.mutex name=mutex
