{"level":"debug","Logging":"info","time":"2023-03-28T09:43:33Z","message":"Config"}
{"level":"debug","UseTLS":false,"time":"2023-03-28T09:43:33Z","message":"Config"}
{"level":"debug","CACertFile":"tls-data/ca.pem","time":"2023-03-28T09:43:33Z","message":"Config"}
{"level":"debug","KeyFile":"tls-data/auth.key","time":"2023-03-28T09:43:33Z","message":"Config"}
{"level":"debug","CertFile":"tls-data/auth.pem","time":"2023-03-28T09:43:33Z","message":"Config"}
{"level":"debug","PriorityConnections":2,"time":"2023-03-28T09:43:33Z","message":"Config"}
{"level":"debug","BasicConnections":1,"time":"2023-03-28T09:43:33Z","message":"Config"}
{"level":"debug","TestConnections":false,"time":"2023-03-28T09:43:33Z","message":"Config"}
{"level":"debug","ExcessConnections":1,"time":"2023-03-28T09:43:33Z","message":"Config"}
{"level":"debug","ConnectionTestMsgs":4,"time":"2023-03-28T09:43:33Z","message":"Config"}
{"level":"debug","ConnectionTestPayload":131072,"time":"2023-03-28T09:43:33Z","message":"Config"}
{"level":"debug","OutMessageBufsize":1024,"time":"2023-03-28T09:43:33Z","message":"Config"}
{"level":"debug","OutMessageBufsize":8,"time":"2023-03-28T09:43:33Z","message":"Config"}
{"level":"debug","ThroughputCap":131072000,"time":"2023-03-28T09:43:33Z","message":"Config"}
{"level":"debug","StragglerTolerance":1000,"time":"2023-03-28T09:43:33Z","message":"Config"}
{"level":"debug","BatchSizeIncrement":256,"time":"2023-03-28T09:43:33Z","message":"Config"}
{"level":"debug","Orderer":"Pbft","time":"2023-03-28T09:43:33Z","message":"Config"}
{"level":"debug","Manager":"Mir","time":"2023-03-28T09:43:33Z","message":"Config"}
{"level":"debug","Failures":0,"time":"2023-03-28T09:43:33Z","message":"Config"}
{"level":"debug","StragglerCnt":0,"time":"2023-03-28T09:43:33Z","message":"Config"}
{"level":"debug","CrashTiming":"Straggler","time":"2023-03-28T09:43:33Z","message":"Config"}
{"level":"debug","CheckpointInterval":512,"time":"2023-03-28T09:43:33Z","message":"Config"}
{"level":"debug","WatermarkWindowSize":512,"time":"2023-03-28T09:43:33Z","message":"Config"}
{"level":"debug","EpochLength":512,"time":"2023-03-28T09:43:33Z","message":"Config"}
{"level":"debug","SegmentLength":16,"time":"2023-03-28T09:43:33Z","message":"Config"}
{"level":"debug","WaitForCheckpoints":true,"time":"2023-03-28T09:43:33Z","message":"Config"}
{"level":"debug","ClientWatermarkWindowSize":16384,"time":"2023-03-28T09:43:33Z","message":"Config"}
{"level":"debug","ClientRequestBacklogSize":16384,"time":"2023-03-28T09:43:33Z","message":"Config"}
{"level":"debug","RandomSeed":25440,"time":"2023-03-28T09:43:33Z","message":"Config"}
{"level":"debug","NodeToLeaderRatio":1,"time":"2023-03-28T09:43:33Z","message":"Config"}
{"level":"debug","LeaderPolicy":"Simple","time":"2023-03-28T09:43:33Z","message":"Config"}
{"level":"debug","DefaultLeaderBan":2,"time":"2023-03-28T09:43:33Z","message":"Config"}
{"level":"debug","NumBuckets":512,"time":"2023-03-28T09:43:33Z","message":"Config"}
{"level":"debug","BatchSize":1000,"time":"2023-03-28T09:43:33Z","message":"Config"}
{"level":"debug","DisabledViewChange":false,"time":"2023-03-28T09:43:33Z","message":"Config"}
{"level":"debug","ViewChangeTimeout":60000,"time":"2023-03-28T09:43:33Z","message":"Config"}
{"level":"debug","ClientTraceSampling":10,"time":"2023-03-28T09:43:33Z","message":"Config"}
{"level":"debug","EventBufferSize":2097152,"time":"2023-03-28T09:43:33Z","message":"Config"}
{"level":"debug","TraceSampling":1,"time":"2023-03-28T09:43:33Z","message":"Config"}
{"level":"debug","ClientsPerProcess":8,"time":"2023-03-28T09:43:33Z","message":"Config"}
{"level":"debug","RequestsPerClient":6445,"time":"2023-03-28T09:43:33Z","message":"Config"}
{"level":"debug","ClientRunTime":15000,"time":"2023-03-28T09:43:33Z","message":"Config"}
{"level":"debug","RequestRate":214,"time":"2023-03-28T09:43:33Z","message":"Config"}
{"level":"debug","HardRequestRateLimit":false,"time":"2023-03-28T09:43:33Z","message":"Config"}
{"level":"debug","RequestPayloadSize":500,"time":"2023-03-28T09:43:33Z","message":"Config"}
{"level":"debug","SignRequests":true,"time":"2023-03-28T09:43:33Z","message":"Config"}
{"level":"debug","ClientPrivKeyFile":"tls-data/client-ecdsa-256.key","time":"2023-03-28T09:43:33Z","message":"Config"}
{"level":"debug","ClientPubKeyFile":"tls-data/client-ecdsa-256.pem","time":"2023-03-28T09:43:33Z","message":"Config"}
{"level":"debug","PrecomputeRequests":false,"time":"2023-03-28T09:43:33Z","message":"Config"}
{"level":"debug","RequestHandlerThreads":32,"time":"2023-03-28T09:43:33Z","message":"Config"}
{"level":"debug","RequestInputChannelBuffer":8192,"time":"2023-03-28T09:43:33Z","message":"Config"}
{"level":"debug","BatchVerifier":"external","time":"2023-03-28T09:43:33Z","message":"Config"}
09:43:33.675 INF Started Profiler: CPU
09:43:33.675 INF Started Profiler: BLOCK
09:43:33.675 INF Started Profiler: MUTEX
09:43:33.675 INF Starting clients. numClients=8 numRequests=6445
09:43:33.675 INF Initilizing clients.
09:43:34.070 INF Registared with discovery server. numOrderers=32 ownClientId=134
09:43:34.071 INF Registared with discovery server. numOrderers=32 ownClientId=142
09:43:34.071 INF Registared with discovery server. numOrderers=32 ownClientId=143
09:43:34.073 INF Registared with discovery server. numOrderers=32 ownClientId=153
09:43:34.074 INF Registared with discovery server. numOrderers=32 ownClientId=155
09:43:34.074 INF Registared with discovery server. numOrderers=32 ownClientId=167
09:43:34.075 INF Registared with discovery server. numOrderers=32 ownClientId=178
09:43:34.076 INF Registared with discovery server. numOrderers=32 ownClientId=179
09:43:34.076 INF Clients initialized.
09:43:34.076 INF Launching clients.
09:43:34.076 INF Waiting for clients.
09:44:04.237 INF Stopping Tracer. events=1305 fileName=experiment-output/0010/slave-039/client-142.trc
zerolog: could not write event: write experiment-output/0010/slave-039/client-142.log: file already closed
zerolog: could not write event: write experiment-output/0010/slave-039/client-142.log: file already closed
zerolog: could not write event: write experiment-output/0010/slave-039/client-142.log: file already closed
zerolog: could not write event: write experiment-output/0010/slave-039/client-142.log: file already closed
zerolog: could not write event: write experiment-output/0010/slave-039/client-142.log: file already closed
zerolog: could not write event: write experiment-output/0010/slave-039/client-142.log: file already closed
zerolog: could not write event: write experiment-output/0010/slave-039/client-142.log: file already closed
zerolog: could not write event: write experiment-output/0010/slave-039/client-142.log: file already closed
09:44:04.239 INF Trace data written.
09:44:04.242 INF Stopping Tracer. events=1884 fileName=experiment-output/0010/slave-039/client-143.trc
zerolog: could not write event: write experiment-output/0010/slave-039/client-143.log: file already closed
zerolog: could not write event: write experiment-output/0010/slave-039/client-143.log: file already closed
zerolog: could not write event: write experiment-output/0010/slave-039/client-143.log: file already closed
zerolog: could not write event: write experiment-output/0010/slave-039/client-143.log: file already closed
zerolog: could not write event: write experiment-output/0010/slave-039/client-143.log: file already closed
zerolog: could not write event: write experiment-output/0010/slave-039/client-143.log: file already closed
zerolog: could not write event: write experiment-output/0010/slave-039/client-143.log: file already closed
zerolog: could not write event: write experiment-output/0010/slave-039/client-143.log: file already closed
09:44:04.245 INF Trace data written.
09:44:04.251 INF Stopping Tracer. events=1884 fileName=experiment-output/0010/slave-039/client-179.trc
zerolog: could not write event: write experiment-output/0010/slave-039/client-179.log: file already closed
zerolog: could not write event: write experiment-output/0010/slave-039/client-179.log: file already closed
zerolog: could not write event: write experiment-output/0010/slave-039/client-179.log: file already closed
zerolog: could not write event: write experiment-output/0010/slave-039/client-179.log: file already closed
zerolog: could not write event: write experiment-output/0010/slave-039/client-179.log: file already closed
zerolog: could not write event: write experiment-output/0010/slave-039/client-179.log: file already closed
zerolog: could not write event: write experiment-output/0010/slave-039/client-179.log: file already closed
zerolog: could not write event: write experiment-output/0010/slave-039/client-179.log: file already closed
09:44:04.254 INF Trace data written.
09:44:04.269 INF Stopping Tracer. events=1885 fileName=experiment-output/0010/slave-039/client-153.trc
zerolog: could not write event: write experiment-output/0010/slave-039/client-153.log: file already closed
zerolog: could not write event: write experiment-output/0010/slave-039/client-153.log: file already closed
zerolog: could not write event: write experiment-output/0010/slave-039/client-153.log: file already closed
zerolog: could not write event: write experiment-output/0010/slave-039/client-153.log: file already closed
zerolog: could not write event: write experiment-output/0010/slave-039/client-153.log: file already closed
zerolog: could not write event: write experiment-output/0010/slave-039/client-153.log: file already closed
zerolog: could not write event: write experiment-output/0010/slave-039/client-153.log: file already closed
zerolog: could not write event: write experiment-output/0010/slave-039/client-153.log: file already closed
09:44:04.272 INF Stopping Tracer. events=1296 fileName=experiment-output/0010/slave-039/client-134.trc
zerolog: could not write event: write experiment-output/0010/slave-039/client-134.log: file already closed
zerolog: could not write event: write experiment-output/0010/slave-039/client-134.log: file already closed
zerolog: could not write event: write experiment-output/0010/slave-039/client-134.log: file already closed
zerolog: could not write event: write experiment-output/0010/slave-039/client-134.log: file already closed
zerolog: could not write event: write experiment-output/0010/slave-039/client-134.log: file already closed
zerolog: could not write event: write experiment-output/0010/slave-039/client-134.log: file already closed
zerolog: could not write event: write experiment-output/0010/slave-039/client-134.log: file already closed
zerolog: could not write event: write experiment-output/0010/slave-039/client-134.log: file already closed
09:44:04.273 INF Trace data written.
09:44:04.274 INF Trace data written.
zerolog: could not write event: write experiment-output/0010/slave-039/client-142.log: file already closed
zerolog: could not write event: write experiment-output/0010/slave-039/client-142.log: file already closed
zerolog: could not write event: write experiment-output/0010/slave-039/client-142.log: file already closed
zerolog: could not write event: write experiment-output/0010/slave-039/client-143.log: file already closed
zerolog: could not write event: write experiment-output/0010/slave-039/client-143.log: file already closed
zerolog: could not write event: write experiment-output/0010/slave-039/client-143.log: file already closed
zerolog: could not write event: write experiment-output/0010/slave-039/client-143.log: file already closed
zerolog: could not write event: write experiment-output/0010/slave-039/client-142.log: file already closed
zerolog: could not write event: write experiment-output/0010/slave-039/client-142.log: file already closed
zerolog: could not write event: write experiment-output/0010/slave-039/client-142.log: file already closed
zerolog: could not write event: write experiment-output/0010/slave-039/client-142.log: file already closed
zerolog: could not write event: write experiment-output/0010/slave-039/client-179.log: file already closed
zerolog: could not write event: write experiment-output/0010/slave-039/client-179.log: file already closed
zerolog: could not write event: write experiment-output/0010/slave-039/client-142.log: file already closed
zerolog: could not write event: write experiment-output/0010/slave-039/client-179.log: file already closed
zerolog: could not write event: write experiment-output/0010/slave-039/client-143.log: file already closed
zerolog: could not write event: write experiment-output/0010/slave-039/client-143.log: file already closed
zerolog: could not write event: write experiment-output/0010/slave-039/client-143.log: file already closed
zerolog: could not write event: write experiment-output/0010/slave-039/client-143.log: file already closed
zerolog: could not write event: write experiment-output/0010/slave-039/client-179.log: file already closed
zerolog: could not write event: write experiment-output/0010/slave-039/client-179.log: file already closed
zerolog: could not write event: write experiment-output/0010/slave-039/client-179.log: file already closed
zerolog: could not write event: write experiment-output/0010/slave-039/client-179.log: file already closed
zerolog: could not write event: write experiment-output/0010/slave-039/client-179.log: file already closed
zerolog: could not write event: write experiment-output/0010/slave-039/client-142.log: file already closed
zerolog: could not write event: write experiment-output/0010/slave-039/client-142.log: file already closed
zerolog: could not write event: write experiment-output/0010/slave-039/client-142.log: file already closed
zerolog: could not write event: write experiment-output/0010/slave-039/client-142.log: file already closed
zerolog: could not write event: write experiment-output/0010/slave-039/client-142.log: file already closed
zerolog: could not write event: write experiment-output/0010/slave-039/client-142.log: file already closed
zerolog: could not write event: write experiment-output/0010/slave-039/client-142.log: file already closed
zerolog: could not write event: write experiment-output/0010/slave-039/client-142.log: file already closed
zerolog: could not write event: write experiment-output/0010/slave-039/client-153.log: file already closed
zerolog: could not write event: write experiment-output/0010/slave-039/client-153.log: file already closed
zerolog: could not write event: write experiment-output/0010/slave-039/client-153.log: file already closed
zerolog: could not write event: write experiment-output/0010/slave-039/client-153.log: file already closed
zerolog: could not write event: write experiment-output/0010/slave-039/client-143.log: file already closed
zerolog: could not write event: write experiment-output/0010/slave-039/client-143.log: file already closed
zerolog: could not write event: write experiment-output/0010/slave-039/client-134.log: file already closed
zerolog: could not write event: write experiment-output/0010/slave-039/client-134.log: file already closed
zerolog: could not write event: write experiment-output/0010/slave-039/client-143.log: file already closed
zerolog: could not write event: write experiment-output/0010/slave-039/client-143.log: file already closed
zerolog: could not write event: write experiment-output/0010/slave-039/client-143.log: file already closed
zerolog: could not write event: write experiment-output/0010/slave-039/client-143.log: file already closed
zerolog: could not write event: write experiment-output/0010/slave-039/client-143.log: file already closed
zerolog: could not write event: write experiment-output/0010/slave-039/client-134.log: file already closed
zerolog: could not write event: write experiment-output/0010/slave-039/client-134.log: file already closed
zerolog: could not write event: write experiment-output/0010/slave-039/client-134.log: file already closed
zerolog: could not write event: write experiment-output/0010/slave-039/client-143.log: file already closed
zerolog: could not write event: write experiment-output/0010/slave-039/client-134.log: file already closed
zerolog: could not write event: write experiment-output/0010/slave-039/client-153.log: file already closed
zerolog: could not write event: write experiment-output/0010/slave-039/client-179.log: file already closed
zerolog: could not write event: write experiment-output/0010/slave-039/client-179.log: file already closed
zerolog: could not write event: write experiment-output/0010/slave-039/client-179.log: file already closed
zerolog: could not write event: write experiment-output/0010/slave-039/client-179.log: file already closed
zerolog: could not write event: write experiment-output/0010/slave-039/client-179.log: file already closed
zerolog: could not write event: write experiment-output/0010/slave-039/client-179.log: file already closed
zerolog: could not write event: write experiment-output/0010/slave-039/client-179.log: file already closed
zerolog: could not write event: write experiment-output/0010/slave-039/client-153.log: file already closed
zerolog: could not write event: write experiment-output/0010/slave-039/client-153.log: file already closed
zerolog: could not write event: write experiment-output/0010/slave-039/client-179.log: file already closed
zerolog: could not write event: write experiment-output/0010/slave-039/client-153.log: file already closed
zerolog: could not write event: write experiment-output/0010/slave-039/client-134.log: file already closed
zerolog: could not write event: write experiment-output/0010/slave-039/client-134.log: file already closed
zerolog: could not write event: write experiment-output/0010/slave-039/client-153.log: file already closed
zerolog: could not write event: write experiment-output/0010/slave-039/client-153.log: file already closed
zerolog: could not write event: write experiment-output/0010/slave-039/client-153.log: file already closed
zerolog: could not write event: write experiment-output/0010/slave-039/client-153.log: file already closed
zerolog: could not write event: write experiment-output/0010/slave-039/client-153.log: file already closed
zerolog: could not write event: write experiment-output/0010/slave-039/client-153.log: file already closed
zerolog: could not write event: write experiment-output/0010/slave-039/client-153.log: file already closed
zerolog: could not write event: write experiment-output/0010/slave-039/client-153.log: file already closed
zerolog: could not write event: write experiment-output/0010/slave-039/client-134.log: file already closed
zerolog: could not write event: write experiment-output/0010/slave-039/client-134.log: file already closed
zerolog: could not write event: write experiment-output/0010/slave-039/client-134.log: file already closed
zerolog: could not write event: write experiment-output/0010/slave-039/client-134.log: file already closed
zerolog: could not write event: write experiment-output/0010/slave-039/client-134.log: file already closed
zerolog: could not write event: write experiment-output/0010/slave-039/client-134.log: file already closed
zerolog: could not write event: write experiment-output/0010/slave-039/client-134.log: file already closed
zerolog: could not write event: write experiment-output/0010/slave-039/client-134.log: file already closed
zerolog: could not write event: write experiment-output/0010/slave-039/client-142.log: file already closed
zerolog: could not write event: write experiment-output/0010/slave-039/client-142.log: file already closed
zerolog: could not write event: write experiment-output/0010/slave-039/client-142.log: file already closed
zerolog: could not write event: write experiment-output/0010/slave-039/client-142.log: file already closed
zerolog: could not write event: write experiment-output/0010/slave-039/client-142.log: file already closed
zerolog: could not write event: write experiment-output/0010/slave-039/client-142.log: file already closed
zerolog: could not write event: write experiment-output/0010/slave-039/client-142.log: file already closed
zerolog: could not write event: write experiment-output/0010/slave-039/client-142.log: file already closed
zerolog: could not write event: write experiment-output/0010/slave-039/client-143.log: file already closed
zerolog: could not write event: write experiment-output/0010/slave-039/client-143.log: file already closed
zerolog: could not write event: write experiment-output/0010/slave-039/client-143.log: file already closed
zerolog: could not write event: write experiment-output/0010/slave-039/client-143.log: file already closed
zerolog: could not write event: write experiment-output/0010/slave-039/client-143.log: file already closed
zerolog: could not write event: write experiment-output/0010/slave-039/client-143.log: file already closed
zerolog: could not write event: write experiment-output/0010/slave-039/client-143.log: file already closed
zerolog: could not write event: write experiment-output/0010/slave-039/client-143.log: file already closed
zerolog: could not write event: write experiment-output/0010/slave-039/client-179.log: file already closed
zerolog: could not write event: write experiment-output/0010/slave-039/client-179.log: file already closed
zerolog: could not write event: write experiment-output/0010/slave-039/client-179.log: file already closed
zerolog: could not write event: write experiment-output/0010/slave-039/client-179.log: file already closed
zerolog: could not write event: write experiment-output/0010/slave-039/client-179.log: file already closed
zerolog: could not write event: write experiment-output/0010/slave-039/client-179.log: file already closed
zerolog: could not write event: write experiment-output/0010/slave-039/client-179.log: file already closed
zerolog: could not write event: write experiment-output/0010/slave-039/client-179.log: file already closed
zerolog: could not write event: write experiment-output/0010/slave-039/client-153.log: file already closed
zerolog: could not write event: write experiment-output/0010/slave-039/client-153.log: file already closed
zerolog: could not write event: write experiment-output/0010/slave-039/client-153.log: file already closed
zerolog: could not write event: write experiment-output/0010/slave-039/client-153.log: file already closed
zerolog: could not write event: write experiment-output/0010/slave-039/client-153.log: file already closed
zerolog: could not write event: write experiment-output/0010/slave-039/client-153.log: file already closed
zerolog: could not write event: write experiment-output/0010/slave-039/client-153.log: file already closed
zerolog: could not write event: write experiment-output/0010/slave-039/client-134.log: file already closed
zerolog: could not write event: write experiment-output/0010/slave-039/client-134.log: file already closed
zerolog: could not write event: write experiment-output/0010/slave-039/client-134.log: file already closed
zerolog: could not write event: write experiment-output/0010/slave-039/client-153.log: file already closed
zerolog: could not write event: write experiment-output/0010/slave-039/client-134.log: file already closed
zerolog: could not write event: write experiment-output/0010/slave-039/client-134.log: file already closed
zerolog: could not write event: write experiment-output/0010/slave-039/client-134.log: file already closed
zerolog: could not write event: write experiment-output/0010/slave-039/client-134.log: file already closed
zerolog: could not write event: write experiment-output/0010/slave-039/client-134.log: file already closed
09:44:05.215 INF Stopping Tracer. events=1298 fileName=experiment-output/0010/slave-039/client-178.trc
zerolog: could not write event: write experiment-output/0010/slave-039/client-178.log: file already closed
zerolog: could not write event: write experiment-output/0010/slave-039/client-178.log: file already closed
zerolog: could not write event: write experiment-output/0010/slave-039/client-178.log: file already closed
zerolog: could not write event: write experiment-output/0010/slave-039/client-178.log: file already closed
zerolog: could not write event: write experiment-output/0010/slave-039/client-178.log: file already closed
zerolog: could not write event: write experiment-output/0010/slave-039/client-178.log: file already closed
zerolog: could not write event: write experiment-output/0010/slave-039/client-178.log: file already closed
zerolog: could not write event: write experiment-output/0010/slave-039/client-178.log: file already closed
09:44:05.217 INF Trace data written.
09:44:05.219 INF Stopping Tracer. events=1855 fileName=experiment-output/0010/slave-039/client-155.trc
zerolog: could not write event: write experiment-output/0010/slave-039/client-155.log: file already closed
zerolog: could not write event: write experiment-output/0010/slave-039/client-155.log: file already closed
zerolog: could not write event: write experiment-output/0010/slave-039/client-155.log: file already closed
zerolog: could not write event: write experiment-output/0010/slave-039/client-155.log: file already closed
zerolog: could not write event: write experiment-output/0010/slave-039/client-155.log: file already closed
zerolog: could not write event: write experiment-output/0010/slave-039/client-155.log: file already closed
zerolog: could not write event: write experiment-output/0010/slave-039/client-155.log: file already closed
zerolog: could not write event: write experiment-output/0010/slave-039/client-155.log: file already closed
09:44:05.222 INF Trace data written.
09:44:05.228 INF Stopping Tracer. events=1897 fileName=experiment-output/0010/slave-039/client-167.trc
zerolog: could not write event: write experiment-output/0010/slave-039/client-167.log: file already closed
zerolog: could not write event: write experiment-output/0010/slave-039/client-167.log: file already closed
zerolog: could not write event: write experiment-output/0010/slave-039/client-167.log: file already closed
zerolog: could not write event: write experiment-output/0010/slave-039/client-167.log: file already closed
zerolog: could not write event: write experiment-output/0010/slave-039/client-167.log: file already closed
zerolog: could not write event: write experiment-output/0010/slave-039/client-167.log: file already closed
zerolog: could not write event: write experiment-output/0010/slave-039/client-167.log: file already closed
zerolog: could not write event: write experiment-output/0010/slave-039/client-167.log: file already closed
09:44:05.231 INF Trace data written.
09:44:05.231 INF Done.
09:44:05.231 INF Stopping profiler.
zerolog: could not write event: write experiment-output/0010/slave-039/client-178.log: file already closed
zerolog: could not write event: write experiment-output/0010/slave-039/client-178.log: file already closed
zerolog: could not write event: write experiment-output/0010/slave-039/client-178.log: file already closed
zerolog: could not write event: write experiment-output/0010/slave-039/client-178.log: file already closed
zerolog: could not write event: write experiment-output/0010/slave-039/client-178.log: file already closed
zerolog: could not write event: write experiment-output/0010/slave-039/client-155.log: file already closed
zerolog: could not write event: write experiment-output/0010/slave-039/client-155.log: file already closed
zerolog: could not write event: write experiment-output/0010/slave-039/client-155.log: file already closed
zerolog: could not write event: write experiment-output/0010/slave-039/client-155.log: file already closed
zerolog: could not write event: write experiment-output/0010/slave-039/client-178.log: file already closed
zerolog: could not write event: write experiment-output/0010/slave-039/client-167.log: file already closed
zerolog: could not write event: write experiment-output/0010/slave-039/client-178.log: file already closed
zerolog: could not write event: write experiment-output/0010/slave-039/client-167.log: file already closed
zerolog: could not write event: write experiment-output/0010/slave-039/client-167.log: file already closed
zerolog: could not write event: write experiment-output/0010/slave-039/client-167.log: file already closed
zerolog: could not write event: write experiment-output/0010/slave-039/client-167.log: file already closed
zerolog: could not write event: write experiment-output/0010/slave-039/client-178.log: file already closed
zerolog: could not write event: write experiment-output/0010/slave-039/client-155.log: file already closed
zerolog: could not write event: write experiment-output/0010/slave-039/client-155.log: file already closed
zerolog: could not write event: write experiment-output/0010/slave-039/client-155.log: file already closed
zerolog: could not write event: write experiment-output/0010/slave-039/client-155.log: file already closed
09:44:05.337 INF Profile data written. filename=experiment-output/0010/slave-039/prof-client.cpu name=cpu
zerolog: could not write event: write experiment-output/0010/slave-039/client-167.log: file already closed
zerolog: could not write event: write experiment-output/0010/slave-039/client-167.log: file already closed
zerolog: could not write event: write experiment-output/0010/slave-039/client-167.log: file already closed
zerolog: could not write event: write experiment-output/0010/slave-039/client-178.log: file already closed
zerolog: could not write event: write experiment-output/0010/slave-039/client-178.log: file already closed
zerolog: could not write event: write experiment-output/0010/slave-039/client-178.log: file already closed
zerolog: could not write event: write experiment-output/0010/slave-039/client-178.log: file already closed
zerolog: could not write event: write experiment-output/0010/slave-039/client-178.log: file already closed
zerolog: could not write event: write experiment-output/0010/slave-039/client-178.log: file already closed
zerolog: could not write event: write experiment-output/0010/slave-039/client-178.log: file already closed
zerolog: could not write event: write experiment-output/0010/slave-039/client-178.log: file already closed
09:44:05.349 INF Profile data written. filename=experiment-output/0010/slave-039/prof-client.block name=block
zerolog: could not write event: write experiment-output/0010/slave-039/client-155.log: file already closed
zerolog: could not write event: write experiment-output/0010/slave-039/client-155.log: file already closed
zerolog: could not write event: write experiment-output/0010/slave-039/client-155.log: file already closed
zerolog: could not write event: write experiment-output/0010/slave-039/client-155.log: file already closed
zerolog: could not write event: write experiment-output/0010/slave-039/client-155.log: file already closed
zerolog: could not write event: write experiment-output/0010/slave-039/client-155.log: file already closed
zerolog: could not write event: write experiment-output/0010/slave-039/client-155.log: file already closed
zerolog: could not write event: write experiment-output/0010/slave-039/client-155.log: file already closed
09:44:05.356 INF Profile data written. filename=experiment-output/0010/slave-039/prof-client.mutex name=mutex
