---------------------------------------
deployment-data-new/ISS_Causality/ISS_8peers_0straggler/experiment-output/0000
============================
Propose-2f+1Commit: 1098.375
Propose-EnoughHtn: nan
Commit-Deliver: 620.9268092105264
Propose-Deliver: 1719.3018092105262
============================
deployment-data-new/ISS_Causality/ISS_8peers_0straggler/experiment-output/0001
============================
Propose-2f+1Commit: 1375.125
Propose-EnoughHtn: nan
Commit-Deliver: 1028.9946225650228
Propose-Deliver: 2404.119622565023
============================

---------------------------------------
deployment-data-new/ISS_Causality/ISS_8peers_1straggler/experiment-output/0000
============================
Propose-2f+1Commit: 885.6402877697842
Propose-EnoughHtn: nan
Commit-Deliver: 30173.97212230216
Propose-Deliver: 31059.612410071943
============================
deployment-data-new/ISS_Causality/ISS_8peers_1straggler/experiment-output/0001
============================
Propose-2f+1Commit: 944.7410071942446
Propose-EnoughHtn: nan
Commit-Deliver: 30156.737410071943
Propose-Deliver: 31101.478417266186
============================


---------------------------------------
deployment-data-new/ISS_Causality/ISS_16peers_0straggler/experiment-output/0000
============================
Propose-2f+1Commit: 786.6388888888889
Propose-EnoughHtn: nan
Commit-Deliver: 104.46397569444444
Propose-Deliver: 891.1028645833334
============================
deployment-data-new/ISS_Causality/ISS_16peers_0straggler/experiment-output/0001
============================
Propose-2f+1Commit: 936.04375
Propose-EnoughHtn: nan
Commit-Deliver: 271.326171875
Propose-Deliver: 1207.369921875
============================

---------------------------------------
deployment-data-new/ISS_Causality/ISS_16peers_1straggler/experiment-output/0001
============================
Propose-2f+1Commit: 435.6926926926927
Propose-EnoughHtn: nan
Commit-Deliver: 36965.65227727727
Propose-Deliver: 37401.34496996997
============================
deployment-data-new/ISS_Causality/ISS_16peers_1straggler/experiment-output/0002
============================
Propose-2f+1Commit: 483.1591591591592
Propose-EnoughHtn: nan
Commit-Deliver: 37661.86508591926
Propose-Deliver: 38145.02424507841
============================

---------------------------------------
deployment-data-new/ISS_Causality/ISS_32peers_0straggler/experiment-output/0000
============================
Propose-2f+1Commit: 922.125
Propose-EnoughHtn: nan
Commit-Deliver: 178.2412109375
Propose-Deliver: 1100.3662109375
============================
deployment-data-new/ISS_Causality/ISS_32peers_0straggler/experiment-output/0001
============================
Propose-2f+1Commit: 1083.5375
Propose-EnoughHtn: nan
Commit-Deliver: 283.7234375
Propose-Deliver: 1367.2609375
============================

---------------------------------------
deployment-data-new/ISS_Causality/ISS_32peers_1straggler/experiment-output/0000
============================
Propose-2f+1Commit: 909.5849056603773
Propose-EnoughHtn: nan
Commit-Deliver: 48088.9919418239
Propose-Deliver: 48998.576847484277
============================
deployment-data-new/ISS_Causality/ISS_32peers_1straggler/experiment-output/0001
============================
Propose-2f+1Commit: 1056.2075471698113
Propose-EnoughHtn: nan
Commit-Deliver: 48431.127751572327
Propose-Deliver: 49487.33529874214
============================


---------------------------------------
deployment-data-new/ISS_Causality/ISS_64peers_0straggler/experiment-output/0000
============================
Propose-2f+1Commit: 1261.6979166666667
Propose-EnoughHtn: nan
Commit-Deliver: 561.1676432291666
Propose-Deliver: 1822.8655598958333
============================
deployment-data-new/ISS_Causality/ISS_64peers_0straggler/experiment-output/0001
============================
Propose-2f+1Commit: 1459.640625
Propose-EnoughHtn: nan
Commit-Deliver: 683.8004557291666
Propose-Deliver: 2143.4410807291665
============================

---------------------------------------
deployment-data-new/ISS_Causality/ISS_64peers_1straggler/experiment-output/0000
============================
Propose-2f+1Commit: 981.202380952381
Propose-EnoughHtn: nan
Commit-Deliver: 55441.17299107143
Propose-Deliver: 56422.37537202381
============================
deployment-data-new/ISS_Causality/ISS_64peers_1straggler/experiment-output/0001
============================
Propose-2f+1Commit: 814.1657894736842
Propose-EnoughHtn: nan
Commit-Deliver: 60705.82327302631
Propose-Deliver: 61519.9890625
============================





deployment-data-new/ISS_Causality/ISS_16peers_1straggler/experiment-output/0001
batch length is 2048
N: 54
n: 521
C: 0.9996013583345638
============================
Propose-2f+1Commit: 834.0748560460653
Propose-EnoughHtn: 830.7447216890595
Commit-Deliver: 5073.803262955854
Propose-Deliver: 5907.878119001919
============================
deployment-data-new/ISS_Causality/ISS_16peers_1straggler/experiment-output/0002
batch length is 1314
N: 24
n: 701
C: 0.999902180558386
============================
Propose-2f+1Commit: 741.9316860465116
Propose-EnoughHtn: 739.0813953488372
Commit-Deliver: 4801.763535610465
Propose-Deliver: 5543.695221656977
============================