{"level":"debug","Logging":"info","time":"2023-03-25T07:11:45Z","message":"Config"}
{"level":"debug","UseTLS":false,"time":"2023-03-25T07:11:45Z","message":"Config"}
{"level":"debug","CACertFile":"tls-data/ca.pem","time":"2023-03-25T07:11:45Z","message":"Config"}
{"level":"debug","KeyFile":"tls-data/auth.key","time":"2023-03-25T07:11:45Z","message":"Config"}
{"level":"debug","CertFile":"tls-data/auth.pem","time":"2023-03-25T07:11:45Z","message":"Config"}
{"level":"debug","PriorityConnections":2,"time":"2023-03-25T07:11:45Z","message":"Config"}
{"level":"debug","BasicConnections":1,"time":"2023-03-25T07:11:45Z","message":"Config"}
{"level":"debug","TestConnections":false,"time":"2023-03-25T07:11:45Z","message":"Config"}
{"level":"debug","ExcessConnections":1,"time":"2023-03-25T07:11:45Z","message":"Config"}
{"level":"debug","ConnectionTestMsgs":4,"time":"2023-03-25T07:11:45Z","message":"Config"}
{"level":"debug","ConnectionTestPayload":131072,"time":"2023-03-25T07:11:45Z","message":"Config"}
{"level":"debug","OutMessageBufsize":1024,"time":"2023-03-25T07:11:45Z","message":"Config"}
{"level":"debug","OutMessageBufsize":4,"time":"2023-03-25T07:11:45Z","message":"Config"}
{"level":"debug","ThroughputCap":131072000,"time":"2023-03-25T07:11:45Z","message":"Config"}
{"level":"debug","StragglerTolerance":1000,"time":"2023-03-25T07:11:45Z","message":"Config"}
{"level":"debug","BatchSizeIncrement":256,"time":"2023-03-25T07:11:45Z","message":"Config"}
{"level":"debug","Orderer":"Pbft","time":"2023-03-25T07:11:45Z","message":"Config"}
{"level":"debug","Manager":"Mir","time":"2023-03-25T07:11:45Z","message":"Config"}
{"level":"debug","Failures":0,"time":"2023-03-25T07:11:45Z","message":"Config"}
{"level":"debug","StragglerCnt":0,"time":"2023-03-25T07:11:45Z","message":"Config"}
{"level":"debug","PrivKeyCnt":10,"time":"2023-03-25T07:11:45Z","message":"Config"}
{"level":"debug","UseSig":false,"time":"2023-03-25T07:11:45Z","message":"Config"}
{"level":"debug","CrashTiming":"Straggler","time":"2023-03-25T07:11:45Z","message":"Config"}
{"level":"debug","CheckpointInterval":512,"time":"2023-03-25T07:11:45Z","message":"Config"}
{"level":"debug","WatermarkWindowSize":512,"time":"2023-03-25T07:11:45Z","message":"Config"}
{"level":"debug","EpochLength":512,"time":"2023-03-25T07:11:45Z","message":"Config"}
{"level":"debug","SegmentLength":32,"time":"2023-03-25T07:11:45Z","message":"Config"}
{"level":"debug","WaitForCheckpoints":true,"time":"2023-03-25T07:11:45Z","message":"Config"}
{"level":"debug","ClientWatermarkWindowSize":16384,"time":"2023-03-25T07:11:45Z","message":"Config"}
{"level":"debug","ClientRequestBacklogSize":16384,"time":"2023-03-25T07:11:45Z","message":"Config"}
{"level":"debug","RandomSeed":16331,"time":"2023-03-25T07:11:45Z","message":"Config"}
{"level":"debug","NodeToLeaderRatio":1,"time":"2023-03-25T07:11:45Z","message":"Config"}
{"level":"debug","LeaderPolicy":"Simple","time":"2023-03-25T07:11:45Z","message":"Config"}
{"level":"debug","DefaultLeaderBan":2,"time":"2023-03-25T07:11:45Z","message":"Config"}
{"level":"debug","NumBuckets":256,"time":"2023-03-25T07:11:45Z","message":"Config"}
{"level":"debug","BatchSize":2500,"time":"2023-03-25T07:11:45Z","message":"Config"}
{"level":"debug","DisabledViewChange":false,"time":"2023-03-25T07:11:45Z","message":"Config"}
{"level":"debug","ViewChangeTimeout":60000,"time":"2023-03-25T07:11:45Z","message":"Config"}
{"level":"debug","ClientTraceSampling":10,"time":"2023-03-25T07:11:45Z","message":"Config"}
{"level":"debug","EventBufferSize":2097152,"time":"2023-03-25T07:11:45Z","message":"Config"}
{"level":"debug","TraceSampling":1,"time":"2023-03-25T07:11:45Z","message":"Config"}
{"level":"debug","ClientsPerProcess":8,"time":"2023-03-25T07:11:45Z","message":"Config"}
{"level":"debug","RequestsPerClient":5859,"time":"2023-03-25T07:11:45Z","message":"Config"}
{"level":"debug","ClientRunTime":15000,"time":"2023-03-25T07:11:45Z","message":"Config"}
{"level":"debug","RequestRate":195,"time":"2023-03-25T07:11:45Z","message":"Config"}
{"level":"debug","HardRequestRateLimit":false,"time":"2023-03-25T07:11:45Z","message":"Config"}
{"level":"debug","RequestPayloadSize":500,"time":"2023-03-25T07:11:45Z","message":"Config"}
{"level":"debug","SignRequests":true,"time":"2023-03-25T07:11:45Z","message":"Config"}
{"level":"debug","ClientPrivKeyFile":"tls-data/client-ecdsa-256.key","time":"2023-03-25T07:11:45Z","message":"Config"}
{"level":"debug","ClientPubKeyFile":"tls-data/client-ecdsa-256.pem","time":"2023-03-25T07:11:45Z","message":"Config"}
{"level":"debug","PrecomputeRequests":false,"time":"2023-03-25T07:11:45Z","message":"Config"}
{"level":"debug","RequestHandlerThreads":32,"time":"2023-03-25T07:11:45Z","message":"Config"}
{"level":"debug","RequestInputChannelBuffer":8192,"time":"2023-03-25T07:11:45Z","message":"Config"}
{"level":"debug","BatchVerifier":"external","time":"2023-03-25T07:11:45Z","message":"Config"}
07:11:45.591 INF Started Profiler: CPU
07:11:45.591 INF Started Profiler: BLOCK
07:11:45.591 INF Started Profiler: MUTEX
07:11:45.591 INF Starting clients. numClients=8 numRequests=5859
07:11:45.592 INF Initilizing clients.
07:11:45.872 INF Registared with discovery server. numOrderers=16 ownClientId=89
07:11:45.873 INF Registared with discovery server. numOrderers=16 ownClientId=99
07:11:45.873 INF Registared with discovery server. numOrderers=16 ownClientId=109
07:11:45.873 INF Registared with discovery server. numOrderers=16 ownClientId=115
07:11:45.873 INF Registared with discovery server. numOrderers=16 ownClientId=108
07:11:45.873 INF Registared with discovery server. numOrderers=16 ownClientId=116
07:11:45.873 INF Registared with discovery server. numOrderers=16 ownClientId=110
07:11:45.873 INF Registared with discovery server. numOrderers=16 ownClientId=117
07:11:45.873 INF Clients initialized.
07:11:45.873 INF Launching clients.
07:11:45.873 INF Waiting for clients.
07:12:48.267 INF Stopping Tracer. events=1176 fileName=experiment-output/0002/slave-024/client-099.trc
zerolog: could not write event: write experiment-output/0002/slave-024/client-099.log: file already closed
zerolog: could not write event: write experiment-output/0002/slave-024/client-099.log: file already closed
zerolog: could not write event: write experiment-output/0002/slave-024/client-099.log: file already closed
zerolog: could not write event: write experiment-output/0002/slave-024/client-099.log: file already closed
07:12:48.269 INF Trace data written.
07:12:48.277 INF Stopping Tracer. events=1221 fileName=experiment-output/0002/slave-024/client-109.trc
zerolog: could not write event: write experiment-output/0002/slave-024/client-109.log: file already closed
zerolog: could not write event: write experiment-output/0002/slave-024/client-109.log: file already closed
zerolog: could not write event: write experiment-output/0002/slave-024/client-109.log: file already closed
zerolog: could not write event: write experiment-output/0002/slave-024/client-109.log: file already closed
07:12:48.279 INF Trace data written.
07:12:48.303 INF Stopping Tracer. events=1206 fileName=experiment-output/0002/slave-024/client-117.trc
zerolog: could not write event: write experiment-output/0002/slave-024/client-117.log: file already closed
zerolog: could not write event: write experiment-output/0002/slave-024/client-117.log: file already closed
zerolog: could not write event: write experiment-output/0002/slave-024/client-117.log: file already closed
zerolog: could not write event: write experiment-output/0002/slave-024/client-117.log: file already closed
07:12:48.305 INF Trace data written.
07:12:48.310 INF Stopping Tracer. events=1177 fileName=experiment-output/0002/slave-024/client-089.trc
zerolog: could not write event: write experiment-output/0002/slave-024/client-089.log: file already closed
07:12:48.311 INF Stopping Tracer. events=1761 fileName=experiment-output/0002/slave-024/client-110.trc
zerolog: could not write event: write experiment-output/0002/slave-024/client-089.log: file already closed
zerolog: could not write event: write experiment-output/0002/slave-024/client-089.log: file already closed
zerolog: could not write event: write experiment-output/0002/slave-024/client-089.log: file already closed
zerolog: could not write event: write experiment-output/0002/slave-024/client-110.log: file already closed
zerolog: could not write event: write experiment-output/0002/slave-024/client-110.log: file already closed
zerolog: could not write event: write experiment-output/0002/slave-024/client-110.log: file already closed
zerolog: could not write event: write experiment-output/0002/slave-024/client-110.log: file already closed
07:12:48.313 INF Trace data written.
07:12:48.314 INF Trace data written.
07:12:48.316 INF Stopping Tracer. events=1667 fileName=experiment-output/0002/slave-024/client-116.trc
07:12:48.316 INF Stopping Tracer. events=1203 fileName=experiment-output/0002/slave-024/client-115.trc
zerolog: could not write event: write experiment-output/0002/slave-024/client-116.log: file already closed
07:12:48.316 INF Stopping Tracer. events=1750 fileName=experiment-output/0002/slave-024/client-108.trc
zerolog: could not write event: write experiment-output/0002/slave-024/client-116.log: file already closed
zerolog: could not write event: write experiment-output/0002/slave-024/client-116.log: file already closed
zerolog: could not write event: write experiment-output/0002/slave-024/client-116.log: file already closed
zerolog: could not write event: write experiment-output/0002/slave-024/client-115.log: file already closed
zerolog: could not write event: write experiment-output/0002/slave-024/client-115.log: file already closed
zerolog: could not write event: write experiment-output/0002/slave-024/client-115.log: file already closed
zerolog: could not write event: write experiment-output/0002/slave-024/client-115.log: file already closed
zerolog: could not write event: write experiment-output/0002/slave-024/client-108.log: file already closed
zerolog: could not write event: write experiment-output/0002/slave-024/client-108.log: file already closed
zerolog: could not write event: write experiment-output/0002/slave-024/client-108.log: file already closed
zerolog: could not write event: write experiment-output/0002/slave-024/client-108.log: file already closed
07:12:48.318 INF Trace data written.
07:12:48.319 INF Trace data written.
07:12:48.319 INF Trace data written.
07:12:48.319 INF Done.
07:12:48.319 INF Stopping profiler.
07:12:48.344 INF Profile data written. filename=experiment-output/0002/slave-024/prof-client.block name=block
07:12:48.350 INF Profile data written. filename=experiment-output/0002/slave-024/prof-client.mutex name=mutex
zerolog: could not write event: write experiment-output/0002/slave-024/client-099.log: file already closed
zerolog: could not write event: write experiment-output/0002/slave-024/client-099.log: file already closed
zerolog: could not write event: write experiment-output/0002/slave-024/client-099.log: file already closed
zerolog: could not write event: write experiment-output/0002/slave-024/client-099.log: file already closed
zerolog: could not write event: write experiment-output/0002/slave-024/client-109.log: file already closed
zerolog: could not write event: write experiment-output/0002/slave-024/client-109.log: file already closed
zerolog: could not write event: write experiment-output/0002/slave-024/client-109.log: file already closed
zerolog: could not write event: write experiment-output/0002/slave-024/client-109.log: file already closed
zerolog: could not write event: write experiment-output/0002/slave-024/client-117.log: file already closed
zerolog: could not write event: write experiment-output/0002/slave-024/client-117.log: file already closed
zerolog: could not write event: write experiment-output/0002/slave-024/client-117.log: file already closed
zerolog: could not write event: write experiment-output/0002/slave-024/client-117.log: file already closed
zerolog: could not write event: write experiment-output/0002/slave-024/client-089.log: file already closed
zerolog: could not write event: write experiment-output/0002/slave-024/client-089.log: file already closed
zerolog: could not write event: write experiment-output/0002/slave-024/client-089.log: file already closed
zerolog: could not write event: write experiment-output/0002/slave-024/client-110.log: file already closed
zerolog: could not write event: write experiment-output/0002/slave-024/client-089.log: file already closed
zerolog: could not write event: write experiment-output/0002/slave-024/client-110.log: file already closed
zerolog: could not write event: write experiment-output/0002/slave-024/client-110.log: file already closed
zerolog: could not write event: write experiment-output/0002/slave-024/client-110.log: file already closed
zerolog: could not write event: write experiment-output/0002/slave-024/client-115.log: file already closed
zerolog: could not write event: write experiment-output/0002/slave-024/client-116.log: file already closed
zerolog: could not write event: write experiment-output/0002/slave-024/client-115.log: file already closed
zerolog: could not write event: write experiment-output/0002/slave-024/client-115.log: file already closed
zerolog: could not write event: write experiment-output/0002/slave-024/client-116.log: file already closed
zerolog: could not write event: write experiment-output/0002/slave-024/client-108.log: file already closed
zerolog: could not write event: write experiment-output/0002/slave-024/client-116.log: file already closed
zerolog: could not write event: write experiment-output/0002/slave-024/client-115.log: file already closed
zerolog: could not write event: write experiment-output/0002/slave-024/client-108.log: file already closed
zerolog: could not write event: write experiment-output/0002/slave-024/client-116.log: file already closed
zerolog: could not write event: write experiment-output/0002/slave-024/client-108.log: file already closed
zerolog: could not write event: write experiment-output/0002/slave-024/client-108.log: file already closed
zerolog: could not write event: write experiment-output/0002/slave-024/client-099.log: file already closed
zerolog: could not write event: write experiment-output/0002/slave-024/client-099.log: file already closed
zerolog: could not write event: write experiment-output/0002/slave-024/client-099.log: file already closed
zerolog: could not write event: write experiment-output/0002/slave-024/client-099.log: file already closed
zerolog: could not write event: write experiment-output/0002/slave-024/client-109.log: file already closed
zerolog: could not write event: write experiment-output/0002/slave-024/client-109.log: file already closed
zerolog: could not write event: write experiment-output/0002/slave-024/client-109.log: file already closed
zerolog: could not write event: write experiment-output/0002/slave-024/client-109.log: file already closed
zerolog: could not write event: write experiment-output/0002/slave-024/client-117.log: file already closed
zerolog: could not write event: write experiment-output/0002/slave-024/client-117.log: file already closed
zerolog: could not write event: write experiment-output/0002/slave-024/client-117.log: file already closed
zerolog: could not write event: write experiment-output/0002/slave-024/client-117.log: file already closed
zerolog: could not write event: write experiment-output/0002/slave-024/client-110.log: file already closed
zerolog: could not write event: write experiment-output/0002/slave-024/client-089.log: file already closed
zerolog: could not write event: write experiment-output/0002/slave-024/client-089.log: file already closed
zerolog: could not write event: write experiment-output/0002/slave-024/client-110.log: file already closed
zerolog: could not write event: write experiment-output/0002/slave-024/client-089.log: file already closed
zerolog: could not write event: write experiment-output/0002/slave-024/client-110.log: file already closed
zerolog: could not write event: write experiment-output/0002/slave-024/client-089.log: file already closed
zerolog: could not write event: write experiment-output/0002/slave-024/client-110.log: file already closed
zerolog: could not write event: write experiment-output/0002/slave-024/client-115.log: file already closed
zerolog: could not write event: write experiment-output/0002/slave-024/client-116.log: file already closed
zerolog: could not write event: write experiment-output/0002/slave-024/client-115.log: file already closed
zerolog: could not write event: write experiment-output/0002/slave-024/client-108.log: file already closed
zerolog: could not write event: write experiment-output/0002/slave-024/client-115.log: file already closed
zerolog: could not write event: write experiment-output/0002/slave-024/client-108.log: file already closed
zerolog: could not write event: write experiment-output/0002/slave-024/client-116.log: file already closed
zerolog: could not write event: write experiment-output/0002/slave-024/client-115.log: file already closed
zerolog: could not write event: write experiment-output/0002/slave-024/client-116.log: file already closed
zerolog: could not write event: write experiment-output/0002/slave-024/client-108.log: file already closed
07:12:48.532 INF Profile data written. filename=experiment-output/0002/slave-024/prof-client.cpu name=cpu
