{"level":"debug","Logging":"info","time":"2023-03-19T10:39:45Z","message":"Config"}
{"level":"debug","UseTLS":false,"time":"2023-03-19T10:39:45Z","message":"Config"}
{"level":"debug","CACertFile":"tls-data/ca.pem","time":"2023-03-19T10:39:45Z","message":"Config"}
{"level":"debug","KeyFile":"tls-data/auth.key","time":"2023-03-19T10:39:45Z","message":"Config"}
{"level":"debug","CertFile":"tls-data/auth.pem","time":"2023-03-19T10:39:45Z","message":"Config"}
{"level":"debug","PriorityConnections":2,"time":"2023-03-19T10:39:45Z","message":"Config"}
{"level":"debug","BasicConnections":1,"time":"2023-03-19T10:39:45Z","message":"Config"}
{"level":"debug","TestConnections":false,"time":"2023-03-19T10:39:45Z","message":"Config"}
{"level":"debug","ExcessConnections":1,"time":"2023-03-19T10:39:45Z","message":"Config"}
{"level":"debug","ConnectionTestMsgs":4,"time":"2023-03-19T10:39:45Z","message":"Config"}
{"level":"debug","ConnectionTestPayload":131072,"time":"2023-03-19T10:39:45Z","message":"Config"}
{"level":"debug","OutMessageBufsize":1024,"time":"2023-03-19T10:39:45Z","message":"Config"}
{"level":"debug","OutMessageBufsize":4,"time":"2023-03-19T10:39:45Z","message":"Config"}
{"level":"debug","ThroughputCap":131072000,"time":"2023-03-19T10:39:45Z","message":"Config"}
{"level":"debug","StragglerTolerance":1000,"time":"2023-03-19T10:39:45Z","message":"Config"}
{"level":"debug","BatchSizeIncrement":256,"time":"2023-03-19T10:39:45Z","message":"Config"}
{"level":"debug","Orderer":"Pbft","time":"2023-03-19T10:39:45Z","message":"Config"}
{"level":"debug","Manager":"Mir","time":"2023-03-19T10:39:45Z","message":"Config"}
{"level":"debug","Failures":0,"time":"2023-03-19T10:39:45Z","message":"Config"}
{"level":"debug","StragglerCnt":1,"time":"2023-03-19T10:39:45Z","message":"Config"}
{"level":"debug","PrivKeyCnt":10,"time":"2023-03-19T10:39:45Z","message":"Config"}
{"level":"debug","UseSig":false,"time":"2023-03-19T10:39:45Z","message":"Config"}
{"level":"debug","CrashTiming":"Straggler","time":"2023-03-19T10:39:45Z","message":"Config"}
{"level":"debug","CheckpointInterval":512,"time":"2023-03-19T10:39:45Z","message":"Config"}
{"level":"debug","WatermarkWindowSize":512,"time":"2023-03-19T10:39:45Z","message":"Config"}
{"level":"debug","EpochLength":512,"time":"2023-03-19T10:39:45Z","message":"Config"}
{"level":"debug","SegmentLength":32,"time":"2023-03-19T10:39:45Z","message":"Config"}
{"level":"debug","WaitForCheckpoints":true,"time":"2023-03-19T10:39:45Z","message":"Config"}
{"level":"debug","ClientWatermarkWindowSize":16384,"time":"2023-03-19T10:39:45Z","message":"Config"}
{"level":"debug","ClientRequestBacklogSize":16384,"time":"2023-03-19T10:39:45Z","message":"Config"}
{"level":"debug","RandomSeed":19386,"time":"2023-03-19T10:39:45Z","message":"Config"}
{"level":"debug","NodeToLeaderRatio":1,"time":"2023-03-19T10:39:45Z","message":"Config"}
{"level":"debug","LeaderPolicy":"Simple","time":"2023-03-19T10:39:45Z","message":"Config"}
{"level":"debug","DefaultLeaderBan":2,"time":"2023-03-19T10:39:45Z","message":"Config"}
{"level":"debug","NumBuckets":256,"time":"2023-03-19T10:39:45Z","message":"Config"}
{"level":"debug","BatchSize":1000,"time":"2023-03-19T10:39:45Z","message":"Config"}
{"level":"debug","DisabledViewChange":false,"time":"2023-03-19T10:39:45Z","message":"Config"}
{"level":"debug","ViewChangeTimeout":60000,"time":"2023-03-19T10:39:45Z","message":"Config"}
{"level":"debug","ClientTraceSampling":10,"time":"2023-03-19T10:39:45Z","message":"Config"}
{"level":"debug","EventBufferSize":2097152,"time":"2023-03-19T10:39:45Z","message":"Config"}
{"level":"debug","TraceSampling":1,"time":"2023-03-19T10:39:45Z","message":"Config"}
{"level":"debug","ClientsPerProcess":8,"time":"2023-03-19T10:39:45Z","message":"Config"}
{"level":"debug","RequestsPerClient":14062,"time":"2023-03-19T10:39:45Z","message":"Config"}
{"level":"debug","ClientRunTime":15000,"time":"2023-03-19T10:39:45Z","message":"Config"}
{"level":"debug","RequestRate":468,"time":"2023-03-19T10:39:45Z","message":"Config"}
{"level":"debug","HardRequestRateLimit":false,"time":"2023-03-19T10:39:45Z","message":"Config"}
{"level":"debug","RequestPayloadSize":500,"time":"2023-03-19T10:39:45Z","message":"Config"}
{"level":"debug","SignRequests":true,"time":"2023-03-19T10:39:45Z","message":"Config"}
{"level":"debug","ClientPrivKeyFile":"tls-data/client-ecdsa-256.key","time":"2023-03-19T10:39:45Z","message":"Config"}
{"level":"debug","ClientPubKeyFile":"tls-data/client-ecdsa-256.pem","time":"2023-03-19T10:39:45Z","message":"Config"}
{"level":"debug","PrecomputeRequests":false,"time":"2023-03-19T10:39:45Z","message":"Config"}
{"level":"debug","RequestHandlerThreads":32,"time":"2023-03-19T10:39:45Z","message":"Config"}
{"level":"debug","RequestInputChannelBuffer":8192,"time":"2023-03-19T10:39:45Z","message":"Config"}
{"level":"debug","BatchVerifier":"external","time":"2023-03-19T10:39:45Z","message":"Config"}
10:39:45.348 INF Started Profiler: CPU
10:39:45.348 INF Started Profiler: BLOCK
10:39:45.348 INF Started Profiler: MUTEX
10:39:45.348 INF Starting clients. numClients=8 numRequests=14062
10:39:45.348 INF Initilizing clients.
10:39:45.744 INF Registared with discovery server. numOrderers=16 ownClientId=128
10:39:45.745 INF Registared with discovery server. numOrderers=16 ownClientId=129
10:39:45.747 INF Registared with discovery server. numOrderers=16 ownClientId=138
10:39:45.748 INF Registared with discovery server. numOrderers=16 ownClientId=156
10:39:45.748 INF Registared with discovery server. numOrderers=16 ownClientId=152
10:39:45.751 INF Registared with discovery server. numOrderers=16 ownClientId=169
10:39:45.752 INF Registared with discovery server. numOrderers=16 ownClientId=175
10:39:45.752 INF Registared with discovery server. numOrderers=16 ownClientId=183
10:39:45.753 INF Clients initialized.
10:39:45.753 INF Launching clients.
10:39:45.753 INF Waiting for clients.
10:41:25.918 INF Stopping Tracer. events=2845 fileName=experiment-output/0008/slave-035/client-129.trc
zerolog: could not write event: write experiment-output/0008/slave-035/client-129.log: file already closed
zerolog: could not write event: write experiment-output/0008/slave-035/client-129.log: file already closed
zerolog: could not write event: write experiment-output/0008/slave-035/client-129.log: file already closed
zerolog: could not write event: write experiment-output/0008/slave-035/client-129.log: file already closed
10:41:25.923 INF Stopping Tracer. events=4079 fileName=experiment-output/0008/slave-035/client-128.trc
10:41:25.923 INF Trace data written.
zerolog: could not write event: write experiment-output/0008/slave-035/client-128.log: file already closed
zerolog: could not write event: write experiment-output/0008/slave-035/client-128.log: file already closed
zerolog: could not write event: write experiment-output/0008/slave-035/client-128.log: file already closed
zerolog: could not write event: write experiment-output/0008/slave-035/client-128.log: file already closed
10:41:25.927 INF Stopping Tracer. events=2875 fileName=experiment-output/0008/slave-035/client-169.trc
10:41:25.927 INF Stopping Tracer. events=4119 fileName=experiment-output/0008/slave-035/client-152.trc
10:41:25.928 INF Stopping Tracer. events=4143 fileName=experiment-output/0008/slave-035/client-156.trc
zerolog: could not write event: write experiment-output/0008/slave-035/client-169.log: file already closed
zerolog: could not write event: write experiment-output/0008/slave-035/client-169.log: file already closed
zerolog: could not write event: write experiment-output/0008/slave-035/client-169.log: file already closed
zerolog: could not write event: write experiment-output/0008/slave-035/client-169.log: file already closed
zerolog: could not write event: write experiment-output/0008/slave-035/client-152.log: file already closed
zerolog: could not write event: write experiment-output/0008/slave-035/client-152.log: file already closed
zerolog: could not write event: write experiment-output/0008/slave-035/client-156.log: file already closed
zerolog: could not write event: write experiment-output/0008/slave-035/client-156.log: file already closed
zerolog: could not write event: write experiment-output/0008/slave-035/client-152.log: file already closed
zerolog: could not write event: write experiment-output/0008/slave-035/client-156.log: file already closed
zerolog: could not write event: write experiment-output/0008/slave-035/client-156.log: file already closed
zerolog: could not write event: write experiment-output/0008/slave-035/client-152.log: file already closed
10:41:25.930 INF Trace data written.
10:41:25.932 INF Trace data written.
10:41:25.934 INF Trace data written.
10:41:25.935 INF Trace data written.
10:41:25.936 INF Stopping Tracer. events=4159 fileName=experiment-output/0008/slave-035/client-138.trc
10:41:25.936 INF Stopping Tracer. events=2907 fileName=experiment-output/0008/slave-035/client-183.trc
zerolog: could not write event: write experiment-output/0008/slave-035/client-138.log: file already closed
10:41:25.937 INF Stopping Tracer. events=2860 fileName=experiment-output/0008/slave-035/client-175.trc
zerolog: could not write event: write experiment-output/0008/slave-035/client-138.log: file already closed
zerolog: could not write event: write experiment-output/0008/slave-035/client-183.log: file already closed
zerolog: could not write event: write experiment-output/0008/slave-035/client-138.log: file already closed
zerolog: could not write event: write experiment-output/0008/slave-035/client-183.log: file already closed
zerolog: could not write event: write experiment-output/0008/slave-035/client-183.log: file already closed
zerolog: could not write event: write experiment-output/0008/slave-035/client-175.log: file already closed
zerolog: could not write event: write experiment-output/0008/slave-035/client-175.log: file already closed
zerolog: could not write event: write experiment-output/0008/slave-035/client-183.log: file already closed
zerolog: could not write event: write experiment-output/0008/slave-035/client-175.log: file already closed
zerolog: could not write event: write experiment-output/0008/slave-035/client-138.log: file already closed
zerolog: could not write event: write experiment-output/0008/slave-035/client-175.log: file already closed
10:41:25.943 INF Trace data written.
10:41:25.943 INF Trace data written.
10:41:25.943 INF Trace data written.
10:41:25.943 INF Done.
10:41:25.943 INF Stopping profiler.
zerolog: could not write event: write experiment-output/0008/slave-035/client-128.log: file already closed
zerolog: could not write event: write experiment-output/0008/slave-035/client-128.log: file already closed
zerolog: could not write event: write experiment-output/0008/slave-035/client-169.log: file already closed
zerolog: could not write event: write experiment-output/0008/slave-035/client-169.log: file already closed
zerolog: could not write event: write experiment-output/0008/slave-035/client-152.log: file already closed
zerolog: could not write event: write experiment-output/0008/slave-035/client-169.log: file already closed
zerolog: could not write event: write experiment-output/0008/slave-035/client-129.log: file already closed
zerolog: could not write event: write experiment-output/0008/slave-035/client-129.log: file already closed
zerolog: could not write event: write experiment-output/0008/slave-035/client-129.log: file already closed
zerolog: could not write event: write experiment-output/0008/slave-035/client-129.log: file already closed
zerolog: could not write event: write experiment-output/0008/slave-035/client-128.log: file already closed
zerolog: could not write event: write experiment-output/0008/slave-035/client-183.log: file already closed
zerolog: could not write event: write experiment-output/0008/slave-035/client-183.log: file already closed
zerolog: could not write event: write experiment-output/0008/slave-035/client-128.log: file already closed
zerolog: could not write event: write experiment-output/0008/slave-035/client-138.log: file already closed
zerolog: could not write event: write experiment-output/0008/slave-035/client-175.log: file already closed
zerolog: could not write event: write experiment-output/0008/slave-035/client-152.log: file already closed
zerolog: could not write event: write experiment-output/0008/slave-035/client-152.log: file already closed
zerolog: could not write event: write experiment-output/0008/slave-035/client-156.log: file already closed
zerolog: could not write event: write experiment-output/0008/slave-035/client-156.log: file already closed
zerolog: could not write event: write experiment-output/0008/slave-035/client-169.log: file already closed
zerolog: could not write event: write experiment-output/0008/slave-035/client-156.log: file already closed
zerolog: could not write event: write experiment-output/0008/slave-035/client-152.log: file already closed
zerolog: could not write event: write experiment-output/0008/slave-035/client-156.log: file already closed
zerolog: could not write event: write experiment-output/0008/slave-035/client-138.log: file already closed
zerolog: could not write event: write experiment-output/0008/slave-035/client-129.log: file already closed
zerolog: could not write event: write experiment-output/0008/slave-035/client-129.log: file already closed
zerolog: could not write event: write experiment-output/0008/slave-035/client-129.log: file already closed
zerolog: could not write event: write experiment-output/0008/slave-035/client-138.log: file already closed
zerolog: could not write event: write experiment-output/0008/slave-035/client-175.log: file already closed
zerolog: could not write event: write experiment-output/0008/slave-035/client-129.log: file already closed
zerolog: could not write event: write experiment-output/0008/slave-035/client-138.log: file already closed
zerolog: could not write event: write experiment-output/0008/slave-035/client-183.log: file already closed
zerolog: could not write event: write experiment-output/0008/slave-035/client-175.log: file already closed
zerolog: could not write event: write experiment-output/0008/slave-035/client-175.log: file already closed
zerolog: could not write event: write experiment-output/0008/slave-035/client-183.log: file already closed
zerolog: could not write event: write experiment-output/0008/slave-035/client-128.log: file already closed
zerolog: could not write event: write experiment-output/0008/slave-035/client-128.log: file already closed
zerolog: could not write event: write experiment-output/0008/slave-035/client-128.log: file already closed
zerolog: could not write event: write experiment-output/0008/slave-035/client-128.log: file already closed
zerolog: could not write event: write experiment-output/0008/slave-035/client-152.log: file already closed
zerolog: could not write event: write experiment-output/0008/slave-035/client-156.log: file already closed
zerolog: could not write event: write experiment-output/0008/slave-035/client-169.log: file already closed
zerolog: could not write event: write experiment-output/0008/slave-035/client-156.log: file already closed
zerolog: could not write event: write experiment-output/0008/slave-035/client-169.log: file already closed
zerolog: could not write event: write experiment-output/0008/slave-035/client-152.log: file already closed
zerolog: could not write event: write experiment-output/0008/slave-035/client-152.log: file already closed
zerolog: could not write event: write experiment-output/0008/slave-035/client-152.log: file already closed
zerolog: could not write event: write experiment-output/0008/slave-035/client-156.log: file already closed
zerolog: could not write event: write experiment-output/0008/slave-035/client-169.log: file already closed
zerolog: could not write event: write experiment-output/0008/slave-035/client-169.log: file already closed
zerolog: could not write event: write experiment-output/0008/slave-035/client-156.log: file already closed
zerolog: could not write event: write experiment-output/0008/slave-035/client-138.log: file already closed
zerolog: could not write event: write experiment-output/0008/slave-035/client-138.log: file already closed
zerolog: could not write event: write experiment-output/0008/slave-035/client-175.log: file already closed
zerolog: could not write event: write experiment-output/0008/slave-035/client-175.log: file already closed
zerolog: could not write event: write experiment-output/0008/slave-035/client-183.log: file already closed
zerolog: could not write event: write experiment-output/0008/slave-035/client-183.log: file already closed
zerolog: could not write event: write experiment-output/0008/slave-035/client-175.log: file already closed
zerolog: could not write event: write experiment-output/0008/slave-035/client-183.log: file already closed
zerolog: could not write event: write experiment-output/0008/slave-035/client-183.log: file already closed
zerolog: could not write event: write experiment-output/0008/slave-035/client-138.log: file already closed
zerolog: could not write event: write experiment-output/0008/slave-035/client-175.log: file already closed
zerolog: could not write event: write experiment-output/0008/slave-035/client-138.log: file already closed
10:41:26.129 INF Profile data written. filename=experiment-output/0008/slave-035/prof-client.cpu name=cpu
zerolog: could not write event: write experiment-output/0008/slave-035/client-129.log: file already closed
zerolog: could not write event: write experiment-output/0008/slave-035/client-129.log: file already closed
zerolog: could not write event: write experiment-output/0008/slave-035/client-129.log: file already closed
zerolog: could not write event: write experiment-output/0008/slave-035/client-129.log: file already closed
zerolog: could not write event: write experiment-output/0008/slave-035/client-128.log: file already closed
zerolog: could not write event: write experiment-output/0008/slave-035/client-128.log: file already closed
zerolog: could not write event: write experiment-output/0008/slave-035/client-128.log: file already closed
zerolog: could not write event: write experiment-output/0008/slave-035/client-128.log: file already closed
zerolog: could not write event: write experiment-output/0008/slave-035/client-169.log: file already closed
zerolog: could not write event: write experiment-output/0008/slave-035/client-169.log: file already closed
zerolog: could not write event: write experiment-output/0008/slave-035/client-156.log: file already closed
zerolog: could not write event: write experiment-output/0008/slave-035/client-169.log: file already closed
zerolog: could not write event: write experiment-output/0008/slave-035/client-169.log: file already closed
zerolog: could not write event: write experiment-output/0008/slave-035/client-156.log: file already closed
zerolog: could not write event: write experiment-output/0008/slave-035/client-156.log: file already closed
zerolog: could not write event: write experiment-output/0008/slave-035/client-152.log: file already closed
zerolog: could not write event: write experiment-output/0008/slave-035/client-156.log: file already closed
zerolog: could not write event: write experiment-output/0008/slave-035/client-152.log: file already closed
zerolog: could not write event: write experiment-output/0008/slave-035/client-152.log: file already closed
zerolog: could not write event: write experiment-output/0008/slave-035/client-152.log: file already closed
10:41:26.147 INF Profile data written. filename=experiment-output/0008/slave-035/prof-client.block name=block
zerolog: could not write event: write experiment-output/0008/slave-035/client-183.log: file already closed
zerolog: could not write event: write experiment-output/0008/slave-035/client-183.log: file already closed
zerolog: could not write event: write experiment-output/0008/slave-035/client-138.log: file already closed
zerolog: could not write event: write experiment-output/0008/slave-035/client-175.log: file already closed
zerolog: could not write event: write experiment-output/0008/slave-035/client-183.log: file already closed
zerolog: could not write event: write experiment-output/0008/slave-035/client-175.log: file already closed
zerolog: could not write event: write experiment-output/0008/slave-035/client-138.log: file already closed
zerolog: could not write event: write experiment-output/0008/slave-035/client-138.log: file already closed
zerolog: could not write event: write experiment-output/0008/slave-035/client-183.log: file already closed
zerolog: could not write event: write experiment-output/0008/slave-035/client-138.log: file already closed
zerolog: could not write event: write experiment-output/0008/slave-035/client-175.log: file already closed
zerolog: could not write event: write experiment-output/0008/slave-035/client-175.log: file already closed
10:41:26.154 INF Profile data written. filename=experiment-output/0008/slave-035/prof-client.mutex name=mutex
