{"level":"debug","Logging":"info","time":"2023-03-25T08:19:11Z","message":"Config"}
{"level":"debug","UseTLS":false,"time":"2023-03-25T08:19:11Z","message":"Config"}
{"level":"debug","CACertFile":"tls-data/ca.pem","time":"2023-03-25T08:19:11Z","message":"Config"}
{"level":"debug","KeyFile":"tls-data/auth.key","time":"2023-03-25T08:19:11Z","message":"Config"}
{"level":"debug","CertFile":"tls-data/auth.pem","time":"2023-03-25T08:19:11Z","message":"Config"}
{"level":"debug","PriorityConnections":2,"time":"2023-03-25T08:19:11Z","message":"Config"}
{"level":"debug","BasicConnections":1,"time":"2023-03-25T08:19:11Z","message":"Config"}
{"level":"debug","TestConnections":false,"time":"2023-03-25T08:19:11Z","message":"Config"}
{"level":"debug","ExcessConnections":1,"time":"2023-03-25T08:19:11Z","message":"Config"}
{"level":"debug","ConnectionTestMsgs":4,"time":"2023-03-25T08:19:11Z","message":"Config"}
{"level":"debug","ConnectionTestPayload":131072,"time":"2023-03-25T08:19:11Z","message":"Config"}
{"level":"debug","OutMessageBufsize":1024,"time":"2023-03-25T08:19:11Z","message":"Config"}
{"level":"debug","OutMessageBufsize":4,"time":"2023-03-25T08:19:11Z","message":"Config"}
{"level":"debug","ThroughputCap":131072000,"time":"2023-03-25T08:19:11Z","message":"Config"}
{"level":"debug","StragglerTolerance":1000,"time":"2023-03-25T08:19:11Z","message":"Config"}
{"level":"debug","BatchSizeIncrement":256,"time":"2023-03-25T08:19:11Z","message":"Config"}
{"level":"debug","Orderer":"Pbft","time":"2023-03-25T08:19:11Z","message":"Config"}
{"level":"debug","Manager":"Mir","time":"2023-03-25T08:19:11Z","message":"Config"}
{"level":"debug","Failures":0,"time":"2023-03-25T08:19:11Z","message":"Config"}
{"level":"debug","StragglerCnt":0,"time":"2023-03-25T08:19:11Z","message":"Config"}
{"level":"debug","PrivKeyCnt":10,"time":"2023-03-25T08:19:11Z","message":"Config"}
{"level":"debug","UseSig":false,"time":"2023-03-25T08:19:11Z","message":"Config"}
{"level":"debug","CrashTiming":"Straggler","time":"2023-03-25T08:19:11Z","message":"Config"}
{"level":"debug","CheckpointInterval":512,"time":"2023-03-25T08:19:11Z","message":"Config"}
{"level":"debug","WatermarkWindowSize":512,"time":"2023-03-25T08:19:11Z","message":"Config"}
{"level":"debug","EpochLength":512,"time":"2023-03-25T08:19:11Z","message":"Config"}
{"level":"debug","SegmentLength":32,"time":"2023-03-25T08:19:11Z","message":"Config"}
{"level":"debug","WaitForCheckpoints":true,"time":"2023-03-25T08:19:11Z","message":"Config"}
{"level":"debug","ClientWatermarkWindowSize":16384,"time":"2023-03-25T08:19:11Z","message":"Config"}
{"level":"debug","ClientRequestBacklogSize":16384,"time":"2023-03-25T08:19:11Z","message":"Config"}
{"level":"debug","RandomSeed":30627,"time":"2023-03-25T08:19:11Z","message":"Config"}
{"level":"debug","NodeToLeaderRatio":1,"time":"2023-03-25T08:19:11Z","message":"Config"}
{"level":"debug","LeaderPolicy":"Simple","time":"2023-03-25T08:19:11Z","message":"Config"}
{"level":"debug","DefaultLeaderBan":2,"time":"2023-03-25T08:19:11Z","message":"Config"}
{"level":"debug","NumBuckets":256,"time":"2023-03-25T08:19:11Z","message":"Config"}
{"level":"debug","BatchSize":2500,"time":"2023-03-25T08:19:11Z","message":"Config"}
{"level":"debug","DisabledViewChange":false,"time":"2023-03-25T08:19:11Z","message":"Config"}
{"level":"debug","ViewChangeTimeout":60000,"time":"2023-03-25T08:19:11Z","message":"Config"}
{"level":"debug","ClientTraceSampling":10,"time":"2023-03-25T08:19:11Z","message":"Config"}
{"level":"debug","EventBufferSize":2097152,"time":"2023-03-25T08:19:11Z","message":"Config"}
{"level":"debug","TraceSampling":1,"time":"2023-03-25T08:19:11Z","message":"Config"}
{"level":"debug","ClientsPerProcess":8,"time":"2023-03-25T08:19:11Z","message":"Config"}
{"level":"debug","RequestsPerClient":5859,"time":"2023-03-25T08:19:11Z","message":"Config"}
{"level":"debug","ClientRunTime":15000,"time":"2023-03-25T08:19:11Z","message":"Config"}
{"level":"debug","RequestRate":195,"time":"2023-03-25T08:19:11Z","message":"Config"}
{"level":"debug","HardRequestRateLimit":false,"time":"2023-03-25T08:19:11Z","message":"Config"}
{"level":"debug","RequestPayloadSize":500,"time":"2023-03-25T08:19:11Z","message":"Config"}
{"level":"debug","SignRequests":true,"time":"2023-03-25T08:19:11Z","message":"Config"}
{"level":"debug","ClientPrivKeyFile":"tls-data/client-ecdsa-256.key","time":"2023-03-25T08:19:11Z","message":"Config"}
{"level":"debug","ClientPubKeyFile":"tls-data/client-ecdsa-256.pem","time":"2023-03-25T08:19:11Z","message":"Config"}
{"level":"debug","PrecomputeRequests":false,"time":"2023-03-25T08:19:11Z","message":"Config"}
{"level":"debug","RequestHandlerThreads":32,"time":"2023-03-25T08:19:11Z","message":"Config"}
{"level":"debug","RequestInputChannelBuffer":8192,"time":"2023-03-25T08:19:11Z","message":"Config"}
{"level":"debug","BatchVerifier":"external","time":"2023-03-25T08:19:11Z","message":"Config"}
08:19:11.785 INF Started Profiler: CPU
08:19:11.785 INF Started Profiler: BLOCK
08:19:11.785 INF Started Profiler: MUTEX
08:19:11.785 INF Starting clients. numClients=8 numRequests=5859
08:19:11.785 INF Initilizing clients.
08:19:12.181 INF Registared with discovery server. numOrderers=16 ownClientId=135
08:19:12.183 INF Registared with discovery server. numOrderers=16 ownClientId=144
08:19:12.183 INF Registared with discovery server. numOrderers=16 ownClientId=146
08:19:12.184 INF Registared with discovery server. numOrderers=16 ownClientId=150
08:19:12.184 INF Registared with discovery server. numOrderers=16 ownClientId=152
08:19:12.185 INF Registared with discovery server. numOrderers=16 ownClientId=168
08:19:12.187 INF Registared with discovery server. numOrderers=16 ownClientId=177
08:19:12.187 INF Registared with discovery server. numOrderers=16 ownClientId=183
08:19:12.188 INF Clients initialized.
08:19:12.188 INF Launching clients.
08:19:12.188 INF Waiting for clients.
08:20:14.300 INF Stopping Tracer. events=1735 fileName=experiment-output/0002/slave-038/client-144.trc
zerolog: could not write event: write experiment-output/0002/slave-038/client-144.log: file already closed
zerolog: could not write event: write experiment-output/0002/slave-038/client-144.log: file already closed
zerolog: could not write event: write experiment-output/0002/slave-038/client-144.log: file already closed
zerolog: could not write event: write experiment-output/0002/slave-038/client-144.log: file already closed
08:20:14.303 INF Trace data written.
08:20:14.308 INF Stopping Tracer. events=1834 fileName=experiment-output/0002/slave-038/client-150.trc
zerolog: could not write event: write experiment-output/0002/slave-038/client-150.log: file already closed
zerolog: could not write event: write experiment-output/0002/slave-038/client-150.log: file already closed
zerolog: could not write event: write experiment-output/0002/slave-038/client-150.log: file already closed
zerolog: could not write event: write experiment-output/0002/slave-038/client-150.log: file already closed
08:20:14.308 INF Stopping Tracer. events=1627 fileName=experiment-output/0002/slave-038/client-146.trc
zerolog: could not write event: write experiment-output/0002/slave-038/client-146.log: file already closed
zerolog: could not write event: write experiment-output/0002/slave-038/client-146.log: file already closed
zerolog: could not write event: write experiment-output/0002/slave-038/client-146.log: file already closed
zerolog: could not write event: write experiment-output/0002/slave-038/client-146.log: file already closed
08:20:14.311 INF Trace data written.
08:20:14.311 INF Trace data written.
08:20:14.349 INF Stopping Tracer. events=1720 fileName=experiment-output/0002/slave-038/client-168.trc
zerolog: could not write event: write experiment-output/0002/slave-038/client-168.log: file already closed
zerolog: could not write event: write experiment-output/0002/slave-038/client-168.log: file already closed
zerolog: could not write event: write experiment-output/0002/slave-038/client-168.log: file already closed
zerolog: could not write event: write experiment-output/0002/slave-038/client-168.log: file already closed
08:20:14.351 INF Trace data written.
08:20:14.354 INF Stopping Tracer. events=1193 fileName=experiment-output/0002/slave-038/client-135.trc
08:20:14.354 INF Stopping Tracer. events=1255 fileName=experiment-output/0002/slave-038/client-183.trc
zerolog: could not write event: write experiment-output/0002/slave-038/client-135.log: file already closed
zerolog: could not write event: write experiment-output/0002/slave-038/client-135.log: file already closed
08:20:14.355 INF Stopping Tracer. events=1596 fileName=experiment-output/0002/slave-038/client-152.trc
zerolog: could not write event: write experiment-output/0002/slave-038/client-135.log: file already closed
zerolog: could not write event: write experiment-output/0002/slave-038/client-135.log: file already closed
zerolog: could not write event: write experiment-output/0002/slave-038/client-152.log: file already closed
zerolog: could not write event: write experiment-output/0002/slave-038/client-183.log: file already closed
zerolog: could not write event: write experiment-output/0002/slave-038/client-152.log: file already closed
zerolog: could not write event: write experiment-output/0002/slave-038/client-183.log: file already closed
zerolog: could not write event: write experiment-output/0002/slave-038/client-152.log: file already closed
zerolog: could not write event: write experiment-output/0002/slave-038/client-183.log: file already closed
zerolog: could not write event: write experiment-output/0002/slave-038/client-183.log: file already closed
zerolog: could not write event: write experiment-output/0002/slave-038/client-152.log: file already closed
08:20:14.357 INF Trace data written.
08:20:14.357 INF Trace data written.
08:20:14.357 INF Trace data written.
08:20:14.364 INF Stopping Tracer. events=1240 fileName=experiment-output/0002/slave-038/client-177.trc
zerolog: could not write event: write experiment-output/0002/slave-038/client-177.log: file already closed
zerolog: could not write event: write experiment-output/0002/slave-038/client-177.log: file already closed
zerolog: could not write event: write experiment-output/0002/slave-038/client-177.log: file already closed
zerolog: could not write event: write experiment-output/0002/slave-038/client-177.log: file already closed
08:20:14.366 INF Trace data written.
08:20:14.366 INF Done.
08:20:14.366 INF Stopping profiler.
zerolog: could not write event: write experiment-output/0002/slave-038/client-144.log: file already closed
zerolog: could not write event: write experiment-output/0002/slave-038/client-144.log: file already closed
zerolog: could not write event: write experiment-output/0002/slave-038/client-144.log: file already closed
zerolog: could not write event: write experiment-output/0002/slave-038/client-144.log: file already closed
zerolog: could not write event: write experiment-output/0002/slave-038/client-150.log: file already closed
zerolog: could not write event: write experiment-output/0002/slave-038/client-150.log: file already closed
zerolog: could not write event: write experiment-output/0002/slave-038/client-146.log: file already closed
zerolog: could not write event: write experiment-output/0002/slave-038/client-150.log: file already closed
zerolog: could not write event: write experiment-output/0002/slave-038/client-146.log: file already closed
zerolog: could not write event: write experiment-output/0002/slave-038/client-146.log: file already closed
zerolog: could not write event: write experiment-output/0002/slave-038/client-150.log: file already closed
zerolog: could not write event: write experiment-output/0002/slave-038/client-146.log: file already closed
zerolog: could not write event: write experiment-output/0002/slave-038/client-144.log: file already closed
zerolog: could not write event: write experiment-output/0002/slave-038/client-144.log: file already closed
zerolog: could not write event: write experiment-output/0002/slave-038/client-144.log: file already closed
zerolog: could not write event: write experiment-output/0002/slave-038/client-144.log: file already closed
zerolog: could not write event: write experiment-output/0002/slave-038/client-150.log: file already closed
zerolog: could not write event: write experiment-output/0002/slave-038/client-146.log: file already closed
zerolog: could not write event: write experiment-output/0002/slave-038/client-150.log: file already closed
zerolog: could not write event: write experiment-output/0002/slave-038/client-150.log: file already closed
zerolog: could not write event: write experiment-output/0002/slave-038/client-146.log: file already closed
zerolog: could not write event: write experiment-output/0002/slave-038/client-146.log: file already closed
zerolog: could not write event: write experiment-output/0002/slave-038/client-150.log: file already closed
zerolog: could not write event: write experiment-output/0002/slave-038/client-146.log: file already closed
zerolog: could not write event: write experiment-output/0002/slave-038/client-168.log: file already closed
zerolog: could not write event: write experiment-output/0002/slave-038/client-135.log: file already closed
zerolog: could not write event: write experiment-output/0002/slave-038/client-135.log: file already closed
zerolog: could not write event: write experiment-output/0002/slave-038/client-152.log: file already closed
zerolog: could not write event: write experiment-output/0002/slave-038/client-152.log: file already closed
zerolog: could not write event: write experiment-output/0002/slave-038/client-152.log: file already closed
zerolog: could not write event: write experiment-output/0002/slave-038/client-183.log: file already closed
zerolog: could not write event: write experiment-output/0002/slave-038/client-183.log: file already closed
zerolog: could not write event: write experiment-output/0002/slave-038/client-183.log: file already closed
zerolog: could not write event: write experiment-output/0002/slave-038/client-168.log: file already closed
zerolog: could not write event: write experiment-output/0002/slave-038/client-168.log: file already closed
zerolog: could not write event: write experiment-output/0002/slave-038/client-168.log: file already closed
zerolog: could not write event: write experiment-output/0002/slave-038/client-177.log: file already closed
zerolog: could not write event: write experiment-output/0002/slave-038/client-177.log: file already closed
zerolog: could not write event: write experiment-output/0002/slave-038/client-135.log: file already closed
zerolog: could not write event: write experiment-output/0002/slave-038/client-183.log: file already closed
zerolog: could not write event: write experiment-output/0002/slave-038/client-152.log: file already closed
zerolog: could not write event: write experiment-output/0002/slave-038/client-135.log: file already closed
zerolog: could not write event: write experiment-output/0002/slave-038/client-177.log: file already closed
zerolog: could not write event: write experiment-output/0002/slave-038/client-177.log: file already closed
zerolog: could not write event: write experiment-output/0002/slave-038/client-168.log: file already closed
zerolog: could not write event: write experiment-output/0002/slave-038/client-168.log: file already closed
zerolog: could not write event: write experiment-output/0002/slave-038/client-168.log: file already closed
zerolog: could not write event: write experiment-output/0002/slave-038/client-168.log: file already closed
zerolog: could not write event: write experiment-output/0002/slave-038/client-183.log: file already closed
zerolog: could not write event: write experiment-output/0002/slave-038/client-152.log: file already closed
zerolog: could not write event: write experiment-output/0002/slave-038/client-152.log: file already closed
zerolog: could not write event: write experiment-output/0002/slave-038/client-183.log: file already closed
zerolog: could not write event: write experiment-output/0002/slave-038/client-135.log: file already closed
zerolog: could not write event: write experiment-output/0002/slave-038/client-135.log: file already closed
zerolog: could not write event: write experiment-output/0002/slave-038/client-183.log: file already closed
zerolog: could not write event: write experiment-output/0002/slave-038/client-152.log: file already closed
zerolog: could not write event: write experiment-output/0002/slave-038/client-135.log: file already closed
zerolog: could not write event: write experiment-output/0002/slave-038/client-152.log: file already closed
zerolog: could not write event: write experiment-output/0002/slave-038/client-135.log: file already closed
zerolog: could not write event: write experiment-output/0002/slave-038/client-183.log: file already closed
zerolog: could not write event: write experiment-output/0002/slave-038/client-177.log: file already closed
zerolog: could not write event: write experiment-output/0002/slave-038/client-177.log: file already closed
zerolog: could not write event: write experiment-output/0002/slave-038/client-177.log: file already closed
zerolog: could not write event: write experiment-output/0002/slave-038/client-177.log: file already closed
zerolog: could not write event: write experiment-output/0002/slave-038/client-144.log: file already closed
zerolog: could not write event: write experiment-output/0002/slave-038/client-144.log: file already closed
zerolog: could not write event: write experiment-output/0002/slave-038/client-144.log: file already closed
08:20:14.514 INF Profile data written. filename=experiment-output/0002/slave-038/prof-client.cpu name=cpu
zerolog: could not write event: write experiment-output/0002/slave-038/client-144.log: file already closed
zerolog: could not write event: write experiment-output/0002/slave-038/client-150.log: file already closed
zerolog: could not write event: write experiment-output/0002/slave-038/client-146.log: file already closed
zerolog: could not write event: write experiment-output/0002/slave-038/client-150.log: file already closed
zerolog: could not write event: write experiment-output/0002/slave-038/client-146.log: file already closed
zerolog: could not write event: write experiment-output/0002/slave-038/client-150.log: file already closed
zerolog: could not write event: write experiment-output/0002/slave-038/client-150.log: file already closed
zerolog: could not write event: write experiment-output/0002/slave-038/client-146.log: file already closed
zerolog: could not write event: write experiment-output/0002/slave-038/client-146.log: file already closed
08:20:14.533 INF Profile data written. filename=experiment-output/0002/slave-038/prof-client.block name=block
08:20:14.539 INF Profile data written. filename=experiment-output/0002/slave-038/prof-client.mutex name=mutex
