{"level":"debug","Logging":"info","time":"2023-03-25T08:19:11Z","message":"Config"}
{"level":"debug","UseTLS":false,"time":"2023-03-25T08:19:11Z","message":"Config"}
{"level":"debug","CACertFile":"tls-data/ca.pem","time":"2023-03-25T08:19:11Z","message":"Config"}
{"level":"debug","KeyFile":"tls-data/auth.key","time":"2023-03-25T08:19:11Z","message":"Config"}
{"level":"debug","CertFile":"tls-data/auth.pem","time":"2023-03-25T08:19:11Z","message":"Config"}
{"level":"debug","PriorityConnections":2,"time":"2023-03-25T08:19:11Z","message":"Config"}
{"level":"debug","BasicConnections":1,"time":"2023-03-25T08:19:11Z","message":"Config"}
{"level":"debug","TestConnections":false,"time":"2023-03-25T08:19:11Z","message":"Config"}
{"level":"debug","ExcessConnections":1,"time":"2023-03-25T08:19:11Z","message":"Config"}
{"level":"debug","ConnectionTestMsgs":4,"time":"2023-03-25T08:19:11Z","message":"Config"}
{"level":"debug","ConnectionTestPayload":131072,"time":"2023-03-25T08:19:11Z","message":"Config"}
{"level":"debug","OutMessageBufsize":1024,"time":"2023-03-25T08:19:11Z","message":"Config"}
{"level":"debug","OutMessageBufsize":4,"time":"2023-03-25T08:19:11Z","message":"Config"}
{"level":"debug","ThroughputCap":131072000,"time":"2023-03-25T08:19:11Z","message":"Config"}
{"level":"debug","StragglerTolerance":1000,"time":"2023-03-25T08:19:11Z","message":"Config"}
{"level":"debug","BatchSizeIncrement":256,"time":"2023-03-25T08:19:11Z","message":"Config"}
{"level":"debug","Orderer":"Pbft","time":"2023-03-25T08:19:11Z","message":"Config"}
{"level":"debug","Manager":"Mir","time":"2023-03-25T08:19:11Z","message":"Config"}
{"level":"debug","Failures":0,"time":"2023-03-25T08:19:11Z","message":"Config"}
{"level":"debug","StragglerCnt":0,"time":"2023-03-25T08:19:11Z","message":"Config"}
{"level":"debug","PrivKeyCnt":10,"time":"2023-03-25T08:19:11Z","message":"Config"}
{"level":"debug","UseSig":false,"time":"2023-03-25T08:19:11Z","message":"Config"}
{"level":"debug","CrashTiming":"Straggler","time":"2023-03-25T08:19:11Z","message":"Config"}
{"level":"debug","CheckpointInterval":512,"time":"2023-03-25T08:19:11Z","message":"Config"}
{"level":"debug","WatermarkWindowSize":512,"time":"2023-03-25T08:19:11Z","message":"Config"}
{"level":"debug","EpochLength":512,"time":"2023-03-25T08:19:11Z","message":"Config"}
{"level":"debug","SegmentLength":32,"time":"2023-03-25T08:19:11Z","message":"Config"}
{"level":"debug","WaitForCheckpoints":true,"time":"2023-03-25T08:19:11Z","message":"Config"}
{"level":"debug","ClientWatermarkWindowSize":16384,"time":"2023-03-25T08:19:11Z","message":"Config"}
{"level":"debug","ClientRequestBacklogSize":16384,"time":"2023-03-25T08:19:11Z","message":"Config"}
{"level":"debug","RandomSeed":30627,"time":"2023-03-25T08:19:11Z","message":"Config"}
{"level":"debug","NodeToLeaderRatio":1,"time":"2023-03-25T08:19:11Z","message":"Config"}
{"level":"debug","LeaderPolicy":"Simple","time":"2023-03-25T08:19:11Z","message":"Config"}
{"level":"debug","DefaultLeaderBan":2,"time":"2023-03-25T08:19:11Z","message":"Config"}
{"level":"debug","NumBuckets":256,"time":"2023-03-25T08:19:11Z","message":"Config"}
{"level":"debug","BatchSize":2500,"time":"2023-03-25T08:19:11Z","message":"Config"}
{"level":"debug","DisabledViewChange":false,"time":"2023-03-25T08:19:11Z","message":"Config"}
{"level":"debug","ViewChangeTimeout":60000,"time":"2023-03-25T08:19:11Z","message":"Config"}
{"level":"debug","ClientTraceSampling":10,"time":"2023-03-25T08:19:11Z","message":"Config"}
{"level":"debug","EventBufferSize":2097152,"time":"2023-03-25T08:19:11Z","message":"Config"}
{"level":"debug","TraceSampling":1,"time":"2023-03-25T08:19:11Z","message":"Config"}
{"level":"debug","ClientsPerProcess":8,"time":"2023-03-25T08:19:11Z","message":"Config"}
{"level":"debug","RequestsPerClient":5859,"time":"2023-03-25T08:19:11Z","message":"Config"}
{"level":"debug","ClientRunTime":15000,"time":"2023-03-25T08:19:11Z","message":"Config"}
{"level":"debug","RequestRate":195,"time":"2023-03-25T08:19:11Z","message":"Config"}
{"level":"debug","HardRequestRateLimit":false,"time":"2023-03-25T08:19:11Z","message":"Config"}
{"level":"debug","RequestPayloadSize":500,"time":"2023-03-25T08:19:11Z","message":"Config"}
{"level":"debug","SignRequests":true,"time":"2023-03-25T08:19:11Z","message":"Config"}
{"level":"debug","ClientPrivKeyFile":"tls-data/client-ecdsa-256.key","time":"2023-03-25T08:19:11Z","message":"Config"}
{"level":"debug","ClientPubKeyFile":"tls-data/client-ecdsa-256.pem","time":"2023-03-25T08:19:11Z","message":"Config"}
{"level":"debug","PrecomputeRequests":false,"time":"2023-03-25T08:19:11Z","message":"Config"}
{"level":"debug","RequestHandlerThreads":32,"time":"2023-03-25T08:19:11Z","message":"Config"}
{"level":"debug","RequestInputChannelBuffer":8192,"time":"2023-03-25T08:19:11Z","message":"Config"}
{"level":"debug","BatchVerifier":"external","time":"2023-03-25T08:19:11Z","message":"Config"}
08:19:11.787 INF Started Profiler: CPU
08:19:11.787 INF Started Profiler: BLOCK
08:19:11.787 INF Started Profiler: MUTEX
08:19:11.787 INF Starting clients. numClients=8 numRequests=5859
08:19:11.787 INF Initilizing clients.
08:19:12.181 INF Registared with discovery server. numOrderers=16 ownClientId=133
08:19:12.181 INF Registared with discovery server. numOrderers=16 ownClientId=139
08:19:12.182 INF Registared with discovery server. numOrderers=16 ownClientId=140
08:19:12.185 INF Registared with discovery server. numOrderers=16 ownClientId=166
08:19:12.185 INF Registared with discovery server. numOrderers=16 ownClientId=172
08:19:12.185 INF Registared with discovery server. numOrderers=16 ownClientId=173
08:19:12.187 INF Registared with discovery server. numOrderers=16 ownClientId=181
08:19:12.189 INF Registared with discovery server. numOrderers=16 ownClientId=188
08:19:12.189 INF Clients initialized.
08:19:12.189 INF Launching clients.
08:19:12.189 INF Waiting for clients.
08:20:14.348 INF Stopping Tracer. events=1834 fileName=experiment-output/0002/slave-030/client-140.trc
08:20:14.348 INF Stopping Tracer. events=1199 fileName=experiment-output/0002/slave-030/client-133.trc
zerolog: could not write event: write experiment-output/0002/slave-030/client-140.log: file already closed
zerolog: could not write event: write experiment-output/0002/slave-030/client-140.log: file already closed
zerolog: could not write event: write experiment-output/0002/slave-030/client-140.log: file already closed
zerolog: could not write event: write experiment-output/0002/slave-030/client-133.log: file already closed
zerolog: could not write event: write experiment-output/0002/slave-030/client-140.log: file already closed
zerolog: could not write event: write experiment-output/0002/slave-030/client-133.log: file already closed
zerolog: could not write event: write experiment-output/0002/slave-030/client-133.log: file already closed
zerolog: could not write event: write experiment-output/0002/slave-030/client-133.log: file already closed
08:20:14.351 INF Trace data written.
08:20:14.352 INF Trace data written.
08:20:14.354 INF Stopping Tracer. events=1658 fileName=experiment-output/0002/slave-030/client-188.trc
zerolog: could not write event: write experiment-output/0002/slave-030/client-188.log: file already closed
zerolog: could not write event: write experiment-output/0002/slave-030/client-188.log: file already closed
zerolog: could not write event: write experiment-output/0002/slave-030/client-188.log: file already closed
zerolog: could not write event: write experiment-output/0002/slave-030/client-188.log: file already closed
08:20:14.357 INF Trace data written.
08:20:14.361 INF Stopping Tracer. events=1198 fileName=experiment-output/0002/slave-030/client-139.trc
08:20:14.361 INF Stopping Tracer. events=1245 fileName=experiment-output/0002/slave-030/client-181.trc
zerolog: could not write event: write experiment-output/0002/slave-030/client-139.log: file already closed
zerolog: could not write event: write experiment-output/0002/slave-030/client-139.log: file already closed
zerolog: could not write event: write experiment-output/0002/slave-030/client-139.log: file already closed
zerolog: could not write event: write experiment-output/0002/slave-030/client-139.log: file already closed
08:20:14.362 INF Stopping Tracer. events=1272 fileName=experiment-output/0002/slave-030/client-173.trc
zerolog: could not write event: write experiment-output/0002/slave-030/client-181.log: file already closed
08:20:14.362 INF Stopping Tracer. events=1565 fileName=experiment-output/0002/slave-030/client-172.trc
zerolog: could not write event: write experiment-output/0002/slave-030/client-181.log: file already closed
zerolog: could not write event: write experiment-output/0002/slave-030/client-181.log: file already closed
zerolog: could not write event: write experiment-output/0002/slave-030/client-181.log: file already closed
08:20:14.362 INF Stopping Tracer. events=1613 fileName=experiment-output/0002/slave-030/client-166.trc
zerolog: could not write event: write experiment-output/0002/slave-030/client-166.log: file already closed
zerolog: could not write event: write experiment-output/0002/slave-030/client-166.log: file already closed
zerolog: could not write event: write experiment-output/0002/slave-030/client-173.log: file already closed
zerolog: could not write event: write experiment-output/0002/slave-030/client-173.log: file already closed
zerolog: could not write event: write experiment-output/0002/slave-030/client-173.log: file already closed
zerolog: could not write event: write experiment-output/0002/slave-030/client-172.log: file already closed
zerolog: could not write event: write experiment-output/0002/slave-030/client-172.log: file already closed
zerolog: could not write event: write experiment-output/0002/slave-030/client-173.log: file already closed
zerolog: could not write event: write experiment-output/0002/slave-030/client-166.log: file already closed
zerolog: could not write event: write experiment-output/0002/slave-030/client-166.log: file already closed
zerolog: could not write event: write experiment-output/0002/slave-030/client-172.log: file already closed
zerolog: could not write event: write experiment-output/0002/slave-030/client-172.log: file already closed
08:20:14.364 INF Trace data written.
08:20:14.364 INF Trace data written.
08:20:14.364 INF Trace data written.
08:20:14.365 INF Trace data written.
08:20:14.365 INF Trace data written.
08:20:14.365 INF Done.
08:20:14.365 INF Stopping profiler.
08:20:14.381 INF Profile data written. filename=experiment-output/0002/slave-030/prof-client.mutex name=mutex
zerolog: could not write event: write experiment-output/0002/slave-030/client-133.log: file already closed
zerolog: could not write event: write experiment-output/0002/slave-030/client-188.log: file already closed
zerolog: could not write event: write experiment-output/0002/slave-030/client-188.log: file already closed
zerolog: could not write event: write experiment-output/0002/slave-030/client-140.log: file already closed
zerolog: could not write event: write experiment-output/0002/slave-030/client-133.log: file already closed
zerolog: could not write event: write experiment-output/0002/slave-030/client-139.log: file already closed
zerolog: could not write event: write experiment-output/0002/slave-030/client-140.log: file already closed
zerolog: could not write event: write experiment-output/0002/slave-030/client-173.log: file already closed
zerolog: could not write event: write experiment-output/0002/slave-030/client-140.log: file already closed
zerolog: could not write event: write experiment-output/0002/slave-030/client-139.log: file already closed
zerolog: could not write event: write experiment-output/0002/slave-030/client-133.log: file already closed
zerolog: could not write event: write experiment-output/0002/slave-030/client-172.log: file already closed
zerolog: could not write event: write experiment-output/0002/slave-030/client-172.log: file already closed
zerolog: could not write event: write experiment-output/0002/slave-030/client-172.log: file already closed
zerolog: could not write event: write experiment-output/0002/slave-030/client-181.log: file already closed
zerolog: could not write event: write experiment-output/0002/slave-030/client-133.log: file already closed
zerolog: could not write event: write experiment-output/0002/slave-030/client-166.log: file already closed
zerolog: could not write event: write experiment-output/0002/slave-030/client-166.log: file already closed
zerolog: could not write event: write experiment-output/0002/slave-030/client-173.log: file already closed
zerolog: could not write event: write experiment-output/0002/slave-030/client-166.log: file already closed
zerolog: could not write event: write experiment-output/0002/slave-030/client-140.log: file already closed
zerolog: could not write event: write experiment-output/0002/slave-030/client-173.log: file already closed
zerolog: could not write event: write experiment-output/0002/slave-030/client-188.log: file already closed
zerolog: could not write event: write experiment-output/0002/slave-030/client-188.log: file already closed
zerolog: could not write event: write experiment-output/0002/slave-030/client-172.log: file already closed
zerolog: could not write event: write experiment-output/0002/slave-030/client-181.log: file already closed
zerolog: could not write event: write experiment-output/0002/slave-030/client-166.log: file already closed
zerolog: could not write event: write experiment-output/0002/slave-030/client-139.log: file already closed
zerolog: could not write event: write experiment-output/0002/slave-030/client-173.log: file already closed
zerolog: could not write event: write experiment-output/0002/slave-030/client-139.log: file already closed
zerolog: could not write event: write experiment-output/0002/slave-030/client-181.log: file already closed
zerolog: could not write event: write experiment-output/0002/slave-030/client-181.log: file already closed
zerolog: could not write event: write experiment-output/0002/slave-030/client-140.log: file already closed
zerolog: could not write event: write experiment-output/0002/slave-030/client-133.log: file already closed
zerolog: could not write event: write experiment-output/0002/slave-030/client-140.log: file already closed
zerolog: could not write event: write experiment-output/0002/slave-030/client-133.log: file already closed
zerolog: could not write event: write experiment-output/0002/slave-030/client-133.log: file already closed
zerolog: could not write event: write experiment-output/0002/slave-030/client-133.log: file already closed
zerolog: could not write event: write experiment-output/0002/slave-030/client-140.log: file already closed
zerolog: could not write event: write experiment-output/0002/slave-030/client-140.log: file already closed
zerolog: could not write event: write experiment-output/0002/slave-030/client-188.log: file already closed
zerolog: could not write event: write experiment-output/0002/slave-030/client-188.log: file already closed
zerolog: could not write event: write experiment-output/0002/slave-030/client-188.log: file already closed
zerolog: could not write event: write experiment-output/0002/slave-030/client-188.log: file already closed
zerolog: could not write event: write experiment-output/0002/slave-030/client-139.log: file already closed
zerolog: could not write event: write experiment-output/0002/slave-030/client-181.log: file already closed
zerolog: could not write event: write experiment-output/0002/slave-030/client-139.log: file already closed
zerolog: could not write event: write experiment-output/0002/slave-030/client-172.log: file already closed
zerolog: could not write event: write experiment-output/0002/slave-030/client-166.log: file already closed
zerolog: could not write event: write experiment-output/0002/slave-030/client-139.log: file already closed
zerolog: could not write event: write experiment-output/0002/slave-030/client-139.log: file already closed
zerolog: could not write event: write experiment-output/0002/slave-030/client-181.log: file already closed
zerolog: could not write event: write experiment-output/0002/slave-030/client-173.log: file already closed
zerolog: could not write event: write experiment-output/0002/slave-030/client-181.log: file already closed
zerolog: could not write event: write experiment-output/0002/slave-030/client-166.log: file already closed
zerolog: could not write event: write experiment-output/0002/slave-030/client-173.log: file already closed
zerolog: could not write event: write experiment-output/0002/slave-030/client-166.log: file already closed
zerolog: could not write event: write experiment-output/0002/slave-030/client-172.log: file already closed
zerolog: could not write event: write experiment-output/0002/slave-030/client-172.log: file already closed
zerolog: could not write event: write experiment-output/0002/slave-030/client-172.log: file already closed
zerolog: could not write event: write experiment-output/0002/slave-030/client-181.log: file already closed
zerolog: could not write event: write experiment-output/0002/slave-030/client-173.log: file already closed
zerolog: could not write event: write experiment-output/0002/slave-030/client-166.log: file already closed
zerolog: could not write event: write experiment-output/0002/slave-030/client-173.log: file already closed
08:20:14.504 INF Profile data written. filename=experiment-output/0002/slave-030/prof-client.cpu name=cpu
08:20:14.513 INF Profile data written. filename=experiment-output/0002/slave-030/prof-client.block name=block
