{"level":"debug","Logging":"info","time":"2023-03-30T03:21:58Z","message":"Config"}
{"level":"debug","UseTLS":false,"time":"2023-03-30T03:21:58Z","message":"Config"}
{"level":"debug","CACertFile":"tls-data/ca.pem","time":"2023-03-30T03:21:58Z","message":"Config"}
{"level":"debug","KeyFile":"tls-data/auth.key","time":"2023-03-30T03:21:58Z","message":"Config"}
{"level":"debug","CertFile":"tls-data/auth.pem","time":"2023-03-30T03:21:58Z","message":"Config"}
{"level":"debug","PriorityConnections":2,"time":"2023-03-30T03:21:58Z","message":"Config"}
{"level":"debug","BasicConnections":1,"time":"2023-03-30T03:21:58Z","message":"Config"}
{"level":"debug","TestConnections":false,"time":"2023-03-30T03:21:58Z","message":"Config"}
{"level":"debug","ExcessConnections":1,"time":"2023-03-30T03:21:58Z","message":"Config"}
{"level":"debug","ConnectionTestMsgs":4,"time":"2023-03-30T03:21:58Z","message":"Config"}
{"level":"debug","ConnectionTestPayload":131072,"time":"2023-03-30T03:21:58Z","message":"Config"}
{"level":"debug","OutMessageBufsize":1024,"time":"2023-03-30T03:21:58Z","message":"Config"}
{"level":"debug","OutMessageBufsize":4,"time":"2023-03-30T03:21:58Z","message":"Config"}
{"level":"debug","ThroughputCap":131072000,"time":"2023-03-30T03:21:58Z","message":"Config"}
{"level":"debug","StragglerTolerance":1000,"time":"2023-03-30T03:21:58Z","message":"Config"}
{"level":"debug","BatchSizeIncrement":256,"time":"2023-03-30T03:21:58Z","message":"Config"}
{"level":"debug","Orderer":"Pbft","time":"2023-03-30T03:21:58Z","message":"Config"}
{"level":"debug","Manager":"Mir","time":"2023-03-30T03:21:58Z","message":"Config"}
{"level":"debug","Failures":0,"time":"2023-03-30T03:21:58Z","message":"Config"}
{"level":"debug","StragglerCnt":3,"time":"2023-03-30T03:21:58Z","message":"Config"}
{"level":"debug","PrivKeyCnt":10,"time":"2023-03-30T03:21:58Z","message":"Config"}
{"level":"debug","UseSig":false,"time":"2023-03-30T03:21:58Z","message":"Config"}
{"level":"debug","CrashTiming":"Straggler","time":"2023-03-30T03:21:58Z","message":"Config"}
{"level":"debug","CheckpointInterval":1024,"time":"2023-03-30T03:21:58Z","message":"Config"}
{"level":"debug","WatermarkWindowSize":1024,"time":"2023-03-30T03:21:58Z","message":"Config"}
{"level":"debug","EpochLength":1024,"time":"2023-03-30T03:21:58Z","message":"Config"}
{"level":"debug","SegmentLength":64,"time":"2023-03-30T03:21:58Z","message":"Config"}
{"level":"debug","WaitForCheckpoints":true,"time":"2023-03-30T03:21:58Z","message":"Config"}
{"level":"debug","ClientWatermarkWindowSize":24576,"time":"2023-03-30T03:21:58Z","message":"Config"}
{"level":"debug","ClientRequestBacklogSize":24576,"time":"2023-03-30T03:21:58Z","message":"Config"}
{"level":"debug","RandomSeed":14306,"time":"2023-03-30T03:21:58Z","message":"Config"}
{"level":"debug","NodeToLeaderRatio":1,"time":"2023-03-30T03:21:58Z","message":"Config"}
{"level":"debug","LeaderPolicy":"Simple","time":"2023-03-30T03:21:58Z","message":"Config"}
{"level":"debug","DefaultLeaderBan":2,"time":"2023-03-30T03:21:58Z","message":"Config"}
{"level":"debug","NumBuckets":256,"time":"2023-03-30T03:21:58Z","message":"Config"}
{"level":"debug","BatchSize":1000,"time":"2023-03-30T03:21:58Z","message":"Config"}
{"level":"debug","DisabledViewChange":false,"time":"2023-03-30T03:21:58Z","message":"Config"}
{"level":"debug","ViewChangeTimeout":60000,"time":"2023-03-30T03:21:58Z","message":"Config"}
{"level":"debug","ClientTraceSampling":10,"time":"2023-03-30T03:21:58Z","message":"Config"}
{"level":"debug","EventBufferSize":2097152,"time":"2023-03-30T03:21:58Z","message":"Config"}
{"level":"debug","TraceSampling":1,"time":"2023-03-30T03:21:58Z","message":"Config"}
{"level":"debug","ClientsPerProcess":8,"time":"2023-03-30T03:21:58Z","message":"Config"}
{"level":"debug","RequestsPerClient":5859,"time":"2023-03-30T03:21:58Z","message":"Config"}
{"level":"debug","ClientRunTime":15000,"time":"2023-03-30T03:21:58Z","message":"Config"}
{"level":"debug","RequestRate":195,"time":"2023-03-30T03:21:58Z","message":"Config"}
{"level":"debug","HardRequestRateLimit":false,"time":"2023-03-30T03:21:58Z","message":"Config"}
{"level":"debug","RequestPayloadSize":500,"time":"2023-03-30T03:21:58Z","message":"Config"}
{"level":"debug","SignRequests":true,"time":"2023-03-30T03:21:58Z","message":"Config"}
{"level":"debug","ClientPrivKeyFile":"tls-data/client-ecdsa-256.key","time":"2023-03-30T03:21:58Z","message":"Config"}
{"level":"debug","ClientPubKeyFile":"tls-data/client-ecdsa-256.pem","time":"2023-03-30T03:21:58Z","message":"Config"}
{"level":"debug","PrecomputeRequests":false,"time":"2023-03-30T03:21:58Z","message":"Config"}
{"level":"debug","RequestHandlerThreads":32,"time":"2023-03-30T03:21:58Z","message":"Config"}
{"level":"debug","RequestInputChannelBuffer":8192,"time":"2023-03-30T03:21:58Z","message":"Config"}
{"level":"debug","BatchVerifier":"external","time":"2023-03-30T03:21:58Z","message":"Config"}
03:21:58.541 INF Started Profiler: CPU
03:21:58.541 INF Started Profiler: BLOCK
03:21:58.541 INF Started Profiler: MUTEX
03:21:58.541 INF Starting clients. numClients=8 numRequests=5859
03:21:58.541 INF Initilizing clients.
03:21:58.937 INF Registared with discovery server. numOrderers=16 ownClientId=134
03:21:58.937 INF Registared with discovery server. numOrderers=16 ownClientId=135
03:21:58.939 INF Registared with discovery server. numOrderers=16 ownClientId=149
03:21:58.941 INF Registared with discovery server. numOrderers=16 ownClientId=172
03:21:58.942 INF Registared with discovery server. numOrderers=16 ownClientId=164
03:21:58.942 INF Registared with discovery server. numOrderers=16 ownClientId=175
03:21:58.943 INF Registared with discovery server. numOrderers=16 ownClientId=182
03:21:58.945 INF Registared with discovery server. numOrderers=16 ownClientId=190
03:21:58.945 INF Clients initialized.
03:21:58.945 INF Launching clients.
03:21:58.945 INF Waiting for clients.
03:23:40.128 INF Stopping Tracer. events=1173 fileName=experiment-output/0001/slave-031/client-134.trc
zerolog: could not write event: write experiment-output/0001/slave-031/client-134.log: file already closed
zerolog: could not write event: write experiment-output/0001/slave-031/client-134.log: file already closed
zerolog: could not write event: write experiment-output/0001/slave-031/client-134.log: file already closed
zerolog: could not write event: write experiment-output/0001/slave-031/client-134.log: file already closed
03:23:40.130 INF Trace data written.
03:23:40.139 INF Stopping Tracer. events=1173 fileName=experiment-output/0001/slave-031/client-190.trc
03:23:40.139 INF Stopping Tracer. events=1737 fileName=experiment-output/0001/slave-031/client-149.trc
03:23:40.140 INF Stopping Tracer. events=1961 fileName=experiment-output/0001/slave-031/client-175.trc
03:23:40.139 INF Stopping Tracer. events=1858 fileName=experiment-output/0001/slave-031/client-135.trc
zerolog: could not write event: write experiment-output/0001/slave-031/client-190.log: file already closed
zerolog: could not write event: write experiment-output/0001/slave-031/client-190.log: file already closed
zerolog: could not write event: write experiment-output/0001/slave-031/client-190.log: file already closed
zerolog: could not write event: write experiment-output/0001/slave-031/client-175.log: file already closed
zerolog: could not write event: write experiment-output/0001/slave-031/client-135.log: file already closed
zerolog: could not write event: write experiment-output/0001/slave-031/client-149.log: file already closed
zerolog: could not write event: write experiment-output/0001/slave-031/client-135.log: file already closed
zerolog: could not write event: write experiment-output/0001/slave-031/client-149.log: file already closed
zerolog: could not write event: write experiment-output/0001/slave-031/client-149.log: file already closed
zerolog: could not write event: write experiment-output/0001/slave-031/client-149.log: file already closed
zerolog: could not write event: write experiment-output/0001/slave-031/client-175.log: file already closed
zerolog: could not write event: write experiment-output/0001/slave-031/client-175.log: file already closed
zerolog: could not write event: write experiment-output/0001/slave-031/client-135.log: file already closed
zerolog: could not write event: write experiment-output/0001/slave-031/client-175.log: file already closed
zerolog: could not write event: write experiment-output/0001/slave-031/client-135.log: file already closed
zerolog: could not write event: write experiment-output/0001/slave-031/client-190.log: file already closed
03:23:40.142 INF Stopping Tracer. events=1173 fileName=experiment-output/0001/slave-031/client-172.trc
03:23:40.142 INF Stopping Tracer. events=1183 fileName=experiment-output/0001/slave-031/client-182.trc
03:23:40.142 INF Trace data written.
03:23:40.143 INF Stopping Tracer. events=1173 fileName=experiment-output/0001/slave-031/client-164.trc
zerolog: could not write event: write experiment-output/0001/slave-031/client-182.log: file already closed
zerolog: could not write event: write experiment-output/0001/slave-031/client-172.log: file already closed
zerolog: could not write event: write experiment-output/0001/slave-031/client-182.log: file already closed
zerolog: could not write event: write experiment-output/0001/slave-031/client-172.log: file already closed
zerolog: could not write event: write experiment-output/0001/slave-031/client-172.log: file already closed
zerolog: could not write event: write experiment-output/0001/slave-031/client-182.log: file already closed
zerolog: could not write event: write experiment-output/0001/slave-031/client-172.log: file already closed
zerolog: could not write event: write experiment-output/0001/slave-031/client-182.log: file already closed
zerolog: could not write event: write experiment-output/0001/slave-031/client-164.log: file already closed
zerolog: could not write event: write experiment-output/0001/slave-031/client-164.log: file already closed
zerolog: could not write event: write experiment-output/0001/slave-031/client-164.log: file already closed
zerolog: could not write event: write experiment-output/0001/slave-031/client-164.log: file already closed
03:23:40.144 INF Trace data written.
03:23:40.144 INF Trace data written.
03:23:40.144 INF Trace data written.
03:23:40.145 INF Trace data written.
03:23:40.145 INF Trace data written.
03:23:40.145 INF Trace data written.
03:23:40.145 INF Done.
03:23:40.145 INF Stopping profiler.
zerolog: could not write event: write experiment-output/0001/slave-031/client-134.log: file already closed
zerolog: could not write event: write experiment-output/0001/slave-031/client-149.log: file already closed
zerolog: could not write event: write experiment-output/0001/slave-031/client-149.log: file already closed
zerolog: could not write event: write experiment-output/0001/slave-031/client-134.log: file already closed
zerolog: could not write event: write experiment-output/0001/slave-031/client-190.log: file already closed
zerolog: could not write event: write experiment-output/0001/slave-031/client-149.log: file already closed
zerolog: could not write event: write experiment-output/0001/slave-031/client-135.log: file already closed
zerolog: could not write event: write experiment-output/0001/slave-031/client-175.log: file already closed
zerolog: could not write event: write experiment-output/0001/slave-031/client-190.log: file already closed
zerolog: could not write event: write experiment-output/0001/slave-031/client-190.log: file already closed
zerolog: could not write event: write experiment-output/0001/slave-031/client-175.log: file already closed
zerolog: could not write event: write experiment-output/0001/slave-031/client-134.log: file already closed
zerolog: could not write event: write experiment-output/0001/slave-031/client-182.log: file already closed
zerolog: could not write event: write experiment-output/0001/slave-031/client-134.log: file already closed
zerolog: could not write event: write experiment-output/0001/slave-031/client-172.log: file already closed
zerolog: could not write event: write experiment-output/0001/slave-031/client-172.log: file already closed
zerolog: could not write event: write experiment-output/0001/slave-031/client-182.log: file already closed
zerolog: could not write event: write experiment-output/0001/slave-031/client-172.log: file already closed
zerolog: could not write event: write experiment-output/0001/slave-031/client-164.log: file already closed
zerolog: could not write event: write experiment-output/0001/slave-031/client-172.log: file already closed
zerolog: could not write event: write experiment-output/0001/slave-031/client-149.log: file already closed
zerolog: could not write event: write experiment-output/0001/slave-031/client-135.log: file already closed
zerolog: could not write event: write experiment-output/0001/slave-031/client-175.log: file already closed
zerolog: could not write event: write experiment-output/0001/slave-031/client-175.log: file already closed
zerolog: could not write event: write experiment-output/0001/slave-031/client-135.log: file already closed
zerolog: could not write event: write experiment-output/0001/slave-031/client-135.log: file already closed
zerolog: could not write event: write experiment-output/0001/slave-031/client-190.log: file already closed
zerolog: could not write event: write experiment-output/0001/slave-031/client-182.log: file already closed
zerolog: could not write event: write experiment-output/0001/slave-031/client-182.log: file already closed
zerolog: could not write event: write experiment-output/0001/slave-031/client-164.log: file already closed
zerolog: could not write event: write experiment-output/0001/slave-031/client-164.log: file already closed
zerolog: could not write event: write experiment-output/0001/slave-031/client-164.log: file already closed
zerolog: could not write event: write experiment-output/0001/slave-031/client-134.log: file already closed
zerolog: could not write event: write experiment-output/0001/slave-031/client-134.log: file already closed
zerolog: could not write event: write experiment-output/0001/slave-031/client-134.log: file already closed
zerolog: could not write event: write experiment-output/0001/slave-031/client-134.log: file already closed
zerolog: could not write event: write experiment-output/0001/slave-031/client-190.log: file already closed
zerolog: could not write event: write experiment-output/0001/slave-031/client-149.log: file already closed
zerolog: could not write event: write experiment-output/0001/slave-031/client-175.log: file already closed
zerolog: could not write event: write experiment-output/0001/slave-031/client-190.log: file already closed
zerolog: could not write event: write experiment-output/0001/slave-031/client-175.log: file already closed
zerolog: could not write event: write experiment-output/0001/slave-031/client-190.log: file already closed
zerolog: could not write event: write experiment-output/0001/slave-031/client-135.log: file already closed
zerolog: could not write event: write experiment-output/0001/slave-031/client-135.log: file already closed
zerolog: could not write event: write experiment-output/0001/slave-031/client-175.log: file already closed
zerolog: could not write event: write experiment-output/0001/slave-031/client-149.log: file already closed
zerolog: could not write event: write experiment-output/0001/slave-031/client-135.log: file already closed
zerolog: could not write event: write experiment-output/0001/slave-031/client-135.log: file already closed
zerolog: could not write event: write experiment-output/0001/slave-031/client-149.log: file already closed
zerolog: could not write event: write experiment-output/0001/slave-031/client-149.log: file already closed
zerolog: could not write event: write experiment-output/0001/slave-031/client-175.log: file already closed
zerolog: could not write event: write experiment-output/0001/slave-031/client-190.log: file already closed
zerolog: could not write event: write experiment-output/0001/slave-031/client-182.log: file already closed
zerolog: could not write event: write experiment-output/0001/slave-031/client-164.log: file already closed
zerolog: could not write event: write experiment-output/0001/slave-031/client-172.log: file already closed
zerolog: could not write event: write experiment-output/0001/slave-031/client-182.log: file already closed
zerolog: could not write event: write experiment-output/0001/slave-031/client-182.log: file already closed
zerolog: could not write event: write experiment-output/0001/slave-031/client-172.log: file already closed
zerolog: could not write event: write experiment-output/0001/slave-031/client-172.log: file already closed
zerolog: could not write event: write experiment-output/0001/slave-031/client-164.log: file already closed
zerolog: could not write event: write experiment-output/0001/slave-031/client-182.log: file already closed
zerolog: could not write event: write experiment-output/0001/slave-031/client-172.log: file already closed
zerolog: could not write event: write experiment-output/0001/slave-031/client-164.log: file already closed
zerolog: could not write event: write experiment-output/0001/slave-031/client-164.log: file already closed
03:23:40.333 INF Profile data written. filename=experiment-output/0001/slave-031/prof-client.cpu name=cpu
zerolog: could not write event: write experiment-output/0001/slave-031/client-134.log: file already closed
zerolog: could not write event: write experiment-output/0001/slave-031/client-134.log: file already closed
zerolog: could not write event: write experiment-output/0001/slave-031/client-134.log: file already closed
zerolog: could not write event: write experiment-output/0001/slave-031/client-134.log: file already closed
zerolog: could not write event: write experiment-output/0001/slave-031/client-175.log: file already closed
03:23:40.353 INF Profile data written. filename=experiment-output/0001/slave-031/prof-client.block name=block
zerolog: could not write event: write experiment-output/0001/slave-031/client-190.log: file already closed
zerolog: could not write event: write experiment-output/0001/slave-031/client-175.log: file already closed
zerolog: could not write event: write experiment-output/0001/slave-031/client-149.log: file already closed
zerolog: could not write event: write experiment-output/0001/slave-031/client-190.log: file already closed
zerolog: could not write event: write experiment-output/0001/slave-031/client-135.log: file already closed
zerolog: could not write event: write experiment-output/0001/slave-031/client-149.log: file already closed
zerolog: could not write event: write experiment-output/0001/slave-031/client-175.log: file already closed
zerolog: could not write event: write experiment-output/0001/slave-031/client-190.log: file already closed
zerolog: could not write event: write experiment-output/0001/slave-031/client-175.log: file already closed
zerolog: could not write event: write experiment-output/0001/slave-031/client-190.log: file already closed
zerolog: could not write event: write experiment-output/0001/slave-031/client-135.log: file already closed
zerolog: could not write event: write experiment-output/0001/slave-031/client-135.log: file already closed
zerolog: could not write event: write experiment-output/0001/slave-031/client-149.log: file already closed
zerolog: could not write event: write experiment-output/0001/slave-031/client-149.log: file already closed
zerolog: could not write event: write experiment-output/0001/slave-031/client-135.log: file already closed
zerolog: could not write event: write experiment-output/0001/slave-031/client-182.log: file already closed
zerolog: could not write event: write experiment-output/0001/slave-031/client-182.log: file already closed
zerolog: could not write event: write experiment-output/0001/slave-031/client-172.log: file already closed
zerolog: could not write event: write experiment-output/0001/slave-031/client-182.log: file already closed
zerolog: could not write event: write experiment-output/0001/slave-031/client-164.log: file already closed
zerolog: could not write event: write experiment-output/0001/slave-031/client-172.log: file already closed
zerolog: could not write event: write experiment-output/0001/slave-031/client-164.log: file already closed
zerolog: could not write event: write experiment-output/0001/slave-031/client-172.log: file already closed
zerolog: could not write event: write experiment-output/0001/slave-031/client-182.log: file already closed
zerolog: could not write event: write experiment-output/0001/slave-031/client-172.log: file already closed
zerolog: could not write event: write experiment-output/0001/slave-031/client-164.log: file already closed
zerolog: could not write event: write experiment-output/0001/slave-031/client-164.log: file already closed
03:23:40.361 INF Profile data written. filename=experiment-output/0001/slave-031/prof-client.mutex name=mutex
