{"level":"debug","Logging":"info","time":"2023-03-25T14:43:24Z","message":"Config"}
{"level":"debug","UseTLS":false,"time":"2023-03-25T14:43:24Z","message":"Config"}
{"level":"debug","CACertFile":"tls-data/ca.pem","time":"2023-03-25T14:43:24Z","message":"Config"}
{"level":"debug","KeyFile":"tls-data/auth.key","time":"2023-03-25T14:43:24Z","message":"Config"}
{"level":"debug","CertFile":"tls-data/auth.pem","time":"2023-03-25T14:43:24Z","message":"Config"}
{"level":"debug","PriorityConnections":2,"time":"2023-03-25T14:43:24Z","message":"Config"}
{"level":"debug","BasicConnections":1,"time":"2023-03-25T14:43:24Z","message":"Config"}
{"level":"debug","TestConnections":false,"time":"2023-03-25T14:43:24Z","message":"Config"}
{"level":"debug","ExcessConnections":1,"time":"2023-03-25T14:43:24Z","message":"Config"}
{"level":"debug","ConnectionTestMsgs":4,"time":"2023-03-25T14:43:24Z","message":"Config"}
{"level":"debug","ConnectionTestPayload":131072,"time":"2023-03-25T14:43:24Z","message":"Config"}
{"level":"debug","OutMessageBufsize":1024,"time":"2023-03-25T14:43:24Z","message":"Config"}
{"level":"debug","OutMessageBufsize":4,"time":"2023-03-25T14:43:24Z","message":"Config"}
{"level":"debug","ThroughputCap":131072000,"time":"2023-03-25T14:43:24Z","message":"Config"}
{"level":"debug","StragglerTolerance":1000,"time":"2023-03-25T14:43:24Z","message":"Config"}
{"level":"debug","BatchSizeIncrement":256,"time":"2023-03-25T14:43:24Z","message":"Config"}
{"level":"debug","Orderer":"Pbft","time":"2023-03-25T14:43:24Z","message":"Config"}
{"level":"debug","Manager":"Mir","time":"2023-03-25T14:43:24Z","message":"Config"}
{"level":"debug","Failures":0,"time":"2023-03-25T14:43:24Z","message":"Config"}
{"level":"debug","StragglerCnt":0,"time":"2023-03-25T14:43:24Z","message":"Config"}
{"level":"debug","CrashTiming":"Straggler","time":"2023-03-25T14:43:24Z","message":"Config"}
{"level":"debug","CheckpointInterval":512,"time":"2023-03-25T14:43:24Z","message":"Config"}
{"level":"debug","WatermarkWindowSize":512,"time":"2023-03-25T14:43:24Z","message":"Config"}
{"level":"debug","EpochLength":512,"time":"2023-03-25T14:43:24Z","message":"Config"}
{"level":"debug","SegmentLength":32,"time":"2023-03-25T14:43:24Z","message":"Config"}
{"level":"debug","WaitForCheckpoints":true,"time":"2023-03-25T14:43:24Z","message":"Config"}
{"level":"debug","ClientWatermarkWindowSize":16384,"time":"2023-03-25T14:43:24Z","message":"Config"}
{"level":"debug","ClientRequestBacklogSize":16384,"time":"2023-03-25T14:43:24Z","message":"Config"}
{"level":"debug","RandomSeed":16270,"time":"2023-03-25T14:43:24Z","message":"Config"}
{"level":"debug","NodeToLeaderRatio":1,"time":"2023-03-25T14:43:24Z","message":"Config"}
{"level":"debug","LeaderPolicy":"Simple","time":"2023-03-25T14:43:24Z","message":"Config"}
{"level":"debug","DefaultLeaderBan":2,"time":"2023-03-25T14:43:24Z","message":"Config"}
{"level":"debug","NumBuckets":256,"time":"2023-03-25T14:43:24Z","message":"Config"}
{"level":"debug","BatchSize":1000,"time":"2023-03-25T14:43:24Z","message":"Config"}
{"level":"debug","DisabledViewChange":false,"time":"2023-03-25T14:43:24Z","message":"Config"}
{"level":"debug","ViewChangeTimeout":60000,"time":"2023-03-25T14:43:24Z","message":"Config"}
{"level":"debug","ClientTraceSampling":10,"time":"2023-03-25T14:43:24Z","message":"Config"}
{"level":"debug","EventBufferSize":2097152,"time":"2023-03-25T14:43:24Z","message":"Config"}
{"level":"debug","TraceSampling":1,"time":"2023-03-25T14:43:24Z","message":"Config"}
{"level":"debug","ClientsPerProcess":8,"time":"2023-03-25T14:43:24Z","message":"Config"}
{"level":"debug","RequestsPerClient":8203,"time":"2023-03-25T14:43:24Z","message":"Config"}
{"level":"debug","ClientRunTime":15000,"time":"2023-03-25T14:43:24Z","message":"Config"}
{"level":"debug","RequestRate":273,"time":"2023-03-25T14:43:24Z","message":"Config"}
{"level":"debug","HardRequestRateLimit":false,"time":"2023-03-25T14:43:24Z","message":"Config"}
{"level":"debug","RequestPayloadSize":500,"time":"2023-03-25T14:43:24Z","message":"Config"}
{"level":"debug","SignRequests":true,"time":"2023-03-25T14:43:24Z","message":"Config"}
{"level":"debug","ClientPrivKeyFile":"tls-data/client-ecdsa-256.key","time":"2023-03-25T14:43:24Z","message":"Config"}
{"level":"debug","ClientPubKeyFile":"tls-data/client-ecdsa-256.pem","time":"2023-03-25T14:43:24Z","message":"Config"}
{"level":"debug","PrecomputeRequests":false,"time":"2023-03-25T14:43:24Z","message":"Config"}
{"level":"debug","RequestHandlerThreads":32,"time":"2023-03-25T14:43:24Z","message":"Config"}
{"level":"debug","RequestInputChannelBuffer":8192,"time":"2023-03-25T14:43:24Z","message":"Config"}
{"level":"debug","BatchVerifier":"external","time":"2023-03-25T14:43:24Z","message":"Config"}
14:43:24.566 INF Started Profiler: CPU
14:43:24.566 INF Started Profiler: BLOCK
14:43:24.566 INF Started Profiler: MUTEX
14:43:24.566 INF Starting clients. numClients=8 numRequests=8203
14:43:24.566 INF Initilizing clients.
14:43:24.961 INF Registared with discovery server. numOrderers=16 ownClientId=131
14:43:24.963 INF Registared with discovery server. numOrderers=16 ownClientId=138
14:43:24.965 INF Registared with discovery server. numOrderers=16 ownClientId=142
14:43:24.965 INF Registared with discovery server. numOrderers=16 ownClientId=152
14:43:24.965 INF Registared with discovery server. numOrderers=16 ownClientId=157
14:43:24.965 INF Registared with discovery server. numOrderers=16 ownClientId=145
14:43:24.967 INF Registared with discovery server. numOrderers=16 ownClientId=171
14:43:24.970 INF Registared with discovery server. numOrderers=16 ownClientId=189
14:43:24.970 INF Clients initialized.
14:43:24.970 INF Launching clients.
14:43:24.970 INF Waiting for clients.
14:44:49.125 INF Stopping Tracer. events=1669 fileName=experiment-output/0002/slave-019/client-138.trc
zerolog: could not write event: write experiment-output/0002/slave-019/client-138.log: file already closed
zerolog: could not write event: write experiment-output/0002/slave-019/client-138.log: file already closed
zerolog: could not write event: write experiment-output/0002/slave-019/client-138.log: file already closed
zerolog: could not write event: write experiment-output/0002/slave-019/client-138.log: file already closed
14:44:49.127 INF Trace data written.
14:44:49.130 INF Stopping Tracer. events=1698 fileName=experiment-output/0002/slave-019/client-142.trc
zerolog: could not write event: write experiment-output/0002/slave-019/client-142.log: file already closed
zerolog: could not write event: write experiment-output/0002/slave-019/client-142.log: file already closed
zerolog: could not write event: write experiment-output/0002/slave-019/client-142.log: file already closed
zerolog: could not write event: write experiment-output/0002/slave-019/client-142.log: file already closed
14:44:49.133 INF Trace data written.
14:44:49.140 INF Stopping Tracer. events=2383 fileName=experiment-output/0002/slave-019/client-157.trc
14:44:49.140 INF Stopping Tracer. events=1669 fileName=experiment-output/0002/slave-019/client-152.trc
14:44:49.140 INF Stopping Tracer. events=2498 fileName=experiment-output/0002/slave-019/client-145.trc
14:44:49.140 INF Stopping Tracer. events=2415 fileName=experiment-output/0002/slave-019/client-131.trc
14:44:49.140 INF Stopping Tracer. events=2377 fileName=experiment-output/0002/slave-019/client-189.trc
zerolog: could not write event: write experiment-output/0002/slave-019/client-157.log: file already closed
14:44:49.141 INF Stopping Tracer. events=2390 fileName=experiment-output/0002/slave-019/client-171.trc
zerolog: could not write event: write experiment-output/0002/slave-019/client-157.log: file already closed
zerolog: could not write event: write experiment-output/0002/slave-019/client-152.log: file already closed
zerolog: could not write event: write experiment-output/0002/slave-019/client-145.log: file already closed
zerolog: could not write event: write experiment-output/0002/slave-019/client-157.log: file already closed
zerolog: could not write event: write experiment-output/0002/slave-019/client-189.log: file already closed
zerolog: could not write event: write experiment-output/0002/slave-019/client-145.log: file already closed
zerolog: could not write event: write experiment-output/0002/slave-019/client-152.log: file already closed
zerolog: could not write event: write experiment-output/0002/slave-019/client-145.log: file already closed
zerolog: could not write event: write experiment-output/0002/slave-019/client-189.log: file already closed
zerolog: could not write event: write experiment-output/0002/slave-019/client-152.log: file already closed
zerolog: could not write event: write experiment-output/0002/slave-019/client-157.log: file already closed
zerolog: could not write event: write experiment-output/0002/slave-019/client-152.log: file already closed
zerolog: could not write event: write experiment-output/0002/slave-019/client-131.log: file already closed
zerolog: could not write event: write experiment-output/0002/slave-019/client-131.log: file already closed
zerolog: could not write event: write experiment-output/0002/slave-019/client-131.log: file already closed
zerolog: could not write event: write experiment-output/0002/slave-019/client-171.log: file already closed
zerolog: could not write event: write experiment-output/0002/slave-019/client-189.log: file already closed
zerolog: could not write event: write experiment-output/0002/slave-019/client-171.log: file already closed
zerolog: could not write event: write experiment-output/0002/slave-019/client-131.log: file already closed
zerolog: could not write event: write experiment-output/0002/slave-019/client-171.log: file already closed
zerolog: could not write event: write experiment-output/0002/slave-019/client-145.log: file already closed
zerolog: could not write event: write experiment-output/0002/slave-019/client-171.log: file already closed
zerolog: could not write event: write experiment-output/0002/slave-019/client-189.log: file already closed
14:44:49.144 INF Trace data written.
14:44:49.146 INF Trace data written.
14:44:49.146 INF Trace data written.
14:44:49.146 INF Trace data written.
14:44:49.146 INF Trace data written.
14:44:49.146 INF Trace data written.
14:44:49.146 INF Done.
14:44:49.146 INF Stopping profiler.
zerolog: could not write event: write experiment-output/0002/slave-019/client-138.log: file already closed
zerolog: could not write event: write experiment-output/0002/slave-019/client-138.log: file already closed
zerolog: could not write event: write experiment-output/0002/slave-019/client-138.log: file already closed
zerolog: could not write event: write experiment-output/0002/slave-019/client-138.log: file already closed
zerolog: could not write event: write experiment-output/0002/slave-019/client-145.log: file already closed
zerolog: could not write event: write experiment-output/0002/slave-019/client-189.log: file already closed
zerolog: could not write event: write experiment-output/0002/slave-019/client-152.log: file already closed
zerolog: could not write event: write experiment-output/0002/slave-019/client-152.log: file already closed
zerolog: could not write event: write experiment-output/0002/slave-019/client-157.log: file already closed
zerolog: could not write event: write experiment-output/0002/slave-019/client-145.log: file already closed
zerolog: could not write event: write experiment-output/0002/slave-019/client-157.log: file already closed
zerolog: could not write event: write experiment-output/0002/slave-019/client-189.log: file already closed
zerolog: could not write event: write experiment-output/0002/slave-019/client-131.log: file already closed
zerolog: could not write event: write experiment-output/0002/slave-019/client-152.log: file already closed
zerolog: could not write event: write experiment-output/0002/slave-019/client-131.log: file already closed
zerolog: could not write event: write experiment-output/0002/slave-019/client-131.log: file already closed
zerolog: could not write event: write experiment-output/0002/slave-019/client-142.log: file already closed
zerolog: could not write event: write experiment-output/0002/slave-019/client-142.log: file already closed
zerolog: could not write event: write experiment-output/0002/slave-019/client-142.log: file already closed
zerolog: could not write event: write experiment-output/0002/slave-019/client-142.log: file already closed
zerolog: could not write event: write experiment-output/0002/slave-019/client-145.log: file already closed
zerolog: could not write event: write experiment-output/0002/slave-019/client-157.log: file already closed
zerolog: could not write event: write experiment-output/0002/slave-019/client-157.log: file already closed
zerolog: could not write event: write experiment-output/0002/slave-019/client-152.log: file already closed
zerolog: could not write event: write experiment-output/0002/slave-019/client-171.log: file already closed
zerolog: could not write event: write experiment-output/0002/slave-019/client-171.log: file already closed
zerolog: could not write event: write experiment-output/0002/slave-019/client-189.log: file already closed
zerolog: could not write event: write experiment-output/0002/slave-019/client-138.log: file already closed
zerolog: could not write event: write experiment-output/0002/slave-019/client-189.log: file already closed
zerolog: could not write event: write experiment-output/0002/slave-019/client-131.log: file already closed
zerolog: could not write event: write experiment-output/0002/slave-019/client-145.log: file already closed
zerolog: could not write event: write experiment-output/0002/slave-019/client-171.log: file already closed
zerolog: could not write event: write experiment-output/0002/slave-019/client-171.log: file already closed
zerolog: could not write event: write experiment-output/0002/slave-019/client-138.log: file already closed
zerolog: could not write event: write experiment-output/0002/slave-019/client-138.log: file already closed
zerolog: could not write event: write experiment-output/0002/slave-019/client-138.log: file already closed
zerolog: could not write event: write experiment-output/0002/slave-019/client-142.log: file already closed
zerolog: could not write event: write experiment-output/0002/slave-019/client-142.log: file already closed
zerolog: could not write event: write experiment-output/0002/slave-019/client-142.log: file already closed
zerolog: could not write event: write experiment-output/0002/slave-019/client-142.log: file already closed
zerolog: could not write event: write experiment-output/0002/slave-019/client-152.log: file already closed
zerolog: could not write event: write experiment-output/0002/slave-019/client-145.log: file already closed
zerolog: could not write event: write experiment-output/0002/slave-019/client-157.log: file already closed
zerolog: could not write event: write experiment-output/0002/slave-019/client-145.log: file already closed
zerolog: could not write event: write experiment-output/0002/slave-019/client-157.log: file already closed
zerolog: could not write event: write experiment-output/0002/slave-019/client-171.log: file already closed
zerolog: could not write event: write experiment-output/0002/slave-019/client-131.log: file already closed
zerolog: could not write event: write experiment-output/0002/slave-019/client-152.log: file already closed
zerolog: could not write event: write experiment-output/0002/slave-019/client-131.log: file already closed
zerolog: could not write event: write experiment-output/0002/slave-019/client-189.log: file already closed
zerolog: could not write event: write experiment-output/0002/slave-019/client-157.log: file already closed
zerolog: could not write event: write experiment-output/0002/slave-019/client-189.log: file already closed
zerolog: could not write event: write experiment-output/0002/slave-019/client-157.log: file already closed
zerolog: could not write event: write experiment-output/0002/slave-019/client-131.log: file already closed
zerolog: could not write event: write experiment-output/0002/slave-019/client-131.log: file already closed
zerolog: could not write event: write experiment-output/0002/slave-019/client-152.log: file already closed
zerolog: could not write event: write experiment-output/0002/slave-019/client-189.log: file already closed
zerolog: could not write event: write experiment-output/0002/slave-019/client-171.log: file already closed
zerolog: could not write event: write experiment-output/0002/slave-019/client-152.log: file already closed
zerolog: could not write event: write experiment-output/0002/slave-019/client-145.log: file already closed
zerolog: could not write event: write experiment-output/0002/slave-019/client-145.log: file already closed
zerolog: could not write event: write experiment-output/0002/slave-019/client-189.log: file already closed
zerolog: could not write event: write experiment-output/0002/slave-019/client-171.log: file already closed
zerolog: could not write event: write experiment-output/0002/slave-019/client-171.log: file already closed
14:44:49.338 INF Profile data written. filename=experiment-output/0002/slave-019/prof-client.cpu name=cpu
zerolog: could not write event: write experiment-output/0002/slave-019/client-138.log: file already closed
zerolog: could not write event: write experiment-output/0002/slave-019/client-138.log: file already closed
zerolog: could not write event: write experiment-output/0002/slave-019/client-138.log: file already closed
zerolog: could not write event: write experiment-output/0002/slave-019/client-138.log: file already closed
zerolog: could not write event: write experiment-output/0002/slave-019/client-142.log: file already closed
zerolog: could not write event: write experiment-output/0002/slave-019/client-142.log: file already closed
zerolog: could not write event: write experiment-output/0002/slave-019/client-142.log: file already closed
zerolog: could not write event: write experiment-output/0002/slave-019/client-142.log: file already closed
zerolog: could not write event: write experiment-output/0002/slave-019/client-145.log: file already closed
zerolog: could not write event: write experiment-output/0002/slave-019/client-145.log: file already closed
zerolog: could not write event: write experiment-output/0002/slave-019/client-157.log: file already closed
zerolog: could not write event: write experiment-output/0002/slave-019/client-189.log: file already closed
zerolog: could not write event: write experiment-output/0002/slave-019/client-189.log: file already closed
zerolog: could not write event: write experiment-output/0002/slave-019/client-189.log: file already closed
zerolog: could not write event: write experiment-output/0002/slave-019/client-131.log: file already closed
zerolog: could not write event: write experiment-output/0002/slave-019/client-145.log: file already closed
zerolog: could not write event: write experiment-output/0002/slave-019/client-152.log: file already closed
zerolog: could not write event: write experiment-output/0002/slave-019/client-171.log: file already closed
zerolog: could not write event: write experiment-output/0002/slave-019/client-131.log: file already closed
zerolog: could not write event: write experiment-output/0002/slave-019/client-152.log: file already closed
zerolog: could not write event: write experiment-output/0002/slave-019/client-157.log: file already closed
zerolog: could not write event: write experiment-output/0002/slave-019/client-171.log: file already closed
14:44:49.356 INF Profile data written. filename=experiment-output/0002/slave-019/prof-client.block name=block
zerolog: could not write event: write experiment-output/0002/slave-019/client-171.log: file already closed
zerolog: could not write event: write experiment-output/0002/slave-019/client-171.log: file already closed
zerolog: could not write event: write experiment-output/0002/slave-019/client-131.log: file already closed
zerolog: could not write event: write experiment-output/0002/slave-019/client-131.log: file already closed
zerolog: could not write event: write experiment-output/0002/slave-019/client-157.log: file already closed
zerolog: could not write event: write experiment-output/0002/slave-019/client-157.log: file already closed
zerolog: could not write event: write experiment-output/0002/slave-019/client-152.log: file already closed
zerolog: could not write event: write experiment-output/0002/slave-019/client-152.log: file already closed
zerolog: could not write event: write experiment-output/0002/slave-019/client-189.log: file already closed
zerolog: could not write event: write experiment-output/0002/slave-019/client-145.log: file already closed
14:44:49.362 INF Profile data written. filename=experiment-output/0002/slave-019/prof-client.mutex name=mutex
