{"level":"debug","Logging":"info","time":"2023-03-25T04:30:13Z","message":"Config"}
{"level":"debug","UseTLS":false,"time":"2023-03-25T04:30:13Z","message":"Config"}
{"level":"debug","CACertFile":"tls-data/ca.pem","time":"2023-03-25T04:30:13Z","message":"Config"}
{"level":"debug","KeyFile":"tls-data/auth.key","time":"2023-03-25T04:30:13Z","message":"Config"}
{"level":"debug","CertFile":"tls-data/auth.pem","time":"2023-03-25T04:30:13Z","message":"Config"}
{"level":"debug","PriorityConnections":2,"time":"2023-03-25T04:30:13Z","message":"Config"}
{"level":"debug","BasicConnections":1,"time":"2023-03-25T04:30:13Z","message":"Config"}
{"level":"debug","TestConnections":false,"time":"2023-03-25T04:30:13Z","message":"Config"}
{"level":"debug","ExcessConnections":1,"time":"2023-03-25T04:30:13Z","message":"Config"}
{"level":"debug","ConnectionTestMsgs":4,"time":"2023-03-25T04:30:13Z","message":"Config"}
{"level":"debug","ConnectionTestPayload":131072,"time":"2023-03-25T04:30:13Z","message":"Config"}
{"level":"debug","OutMessageBufsize":1024,"time":"2023-03-25T04:30:13Z","message":"Config"}
{"level":"debug","OutMessageBufsize":4,"time":"2023-03-25T04:30:13Z","message":"Config"}
{"level":"debug","ThroughputCap":131072000,"time":"2023-03-25T04:30:13Z","message":"Config"}
{"level":"debug","StragglerTolerance":1000,"time":"2023-03-25T04:30:13Z","message":"Config"}
{"level":"debug","BatchSizeIncrement":256,"time":"2023-03-25T04:30:13Z","message":"Config"}
{"level":"debug","Orderer":"Pbft","time":"2023-03-25T04:30:13Z","message":"Config"}
{"level":"debug","Manager":"Mir","time":"2023-03-25T04:30:13Z","message":"Config"}
{"level":"debug","Failures":0,"time":"2023-03-25T04:30:13Z","message":"Config"}
{"level":"debug","StragglerCnt":0,"time":"2023-03-25T04:30:13Z","message":"Config"}
{"level":"debug","CrashTiming":"Straggler","time":"2023-03-25T04:30:13Z","message":"Config"}
{"level":"debug","CheckpointInterval":256,"time":"2023-03-25T04:30:13Z","message":"Config"}
{"level":"debug","WatermarkWindowSize":256,"time":"2023-03-25T04:30:13Z","message":"Config"}
{"level":"debug","EpochLength":256,"time":"2023-03-25T04:30:13Z","message":"Config"}
{"level":"debug","SegmentLength":16,"time":"2023-03-25T04:30:13Z","message":"Config"}
{"level":"debug","WaitForCheckpoints":true,"time":"2023-03-25T04:30:13Z","message":"Config"}
{"level":"debug","ClientWatermarkWindowSize":16384,"time":"2023-03-25T04:30:13Z","message":"Config"}
{"level":"debug","ClientRequestBacklogSize":16384,"time":"2023-03-25T04:30:13Z","message":"Config"}
{"level":"debug","RandomSeed":29346,"time":"2023-03-25T04:30:13Z","message":"Config"}
{"level":"debug","NodeToLeaderRatio":1,"time":"2023-03-25T04:30:13Z","message":"Config"}
{"level":"debug","LeaderPolicy":"Simple","time":"2023-03-25T04:30:13Z","message":"Config"}
{"level":"debug","DefaultLeaderBan":2,"time":"2023-03-25T04:30:13Z","message":"Config"}
{"level":"debug","NumBuckets":256,"time":"2023-03-25T04:30:13Z","message":"Config"}
{"level":"debug","BatchSize":2000,"time":"2023-03-25T04:30:13Z","message":"Config"}
{"level":"debug","DisabledViewChange":false,"time":"2023-03-25T04:30:13Z","message":"Config"}
{"level":"debug","ViewChangeTimeout":60000,"time":"2023-03-25T04:30:13Z","message":"Config"}
{"level":"debug","ClientTraceSampling":10,"time":"2023-03-25T04:30:13Z","message":"Config"}
{"level":"debug","EventBufferSize":2097152,"time":"2023-03-25T04:30:13Z","message":"Config"}
{"level":"debug","TraceSampling":1,"time":"2023-03-25T04:30:13Z","message":"Config"}
{"level":"debug","ClientsPerProcess":8,"time":"2023-03-25T04:30:13Z","message":"Config"}
{"level":"debug","RequestsPerClient":3840,"time":"2023-03-25T04:30:13Z","message":"Config"}
{"level":"debug","ClientRunTime":15000,"time":"2023-03-25T04:30:13Z","message":"Config"}
{"level":"debug","RequestRate":128,"time":"2023-03-25T04:30:13Z","message":"Config"}
{"level":"debug","HardRequestRateLimit":false,"time":"2023-03-25T04:30:13Z","message":"Config"}
{"level":"debug","RequestPayloadSize":500,"time":"2023-03-25T04:30:13Z","message":"Config"}
{"level":"debug","SignRequests":true,"time":"2023-03-25T04:30:13Z","message":"Config"}
{"level":"debug","ClientPrivKeyFile":"tls-data/client-ecdsa-256.key","time":"2023-03-25T04:30:13Z","message":"Config"}
{"level":"debug","ClientPubKeyFile":"tls-data/client-ecdsa-256.pem","time":"2023-03-25T04:30:13Z","message":"Config"}
{"level":"debug","PrecomputeRequests":false,"time":"2023-03-25T04:30:13Z","message":"Config"}
{"level":"debug","RequestHandlerThreads":32,"time":"2023-03-25T04:30:13Z","message":"Config"}
{"level":"debug","RequestInputChannelBuffer":8192,"time":"2023-03-25T04:30:13Z","message":"Config"}
{"level":"debug","BatchVerifier":"external","time":"2023-03-25T04:30:13Z","message":"Config"}
04:30:13.638 INF Started Profiler: CPU
04:30:13.638 INF Started Profiler: BLOCK
04:30:13.638 INF Started Profiler: MUTEX
04:30:13.638 INF Starting clients. numClients=8 numRequests=3840
04:30:13.638 INF Initilizing clients.
04:30:14.200 INF Registared with discovery server. numOrderers=16 ownClientId=204
04:30:14.202 INF Registared with discovery server. numOrderers=16 ownClientId=223
04:30:14.202 INF Registared with discovery server. numOrderers=16 ownClientId=215
04:30:14.203 INF Registared with discovery server. numOrderers=16 ownClientId=233
04:30:14.203 INF Registared with discovery server. numOrderers=16 ownClientId=234
04:30:14.204 INF Registared with discovery server. numOrderers=16 ownClientId=236
04:30:14.204 INF Registared with discovery server. numOrderers=16 ownClientId=239
04:30:14.208 INF Registared with discovery server. numOrderers=16 ownClientId=254
04:30:14.208 INF Clients initialized.
04:30:14.208 INF Launching clients.
04:30:14.208 INF Waiting for clients.
04:30:33.579 INF Stopping Tracer. events=788 fileName=experiment-output/0000/slave-047/client-204.trc
zerolog: could not write event: write experiment-output/0000/slave-047/client-204.log: file already closed
zerolog: could not write event: write experiment-output/0000/slave-047/client-204.log: file already closed
zerolog: could not write event: write experiment-output/0000/slave-047/client-204.log: file already closed
zerolog: could not write event: write experiment-output/0000/slave-047/client-204.log: file already closed
04:30:33.580 INF Trace data written.
04:30:33.599 INF Stopping Tracer. events=791 fileName=experiment-output/0000/slave-047/client-254.trc
zerolog: could not write event: write experiment-output/0000/slave-047/client-254.log: file already closed
zerolog: could not write event: write experiment-output/0000/slave-047/client-254.log: file already closed
zerolog: could not write event: write experiment-output/0000/slave-047/client-254.log: file already closed
zerolog: could not write event: write experiment-output/0000/slave-047/client-254.log: file already closed
04:30:33.600 INF Trace data written.
04:30:33.618 INF Stopping Tracer. events=1164 fileName=experiment-output/0000/slave-047/client-215.trc
zerolog: could not write event: write experiment-output/0000/slave-047/client-215.log: file already closed
zerolog: could not write event: write experiment-output/0000/slave-047/client-215.log: file already closed
zerolog: could not write event: write experiment-output/0000/slave-047/client-215.log: file already closed
zerolog: could not write event: write experiment-output/0000/slave-047/client-215.log: file already closed
04:30:33.620 INF Trace data written.
04:30:33.626 INF Stopping Tracer. events=792 fileName=experiment-output/0000/slave-047/client-234.trc
04:30:33.626 INF Stopping Tracer. events=790 fileName=experiment-output/0000/slave-047/client-236.trc
04:30:33.626 INF Stopping Tracer. events=1088 fileName=experiment-output/0000/slave-047/client-239.trc
zerolog: could not write event: write experiment-output/0000/slave-047/client-234.log: file already closed
zerolog: could not write event: write experiment-output/0000/slave-047/client-234.log: file already closed
04:30:33.626 INF Stopping Tracer. events=1083 fileName=experiment-output/0000/slave-047/client-233.trc
zerolog: could not write event: write experiment-output/0000/slave-047/client-234.log: file already closed
zerolog: could not write event: write experiment-output/0000/slave-047/client-236.log: file already closed
zerolog: could not write event: write experiment-output/0000/slave-047/client-236.log: file already closed
zerolog: could not write event: write experiment-output/0000/slave-047/client-234.log: file already closed
zerolog: could not write event: write experiment-output/0000/slave-047/client-236.log: file already closed
zerolog: could not write event: write experiment-output/0000/slave-047/client-239.log: file already closed
zerolog: could not write event: write experiment-output/0000/slave-047/client-233.log: file already closed
zerolog: could not write event: write experiment-output/0000/slave-047/client-236.log: file already closed
zerolog: could not write event: write experiment-output/0000/slave-047/client-239.log: file already closed
zerolog: could not write event: write experiment-output/0000/slave-047/client-239.log: file already closed
zerolog: could not write event: write experiment-output/0000/slave-047/client-233.log: file already closed
zerolog: could not write event: write experiment-output/0000/slave-047/client-239.log: file already closed
zerolog: could not write event: write experiment-output/0000/slave-047/client-233.log: file already closed
zerolog: could not write event: write experiment-output/0000/slave-047/client-233.log: file already closed
04:30:33.627 INF Stopping Tracer. events=1085 fileName=experiment-output/0000/slave-047/client-223.trc
zerolog: could not write event: write experiment-output/0000/slave-047/client-223.log: file already closed
zerolog: could not write event: write experiment-output/0000/slave-047/client-223.log: file already closed
zerolog: could not write event: write experiment-output/0000/slave-047/client-223.log: file already closed
zerolog: could not write event: write experiment-output/0000/slave-047/client-223.log: file already closed
04:30:33.628 INF Trace data written.
04:30:33.628 INF Trace data written.
04:30:33.629 INF Trace data written.
04:30:33.629 INF Trace data written.
04:30:33.629 INF Trace data written.
04:30:33.629 INF Done.
04:30:33.629 INF Stopping profiler.
zerolog: could not write event: write experiment-output/0000/slave-047/client-204.log: file already closed
zerolog: could not write event: write experiment-output/0000/slave-047/client-204.log: file already closed
zerolog: could not write event: write experiment-output/0000/slave-047/client-204.log: file already closed
zerolog: could not write event: write experiment-output/0000/slave-047/client-204.log: file already closed
zerolog: could not write event: write experiment-output/0000/slave-047/client-254.log: file already closed
zerolog: could not write event: write experiment-output/0000/slave-047/client-254.log: file already closed
zerolog: could not write event: write experiment-output/0000/slave-047/client-254.log: file already closed
zerolog: could not write event: write experiment-output/0000/slave-047/client-254.log: file already closed
zerolog: could not write event: write experiment-output/0000/slave-047/client-215.log: file already closed
zerolog: could not write event: write experiment-output/0000/slave-047/client-215.log: file already closed
zerolog: could not write event: write experiment-output/0000/slave-047/client-234.log: file already closed
zerolog: could not write event: write experiment-output/0000/slave-047/client-234.log: file already closed
zerolog: could not write event: write experiment-output/0000/slave-047/client-236.log: file already closed
zerolog: could not write event: write experiment-output/0000/slave-047/client-236.log: file already closed
zerolog: could not write event: write experiment-output/0000/slave-047/client-234.log: file already closed
zerolog: could not write event: write experiment-output/0000/slave-047/client-239.log: file already closed
zerolog: could not write event: write experiment-output/0000/slave-047/client-223.log: file already closed
zerolog: could not write event: write experiment-output/0000/slave-047/client-233.log: file already closed
zerolog: could not write event: write experiment-output/0000/slave-047/client-236.log: file already closed
zerolog: could not write event: write experiment-output/0000/slave-047/client-233.log: file already closed
zerolog: could not write event: write experiment-output/0000/slave-047/client-215.log: file already closed
zerolog: could not write event: write experiment-output/0000/slave-047/client-215.log: file already closed
zerolog: could not write event: write experiment-output/0000/slave-047/client-234.log: file already closed
zerolog: could not write event: write experiment-output/0000/slave-047/client-223.log: file already closed
zerolog: could not write event: write experiment-output/0000/slave-047/client-233.log: file already closed
zerolog: could not write event: write experiment-output/0000/slave-047/client-239.log: file already closed
zerolog: could not write event: write experiment-output/0000/slave-047/client-236.log: file already closed
zerolog: could not write event: write experiment-output/0000/slave-047/client-239.log: file already closed
zerolog: could not write event: write experiment-output/0000/slave-047/client-233.log: file already closed
zerolog: could not write event: write experiment-output/0000/slave-047/client-239.log: file already closed
zerolog: could not write event: write experiment-output/0000/slave-047/client-223.log: file already closed
zerolog: could not write event: write experiment-output/0000/slave-047/client-223.log: file already closed
zerolog: could not write event: write experiment-output/0000/slave-047/client-204.log: file already closed
zerolog: could not write event: write experiment-output/0000/slave-047/client-204.log: file already closed
zerolog: could not write event: write experiment-output/0000/slave-047/client-204.log: file already closed
zerolog: could not write event: write experiment-output/0000/slave-047/client-204.log: file already closed
zerolog: could not write event: write experiment-output/0000/slave-047/client-254.log: file already closed
zerolog: could not write event: write experiment-output/0000/slave-047/client-254.log: file already closed
zerolog: could not write event: write experiment-output/0000/slave-047/client-254.log: file already closed
zerolog: could not write event: write experiment-output/0000/slave-047/client-254.log: file already closed
zerolog: could not write event: write experiment-output/0000/slave-047/client-215.log: file already closed
zerolog: could not write event: write experiment-output/0000/slave-047/client-215.log: file already closed
zerolog: could not write event: write experiment-output/0000/slave-047/client-215.log: file already closed
zerolog: could not write event: write experiment-output/0000/slave-047/client-215.log: file already closed
zerolog: could not write event: write experiment-output/0000/slave-047/client-239.log: file already closed
zerolog: could not write event: write experiment-output/0000/slave-047/client-239.log: file already closed
zerolog: could not write event: write experiment-output/0000/slave-047/client-234.log: file already closed
zerolog: could not write event: write experiment-output/0000/slave-047/client-233.log: file already closed
zerolog: could not write event: write experiment-output/0000/slave-047/client-236.log: file already closed
zerolog: could not write event: write experiment-output/0000/slave-047/client-234.log: file already closed
zerolog: could not write event: write experiment-output/0000/slave-047/client-236.log: file already closed
zerolog: could not write event: write experiment-output/0000/slave-047/client-233.log: file already closed
zerolog: could not write event: write experiment-output/0000/slave-047/client-233.log: file already closed
zerolog: could not write event: write experiment-output/0000/slave-047/client-234.log: file already closed
zerolog: could not write event: write experiment-output/0000/slave-047/client-234.log: file already closed
zerolog: could not write event: write experiment-output/0000/slave-047/client-236.log: file already closed
zerolog: could not write event: write experiment-output/0000/slave-047/client-239.log: file already closed
zerolog: could not write event: write experiment-output/0000/slave-047/client-223.log: file already closed
zerolog: could not write event: write experiment-output/0000/slave-047/client-233.log: file already closed
zerolog: could not write event: write experiment-output/0000/slave-047/client-236.log: file already closed
zerolog: could not write event: write experiment-output/0000/slave-047/client-239.log: file already closed
zerolog: could not write event: write experiment-output/0000/slave-047/client-223.log: file already closed
zerolog: could not write event: write experiment-output/0000/slave-047/client-223.log: file already closed
zerolog: could not write event: write experiment-output/0000/slave-047/client-223.log: file already closed
04:30:33.817 INF Profile data written. filename=experiment-output/0000/slave-047/prof-client.cpu name=cpu
04:30:33.835 INF Profile data written. filename=experiment-output/0000/slave-047/prof-client.block name=block
04:30:33.839 INF Profile data written. filename=experiment-output/0000/slave-047/prof-client.mutex name=mutex
