{"level":"debug","Logging":"info","time":"2023-03-25T17:51:01Z","message":"Config"}
{"level":"debug","UseTLS":false,"time":"2023-03-25T17:51:01Z","message":"Config"}
{"level":"debug","CACertFile":"tls-data/ca.pem","time":"2023-03-25T17:51:01Z","message":"Config"}
{"level":"debug","KeyFile":"tls-data/auth.key","time":"2023-03-25T17:51:01Z","message":"Config"}
{"level":"debug","CertFile":"tls-data/auth.pem","time":"2023-03-25T17:51:01Z","message":"Config"}
{"level":"debug","PriorityConnections":2,"time":"2023-03-25T17:51:01Z","message":"Config"}
{"level":"debug","BasicConnections":1,"time":"2023-03-25T17:51:01Z","message":"Config"}
{"level":"debug","TestConnections":false,"time":"2023-03-25T17:51:01Z","message":"Config"}
{"level":"debug","ExcessConnections":1,"time":"2023-03-25T17:51:01Z","message":"Config"}
{"level":"debug","ConnectionTestMsgs":4,"time":"2023-03-25T17:51:01Z","message":"Config"}
{"level":"debug","ConnectionTestPayload":131072,"time":"2023-03-25T17:51:01Z","message":"Config"}
{"level":"debug","OutMessageBufsize":1024,"time":"2023-03-25T17:51:01Z","message":"Config"}
{"level":"debug","OutMessageBufsize":4,"time":"2023-03-25T17:51:01Z","message":"Config"}
{"level":"debug","ThroughputCap":131072000,"time":"2023-03-25T17:51:01Z","message":"Config"}
{"level":"debug","StragglerTolerance":1000,"time":"2023-03-25T17:51:01Z","message":"Config"}
{"level":"debug","BatchSizeIncrement":256,"time":"2023-03-25T17:51:01Z","message":"Config"}
{"level":"debug","Orderer":"Pbft","time":"2023-03-25T17:51:01Z","message":"Config"}
{"level":"debug","Manager":"Mir","time":"2023-03-25T17:51:01Z","message":"Config"}
{"level":"debug","Failures":0,"time":"2023-03-25T17:51:01Z","message":"Config"}
{"level":"debug","StragglerCnt":1,"time":"2023-03-25T17:51:01Z","message":"Config"}
{"level":"debug","PrivKeyCnt":10,"time":"2023-03-25T17:51:01Z","message":"Config"}
{"level":"debug","UseSig":false,"time":"2023-03-25T17:51:01Z","message":"Config"}
{"level":"debug","CrashTiming":"Straggler","time":"2023-03-25T17:51:01Z","message":"Config"}
{"level":"debug","CheckpointInterval":512,"time":"2023-03-25T17:51:01Z","message":"Config"}
{"level":"debug","WatermarkWindowSize":512,"time":"2023-03-25T17:51:01Z","message":"Config"}
{"level":"debug","EpochLength":512,"time":"2023-03-25T17:51:01Z","message":"Config"}
{"level":"debug","SegmentLength":32,"time":"2023-03-25T17:51:01Z","message":"Config"}
{"level":"debug","WaitForCheckpoints":true,"time":"2023-03-25T17:51:01Z","message":"Config"}
{"level":"debug","ClientWatermarkWindowSize":16384,"time":"2023-03-25T17:51:01Z","message":"Config"}
{"level":"debug","ClientRequestBacklogSize":16384,"time":"2023-03-25T17:51:01Z","message":"Config"}
{"level":"debug","RandomSeed":24189,"time":"2023-03-25T17:51:01Z","message":"Config"}
{"level":"debug","NodeToLeaderRatio":1,"time":"2023-03-25T17:51:01Z","message":"Config"}
{"level":"debug","LeaderPolicy":"Simple","time":"2023-03-25T17:51:01Z","message":"Config"}
{"level":"debug","DefaultLeaderBan":2,"time":"2023-03-25T17:51:01Z","message":"Config"}
{"level":"debug","NumBuckets":256,"time":"2023-03-25T17:51:01Z","message":"Config"}
{"level":"debug","BatchSize":2500,"time":"2023-03-25T17:51:01Z","message":"Config"}
{"level":"debug","DisabledViewChange":false,"time":"2023-03-25T17:51:01Z","message":"Config"}
{"level":"debug","ViewChangeTimeout":60000,"time":"2023-03-25T17:51:01Z","message":"Config"}
{"level":"debug","ClientTraceSampling":10,"time":"2023-03-25T17:51:01Z","message":"Config"}
{"level":"debug","EventBufferSize":2097152,"time":"2023-03-25T17:51:01Z","message":"Config"}
{"level":"debug","TraceSampling":1,"time":"2023-03-25T17:51:01Z","message":"Config"}
{"level":"debug","ClientsPerProcess":8,"time":"2023-03-25T17:51:01Z","message":"Config"}
{"level":"debug","RequestsPerClient":3515,"time":"2023-03-25T17:51:01Z","message":"Config"}
{"level":"debug","ClientRunTime":15000,"time":"2023-03-25T17:51:01Z","message":"Config"}
{"level":"debug","RequestRate":117,"time":"2023-03-25T17:51:01Z","message":"Config"}
{"level":"debug","HardRequestRateLimit":false,"time":"2023-03-25T17:51:01Z","message":"Config"}
{"level":"debug","RequestPayloadSize":500,"time":"2023-03-25T17:51:01Z","message":"Config"}
{"level":"debug","SignRequests":true,"time":"2023-03-25T17:51:01Z","message":"Config"}
{"level":"debug","ClientPrivKeyFile":"tls-data/client-ecdsa-256.key","time":"2023-03-25T17:51:01Z","message":"Config"}
{"level":"debug","ClientPubKeyFile":"tls-data/client-ecdsa-256.pem","time":"2023-03-25T17:51:01Z","message":"Config"}
{"level":"debug","PrecomputeRequests":false,"time":"2023-03-25T17:51:01Z","message":"Config"}
{"level":"debug","RequestHandlerThreads":32,"time":"2023-03-25T17:51:01Z","message":"Config"}
{"level":"debug","RequestInputChannelBuffer":8192,"time":"2023-03-25T17:51:01Z","message":"Config"}
{"level":"debug","BatchVerifier":"external","time":"2023-03-25T17:51:01Z","message":"Config"}
17:51:01.763 INF Started Profiler: CPU
17:51:01.763 INF Started Profiler: BLOCK
17:51:01.763 INF Started Profiler: MUTEX
17:51:01.763 INF Starting clients. numClients=8 numRequests=3515
17:51:01.763 INF Initilizing clients.
17:51:02.042 INF Registared with discovery server. numOrderers=16 ownClientId=120
17:51:02.042 INF Registared with discovery server. numOrderers=16 ownClientId=123
17:51:02.043 INF Registared with discovery server. numOrderers=16 ownClientId=121
17:51:02.043 INF Registared with discovery server. numOrderers=16 ownClientId=122
17:51:02.043 INF Registared with discovery server. numOrderers=16 ownClientId=124
17:51:02.043 INF Registared with discovery server. numOrderers=16 ownClientId=125
17:51:02.044 INF Registared with discovery server. numOrderers=16 ownClientId=126
17:51:02.044 INF Registared with discovery server. numOrderers=16 ownClientId=127
17:51:02.044 INF Clients initialized.
17:51:02.044 INF Launching clients.
17:51:02.044 INF Waiting for clients.
17:52:03.524 INF Stopping Tracer. events=1025 fileName=experiment-output/0000/slave-018/client-123.trc
zerolog: could not write event: write experiment-output/0000/slave-018/client-123.log: file already closed
zerolog: could not write event: write experiment-output/0000/slave-018/client-123.log: file already closed
zerolog: could not write event: write experiment-output/0000/slave-018/client-123.log: file already closed
zerolog: could not write event: write experiment-output/0000/slave-018/client-123.log: file already closed
17:52:03.526 INF Trace data written.
17:52:03.526 INF Stopping Tracer. events=1105 fileName=experiment-output/0000/slave-018/client-121.trc
17:52:03.527 INF Stopping Tracer. events=705 fileName=experiment-output/0000/slave-018/client-126.trc
17:52:03.527 INF Stopping Tracer. events=993 fileName=experiment-output/0000/slave-018/client-127.trc
zerolog: could not write event: write experiment-output/0000/slave-018/client-121.log: file already closed
zerolog: could not write event: write experiment-output/0000/slave-018/client-121.log: file already closed
zerolog: could not write event: write experiment-output/0000/slave-018/client-121.log: file already closed
zerolog: could not write event: write experiment-output/0000/slave-018/client-121.log: file already closed
zerolog: could not write event: write experiment-output/0000/slave-018/client-126.log: file already closed
zerolog: could not write event: write experiment-output/0000/slave-018/client-126.log: file already closed
17:52:03.527 INF Stopping Tracer. events=705 fileName=experiment-output/0000/slave-018/client-120.trc
zerolog: could not write event: write experiment-output/0000/slave-018/client-127.log: file already closed
zerolog: could not write event: write experiment-output/0000/slave-018/client-126.log: file already closed
zerolog: could not write event: write experiment-output/0000/slave-018/client-127.log: file already closed
zerolog: could not write event: write experiment-output/0000/slave-018/client-126.log: file already closed
17:52:03.527 INF Stopping Tracer. events=705 fileName=experiment-output/0000/slave-018/client-122.trc
zerolog: could not write event: write experiment-output/0000/slave-018/client-127.log: file already closed
zerolog: could not write event: write experiment-output/0000/slave-018/client-127.log: file already closed
zerolog: could not write event: write experiment-output/0000/slave-018/client-122.log: file already closed
zerolog: could not write event: write experiment-output/0000/slave-018/client-120.log: file already closed
zerolog: could not write event: write experiment-output/0000/slave-018/client-122.log: file already closed
zerolog: could not write event: write experiment-output/0000/slave-018/client-122.log: file already closed
zerolog: could not write event: write experiment-output/0000/slave-018/client-120.log: file already closed
zerolog: could not write event: write experiment-output/0000/slave-018/client-120.log: file already closed
zerolog: could not write event: write experiment-output/0000/slave-018/client-122.log: file already closed
zerolog: could not write event: write experiment-output/0000/slave-018/client-120.log: file already closed
17:52:03.528 INF Trace data written.
17:52:03.529 INF Trace data written.
17:52:03.529 INF Trace data written.
17:52:03.529 INF Trace data written.
17:52:03.529 INF Trace data written.
17:52:03.532 INF Stopping Tracer. events=1137 fileName=experiment-output/0000/slave-018/client-125.trc
zerolog: could not write event: write experiment-output/0000/slave-018/client-125.log: file already closed
zerolog: could not write event: write experiment-output/0000/slave-018/client-125.log: file already closed
zerolog: could not write event: write experiment-output/0000/slave-018/client-125.log: file already closed
zerolog: could not write event: write experiment-output/0000/slave-018/client-125.log: file already closed
17:52:03.533 INF Trace data written.
17:52:03.536 INF Stopping Tracer. events=705 fileName=experiment-output/0000/slave-018/client-124.trc
zerolog: could not write event: write experiment-output/0000/slave-018/client-124.log: file already closed
zerolog: could not write event: write experiment-output/0000/slave-018/client-124.log: file already closed
zerolog: could not write event: write experiment-output/0000/slave-018/client-124.log: file already closed
zerolog: could not write event: write experiment-output/0000/slave-018/client-124.log: file already closed
17:52:03.537 INF Trace data written.
17:52:03.537 INF Done.
17:52:03.537 INF Stopping profiler.
zerolog: could not write event: write experiment-output/0000/slave-018/client-123.log: file already closed
zerolog: could not write event: write experiment-output/0000/slave-018/client-123.log: file already closed
zerolog: could not write event: write experiment-output/0000/slave-018/client-123.log: file already closed
zerolog: could not write event: write experiment-output/0000/slave-018/client-123.log: file already closed
zerolog: could not write event: write experiment-output/0000/slave-018/client-121.log: file already closed
zerolog: could not write event: write experiment-output/0000/slave-018/client-121.log: file already closed
zerolog: could not write event: write experiment-output/0000/slave-018/client-121.log: file already closed
zerolog: could not write event: write experiment-output/0000/slave-018/client-126.log: file already closed
zerolog: could not write event: write experiment-output/0000/slave-018/client-126.log: file already closed
zerolog: could not write event: write experiment-output/0000/slave-018/client-126.log: file already closed
zerolog: could not write event: write experiment-output/0000/slave-018/client-127.log: file already closed
zerolog: could not write event: write experiment-output/0000/slave-018/client-127.log: file already closed
zerolog: could not write event: write experiment-output/0000/slave-018/client-127.log: file already closed
zerolog: could not write event: write experiment-output/0000/slave-018/client-120.log: file already closed
zerolog: could not write event: write experiment-output/0000/slave-018/client-122.log: file already closed
zerolog: could not write event: write experiment-output/0000/slave-018/client-122.log: file already closed
zerolog: could not write event: write experiment-output/0000/slave-018/client-120.log: file already closed
zerolog: could not write event: write experiment-output/0000/slave-018/client-126.log: file already closed
zerolog: could not write event: write experiment-output/0000/slave-018/client-122.log: file already closed
zerolog: could not write event: write experiment-output/0000/slave-018/client-127.log: file already closed
zerolog: could not write event: write experiment-output/0000/slave-018/client-120.log: file already closed
zerolog: could not write event: write experiment-output/0000/slave-018/client-120.log: file already closed
zerolog: could not write event: write experiment-output/0000/slave-018/client-122.log: file already closed
zerolog: could not write event: write experiment-output/0000/slave-018/client-121.log: file already closed
zerolog: could not write event: write experiment-output/0000/slave-018/client-125.log: file already closed
zerolog: could not write event: write experiment-output/0000/slave-018/client-125.log: file already closed
zerolog: could not write event: write experiment-output/0000/slave-018/client-125.log: file already closed
zerolog: could not write event: write experiment-output/0000/slave-018/client-125.log: file already closed
zerolog: could not write event: write experiment-output/0000/slave-018/client-124.log: file already closed
zerolog: could not write event: write experiment-output/0000/slave-018/client-124.log: file already closed
zerolog: could not write event: write experiment-output/0000/slave-018/client-124.log: file already closed
zerolog: could not write event: write experiment-output/0000/slave-018/client-124.log: file already closed
17:52:03.633 INF Profile data written. filename=experiment-output/0000/slave-018/prof-client.cpu name=cpu
17:52:03.651 INF Profile data written. filename=experiment-output/0000/slave-018/prof-client.block name=block
17:52:03.657 INF Profile data written. filename=experiment-output/0000/slave-018/prof-client.mutex name=mutex
