{"level":"debug","Logging":"info","time":"2023-03-30T03:20:09Z","message":"Config"}
{"level":"debug","UseTLS":false,"time":"2023-03-30T03:20:09Z","message":"Config"}
{"level":"debug","CACertFile":"tls-data/ca.pem","time":"2023-03-30T03:20:09Z","message":"Config"}
{"level":"debug","KeyFile":"tls-data/auth.key","time":"2023-03-30T03:20:09Z","message":"Config"}
{"level":"debug","CertFile":"tls-data/auth.pem","time":"2023-03-30T03:20:09Z","message":"Config"}
{"level":"debug","PriorityConnections":2,"time":"2023-03-30T03:20:09Z","message":"Config"}
{"level":"debug","BasicConnections":1,"time":"2023-03-30T03:20:09Z","message":"Config"}
{"level":"debug","TestConnections":false,"time":"2023-03-30T03:20:09Z","message":"Config"}
{"level":"debug","ExcessConnections":1,"time":"2023-03-30T03:20:09Z","message":"Config"}
{"level":"debug","ConnectionTestMsgs":4,"time":"2023-03-30T03:20:09Z","message":"Config"}
{"level":"debug","ConnectionTestPayload":131072,"time":"2023-03-30T03:20:09Z","message":"Config"}
{"level":"debug","OutMessageBufsize":1024,"time":"2023-03-30T03:20:09Z","message":"Config"}
{"level":"debug","OutMessageBufsize":4,"time":"2023-03-30T03:20:09Z","message":"Config"}
{"level":"debug","ThroughputCap":131072000,"time":"2023-03-30T03:20:09Z","message":"Config"}
{"level":"debug","StragglerTolerance":1000,"time":"2023-03-30T03:20:09Z","message":"Config"}
{"level":"debug","BatchSizeIncrement":256,"time":"2023-03-30T03:20:09Z","message":"Config"}
{"level":"debug","Orderer":"Pbft","time":"2023-03-30T03:20:09Z","message":"Config"}
{"level":"debug","Manager":"Mir","time":"2023-03-30T03:20:09Z","message":"Config"}
{"level":"debug","Failures":0,"time":"2023-03-30T03:20:09Z","message":"Config"}
{"level":"debug","StragglerCnt":3,"time":"2023-03-30T03:20:09Z","message":"Config"}
{"level":"debug","PrivKeyCnt":10,"time":"2023-03-30T03:20:09Z","message":"Config"}
{"level":"debug","UseSig":false,"time":"2023-03-30T03:20:09Z","message":"Config"}
{"level":"debug","CrashTiming":"Straggler","time":"2023-03-30T03:20:09Z","message":"Config"}
{"level":"debug","CheckpointInterval":1024,"time":"2023-03-30T03:20:09Z","message":"Config"}
{"level":"debug","WatermarkWindowSize":1024,"time":"2023-03-30T03:20:09Z","message":"Config"}
{"level":"debug","EpochLength":1024,"time":"2023-03-30T03:20:09Z","message":"Config"}
{"level":"debug","SegmentLength":64,"time":"2023-03-30T03:20:09Z","message":"Config"}
{"level":"debug","WaitForCheckpoints":true,"time":"2023-03-30T03:20:09Z","message":"Config"}
{"level":"debug","ClientWatermarkWindowSize":24576,"time":"2023-03-30T03:20:09Z","message":"Config"}
{"level":"debug","ClientRequestBacklogSize":24576,"time":"2023-03-30T03:20:09Z","message":"Config"}
{"level":"debug","RandomSeed":14306,"time":"2023-03-30T03:20:09Z","message":"Config"}
{"level":"debug","NodeToLeaderRatio":1,"time":"2023-03-30T03:20:09Z","message":"Config"}
{"level":"debug","LeaderPolicy":"Simple","time":"2023-03-30T03:20:09Z","message":"Config"}
{"level":"debug","DefaultLeaderBan":2,"time":"2023-03-30T03:20:09Z","message":"Config"}
{"level":"debug","NumBuckets":256,"time":"2023-03-30T03:20:09Z","message":"Config"}
{"level":"debug","BatchSize":1000,"time":"2023-03-30T03:20:09Z","message":"Config"}
{"level":"debug","DisabledViewChange":false,"time":"2023-03-30T03:20:09Z","message":"Config"}
{"level":"debug","ViewChangeTimeout":60000,"time":"2023-03-30T03:20:09Z","message":"Config"}
{"level":"debug","ClientTraceSampling":10,"time":"2023-03-30T03:20:09Z","message":"Config"}
{"level":"debug","EventBufferSize":2097152,"time":"2023-03-30T03:20:09Z","message":"Config"}
{"level":"debug","TraceSampling":1,"time":"2023-03-30T03:20:09Z","message":"Config"}
{"level":"debug","ClientsPerProcess":8,"time":"2023-03-30T03:20:09Z","message":"Config"}
{"level":"debug","RequestsPerClient":4687,"time":"2023-03-30T03:20:09Z","message":"Config"}
{"level":"debug","ClientRunTime":15000,"time":"2023-03-30T03:20:09Z","message":"Config"}
{"level":"debug","RequestRate":156,"time":"2023-03-30T03:20:09Z","message":"Config"}
{"level":"debug","HardRequestRateLimit":false,"time":"2023-03-30T03:20:09Z","message":"Config"}
{"level":"debug","RequestPayloadSize":500,"time":"2023-03-30T03:20:09Z","message":"Config"}
{"level":"debug","SignRequests":true,"time":"2023-03-30T03:20:09Z","message":"Config"}
{"level":"debug","ClientPrivKeyFile":"tls-data/client-ecdsa-256.key","time":"2023-03-30T03:20:09Z","message":"Config"}
{"level":"debug","ClientPubKeyFile":"tls-data/client-ecdsa-256.pem","time":"2023-03-30T03:20:09Z","message":"Config"}
{"level":"debug","PrecomputeRequests":false,"time":"2023-03-30T03:20:09Z","message":"Config"}
{"level":"debug","RequestHandlerThreads":32,"time":"2023-03-30T03:20:09Z","message":"Config"}
{"level":"debug","RequestInputChannelBuffer":8192,"time":"2023-03-30T03:20:09Z","message":"Config"}
{"level":"debug","BatchVerifier":"external","time":"2023-03-30T03:20:09Z","message":"Config"}
03:20:09.946 INF Started Profiler: CPU
03:20:09.946 INF Started Profiler: BLOCK
03:20:09.946 INF Started Profiler: MUTEX
03:20:09.946 INF Starting clients. numClients=8 numRequests=4687
03:20:09.946 INF Initilizing clients.
03:20:09.953 INF Registared with discovery server. numOrderers=16 ownClientId=11
03:20:09.953 INF Registared with discovery server. numOrderers=16 ownClientId=15
03:20:09.953 INF Registared with discovery server. numOrderers=16 ownClientId=32
03:20:09.953 INF Registared with discovery server. numOrderers=16 ownClientId=9
03:20:09.953 INF Registared with discovery server. numOrderers=16 ownClientId=18
03:20:09.953 INF Registared with discovery server. numOrderers=16 ownClientId=12
03:20:09.954 INF Registared with discovery server. numOrderers=16 ownClientId=41
03:20:09.968 INF Registared with discovery server. numOrderers=16 ownClientId=60
03:20:09.968 INF Clients initialized.
03:20:09.968 INF Launching clients.
03:20:09.968 INF Waiting for clients.
03:21:21.969 INF Stopping Tracer. events=951 fileName=experiment-output/0000/slave-013/client-012.trc
zerolog: could not write event: write experiment-output/0000/slave-013/client-012.log: file already closed
zerolog: could not write event: write experiment-output/0000/slave-013/client-012.log: file already closed
zerolog: could not write event: write experiment-output/0000/slave-013/client-012.log: file already closed
zerolog: could not write event: write experiment-output/0000/slave-013/client-012.log: file already closed
03:21:21.971 INF Trace data written.
03:21:22.004 INF Stopping Tracer. events=1431 fileName=experiment-output/0000/slave-013/client-015.trc
03:21:22.004 INF Stopping Tracer. events=1437 fileName=experiment-output/0000/slave-013/client-041.trc
03:21:22.005 INF Stopping Tracer. events=1437 fileName=experiment-output/0000/slave-013/client-011.trc
zerolog: could not write event: write experiment-output/0000/slave-013/client-015.log: file already closed
zerolog: could not write event: write experiment-output/0000/slave-013/client-015.log: file already closed
zerolog: could not write event: write experiment-output/0000/slave-013/client-015.log: file already closed
03:21:22.005 INF Stopping Tracer. events=951 fileName=experiment-output/0000/slave-013/client-032.trc
zerolog: could not write event: write experiment-output/0000/slave-013/client-015.log: file already closed
zerolog: could not write event: write experiment-output/0000/slave-013/client-041.log: file already closed
zerolog: could not write event: write experiment-output/0000/slave-013/client-011.log: file already closed
zerolog: could not write event: write experiment-output/0000/slave-013/client-032.log: file already closed
zerolog: could not write event: write experiment-output/0000/slave-013/client-011.log: file already closed
zerolog: could not write event: write experiment-output/0000/slave-013/client-011.log: file already closed
zerolog: could not write event: write experiment-output/0000/slave-013/client-032.log: file already closed
zerolog: could not write event: write experiment-output/0000/slave-013/client-032.log: file already closed
zerolog: could not write event: write experiment-output/0000/slave-013/client-032.log: file already closed
zerolog: could not write event: write experiment-output/0000/slave-013/client-041.log: file already closed
zerolog: could not write event: write experiment-output/0000/slave-013/client-041.log: file already closed
zerolog: could not write event: write experiment-output/0000/slave-013/client-011.log: file already closed
zerolog: could not write event: write experiment-output/0000/slave-013/client-041.log: file already closed
03:21:22.007 INF Trace data written.
03:21:22.007 INF Stopping Tracer. events=951 fileName=experiment-output/0000/slave-013/client-018.trc
zerolog: could not write event: write experiment-output/0000/slave-013/client-018.log: file already closed
zerolog: could not write event: write experiment-output/0000/slave-013/client-018.log: file already closed
zerolog: could not write event: write experiment-output/0000/slave-013/client-018.log: file already closed
zerolog: could not write event: write experiment-output/0000/slave-013/client-018.log: file already closed
03:21:22.008 INF Trace data written.
03:21:22.008 INF Trace data written.
03:21:22.008 INF Trace data written.
03:21:22.009 INF Trace data written.
03:21:22.016 INF Stopping Tracer. events=1336 fileName=experiment-output/0000/slave-013/client-009.trc
03:21:22.016 INF Stopping Tracer. events=941 fileName=experiment-output/0000/slave-013/client-060.trc
zerolog: could not write event: write experiment-output/0000/slave-013/client-009.log: file already closed
zerolog: could not write event: write experiment-output/0000/slave-013/client-060.log: file already closed
zerolog: could not write event: write experiment-output/0000/slave-013/client-009.log: file already closed
zerolog: could not write event: write experiment-output/0000/slave-013/client-060.log: file already closed
zerolog: could not write event: write experiment-output/0000/slave-013/client-009.log: file already closed
zerolog: could not write event: write experiment-output/0000/slave-013/client-060.log: file already closed
zerolog: could not write event: write experiment-output/0000/slave-013/client-060.log: file already closed
zerolog: could not write event: write experiment-output/0000/slave-013/client-009.log: file already closed
03:21:22.018 INF Trace data written.
03:21:22.019 INF Trace data written.
03:21:22.019 INF Done.
03:21:22.019 INF Stopping profiler.
zerolog: could not write event: write experiment-output/0000/slave-013/client-012.log: file already closed
zerolog: could not write event: write experiment-output/0000/slave-013/client-012.log: file already closed
zerolog: could not write event: write experiment-output/0000/slave-013/client-012.log: file already closed
zerolog: could not write event: write experiment-output/0000/slave-013/client-012.log: file already closed
zerolog: could not write event: write experiment-output/0000/slave-013/client-015.log: file already closed
zerolog: could not write event: write experiment-output/0000/slave-013/client-015.log: file already closed
zerolog: could not write event: write experiment-output/0000/slave-013/client-032.log: file already closed
zerolog: could not write event: write experiment-output/0000/slave-013/client-015.log: file already closed
zerolog: could not write event: write experiment-output/0000/slave-013/client-032.log: file already closed
zerolog: could not write event: write experiment-output/0000/slave-013/client-011.log: file already closed
zerolog: could not write event: write experiment-output/0000/slave-013/client-041.log: file already closed
zerolog: could not write event: write experiment-output/0000/slave-013/client-032.log: file already closed
zerolog: could not write event: write experiment-output/0000/slave-013/client-011.log: file already closed
zerolog: could not write event: write experiment-output/0000/slave-013/client-041.log: file already closed
zerolog: could not write event: write experiment-output/0000/slave-013/client-015.log: file already closed
zerolog: could not write event: write experiment-output/0000/slave-013/client-041.log: file already closed
zerolog: could not write event: write experiment-output/0000/slave-013/client-011.log: file already closed
zerolog: could not write event: write experiment-output/0000/slave-013/client-041.log: file already closed
zerolog: could not write event: write experiment-output/0000/slave-013/client-032.log: file already closed
zerolog: could not write event: write experiment-output/0000/slave-013/client-011.log: file already closed
zerolog: could not write event: write experiment-output/0000/slave-013/client-018.log: file already closed
zerolog: could not write event: write experiment-output/0000/slave-013/client-018.log: file already closed
zerolog: could not write event: write experiment-output/0000/slave-013/client-018.log: file already closed
zerolog: could not write event: write experiment-output/0000/slave-013/client-012.log: file already closed
zerolog: could not write event: write experiment-output/0000/slave-013/client-018.log: file already closed
zerolog: could not write event: write experiment-output/0000/slave-013/client-012.log: file already closed
zerolog: could not write event: write experiment-output/0000/slave-013/client-012.log: file already closed
zerolog: could not write event: write experiment-output/0000/slave-013/client-012.log: file already closed
zerolog: could not write event: write experiment-output/0000/slave-013/client-009.log: file already closed
zerolog: could not write event: write experiment-output/0000/slave-013/client-009.log: file already closed
zerolog: could not write event: write experiment-output/0000/slave-013/client-060.log: file already closed
zerolog: could not write event: write experiment-output/0000/slave-013/client-009.log: file already closed
zerolog: could not write event: write experiment-output/0000/slave-013/client-060.log: file already closed
zerolog: could not write event: write experiment-output/0000/slave-013/client-060.log: file already closed
zerolog: could not write event: write experiment-output/0000/slave-013/client-060.log: file already closed
zerolog: could not write event: write experiment-output/0000/slave-013/client-009.log: file already closed
zerolog: could not write event: write experiment-output/0000/slave-013/client-041.log: file already closed
zerolog: could not write event: write experiment-output/0000/slave-013/client-011.log: file already closed
zerolog: could not write event: write experiment-output/0000/slave-013/client-041.log: file already closed
zerolog: could not write event: write experiment-output/0000/slave-013/client-032.log: file already closed
zerolog: could not write event: write experiment-output/0000/slave-013/client-015.log: file already closed
zerolog: could not write event: write experiment-output/0000/slave-013/client-015.log: file already closed
zerolog: could not write event: write experiment-output/0000/slave-013/client-015.log: file already closed
zerolog: could not write event: write experiment-output/0000/slave-013/client-041.log: file already closed
zerolog: could not write event: write experiment-output/0000/slave-013/client-041.log: file already closed
zerolog: could not write event: write experiment-output/0000/slave-013/client-032.log: file already closed
zerolog: could not write event: write experiment-output/0000/slave-013/client-011.log: file already closed
zerolog: could not write event: write experiment-output/0000/slave-013/client-011.log: file already closed
zerolog: could not write event: write experiment-output/0000/slave-013/client-032.log: file already closed
zerolog: could not write event: write experiment-output/0000/slave-013/client-015.log: file already closed
zerolog: could not write event: write experiment-output/0000/slave-013/client-018.log: file already closed
zerolog: could not write event: write experiment-output/0000/slave-013/client-018.log: file already closed
zerolog: could not write event: write experiment-output/0000/slave-013/client-032.log: file already closed
zerolog: could not write event: write experiment-output/0000/slave-013/client-011.log: file already closed
zerolog: could not write event: write experiment-output/0000/slave-013/client-018.log: file already closed
zerolog: could not write event: write experiment-output/0000/slave-013/client-018.log: file already closed
zerolog: could not write event: write experiment-output/0000/slave-013/client-060.log: file already closed
zerolog: could not write event: write experiment-output/0000/slave-013/client-009.log: file already closed
zerolog: could not write event: write experiment-output/0000/slave-013/client-060.log: file already closed
zerolog: could not write event: write experiment-output/0000/slave-013/client-060.log: file already closed
zerolog: could not write event: write experiment-output/0000/slave-013/client-060.log: file already closed
zerolog: could not write event: write experiment-output/0000/slave-013/client-009.log: file already closed
zerolog: could not write event: write experiment-output/0000/slave-013/client-009.log: file already closed
zerolog: could not write event: write experiment-output/0000/slave-013/client-009.log: file already closed
zerolog: could not write event: write experiment-output/0000/slave-013/client-012.log: file already closed
zerolog: could not write event: write experiment-output/0000/slave-013/client-012.log: file already closed
zerolog: could not write event: write experiment-output/0000/slave-013/client-012.log: file already closed
zerolog: could not write event: write experiment-output/0000/slave-013/client-012.log: file already closed
03:21:22.177 INF Profile data written. filename=experiment-output/0000/slave-013/prof-client.cpu name=cpu
zerolog: could not write event: write experiment-output/0000/slave-013/client-011.log: file already closed
zerolog: could not write event: write experiment-output/0000/slave-013/client-032.log: file already closed
zerolog: could not write event: write experiment-output/0000/slave-013/client-015.log: file already closed
zerolog: could not write event: write experiment-output/0000/slave-013/client-041.log: file already closed
zerolog: could not write event: write experiment-output/0000/slave-013/client-015.log: file already closed
zerolog: could not write event: write experiment-output/0000/slave-013/client-011.log: file already closed
zerolog: could not write event: write experiment-output/0000/slave-013/client-041.log: file already closed
zerolog: could not write event: write experiment-output/0000/slave-013/client-015.log: file already closed
zerolog: could not write event: write experiment-output/0000/slave-013/client-011.log: file already closed
zerolog: could not write event: write experiment-output/0000/slave-013/client-032.log: file already closed
zerolog: could not write event: write experiment-output/0000/slave-013/client-041.log: file already closed
zerolog: could not write event: write experiment-output/0000/slave-013/client-011.log: file already closed
zerolog: could not write event: write experiment-output/0000/slave-013/client-015.log: file already closed
zerolog: could not write event: write experiment-output/0000/slave-013/client-032.log: file already closed
zerolog: could not write event: write experiment-output/0000/slave-013/client-041.log: file already closed
zerolog: could not write event: write experiment-output/0000/slave-013/client-032.log: file already closed
zerolog: could not write event: write experiment-output/0000/slave-013/client-018.log: file already closed
zerolog: could not write event: write experiment-output/0000/slave-013/client-018.log: file already closed
zerolog: could not write event: write experiment-output/0000/slave-013/client-018.log: file already closed
zerolog: could not write event: write experiment-output/0000/slave-013/client-018.log: file already closed
03:21:22.198 INF Profile data written. filename=experiment-output/0000/slave-013/prof-client.block name=block
zerolog: could not write event: write experiment-output/0000/slave-013/client-009.log: file already closed
zerolog: could not write event: write experiment-output/0000/slave-013/client-009.log: file already closed
zerolog: could not write event: write experiment-output/0000/slave-013/client-060.log: file already closed
zerolog: could not write event: write experiment-output/0000/slave-013/client-060.log: file already closed
zerolog: could not write event: write experiment-output/0000/slave-013/client-060.log: file already closed
zerolog: could not write event: write experiment-output/0000/slave-013/client-009.log: file already closed
zerolog: could not write event: write experiment-output/0000/slave-013/client-060.log: file already closed
zerolog: could not write event: write experiment-output/0000/slave-013/client-009.log: file already closed
03:21:22.205 INF Profile data written. filename=experiment-output/0000/slave-013/prof-client.mutex name=mutex
