{"level":"debug","Logging":"info","time":"2023-03-24T03:18:34Z","message":"Config"}
{"level":"debug","UseTLS":false,"time":"2023-03-24T03:18:34Z","message":"Config"}
{"level":"debug","CACertFile":"tls-data/ca.pem","time":"2023-03-24T03:18:34Z","message":"Config"}
{"level":"debug","KeyFile":"tls-data/auth.key","time":"2023-03-24T03:18:34Z","message":"Config"}
{"level":"debug","CertFile":"tls-data/auth.pem","time":"2023-03-24T03:18:34Z","message":"Config"}
{"level":"debug","PriorityConnections":2,"time":"2023-03-24T03:18:34Z","message":"Config"}
{"level":"debug","BasicConnections":1,"time":"2023-03-24T03:18:34Z","message":"Config"}
{"level":"debug","TestConnections":false,"time":"2023-03-24T03:18:34Z","message":"Config"}
{"level":"debug","ExcessConnections":1,"time":"2023-03-24T03:18:34Z","message":"Config"}
{"level":"debug","ConnectionTestMsgs":4,"time":"2023-03-24T03:18:34Z","message":"Config"}
{"level":"debug","ConnectionTestPayload":131072,"time":"2023-03-24T03:18:34Z","message":"Config"}
{"level":"debug","OutMessageBufsize":1024,"time":"2023-03-24T03:18:34Z","message":"Config"}
{"level":"debug","OutMessageBufsize":4,"time":"2023-03-24T03:18:34Z","message":"Config"}
{"level":"debug","ThroughputCap":131072000,"time":"2023-03-24T03:18:34Z","message":"Config"}
{"level":"debug","StragglerTolerance":1000,"time":"2023-03-24T03:18:34Z","message":"Config"}
{"level":"debug","BatchSizeIncrement":256,"time":"2023-03-24T03:18:34Z","message":"Config"}
{"level":"debug","Orderer":"Pbft","time":"2023-03-24T03:18:34Z","message":"Config"}
{"level":"debug","Manager":"Mir","time":"2023-03-24T03:18:34Z","message":"Config"}
{"level":"debug","Failures":0,"time":"2023-03-24T03:18:34Z","message":"Config"}
{"level":"debug","StragglerCnt":1,"time":"2023-03-24T03:18:34Z","message":"Config"}
{"level":"debug","PrivKeyCnt":10,"time":"2023-03-24T03:18:34Z","message":"Config"}
{"level":"debug","UseSig":false,"time":"2023-03-24T03:18:34Z","message":"Config"}
{"level":"debug","CrashTiming":"Straggler","time":"2023-03-24T03:18:34Z","message":"Config"}
{"level":"debug","CheckpointInterval":512,"time":"2023-03-24T03:18:34Z","message":"Config"}
{"level":"debug","WatermarkWindowSize":512,"time":"2023-03-24T03:18:34Z","message":"Config"}
{"level":"debug","EpochLength":512,"time":"2023-03-24T03:18:34Z","message":"Config"}
{"level":"debug","SegmentLength":32,"time":"2023-03-24T03:18:34Z","message":"Config"}
{"level":"debug","WaitForCheckpoints":true,"time":"2023-03-24T03:18:34Z","message":"Config"}
{"level":"debug","ClientWatermarkWindowSize":16384,"time":"2023-03-24T03:18:34Z","message":"Config"}
{"level":"debug","ClientRequestBacklogSize":16384,"time":"2023-03-24T03:18:34Z","message":"Config"}
{"level":"debug","RandomSeed":21955,"time":"2023-03-24T03:18:34Z","message":"Config"}
{"level":"debug","NodeToLeaderRatio":1,"time":"2023-03-24T03:18:34Z","message":"Config"}
{"level":"debug","LeaderPolicy":"Simple","time":"2023-03-24T03:18:34Z","message":"Config"}
{"level":"debug","DefaultLeaderBan":2,"time":"2023-03-24T03:18:34Z","message":"Config"}
{"level":"debug","NumBuckets":256,"time":"2023-03-24T03:18:34Z","message":"Config"}
{"level":"debug","BatchSize":2500,"time":"2023-03-24T03:18:34Z","message":"Config"}
{"level":"debug","DisabledViewChange":false,"time":"2023-03-24T03:18:34Z","message":"Config"}
{"level":"debug","ViewChangeTimeout":60000,"time":"2023-03-24T03:18:34Z","message":"Config"}
{"level":"debug","ClientTraceSampling":10,"time":"2023-03-24T03:18:34Z","message":"Config"}
{"level":"debug","EventBufferSize":2097152,"time":"2023-03-24T03:18:34Z","message":"Config"}
{"level":"debug","TraceSampling":1,"time":"2023-03-24T03:18:34Z","message":"Config"}
{"level":"debug","ClientsPerProcess":8,"time":"2023-03-24T03:18:34Z","message":"Config"}
{"level":"debug","RequestsPerClient":11718,"time":"2023-03-24T03:18:34Z","message":"Config"}
{"level":"debug","ClientRunTime":15000,"time":"2023-03-24T03:18:34Z","message":"Config"}
{"level":"debug","RequestRate":390,"time":"2023-03-24T03:18:34Z","message":"Config"}
{"level":"debug","HardRequestRateLimit":false,"time":"2023-03-24T03:18:34Z","message":"Config"}
{"level":"debug","RequestPayloadSize":500,"time":"2023-03-24T03:18:34Z","message":"Config"}
{"level":"debug","SignRequests":true,"time":"2023-03-24T03:18:34Z","message":"Config"}
{"level":"debug","ClientPrivKeyFile":"tls-data/client-ecdsa-256.key","time":"2023-03-24T03:18:34Z","message":"Config"}
{"level":"debug","ClientPubKeyFile":"tls-data/client-ecdsa-256.pem","time":"2023-03-24T03:18:34Z","message":"Config"}
{"level":"debug","PrecomputeRequests":false,"time":"2023-03-24T03:18:34Z","message":"Config"}
{"level":"debug","RequestHandlerThreads":32,"time":"2023-03-24T03:18:34Z","message":"Config"}
{"level":"debug","RequestInputChannelBuffer":8192,"time":"2023-03-24T03:18:34Z","message":"Config"}
{"level":"debug","BatchVerifier":"external","time":"2023-03-24T03:18:34Z","message":"Config"}
03:18:34.226 INF Started Profiler: CPU
03:18:34.226 INF Started Profiler: BLOCK
03:18:34.226 INF Started Profiler: MUTEX
03:18:34.226 INF Starting clients. numClients=8 numRequests=11718
03:18:34.226 INF Initilizing clients.
03:18:34.621 INF Registared with discovery server. numOrderers=16 ownClientId=135
03:18:34.622 INF Registared with discovery server. numOrderers=16 ownClientId=145
03:18:34.624 INF Registared with discovery server. numOrderers=16 ownClientId=152
03:18:34.625 INF Registared with discovery server. numOrderers=16 ownClientId=170
03:18:34.627 INF Registared with discovery server. numOrderers=16 ownClientId=175
03:18:34.628 INF Registared with discovery server. numOrderers=16 ownClientId=182
03:18:34.629 INF Registared with discovery server. numOrderers=16 ownClientId=185
03:18:34.629 INF Registared with discovery server. numOrderers=16 ownClientId=190
03:18:34.629 INF Clients initialized.
03:18:34.630 INF Launching clients.
03:18:34.630 INF Waiting for clients.
03:19:44.741 INF Stopping Tracer. events=2346 fileName=experiment-output/0004/slave-022/client-145.trc
zerolog: could not write event: write experiment-output/0004/slave-022/client-145.log: file already closed
zerolog: could not write event: write experiment-output/0004/slave-022/client-145.log: file already closed
zerolog: could not write event: write experiment-output/0004/slave-022/client-145.log: file already closed
zerolog: could not write event: write experiment-output/0004/slave-022/client-145.log: file already closed
03:19:44.745 INF Trace data written.
03:19:44.771 INF Stopping Tracer. events=2345 fileName=experiment-output/0004/slave-022/client-175.trc
03:19:44.772 INF Stopping Tracer. events=3563 fileName=experiment-output/0004/slave-022/client-182.trc
zerolog: could not write event: write experiment-output/0004/slave-022/client-175.log: file already closed
zerolog: could not write event: write experiment-output/0004/slave-022/client-175.log: file already closed
zerolog: could not write event: write experiment-output/0004/slave-022/client-175.log: file already closed
zerolog: could not write event: write experiment-output/0004/slave-022/client-175.log: file already closed
zerolog: could not write event: write experiment-output/0004/slave-022/client-182.log: file already closed
zerolog: could not write event: write experiment-output/0004/slave-022/client-182.log: file already closed
zerolog: could not write event: write experiment-output/0004/slave-022/client-182.log: file already closed
zerolog: could not write event: write experiment-output/0004/slave-022/client-182.log: file already closed
03:19:44.775 INF Trace data written.
03:19:44.777 INF Trace data written.
03:19:44.779 INF Stopping Tracer. events=3561 fileName=experiment-output/0004/slave-022/client-170.trc
zerolog: could not write event: write experiment-output/0004/slave-022/client-170.log: file already closed
zerolog: could not write event: write experiment-output/0004/slave-022/client-170.log: file already closed
zerolog: could not write event: write experiment-output/0004/slave-022/client-170.log: file already closed
zerolog: could not write event: write experiment-output/0004/slave-022/client-170.log: file already closed
03:19:44.784 INF Trace data written.
03:19:44.787 INF Stopping Tracer. events=2356 fileName=experiment-output/0004/slave-022/client-135.trc
zerolog: could not write event: write experiment-output/0004/slave-022/client-135.log: file already closed
zerolog: could not write event: write experiment-output/0004/slave-022/client-135.log: file already closed
zerolog: could not write event: write experiment-output/0004/slave-022/client-135.log: file already closed
zerolog: could not write event: write experiment-output/0004/slave-022/client-135.log: file already closed
03:19:44.787 INF Stopping Tracer. events=3609 fileName=experiment-output/0004/slave-022/client-190.trc
zerolog: could not write event: write experiment-output/0004/slave-022/client-190.log: file already closed
zerolog: could not write event: write experiment-output/0004/slave-022/client-190.log: file already closed
zerolog: could not write event: write experiment-output/0004/slave-022/client-190.log: file already closed
zerolog: could not write event: write experiment-output/0004/slave-022/client-190.log: file already closed
03:19:44.791 INF Trace data written.
03:19:44.793 INF Trace data written.
03:19:44.799 INF Stopping Tracer. events=3532 fileName=experiment-output/0004/slave-022/client-152.trc
zerolog: could not write event: write experiment-output/0004/slave-022/client-152.log: file already closed
zerolog: could not write event: write experiment-output/0004/slave-022/client-152.log: file already closed
03:19:44.799 INF Stopping Tracer. events=2345 fileName=experiment-output/0004/slave-022/client-185.trc
zerolog: could not write event: write experiment-output/0004/slave-022/client-152.log: file already closed
zerolog: could not write event: write experiment-output/0004/slave-022/client-152.log: file already closed
zerolog: could not write event: write experiment-output/0004/slave-022/client-185.log: file already closed
zerolog: could not write event: write experiment-output/0004/slave-022/client-185.log: file already closed
zerolog: could not write event: write experiment-output/0004/slave-022/client-185.log: file already closed
zerolog: could not write event: write experiment-output/0004/slave-022/client-185.log: file already closed
03:19:44.803 INF Trace data written.
03:19:44.805 INF Trace data written.
03:19:44.805 INF Done.
03:19:44.805 INF Stopping profiler.
zerolog: could not write event: write experiment-output/0004/slave-022/client-145.log: file already closed
zerolog: could not write event: write experiment-output/0004/slave-022/client-145.log: file already closed
zerolog: could not write event: write experiment-output/0004/slave-022/client-145.log: file already closed
zerolog: could not write event: write experiment-output/0004/slave-022/client-145.log: file already closed
zerolog: could not write event: write experiment-output/0004/slave-022/client-145.log: file already closed
zerolog: could not write event: write experiment-output/0004/slave-022/client-145.log: file already closed
zerolog: could not write event: write experiment-output/0004/slave-022/client-175.log: file already closed
zerolog: could not write event: write experiment-output/0004/slave-022/client-182.log: file already closed
zerolog: could not write event: write experiment-output/0004/slave-022/client-175.log: file already closed
zerolog: could not write event: write experiment-output/0004/slave-022/client-145.log: file already closed
zerolog: could not write event: write experiment-output/0004/slave-022/client-145.log: file already closed
zerolog: could not write event: write experiment-output/0004/slave-022/client-170.log: file already closed
zerolog: could not write event: write experiment-output/0004/slave-022/client-170.log: file already closed
zerolog: could not write event: write experiment-output/0004/slave-022/client-182.log: file already closed
zerolog: could not write event: write experiment-output/0004/slave-022/client-175.log: file already closed
zerolog: could not write event: write experiment-output/0004/slave-022/client-182.log: file already closed
zerolog: could not write event: write experiment-output/0004/slave-022/client-175.log: file already closed
zerolog: could not write event: write experiment-output/0004/slave-022/client-182.log: file already closed
zerolog: could not write event: write experiment-output/0004/slave-022/client-135.log: file already closed
zerolog: could not write event: write experiment-output/0004/slave-022/client-190.log: file already closed
zerolog: could not write event: write experiment-output/0004/slave-022/client-190.log: file already closed
zerolog: could not write event: write experiment-output/0004/slave-022/client-135.log: file already closed
zerolog: could not write event: write experiment-output/0004/slave-022/client-170.log: file already closed
zerolog: could not write event: write experiment-output/0004/slave-022/client-170.log: file already closed
zerolog: could not write event: write experiment-output/0004/slave-022/client-185.log: file already closed
zerolog: could not write event: write experiment-output/0004/slave-022/client-185.log: file already closed
zerolog: could not write event: write experiment-output/0004/slave-022/client-135.log: file already closed
zerolog: could not write event: write experiment-output/0004/slave-022/client-190.log: file already closed
zerolog: could not write event: write experiment-output/0004/slave-022/client-185.log: file already closed
zerolog: could not write event: write experiment-output/0004/slave-022/client-185.log: file already closed
zerolog: could not write event: write experiment-output/0004/slave-022/client-152.log: file already closed
zerolog: could not write event: write experiment-output/0004/slave-022/client-152.log: file already closed
zerolog: could not write event: write experiment-output/0004/slave-022/client-175.log: file already closed
zerolog: could not write event: write experiment-output/0004/slave-022/client-175.log: file already closed
zerolog: could not write event: write experiment-output/0004/slave-022/client-182.log: file already closed
zerolog: could not write event: write experiment-output/0004/slave-022/client-190.log: file already closed
zerolog: could not write event: write experiment-output/0004/slave-022/client-175.log: file already closed
zerolog: could not write event: write experiment-output/0004/slave-022/client-135.log: file already closed
zerolog: could not write event: write experiment-output/0004/slave-022/client-175.log: file already closed
zerolog: could not write event: write experiment-output/0004/slave-022/client-182.log: file already closed
zerolog: could not write event: write experiment-output/0004/slave-022/client-182.log: file already closed
zerolog: could not write event: write experiment-output/0004/slave-022/client-182.log: file already closed
zerolog: could not write event: write experiment-output/0004/slave-022/client-170.log: file already closed
zerolog: could not write event: write experiment-output/0004/slave-022/client-170.log: file already closed
zerolog: could not write event: write experiment-output/0004/slave-022/client-170.log: file already closed
zerolog: could not write event: write experiment-output/0004/slave-022/client-170.log: file already closed
zerolog: could not write event: write experiment-output/0004/slave-022/client-152.log: file already closed
zerolog: could not write event: write experiment-output/0004/slave-022/client-152.log: file already closed
zerolog: could not write event: write experiment-output/0004/slave-022/client-135.log: file already closed
zerolog: could not write event: write experiment-output/0004/slave-022/client-190.log: file already closed
zerolog: could not write event: write experiment-output/0004/slave-022/client-135.log: file already closed
zerolog: could not write event: write experiment-output/0004/slave-022/client-190.log: file already closed
zerolog: could not write event: write experiment-output/0004/slave-022/client-135.log: file already closed
zerolog: could not write event: write experiment-output/0004/slave-022/client-190.log: file already closed
zerolog: could not write event: write experiment-output/0004/slave-022/client-135.log: file already closed
zerolog: could not write event: write experiment-output/0004/slave-022/client-190.log: file already closed
zerolog: could not write event: write experiment-output/0004/slave-022/client-185.log: file already closed
zerolog: could not write event: write experiment-output/0004/slave-022/client-185.log: file already closed
zerolog: could not write event: write experiment-output/0004/slave-022/client-152.log: file already closed
zerolog: could not write event: write experiment-output/0004/slave-022/client-185.log: file already closed
zerolog: could not write event: write experiment-output/0004/slave-022/client-152.log: file already closed
zerolog: could not write event: write experiment-output/0004/slave-022/client-152.log: file already closed
zerolog: could not write event: write experiment-output/0004/slave-022/client-185.log: file already closed
zerolog: could not write event: write experiment-output/0004/slave-022/client-152.log: file already closed
03:19:44.951 INF Profile data written. filename=experiment-output/0004/slave-022/prof-client.cpu name=cpu
zerolog: could not write event: write experiment-output/0004/slave-022/client-145.log: file already closed
zerolog: could not write event: write experiment-output/0004/slave-022/client-145.log: file already closed
zerolog: could not write event: write experiment-output/0004/slave-022/client-145.log: file already closed
zerolog: could not write event: write experiment-output/0004/slave-022/client-145.log: file already closed
03:19:44.968 INF Profile data written. filename=experiment-output/0004/slave-022/prof-client.block name=block
03:19:44.973 INF Profile data written. filename=experiment-output/0004/slave-022/prof-client.mutex name=mutex
