2023/07/11 12:48:43 Initializing main trace
2023/07/11 12:48:43 Id: 12
2023/07/11 12:48:43 N: 16
2023/07/11 12:48:43 F: 2
2023/07/11 12:48:43 D: 3
2023/07/11 12:48:43 Logging: critical
2023/07/11 12:48:43 ChainId: chain
2023/07/11 12:48:43 Ledger: 
2023/07/11 12:48:43 MaxLeaders: 16
2023/07/11 12:48:43 BatchDurationNsec: 2000000000
2023/07/11 12:48:43 BatchSizeBytes: 2000000
2023/07/11 12:48:43 EpochTimeoutNsec: 60000000000
2023/07/11 12:48:43 BatchSignature: false
2023/07/11 12:48:43 WatermarkDist: 32
2023/07/11 12:48:43 CheckpointDist: 16
2023/07/11 12:48:43 BucketRotationPeriod: 256
2023/07/11 12:48:43 ClientWatermarkDist: 10000000
2023/07/11 12:48:43 Buckets: 2
2023/07/11 12:48:43 PayloadSharding: false
2023/07/11 12:48:43 SigSharding: true
2023/07/11 12:48:43 ByzantineDuplication: false
2023/07/11 12:48:43 Censoring: 0
2023/07/11 12:48:43 ByzantineDelay: 0
2023/07/11 12:48:43 ByzantineAfter: 0
2023/07/11 12:48:43 ByzantineUntil: 0
2023/07/11 12:48:43 UseTLS: true
2023/07/11 12:48:43 ServerConfigurationBuffer: 2
2023/07/11 12:48:43 SignatureVerification: true
2023/07/11 12:48:43 RequestSize: 500
2023/07/11 12:48:43 RequestsPerClient: 0
2023/07/11 12:48:43 Parallelism: 0
2023/07/11 12:48:43 RequestRate: 0
2023/07/11 12:48:43 ClientRunTime: 0
2023/07/11 12:48:43 Clients: 0
2023/07/11 12:48:43 Blocking: false
2023/07/11 12:48:43 Receivers: 0
2023/07/11 12:48:43 Destination: 0
2023/07/11 12:48:43 Self:
2023/07/11 12:48:43     Listen: 0.0.0.0:8001
2023/07/11 12:48:43     CACertFile: /opt/gopath/src/github.com/IBM/mirbft/deployment/config/certs/ecdsa/ca.pem
2023/07/11 12:48:43     KeyFile: /opt/gopath/src/github.com/IBM/mirbft/deployment/config/certs/ecdsa/server-13.key
2023/07/11 12:48:43     CertFile: /opt/gopath/src/github.com/IBM/mirbft/deployment/config/certs/ecdsa/server-13.pem
2023/07/11 12:48:43 Servers:
2023/07/11 12:48:43     CACertFile: 
2023/07/11 12:48:43     CertFile: /opt/gopath/src/github.com/IBM/mirbft/deployment/config/certs/ecdsa/server-1.pem
2023/07/11 12:48:43     CertFile: /opt/gopath/src/github.com/IBM/mirbft/deployment/config/certs/ecdsa/server-2.pem
2023/07/11 12:48:43     CertFile: /opt/gopath/src/github.com/IBM/mirbft/deployment/config/certs/ecdsa/server-3.pem
2023/07/11 12:48:43     CertFile: /opt/gopath/src/github.com/IBM/mirbft/deployment/config/certs/ecdsa/server-4.pem
2023/07/11 12:48:43     CertFile: /opt/gopath/src/github.com/IBM/mirbft/deployment/config/certs/ecdsa/server-5.pem
2023/07/11 12:48:43     CertFile: /opt/gopath/src/github.com/IBM/mirbft/deployment/config/certs/ecdsa/server-6.pem
2023/07/11 12:48:43     CertFile: /opt/gopath/src/github.com/IBM/mirbft/deployment/config/certs/ecdsa/server-7.pem
2023/07/11 12:48:43     CertFile: /opt/gopath/src/github.com/IBM/mirbft/deployment/config/certs/ecdsa/server-8.pem
2023/07/11 12:48:43     CertFile: /opt/gopath/src/github.com/IBM/mirbft/deployment/config/certs/ecdsa/server-9.pem
2023/07/11 12:48:43     CertFile: /opt/gopath/src/github.com/IBM/mirbft/deployment/config/certs/ecdsa/server-10.pem
2023/07/11 12:48:43     CertFile: /opt/gopath/src/github.com/IBM/mirbft/deployment/config/certs/ecdsa/server-11.pem
2023/07/11 12:48:43     CertFile: /opt/gopath/src/github.com/IBM/mirbft/deployment/config/certs/ecdsa/server-12.pem
2023/07/11 12:48:43     CertFile: /opt/gopath/src/github.com/IBM/mirbft/deployment/config/certs/ecdsa/server-13.pem
2023/07/11 12:48:43     CertFile: /opt/gopath/src/github.com/IBM/mirbft/deployment/config/certs/ecdsa/server-14.pem
2023/07/11 12:48:43     CertFile: /opt/gopath/src/github.com/IBM/mirbft/deployment/config/certs/ecdsa/server-15.pem
2023/07/11 12:48:43     CertFile: /opt/gopath/src/github.com/IBM/mirbft/deployment/config/certs/ecdsa/server-16.pem
2023/07/11 12:48:43     CertFile: 172.31.15.59:8001
2023/07/11 12:48:43     CertFile: 172.31.2.60:8001
2023/07/11 12:48:43     CertFile: 172.31.4.61:8001
2023/07/11 12:48:43     CertFile: 172.31.10.127:8001
2023/07/11 12:48:43     CertFile: 172.31.6.181:8001
2023/07/11 12:48:43     CertFile: 172.31.2.247:8001
2023/07/11 12:48:43     CertFile: 172.31.3.248:8001
2023/07/11 12:48:43     CertFile: 172.31.11.26:8001
2023/07/11 12:48:43     CertFile: 172.31.12.63:8001
2023/07/11 12:48:43     CertFile: 172.31.11.69:8001
2023/07/11 12:48:43     CertFile: 172.31.12.38:8001
2023/07/11 12:48:43     CertFile: 172.31.14.7:8001
2023/07/11 12:48:43     CertFile: 172.31.11.104:8001
2023/07/11 12:48:43     CertFile: 172.31.7.2:8001
2023/07/11 12:48:43     CertFile: 172.31.10.99:8001
2023/07/11 12:48:43     CertFile: 172.31.10.164:8001
2023/07/11 12:48:43.672642 NewBackend Mir backend
2023/07/11 12:48:43.708866 assignBuckets replica 12: Responsible for requests in buckets [24 25] in epoch 0
2023/07/11 12:48:47.075817 RunRequestProcessor Updated leader pending size
2023/07/11 12:48:49.014302 handleCommit COMMITTED 4 with 1 requests
2023/07/11 12:48:49.048817 handleCommit COMMITTED 3 with 1 requests
2023/07/11 12:48:49.074326 handleCommit COMMITTED 6 with 1 requests
2023/07/11 12:48:49.076595 cutAndMaybeSend replica 12: batch length 0
2023/07/11 12:48:49.076847 sendPreprepare replica 12: PREPREPARE 13
2023/07/11 12:48:49.083862 handleCommit COMMITTED 10 with 1 requests
2023/07/11 12:48:49.101981 handleCommit COMMITTED 9 with 1 requests
2023/07/11 12:48:49.143746 handleCommit COMMITTED 5 with 1 requests
2023/07/11 12:48:49.170825 handleCommit COMMITTED 16 with 1 requests
2023/07/11 12:48:49.176245 handleCommit COMMITTED 11 with 1 requests
2023/07/11 12:48:49.184643 handleCommit COMMITTED 8 with 1 requests
2023/07/11 12:48:49.199532 handleCommit COMMITTED 7 with 1 requests
2023/07/11 12:48:49.243300 handleCommit COMMITTED 13 with 1 requests
2023/07/11 12:48:49.256767 handleCommit COMMITTED 15 with 1 requests
2023/07/11 12:48:49.259513 handleCommit COMMITTED 14 with 1 requests
2023/07/11 12:48:49.396227 handleCommit COMMITTED 12 with 1 requests
2023/07/11 12:48:51.010328 handleCommit COMMITTED 20 with 0 requests
2023/07/11 12:48:51.056968 handleCommit COMMITTED 19 with 0 requests
2023/07/11 12:48:51.077194 cutAndMaybeSend replica 12: batch length 0
2023/07/11 12:48:51.077330 handleCommit COMMITTED 22 with 0 requests
2023/07/11 12:48:51.077336 sendPreprepare replica 12: PREPREPARE 29
2023/07/11 12:48:51.096060 handleCommit COMMITTED 26 with 0 requests
2023/07/11 12:48:51.101172 handleCommit COMMITTED 25 with 0 requests
2023/07/11 12:48:51.160193 handleCommit COMMITTED 21 with 0 requests
2023/07/11 12:48:51.173867 handleCommit COMMITTED 32 with 0 requests
2023/07/11 12:48:51.175989 handleCommit COMMITTED 27 with 0 requests
2023/07/11 12:48:51.182941 handleCommit COMMITTED 24 with 0 requests
2023/07/11 12:48:51.191855 handleCommit COMMITTED 23 with 0 requests
2023/07/11 12:48:51.247532 handleCommit COMMITTED 31 with 0 requests
2023/07/11 12:48:51.250329 handleCommit COMMITTED 30 with 0 requests
2023/07/11 12:48:51.251540 handleCommit COMMITTED 29 with 0 requests
2023/07/11 12:48:51.397639 handleCommit COMMITTED 28 with 0 requests
2023/07/11 12:48:57.038859 handleCommit COMMITTED 2 with 1 requests
2023/07/11 12:48:57.068166 handleCommit COMMITTED 1 with 1 requests
2023/07/11 12:48:57.068216 deliverBatch DELIVERING 1 with 1 txs
2023/07/11 12:48:57.068228 deliverBatch DELIVERING 2 with 1 txs
2023/07/11 12:48:57.068246 deliverBatch DELIVERING 3 with 1 txs
2023/07/11 12:48:57.068257 deliverBatch DELIVERING 4 with 1 txs
2023/07/11 12:48:57.068264 deliverBatch DELIVERING 5 with 1 txs
2023/07/11 12:48:57.068284 deliverBatch DELIVERING 6 with 1 txs
2023/07/11 12:48:57.068293 deliverBatch DELIVERING 7 with 1 txs
2023/07/11 12:48:57.068334 deliverBatch DELIVERING 8 with 1 txs
2023/07/11 12:48:57.068342 deliverBatch DELIVERING 9 with 1 txs
2023/07/11 12:48:57.068351 deliverBatch DELIVERING 10 with 1 txs
2023/07/11 12:48:57.068359 deliverBatch DELIVERING 11 with 1 txs
2023/07/11 12:48:57.068367 deliverBatch DELIVERING 12 with 1 txs
2023/07/11 12:48:57.068375 deliverBatch DELIVERING 13 with 1 txs
2023/07/11 12:48:57.068383 deliverBatch DELIVERING 14 with 1 txs
2023/07/11 12:48:57.068392 deliverBatch DELIVERING 15 with 1 txs
2023/07/11 12:48:57.068421 deliverBatch DELIVERING 16 with 1 txs
2023/07/11 12:48:57.347201 Request map[MFkwEwYHKoZIzj0CAQYIKoZIzj0DAQcDQgAEzn9+9Rvu9cVfoyuwF+jxkBWHOHbYgzhU8XSp/0bTBXvKMUAnW2Uek2RZ8xgVAGAhffCYoW/115BbUstHraEsAQ:0xc02296dce0]
2023/07/11 12:48:57.383768 Request map[MFkwEwYHKoZIzj0CAQYIKoZIzj0DAQcDQgAE4jGV8HuOMZTIyQ3sUmoPuQ5uzeHd/sX6aR5B6rFQZwhxgzDDcjlCgM6blgkUrgY6aJRDrzEB/KIGSvC08T+cxw:0xc0229ab098 MFkwEwYHKoZIzj0CAQYIKoZIzj0DAQcDQgAEzn9+9Rvu9cVfoyuwF+jxkBWHOHbYgzhU8XSp/0bTBXvKMUAnW2Uek2RZ8xgVAGAhffCYoW/115BbUstHraEsAQ:0xc02296dce0]
2023/07/11 12:48:57.515631 Request map[MFkwEwYHKoZIzj0CAQYIKoZIzj0DAQcDQgAE4jGV8HuOMZTIyQ3sUmoPuQ5uzeHd/sX6aR5B6rFQZwhxgzDDcjlCgM6blgkUrgY6aJRDrzEB/KIGSvC08T+cxw:0xc0229ab098 MFkwEwYHKoZIzj0CAQYIKoZIzj0DAQcDQgAEVDXju5UAF8KkWEUgFI1713d/OG7PdOITUcqKoY2W2nOFieF8YfMUHv8JOAQhS9ROE3wExHbpXnPMIl/XEqwd6w:0xc02296ded8 MFkwEwYHKoZIzj0CAQYIKoZIzj0DAQcDQgAEzn9+9Rvu9cVfoyuwF+jxkBWHOHbYgzhU8XSp/0bTBXvKMUAnW2Uek2RZ8xgVAGAhffCYoW/115BbUstHraEsAQ:0xc02296dce0]
2023/07/11 12:48:57.588243 Request map[MFkwEwYHKoZIzj0CAQYIKoZIzj0DAQcDQgAE4jGV8HuOMZTIyQ3sUmoPuQ5uzeHd/sX6aR5B6rFQZwhxgzDDcjlCgM6blgkUrgY6aJRDrzEB/KIGSvC08T+cxw:0xc0229ab098 MFkwEwYHKoZIzj0CAQYIKoZIzj0DAQcDQgAEUHYCpwyv5pSduo1Q6ZFOHjL7IuhQMv4Td4qx4UtQwtEn3Jy4QigDr6V67bEa1KrBrOYwvGtje+vaALAfvKwOtA:0xc02296df98 MFkwEwYHKoZIzj0CAQYIKoZIzj0DAQcDQgAEVDXju5UAF8KkWEUgFI1713d/OG7PdOITUcqKoY2W2nOFieF8YfMUHv8JOAQhS9ROE3wExHbpXnPMIl/XEqwd6w:0xc02296ded8 MFkwEwYHKoZIzj0CAQYIKoZIzj0DAQcDQgAEzn9+9Rvu9cVfoyuwF+jxkBWHOHbYgzhU8XSp/0bTBXvKMUAnW2Uek2RZ8xgVAGAhffCYoW/115BbUstHraEsAQ:0xc02296dce0]
2023/07/11 12:48:57.603086 Request map[MFkwEwYHKoZIzj0CAQYIKoZIzj0DAQcDQgAE4jGV8HuOMZTIyQ3sUmoPuQ5uzeHd/sX6aR5B6rFQZwhxgzDDcjlCgM6blgkUrgY6aJRDrzEB/KIGSvC08T+cxw:0xc0229ab098 MFkwEwYHKoZIzj0CAQYIKoZIzj0DAQcDQgAEUHYCpwyv5pSduo1Q6ZFOHjL7IuhQMv4Td4qx4UtQwtEn3Jy4QigDr6V67bEa1KrBrOYwvGtje+vaALAfvKwOtA:0xc02296df98 MFkwEwYHKoZIzj0CAQYIKoZIzj0DAQcDQgAEVDXju5UAF8KkWEUgFI1713d/OG7PdOITUcqKoY2W2nOFieF8YfMUHv8JOAQhS9ROE3wExHbpXnPMIl/XEqwd6w:0xc02296ded8 MFkwEwYHKoZIzj0CAQYIKoZIzj0DAQcDQgAEn/pE5kJzvsHjKPFxLhiml6GJ37z9Gse68/Y7lUvq9z3AZpkslKjHnJQgb7jW5h40iCAPt9qiViMcWaK5NCJhkw:0xc022a42060 MFkwEwYHKoZIzj0CAQYIKoZIzj0DAQcDQgAEzn9+9Rvu9cVfoyuwF+jxkBWHOHbYgzhU8XSp/0bTBXvKMUAnW2Uek2RZ8xgVAGAhffCYoW/115BbUstHraEsAQ:0xc02296dce0]
2023/07/11 12:48:57.660361 Request map[MFkwEwYHKoZIzj0CAQYIKoZIzj0DAQcDQgAE4jGV8HuOMZTIyQ3sUmoPuQ5uzeHd/sX6aR5B6rFQZwhxgzDDcjlCgM6blgkUrgY6aJRDrzEB/KIGSvC08T+cxw:0xc0229ab098 MFkwEwYHKoZIzj0CAQYIKoZIzj0DAQcDQgAEUHYCpwyv5pSduo1Q6ZFOHjL7IuhQMv4Td4qx4UtQwtEn3Jy4QigDr6V67bEa1KrBrOYwvGtje+vaALAfvKwOtA:0xc02296df98 MFkwEwYHKoZIzj0CAQYIKoZIzj0DAQcDQgAEVDXju5UAF8KkWEUgFI1713d/OG7PdOITUcqKoY2W2nOFieF8YfMUHv8JOAQhS9ROE3wExHbpXnPMIl/XEqwd6w:0xc02296ded8 MFkwEwYHKoZIzj0CAQYIKoZIzj0DAQcDQgAEg2iL5uVV+FlW0kbmDFhL8EdYyamQ2V3V9h3gkQQM1OE7NkT+QUvTmfPM4835/E+Oiknq/T16ZGY0DpI3an1LWQ:0xc022a62000 MFkwEwYHKoZIzj0CAQYIKoZIzj0DAQcDQgAEn/pE5kJzvsHjKPFxLhiml6GJ37z9Gse68/Y7lUvq9z3AZpkslKjHnJQgb7jW5h40iCAPt9qiViMcWaK5NCJhkw:0xc022a42060 MFkwEwYHKoZIzj0CAQYIKoZIzj0DAQcDQgAEzn9+9Rvu9cVfoyuwF+jxkBWHOHbYgzhU8XSp/0bTBXvKMUAnW2Uek2RZ8xgVAGAhffCYoW/115BbUstHraEsAQ:0xc02296dce0]
2023/07/11 12:48:57.743257 Request map[MFkwEwYHKoZIzj0CAQYIKoZIzj0DAQcDQgAE4jGV8HuOMZTIyQ3sUmoPuQ5uzeHd/sX6aR5B6rFQZwhxgzDDcjlCgM6blgkUrgY6aJRDrzEB/KIGSvC08T+cxw:0xc0229ab098 MFkwEwYHKoZIzj0CAQYIKoZIzj0DAQcDQgAEUHYCpwyv5pSduo1Q6ZFOHjL7IuhQMv4Td4qx4UtQwtEn3Jy4QigDr6V67bEa1KrBrOYwvGtje+vaALAfvKwOtA:0xc02296df98 MFkwEwYHKoZIzj0CAQYIKoZIzj0DAQcDQgAEVDXju5UAF8KkWEUgFI1713d/OG7PdOITUcqKoY2W2nOFieF8YfMUHv8JOAQhS9ROE3wExHbpXnPMIl/XEqwd6w:0xc02296ded8 MFkwEwYHKoZIzj0CAQYIKoZIzj0DAQcDQgAEccJdZvsb7hoSaJnJq3JTk93g4EdbVxh4sWDxcSFv7luCORNd4o1VOlHjILg8i9I78AqWnpVJKIc4OO4WRGZewg:0xc0229ab290 MFkwEwYHKoZIzj0CAQYIKoZIzj0DAQcDQgAEg2iL5uVV+FlW0kbmDFhL8EdYyamQ2V3V9h3gkQQM1OE7NkT+QUvTmfPM4835/E+Oiknq/T16ZGY0DpI3an1LWQ:0xc022a62000 MFkwEwYHKoZIzj0CAQYIKoZIzj0DAQcDQgAEn/pE5kJzvsHjKPFxLhiml6GJ37z9Gse68/Y7lUvq9z3AZpkslKjHnJQgb7jW5h40iCAPt9qiViMcWaK5NCJhkw:0xc022a42060 MFkwEwYHKoZIzj0CAQYIKoZIzj0DAQcDQgAEzn9+9Rvu9cVfoyuwF+jxkBWHOHbYgzhU8XSp/0bTBXvKMUAnW2Uek2RZ8xgVAGAhffCYoW/115BbUstHraEsAQ:0xc02296dce0]
2023/07/11 12:48:57.842405 Request map[MFkwEwYHKoZIzj0CAQYIKoZIzj0DAQcDQgAE3jZj7qz8q4TQTXbQHQXRiL0VLJIPUpintzuR8Tc4OHi8Zmp6s/kdb79CzR+Ti8tNIiw+eySUzNnrNkNC9gVxPQ:0xc022a620f0 MFkwEwYHKoZIzj0CAQYIKoZIzj0DAQcDQgAE4jGV8HuOMZTIyQ3sUmoPuQ5uzeHd/sX6aR5B6rFQZwhxgzDDcjlCgM6blgkUrgY6aJRDrzEB/KIGSvC08T+cxw:0xc0229ab098 MFkwEwYHKoZIzj0CAQYIKoZIzj0DAQcDQgAEUHYCpwyv5pSduo1Q6ZFOHjL7IuhQMv4Td4qx4UtQwtEn3Jy4QigDr6V67bEa1KrBrOYwvGtje+vaALAfvKwOtA:0xc02296df98 MFkwEwYHKoZIzj0CAQYIKoZIzj0DAQcDQgAEVDXju5UAF8KkWEUgFI1713d/OG7PdOITUcqKoY2W2nOFieF8YfMUHv8JOAQhS9ROE3wExHbpXnPMIl/XEqwd6w:0xc02296ded8 MFkwEwYHKoZIzj0CAQYIKoZIzj0DAQcDQgAEccJdZvsb7hoSaJnJq3JTk93g4EdbVxh4sWDxcSFv7luCORNd4o1VOlHjILg8i9I78AqWnpVJKIc4OO4WRGZewg:0xc0229ab290 MFkwEwYHKoZIzj0CAQYIKoZIzj0DAQcDQgAEg2iL5uVV+FlW0kbmDFhL8EdYyamQ2V3V9h3gkQQM1OE7NkT+QUvTmfPM4835/E+Oiknq/T16ZGY0DpI3an1LWQ:0xc022a62000 MFkwEwYHKoZIzj0CAQYIKoZIzj0DAQcDQgAEn/pE5kJzvsHjKPFxLhiml6GJ37z9Gse68/Y7lUvq9z3AZpkslKjHnJQgb7jW5h40iCAPt9qiViMcWaK5NCJhkw:0xc022a42060 MFkwEwYHKoZIzj0CAQYIKoZIzj0DAQcDQgAEzn9+9Rvu9cVfoyuwF+jxkBWHOHbYgzhU8XSp/0bTBXvKMUAnW2Uek2RZ8xgVAGAhffCYoW/115BbUstHraEsAQ:0xc02296dce0]
2023/07/11 12:48:59.098820 cutAndMaybeSend replica 12: batch length 0
2023/07/11 12:48:59.098966 sendPreprepare replica 12: PREPREPARE 45
2023/07/11 12:48:59.278626 handleCommit COMMITTED 46 with 1 requests
2023/07/11 12:48:59.280461 handleCommit COMMITTED 48 with 1 requests
2023/07/11 12:48:59.280495 handleCommit COMMITTED 45 with 0 requests
2023/07/11 12:48:59.282625 handleCommit COMMITTED 42 with 0 requests
2023/07/11 12:48:59.282668 handleCommit COMMITTED 44 with 0 requests
2023/07/11 12:48:59.282671 handleCommit COMMITTED 36 with 0 requests
2023/07/11 12:48:59.284442 handleCommit COMMITTED 39 with 0 requests
2023/07/11 12:48:59.284474 handleCommit COMMITTED 35 with 2 requests
2023/07/11 12:48:59.289543 handleCommit COMMITTED 38 with 0 requests
2023/07/11 12:48:59.295241 handleCommit COMMITTED 47 with 1 requests
2023/07/11 12:48:59.297746 handleCommit COMMITTED 37 with 2 requests
2023/07/11 12:48:59.298665 handleCommit COMMITTED 41 with 0 requests
2023/07/11 12:48:59.298682 handleCommit COMMITTED 40 with 0 requests
2023/07/11 12:48:59.300096 handleCommit COMMITTED 43 with 1 requests
2023/07/11 12:49:07.057228 handleCommit COMMITTED 18 with 0 requests
2023/07/11 12:49:07.071044 handleCommit COMMITTED 17 with 0 requests
2023/07/11 12:49:07.071085 deliverBatch DELIVERING 17 with 0 txs
2023/07/11 12:49:07.071100 deliverBatch DELIVERING 18 with 0 txs
2023/07/11 12:49:07.071110 deliverBatch DELIVERING 19 with 0 txs
2023/07/11 12:49:07.071142 deliverBatch DELIVERING 20 with 0 txs
2023/07/11 12:49:07.071154 deliverBatch DELIVERING 21 with 0 txs
2023/07/11 12:49:07.071166 deliverBatch DELIVERING 22 with 0 txs
2023/07/11 12:49:07.071176 deliverBatch DELIVERING 23 with 0 txs
2023/07/11 12:49:07.071185 deliverBatch DELIVERING 24 with 0 txs
2023/07/11 12:49:07.071204 deliverBatch DELIVERING 25 with 0 txs
2023/07/11 12:49:07.071212 deliverBatch DELIVERING 26 with 0 txs
2023/07/11 12:49:07.071219 deliverBatch DELIVERING 27 with 0 txs
2023/07/11 12:49:07.071226 deliverBatch DELIVERING 28 with 0 txs
2023/07/11 12:49:07.071234 deliverBatch DELIVERING 29 with 0 txs
2023/07/11 12:49:07.071242 deliverBatch DELIVERING 30 with 0 txs
2023/07/11 12:49:07.071250 deliverBatch DELIVERING 31 with 0 txs
2023/07/11 12:49:07.071257 deliverBatch DELIVERING 32 with 0 txs
2023/07/11 12:49:09.109549 cutAndMaybeSend replica 12: batch length 0
2023/07/11 12:49:09.109711 sendPreprepare replica 12: PREPREPARE 61
2023/07/11 12:49:09.291115 handleCommit COMMITTED 53 with 0 requests
2023/07/11 12:49:09.291151 handleCommit COMMITTED 62 with 0 requests
2023/07/11 12:49:09.291172 handleCommit COMMITTED 59 with 0 requests
2023/07/11 12:49:09.291713 handleCommit COMMITTED 58 with 0 requests
2023/07/11 12:49:09.291740 handleCommit COMMITTED 57 with 0 requests
2023/07/11 12:49:09.291761 handleCommit COMMITTED 51 with 0 requests
2023/07/11 12:49:09.291770 handleCommit COMMITTED 63 with 0 requests
2023/07/11 12:49:09.291837 handleCommit COMMITTED 61 with 0 requests
2023/07/11 12:49:09.291861 handleCommit COMMITTED 52 with 0 requests
2023/07/11 12:49:09.291879 handleCommit COMMITTED 56 with 0 requests
2023/07/11 12:49:09.301195 handleCommit COMMITTED 55 with 0 requests
2023/07/11 12:49:09.302414 handleCommit COMMITTED 64 with 0 requests
2023/07/11 12:49:09.305195 handleCommit COMMITTED 60 with 0 requests
2023/07/11 12:49:09.310284 handleCommit COMMITTED 54 with 0 requests
2023/07/11 12:49:17.055436 handleCommit COMMITTED 34 with 0 requests
2023/07/11 12:49:17.068387 handleCommit COMMITTED 33 with 0 requests
2023/07/11 12:49:17.068425 deliverBatch DELIVERING 33 with 0 txs
2023/07/11 12:49:17.068439 deliverBatch DELIVERING 34 with 0 txs
2023/07/11 12:49:17.068450 deliverBatch DELIVERING 35 with 2 txs
2023/07/11 12:49:17.068484 deliverBatch DELIVERING 36 with 0 txs
2023/07/11 12:49:17.068498 deliverBatch DELIVERING 37 with 2 txs
2023/07/11 12:49:17.068518 deliverBatch DELIVERING 38 with 0 txs
2023/07/11 12:49:17.068528 deliverBatch DELIVERING 39 with 0 txs
2023/07/11 12:49:17.068538 deliverBatch DELIVERING 40 with 0 txs
2023/07/11 12:49:17.068548 deliverBatch DELIVERING 41 with 0 txs
2023/07/11 12:49:17.068558 deliverBatch DELIVERING 42 with 0 txs
2023/07/11 12:49:17.068569 deliverBatch DELIVERING 43 with 1 txs
2023/07/11 12:49:17.068583 deliverBatch DELIVERING 44 with 0 txs
2023/07/11 12:49:17.068593 deliverBatch DELIVERING 45 with 0 txs
2023/07/11 12:49:17.068603 deliverBatch DELIVERING 46 with 1 txs
2023/07/11 12:49:17.068624 deliverBatch DELIVERING 47 with 1 txs
2023/07/11 12:49:17.068640 deliverBatch DELIVERING 48 with 1 txs
2023/07/11 12:49:19.159587 cutAndMaybeSend replica 12: batch length 1115
2023/07/11 12:49:19.173616 sendPreprepare replica 12: PREPREPARE 77
2023/07/11 12:49:20.120634 handleCommit COMMITTED 78 with 1110 requests
2023/07/11 12:49:20.122458 handleCommit COMMITTED 70 with 1212 requests
2023/07/11 12:49:20.122921 handleCommit COMMITTED 76 with 1087 requests
2023/07/11 12:49:20.129323 handleCommit COMMITTED 80 with 1139 requests
2023/07/11 12:49:20.130009 handleCommit COMMITTED 73 with 1092 requests
2023/07/11 12:49:20.151947 handleCommit COMMITTED 74 with 1135 requests
2023/07/11 12:49:20.153957 handleCommit COMMITTED 68 with 1165 requests
2023/07/11 12:49:20.190924 handleCommit COMMITTED 67 with 1088 requests
2023/07/11 12:49:20.192931 handleCommit COMMITTED 72 with 1131 requests
2023/07/11 12:49:20.197177 handleCommit COMMITTED 71 with 1189 requests
2023/07/11 12:49:20.207038 handleCommit COMMITTED 77 with 1115 requests
2023/07/11 12:49:20.209792 handleCommit COMMITTED 69 with 1156 requests
2023/07/11 12:49:20.219058 handleCommit COMMITTED 75 with 1191 requests
2023/07/11 12:49:20.343193 handleCommit COMMITTED 79 with 1198 requests
2023/07/11 12:49:28.437886 handleCommit COMMITTED 49 with 4000 requests
2023/07/11 12:49:28.442220 deliverBatch DELIVERING 49 with 4000 txs
2023/07/11 12:49:28.446594 handleCommit COMMITTED 50 with 4000 requests
2023/07/11 12:49:28.454167 deliverBatch DELIVERING 50 with 4000 txs
2023/07/11 12:49:28.464475 deliverBatch DELIVERING 51 with 0 txs
2023/07/11 12:49:28.464504 deliverBatch DELIVERING 52 with 0 txs
2023/07/11 12:49:28.464520 deliverBatch DELIVERING 53 with 0 txs
2023/07/11 12:49:28.464531 deliverBatch DELIVERING 54 with 0 txs
2023/07/11 12:49:28.464542 deliverBatch DELIVERING 55 with 0 txs
2023/07/11 12:49:28.464553 deliverBatch DELIVERING 56 with 0 txs
2023/07/11 12:49:28.464593 deliverBatch DELIVERING 57 with 0 txs
2023/07/11 12:49:28.464605 deliverBatch DELIVERING 58 with 0 txs
2023/07/11 12:49:28.464615 deliverBatch DELIVERING 59 with 0 txs
2023/07/11 12:49:28.464626 deliverBatch DELIVERING 60 with 0 txs
2023/07/11 12:49:28.464636 deliverBatch DELIVERING 61 with 0 txs
2023/07/11 12:49:28.464647 deliverBatch DELIVERING 62 with 0 txs
2023/07/11 12:49:28.464658 deliverBatch DELIVERING 63 with 0 txs
2023/07/11 12:49:28.464669 deliverBatch DELIVERING 64 with 0 txs
2023/07/11 12:49:28.689598 sendPreprepare replica 12: PREPREPARE 93
2023/07/11 12:49:31.191215 handleCommit COMMITTED 92 with 4000 requests
2023/07/11 12:49:31.192544 handleCommit COMMITTED 85 with 4000 requests
2023/07/11 12:49:31.402904 handleCommit COMMITTED 89 with 4000 requests
2023/07/11 12:49:31.463035 handleCommit COMMITTED 96 with 4000 requests
2023/07/11 12:49:31.531795 handleCommit COMMITTED 83 with 4000 requests
2023/07/11 12:49:31.531856 handleCommit COMMITTED 87 with 4000 requests
2023/07/11 12:49:31.531795 handleCommit COMMITTED 94 with 4000 requests
2023/07/11 12:49:31.554918 handleCommit COMMITTED 84 with 4000 requests
2023/07/11 12:49:31.615723 handleCommit COMMITTED 86 with 4000 requests
2023/07/11 12:49:31.615790 handleCommit COMMITTED 88 with 4000 requests
2023/07/11 12:49:31.668695 handleCommit COMMITTED 95 with 4000 requests
2023/07/11 12:49:31.688315 handleCommit COMMITTED 93 with 4000 requests
2023/07/11 12:49:32.114255 handleCommit COMMITTED 90 with 4000 requests
2023/07/11 12:49:32.153407 handleCommit COMMITTED 91 with 4000 requests
2023/07/11 12:49:37.773974 handleCommit COMMITTED 66 with 4000 requests
2023/07/11 12:49:38.400706 handleCommit COMMITTED 65 with 4000 requests
2023/07/11 12:49:38.404146 deliverBatch DELIVERING 65 with 4000 txs
2023/07/11 12:49:38.414219 deliverBatch DELIVERING 66 with 4000 txs
2023/07/11 12:49:38.424107 deliverBatch DELIVERING 67 with 1088 txs
2023/07/11 12:49:38.427307 deliverBatch DELIVERING 68 with 1165 txs
2023/07/11 12:49:38.430354 deliverBatch DELIVERING 69 with 1156 txs
2023/07/11 12:49:38.433043 deliverBatch DELIVERING 70 with 1212 txs
2023/07/11 12:49:38.436023 deliverBatch DELIVERING 71 with 1189 txs
2023/07/11 12:49:38.440370 deliverBatch DELIVERING 72 with 1131 txs
2023/07/11 12:49:38.443712 deliverBatch DELIVERING 73 with 1092 txs
2023/07/11 12:49:38.447152 deliverBatch DELIVERING 74 with 1135 txs
2023/07/11 12:49:38.449990 deliverBatch DELIVERING 75 with 1191 txs
2023/07/11 12:49:38.453026 deliverBatch DELIVERING 76 with 1087 txs
2023/07/11 12:49:38.455915 deliverBatch DELIVERING 77 with 1115 txs
2023/07/11 12:49:38.459184 deliverBatch DELIVERING 78 with 1110 txs
2023/07/11 12:49:38.462545 deliverBatch DELIVERING 79 with 1198 txs
2023/07/11 12:49:38.465413 deliverBatch DELIVERING 80 with 1139 txs
2023/07/11 12:49:38.704004 sendPreprepare replica 12: PREPREPARE 109
2023/07/11 12:49:40.241216 handleCommit COMMITTED 108 with 4000 requests
2023/07/11 12:49:40.465313 handleCommit COMMITTED 101 with 4000 requests
2023/07/11 12:49:40.490088 handleCommit COMMITTED 105 with 4000 requests
2023/07/11 12:49:40.506767 handleCommit COMMITTED 110 with 4000 requests
2023/07/11 12:49:40.512741 handleCommit COMMITTED 103 with 4000 requests
2023/07/11 12:49:40.526731 handleCommit COMMITTED 99 with 4000 requests
2023/07/11 12:49:40.693311 handleCommit COMMITTED 106 with 4000 requests
2023/07/11 12:49:40.699420 handleCommit COMMITTED 109 with 4000 requests
2023/07/11 12:49:40.709420 handleCommit COMMITTED 111 with 4000 requests
2023/07/11 12:49:40.777479 handleCommit COMMITTED 104 with 4000 requests
2023/07/11 12:49:40.781409 handleCommit COMMITTED 102 with 4000 requests
2023/07/11 12:49:40.826890 handleCommit COMMITTED 112 with 4000 requests
2023/07/11 12:49:40.858404 handleCommit COMMITTED 100 with 4000 requests
2023/07/11 12:49:40.869355 handleCommit COMMITTED 107 with 4000 requests
2023/07/11 12:49:47.880971 handleCommit COMMITTED 82 with 4000 requests
2023/07/11 12:49:47.887265 handleCommit COMMITTED 81 with 4000 requests
2023/07/11 12:49:47.892424 deliverBatch DELIVERING 81 with 4000 txs
2023/07/11 12:49:47.905107 deliverBatch DELIVERING 82 with 4000 txs
2023/07/11 12:49:47.916677 deliverBatch DELIVERING 83 with 4000 txs
2023/07/11 12:49:47.927790 deliverBatch DELIVERING 84 with 4000 txs
2023/07/11 12:49:47.941563 deliverBatch DELIVERING 85 with 4000 txs
2023/07/11 12:49:47.955687 deliverBatch DELIVERING 86 with 4000 txs
2023/07/11 12:49:47.969441 deliverBatch DELIVERING 87 with 4000 txs
2023/07/11 12:49:47.992224 deliverBatch DELIVERING 88 with 4000 txs
2023/07/11 12:49:48.011727 deliverBatch DELIVERING 89 with 4000 txs
2023/07/11 12:49:48.091058 deliverBatch DELIVERING 90 with 4000 txs
2023/07/11 12:49:48.463538 deliverBatch DELIVERING 91 with 4000 txs
2023/07/11 12:49:48.473595 deliverBatch DELIVERING 92 with 4000 txs
2023/07/11 12:49:48.655263 deliverBatch DELIVERING 93 with 4000 txs
2023/07/11 12:49:48.665945 deliverBatch DELIVERING 94 with 4000 txs
2023/07/11 12:49:48.676047 deliverBatch DELIVERING 95 with 4000 txs
2023/07/11 12:49:48.686137 deliverBatch DELIVERING 96 with 4000 txs
2023/07/11 12:49:48.951012 sendPreprepare replica 12: PREPREPARE 125
2023/07/11 12:49:50.340163 handleCommit COMMITTED 124 with 4000 requests
2023/07/11 12:49:50.525898 handleCommit COMMITTED 125 with 4000 requests
2023/07/11 12:49:50.545695 handleCommit COMMITTED 126 with 4000 requests
2023/07/11 12:49:50.547202 handleCommit COMMITTED 122 with 4000 requests
2023/07/11 12:49:50.624944 handleCommit COMMITTED 118 with 4000 requests
2023/07/11 12:49:50.651559 handleCommit COMMITTED 115 with 4000 requests
2023/07/11 12:49:50.662029 handleCommit COMMITTED 120 with 4000 requests
2023/07/11 12:49:51.012015 handleCommit COMMITTED 123 with 4000 requests
2023/07/11 12:49:51.069224 handleCommit COMMITTED 128 with 4000 requests
2023/07/11 12:49:51.173930 handleCommit COMMITTED 117 with 4000 requests
2023/07/11 12:49:51.174861 handleCommit COMMITTED 119 with 4000 requests
2023/07/11 12:49:51.320108 handleCommit COMMITTED 121 with 4000 requests
2023/07/11 12:49:51.325776 handleCommit COMMITTED 116 with 4000 requests
2023/07/11 12:49:51.841851 handleCommit COMMITTED 127 with 4000 requests
2023/07/11 12:49:57.768127 handleCommit COMMITTED 97 with 4000 requests
2023/07/11 12:49:57.771702 deliverBatch DELIVERING 97 with 4000 txs
2023/07/11 12:49:58.082598 handleCommit COMMITTED 98 with 4000 requests
2023/07/11 12:49:58.087367 deliverBatch DELIVERING 98 with 4000 txs
2023/07/11 12:49:58.097450 deliverBatch DELIVERING 99 with 4000 txs
2023/07/11 12:49:58.108133 deliverBatch DELIVERING 100 with 4000 txs
2023/07/11 12:49:58.119523 deliverBatch DELIVERING 101 with 4000 txs
2023/07/11 12:49:58.131194 deliverBatch DELIVERING 102 with 4000 txs
2023/07/11 12:49:58.142844 deliverBatch DELIVERING 103 with 4000 txs
2023/07/11 12:49:58.155859 deliverBatch DELIVERING 104 with 4000 txs
2023/07/11 12:49:58.168079 deliverBatch DELIVERING 105 with 4000 txs
2023/07/11 12:49:58.179177 deliverBatch DELIVERING 106 with 4000 txs
2023/07/11 12:49:58.189462 deliverBatch DELIVERING 107 with 4000 txs
2023/07/11 12:49:58.199274 deliverBatch DELIVERING 108 with 4000 txs
2023/07/11 12:49:58.420655 deliverBatch DELIVERING 109 with 4000 txs
2023/07/11 12:49:58.671020 deliverBatch DELIVERING 110 with 4000 txs
2023/07/11 12:49:59.125591 deliverBatch DELIVERING 111 with 4000 txs
2023/07/11 12:49:59.135950 deliverBatch DELIVERING 112 with 4000 txs
2023/07/11 12:49:59.375293 sendPreprepare replica 12: PREPREPARE 141
2023/07/11 12:50:00.355706 handleCommit COMMITTED 138 with 4000 requests
2023/07/11 12:50:00.459238 handleCommit COMMITTED 143 with 4000 requests
2023/07/11 12:50:00.842186 handleCommit COMMITTED 133 with 4000 requests
2023/07/11 12:50:00.867680 handleCommit COMMITTED 144 with 4000 requests
2023/07/11 12:50:00.959270 handleCommit COMMITTED 135 with 4000 requests
2023/07/11 12:50:00.984218 handleCommit COMMITTED 140 with 4000 requests
2023/07/11 12:50:01.026547 handleCommit COMMITTED 134 with 4000 requests
2023/07/11 12:50:01.361357 handleCommit COMMITTED 142 with 4000 requests
2023/07/11 12:50:01.386835 handleCommit COMMITTED 137 with 4000 requests
2023/07/11 12:50:01.386841 handleCommit COMMITTED 141 with 4000 requests
2023/07/11 12:50:01.416757 handleCommit COMMITTED 139 with 4000 requests
2023/07/11 12:50:01.565839 handleCommit COMMITTED 131 with 4000 requests
2023/07/11 12:50:01.702965 handleCommit COMMITTED 136 with 4000 requests
2023/07/11 12:50:01.806435 handleCommit COMMITTED 132 with 4000 requests
2023/07/11 12:50:07.891349 handleCommit COMMITTED 113 with 4000 requests
2023/07/11 12:50:07.894695 deliverBatch DELIVERING 113 with 4000 txs
2023/07/11 12:50:08.445590 handleCommit COMMITTED 114 with 4000 requests
2023/07/11 12:50:08.450850 deliverBatch DELIVERING 114 with 4000 txs
2023/07/11 12:50:08.461608 deliverBatch DELIVERING 115 with 4000 txs
2023/07/11 12:50:08.472712 deliverBatch DELIVERING 116 with 4000 txs
2023/07/11 12:50:08.482745 deliverBatch DELIVERING 117 with 4000 txs
2023/07/11 12:50:08.494687 deliverBatch DELIVERING 118 with 4000 txs
2023/07/11 12:50:08.507466 deliverBatch DELIVERING 119 with 4000 txs
2023/07/11 12:50:08.519001 deliverBatch DELIVERING 120 with 4000 txs
2023/07/11 12:50:08.531091 deliverBatch DELIVERING 121 with 4000 txs
2023/07/11 12:50:08.543394 deliverBatch DELIVERING 122 with 4000 txs
2023/07/11 12:50:08.554864 deliverBatch DELIVERING 123 with 4000 txs
2023/07/11 12:50:08.566073 deliverBatch DELIVERING 124 with 4000 txs
2023/07/11 12:50:09.650356 deliverBatch DELIVERING 125 with 4000 txs
2023/07/11 12:50:09.662129 deliverBatch DELIVERING 126 with 4000 txs
2023/07/11 12:50:09.671666 deliverBatch DELIVERING 127 with 4000 txs
2023/07/11 12:50:09.681144 deliverBatch DELIVERING 128 with 4000 txs
2023/07/11 12:50:10.063650 sendPreprepare replica 12: PREPREPARE 157
2023/07/11 12:50:10.409364 handleCommit COMMITTED 153 with 4000 requests
2023/07/11 12:50:10.572785 handleCommit COMMITTED 150 with 4000 requests
2023/07/11 12:50:10.574843 handleCommit COMMITTED 147 with 4000 requests
2023/07/11 12:50:10.601449 handleCommit COMMITTED 156 with 4000 requests
2023/07/11 12:50:10.615581 handleCommit COMMITTED 152 with 4000 requests
2023/07/11 12:50:10.642831 handleCommit COMMITTED 159 with 4000 requests
2023/07/11 12:50:10.698600 handleCommit COMMITTED 158 with 4000 requests
2023/07/11 12:50:10.823884 handleCommit COMMITTED 151 with 4000 requests
2023/07/11 12:50:11.097549 handleCommit COMMITTED 160 with 4000 requests
2023/07/11 12:50:11.331278 handleCommit COMMITTED 157 with 4000 requests
2023/07/11 12:50:11.587486 handleCommit COMMITTED 154 with 4000 requests
2023/07/11 12:50:11.652851 handleCommit COMMITTED 155 with 4000 requests
2023/07/11 12:50:11.707200 handleCommit COMMITTED 149 with 4000 requests
2023/07/11 12:50:11.709095 handleCommit COMMITTED 148 with 4000 requests
2023/07/11 12:50:17.772673 handleCommit COMMITTED 129 with 4000 requests
2023/07/11 12:50:17.777013 deliverBatch DELIVERING 129 with 4000 txs
2023/07/11 12:50:18.064455 handleCommit COMMITTED 130 with 4000 requests
2023/07/11 12:50:18.069830 deliverBatch DELIVERING 130 with 4000 txs
2023/07/11 12:50:18.079965 deliverBatch DELIVERING 131 with 4000 txs
2023/07/11 12:50:18.089765 deliverBatch DELIVERING 132 with 4000 txs
2023/07/11 12:50:18.099017 deliverBatch DELIVERING 133 with 4000 txs
2023/07/11 12:50:18.108820 deliverBatch DELIVERING 134 with 4000 txs
2023/07/11 12:50:18.119704 deliverBatch DELIVERING 135 with 4000 txs
2023/07/11 12:50:18.129964 deliverBatch DELIVERING 136 with 4000 txs
2023/07/11 12:50:18.140219 deliverBatch DELIVERING 137 with 4000 txs
2023/07/11 12:50:18.149225 deliverBatch DELIVERING 138 with 4000 txs
2023/07/11 12:50:18.666988 deliverBatch DELIVERING 139 with 4000 txs
2023/07/11 12:50:19.220405 deliverBatch DELIVERING 140 with 4000 txs
2023/07/11 12:50:19.231666 deliverBatch DELIVERING 141 with 4000 txs
2023/07/11 12:50:19.242537 deliverBatch DELIVERING 142 with 4000 txs
2023/07/11 12:50:19.252248 deliverBatch DELIVERING 143 with 4000 txs
2023/07/11 12:50:19.263005 deliverBatch DELIVERING 144 with 4000 txs
2023/07/11 12:50:20.276633 handleCommit COMMITTED 166 with 4000 requests
2023/07/11 12:50:20.289170 handleCommit COMMITTED 164 with 4000 requests
2023/07/11 12:50:20.292338 handleCommit COMMITTED 163 with 4000 requests
2023/07/11 12:50:20.314045 sendPreprepare replica 12: PREPREPARE 173
2023/07/11 12:50:20.458518 handleCommit COMMITTED 167 with 4000 requests
2023/07/11 12:50:20.661406 handleCommit COMMITTED 170 with 4000 requests
2023/07/11 12:50:20.837204 handleCommit COMMITTED 176 with 4000 requests
2023/07/11 12:50:20.856994 handleCommit COMMITTED 165 with 4000 requests
2023/07/11 12:50:21.014357 handleCommit COMMITTED 171 with 4000 requests
2023/07/11 12:50:21.042081 handleCommit COMMITTED 172 with 4000 requests
2023/07/11 12:50:21.207830 handleCommit COMMITTED 175 with 4000 requests
2023/07/11 12:50:21.388465 handleCommit COMMITTED 169 with 4000 requests
2023/07/11 12:50:21.465936 handleCommit COMMITTED 168 with 4000 requests
2023/07/11 12:50:21.505874 handleCommit COMMITTED 174 with 4000 requests
2023/07/11 12:50:21.556163 handleCommit COMMITTED 173 with 4000 requests
2023/07/11 12:50:27.791163 handleCommit COMMITTED 145 with 4000 requests
2023/07/11 12:50:27.796886 deliverBatch DELIVERING 145 with 4000 txs
2023/07/11 12:50:27.895446 handleCommit COMMITTED 146 with 4000 requests
2023/07/11 12:50:27.901386 deliverBatch DELIVERING 146 with 4000 txs
2023/07/11 12:50:27.910272 deliverBatch DELIVERING 147 with 4000 txs
2023/07/11 12:50:27.919941 deliverBatch DELIVERING 148 with 4000 txs
2023/07/11 12:50:27.930410 deliverBatch DELIVERING 149 with 4000 txs
2023/07/11 12:50:27.941252 deliverBatch DELIVERING 150 with 4000 txs
2023/07/11 12:50:27.951962 deliverBatch DELIVERING 151 with 4000 txs
2023/07/11 12:50:27.962560 deliverBatch DELIVERING 152 with 4000 txs
2023/07/11 12:50:27.973394 deliverBatch DELIVERING 153 with 4000 txs
2023/07/11 12:50:27.984101 deliverBatch DELIVERING 154 with 4000 txs
2023/07/11 12:50:27.995108 deliverBatch DELIVERING 155 with 4000 txs
2023/07/11 12:50:28.004860 deliverBatch DELIVERING 156 with 4000 txs
2023/07/11 12:50:28.014097 deliverBatch DELIVERING 157 with 4000 txs
2023/07/11 12:50:28.023864 deliverBatch DELIVERING 158 with 4000 txs
2023/07/11 12:50:28.033328 deliverBatch DELIVERING 159 with 4000 txs
2023/07/11 12:50:28.042300 deliverBatch DELIVERING 160 with 4000 txs
2023/07/11 12:50:28.333850 sendPreprepare replica 12: PREPREPARE 189
2023/07/11 12:50:29.388279 handleCommit COMMITTED 182 with 4000 requests
2023/07/11 12:50:29.453603 handleCommit COMMITTED 181 with 4000 requests
2023/07/11 12:50:29.650313 handleCommit COMMITTED 183 with 4000 requests
2023/07/11 12:50:29.651204 handleCommit COMMITTED 188 with 4000 requests
2023/07/11 12:50:29.656145 handleCommit COMMITTED 186 with 4000 requests
2023/07/11 12:50:29.656910 handleCommit COMMITTED 180 with 4000 requests
2023/07/11 12:50:29.657202 handleCommit COMMITTED 187 with 4000 requests
2023/07/11 12:50:29.661079 handleCommit COMMITTED 179 with 4000 requests
2023/07/11 12:50:29.662311 handleCommit COMMITTED 189 with 4000 requests
2023/07/11 12:50:29.662340 handleCommit COMMITTED 191 with 4000 requests
2023/07/11 12:50:29.891705 handleCommit COMMITTED 190 with 4000 requests
2023/07/11 12:50:30.009317 handleCommit COMMITTED 184 with 4000 requests
2023/07/11 12:50:30.154917 handleCommit COMMITTED 192 with 4000 requests
2023/07/11 12:50:30.275924 handleCommit COMMITTED 185 with 4000 requests
2023/07/11 12:50:37.805553 handleCommit COMMITTED 161 with 4000 requests
2023/07/11 12:50:37.809586 deliverBatch DELIVERING 161 with 4000 txs
2023/07/11 12:50:37.922862 handleCommit COMMITTED 162 with 4000 requests
2023/07/11 12:50:37.926840 deliverBatch DELIVERING 162 with 4000 txs
2023/07/11 12:50:37.934633 deliverBatch DELIVERING 163 with 4000 txs
2023/07/11 12:50:37.942267 deliverBatch DELIVERING 164 with 4000 txs
2023/07/11 12:50:37.949778 deliverBatch DELIVERING 165 with 4000 txs
2023/07/11 12:50:37.957396 deliverBatch DELIVERING 166 with 4000 txs
2023/07/11 12:50:37.964905 deliverBatch DELIVERING 167 with 4000 txs
2023/07/11 12:50:37.972522 deliverBatch DELIVERING 168 with 4000 txs
2023/07/11 12:50:37.980180 deliverBatch DELIVERING 169 with 4000 txs
2023/07/11 12:50:37.987875 deliverBatch DELIVERING 170 with 4000 txs
2023/07/11 12:50:37.995346 deliverBatch DELIVERING 171 with 4000 txs
2023/07/11 12:50:38.002963 deliverBatch DELIVERING 172 with 4000 txs
2023/07/11 12:50:38.010592 deliverBatch DELIVERING 173 with 4000 txs
2023/07/11 12:50:38.018771 deliverBatch DELIVERING 174 with 4000 txs
2023/07/11 12:50:38.026280 deliverBatch DELIVERING 175 with 4000 txs
2023/07/11 12:50:38.033733 deliverBatch DELIVERING 176 with 4000 txs
2023/07/11 12:50:38.349330 sendPreprepare replica 12: PREPREPARE 205
2023/07/11 12:50:39.448765 handleCommit COMMITTED 203 with 4000 requests
2023/07/11 12:50:39.479990 handleCommit COMMITTED 199 with 4000 requests
2023/07/11 12:50:39.479989 handleCommit COMMITTED 196 with 4000 requests
2023/07/11 12:50:39.505398 handleCommit COMMITTED 202 with 4000 requests
2023/07/11 12:50:39.507387 handleCommit COMMITTED 195 with 4000 requests
2023/07/11 12:50:39.507438 handleCommit COMMITTED 204 with 4000 requests
2023/07/11 12:50:39.512321 handleCommit COMMITTED 201 with 4000 requests
2023/07/11 12:50:39.522212 handleCommit COMMITTED 205 with 4000 requests
2023/07/11 12:50:39.561195 handleCommit COMMITTED 207 with 4000 requests
2023/07/11 12:50:39.583915 handleCommit COMMITTED 197 with 4000 requests
2023/07/11 12:50:39.675854 handleCommit COMMITTED 208 with 4000 requests
2023/07/11 12:50:39.746197 handleCommit COMMITTED 200 with 4000 requests
2023/07/11 12:50:39.753313 handleCommit COMMITTED 198 with 4000 requests
2023/07/11 12:50:39.754742 handleCommit COMMITTED 206 with 4000 requests
2023/07/11 12:50:47.762913 handleCommit COMMITTED 178 with 4000 requests
2023/07/11 12:50:47.789773 handleCommit COMMITTED 177 with 4000 requests
2023/07/11 12:50:47.793562 deliverBatch DELIVERING 177 with 4000 txs
2023/07/11 12:50:47.801357 deliverBatch DELIVERING 178 with 4000 txs
2023/07/11 12:50:47.808980 deliverBatch DELIVERING 179 with 4000 txs
2023/07/11 12:50:47.816677 deliverBatch DELIVERING 180 with 4000 txs
2023/07/11 12:50:47.824337 deliverBatch DELIVERING 181 with 4000 txs
2023/07/11 12:50:47.831815 deliverBatch DELIVERING 182 with 4000 txs
2023/07/11 12:50:47.839227 deliverBatch DELIVERING 183 with 4000 txs
2023/07/11 12:50:47.846566 deliverBatch DELIVERING 184 with 4000 txs
2023/07/11 12:50:47.853953 deliverBatch DELIVERING 185 with 4000 txs
2023/07/11 12:50:47.861223 deliverBatch DELIVERING 186 with 4000 txs
2023/07/11 12:50:47.868478 deliverBatch DELIVERING 187 with 4000 txs
2023/07/11 12:50:47.882695 deliverBatch DELIVERING 188 with 4000 txs
2023/07/11 12:50:47.895410 deliverBatch DELIVERING 189 with 4000 txs
2023/07/11 12:50:47.909278 deliverBatch DELIVERING 190 with 4000 txs
2023/07/11 12:50:47.923497 deliverBatch DELIVERING 191 with 4000 txs
2023/07/11 12:50:47.937265 deliverBatch DELIVERING 192 with 4000 txs
2023/07/11 12:50:48.293548 sendPreprepare replica 12: PREPREPARE 221
2023/07/11 12:50:49.570188 handleCommit COMMITTED 211 with 4000 requests
2023/07/11 12:50:49.570257 handleCommit COMMITTED 219 with 4000 requests
2023/07/11 12:50:49.575319 handleCommit COMMITTED 223 with 4000 requests
2023/07/11 12:50:49.575420 handleCommit COMMITTED 214 with 4000 requests
2023/07/11 12:50:49.575902 handleCommit COMMITTED 215 with 4000 requests
2023/07/11 12:50:49.580368 handleCommit COMMITTED 224 with 4000 requests
2023/07/11 12:50:49.581417 handleCommit COMMITTED 212 with 4000 requests
2023/07/11 12:50:49.581855 handleCommit COMMITTED 217 with 4000 requests
2023/07/11 12:50:49.586088 handleCommit COMMITTED 220 with 4000 requests
2023/07/11 12:50:49.654908 handleCommit COMMITTED 221 with 4000 requests
2023/07/11 12:50:49.676775 handleCommit COMMITTED 222 with 4000 requests
2023/07/11 12:50:49.690343 handleCommit COMMITTED 213 with 4000 requests
2023/07/11 12:50:49.700874 handleCommit COMMITTED 216 with 4000 requests
2023/07/11 12:50:49.705473 handleCommit COMMITTED 218 with 4000 requests
2023/07/11 12:50:57.953560 handleCommit COMMITTED 194 with 3944 requests
2023/07/11 12:50:57.976853 handleCommit COMMITTED 193 with 3946 requests
2023/07/11 12:50:57.980903 deliverBatch DELIVERING 193 with 3946 txs
2023/07/11 12:50:57.988416 deliverBatch DELIVERING 194 with 3944 txs
2023/07/11 12:50:57.995757 deliverBatch DELIVERING 195 with 4000 txs
2023/07/11 12:50:58.003474 deliverBatch DELIVERING 196 with 4000 txs
2023/07/11 12:50:58.010935 deliverBatch DELIVERING 197 with 4000 txs
2023/07/11 12:50:58.018504 deliverBatch DELIVERING 198 with 4000 txs
2023/07/11 12:50:58.025823 deliverBatch DELIVERING 199 with 4000 txs
2023/07/11 12:50:58.033215 deliverBatch DELIVERING 200 with 4000 txs
2023/07/11 12:50:58.040477 deliverBatch DELIVERING 201 with 4000 txs
2023/07/11 12:50:58.047737 deliverBatch DELIVERING 202 with 4000 txs
2023/07/11 12:50:58.055158 deliverBatch DELIVERING 203 with 4000 txs
2023/07/11 12:50:58.062537 deliverBatch DELIVERING 204 with 4000 txs
2023/07/11 12:50:58.070156 deliverBatch DELIVERING 205 with 4000 txs
2023/07/11 12:50:58.078154 deliverBatch DELIVERING 206 with 4000 txs
2023/07/11 12:50:58.085549 deliverBatch DELIVERING 207 with 4000 txs
2023/07/11 12:50:58.093032 deliverBatch DELIVERING 208 with 4000 txs
2023/07/11 12:51:00.279709 cutAndMaybeSend replica 12: batch length 2524
2023/07/11 12:51:00.287913 sendPreprepare replica 12: PREPREPARE 237
2023/07/11 12:51:01.121344 handleCommit COMMITTED 237 with 2524 requests
2023/07/11 12:51:01.123926 handleCommit COMMITTED 229 with 2583 requests
2023/07/11 12:51:01.236420 handleCommit COMMITTED 240 with 2796 requests
2023/07/11 12:51:01.236477 handleCommit COMMITTED 230 with 2770 requests
2023/07/11 12:51:01.236480 handleCommit COMMITTED 233 with 2942 requests
2023/07/11 12:51:01.254388 handleCommit COMMITTED 236 with 2930 requests
2023/07/11 12:51:01.285728 handleCommit COMMITTED 239 with 2915 requests
2023/07/11 12:51:01.294699 handleCommit COMMITTED 238 with 2946 requests
2023/07/11 12:51:01.374971 handleCommit COMMITTED 235 with 3084 requests
2023/07/11 12:51:01.445819 handleCommit COMMITTED 234 with 2933 requests
2023/07/11 12:51:01.454294 handleCommit COMMITTED 231 with 2836 requests
2023/07/11 12:51:01.594167 handleCommit COMMITTED 227 with 2850 requests
2023/07/11 12:51:01.598185 handleCommit COMMITTED 232 with 3076 requests
2023/07/11 12:51:01.723316 handleCommit COMMITTED 228 with 2909 requests
2023/07/11 12:51:07.299173 handleCommit COMMITTED 210 with 0 requests
2023/07/11 12:51:07.322403 handleCommit COMMITTED 209 with 0 requests
2023/07/11 12:51:07.322434 deliverBatch DELIVERING 209 with 0 txs
2023/07/11 12:51:07.322452 deliverBatch DELIVERING 210 with 0 txs
2023/07/11 12:51:07.322461 deliverBatch DELIVERING 211 with 4000 txs
2023/07/11 12:51:07.330406 deliverBatch DELIVERING 212 with 4000 txs
2023/07/11 12:51:07.337903 deliverBatch DELIVERING 213 with 4000 txs
2023/07/11 12:51:07.345410 deliverBatch DELIVERING 214 with 4000 txs
2023/07/11 12:51:07.352722 deliverBatch DELIVERING 215 with 4000 txs
2023/07/11 12:51:07.360035 deliverBatch DELIVERING 216 with 4000 txs
2023/07/11 12:51:07.367344 deliverBatch DELIVERING 217 with 4000 txs
2023/07/11 12:51:07.374674 deliverBatch DELIVERING 218 with 4000 txs
2023/07/11 12:51:07.382011 deliverBatch DELIVERING 219 with 4000 txs
2023/07/11 12:51:07.389351 deliverBatch DELIVERING 220 with 4000 txs
2023/07/11 12:51:07.396562 deliverBatch DELIVERING 221 with 4000 txs
2023/07/11 12:51:07.404486 deliverBatch DELIVERING 222 with 4000 txs
2023/07/11 12:51:07.411821 deliverBatch DELIVERING 223 with 4000 txs
2023/07/11 12:51:07.419062 deliverBatch DELIVERING 224 with 4000 txs
2023/07/11 12:51:09.571307 cutAndMaybeSend replica 12: batch length 0
2023/07/11 12:51:09.571527 sendPreprepare replica 12: PREPREPARE 253
2023/07/11 12:51:09.756205 handleCommit COMMITTED 245 with 0 requests
2023/07/11 12:51:09.756248 handleCommit COMMITTED 246 with 0 requests
2023/07/11 12:51:09.756260 handleCommit COMMITTED 255 with 0 requests
2023/07/11 12:51:09.758673 handleCommit COMMITTED 248 with 0 requests
2023/07/11 12:51:09.761489 handleCommit COMMITTED 244 with 0 requests
2023/07/11 12:51:09.761513 handleCommit COMMITTED 243 with 0 requests
2023/07/11 12:51:09.761944 handleCommit COMMITTED 247 with 0 requests
2023/07/11 12:51:09.761959 handleCommit COMMITTED 250 with 0 requests
2023/07/11 12:51:09.763413 handleCommit COMMITTED 252 with 0 requests
2023/07/11 12:51:09.766796 handleCommit COMMITTED 251 with 0 requests
2023/07/11 12:51:09.774107 handleCommit COMMITTED 249 with 0 requests
2023/07/11 12:51:09.779080 handleCommit COMMITTED 254 with 0 requests
2023/07/11 12:51:09.797879 handleCommit COMMITTED 253 with 0 requests
