2023/07/11 12:48:43 Initializing main trace
2023/07/11 12:48:43 Id: 11
2023/07/11 12:48:43 N: 16
2023/07/11 12:48:43 F: 2
2023/07/11 12:48:43 D: 3
2023/07/11 12:48:43 Logging: critical
2023/07/11 12:48:43 ChainId: chain
2023/07/11 12:48:43 Ledger: 
2023/07/11 12:48:43 MaxLeaders: 16
2023/07/11 12:48:43 BatchDurationNsec: 2000000000
2023/07/11 12:48:43 BatchSizeBytes: 2000000
2023/07/11 12:48:43 EpochTimeoutNsec: 60000000000
2023/07/11 12:48:43 BatchSignature: false
2023/07/11 12:48:43 WatermarkDist: 32
2023/07/11 12:48:43 CheckpointDist: 16
2023/07/11 12:48:43 BucketRotationPeriod: 256
2023/07/11 12:48:43 ClientWatermarkDist: 10000000
2023/07/11 12:48:43 Buckets: 2
2023/07/11 12:48:43 PayloadSharding: false
2023/07/11 12:48:43 SigSharding: true
2023/07/11 12:48:43 ByzantineDuplication: false
2023/07/11 12:48:43 Censoring: 0
2023/07/11 12:48:43 ByzantineDelay: 0
2023/07/11 12:48:43 ByzantineAfter: 0
2023/07/11 12:48:43 ByzantineUntil: 0
2023/07/11 12:48:43 UseTLS: true
2023/07/11 12:48:43 ServerConfigurationBuffer: 2
2023/07/11 12:48:43 SignatureVerification: true
2023/07/11 12:48:43 RequestSize: 500
2023/07/11 12:48:43 RequestsPerClient: 0
2023/07/11 12:48:43 Parallelism: 0
2023/07/11 12:48:43 RequestRate: 0
2023/07/11 12:48:43 ClientRunTime: 0
2023/07/11 12:48:43 Clients: 0
2023/07/11 12:48:43 Blocking: false
2023/07/11 12:48:43 Receivers: 0
2023/07/11 12:48:43 Destination: 0
2023/07/11 12:48:43 Self:
2023/07/11 12:48:43     Listen: 0.0.0.0:8001
2023/07/11 12:48:43     CACertFile: /opt/gopath/src/github.com/IBM/mirbft/deployment/config/certs/ecdsa/ca.pem
2023/07/11 12:48:43     KeyFile: /opt/gopath/src/github.com/IBM/mirbft/deployment/config/certs/ecdsa/server-12.key
2023/07/11 12:48:43     CertFile: /opt/gopath/src/github.com/IBM/mirbft/deployment/config/certs/ecdsa/server-12.pem
2023/07/11 12:48:43 Servers:
2023/07/11 12:48:43     CACertFile: 
2023/07/11 12:48:43     CertFile: /opt/gopath/src/github.com/IBM/mirbft/deployment/config/certs/ecdsa/server-1.pem
2023/07/11 12:48:43     CertFile: /opt/gopath/src/github.com/IBM/mirbft/deployment/config/certs/ecdsa/server-2.pem
2023/07/11 12:48:43     CertFile: /opt/gopath/src/github.com/IBM/mirbft/deployment/config/certs/ecdsa/server-3.pem
2023/07/11 12:48:43     CertFile: /opt/gopath/src/github.com/IBM/mirbft/deployment/config/certs/ecdsa/server-4.pem
2023/07/11 12:48:43     CertFile: /opt/gopath/src/github.com/IBM/mirbft/deployment/config/certs/ecdsa/server-5.pem
2023/07/11 12:48:43     CertFile: /opt/gopath/src/github.com/IBM/mirbft/deployment/config/certs/ecdsa/server-6.pem
2023/07/11 12:48:43     CertFile: /opt/gopath/src/github.com/IBM/mirbft/deployment/config/certs/ecdsa/server-7.pem
2023/07/11 12:48:43     CertFile: /opt/gopath/src/github.com/IBM/mirbft/deployment/config/certs/ecdsa/server-8.pem
2023/07/11 12:48:43     CertFile: /opt/gopath/src/github.com/IBM/mirbft/deployment/config/certs/ecdsa/server-9.pem
2023/07/11 12:48:43     CertFile: /opt/gopath/src/github.com/IBM/mirbft/deployment/config/certs/ecdsa/server-10.pem
2023/07/11 12:48:43     CertFile: /opt/gopath/src/github.com/IBM/mirbft/deployment/config/certs/ecdsa/server-11.pem
2023/07/11 12:48:43     CertFile: /opt/gopath/src/github.com/IBM/mirbft/deployment/config/certs/ecdsa/server-12.pem
2023/07/11 12:48:43     CertFile: /opt/gopath/src/github.com/IBM/mirbft/deployment/config/certs/ecdsa/server-13.pem
2023/07/11 12:48:43     CertFile: /opt/gopath/src/github.com/IBM/mirbft/deployment/config/certs/ecdsa/server-14.pem
2023/07/11 12:48:43     CertFile: /opt/gopath/src/github.com/IBM/mirbft/deployment/config/certs/ecdsa/server-15.pem
2023/07/11 12:48:43     CertFile: /opt/gopath/src/github.com/IBM/mirbft/deployment/config/certs/ecdsa/server-16.pem
2023/07/11 12:48:43     CertFile: 172.31.15.59:8001
2023/07/11 12:48:43     CertFile: 172.31.2.60:8001
2023/07/11 12:48:43     CertFile: 172.31.4.61:8001
2023/07/11 12:48:43     CertFile: 172.31.10.127:8001
2023/07/11 12:48:43     CertFile: 172.31.6.181:8001
2023/07/11 12:48:43     CertFile: 172.31.2.247:8001
2023/07/11 12:48:43     CertFile: 172.31.3.248:8001
2023/07/11 12:48:43     CertFile: 172.31.11.26:8001
2023/07/11 12:48:43     CertFile: 172.31.12.63:8001
2023/07/11 12:48:43     CertFile: 172.31.11.69:8001
2023/07/11 12:48:43     CertFile: 172.31.12.38:8001
2023/07/11 12:48:43     CertFile: 172.31.14.7:8001
2023/07/11 12:48:43     CertFile: 172.31.11.104:8001
2023/07/11 12:48:43     CertFile: 172.31.7.2:8001
2023/07/11 12:48:43     CertFile: 172.31.10.99:8001
2023/07/11 12:48:43     CertFile: 172.31.10.164:8001
2023/07/11 12:48:43.833752 NewBackend Mir backend
2023/07/11 12:48:43.870779 assignBuckets replica 11: Responsible for requests in buckets [22 23] in epoch 0
2023/07/11 12:48:47.234425 RunRequestProcessor Updated leader pending size
2023/07/11 12:48:49.022917 handleCommit COMMITTED 4 with 1 requests
2023/07/11 12:48:49.048442 handleCommit COMMITTED 3 with 1 requests
2023/07/11 12:48:49.077641 handleCommit COMMITTED 6 with 1 requests
2023/07/11 12:48:49.093053 handleCommit COMMITTED 10 with 1 requests
2023/07/11 12:48:49.106766 handleCommit COMMITTED 9 with 1 requests
2023/07/11 12:48:49.151535 handleCommit COMMITTED 5 with 1 requests
2023/07/11 12:48:49.169073 handleCommit COMMITTED 16 with 1 requests
2023/07/11 12:48:49.177910 handleCommit COMMITTED 11 with 1 requests
2023/07/11 12:48:49.182802 handleCommit COMMITTED 8 with 1 requests
2023/07/11 12:48:49.198499 handleCommit COMMITTED 7 with 1 requests
2023/07/11 12:48:49.234270 handleCommit COMMITTED 13 with 1 requests
2023/07/11 12:48:49.235007 cutAndMaybeSend replica 11: batch length 0
2023/07/11 12:48:49.235295 sendPreprepare replica 11: PREPREPARE 12
2023/07/11 12:48:49.255576 handleCommit COMMITTED 15 with 1 requests
2023/07/11 12:48:49.267509 handleCommit COMMITTED 14 with 1 requests
2023/07/11 12:48:49.401726 handleCommit COMMITTED 12 with 1 requests
2023/07/11 12:48:51.015935 handleCommit COMMITTED 20 with 0 requests
2023/07/11 12:48:51.050682 handleCommit COMMITTED 19 with 0 requests
2023/07/11 12:48:51.072867 handleCommit COMMITTED 22 with 0 requests
2023/07/11 12:48:51.094046 handleCommit COMMITTED 26 with 0 requests
2023/07/11 12:48:51.099306 handleCommit COMMITTED 25 with 0 requests
2023/07/11 12:48:51.141060 handleCommit COMMITTED 21 with 0 requests
2023/07/11 12:48:51.174148 handleCommit COMMITTED 27 with 0 requests
2023/07/11 12:48:51.176938 handleCommit COMMITTED 32 with 0 requests
2023/07/11 12:48:51.180584 handleCommit COMMITTED 24 with 0 requests
2023/07/11 12:48:51.193671 handleCommit COMMITTED 23 with 0 requests
2023/07/11 12:48:51.235458 cutAndMaybeSend replica 11: batch length 0
2023/07/11 12:48:51.235656 sendPreprepare replica 11: PREPREPARE 28
2023/07/11 12:48:51.239934 handleCommit COMMITTED 31 with 0 requests
2023/07/11 12:48:51.256102 handleCommit COMMITTED 30 with 0 requests
2023/07/11 12:48:51.260137 handleCommit COMMITTED 29 with 0 requests
2023/07/11 12:48:51.398834 handleCommit COMMITTED 28 with 0 requests
2023/07/11 12:48:57.045524 handleCommit COMMITTED 2 with 1 requests
2023/07/11 12:48:57.063367 handleCommit COMMITTED 1 with 1 requests
2023/07/11 12:48:57.063464 deliverBatch DELIVERING 1 with 1 txs
2023/07/11 12:48:57.063489 deliverBatch DELIVERING 2 with 1 txs
2023/07/11 12:48:57.063515 deliverBatch DELIVERING 3 with 1 txs
2023/07/11 12:48:57.063528 deliverBatch DELIVERING 4 with 1 txs
2023/07/11 12:48:57.063541 deliverBatch DELIVERING 5 with 1 txs
2023/07/11 12:48:57.063552 deliverBatch DELIVERING 6 with 1 txs
2023/07/11 12:48:57.063565 deliverBatch DELIVERING 7 with 1 txs
2023/07/11 12:48:57.063612 deliverBatch DELIVERING 8 with 1 txs
2023/07/11 12:48:57.063625 deliverBatch DELIVERING 9 with 1 txs
2023/07/11 12:48:57.063637 deliverBatch DELIVERING 10 with 1 txs
2023/07/11 12:48:57.063648 deliverBatch DELIVERING 11 with 1 txs
2023/07/11 12:48:57.063659 deliverBatch DELIVERING 12 with 1 txs
2023/07/11 12:48:57.063671 deliverBatch DELIVERING 13 with 1 txs
2023/07/11 12:48:57.063682 deliverBatch DELIVERING 14 with 1 txs
2023/07/11 12:48:57.063693 deliverBatch DELIVERING 15 with 1 txs
2023/07/11 12:48:57.063741 deliverBatch DELIVERING 16 with 1 txs
2023/07/11 12:48:57.365632 Request map[MFkwEwYHKoZIzj0CAQYIKoZIzj0DAQcDQgAE4jGV8HuOMZTIyQ3sUmoPuQ5uzeHd/sX6aR5B6rFQZwhxgzDDcjlCgM6blgkUrgY6aJRDrzEB/KIGSvC08T+cxw:0xc0229bd980]
2023/07/11 12:48:57.368250 Request map[MFkwEwYHKoZIzj0CAQYIKoZIzj0DAQcDQgAE4jGV8HuOMZTIyQ3sUmoPuQ5uzeHd/sX6aR5B6rFQZwhxgzDDcjlCgM6blgkUrgY6aJRDrzEB/KIGSvC08T+cxw:0xc0229bd980 MFkwEwYHKoZIzj0CAQYIKoZIzj0DAQcDQgAEzn9+9Rvu9cVfoyuwF+jxkBWHOHbYgzhU8XSp/0bTBXvKMUAnW2Uek2RZ8xgVAGAhffCYoW/115BbUstHraEsAQ:0xc0229bdb00]
2023/07/11 12:48:57.510960 Request map[MFkwEwYHKoZIzj0CAQYIKoZIzj0DAQcDQgAE4jGV8HuOMZTIyQ3sUmoPuQ5uzeHd/sX6aR5B6rFQZwhxgzDDcjlCgM6blgkUrgY6aJRDrzEB/KIGSvC08T+cxw:0xc0229bd980 MFkwEwYHKoZIzj0CAQYIKoZIzj0DAQcDQgAEVDXju5UAF8KkWEUgFI1713d/OG7PdOITUcqKoY2W2nOFieF8YfMUHv8JOAQhS9ROE3wExHbpXnPMIl/XEqwd6w:0xc022a17938 MFkwEwYHKoZIzj0CAQYIKoZIzj0DAQcDQgAEzn9+9Rvu9cVfoyuwF+jxkBWHOHbYgzhU8XSp/0bTBXvKMUAnW2Uek2RZ8xgVAGAhffCYoW/115BbUstHraEsAQ:0xc0229bdb00]
2023/07/11 12:48:57.586364 Request map[MFkwEwYHKoZIzj0CAQYIKoZIzj0DAQcDQgAE4jGV8HuOMZTIyQ3sUmoPuQ5uzeHd/sX6aR5B6rFQZwhxgzDDcjlCgM6blgkUrgY6aJRDrzEB/KIGSvC08T+cxw:0xc0229bd980 MFkwEwYHKoZIzj0CAQYIKoZIzj0DAQcDQgAEUHYCpwyv5pSduo1Q6ZFOHjL7IuhQMv4Td4qx4UtQwtEn3Jy4QigDr6V67bEa1KrBrOYwvGtje+vaALAfvKwOtA:0xc022a179f8 MFkwEwYHKoZIzj0CAQYIKoZIzj0DAQcDQgAEVDXju5UAF8KkWEUgFI1713d/OG7PdOITUcqKoY2W2nOFieF8YfMUHv8JOAQhS9ROE3wExHbpXnPMIl/XEqwd6w:0xc022a17938 MFkwEwYHKoZIzj0CAQYIKoZIzj0DAQcDQgAEzn9+9Rvu9cVfoyuwF+jxkBWHOHbYgzhU8XSp/0bTBXvKMUAnW2Uek2RZ8xgVAGAhffCYoW/115BbUstHraEsAQ:0xc0229bdb00]
2023/07/11 12:48:57.587236 Request map[MFkwEwYHKoZIzj0CAQYIKoZIzj0DAQcDQgAE4jGV8HuOMZTIyQ3sUmoPuQ5uzeHd/sX6aR5B6rFQZwhxgzDDcjlCgM6blgkUrgY6aJRDrzEB/KIGSvC08T+cxw:0xc0229bd980 MFkwEwYHKoZIzj0CAQYIKoZIzj0DAQcDQgAEUHYCpwyv5pSduo1Q6ZFOHjL7IuhQMv4Td4qx4UtQwtEn3Jy4QigDr6V67bEa1KrBrOYwvGtje+vaALAfvKwOtA:0xc022a179f8 MFkwEwYHKoZIzj0CAQYIKoZIzj0DAQcDQgAEVDXju5UAF8KkWEUgFI1713d/OG7PdOITUcqKoY2W2nOFieF8YfMUHv8JOAQhS9ROE3wExHbpXnPMIl/XEqwd6w:0xc022a17938 MFkwEwYHKoZIzj0CAQYIKoZIzj0DAQcDQgAEn/pE5kJzvsHjKPFxLhiml6GJ37z9Gse68/Y7lUvq9z3AZpkslKjHnJQgb7jW5h40iCAPt9qiViMcWaK5NCJhkw:0xc022a17ab8 MFkwEwYHKoZIzj0CAQYIKoZIzj0DAQcDQgAEzn9+9Rvu9cVfoyuwF+jxkBWHOHbYgzhU8XSp/0bTBXvKMUAnW2Uek2RZ8xgVAGAhffCYoW/115BbUstHraEsAQ:0xc0229bdb00]
2023/07/11 12:48:57.659285 Request map[MFkwEwYHKoZIzj0CAQYIKoZIzj0DAQcDQgAE4jGV8HuOMZTIyQ3sUmoPuQ5uzeHd/sX6aR5B6rFQZwhxgzDDcjlCgM6blgkUrgY6aJRDrzEB/KIGSvC08T+cxw:0xc0229bd980 MFkwEwYHKoZIzj0CAQYIKoZIzj0DAQcDQgAEUHYCpwyv5pSduo1Q6ZFOHjL7IuhQMv4Td4qx4UtQwtEn3Jy4QigDr6V67bEa1KrBrOYwvGtje+vaALAfvKwOtA:0xc022a179f8 MFkwEwYHKoZIzj0CAQYIKoZIzj0DAQcDQgAEVDXju5UAF8KkWEUgFI1713d/OG7PdOITUcqKoY2W2nOFieF8YfMUHv8JOAQhS9ROE3wExHbpXnPMIl/XEqwd6w:0xc022a17938 MFkwEwYHKoZIzj0CAQYIKoZIzj0DAQcDQgAEg2iL5uVV+FlW0kbmDFhL8EdYyamQ2V3V9h3gkQQM1OE7NkT+QUvTmfPM4835/E+Oiknq/T16ZGY0DpI3an1LWQ:0xc022a17bc0 MFkwEwYHKoZIzj0CAQYIKoZIzj0DAQcDQgAEn/pE5kJzvsHjKPFxLhiml6GJ37z9Gse68/Y7lUvq9z3AZpkslKjHnJQgb7jW5h40iCAPt9qiViMcWaK5NCJhkw:0xc022a17ab8 MFkwEwYHKoZIzj0CAQYIKoZIzj0DAQcDQgAEzn9+9Rvu9cVfoyuwF+jxkBWHOHbYgzhU8XSp/0bTBXvKMUAnW2Uek2RZ8xgVAGAhffCYoW/115BbUstHraEsAQ:0xc0229bdb00]
2023/07/11 12:48:57.762251 Request map[MFkwEwYHKoZIzj0CAQYIKoZIzj0DAQcDQgAE4jGV8HuOMZTIyQ3sUmoPuQ5uzeHd/sX6aR5B6rFQZwhxgzDDcjlCgM6blgkUrgY6aJRDrzEB/KIGSvC08T+cxw:0xc0229bd980 MFkwEwYHKoZIzj0CAQYIKoZIzj0DAQcDQgAEUHYCpwyv5pSduo1Q6ZFOHjL7IuhQMv4Td4qx4UtQwtEn3Jy4QigDr6V67bEa1KrBrOYwvGtje+vaALAfvKwOtA:0xc022a179f8 MFkwEwYHKoZIzj0CAQYIKoZIzj0DAQcDQgAEVDXju5UAF8KkWEUgFI1713d/OG7PdOITUcqKoY2W2nOFieF8YfMUHv8JOAQhS9ROE3wExHbpXnPMIl/XEqwd6w:0xc022a17938 MFkwEwYHKoZIzj0CAQYIKoZIzj0DAQcDQgAEccJdZvsb7hoSaJnJq3JTk93g4EdbVxh4sWDxcSFv7luCORNd4o1VOlHjILg8i9I78AqWnpVJKIc4OO4WRGZewg:0xc022a17d58 MFkwEwYHKoZIzj0CAQYIKoZIzj0DAQcDQgAEg2iL5uVV+FlW0kbmDFhL8EdYyamQ2V3V9h3gkQQM1OE7NkT+QUvTmfPM4835/E+Oiknq/T16ZGY0DpI3an1LWQ:0xc022a17bc0 MFkwEwYHKoZIzj0CAQYIKoZIzj0DAQcDQgAEn/pE5kJzvsHjKPFxLhiml6GJ37z9Gse68/Y7lUvq9z3AZpkslKjHnJQgb7jW5h40iCAPt9qiViMcWaK5NCJhkw:0xc022a17ab8 MFkwEwYHKoZIzj0CAQYIKoZIzj0DAQcDQgAEzn9+9Rvu9cVfoyuwF+jxkBWHOHbYgzhU8XSp/0bTBXvKMUAnW2Uek2RZ8xgVAGAhffCYoW/115BbUstHraEsAQ:0xc0229bdb00]
2023/07/11 12:48:57.846977 Request map[MFkwEwYHKoZIzj0CAQYIKoZIzj0DAQcDQgAE3jZj7qz8q4TQTXbQHQXRiL0VLJIPUpintzuR8Tc4OHi8Zmp6s/kdb79CzR+Ti8tNIiw+eySUzNnrNkNC9gVxPQ:0xc0229bdc08 MFkwEwYHKoZIzj0CAQYIKoZIzj0DAQcDQgAE4jGV8HuOMZTIyQ3sUmoPuQ5uzeHd/sX6aR5B6rFQZwhxgzDDcjlCgM6blgkUrgY6aJRDrzEB/KIGSvC08T+cxw:0xc0229bd980 MFkwEwYHKoZIzj0CAQYIKoZIzj0DAQcDQgAEUHYCpwyv5pSduo1Q6ZFOHjL7IuhQMv4Td4qx4UtQwtEn3Jy4QigDr6V67bEa1KrBrOYwvGtje+vaALAfvKwOtA:0xc022a179f8 MFkwEwYHKoZIzj0CAQYIKoZIzj0DAQcDQgAEVDXju5UAF8KkWEUgFI1713d/OG7PdOITUcqKoY2W2nOFieF8YfMUHv8JOAQhS9ROE3wExHbpXnPMIl/XEqwd6w:0xc022a17938 MFkwEwYHKoZIzj0CAQYIKoZIzj0DAQcDQgAEccJdZvsb7hoSaJnJq3JTk93g4EdbVxh4sWDxcSFv7luCORNd4o1VOlHjILg8i9I78AqWnpVJKIc4OO4WRGZewg:0xc022a17d58 MFkwEwYHKoZIzj0CAQYIKoZIzj0DAQcDQgAEg2iL5uVV+FlW0kbmDFhL8EdYyamQ2V3V9h3gkQQM1OE7NkT+QUvTmfPM4835/E+Oiknq/T16ZGY0DpI3an1LWQ:0xc022a17bc0 MFkwEwYHKoZIzj0CAQYIKoZIzj0DAQcDQgAEn/pE5kJzvsHjKPFxLhiml6GJ37z9Gse68/Y7lUvq9z3AZpkslKjHnJQgb7jW5h40iCAPt9qiViMcWaK5NCJhkw:0xc022a17ab8 MFkwEwYHKoZIzj0CAQYIKoZIzj0DAQcDQgAEzn9+9Rvu9cVfoyuwF+jxkBWHOHbYgzhU8XSp/0bTBXvKMUAnW2Uek2RZ8xgVAGAhffCYoW/115BbUstHraEsAQ:0xc0229bdb00]
2023/07/11 12:48:59.103795 cutAndMaybeSend replica 11: batch length 0
2023/07/11 12:48:59.103999 sendPreprepare replica 11: PREPREPARE 44
2023/07/11 12:48:59.275434 handleCommit COMMITTED 48 with 1 requests
2023/07/11 12:48:59.275460 handleCommit COMMITTED 46 with 1 requests
2023/07/11 12:48:59.275482 handleCommit COMMITTED 45 with 0 requests
2023/07/11 12:48:59.276345 handleCommit COMMITTED 42 with 0 requests
2023/07/11 12:48:59.276377 handleCommit COMMITTED 36 with 0 requests
2023/07/11 12:48:59.283104 handleCommit COMMITTED 39 with 0 requests
2023/07/11 12:48:59.283131 handleCommit COMMITTED 35 with 2 requests
2023/07/11 12:48:59.284916 handleCommit COMMITTED 44 with 0 requests
2023/07/11 12:48:59.286031 handleCommit COMMITTED 38 with 0 requests
2023/07/11 12:48:59.295554 handleCommit COMMITTED 43 with 1 requests
2023/07/11 12:48:59.296768 handleCommit COMMITTED 47 with 1 requests
2023/07/11 12:48:59.301417 handleCommit COMMITTED 37 with 2 requests
2023/07/11 12:48:59.302162 handleCommit COMMITTED 41 with 0 requests
2023/07/11 12:48:59.302189 handleCommit COMMITTED 40 with 0 requests
2023/07/11 12:49:07.044796 handleCommit COMMITTED 18 with 0 requests
2023/07/11 12:49:07.078711 handleCommit COMMITTED 17 with 0 requests
2023/07/11 12:49:07.078798 deliverBatch DELIVERING 17 with 0 txs
2023/07/11 12:49:07.078813 deliverBatch DELIVERING 18 with 0 txs
2023/07/11 12:49:07.078824 deliverBatch DELIVERING 19 with 0 txs
2023/07/11 12:49:07.078832 deliverBatch DELIVERING 20 with 0 txs
2023/07/11 12:49:07.078840 deliverBatch DELIVERING 21 with 0 txs
2023/07/11 12:49:07.078848 deliverBatch DELIVERING 22 with 0 txs
2023/07/11 12:49:07.078856 deliverBatch DELIVERING 23 with 0 txs
2023/07/11 12:49:07.078866 deliverBatch DELIVERING 24 with 0 txs
2023/07/11 12:49:07.078875 deliverBatch DELIVERING 25 with 0 txs
2023/07/11 12:49:07.078895 deliverBatch DELIVERING 26 with 0 txs
2023/07/11 12:49:07.078909 deliverBatch DELIVERING 27 with 0 txs
2023/07/11 12:49:07.078925 deliverBatch DELIVERING 28 with 0 txs
2023/07/11 12:49:07.078933 deliverBatch DELIVERING 29 with 0 txs
2023/07/11 12:49:07.078941 deliverBatch DELIVERING 30 with 0 txs
2023/07/11 12:49:07.078952 deliverBatch DELIVERING 31 with 0 txs
2023/07/11 12:49:07.078961 deliverBatch DELIVERING 32 with 0 txs
2023/07/11 12:49:09.119560 cutAndMaybeSend replica 11: batch length 0
2023/07/11 12:49:09.119797 sendPreprepare replica 11: PREPREPARE 60
2023/07/11 12:49:09.283778 handleCommit COMMITTED 53 with 0 requests
2023/07/11 12:49:09.287423 handleCommit COMMITTED 62 with 0 requests
2023/07/11 12:49:09.287509 handleCommit COMMITTED 58 with 0 requests
2023/07/11 12:49:09.287524 handleCommit COMMITTED 59 with 0 requests
2023/07/11 12:49:09.288039 handleCommit COMMITTED 52 with 0 requests
2023/07/11 12:49:09.288070 handleCommit COMMITTED 63 with 0 requests
2023/07/11 12:49:09.290377 handleCommit COMMITTED 61 with 0 requests
2023/07/11 12:49:09.290415 handleCommit COMMITTED 51 with 0 requests
2023/07/11 12:49:09.290484 handleCommit COMMITTED 57 with 0 requests
2023/07/11 12:49:09.294153 handleCommit COMMITTED 56 with 0 requests
2023/07/11 12:49:09.308247 handleCommit COMMITTED 55 with 0 requests
2023/07/11 12:49:09.309846 handleCommit COMMITTED 64 with 0 requests
2023/07/11 12:49:09.311820 handleCommit COMMITTED 60 with 0 requests
2023/07/11 12:49:09.317105 handleCommit COMMITTED 54 with 0 requests
2023/07/11 12:49:17.055142 handleCommit COMMITTED 34 with 0 requests
2023/07/11 12:49:17.076487 handleCommit COMMITTED 33 with 0 requests
2023/07/11 12:49:17.076552 deliverBatch DELIVERING 33 with 0 txs
2023/07/11 12:49:17.076578 deliverBatch DELIVERING 34 with 0 txs
2023/07/11 12:49:17.076589 deliverBatch DELIVERING 35 with 2 txs
2023/07/11 12:49:17.076624 deliverBatch DELIVERING 36 with 0 txs
2023/07/11 12:49:17.076635 deliverBatch DELIVERING 37 with 2 txs
2023/07/11 12:49:17.076656 deliverBatch DELIVERING 38 with 0 txs
2023/07/11 12:49:17.076669 deliverBatch DELIVERING 39 with 0 txs
2023/07/11 12:49:17.076701 deliverBatch DELIVERING 40 with 0 txs
2023/07/11 12:49:17.076714 deliverBatch DELIVERING 41 with 0 txs
2023/07/11 12:49:17.076721 deliverBatch DELIVERING 42 with 0 txs
2023/07/11 12:49:17.076729 deliverBatch DELIVERING 43 with 1 txs
2023/07/11 12:49:17.076760 deliverBatch DELIVERING 44 with 0 txs
2023/07/11 12:49:17.076768 deliverBatch DELIVERING 45 with 0 txs
2023/07/11 12:49:17.076775 deliverBatch DELIVERING 46 with 1 txs
2023/07/11 12:49:17.076787 deliverBatch DELIVERING 47 with 1 txs
2023/07/11 12:49:17.076798 deliverBatch DELIVERING 48 with 1 txs
2023/07/11 12:49:19.152597 cutAndMaybeSend replica 11: batch length 1087
2023/07/11 12:49:19.159230 sendPreprepare replica 11: PREPREPARE 76
2023/07/11 12:49:20.126540 handleCommit COMMITTED 78 with 1110 requests
2023/07/11 12:49:20.130572 handleCommit COMMITTED 70 with 1212 requests
2023/07/11 12:49:20.131006 handleCommit COMMITTED 76 with 1087 requests
2023/07/11 12:49:20.136076 handleCommit COMMITTED 73 with 1092 requests
2023/07/11 12:49:20.144102 handleCommit COMMITTED 80 with 1139 requests
2023/07/11 12:49:20.154526 handleCommit COMMITTED 74 with 1135 requests
2023/07/11 12:49:20.157284 handleCommit COMMITTED 68 with 1165 requests
2023/07/11 12:49:20.185120 handleCommit COMMITTED 67 with 1088 requests
2023/07/11 12:49:20.189800 handleCommit COMMITTED 72 with 1131 requests
2023/07/11 12:49:20.197569 handleCommit COMMITTED 71 with 1189 requests
2023/07/11 12:49:20.207092 handleCommit COMMITTED 77 with 1115 requests
2023/07/11 12:49:20.207144 handleCommit COMMITTED 69 with 1156 requests
2023/07/11 12:49:20.221642 handleCommit COMMITTED 75 with 1191 requests
2023/07/11 12:49:20.333083 handleCommit COMMITTED 79 with 1198 requests
2023/07/11 12:49:28.430129 handleCommit COMMITTED 49 with 4000 requests
2023/07/11 12:49:28.433874 deliverBatch DELIVERING 49 with 4000 txs
2023/07/11 12:49:28.448707 handleCommit COMMITTED 50 with 4000 requests
2023/07/11 12:49:28.452838 deliverBatch DELIVERING 50 with 4000 txs
2023/07/11 12:49:28.463780 deliverBatch DELIVERING 51 with 0 txs
2023/07/11 12:49:28.463837 deliverBatch DELIVERING 52 with 0 txs
2023/07/11 12:49:28.463850 deliverBatch DELIVERING 53 with 0 txs
2023/07/11 12:49:28.463861 deliverBatch DELIVERING 54 with 0 txs
2023/07/11 12:49:28.463872 deliverBatch DELIVERING 55 with 0 txs
2023/07/11 12:49:28.463883 deliverBatch DELIVERING 56 with 0 txs
2023/07/11 12:49:28.463900 deliverBatch DELIVERING 57 with 0 txs
2023/07/11 12:49:28.463910 deliverBatch DELIVERING 58 with 0 txs
2023/07/11 12:49:28.463921 deliverBatch DELIVERING 59 with 0 txs
2023/07/11 12:49:28.463932 deliverBatch DELIVERING 60 with 0 txs
2023/07/11 12:49:28.463942 deliverBatch DELIVERING 61 with 0 txs
2023/07/11 12:49:28.463954 deliverBatch DELIVERING 62 with 0 txs
2023/07/11 12:49:28.463964 deliverBatch DELIVERING 63 with 0 txs
2023/07/11 12:49:28.463976 deliverBatch DELIVERING 64 with 0 txs
2023/07/11 12:49:28.698926 sendPreprepare replica 11: PREPREPARE 92
2023/07/11 12:49:31.345363 handleCommit COMMITTED 92 with 4000 requests
2023/07/11 12:49:31.345458 handleCommit COMMITTED 85 with 4000 requests
2023/07/11 12:49:31.584946 handleCommit COMMITTED 96 with 4000 requests
2023/07/11 12:49:31.587469 handleCommit COMMITTED 87 with 4000 requests
2023/07/11 12:49:31.590709 handleCommit COMMITTED 89 with 4000 requests
2023/07/11 12:49:31.598352 handleCommit COMMITTED 94 with 4000 requests
2023/07/11 12:49:31.598546 handleCommit COMMITTED 84 with 4000 requests
2023/07/11 12:49:31.611948 handleCommit COMMITTED 86 with 4000 requests
2023/07/11 12:49:31.618388 handleCommit COMMITTED 88 with 4000 requests
2023/07/11 12:49:31.668660 handleCommit COMMITTED 95 with 4000 requests
2023/07/11 12:49:31.691365 handleCommit COMMITTED 93 with 4000 requests
2023/07/11 12:49:31.696553 handleCommit COMMITTED 83 with 4000 requests
2023/07/11 12:49:32.122384 handleCommit COMMITTED 90 with 4000 requests
2023/07/11 12:49:32.142120 handleCommit COMMITTED 91 with 4000 requests
2023/07/11 12:49:37.777245 handleCommit COMMITTED 66 with 4000 requests
2023/07/11 12:49:38.393920 handleCommit COMMITTED 65 with 4000 requests
2023/07/11 12:49:38.397613 deliverBatch DELIVERING 65 with 4000 txs
2023/07/11 12:49:38.408142 deliverBatch DELIVERING 66 with 4000 txs
2023/07/11 12:49:38.418074 deliverBatch DELIVERING 67 with 1088 txs
2023/07/11 12:49:38.421238 deliverBatch DELIVERING 68 with 1165 txs
2023/07/11 12:49:38.424377 deliverBatch DELIVERING 69 with 1156 txs
2023/07/11 12:49:38.427609 deliverBatch DELIVERING 70 with 1212 txs
2023/07/11 12:49:38.431909 deliverBatch DELIVERING 71 with 1189 txs
2023/07/11 12:49:38.436215 deliverBatch DELIVERING 72 with 1131 txs
2023/07/11 12:49:38.439853 deliverBatch DELIVERING 73 with 1092 txs
2023/07/11 12:49:38.444306 deliverBatch DELIVERING 74 with 1135 txs
2023/07/11 12:49:38.447769 deliverBatch DELIVERING 75 with 1191 txs
2023/07/11 12:49:38.451458 deliverBatch DELIVERING 76 with 1087 txs
2023/07/11 12:49:38.454770 deliverBatch DELIVERING 77 with 1115 txs
2023/07/11 12:49:38.458839 deliverBatch DELIVERING 78 with 1110 txs
2023/07/11 12:49:38.463146 deliverBatch DELIVERING 79 with 1198 txs
2023/07/11 12:49:38.467704 deliverBatch DELIVERING 80 with 1139 txs
2023/07/11 12:49:38.714459 sendPreprepare replica 11: PREPREPARE 108
2023/07/11 12:49:40.357180 handleCommit COMMITTED 108 with 4000 requests
2023/07/11 12:49:40.361332 handleCommit COMMITTED 101 with 4000 requests
2023/07/11 12:49:40.383799 handleCommit COMMITTED 105 with 4000 requests
2023/07/11 12:49:40.524462 handleCommit COMMITTED 99 with 4000 requests
2023/07/11 12:49:40.524453 handleCommit COMMITTED 106 with 4000 requests
2023/07/11 12:49:40.714762 handleCommit COMMITTED 103 with 4000 requests
2023/07/11 12:49:40.718938 handleCommit COMMITTED 110 with 4000 requests
2023/07/11 12:49:40.719144 handleCommit COMMITTED 111 with 4000 requests
2023/07/11 12:49:40.730298 handleCommit COMMITTED 109 with 4000 requests
2023/07/11 12:49:40.912525 handleCommit COMMITTED 100 with 4000 requests
2023/07/11 12:49:40.913855 handleCommit COMMITTED 104 with 4000 requests
2023/07/11 12:49:40.918450 handleCommit COMMITTED 102 with 4000 requests
2023/07/11 12:49:40.919173 handleCommit COMMITTED 107 with 4000 requests
2023/07/11 12:49:40.919445 handleCommit COMMITTED 112 with 4000 requests
2023/07/11 12:49:47.861303 handleCommit COMMITTED 82 with 4000 requests
2023/07/11 12:49:47.867662 handleCommit COMMITTED 81 with 4000 requests
2023/07/11 12:49:47.872036 deliverBatch DELIVERING 81 with 4000 txs
2023/07/11 12:49:47.884150 deliverBatch DELIVERING 82 with 4000 txs
2023/07/11 12:49:47.895326 deliverBatch DELIVERING 83 with 4000 txs
2023/07/11 12:49:47.906115 deliverBatch DELIVERING 84 with 4000 txs
2023/07/11 12:49:47.917213 deliverBatch DELIVERING 85 with 4000 txs
2023/07/11 12:49:47.929237 deliverBatch DELIVERING 86 with 4000 txs
2023/07/11 12:49:47.941097 deliverBatch DELIVERING 87 with 4000 txs
2023/07/11 12:49:47.952652 deliverBatch DELIVERING 88 with 4000 txs
2023/07/11 12:49:47.964108 deliverBatch DELIVERING 89 with 4000 txs
2023/07/11 12:49:47.975622 deliverBatch DELIVERING 90 with 4000 txs
2023/07/11 12:49:47.986009 deliverBatch DELIVERING 91 with 4000 txs
2023/07/11 12:49:47.996327 deliverBatch DELIVERING 92 with 4000 txs
2023/07/11 12:49:48.264214 deliverBatch DELIVERING 93 with 4000 txs
2023/07/11 12:49:48.518418 deliverBatch DELIVERING 94 with 4000 txs
2023/07/11 12:49:48.529450 deliverBatch DELIVERING 95 with 4000 txs
2023/07/11 12:49:48.539829 deliverBatch DELIVERING 96 with 4000 txs
2023/07/11 12:49:48.810849 sendPreprepare replica 11: PREPREPARE 124
2023/07/11 12:49:50.558624 handleCommit COMMITTED 125 with 4000 requests
2023/07/11 12:49:50.609357 handleCommit COMMITTED 118 with 4000 requests
2023/07/11 12:49:50.656664 handleCommit COMMITTED 115 with 4000 requests
2023/07/11 12:49:50.678970 handleCommit COMMITTED 120 with 4000 requests
2023/07/11 12:49:50.945016 handleCommit COMMITTED 122 with 4000 requests
2023/07/11 12:49:51.127452 handleCommit COMMITTED 126 with 4000 requests
2023/07/11 12:49:51.139653 handleCommit COMMITTED 119 with 4000 requests
2023/07/11 12:49:51.195424 handleCommit COMMITTED 128 with 4000 requests
2023/07/11 12:49:51.212727 handleCommit COMMITTED 117 with 4000 requests
2023/07/11 12:49:51.265133 handleCommit COMMITTED 123 with 4000 requests
2023/07/11 12:49:51.265181 handleCommit COMMITTED 124 with 4000 requests
2023/07/11 12:49:51.321096 handleCommit COMMITTED 121 with 4000 requests
2023/07/11 12:49:51.399393 handleCommit COMMITTED 116 with 4000 requests
2023/07/11 12:49:51.919586 handleCommit COMMITTED 127 with 4000 requests
2023/07/11 12:49:57.778241 handleCommit COMMITTED 97 with 4000 requests
2023/07/11 12:49:57.782137 deliverBatch DELIVERING 97 with 4000 txs
2023/07/11 12:49:58.131174 handleCommit COMMITTED 98 with 4000 requests
2023/07/11 12:49:58.136463 deliverBatch DELIVERING 98 with 4000 txs
2023/07/11 12:49:58.147523 deliverBatch DELIVERING 99 with 4000 txs
2023/07/11 12:49:58.157782 deliverBatch DELIVERING 100 with 4000 txs
2023/07/11 12:49:58.168200 deliverBatch DELIVERING 101 with 4000 txs
2023/07/11 12:49:58.180402 deliverBatch DELIVERING 102 with 4000 txs
2023/07/11 12:49:58.192062 deliverBatch DELIVERING 103 with 4000 txs
2023/07/11 12:49:58.203964 deliverBatch DELIVERING 104 with 4000 txs
2023/07/11 12:49:58.215478 deliverBatch DELIVERING 105 with 4000 txs
2023/07/11 12:49:58.227916 deliverBatch DELIVERING 106 with 4000 txs
2023/07/11 12:49:58.239964 deliverBatch DELIVERING 107 with 4000 txs
2023/07/11 12:49:58.250271 deliverBatch DELIVERING 108 with 4000 txs
2023/07/11 12:49:58.491716 deliverBatch DELIVERING 109 with 4000 txs
2023/07/11 12:49:58.502095 deliverBatch DELIVERING 110 with 4000 txs
2023/07/11 12:49:58.902068 deliverBatch DELIVERING 111 with 4000 txs
2023/07/11 12:49:58.914242 deliverBatch DELIVERING 112 with 4000 txs
2023/07/11 12:49:59.178023 sendPreprepare replica 11: PREPREPARE 140
2023/07/11 12:50:00.382465 handleCommit COMMITTED 138 with 4000 requests
2023/07/11 12:50:00.426154 handleCommit COMMITTED 143 with 4000 requests
2023/07/11 12:50:00.750131 handleCommit COMMITTED 141 with 4000 requests
2023/07/11 12:50:00.750489 handleCommit COMMITTED 140 with 4000 requests
2023/07/11 12:50:00.758455 handleCommit COMMITTED 133 with 4000 requests
2023/07/11 12:50:00.938798 handleCommit COMMITTED 144 with 4000 requests
2023/07/11 12:50:00.947868 handleCommit COMMITTED 135 with 4000 requests
2023/07/11 12:50:00.984057 handleCommit COMMITTED 134 with 4000 requests
2023/07/11 12:50:01.236849 handleCommit COMMITTED 142 with 4000 requests
2023/07/11 12:50:01.327816 handleCommit COMMITTED 137 with 4000 requests
2023/07/11 12:50:01.437641 handleCommit COMMITTED 139 with 4000 requests
2023/07/11 12:50:01.562129 handleCommit COMMITTED 131 with 4000 requests
2023/07/11 12:50:01.697112 handleCommit COMMITTED 136 with 4000 requests
2023/07/11 12:50:01.813248 handleCommit COMMITTED 132 with 4000 requests
2023/07/11 12:50:07.893078 handleCommit COMMITTED 113 with 4000 requests
2023/07/11 12:50:07.896765 deliverBatch DELIVERING 113 with 4000 txs
2023/07/11 12:50:08.451361 handleCommit COMMITTED 114 with 4000 requests
2023/07/11 12:50:08.455528 deliverBatch DELIVERING 114 with 4000 txs
2023/07/11 12:50:08.467123 deliverBatch DELIVERING 115 with 4000 txs
2023/07/11 12:50:08.480408 deliverBatch DELIVERING 116 with 4000 txs
2023/07/11 12:50:08.491934 deliverBatch DELIVERING 117 with 4000 txs
2023/07/11 12:50:08.503285 deliverBatch DELIVERING 118 with 4000 txs
2023/07/11 12:50:08.515160 deliverBatch DELIVERING 119 with 4000 txs
2023/07/11 12:50:08.526688 deliverBatch DELIVERING 120 with 4000 txs
2023/07/11 12:50:08.538930 deliverBatch DELIVERING 121 with 4000 txs
2023/07/11 12:50:08.551288 deliverBatch DELIVERING 122 with 4000 txs
2023/07/11 12:50:08.564845 deliverBatch DELIVERING 123 with 4000 txs
2023/07/11 12:50:08.576297 deliverBatch DELIVERING 124 with 4000 txs
2023/07/11 12:50:08.587915 deliverBatch DELIVERING 125 with 4000 txs
2023/07/11 12:50:08.599173 deliverBatch DELIVERING 126 with 4000 txs
2023/07/11 12:50:08.609192 deliverBatch DELIVERING 127 with 4000 txs
2023/07/11 12:50:08.989513 deliverBatch DELIVERING 128 with 4000 txs
2023/07/11 12:50:09.299944 sendPreprepare replica 11: PREPREPARE 156
2023/07/11 12:50:10.385918 handleCommit COMMITTED 153 with 4000 requests
2023/07/11 12:50:10.451575 handleCommit COMMITTED 150 with 4000 requests
2023/07/11 12:50:10.520891 handleCommit COMMITTED 152 with 4000 requests
2023/07/11 12:50:10.593020 handleCommit COMMITTED 156 with 4000 requests
2023/07/11 12:50:10.653865 handleCommit COMMITTED 159 with 4000 requests
2023/07/11 12:50:10.685859 handleCommit COMMITTED 158 with 4000 requests
2023/07/11 12:50:10.835115 handleCommit COMMITTED 151 with 4000 requests
2023/07/11 12:50:10.835156 handleCommit COMMITTED 155 with 4000 requests
2023/07/11 12:50:11.092531 handleCommit COMMITTED 160 with 4000 requests
2023/07/11 12:50:11.454134 handleCommit COMMITTED 147 with 4000 requests
2023/07/11 12:50:11.570599 handleCommit COMMITTED 154 with 4000 requests
2023/07/11 12:50:11.721230 handleCommit COMMITTED 149 with 4000 requests
2023/07/11 12:50:11.721979 handleCommit COMMITTED 148 with 4000 requests
2023/07/11 12:50:12.521262 handleCommit COMMITTED 157 with 4000 requests
2023/07/11 12:50:17.766021 handleCommit COMMITTED 129 with 4000 requests
2023/07/11 12:50:17.770204 deliverBatch DELIVERING 129 with 4000 txs
2023/07/11 12:50:18.064115 handleCommit COMMITTED 130 with 4000 requests
2023/07/11 12:50:18.069468 deliverBatch DELIVERING 130 with 4000 txs
2023/07/11 12:50:18.080123 deliverBatch DELIVERING 131 with 4000 txs
2023/07/11 12:50:18.090990 deliverBatch DELIVERING 132 with 4000 txs
2023/07/11 12:50:18.102181 deliverBatch DELIVERING 133 with 4000 txs
2023/07/11 12:50:18.115237 deliverBatch DELIVERING 134 with 4000 txs
2023/07/11 12:50:18.127357 deliverBatch DELIVERING 135 with 4000 txs
2023/07/11 12:50:18.138993 deliverBatch DELIVERING 136 with 4000 txs
2023/07/11 12:50:18.150737 deliverBatch DELIVERING 137 with 4000 txs
2023/07/11 12:50:18.162604 deliverBatch DELIVERING 138 with 4000 txs
2023/07/11 12:50:18.173959 deliverBatch DELIVERING 139 with 4000 txs
2023/07/11 12:50:18.184749 deliverBatch DELIVERING 140 with 4000 txs
2023/07/11 12:50:18.196238 deliverBatch DELIVERING 141 with 4000 txs
2023/07/11 12:50:18.207615 deliverBatch DELIVERING 142 with 4000 txs
2023/07/11 12:50:18.219011 deliverBatch DELIVERING 143 with 4000 txs
2023/07/11 12:50:18.509400 deliverBatch DELIVERING 144 with 4000 txs
2023/07/11 12:50:18.742869 sendPreprepare replica 11: PREPREPARE 172
2023/07/11 12:50:19.811014 handleCommit COMMITTED 163 with 4000 requests
2023/07/11 12:50:19.811383 handleCommit COMMITTED 166 with 4000 requests
2023/07/11 12:50:19.901464 handleCommit COMMITTED 167 with 4000 requests
2023/07/11 12:50:20.044356 handleCommit COMMITTED 172 with 4000 requests
2023/07/11 12:50:20.092036 handleCommit COMMITTED 164 with 4000 requests
2023/07/11 12:50:20.171259 handleCommit COMMITTED 170 with 4000 requests
2023/07/11 12:50:20.275278 handleCommit COMMITTED 171 with 4000 requests
2023/07/11 12:50:20.306149 handleCommit COMMITTED 165 with 4000 requests
2023/07/11 12:50:20.319951 handleCommit COMMITTED 176 with 4000 requests
2023/07/11 12:50:20.352096 handleCommit COMMITTED 175 with 4000 requests
2023/07/11 12:50:20.377399 handleCommit COMMITTED 169 with 4000 requests
2023/07/11 12:50:21.471614 handleCommit COMMITTED 168 with 4000 requests
2023/07/11 12:50:21.510527 handleCommit COMMITTED 174 with 4000 requests
2023/07/11 12:50:21.871870 handleCommit COMMITTED 173 with 4000 requests
2023/07/11 12:50:27.800280 handleCommit COMMITTED 145 with 4000 requests
2023/07/11 12:50:27.807702 deliverBatch DELIVERING 145 with 4000 txs
2023/07/11 12:50:27.993274 handleCommit COMMITTED 146 with 4000 requests
2023/07/11 12:50:28.000783 deliverBatch DELIVERING 146 with 4000 txs
2023/07/11 12:50:28.011890 deliverBatch DELIVERING 147 with 4000 txs
2023/07/11 12:50:28.021494 deliverBatch DELIVERING 148 with 4000 txs
2023/07/11 12:50:28.031501 deliverBatch DELIVERING 149 with 4000 txs
2023/07/11 12:50:28.042712 deliverBatch DELIVERING 150 with 4000 txs
2023/07/11 12:50:28.052777 deliverBatch DELIVERING 151 with 4000 txs
2023/07/11 12:50:28.064016 deliverBatch DELIVERING 152 with 4000 txs
2023/07/11 12:50:28.073958 deliverBatch DELIVERING 153 with 4000 txs
2023/07/11 12:50:28.084668 deliverBatch DELIVERING 154 with 4000 txs
2023/07/11 12:50:28.095037 deliverBatch DELIVERING 155 with 4000 txs
2023/07/11 12:50:28.105753 deliverBatch DELIVERING 156 with 4000 txs
2023/07/11 12:50:28.117468 deliverBatch DELIVERING 157 with 4000 txs
2023/07/11 12:50:28.127628 deliverBatch DELIVERING 158 with 4000 txs
2023/07/11 12:50:28.137287 deliverBatch DELIVERING 159 with 4000 txs
2023/07/11 12:50:28.146753 deliverBatch DELIVERING 160 with 4000 txs
2023/07/11 12:50:28.414201 sendPreprepare replica 11: PREPREPARE 188
2023/07/11 12:50:29.485622 handleCommit COMMITTED 182 with 4000 requests
2023/07/11 12:50:29.491631 handleCommit COMMITTED 181 with 4000 requests
2023/07/11 12:50:29.503283 handleCommit COMMITTED 188 with 4000 requests
2023/07/11 12:50:29.519395 handleCommit COMMITTED 183 with 4000 requests
2023/07/11 12:50:29.519466 handleCommit COMMITTED 186 with 4000 requests
2023/07/11 12:50:29.539444 handleCommit COMMITTED 189 with 4000 requests
2023/07/11 12:50:29.569512 handleCommit COMMITTED 191 with 4000 requests
2023/07/11 12:50:29.581933 handleCommit COMMITTED 187 with 4000 requests
2023/07/11 12:50:29.590377 handleCommit COMMITTED 179 with 4000 requests
2023/07/11 12:50:29.648398 handleCommit COMMITTED 180 with 4000 requests
2023/07/11 12:50:29.777945 handleCommit COMMITTED 190 with 4000 requests
2023/07/11 12:50:30.015444 handleCommit COMMITTED 184 with 4000 requests
2023/07/11 12:50:30.166846 handleCommit COMMITTED 192 with 4000 requests
2023/07/11 12:50:30.278445 handleCommit COMMITTED 185 with 4000 requests
2023/07/11 12:50:37.772652 handleCommit COMMITTED 161 with 4000 requests
2023/07/11 12:50:37.778240 deliverBatch DELIVERING 161 with 4000 txs
2023/07/11 12:50:38.079182 handleCommit COMMITTED 162 with 4000 requests
2023/07/11 12:50:38.084526 deliverBatch DELIVERING 162 with 4000 txs
2023/07/11 12:50:38.093749 deliverBatch DELIVERING 163 with 4000 txs
2023/07/11 12:50:38.101627 deliverBatch DELIVERING 164 with 4000 txs
2023/07/11 12:50:38.109499 deliverBatch DELIVERING 165 with 4000 txs
2023/07/11 12:50:38.117284 deliverBatch DELIVERING 166 with 4000 txs
2023/07/11 12:50:38.125249 deliverBatch DELIVERING 167 with 4000 txs
2023/07/11 12:50:38.133354 deliverBatch DELIVERING 168 with 4000 txs
2023/07/11 12:50:38.141734 deliverBatch DELIVERING 169 with 4000 txs
2023/07/11 12:50:38.150040 deliverBatch DELIVERING 170 with 4000 txs
2023/07/11 12:50:38.157795 deliverBatch DELIVERING 171 with 4000 txs
2023/07/11 12:50:38.165645 deliverBatch DELIVERING 172 with 4000 txs
2023/07/11 12:50:38.174112 deliverBatch DELIVERING 173 with 4000 txs
2023/07/11 12:50:38.182083 deliverBatch DELIVERING 174 with 4000 txs
2023/07/11 12:50:38.190032 deliverBatch DELIVERING 175 with 4000 txs
2023/07/11 12:50:38.198109 deliverBatch DELIVERING 176 with 4000 txs
2023/07/11 12:50:38.489244 sendPreprepare replica 11: PREPREPARE 204
2023/07/11 12:50:39.564916 handleCommit COMMITTED 203 with 4000 requests
2023/07/11 12:50:39.570667 handleCommit COMMITTED 199 with 4000 requests
2023/07/11 12:50:39.617415 handleCommit COMMITTED 195 with 4000 requests
2023/07/11 12:50:39.617628 handleCommit COMMITTED 205 with 4000 requests
2023/07/11 12:50:39.617784 handleCommit COMMITTED 196 with 4000 requests
2023/07/11 12:50:39.623239 handleCommit COMMITTED 201 with 4000 requests
2023/07/11 12:50:39.623302 handleCommit COMMITTED 204 with 4000 requests
2023/07/11 12:50:39.623343 handleCommit COMMITTED 197 with 4000 requests
2023/07/11 12:50:39.623801 handleCommit COMMITTED 208 with 4000 requests
2023/07/11 12:50:39.623227 handleCommit COMMITTED 202 with 4000 requests
2023/07/11 12:50:39.623279 handleCommit COMMITTED 207 with 4000 requests
2023/07/11 12:50:39.745440 handleCommit COMMITTED 200 with 4000 requests
2023/07/11 12:50:39.758620 handleCommit COMMITTED 198 with 4000 requests
2023/07/11 12:50:39.759633 handleCommit COMMITTED 206 with 4000 requests
2023/07/11 12:50:47.788587 handleCommit COMMITTED 178 with 4000 requests
2023/07/11 12:50:47.789628 handleCommit COMMITTED 177 with 4000 requests
2023/07/11 12:50:47.794810 deliverBatch DELIVERING 177 with 4000 txs
2023/07/11 12:50:47.802716 deliverBatch DELIVERING 178 with 4000 txs
2023/07/11 12:50:47.810534 deliverBatch DELIVERING 179 with 4000 txs
2023/07/11 12:50:47.818328 deliverBatch DELIVERING 180 with 4000 txs
2023/07/11 12:50:47.826375 deliverBatch DELIVERING 181 with 4000 txs
2023/07/11 12:50:47.834324 deliverBatch DELIVERING 182 with 4000 txs
2023/07/11 12:50:47.842590 deliverBatch DELIVERING 183 with 4000 txs
2023/07/11 12:50:47.850723 deliverBatch DELIVERING 184 with 4000 txs
2023/07/11 12:50:47.858601 deliverBatch DELIVERING 185 with 4000 txs
2023/07/11 12:50:47.866519 deliverBatch DELIVERING 186 with 4000 txs
2023/07/11 12:50:47.874331 deliverBatch DELIVERING 187 with 4000 txs
2023/07/11 12:50:47.881884 deliverBatch DELIVERING 188 with 4000 txs
2023/07/11 12:50:47.890143 deliverBatch DELIVERING 189 with 4000 txs
2023/07/11 12:50:47.897881 deliverBatch DELIVERING 190 with 4000 txs
2023/07/11 12:50:47.905443 deliverBatch DELIVERING 191 with 4000 txs
2023/07/11 12:50:47.913080 deliverBatch DELIVERING 192 with 4000 txs
2023/07/11 12:50:48.247995 sendPreprepare replica 11: PREPREPARE 220
2023/07/11 12:50:49.648934 handleCommit COMMITTED 211 with 4000 requests
2023/07/11 12:50:49.654716 handleCommit COMMITTED 224 with 4000 requests
2023/07/11 12:50:49.666054 handleCommit COMMITTED 212 with 4000 requests
2023/07/11 12:50:49.666235 handleCommit COMMITTED 215 with 4000 requests
2023/07/11 12:50:49.671738 handleCommit COMMITTED 217 with 4000 requests
2023/07/11 12:50:49.677801 handleCommit COMMITTED 214 with 4000 requests
2023/07/11 12:50:49.678116 handleCommit COMMITTED 221 with 4000 requests
2023/07/11 12:50:49.683365 handleCommit COMMITTED 222 with 4000 requests
2023/07/11 12:50:49.683748 handleCommit COMMITTED 219 with 4000 requests
2023/07/11 12:50:49.689559 handleCommit COMMITTED 223 with 4000 requests
2023/07/11 12:50:49.689703 handleCommit COMMITTED 220 with 4000 requests
2023/07/11 12:50:49.689590 handleCommit COMMITTED 213 with 4000 requests
2023/07/11 12:50:49.707103 handleCommit COMMITTED 216 with 4000 requests
2023/07/11 12:50:49.710050 handleCommit COMMITTED 218 with 4000 requests
2023/07/11 12:50:57.955339 handleCommit COMMITTED 194 with 3944 requests
2023/07/11 12:50:57.979304 handleCommit COMMITTED 193 with 3946 requests
2023/07/11 12:50:57.983387 deliverBatch DELIVERING 193 with 3946 txs
2023/07/11 12:50:57.991142 deliverBatch DELIVERING 194 with 3944 txs
2023/07/11 12:50:57.998881 deliverBatch DELIVERING 195 with 4000 txs
2023/07/11 12:50:58.006913 deliverBatch DELIVERING 196 with 4000 txs
2023/07/11 12:50:58.014935 deliverBatch DELIVERING 197 with 4000 txs
2023/07/11 12:50:58.022885 deliverBatch DELIVERING 198 with 4000 txs
2023/07/11 12:50:58.030879 deliverBatch DELIVERING 199 with 4000 txs
2023/07/11 12:50:58.038571 deliverBatch DELIVERING 200 with 4000 txs
2023/07/11 12:50:58.046356 deliverBatch DELIVERING 201 with 4000 txs
2023/07/11 12:50:58.054182 deliverBatch DELIVERING 202 with 4000 txs
2023/07/11 12:50:58.061829 deliverBatch DELIVERING 203 with 4000 txs
2023/07/11 12:50:58.069437 deliverBatch DELIVERING 204 with 4000 txs
2023/07/11 12:50:58.077726 deliverBatch DELIVERING 205 with 4000 txs
2023/07/11 12:50:58.085438 deliverBatch DELIVERING 206 with 4000 txs
2023/07/11 12:50:58.093033 deliverBatch DELIVERING 207 with 4000 txs
2023/07/11 12:50:58.100861 deliverBatch DELIVERING 208 with 4000 txs
2023/07/11 12:51:00.305999 cutAndMaybeSend replica 11: batch length 2930
2023/07/11 12:51:00.319649 sendPreprepare replica 11: PREPREPARE 236
2023/07/11 12:51:01.113483 handleCommit COMMITTED 237 with 2524 requests
2023/07/11 12:51:01.141033 handleCommit COMMITTED 229 with 2583 requests
2023/07/11 12:51:01.225117 handleCommit COMMITTED 230 with 2770 requests
2023/07/11 12:51:01.234391 handleCommit COMMITTED 233 with 2942 requests
2023/07/11 12:51:01.234417 handleCommit COMMITTED 240 with 2796 requests
2023/07/11 12:51:01.238135 handleCommit COMMITTED 236 with 2930 requests
2023/07/11 12:51:01.285327 handleCommit COMMITTED 239 with 2915 requests
2023/07/11 12:51:01.295127 handleCommit COMMITTED 238 with 2946 requests
2023/07/11 12:51:01.373174 handleCommit COMMITTED 235 with 3084 requests
2023/07/11 12:51:01.451961 handleCommit COMMITTED 231 with 2836 requests
2023/07/11 12:51:01.455149 handleCommit COMMITTED 234 with 2933 requests
2023/07/11 12:51:01.589156 handleCommit COMMITTED 227 with 2850 requests
2023/07/11 12:51:01.607534 handleCommit COMMITTED 232 with 3076 requests
2023/07/11 12:51:01.715949 handleCommit COMMITTED 228 with 2909 requests
2023/07/11 12:51:07.298778 handleCommit COMMITTED 210 with 0 requests
2023/07/11 12:51:07.323921 handleCommit COMMITTED 209 with 0 requests
2023/07/11 12:51:07.323994 deliverBatch DELIVERING 209 with 0 txs
2023/07/11 12:51:07.324058 deliverBatch DELIVERING 210 with 0 txs
2023/07/11 12:51:07.324072 deliverBatch DELIVERING 211 with 4000 txs
2023/07/11 12:51:07.334920 deliverBatch DELIVERING 212 with 4000 txs
2023/07/11 12:51:07.345618 deliverBatch DELIVERING 213 with 4000 txs
2023/07/11 12:51:07.356210 deliverBatch DELIVERING 214 with 4000 txs
2023/07/11 12:51:07.365150 deliverBatch DELIVERING 215 with 4000 txs
2023/07/11 12:51:07.372905 deliverBatch DELIVERING 216 with 4000 txs
2023/07/11 12:51:07.380654 deliverBatch DELIVERING 217 with 4000 txs
2023/07/11 12:51:07.388441 deliverBatch DELIVERING 218 with 4000 txs
2023/07/11 12:51:07.396399 deliverBatch DELIVERING 219 with 4000 txs
2023/07/11 12:51:07.404046 deliverBatch DELIVERING 220 with 4000 txs
2023/07/11 12:51:07.412539 deliverBatch DELIVERING 221 with 4000 txs
2023/07/11 12:51:07.420144 deliverBatch DELIVERING 222 with 4000 txs
2023/07/11 12:51:07.427732 deliverBatch DELIVERING 223 with 4000 txs
2023/07/11 12:51:07.435497 deliverBatch DELIVERING 224 with 4000 txs
2023/07/11 12:51:09.583598 cutAndMaybeSend replica 11: batch length 0
2023/07/11 12:51:09.583845 sendPreprepare replica 11: PREPREPARE 252
2023/07/11 12:51:09.753243 handleCommit COMMITTED 245 with 0 requests
2023/07/11 12:51:09.755144 handleCommit COMMITTED 246 with 0 requests
2023/07/11 12:51:09.759546 handleCommit COMMITTED 252 with 0 requests
2023/07/11 12:51:09.759583 handleCommit COMMITTED 243 with 0 requests
2023/07/11 12:51:09.759598 handleCommit COMMITTED 248 with 0 requests
2023/07/11 12:51:09.759624 handleCommit COMMITTED 250 with 0 requests
2023/07/11 12:51:09.759630 handleCommit COMMITTED 255 with 0 requests
2023/07/11 12:51:09.760760 handleCommit COMMITTED 251 with 0 requests
2023/07/11 12:51:09.760783 handleCommit COMMITTED 244 with 0 requests
2023/07/11 12:51:09.760799 handleCommit COMMITTED 247 with 0 requests
2023/07/11 12:51:09.769641 handleCommit COMMITTED 249 with 0 requests
2023/07/11 12:51:09.779686 handleCommit COMMITTED 254 with 0 requests
2023/07/11 12:51:09.783167 handleCommit COMMITTED 253 with 0 requests
