2023/07/11 12:48:43 Initializing main trace
2023/07/11 12:48:43 Id: 3
2023/07/11 12:48:43 N: 16
2023/07/11 12:48:43 F: 2
2023/07/11 12:48:43 D: 3
2023/07/11 12:48:43 Logging: critical
2023/07/11 12:48:43 ChainId: chain
2023/07/11 12:48:43 Ledger: 
2023/07/11 12:48:43 MaxLeaders: 16
2023/07/11 12:48:43 BatchDurationNsec: 2000000000
2023/07/11 12:48:43 BatchSizeBytes: 2000000
2023/07/11 12:48:43 EpochTimeoutNsec: 60000000000
2023/07/11 12:48:43 BatchSignature: false
2023/07/11 12:48:43 WatermarkDist: 32
2023/07/11 12:48:43 CheckpointDist: 16
2023/07/11 12:48:43 BucketRotationPeriod: 256
2023/07/11 12:48:43 ClientWatermarkDist: 10000000
2023/07/11 12:48:43 Buckets: 2
2023/07/11 12:48:43 PayloadSharding: false
2023/07/11 12:48:43 SigSharding: true
2023/07/11 12:48:43 ByzantineDuplication: false
2023/07/11 12:48:43 Censoring: 0
2023/07/11 12:48:43 ByzantineDelay: 0
2023/07/11 12:48:43 ByzantineAfter: 0
2023/07/11 12:48:43 ByzantineUntil: 0
2023/07/11 12:48:43 UseTLS: true
2023/07/11 12:48:43 ServerConfigurationBuffer: 2
2023/07/11 12:48:43 SignatureVerification: true
2023/07/11 12:48:43 RequestSize: 500
2023/07/11 12:48:43 RequestsPerClient: 0
2023/07/11 12:48:43 Parallelism: 0
2023/07/11 12:48:43 RequestRate: 0
2023/07/11 12:48:43 ClientRunTime: 0
2023/07/11 12:48:43 Clients: 0
2023/07/11 12:48:43 Blocking: false
2023/07/11 12:48:43 Receivers: 0
2023/07/11 12:48:43 Destination: 0
2023/07/11 12:48:43 Self:
2023/07/11 12:48:43     Listen: 0.0.0.0:8001
2023/07/11 12:48:43     CACertFile: /opt/gopath/src/github.com/IBM/mirbft/deployment/config/certs/ecdsa/ca.pem
2023/07/11 12:48:43     KeyFile: /opt/gopath/src/github.com/IBM/mirbft/deployment/config/certs/ecdsa/server-4.key
2023/07/11 12:48:43     CertFile: /opt/gopath/src/github.com/IBM/mirbft/deployment/config/certs/ecdsa/server-4.pem
2023/07/11 12:48:43 Servers:
2023/07/11 12:48:43     CACertFile: 
2023/07/11 12:48:43     CertFile: /opt/gopath/src/github.com/IBM/mirbft/deployment/config/certs/ecdsa/server-1.pem
2023/07/11 12:48:43     CertFile: /opt/gopath/src/github.com/IBM/mirbft/deployment/config/certs/ecdsa/server-2.pem
2023/07/11 12:48:43     CertFile: /opt/gopath/src/github.com/IBM/mirbft/deployment/config/certs/ecdsa/server-3.pem
2023/07/11 12:48:43     CertFile: /opt/gopath/src/github.com/IBM/mirbft/deployment/config/certs/ecdsa/server-4.pem
2023/07/11 12:48:43     CertFile: /opt/gopath/src/github.com/IBM/mirbft/deployment/config/certs/ecdsa/server-5.pem
2023/07/11 12:48:43     CertFile: /opt/gopath/src/github.com/IBM/mirbft/deployment/config/certs/ecdsa/server-6.pem
2023/07/11 12:48:43     CertFile: /opt/gopath/src/github.com/IBM/mirbft/deployment/config/certs/ecdsa/server-7.pem
2023/07/11 12:48:43     CertFile: /opt/gopath/src/github.com/IBM/mirbft/deployment/config/certs/ecdsa/server-8.pem
2023/07/11 12:48:43     CertFile: /opt/gopath/src/github.com/IBM/mirbft/deployment/config/certs/ecdsa/server-9.pem
2023/07/11 12:48:43     CertFile: /opt/gopath/src/github.com/IBM/mirbft/deployment/config/certs/ecdsa/server-10.pem
2023/07/11 12:48:43     CertFile: /opt/gopath/src/github.com/IBM/mirbft/deployment/config/certs/ecdsa/server-11.pem
2023/07/11 12:48:43     CertFile: /opt/gopath/src/github.com/IBM/mirbft/deployment/config/certs/ecdsa/server-12.pem
2023/07/11 12:48:43     CertFile: /opt/gopath/src/github.com/IBM/mirbft/deployment/config/certs/ecdsa/server-13.pem
2023/07/11 12:48:43     CertFile: /opt/gopath/src/github.com/IBM/mirbft/deployment/config/certs/ecdsa/server-14.pem
2023/07/11 12:48:43     CertFile: /opt/gopath/src/github.com/IBM/mirbft/deployment/config/certs/ecdsa/server-15.pem
2023/07/11 12:48:43     CertFile: /opt/gopath/src/github.com/IBM/mirbft/deployment/config/certs/ecdsa/server-16.pem
2023/07/11 12:48:43     CertFile: 172.31.15.59:8001
2023/07/11 12:48:43     CertFile: 172.31.2.60:8001
2023/07/11 12:48:43     CertFile: 172.31.4.61:8001
2023/07/11 12:48:43     CertFile: 172.31.10.127:8001
2023/07/11 12:48:43     CertFile: 172.31.6.181:8001
2023/07/11 12:48:43     CertFile: 172.31.2.247:8001
2023/07/11 12:48:43     CertFile: 172.31.3.248:8001
2023/07/11 12:48:43     CertFile: 172.31.11.26:8001
2023/07/11 12:48:43     CertFile: 172.31.12.63:8001
2023/07/11 12:48:43     CertFile: 172.31.11.69:8001
2023/07/11 12:48:43     CertFile: 172.31.12.38:8001
2023/07/11 12:48:43     CertFile: 172.31.14.7:8001
2023/07/11 12:48:43     CertFile: 172.31.11.104:8001
2023/07/11 12:48:43     CertFile: 172.31.7.2:8001
2023/07/11 12:48:43     CertFile: 172.31.10.99:8001
2023/07/11 12:48:43     CertFile: 172.31.10.164:8001
2023/07/11 12:48:43.470866 NewBackend Mir backend
2023/07/11 12:48:43.506032 assignBuckets replica 3: Responsible for requests in buckets [6 7] in epoch 0
2023/07/11 12:48:46.846942 RunRequestProcessor Updated leader pending size
2023/07/11 12:48:48.848061 cutAndMaybeSend replica 3: batch length 0
2023/07/11 12:48:48.848579 sendPreprepare replica 3: PREPREPARE 4
2023/07/11 12:48:49.014887 handleCommit COMMITTED 4 with 1 requests
2023/07/11 12:48:49.049697 handleCommit COMMITTED 3 with 1 requests
2023/07/11 12:48:49.073066 handleCommit COMMITTED 6 with 1 requests
2023/07/11 12:48:49.082859 handleCommit COMMITTED 10 with 1 requests
2023/07/11 12:48:49.108027 handleCommit COMMITTED 9 with 1 requests
2023/07/11 12:48:49.145296 handleCommit COMMITTED 5 with 1 requests
2023/07/11 12:48:49.167226 handleCommit COMMITTED 16 with 1 requests
2023/07/11 12:48:49.169968 handleCommit COMMITTED 11 with 1 requests
2023/07/11 12:48:49.175615 handleCommit COMMITTED 8 with 1 requests
2023/07/11 12:48:49.199913 handleCommit COMMITTED 7 with 1 requests
2023/07/11 12:48:49.241532 handleCommit COMMITTED 13 with 1 requests
2023/07/11 12:48:49.251136 handleCommit COMMITTED 15 with 1 requests
2023/07/11 12:48:49.261220 handleCommit COMMITTED 14 with 1 requests
2023/07/11 12:48:49.393050 handleCommit COMMITTED 12 with 1 requests
2023/07/11 12:48:50.848682 cutAndMaybeSend replica 3: batch length 0
2023/07/11 12:48:50.848869 sendPreprepare replica 3: PREPREPARE 20
2023/07/11 12:48:51.016538 handleCommit COMMITTED 20 with 0 requests
2023/07/11 12:48:51.056052 handleCommit COMMITTED 19 with 0 requests
2023/07/11 12:48:51.074926 handleCommit COMMITTED 22 with 0 requests
2023/07/11 12:48:51.096456 handleCommit COMMITTED 26 with 0 requests
2023/07/11 12:48:51.108950 handleCommit COMMITTED 25 with 0 requests
2023/07/11 12:48:51.155675 handleCommit COMMITTED 21 with 0 requests
2023/07/11 12:48:51.177514 handleCommit COMMITTED 32 with 0 requests
2023/07/11 12:48:51.177576 handleCommit COMMITTED 27 with 0 requests
2023/07/11 12:48:51.178901 handleCommit COMMITTED 24 with 0 requests
2023/07/11 12:48:51.192690 handleCommit COMMITTED 23 with 0 requests
2023/07/11 12:48:51.241050 handleCommit COMMITTED 31 with 0 requests
2023/07/11 12:48:51.243228 handleCommit COMMITTED 30 with 0 requests
2023/07/11 12:48:51.251516 handleCommit COMMITTED 29 with 0 requests
2023/07/11 12:48:51.402240 handleCommit COMMITTED 28 with 0 requests
2023/07/11 12:48:57.042059 handleCommit COMMITTED 2 with 1 requests
2023/07/11 12:48:57.069492 handleCommit COMMITTED 1 with 1 requests
2023/07/11 12:48:57.069576 deliverBatch DELIVERING 1 with 1 txs
2023/07/11 12:48:57.069594 deliverBatch DELIVERING 2 with 1 txs
2023/07/11 12:48:57.069617 deliverBatch DELIVERING 3 with 1 txs
2023/07/11 12:48:57.069627 deliverBatch DELIVERING 4 with 1 txs
2023/07/11 12:48:57.069635 deliverBatch DELIVERING 5 with 1 txs
2023/07/11 12:48:57.069643 deliverBatch DELIVERING 6 with 1 txs
2023/07/11 12:48:57.069654 deliverBatch DELIVERING 7 with 1 txs
2023/07/11 12:48:57.069682 deliverBatch DELIVERING 8 with 1 txs
2023/07/11 12:48:57.069713 deliverBatch DELIVERING 9 with 1 txs
2023/07/11 12:48:57.069724 deliverBatch DELIVERING 10 with 1 txs
2023/07/11 12:48:57.069732 deliverBatch DELIVERING 11 with 1 txs
2023/07/11 12:48:57.069740 deliverBatch DELIVERING 12 with 1 txs
2023/07/11 12:48:57.069749 deliverBatch DELIVERING 13 with 1 txs
2023/07/11 12:48:57.069757 deliverBatch DELIVERING 14 with 1 txs
2023/07/11 12:48:57.069765 deliverBatch DELIVERING 15 with 1 txs
2023/07/11 12:48:57.069799 deliverBatch DELIVERING 16 with 1 txs
2023/07/11 12:48:57.380868 Request map[MFkwEwYHKoZIzj0CAQYIKoZIzj0DAQcDQgAEzn9+9Rvu9cVfoyuwF+jxkBWHOHbYgzhU8XSp/0bTBXvKMUAnW2Uek2RZ8xgVAGAhffCYoW/115BbUstHraEsAQ:0xc022a24f48]
2023/07/11 12:48:57.384152 Request map[MFkwEwYHKoZIzj0CAQYIKoZIzj0DAQcDQgAE4jGV8HuOMZTIyQ3sUmoPuQ5uzeHd/sX6aR5B6rFQZwhxgzDDcjlCgM6blgkUrgY6aJRDrzEB/KIGSvC08T+cxw:0xc0229a5b60 MFkwEwYHKoZIzj0CAQYIKoZIzj0DAQcDQgAEzn9+9Rvu9cVfoyuwF+jxkBWHOHbYgzhU8XSp/0bTBXvKMUAnW2Uek2RZ8xgVAGAhffCYoW/115BbUstHraEsAQ:0xc022a24f48]
2023/07/11 12:48:57.499663 Request map[MFkwEwYHKoZIzj0CAQYIKoZIzj0DAQcDQgAE4jGV8HuOMZTIyQ3sUmoPuQ5uzeHd/sX6aR5B6rFQZwhxgzDDcjlCgM6blgkUrgY6aJRDrzEB/KIGSvC08T+cxw:0xc0229a5b60 MFkwEwYHKoZIzj0CAQYIKoZIzj0DAQcDQgAEVDXju5UAF8KkWEUgFI1713d/OG7PdOITUcqKoY2W2nOFieF8YfMUHv8JOAQhS9ROE3wExHbpXnPMIl/XEqwd6w:0xc0229a5c80 MFkwEwYHKoZIzj0CAQYIKoZIzj0DAQcDQgAEzn9+9Rvu9cVfoyuwF+jxkBWHOHbYgzhU8XSp/0bTBXvKMUAnW2Uek2RZ8xgVAGAhffCYoW/115BbUstHraEsAQ:0xc022a24f48]
2023/07/11 12:48:57.566596 Request map[MFkwEwYHKoZIzj0CAQYIKoZIzj0DAQcDQgAE4jGV8HuOMZTIyQ3sUmoPuQ5uzeHd/sX6aR5B6rFQZwhxgzDDcjlCgM6blgkUrgY6aJRDrzEB/KIGSvC08T+cxw:0xc0229a5b60 MFkwEwYHKoZIzj0CAQYIKoZIzj0DAQcDQgAEUHYCpwyv5pSduo1Q6ZFOHjL7IuhQMv4Td4qx4UtQwtEn3Jy4QigDr6V67bEa1KrBrOYwvGtje+vaALAfvKwOtA:0xc0229a5d40 MFkwEwYHKoZIzj0CAQYIKoZIzj0DAQcDQgAEVDXju5UAF8KkWEUgFI1713d/OG7PdOITUcqKoY2W2nOFieF8YfMUHv8JOAQhS9ROE3wExHbpXnPMIl/XEqwd6w:0xc0229a5c80 MFkwEwYHKoZIzj0CAQYIKoZIzj0DAQcDQgAEzn9+9Rvu9cVfoyuwF+jxkBWHOHbYgzhU8XSp/0bTBXvKMUAnW2Uek2RZ8xgVAGAhffCYoW/115BbUstHraEsAQ:0xc022a24f48]
2023/07/11 12:48:57.596979 Request map[MFkwEwYHKoZIzj0CAQYIKoZIzj0DAQcDQgAE4jGV8HuOMZTIyQ3sUmoPuQ5uzeHd/sX6aR5B6rFQZwhxgzDDcjlCgM6blgkUrgY6aJRDrzEB/KIGSvC08T+cxw:0xc0229a5b60 MFkwEwYHKoZIzj0CAQYIKoZIzj0DAQcDQgAEUHYCpwyv5pSduo1Q6ZFOHjL7IuhQMv4Td4qx4UtQwtEn3Jy4QigDr6V67bEa1KrBrOYwvGtje+vaALAfvKwOtA:0xc0229a5d40 MFkwEwYHKoZIzj0CAQYIKoZIzj0DAQcDQgAEVDXju5UAF8KkWEUgFI1713d/OG7PdOITUcqKoY2W2nOFieF8YfMUHv8JOAQhS9ROE3wExHbpXnPMIl/XEqwd6w:0xc0229a5c80 MFkwEwYHKoZIzj0CAQYIKoZIzj0DAQcDQgAEn/pE5kJzvsHjKPFxLhiml6GJ37z9Gse68/Y7lUvq9z3AZpkslKjHnJQgb7jW5h40iCAPt9qiViMcWaK5NCJhkw:0xc0229a5e00 MFkwEwYHKoZIzj0CAQYIKoZIzj0DAQcDQgAEzn9+9Rvu9cVfoyuwF+jxkBWHOHbYgzhU8XSp/0bTBXvKMUAnW2Uek2RZ8xgVAGAhffCYoW/115BbUstHraEsAQ:0xc022a24f48]
2023/07/11 12:48:57.670972 Request map[MFkwEwYHKoZIzj0CAQYIKoZIzj0DAQcDQgAE4jGV8HuOMZTIyQ3sUmoPuQ5uzeHd/sX6aR5B6rFQZwhxgzDDcjlCgM6blgkUrgY6aJRDrzEB/KIGSvC08T+cxw:0xc0229a5b60 MFkwEwYHKoZIzj0CAQYIKoZIzj0DAQcDQgAEUHYCpwyv5pSduo1Q6ZFOHjL7IuhQMv4Td4qx4UtQwtEn3Jy4QigDr6V67bEa1KrBrOYwvGtje+vaALAfvKwOtA:0xc0229a5d40 MFkwEwYHKoZIzj0CAQYIKoZIzj0DAQcDQgAEVDXju5UAF8KkWEUgFI1713d/OG7PdOITUcqKoY2W2nOFieF8YfMUHv8JOAQhS9ROE3wExHbpXnPMIl/XEqwd6w:0xc0229a5c80 MFkwEwYHKoZIzj0CAQYIKoZIzj0DAQcDQgAEg2iL5uVV+FlW0kbmDFhL8EdYyamQ2V3V9h3gkQQM1OE7NkT+QUvTmfPM4835/E+Oiknq/T16ZGY0DpI3an1LWQ:0xc0229a5f08 MFkwEwYHKoZIzj0CAQYIKoZIzj0DAQcDQgAEn/pE5kJzvsHjKPFxLhiml6GJ37z9Gse68/Y7lUvq9z3AZpkslKjHnJQgb7jW5h40iCAPt9qiViMcWaK5NCJhkw:0xc0229a5e00 MFkwEwYHKoZIzj0CAQYIKoZIzj0DAQcDQgAEzn9+9Rvu9cVfoyuwF+jxkBWHOHbYgzhU8XSp/0bTBXvKMUAnW2Uek2RZ8xgVAGAhffCYoW/115BbUstHraEsAQ:0xc022a24f48]
2023/07/11 12:48:57.741353 Request map[MFkwEwYHKoZIzj0CAQYIKoZIzj0DAQcDQgAE4jGV8HuOMZTIyQ3sUmoPuQ5uzeHd/sX6aR5B6rFQZwhxgzDDcjlCgM6blgkUrgY6aJRDrzEB/KIGSvC08T+cxw:0xc0229a5b60 MFkwEwYHKoZIzj0CAQYIKoZIzj0DAQcDQgAEUHYCpwyv5pSduo1Q6ZFOHjL7IuhQMv4Td4qx4UtQwtEn3Jy4QigDr6V67bEa1KrBrOYwvGtje+vaALAfvKwOtA:0xc0229a5d40 MFkwEwYHKoZIzj0CAQYIKoZIzj0DAQcDQgAEVDXju5UAF8KkWEUgFI1713d/OG7PdOITUcqKoY2W2nOFieF8YfMUHv8JOAQhS9ROE3wExHbpXnPMIl/XEqwd6w:0xc0229a5c80 MFkwEwYHKoZIzj0CAQYIKoZIzj0DAQcDQgAEccJdZvsb7hoSaJnJq3JTk93g4EdbVxh4sWDxcSFv7luCORNd4o1VOlHjILg8i9I78AqWnpVJKIc4OO4WRGZewg:0xc0229f2078 MFkwEwYHKoZIzj0CAQYIKoZIzj0DAQcDQgAEg2iL5uVV+FlW0kbmDFhL8EdYyamQ2V3V9h3gkQQM1OE7NkT+QUvTmfPM4835/E+Oiknq/T16ZGY0DpI3an1LWQ:0xc0229a5f08 MFkwEwYHKoZIzj0CAQYIKoZIzj0DAQcDQgAEn/pE5kJzvsHjKPFxLhiml6GJ37z9Gse68/Y7lUvq9z3AZpkslKjHnJQgb7jW5h40iCAPt9qiViMcWaK5NCJhkw:0xc0229a5e00 MFkwEwYHKoZIzj0CAQYIKoZIzj0DAQcDQgAEzn9+9Rvu9cVfoyuwF+jxkBWHOHbYgzhU8XSp/0bTBXvKMUAnW2Uek2RZ8xgVAGAhffCYoW/115BbUstHraEsAQ:0xc022a24f48]
2023/07/11 12:48:57.877019 Request map[MFkwEwYHKoZIzj0CAQYIKoZIzj0DAQcDQgAE3jZj7qz8q4TQTXbQHQXRiL0VLJIPUpintzuR8Tc4OHi8Zmp6s/kdb79CzR+Ti8tNIiw+eySUzNnrNkNC9gVxPQ:0xc0222db788 MFkwEwYHKoZIzj0CAQYIKoZIzj0DAQcDQgAE4jGV8HuOMZTIyQ3sUmoPuQ5uzeHd/sX6aR5B6rFQZwhxgzDDcjlCgM6blgkUrgY6aJRDrzEB/KIGSvC08T+cxw:0xc0229a5b60 MFkwEwYHKoZIzj0CAQYIKoZIzj0DAQcDQgAEUHYCpwyv5pSduo1Q6ZFOHjL7IuhQMv4Td4qx4UtQwtEn3Jy4QigDr6V67bEa1KrBrOYwvGtje+vaALAfvKwOtA:0xc0229a5d40 MFkwEwYHKoZIzj0CAQYIKoZIzj0DAQcDQgAEVDXju5UAF8KkWEUgFI1713d/OG7PdOITUcqKoY2W2nOFieF8YfMUHv8JOAQhS9ROE3wExHbpXnPMIl/XEqwd6w:0xc0229a5c80 MFkwEwYHKoZIzj0CAQYIKoZIzj0DAQcDQgAEccJdZvsb7hoSaJnJq3JTk93g4EdbVxh4sWDxcSFv7luCORNd4o1VOlHjILg8i9I78AqWnpVJKIc4OO4WRGZewg:0xc0229f2078 MFkwEwYHKoZIzj0CAQYIKoZIzj0DAQcDQgAEg2iL5uVV+FlW0kbmDFhL8EdYyamQ2V3V9h3gkQQM1OE7NkT+QUvTmfPM4835/E+Oiknq/T16ZGY0DpI3an1LWQ:0xc0229a5f08 MFkwEwYHKoZIzj0CAQYIKoZIzj0DAQcDQgAEn/pE5kJzvsHjKPFxLhiml6GJ37z9Gse68/Y7lUvq9z3AZpkslKjHnJQgb7jW5h40iCAPt9qiViMcWaK5NCJhkw:0xc0229a5e00 MFkwEwYHKoZIzj0CAQYIKoZIzj0DAQcDQgAEzn9+9Rvu9cVfoyuwF+jxkBWHOHbYgzhU8XSp/0bTBXvKMUAnW2Uek2RZ8xgVAGAhffCYoW/115BbUstHraEsAQ:0xc022a24f48]
2023/07/11 12:48:59.107305 cutAndMaybeSend replica 3: batch length 0
2023/07/11 12:48:59.107543 sendPreprepare replica 3: PREPREPARE 36
2023/07/11 12:48:59.277216 handleCommit COMMITTED 48 with 1 requests
2023/07/11 12:48:59.277454 handleCommit COMMITTED 46 with 1 requests
2023/07/11 12:48:59.278062 handleCommit COMMITTED 45 with 0 requests
2023/07/11 12:48:59.278100 handleCommit COMMITTED 42 with 0 requests
2023/07/11 12:48:59.282351 handleCommit COMMITTED 38 with 0 requests
2023/07/11 12:48:59.282379 handleCommit COMMITTED 35 with 2 requests
2023/07/11 12:48:59.282387 handleCommit COMMITTED 36 with 0 requests
2023/07/11 12:48:59.287436 handleCommit COMMITTED 44 with 0 requests
2023/07/11 12:48:59.291093 handleCommit COMMITTED 39 with 0 requests
2023/07/11 12:48:59.295695 handleCommit COMMITTED 47 with 1 requests
2023/07/11 12:48:59.300924 handleCommit COMMITTED 43 with 1 requests
2023/07/11 12:48:59.302905 handleCommit COMMITTED 41 with 0 requests
2023/07/11 12:48:59.302933 handleCommit COMMITTED 37 with 2 requests
2023/07/11 12:48:59.302959 handleCommit COMMITTED 40 with 0 requests
2023/07/11 12:49:07.049121 handleCommit COMMITTED 18 with 0 requests
2023/07/11 12:49:07.080334 handleCommit COMMITTED 17 with 0 requests
2023/07/11 12:49:07.080404 deliverBatch DELIVERING 17 with 0 txs
2023/07/11 12:49:07.080419 deliverBatch DELIVERING 18 with 0 txs
2023/07/11 12:49:07.080428 deliverBatch DELIVERING 19 with 0 txs
2023/07/11 12:49:07.080437 deliverBatch DELIVERING 20 with 0 txs
2023/07/11 12:49:07.080445 deliverBatch DELIVERING 21 with 0 txs
2023/07/11 12:49:07.080456 deliverBatch DELIVERING 22 with 0 txs
2023/07/11 12:49:07.080463 deliverBatch DELIVERING 23 with 0 txs
2023/07/11 12:49:07.080475 deliverBatch DELIVERING 24 with 0 txs
2023/07/11 12:49:07.080483 deliverBatch DELIVERING 25 with 0 txs
2023/07/11 12:49:07.080506 deliverBatch DELIVERING 26 with 0 txs
2023/07/11 12:49:07.080514 deliverBatch DELIVERING 27 with 0 txs
2023/07/11 12:49:07.080525 deliverBatch DELIVERING 28 with 0 txs
2023/07/11 12:49:07.080538 deliverBatch DELIVERING 29 with 0 txs
2023/07/11 12:49:07.080545 deliverBatch DELIVERING 30 with 0 txs
2023/07/11 12:49:07.080553 deliverBatch DELIVERING 31 with 0 txs
2023/07/11 12:49:07.080560 deliverBatch DELIVERING 32 with 0 txs
2023/07/11 12:49:09.105361 cutAndMaybeSend replica 3: batch length 0
2023/07/11 12:49:09.105665 sendPreprepare replica 3: PREPREPARE 52
2023/07/11 12:49:09.284283 handleCommit COMMITTED 53 with 0 requests
2023/07/11 12:49:09.284490 handleCommit COMMITTED 62 with 0 requests
2023/07/11 12:49:09.284517 handleCommit COMMITTED 59 with 0 requests
2023/07/11 12:49:09.284543 handleCommit COMMITTED 58 with 0 requests
2023/07/11 12:49:09.288783 handleCommit COMMITTED 61 with 0 requests
2023/07/11 12:49:09.288835 handleCommit COMMITTED 63 with 0 requests
2023/07/11 12:49:09.288834 handleCommit COMMITTED 56 with 0 requests
2023/07/11 12:49:09.288843 handleCommit COMMITTED 51 with 0 requests
2023/07/11 12:49:09.288856 handleCommit COMMITTED 57 with 0 requests
2023/07/11 12:49:09.290639 handleCommit COMMITTED 52 with 0 requests
2023/07/11 12:49:09.302468 handleCommit COMMITTED 55 with 0 requests
2023/07/11 12:49:09.303667 handleCommit COMMITTED 64 with 0 requests
2023/07/11 12:49:09.305445 handleCommit COMMITTED 60 with 0 requests
2023/07/11 12:49:09.307212 handleCommit COMMITTED 54 with 0 requests
2023/07/11 12:49:17.056962 handleCommit COMMITTED 34 with 0 requests
2023/07/11 12:49:17.068340 handleCommit COMMITTED 33 with 0 requests
2023/07/11 12:49:17.068377 deliverBatch DELIVERING 33 with 0 txs
2023/07/11 12:49:17.068389 deliverBatch DELIVERING 34 with 0 txs
2023/07/11 12:49:17.068399 deliverBatch DELIVERING 35 with 2 txs
2023/07/11 12:49:17.068433 deliverBatch DELIVERING 36 with 0 txs
2023/07/11 12:49:17.068443 deliverBatch DELIVERING 37 with 2 txs
2023/07/11 12:49:17.068466 deliverBatch DELIVERING 38 with 0 txs
2023/07/11 12:49:17.068481 deliverBatch DELIVERING 39 with 0 txs
2023/07/11 12:49:17.068489 deliverBatch DELIVERING 40 with 0 txs
2023/07/11 12:49:17.068497 deliverBatch DELIVERING 41 with 0 txs
2023/07/11 12:49:17.068505 deliverBatch DELIVERING 42 with 0 txs
2023/07/11 12:49:17.068518 deliverBatch DELIVERING 43 with 1 txs
2023/07/11 12:49:17.068555 deliverBatch DELIVERING 44 with 0 txs
2023/07/11 12:49:17.068572 deliverBatch DELIVERING 45 with 0 txs
2023/07/11 12:49:17.068580 deliverBatch DELIVERING 46 with 1 txs
2023/07/11 12:49:17.068595 deliverBatch DELIVERING 47 with 1 txs
2023/07/11 12:49:17.068608 deliverBatch DELIVERING 48 with 1 txs
2023/07/11 12:49:19.168575 cutAndMaybeSend replica 3: batch length 1165
2023/07/11 12:49:19.177068 sendPreprepare replica 3: PREPREPARE 68
2023/07/11 12:49:20.117995 handleCommit COMMITTED 76 with 1087 requests
2023/07/11 12:49:20.126250 handleCommit COMMITTED 78 with 1110 requests
2023/07/11 12:49:20.126313 handleCommit COMMITTED 70 with 1212 requests
2023/07/11 12:49:20.142770 handleCommit COMMITTED 73 with 1092 requests
2023/07/11 12:49:20.143221 handleCommit COMMITTED 80 with 1139 requests
2023/07/11 12:49:20.154624 handleCommit COMMITTED 74 with 1135 requests
2023/07/11 12:49:20.164219 handleCommit COMMITTED 68 with 1165 requests
2023/07/11 12:49:20.185072 handleCommit COMMITTED 67 with 1088 requests
2023/07/11 12:49:20.185183 handleCommit COMMITTED 72 with 1131 requests
2023/07/11 12:49:20.199863 handleCommit COMMITTED 71 with 1189 requests
2023/07/11 12:49:20.205374 handleCommit COMMITTED 69 with 1156 requests
2023/07/11 12:49:20.208150 handleCommit COMMITTED 77 with 1115 requests
2023/07/11 12:49:20.226575 handleCommit COMMITTED 75 with 1191 requests
2023/07/11 12:49:20.338127 handleCommit COMMITTED 79 with 1198 requests
2023/07/11 12:49:28.439041 handleCommit COMMITTED 49 with 4000 requests
2023/07/11 12:49:28.443382 deliverBatch DELIVERING 49 with 4000 txs
2023/07/11 12:49:28.443689 handleCommit COMMITTED 50 with 4000 requests
2023/07/11 12:49:28.454125 deliverBatch DELIVERING 50 with 4000 txs
2023/07/11 12:49:28.463479 deliverBatch DELIVERING 51 with 0 txs
2023/07/11 12:49:28.463524 deliverBatch DELIVERING 52 with 0 txs
2023/07/11 12:49:28.463542 deliverBatch DELIVERING 53 with 0 txs
2023/07/11 12:49:28.463555 deliverBatch DELIVERING 54 with 0 txs
2023/07/11 12:49:28.463563 deliverBatch DELIVERING 55 with 0 txs
2023/07/11 12:49:28.463572 deliverBatch DELIVERING 56 with 0 txs
2023/07/11 12:49:28.463604 deliverBatch DELIVERING 57 with 0 txs
2023/07/11 12:49:28.463615 deliverBatch DELIVERING 58 with 0 txs
2023/07/11 12:49:28.463627 deliverBatch DELIVERING 59 with 0 txs
2023/07/11 12:49:28.463635 deliverBatch DELIVERING 60 with 0 txs
2023/07/11 12:49:28.463642 deliverBatch DELIVERING 61 with 0 txs
2023/07/11 12:49:28.463651 deliverBatch DELIVERING 62 with 0 txs
2023/07/11 12:49:28.463658 deliverBatch DELIVERING 63 with 0 txs
2023/07/11 12:49:28.463666 deliverBatch DELIVERING 64 with 0 txs
2023/07/11 12:49:28.693711 sendPreprepare replica 3: PREPREPARE 84
2023/07/11 12:49:31.401331 handleCommit COMMITTED 92 with 4000 requests
2023/07/11 12:49:31.405686 handleCommit COMMITTED 85 with 4000 requests
2023/07/11 12:49:31.430249 handleCommit COMMITTED 89 with 4000 requests
2023/07/11 12:49:31.458261 handleCommit COMMITTED 96 with 4000 requests
2023/07/11 12:49:31.530804 handleCommit COMMITTED 94 with 4000 requests
2023/07/11 12:49:31.537653 handleCommit COMMITTED 87 with 4000 requests
2023/07/11 12:49:31.537703 handleCommit COMMITTED 83 with 4000 requests
2023/07/11 12:49:31.545230 handleCommit COMMITTED 84 with 4000 requests
2023/07/11 12:49:31.611560 handleCommit COMMITTED 86 with 4000 requests
2023/07/11 12:49:31.617207 handleCommit COMMITTED 88 with 4000 requests
2023/07/11 12:49:31.669901 handleCommit COMMITTED 95 with 4000 requests
2023/07/11 12:49:31.690167 handleCommit COMMITTED 93 with 4000 requests
2023/07/11 12:49:32.129232 handleCommit COMMITTED 90 with 4000 requests
2023/07/11 12:49:32.151295 handleCommit COMMITTED 91 with 4000 requests
2023/07/11 12:49:37.785638 handleCommit COMMITTED 66 with 4000 requests
2023/07/11 12:49:38.387393 handleCommit COMMITTED 65 with 4000 requests
2023/07/11 12:49:38.391780 deliverBatch DELIVERING 65 with 4000 txs
2023/07/11 12:49:38.402127 deliverBatch DELIVERING 66 with 4000 txs
2023/07/11 12:49:38.412842 deliverBatch DELIVERING 67 with 1088 txs
2023/07/11 12:49:38.415601 deliverBatch DELIVERING 68 with 1165 txs
2023/07/11 12:49:38.418813 deliverBatch DELIVERING 69 with 1156 txs
2023/07/11 12:49:38.421722 deliverBatch DELIVERING 70 with 1212 txs
2023/07/11 12:49:38.424704 deliverBatch DELIVERING 71 with 1189 txs
2023/07/11 12:49:38.428333 deliverBatch DELIVERING 72 with 1131 txs
2023/07/11 12:49:38.431140 deliverBatch DELIVERING 73 with 1092 txs
2023/07/11 12:49:38.433986 deliverBatch DELIVERING 74 with 1135 txs
2023/07/11 12:49:38.436820 deliverBatch DELIVERING 75 with 1191 txs
2023/07/11 12:49:38.441030 deliverBatch DELIVERING 76 with 1087 txs
2023/07/11 12:49:38.444671 deliverBatch DELIVERING 77 with 1115 txs
2023/07/11 12:49:38.448156 deliverBatch DELIVERING 78 with 1110 txs
2023/07/11 12:49:38.450766 deliverBatch DELIVERING 79 with 1198 txs
2023/07/11 12:49:38.454184 deliverBatch DELIVERING 80 with 1139 txs
2023/07/11 12:49:38.709806 sendPreprepare replica 3: PREPREPARE 100
2023/07/11 12:49:40.273674 handleCommit COMMITTED 108 with 4000 requests
2023/07/11 12:49:40.360127 handleCommit COMMITTED 101 with 4000 requests
2023/07/11 12:49:40.390037 handleCommit COMMITTED 105 with 4000 requests
2023/07/11 12:49:40.403624 handleCommit COMMITTED 99 with 4000 requests
2023/07/11 12:49:40.528825 handleCommit COMMITTED 106 with 4000 requests
2023/07/11 12:49:40.559739 handleCommit COMMITTED 103 with 4000 requests
2023/07/11 12:49:40.560397 handleCommit COMMITTED 110 with 4000 requests
2023/07/11 12:49:40.703028 handleCommit COMMITTED 109 with 4000 requests
2023/07/11 12:49:40.895670 handleCommit COMMITTED 111 with 4000 requests
2023/07/11 12:49:40.901522 handleCommit COMMITTED 107 with 4000 requests
2023/07/11 12:49:40.903221 handleCommit COMMITTED 102 with 4000 requests
2023/07/11 12:49:40.904303 handleCommit COMMITTED 112 with 4000 requests
2023/07/11 12:49:40.908878 handleCommit COMMITTED 100 with 4000 requests
2023/07/11 12:49:40.908972 handleCommit COMMITTED 104 with 4000 requests
2023/07/11 12:49:47.860742 handleCommit COMMITTED 82 with 4000 requests
2023/07/11 12:49:47.863033 handleCommit COMMITTED 81 with 4000 requests
2023/07/11 12:49:47.868798 deliverBatch DELIVERING 81 with 4000 txs
2023/07/11 12:49:47.886802 deliverBatch DELIVERING 82 with 4000 txs
2023/07/11 12:49:47.903461 deliverBatch DELIVERING 83 with 4000 txs
2023/07/11 12:49:47.919033 deliverBatch DELIVERING 84 with 4000 txs
2023/07/11 12:49:47.935926 deliverBatch DELIVERING 85 with 4000 txs
2023/07/11 12:49:47.952106 deliverBatch DELIVERING 86 with 4000 txs
2023/07/11 12:49:47.968624 deliverBatch DELIVERING 87 with 4000 txs
2023/07/11 12:49:47.985546 deliverBatch DELIVERING 88 with 4000 txs
2023/07/11 12:49:48.003382 deliverBatch DELIVERING 89 with 4000 txs
2023/07/11 12:49:48.059335 deliverBatch DELIVERING 90 with 4000 txs
2023/07/11 12:49:48.071520 deliverBatch DELIVERING 91 with 4000 txs
2023/07/11 12:49:48.455145 deliverBatch DELIVERING 92 with 4000 txs
2023/07/11 12:49:48.509259 deliverBatch DELIVERING 93 with 4000 txs
2023/07/11 12:49:48.521635 deliverBatch DELIVERING 94 with 4000 txs
2023/07/11 12:49:48.722229 deliverBatch DELIVERING 95 with 4000 txs
2023/07/11 12:49:48.731279 deliverBatch DELIVERING 96 with 4000 txs
2023/07/11 12:49:48.992962 sendPreprepare replica 3: PREPREPARE 116
2023/07/11 12:49:50.263325 handleCommit COMMITTED 124 with 4000 requests
2023/07/11 12:49:50.528809 handleCommit COMMITTED 125 with 4000 requests
2023/07/11 12:49:50.547400 handleCommit COMMITTED 122 with 4000 requests
2023/07/11 12:49:50.663111 handleCommit COMMITTED 115 with 4000 requests
2023/07/11 12:49:50.670573 handleCommit COMMITTED 120 with 4000 requests
2023/07/11 12:49:51.022625 handleCommit COMMITTED 126 with 4000 requests
2023/07/11 12:49:51.033671 handleCommit COMMITTED 123 with 4000 requests
2023/07/11 12:49:51.069878 handleCommit COMMITTED 128 with 4000 requests
2023/07/11 12:49:51.117909 handleCommit COMMITTED 119 with 4000 requests
2023/07/11 12:49:51.182104 handleCommit COMMITTED 117 with 4000 requests
2023/07/11 12:49:51.313237 handleCommit COMMITTED 116 with 4000 requests
2023/07/11 12:49:51.320230 handleCommit COMMITTED 121 with 4000 requests
2023/07/11 12:49:51.549903 handleCommit COMMITTED 118 with 4000 requests
2023/07/11 12:49:51.835534 handleCommit COMMITTED 127 with 4000 requests
2023/07/11 12:49:57.776350 handleCommit COMMITTED 97 with 4000 requests
2023/07/11 12:49:57.780228 deliverBatch DELIVERING 97 with 4000 txs
2023/07/11 12:49:58.076992 handleCommit COMMITTED 98 with 4000 requests
2023/07/11 12:49:58.081178 deliverBatch DELIVERING 98 with 4000 txs
2023/07/11 12:49:58.092134 deliverBatch DELIVERING 99 with 4000 txs
2023/07/11 12:49:58.101748 deliverBatch DELIVERING 100 with 4000 txs
2023/07/11 12:49:58.112375 deliverBatch DELIVERING 101 with 4000 txs
2023/07/11 12:49:58.124168 deliverBatch DELIVERING 102 with 4000 txs
2023/07/11 12:49:58.135811 deliverBatch DELIVERING 103 with 4000 txs
2023/07/11 12:49:58.146173 deliverBatch DELIVERING 104 with 4000 txs
2023/07/11 12:49:58.157037 deliverBatch DELIVERING 105 with 4000 txs
2023/07/11 12:49:58.166993 deliverBatch DELIVERING 106 with 4000 txs
2023/07/11 12:49:58.177586 deliverBatch DELIVERING 107 with 4000 txs
2023/07/11 12:49:58.188752 deliverBatch DELIVERING 108 with 4000 txs
2023/07/11 12:49:58.198849 deliverBatch DELIVERING 109 with 4000 txs
2023/07/11 12:49:58.289670 deliverBatch DELIVERING 110 with 4000 txs
2023/07/11 12:49:58.498500 deliverBatch DELIVERING 111 with 4000 txs
2023/07/11 12:49:58.856104 deliverBatch DELIVERING 112 with 4000 txs
2023/07/11 12:49:59.090036 sendPreprepare replica 3: PREPREPARE 132
2023/07/11 12:50:00.287722 handleCommit COMMITTED 138 with 4000 requests
2023/07/11 12:50:00.431835 handleCommit COMMITTED 140 with 4000 requests
2023/07/11 12:50:00.432404 handleCommit COMMITTED 143 with 4000 requests
2023/07/11 12:50:00.757681 handleCommit COMMITTED 141 with 4000 requests
2023/07/11 12:50:00.803680 handleCommit COMMITTED 144 with 4000 requests
2023/07/11 12:50:00.804696 handleCommit COMMITTED 133 with 4000 requests
2023/07/11 12:50:00.946603 handleCommit COMMITTED 135 with 4000 requests
2023/07/11 12:50:01.139773 handleCommit COMMITTED 137 with 4000 requests
2023/07/11 12:50:01.140052 handleCommit COMMITTED 142 with 4000 requests
2023/07/11 12:50:01.170854 handleCommit COMMITTED 134 with 4000 requests
2023/07/11 12:50:01.434810 handleCommit COMMITTED 139 with 4000 requests
2023/07/11 12:50:01.568766 handleCommit COMMITTED 131 with 4000 requests
2023/07/11 12:50:01.693982 handleCommit COMMITTED 136 with 4000 requests
2023/07/11 12:50:01.805814 handleCommit COMMITTED 132 with 4000 requests
2023/07/11 12:50:07.897852 handleCommit COMMITTED 113 with 4000 requests
2023/07/11 12:50:07.902432 deliverBatch DELIVERING 113 with 4000 txs
2023/07/11 12:50:08.445794 handleCommit COMMITTED 114 with 4000 requests
2023/07/11 12:50:08.451055 deliverBatch DELIVERING 114 with 4000 txs
2023/07/11 12:50:08.461582 deliverBatch DELIVERING 115 with 4000 txs
2023/07/11 12:50:08.473270 deliverBatch DELIVERING 116 with 4000 txs
2023/07/11 12:50:08.485014 deliverBatch DELIVERING 117 with 4000 txs
2023/07/11 12:50:08.496293 deliverBatch DELIVERING 118 with 4000 txs
2023/07/11 12:50:08.506911 deliverBatch DELIVERING 119 with 4000 txs
2023/07/11 12:50:08.520615 deliverBatch DELIVERING 120 with 4000 txs
2023/07/11 12:50:08.533143 deliverBatch DELIVERING 121 with 4000 txs
2023/07/11 12:50:08.544411 deliverBatch DELIVERING 122 with 4000 txs
2023/07/11 12:50:08.555777 deliverBatch DELIVERING 123 with 4000 txs
2023/07/11 12:50:08.566210 deliverBatch DELIVERING 124 with 4000 txs
2023/07/11 12:50:08.577322 deliverBatch DELIVERING 125 with 4000 txs
2023/07/11 12:50:08.586951 deliverBatch DELIVERING 126 with 4000 txs
2023/07/11 12:50:08.709670 deliverBatch DELIVERING 127 with 4000 txs
2023/07/11 12:50:08.731267 deliverBatch DELIVERING 128 with 4000 txs
2023/07/11 12:50:09.029332 sendPreprepare replica 3: PREPREPARE 148
2023/07/11 12:50:10.417842 handleCommit COMMITTED 153 with 4000 requests
2023/07/11 12:50:10.535316 handleCommit COMMITTED 152 with 4000 requests
2023/07/11 12:50:10.537857 handleCommit COMMITTED 150 with 4000 requests
2023/07/11 12:50:10.588749 handleCommit COMMITTED 156 with 4000 requests
2023/07/11 12:50:10.704852 handleCommit COMMITTED 158 with 4000 requests
2023/07/11 12:50:10.897115 handleCommit COMMITTED 159 with 4000 requests
2023/07/11 12:50:10.897179 handleCommit COMMITTED 151 with 4000 requests
2023/07/11 12:50:11.087394 handleCommit COMMITTED 147 with 4000 requests
2023/07/11 12:50:11.371471 handleCommit COMMITTED 157 with 4000 requests
2023/07/11 12:50:11.578563 handleCommit COMMITTED 154 with 4000 requests
2023/07/11 12:50:11.606198 handleCommit COMMITTED 155 with 4000 requests
2023/07/11 12:50:11.714558 handleCommit COMMITTED 148 with 4000 requests
2023/07/11 12:50:11.717463 handleCommit COMMITTED 149 with 4000 requests
2023/07/11 12:50:11.889287 handleCommit COMMITTED 160 with 4000 requests
2023/07/11 12:50:17.782059 handleCommit COMMITTED 129 with 4000 requests
2023/07/11 12:50:17.785634 deliverBatch DELIVERING 129 with 4000 txs
2023/07/11 12:50:18.057400 handleCommit COMMITTED 130 with 4000 requests
2023/07/11 12:50:18.062550 deliverBatch DELIVERING 130 with 4000 txs
2023/07/11 12:50:18.072898 deliverBatch DELIVERING 131 with 4000 txs
2023/07/11 12:50:18.082122 deliverBatch DELIVERING 132 with 4000 txs
2023/07/11 12:50:18.092014 deliverBatch DELIVERING 133 with 4000 txs
2023/07/11 12:50:18.103643 deliverBatch DELIVERING 134 with 4000 txs
2023/07/11 12:50:18.114706 deliverBatch DELIVERING 135 with 4000 txs
2023/07/11 12:50:18.125912 deliverBatch DELIVERING 136 with 4000 txs
2023/07/11 12:50:18.136212 deliverBatch DELIVERING 137 with 4000 txs
2023/07/11 12:50:18.147246 deliverBatch DELIVERING 138 with 4000 txs
2023/07/11 12:50:18.158812 deliverBatch DELIVERING 139 with 4000 txs
2023/07/11 12:50:18.169352 deliverBatch DELIVERING 140 with 4000 txs
2023/07/11 12:50:18.179924 deliverBatch DELIVERING 141 with 4000 txs
2023/07/11 12:50:18.190143 deliverBatch DELIVERING 142 with 4000 txs
2023/07/11 12:50:18.200655 deliverBatch DELIVERING 143 with 4000 txs
2023/07/11 12:50:18.209900 deliverBatch DELIVERING 144 with 4000 txs
2023/07/11 12:50:18.480306 sendPreprepare replica 3: PREPREPARE 164
2023/07/11 12:50:19.727918 handleCommit COMMITTED 163 with 4000 requests
2023/07/11 12:50:19.880077 handleCommit COMMITTED 166 with 4000 requests
2023/07/11 12:50:19.932016 handleCommit COMMITTED 167 with 4000 requests
2023/07/11 12:50:20.098321 handleCommit COMMITTED 172 with 4000 requests
2023/07/11 12:50:20.115480 handleCommit COMMITTED 164 with 4000 requests
2023/07/11 12:50:20.174662 handleCommit COMMITTED 170 with 4000 requests
2023/07/11 12:50:20.297947 handleCommit COMMITTED 165 with 4000 requests
2023/07/11 12:50:20.298022 handleCommit COMMITTED 171 with 4000 requests
2023/07/11 12:50:20.324505 handleCommit COMMITTED 176 with 4000 requests
2023/07/11 12:50:20.338448 handleCommit COMMITTED 175 with 4000 requests
2023/07/11 12:50:20.386177 handleCommit COMMITTED 169 with 4000 requests
2023/07/11 12:50:21.473549 handleCommit COMMITTED 168 with 4000 requests
2023/07/11 12:50:21.514079 handleCommit COMMITTED 174 with 4000 requests
2023/07/11 12:50:21.589403 handleCommit COMMITTED 173 with 4000 requests
2023/07/11 12:50:27.789274 handleCommit COMMITTED 145 with 4000 requests
2023/07/11 12:50:27.794710 deliverBatch DELIVERING 145 with 4000 txs
2023/07/11 12:50:27.899957 handleCommit COMMITTED 146 with 4000 requests
2023/07/11 12:50:27.907494 deliverBatch DELIVERING 146 with 4000 txs
2023/07/11 12:50:27.918102 deliverBatch DELIVERING 147 with 4000 txs
2023/07/11 12:50:27.928747 deliverBatch DELIVERING 148 with 4000 txs
2023/07/11 12:50:27.940029 deliverBatch DELIVERING 149 with 4000 txs
2023/07/11 12:50:27.951047 deliverBatch DELIVERING 150 with 4000 txs
2023/07/11 12:50:27.960987 deliverBatch DELIVERING 151 with 4000 txs
2023/07/11 12:50:27.971001 deliverBatch DELIVERING 152 with 4000 txs
2023/07/11 12:50:27.981257 deliverBatch DELIVERING 153 with 4000 txs
2023/07/11 12:50:27.991050 deliverBatch DELIVERING 154 with 4000 txs
2023/07/11 12:50:28.001342 deliverBatch DELIVERING 155 with 4000 txs
2023/07/11 12:50:28.011000 deliverBatch DELIVERING 156 with 4000 txs
2023/07/11 12:50:28.019946 deliverBatch DELIVERING 157 with 4000 txs
2023/07/11 12:50:28.029949 deliverBatch DELIVERING 158 with 4000 txs
2023/07/11 12:50:28.038900 deliverBatch DELIVERING 159 with 4000 txs
2023/07/11 12:50:28.049296 deliverBatch DELIVERING 160 with 4000 txs
2023/07/11 12:50:28.330190 sendPreprepare replica 3: PREPREPARE 180
2023/07/11 12:50:29.381607 handleCommit COMMITTED 182 with 4000 requests
2023/07/11 12:50:29.403435 handleCommit COMMITTED 181 with 4000 requests
2023/07/11 12:50:29.529976 handleCommit COMMITTED 183 with 4000 requests
2023/07/11 12:50:29.530607 handleCommit COMMITTED 186 with 4000 requests
2023/07/11 12:50:29.535552 handleCommit COMMITTED 188 with 4000 requests
2023/07/11 12:50:29.560091 handleCommit COMMITTED 189 with 4000 requests
2023/07/11 12:50:29.560122 handleCommit COMMITTED 191 with 4000 requests
2023/07/11 12:50:29.576699 handleCommit COMMITTED 187 with 4000 requests
2023/07/11 12:50:29.579339 handleCommit COMMITTED 179 with 4000 requests
2023/07/11 12:50:29.644965 handleCommit COMMITTED 180 with 4000 requests
2023/07/11 12:50:29.783574 handleCommit COMMITTED 190 with 4000 requests
2023/07/11 12:50:30.008719 handleCommit COMMITTED 184 with 4000 requests
2023/07/11 12:50:30.152842 handleCommit COMMITTED 192 with 4000 requests
2023/07/11 12:50:30.267591 handleCommit COMMITTED 185 with 4000 requests
2023/07/11 12:50:37.755554 handleCommit COMMITTED 161 with 4000 requests
2023/07/11 12:50:37.759391 deliverBatch DELIVERING 161 with 4000 txs
2023/07/11 12:50:37.921114 handleCommit COMMITTED 162 with 4000 requests
2023/07/11 12:50:37.925072 deliverBatch DELIVERING 162 with 4000 txs
2023/07/11 12:50:37.933143 deliverBatch DELIVERING 163 with 4000 txs
2023/07/11 12:50:37.940878 deliverBatch DELIVERING 164 with 4000 txs
2023/07/11 12:50:37.949106 deliverBatch DELIVERING 165 with 4000 txs
2023/07/11 12:50:37.956712 deliverBatch DELIVERING 166 with 4000 txs
2023/07/11 12:50:37.964552 deliverBatch DELIVERING 167 with 4000 txs
2023/07/11 12:50:37.972284 deliverBatch DELIVERING 168 with 4000 txs
2023/07/11 12:50:37.979945 deliverBatch DELIVERING 169 with 4000 txs
2023/07/11 12:50:37.987737 deliverBatch DELIVERING 170 with 4000 txs
2023/07/11 12:50:37.995334 deliverBatch DELIVERING 171 with 4000 txs
2023/07/11 12:50:38.002970 deliverBatch DELIVERING 172 with 4000 txs
2023/07/11 12:50:38.010652 deliverBatch DELIVERING 173 with 4000 txs
2023/07/11 12:50:38.018505 deliverBatch DELIVERING 174 with 4000 txs
2023/07/11 12:50:38.026415 deliverBatch DELIVERING 175 with 4000 txs
2023/07/11 12:50:38.034062 deliverBatch DELIVERING 176 with 4000 txs
2023/07/11 12:50:38.351506 sendPreprepare replica 3: PREPREPARE 196
2023/07/11 12:50:39.662092 handleCommit COMMITTED 196 with 4000 requests
2023/07/11 12:50:39.662208 handleCommit COMMITTED 197 with 4000 requests
2023/07/11 12:50:39.663629 handleCommit COMMITTED 202 with 4000 requests
2023/07/11 12:50:39.666514 handleCommit COMMITTED 201 with 4000 requests
2023/07/11 12:50:39.667829 handleCommit COMMITTED 205 with 4000 requests
2023/07/11 12:50:39.668434 handleCommit COMMITTED 203 with 4000 requests
2023/07/11 12:50:39.669065 handleCommit COMMITTED 195 with 4000 requests
2023/07/11 12:50:39.673384 handleCommit COMMITTED 204 with 4000 requests
2023/07/11 12:50:39.678764 handleCommit COMMITTED 207 with 4000 requests
2023/07/11 12:50:39.684162 handleCommit COMMITTED 199 with 4000 requests
2023/07/11 12:50:39.695789 handleCommit COMMITTED 208 with 4000 requests
2023/07/11 12:50:39.750527 handleCommit COMMITTED 200 with 4000 requests
2023/07/11 12:50:39.751855 handleCommit COMMITTED 198 with 4000 requests
2023/07/11 12:50:39.756061 handleCommit COMMITTED 206 with 4000 requests
2023/07/11 12:50:47.763030 handleCommit COMMITTED 178 with 4000 requests
2023/07/11 12:50:47.789512 handleCommit COMMITTED 177 with 4000 requests
2023/07/11 12:50:47.794544 deliverBatch DELIVERING 177 with 4000 txs
2023/07/11 12:50:47.805232 deliverBatch DELIVERING 178 with 4000 txs
2023/07/11 12:50:47.812969 deliverBatch DELIVERING 179 with 4000 txs
2023/07/11 12:50:47.820764 deliverBatch DELIVERING 180 with 4000 txs
2023/07/11 12:50:47.829071 deliverBatch DELIVERING 181 with 4000 txs
2023/07/11 12:50:47.836581 deliverBatch DELIVERING 182 with 4000 txs
2023/07/11 12:50:47.844190 deliverBatch DELIVERING 183 with 4000 txs
2023/07/11 12:50:47.851783 deliverBatch DELIVERING 184 with 4000 txs
2023/07/11 12:50:47.859556 deliverBatch DELIVERING 185 with 4000 txs
2023/07/11 12:50:47.867265 deliverBatch DELIVERING 186 with 4000 txs
2023/07/11 12:50:47.874860 deliverBatch DELIVERING 187 with 4000 txs
2023/07/11 12:50:47.882191 deliverBatch DELIVERING 188 with 4000 txs
2023/07/11 12:50:47.889608 deliverBatch DELIVERING 189 with 4000 txs
2023/07/11 12:50:47.897008 deliverBatch DELIVERING 190 with 4000 txs
2023/07/11 12:50:47.904353 deliverBatch DELIVERING 191 with 4000 txs
2023/07/11 12:50:47.911705 deliverBatch DELIVERING 192 with 4000 txs
2023/07/11 12:50:48.290846 sendPreprepare replica 3: PREPREPARE 212
2023/07/11 12:50:49.342231 handleCommit COMMITTED 217 with 4000 requests
2023/07/11 12:50:49.342220 handleCommit COMMITTED 212 with 4000 requests
2023/07/11 12:50:49.357799 handleCommit COMMITTED 211 with 4000 requests
2023/07/11 12:50:49.396439 handleCommit COMMITTED 214 with 4000 requests
2023/07/11 12:50:49.396504 handleCommit COMMITTED 215 with 4000 requests
2023/07/11 12:50:49.430156 handleCommit COMMITTED 220 with 4000 requests
2023/07/11 12:50:49.430830 handleCommit COMMITTED 224 with 4000 requests
2023/07/11 12:50:49.452620 handleCommit COMMITTED 223 with 4000 requests
2023/07/11 12:50:49.472130 handleCommit COMMITTED 219 with 4000 requests
2023/07/11 12:50:49.658554 handleCommit COMMITTED 221 with 4000 requests
2023/07/11 12:50:49.687636 handleCommit COMMITTED 222 with 4000 requests
2023/07/11 12:50:49.689607 handleCommit COMMITTED 213 with 4000 requests
2023/07/11 12:50:49.701720 handleCommit COMMITTED 216 with 4000 requests
2023/07/11 12:50:49.705653 handleCommit COMMITTED 218 with 4000 requests
2023/07/11 12:50:57.953446 handleCommit COMMITTED 194 with 3944 requests
2023/07/11 12:50:57.975913 handleCommit COMMITTED 193 with 3946 requests
2023/07/11 12:50:57.981158 deliverBatch DELIVERING 193 with 3946 txs
2023/07/11 12:50:57.991603 deliverBatch DELIVERING 194 with 3944 txs
2023/07/11 12:50:57.999459 deliverBatch DELIVERING 195 with 4000 txs
2023/07/11 12:50:58.007122 deliverBatch DELIVERING 196 with 4000 txs
2023/07/11 12:50:58.015251 deliverBatch DELIVERING 197 with 4000 txs
2023/07/11 12:50:58.023105 deliverBatch DELIVERING 198 with 4000 txs
2023/07/11 12:50:58.030758 deliverBatch DELIVERING 199 with 4000 txs
2023/07/11 12:50:58.038224 deliverBatch DELIVERING 200 with 4000 txs
2023/07/11 12:50:58.045659 deliverBatch DELIVERING 201 with 4000 txs
2023/07/11 12:50:58.052971 deliverBatch DELIVERING 202 with 4000 txs
2023/07/11 12:50:58.060573 deliverBatch DELIVERING 203 with 4000 txs
2023/07/11 12:50:58.068102 deliverBatch DELIVERING 204 with 4000 txs
2023/07/11 12:50:58.075593 deliverBatch DELIVERING 205 with 4000 txs
2023/07/11 12:50:58.083142 deliverBatch DELIVERING 206 with 4000 txs
2023/07/11 12:50:58.090634 deliverBatch DELIVERING 207 with 4000 txs
2023/07/11 12:50:58.098140 deliverBatch DELIVERING 208 with 4000 txs
2023/07/11 12:51:00.305007 cutAndMaybeSend replica 3: batch length 2909
2023/07/11 12:51:00.314722 sendPreprepare replica 3: PREPREPARE 228
2023/07/11 12:51:01.243800 handleCommit COMMITTED 229 with 2583 requests
2023/07/11 12:51:01.253442 handleCommit COMMITTED 237 with 2524 requests
2023/07/11 12:51:01.257131 handleCommit COMMITTED 230 with 2770 requests
2023/07/11 12:51:01.260813 handleCommit COMMITTED 236 with 2930 requests
2023/07/11 12:51:01.264827 handleCommit COMMITTED 240 with 2796 requests
2023/07/11 12:51:01.276523 handleCommit COMMITTED 233 with 2942 requests
2023/07/11 12:51:01.294187 handleCommit COMMITTED 239 with 2915 requests
2023/07/11 12:51:01.410853 handleCommit COMMITTED 238 with 2946 requests
2023/07/11 12:51:01.415319 handleCommit COMMITTED 235 with 3084 requests
2023/07/11 12:51:01.454809 handleCommit COMMITTED 231 with 2836 requests
2023/07/11 12:51:01.458810 handleCommit COMMITTED 234 with 2933 requests
2023/07/11 12:51:01.593909 handleCommit COMMITTED 227 with 2850 requests
2023/07/11 12:51:01.602739 handleCommit COMMITTED 232 with 3076 requests
2023/07/11 12:51:01.719949 handleCommit COMMITTED 228 with 2909 requests
2023/07/11 12:51:07.290586 handleCommit COMMITTED 210 with 0 requests
2023/07/11 12:51:07.323583 handleCommit COMMITTED 209 with 0 requests
2023/07/11 12:51:07.323659 deliverBatch DELIVERING 209 with 0 txs
2023/07/11 12:51:07.323679 deliverBatch DELIVERING 210 with 0 txs
2023/07/11 12:51:07.323689 deliverBatch DELIVERING 211 with 4000 txs
2023/07/11 12:51:07.331235 deliverBatch DELIVERING 212 with 4000 txs
2023/07/11 12:51:07.339438 deliverBatch DELIVERING 213 with 4000 txs
2023/07/11 12:51:07.346964 deliverBatch DELIVERING 214 with 4000 txs
2023/07/11 12:51:07.354588 deliverBatch DELIVERING 215 with 4000 txs
2023/07/11 12:51:07.362296 deliverBatch DELIVERING 216 with 4000 txs
2023/07/11 12:51:07.369876 deliverBatch DELIVERING 217 with 4000 txs
2023/07/11 12:51:07.377356 deliverBatch DELIVERING 218 with 4000 txs
2023/07/11 12:51:07.384963 deliverBatch DELIVERING 219 with 4000 txs
2023/07/11 12:51:07.392400 deliverBatch DELIVERING 220 with 4000 txs
2023/07/11 12:51:07.399899 deliverBatch DELIVERING 221 with 4000 txs
2023/07/11 12:51:07.407285 deliverBatch DELIVERING 222 with 4000 txs
2023/07/11 12:51:07.414616 deliverBatch DELIVERING 223 with 4000 txs
2023/07/11 12:51:07.422058 deliverBatch DELIVERING 224 with 4000 txs
2023/07/11 12:51:09.577711 cutAndMaybeSend replica 3: batch length 0
2023/07/11 12:51:09.577952 sendPreprepare replica 3: PREPREPARE 244
2023/07/11 12:51:09.745329 handleCommit COMMITTED 245 with 0 requests
2023/07/11 12:51:09.746176 handleCommit COMMITTED 255 with 0 requests
2023/07/11 12:51:09.750561 handleCommit COMMITTED 246 with 0 requests
2023/07/11 12:51:09.756523 handleCommit COMMITTED 243 with 0 requests
2023/07/11 12:51:09.756571 handleCommit COMMITTED 248 with 0 requests
2023/07/11 12:51:09.760058 handleCommit COMMITTED 244 with 0 requests
2023/07/11 12:51:09.760650 handleCommit COMMITTED 250 with 0 requests
2023/07/11 12:51:09.761018 handleCommit COMMITTED 252 with 0 requests
2023/07/11 12:51:09.763695 handleCommit COMMITTED 247 with 0 requests
2023/07/11 12:51:09.767372 handleCommit COMMITTED 251 with 0 requests
2023/07/11 12:51:09.770529 handleCommit COMMITTED 249 with 0 requests
2023/07/11 12:51:09.774313 handleCommit COMMITTED 254 with 0 requests
2023/07/11 12:51:09.789902 handleCommit COMMITTED 253 with 0 requests
