{"level":"debug","Logging":"info","time":"2023-03-24T04:06:17Z","message":"Config"}
{"level":"debug","UseTLS":false,"time":"2023-03-24T04:06:17Z","message":"Config"}
{"level":"debug","CACertFile":"tls-data/ca.pem","time":"2023-03-24T04:06:17Z","message":"Config"}
{"level":"debug","KeyFile":"tls-data/auth.key","time":"2023-03-24T04:06:17Z","message":"Config"}
{"level":"debug","CertFile":"tls-data/auth.pem","time":"2023-03-24T04:06:17Z","message":"Config"}
{"level":"debug","PriorityConnections":2,"time":"2023-03-24T04:06:17Z","message":"Config"}
{"level":"debug","BasicConnections":1,"time":"2023-03-24T04:06:17Z","message":"Config"}
{"level":"debug","TestConnections":false,"time":"2023-03-24T04:06:17Z","message":"Config"}
{"level":"debug","ExcessConnections":1,"time":"2023-03-24T04:06:17Z","message":"Config"}
{"level":"debug","ConnectionTestMsgs":4,"time":"2023-03-24T04:06:17Z","message":"Config"}
{"level":"debug","ConnectionTestPayload":131072,"time":"2023-03-24T04:06:17Z","message":"Config"}
{"level":"debug","OutMessageBufsize":1024,"time":"2023-03-24T04:06:17Z","message":"Config"}
{"level":"debug","OutMessageBufsize":4,"time":"2023-03-24T04:06:17Z","message":"Config"}
{"level":"debug","ThroughputCap":131072000,"time":"2023-03-24T04:06:17Z","message":"Config"}
{"level":"debug","StragglerTolerance":1000,"time":"2023-03-24T04:06:17Z","message":"Config"}
{"level":"debug","BatchSizeIncrement":256,"time":"2023-03-24T04:06:17Z","message":"Config"}
{"level":"debug","Orderer":"Pbft","time":"2023-03-24T04:06:17Z","message":"Config"}
{"level":"debug","Manager":"Mir","time":"2023-03-24T04:06:17Z","message":"Config"}
{"level":"debug","Failures":0,"time":"2023-03-24T04:06:17Z","message":"Config"}
{"level":"debug","StragglerCnt":0,"time":"2023-03-24T04:06:17Z","message":"Config"}
{"level":"debug","CrashTiming":"Straggler","time":"2023-03-24T04:06:17Z","message":"Config"}
{"level":"debug","CheckpointInterval":256,"time":"2023-03-24T04:06:17Z","message":"Config"}
{"level":"debug","WatermarkWindowSize":256,"time":"2023-03-24T04:06:17Z","message":"Config"}
{"level":"debug","EpochLength":256,"time":"2023-03-24T04:06:17Z","message":"Config"}
{"level":"debug","SegmentLength":16,"time":"2023-03-24T04:06:17Z","message":"Config"}
{"level":"debug","WaitForCheckpoints":true,"time":"2023-03-24T04:06:17Z","message":"Config"}
{"level":"debug","ClientWatermarkWindowSize":16384,"time":"2023-03-24T04:06:17Z","message":"Config"}
{"level":"debug","ClientRequestBacklogSize":16384,"time":"2023-03-24T04:06:17Z","message":"Config"}
{"level":"debug","RandomSeed":1202,"time":"2023-03-24T04:06:17Z","message":"Config"}
{"level":"debug","NodeToLeaderRatio":1,"time":"2023-03-24T04:06:17Z","message":"Config"}
{"level":"debug","LeaderPolicy":"Simple","time":"2023-03-24T04:06:17Z","message":"Config"}
{"level":"debug","DefaultLeaderBan":2,"time":"2023-03-24T04:06:17Z","message":"Config"}
{"level":"debug","NumBuckets":256,"time":"2023-03-24T04:06:17Z","message":"Config"}
{"level":"debug","BatchSize":3000,"time":"2023-03-24T04:06:17Z","message":"Config"}
{"level":"debug","DisabledViewChange":false,"time":"2023-03-24T04:06:17Z","message":"Config"}
{"level":"debug","ViewChangeTimeout":60000,"time":"2023-03-24T04:06:17Z","message":"Config"}
{"level":"debug","ClientTraceSampling":10,"time":"2023-03-24T04:06:17Z","message":"Config"}
{"level":"debug","EventBufferSize":2097152,"time":"2023-03-24T04:06:17Z","message":"Config"}
{"level":"debug","TraceSampling":1,"time":"2023-03-24T04:06:17Z","message":"Config"}
{"level":"debug","ClientsPerProcess":8,"time":"2023-03-24T04:06:17Z","message":"Config"}
{"level":"debug","RequestsPerClient":3840,"time":"2023-03-24T04:06:17Z","message":"Config"}
{"level":"debug","ClientRunTime":15000,"time":"2023-03-24T04:06:17Z","message":"Config"}
{"level":"debug","RequestRate":128,"time":"2023-03-24T04:06:17Z","message":"Config"}
{"level":"debug","HardRequestRateLimit":false,"time":"2023-03-24T04:06:17Z","message":"Config"}
{"level":"debug","RequestPayloadSize":500,"time":"2023-03-24T04:06:17Z","message":"Config"}
{"level":"debug","SignRequests":true,"time":"2023-03-24T04:06:17Z","message":"Config"}
{"level":"debug","ClientPrivKeyFile":"tls-data/client-ecdsa-256.key","time":"2023-03-24T04:06:17Z","message":"Config"}
{"level":"debug","ClientPubKeyFile":"tls-data/client-ecdsa-256.pem","time":"2023-03-24T04:06:17Z","message":"Config"}
{"level":"debug","PrecomputeRequests":false,"time":"2023-03-24T04:06:17Z","message":"Config"}
{"level":"debug","RequestHandlerThreads":32,"time":"2023-03-24T04:06:17Z","message":"Config"}
{"level":"debug","RequestInputChannelBuffer":8192,"time":"2023-03-24T04:06:17Z","message":"Config"}
{"level":"debug","BatchVerifier":"external","time":"2023-03-24T04:06:17Z","message":"Config"}
04:06:17.399 INF Started Profiler: CPU
04:06:17.399 INF Started Profiler: BLOCK
04:06:17.399 INF Started Profiler: MUTEX
04:06:17.400 INF Starting clients. numClients=8 numRequests=3840
04:06:17.400 INF Initilizing clients.
04:06:17.406 INF Registared with discovery server. numOrderers=16 ownClientId=8
04:06:17.406 INF Registared with discovery server. numOrderers=16 ownClientId=13
04:06:17.406 INF Registared with discovery server. numOrderers=16 ownClientId=20
04:06:17.407 INF Registared with discovery server. numOrderers=16 ownClientId=47
04:06:17.407 INF Registared with discovery server. numOrderers=16 ownClientId=3
04:06:17.408 INF Registared with discovery server. numOrderers=16 ownClientId=50
04:06:17.408 INF Registared with discovery server. numOrderers=16 ownClientId=53
04:06:17.408 INF Registared with discovery server. numOrderers=16 ownClientId=54
04:06:17.408 INF Clients initialized.
04:06:17.408 INF Launching clients.
04:06:17.408 INF Waiting for clients.
04:06:36.378 INF Stopping Tracer. events=1129 fileName=experiment-output/0000/slave-013/client-003.trc
zerolog: could not write event: write experiment-output/0000/slave-013/client-003.log: file already closed
zerolog: could not write event: write experiment-output/0000/slave-013/client-003.log: file already closed
zerolog: could not write event: write experiment-output/0000/slave-013/client-003.log: file already closed
zerolog: could not write event: write experiment-output/0000/slave-013/client-003.log: file already closed
04:06:36.380 INF Trace data written.
04:06:36.383 INF Stopping Tracer. events=785 fileName=experiment-output/0000/slave-013/client-020.trc
zerolog: could not write event: write experiment-output/0000/slave-013/client-020.log: file already closed
zerolog: could not write event: write experiment-output/0000/slave-013/client-020.log: file already closed
zerolog: could not write event: write experiment-output/0000/slave-013/client-020.log: file already closed
zerolog: could not write event: write experiment-output/0000/slave-013/client-020.log: file already closed
04:06:36.385 INF Trace data written.
04:06:36.412 INF Stopping Tracer. events=780 fileName=experiment-output/0000/slave-013/client-050.trc
zerolog: could not write event: write experiment-output/0000/slave-013/client-050.log: file already closed
zerolog: could not write event: write experiment-output/0000/slave-013/client-050.log: file already closed
zerolog: could not write event: write experiment-output/0000/slave-013/client-050.log: file already closed
zerolog: could not write event: write experiment-output/0000/slave-013/client-050.log: file already closed
04:06:36.414 INF Trace data written.
04:06:36.416 INF Stopping Tracer. events=1120 fileName=experiment-output/0000/slave-013/client-047.trc
zerolog: could not write event: write experiment-output/0000/slave-013/client-047.log: file already closed
zerolog: could not write event: write experiment-output/0000/slave-013/client-047.log: file already closed
zerolog: could not write event: write experiment-output/0000/slave-013/client-047.log: file already closed
zerolog: could not write event: write experiment-output/0000/slave-013/client-047.log: file already closed
04:06:36.418 INF Trace data written.
04:06:36.422 INF Stopping Tracer. events=784 fileName=experiment-output/0000/slave-013/client-054.trc
04:06:36.422 INF Stopping Tracer. events=1131 fileName=experiment-output/0000/slave-013/client-013.trc
04:06:36.422 INF Stopping Tracer. events=1125 fileName=experiment-output/0000/slave-013/client-053.trc
04:06:36.423 INF Stopping Tracer. events=784 fileName=experiment-output/0000/slave-013/client-008.trc
zerolog: could not write event: write experiment-output/0000/slave-013/client-013.log: file already closed
zerolog: could not write event: write experiment-output/0000/slave-013/client-054.log: file already closed
zerolog: could not write event: write experiment-output/0000/slave-013/client-054.log: file already closed
zerolog: could not write event: write experiment-output/0000/slave-013/client-054.log: file already closed
zerolog: could not write event: write experiment-output/0000/slave-013/client-013.log: file already closed
zerolog: could not write event: write experiment-output/0000/slave-013/client-013.log: file already closed
zerolog: could not write event: write experiment-output/0000/slave-013/client-054.log: file already closed
zerolog: could not write event: write experiment-output/0000/slave-013/client-013.log: file already closed
zerolog: could not write event: write experiment-output/0000/slave-013/client-053.log: file already closed
zerolog: could not write event: write experiment-output/0000/slave-013/client-053.log: file already closed
zerolog: could not write event: write experiment-output/0000/slave-013/client-053.log: file already closed
zerolog: could not write event: write experiment-output/0000/slave-013/client-053.log: file already closed
zerolog: could not write event: write experiment-output/0000/slave-013/client-008.log: file already closed
zerolog: could not write event: write experiment-output/0000/slave-013/client-008.log: file already closed
zerolog: could not write event: write experiment-output/0000/slave-013/client-008.log: file already closed
zerolog: could not write event: write experiment-output/0000/slave-013/client-008.log: file already closed
04:06:36.425 INF Trace data written.
04:06:36.425 INF Trace data written.
04:06:36.425 INF Trace data written.
04:06:36.425 INF Trace data written.
04:06:36.425 INF Done.
04:06:36.425 INF Stopping profiler.
zerolog: could not write event: write experiment-output/0000/slave-013/client-003.log: file already closed
zerolog: could not write event: write experiment-output/0000/slave-013/client-003.log: file already closed
zerolog: could not write event: write experiment-output/0000/slave-013/client-003.log: file already closed
zerolog: could not write event: write experiment-output/0000/slave-013/client-003.log: file already closed
zerolog: could not write event: write experiment-output/0000/slave-013/client-020.log: file already closed
zerolog: could not write event: write experiment-output/0000/slave-013/client-020.log: file already closed
zerolog: could not write event: write experiment-output/0000/slave-013/client-020.log: file already closed
zerolog: could not write event: write experiment-output/0000/slave-013/client-020.log: file already closed
zerolog: could not write event: write experiment-output/0000/slave-013/client-050.log: file already closed
zerolog: could not write event: write experiment-output/0000/slave-013/client-050.log: file already closed
zerolog: could not write event: write experiment-output/0000/slave-013/client-050.log: file already closed
zerolog: could not write event: write experiment-output/0000/slave-013/client-050.log: file already closed
zerolog: could not write event: write experiment-output/0000/slave-013/client-047.log: file already closed
zerolog: could not write event: write experiment-output/0000/slave-013/client-047.log: file already closed
zerolog: could not write event: write experiment-output/0000/slave-013/client-047.log: file already closed
zerolog: could not write event: write experiment-output/0000/slave-013/client-047.log: file already closed
zerolog: could not write event: write experiment-output/0000/slave-013/client-003.log: file already closed
zerolog: could not write event: write experiment-output/0000/slave-013/client-003.log: file already closed
zerolog: could not write event: write experiment-output/0000/slave-013/client-003.log: file already closed
zerolog: could not write event: write experiment-output/0000/slave-013/client-003.log: file already closed
zerolog: could not write event: write experiment-output/0000/slave-013/client-020.log: file already closed
zerolog: could not write event: write experiment-output/0000/slave-013/client-054.log: file already closed
zerolog: could not write event: write experiment-output/0000/slave-013/client-013.log: file already closed
zerolog: could not write event: write experiment-output/0000/slave-013/client-053.log: file already closed
zerolog: could not write event: write experiment-output/0000/slave-013/client-053.log: file already closed
zerolog: could not write event: write experiment-output/0000/slave-013/client-020.log: file already closed
zerolog: could not write event: write experiment-output/0000/slave-013/client-013.log: file already closed
zerolog: could not write event: write experiment-output/0000/slave-013/client-020.log: file already closed
zerolog: could not write event: write experiment-output/0000/slave-013/client-053.log: file already closed
zerolog: could not write event: write experiment-output/0000/slave-013/client-020.log: file already closed
zerolog: could not write event: write experiment-output/0000/slave-013/client-008.log: file already closed
zerolog: could not write event: write experiment-output/0000/slave-013/client-053.log: file already closed
zerolog: could not write event: write experiment-output/0000/slave-013/client-054.log: file already closed
zerolog: could not write event: write experiment-output/0000/slave-013/client-013.log: file already closed
zerolog: could not write event: write experiment-output/0000/slave-013/client-008.log: file already closed
zerolog: could not write event: write experiment-output/0000/slave-013/client-013.log: file already closed
zerolog: could not write event: write experiment-output/0000/slave-013/client-008.log: file already closed
zerolog: could not write event: write experiment-output/0000/slave-013/client-054.log: file already closed
zerolog: could not write event: write experiment-output/0000/slave-013/client-054.log: file already closed
zerolog: could not write event: write experiment-output/0000/slave-013/client-008.log: file already closed
zerolog: could not write event: write experiment-output/0000/slave-013/client-050.log: file already closed
zerolog: could not write event: write experiment-output/0000/slave-013/client-050.log: file already closed
zerolog: could not write event: write experiment-output/0000/slave-013/client-050.log: file already closed
zerolog: could not write event: write experiment-output/0000/slave-013/client-050.log: file already closed
zerolog: could not write event: write experiment-output/0000/slave-013/client-047.log: file already closed
zerolog: could not write event: write experiment-output/0000/slave-013/client-047.log: file already closed
zerolog: could not write event: write experiment-output/0000/slave-013/client-047.log: file already closed
zerolog: could not write event: write experiment-output/0000/slave-013/client-047.log: file already closed
zerolog: could not write event: write experiment-output/0000/slave-013/client-013.log: file already closed
zerolog: could not write event: write experiment-output/0000/slave-013/client-054.log: file already closed
zerolog: could not write event: write experiment-output/0000/slave-013/client-013.log: file already closed
zerolog: could not write event: write experiment-output/0000/slave-013/client-053.log: file already closed
zerolog: could not write event: write experiment-output/0000/slave-013/client-008.log: file already closed
zerolog: could not write event: write experiment-output/0000/slave-013/client-054.log: file already closed
zerolog: could not write event: write experiment-output/0000/slave-013/client-053.log: file already closed
zerolog: could not write event: write experiment-output/0000/slave-013/client-053.log: file already closed
zerolog: could not write event: write experiment-output/0000/slave-013/client-013.log: file already closed
zerolog: could not write event: write experiment-output/0000/slave-013/client-008.log: file already closed
zerolog: could not write event: write experiment-output/0000/slave-013/client-008.log: file already closed
zerolog: could not write event: write experiment-output/0000/slave-013/client-053.log: file already closed
zerolog: could not write event: write experiment-output/0000/slave-013/client-054.log: file already closed
zerolog: could not write event: write experiment-output/0000/slave-013/client-054.log: file already closed
zerolog: could not write event: write experiment-output/0000/slave-013/client-013.log: file already closed
zerolog: could not write event: write experiment-output/0000/slave-013/client-008.log: file already closed
zerolog: could not write event: write experiment-output/0000/slave-013/client-003.log: file already closed
zerolog: could not write event: write experiment-output/0000/slave-013/client-003.log: file already closed
zerolog: could not write event: write experiment-output/0000/slave-013/client-003.log: file already closed
zerolog: could not write event: write experiment-output/0000/slave-013/client-003.log: file already closed
zerolog: could not write event: write experiment-output/0000/slave-013/client-020.log: file already closed
zerolog: could not write event: write experiment-output/0000/slave-013/client-020.log: file already closed
zerolog: could not write event: write experiment-output/0000/slave-013/client-020.log: file already closed
zerolog: could not write event: write experiment-output/0000/slave-013/client-020.log: file already closed
04:06:36.590 INF Profile data written. filename=experiment-output/0000/slave-013/prof-client.cpu name=cpu
zerolog: could not write event: write experiment-output/0000/slave-013/client-050.log: file already closed
zerolog: could not write event: write experiment-output/0000/slave-013/client-050.log: file already closed
zerolog: could not write event: write experiment-output/0000/slave-013/client-050.log: file already closed
zerolog: could not write event: write experiment-output/0000/slave-013/client-050.log: file already closed
zerolog: could not write event: write experiment-output/0000/slave-013/client-047.log: file already closed
zerolog: could not write event: write experiment-output/0000/slave-013/client-047.log: file already closed
zerolog: could not write event: write experiment-output/0000/slave-013/client-047.log: file already closed
zerolog: could not write event: write experiment-output/0000/slave-013/client-047.log: file already closed
zerolog: could not write event: write experiment-output/0000/slave-013/client-054.log: file already closed
zerolog: could not write event: write experiment-output/0000/slave-013/client-013.log: file already closed
zerolog: could not write event: write experiment-output/0000/slave-013/client-053.log: file already closed
zerolog: could not write event: write experiment-output/0000/slave-013/client-053.log: file already closed
04:06:36.610 INF Profile data written. filename=experiment-output/0000/slave-013/prof-client.block name=block
zerolog: could not write event: write experiment-output/0000/slave-013/client-053.log: file already closed
zerolog: could not write event: write experiment-output/0000/slave-013/client-013.log: file already closed
zerolog: could not write event: write experiment-output/0000/slave-013/client-053.log: file already closed
zerolog: could not write event: write experiment-output/0000/slave-013/client-008.log: file already closed
zerolog: could not write event: write experiment-output/0000/slave-013/client-054.log: file already closed
zerolog: could not write event: write experiment-output/0000/slave-013/client-054.log: file already closed
zerolog: could not write event: write experiment-output/0000/slave-013/client-013.log: file already closed
zerolog: could not write event: write experiment-output/0000/slave-013/client-013.log: file already closed
zerolog: could not write event: write experiment-output/0000/slave-013/client-054.log: file already closed
zerolog: could not write event: write experiment-output/0000/slave-013/client-008.log: file already closed
zerolog: could not write event: write experiment-output/0000/slave-013/client-008.log: file already closed
zerolog: could not write event: write experiment-output/0000/slave-013/client-008.log: file already closed
04:06:36.617 INF Profile data written. filename=experiment-output/0000/slave-013/prof-client.mutex name=mutex
