{"level":"debug","Logging":"info","time":"2023-07-10T07:29:00Z","message":"Config"}
{"level":"debug","UseTLS":false,"time":"2023-07-10T07:29:00Z","message":"Config"}
{"level":"debug","CACertFile":"tls-data/ca.pem","time":"2023-07-10T07:29:00Z","message":"Config"}
{"level":"debug","KeyFile":"tls-data/auth.key","time":"2023-07-10T07:29:00Z","message":"Config"}
{"level":"debug","CertFile":"tls-data/auth.pem","time":"2023-07-10T07:29:00Z","message":"Config"}
{"level":"debug","PriorityConnections":2,"time":"2023-07-10T07:29:00Z","message":"Config"}
{"level":"debug","BasicConnections":1,"time":"2023-07-10T07:29:00Z","message":"Config"}
{"level":"debug","TestConnections":false,"time":"2023-07-10T07:29:00Z","message":"Config"}
{"level":"debug","ExcessConnections":1,"time":"2023-07-10T07:29:00Z","message":"Config"}
{"level":"debug","ConnectionTestMsgs":4,"time":"2023-07-10T07:29:00Z","message":"Config"}
{"level":"debug","ConnectionTestPayload":131072,"time":"2023-07-10T07:29:00Z","message":"Config"}
{"level":"debug","OutMessageBufsize":1024,"time":"2023-07-10T07:29:00Z","message":"Config"}
{"level":"debug","OutMessageBufsize":4,"time":"2023-07-10T07:29:00Z","message":"Config"}
{"level":"debug","ThroughputCap":131072000,"time":"2023-07-10T07:29:00Z","message":"Config"}
{"level":"debug","StragglerTolerance":1000,"time":"2023-07-10T07:29:00Z","message":"Config"}
{"level":"debug","BatchSizeIncrement":256,"time":"2023-07-10T07:29:00Z","message":"Config"}
{"level":"debug","Orderer":"Pbft","time":"2023-07-10T07:29:00Z","message":"Config"}
{"level":"debug","Manager":"Mir","time":"2023-07-10T07:29:00Z","message":"Config"}
{"level":"debug","Failures":0,"time":"2023-07-10T07:29:00Z","message":"Config"}
{"level":"debug","StragglerCnt":0,"time":"2023-07-10T07:29:00Z","message":"Config"}
{"level":"debug","PrivKeyCnt":10,"time":"2023-07-10T07:29:00Z","message":"Config"}
{"level":"debug","UseSig":false,"time":"2023-07-10T07:29:00Z","message":"Config"}
{"level":"debug","TnCheckpointCnt":3,"time":"2023-07-10T07:29:00Z","message":"Config"}
{"level":"debug","CrashTiming":"Straggler","time":"2023-07-10T07:29:00Z","message":"Config"}
{"level":"debug","CheckpointInterval":512,"time":"2023-07-10T07:29:00Z","message":"Config"}
{"level":"debug","WatermarkWindowSize":512,"time":"2023-07-10T07:29:00Z","message":"Config"}
{"level":"debug","EpochLength":512,"time":"2023-07-10T07:29:00Z","message":"Config"}
{"level":"debug","SegmentLength":32,"time":"2023-07-10T07:29:00Z","message":"Config"}
{"level":"debug","WaitForCheckpoints":true,"time":"2023-07-10T07:29:00Z","message":"Config"}
{"level":"debug","ClientWatermarkWindowSize":16384,"time":"2023-07-10T07:29:00Z","message":"Config"}
{"level":"debug","ClientRequestBacklogSize":16384,"time":"2023-07-10T07:29:00Z","message":"Config"}
{"level":"debug","RandomSeed":20383,"time":"2023-07-10T07:29:00Z","message":"Config"}
{"level":"debug","NodeToLeaderRatio":1,"time":"2023-07-10T07:29:00Z","message":"Config"}
{"level":"debug","LeaderPolicy":"Simple","time":"2023-07-10T07:29:00Z","message":"Config"}
{"level":"debug","DefaultLeaderBan":2,"time":"2023-07-10T07:29:00Z","message":"Config"}
{"level":"debug","NumBuckets":256,"time":"2023-07-10T07:29:00Z","message":"Config"}
{"level":"debug","BatchSize":2000,"time":"2023-07-10T07:29:00Z","message":"Config"}
{"level":"debug","DisabledViewChange":false,"time":"2023-07-10T07:29:00Z","message":"Config"}
{"level":"debug","ViewChangeTimeout":60000,"time":"2023-07-10T07:29:00Z","message":"Config"}
{"level":"debug","ClientTraceSampling":10,"time":"2023-07-10T07:29:00Z","message":"Config"}
{"level":"debug","EventBufferSize":2097152,"time":"2023-07-10T07:29:00Z","message":"Config"}
{"level":"debug","TraceSampling":1,"time":"2023-07-10T07:29:00Z","message":"Config"}
{"level":"debug","ClientsPerProcess":8,"time":"2023-07-10T07:29:00Z","message":"Config"}
{"level":"debug","RequestsPerClient":3515,"time":"2023-07-10T07:29:00Z","message":"Config"}
{"level":"debug","ClientRunTime":15000,"time":"2023-07-10T07:29:00Z","message":"Config"}
{"level":"debug","RequestRate":117,"time":"2023-07-10T07:29:00Z","message":"Config"}
{"level":"debug","HardRequestRateLimit":false,"time":"2023-07-10T07:29:00Z","message":"Config"}
{"level":"debug","RequestPayloadSize":500,"time":"2023-07-10T07:29:00Z","message":"Config"}
{"level":"debug","SignRequests":true,"time":"2023-07-10T07:29:00Z","message":"Config"}
{"level":"debug","ClientPrivKeyFile":"tls-data/client-ecdsa-256.key","time":"2023-07-10T07:29:00Z","message":"Config"}
{"level":"debug","ClientPubKeyFile":"tls-data/client-ecdsa-256.pem","time":"2023-07-10T07:29:00Z","message":"Config"}
{"level":"debug","PrecomputeRequests":false,"time":"2023-07-10T07:29:00Z","message":"Config"}
{"level":"debug","RequestHandlerThreads":32,"time":"2023-07-10T07:29:00Z","message":"Config"}
{"level":"debug","RequestInputChannelBuffer":8192,"time":"2023-07-10T07:29:00Z","message":"Config"}
{"level":"debug","BatchVerifier":"external","time":"2023-07-10T07:29:00Z","message":"Config"}
07:29:00.120 INF Started Profiler: CPU
07:29:00.120 INF Started Profiler: BLOCK
07:29:00.120 INF Started Profiler: MUTEX
07:29:00.120 INF Starting clients. numClients=8 numRequests=3515
07:29:00.120 INF Initilizing clients.
07:29:00.390 INF Registared with discovery server. numOrderers=16 ownClientId=40
07:29:00.394 INF Registared with discovery server. numOrderers=16 ownClientId=48
07:29:00.402 INF Registared with discovery server. numOrderers=16 ownClientId=126
07:29:00.413 INF Registared with discovery server. numOrderers=16 ownClientId=100
07:29:00.415 INF Registared with discovery server. numOrderers=16 ownClientId=141
07:29:00.420 INF Registared with discovery server. numOrderers=16 ownClientId=169
07:29:00.424 INF Registared with discovery server. numOrderers=16 ownClientId=170
07:29:00.431 INF Registared with discovery server. numOrderers=16 ownClientId=139
07:29:00.431 INF Clients initialized.
07:29:00.431 INF Launching clients.
07:29:00.431 INF Waiting for clients.
07:29:28.990 INF Stopping Tracer. events=787 fileName=experiment-output/0000/slave-002/client-170.trc
07:29:28.992 INF Trace data written.
07:29:28.992 INF Stopping Tracer. events=757 fileName=experiment-output/0000/slave-002/client-048.trc
07:29:28.993 INF Trace data written.
07:29:29.003 INF Stopping Tracer. events=1269 fileName=experiment-output/0000/slave-002/client-141.trc
07:29:29.005 INF Trace data written.
07:29:29.006 INF Stopping Tracer. events=729 fileName=experiment-output/0000/slave-002/client-100.trc
07:29:29.007 INF Trace data written.
07:29:29.008 INF Stopping Tracer. events=1002 fileName=experiment-output/0000/slave-002/client-169.trc
07:29:29.010 INF Trace data written.
07:29:29.013 INF Stopping Tracer. events=760 fileName=experiment-output/0000/slave-002/client-040.trc
07:29:29.015 INF Trace data written.
07:29:29.020 INF Stopping Tracer. events=791 fileName=experiment-output/0000/slave-002/client-139.trc
07:29:29.022 INF Trace data written.
07:29:29.049 INF Stopping Tracer. events=771 fileName=experiment-output/0000/slave-002/client-126.trc
07:29:29.050 INF Trace data written.
07:29:29.050 INF Done.
07:29:29.050 INF Stopping profiler.
zerolog: could not write event: write experiment-output/0000/slave-002/client-170.log: file already closed
zerolog: could not write event: write experiment-output/0000/slave-002/client-170.log: file already closed
zerolog: could not write event: write experiment-output/0000/slave-002/client-048.log: file already closed
zerolog: could not write event: write experiment-output/0000/slave-002/client-048.log: file already closed
zerolog: could not write event: write experiment-output/0000/slave-002/client-048.log: file already closed
zerolog: could not write event: write experiment-output/0000/slave-002/client-170.log: file already closed
zerolog: could not write event: write experiment-output/0000/slave-002/client-169.log: file already closed
zerolog: could not write event: write experiment-output/0000/slave-002/client-048.log: file already closed
zerolog: could not write event: write experiment-output/0000/slave-002/client-170.log: file already closed
zerolog: could not write event: write experiment-output/0000/slave-002/client-141.log: file already closed
zerolog: could not write event: write experiment-output/0000/slave-002/client-170.log: file already closed
zerolog: could not write event: write experiment-output/0000/slave-002/client-139.log: file already closed
zerolog: could not write event: write experiment-output/0000/slave-002/client-139.log: file already closed
zerolog: could not write event: write experiment-output/0000/slave-002/client-048.log: file already closed
zerolog: could not write event: write experiment-output/0000/slave-002/client-170.log: file already closed
zerolog: could not write event: write experiment-output/0000/slave-002/client-141.log: file already closed
zerolog: could not write event: write experiment-output/0000/slave-002/client-141.log: file already closed
zerolog: could not write event: write experiment-output/0000/slave-002/client-048.log: file already closed
zerolog: could not write event: write experiment-output/0000/slave-002/client-141.log: file already closed
zerolog: could not write event: write experiment-output/0000/slave-002/client-169.log: file already closed
zerolog: could not write event: write experiment-output/0000/slave-002/client-040.log: file already closed
zerolog: could not write event: write experiment-output/0000/slave-002/client-169.log: file already closed
zerolog: could not write event: write experiment-output/0000/slave-002/client-170.log: file already closed
zerolog: could not write event: write experiment-output/0000/slave-002/client-048.log: file already closed
zerolog: could not write event: write experiment-output/0000/slave-002/client-170.log: file already closed
zerolog: could not write event: write experiment-output/0000/slave-002/client-100.log: file already closed
zerolog: could not write event: write experiment-output/0000/slave-002/client-100.log: file already closed
zerolog: could not write event: write experiment-output/0000/slave-002/client-040.log: file already closed
zerolog: could not write event: write experiment-output/0000/slave-002/client-170.log: file already closed
zerolog: could not write event: write experiment-output/0000/slave-002/client-048.log: file already closed
zerolog: could not write event: write experiment-output/0000/slave-002/client-048.log: file already closed
zerolog: could not write event: write experiment-output/0000/slave-002/client-141.log: file already closed
zerolog: could not write event: write experiment-output/0000/slave-002/client-100.log: file already closed
zerolog: could not write event: write experiment-output/0000/slave-002/client-170.log: file already closed
zerolog: could not write event: write experiment-output/0000/slave-002/client-100.log: file already closed
zerolog: could not write event: write experiment-output/0000/slave-002/client-040.log: file already closed
zerolog: could not write event: write experiment-output/0000/slave-002/client-141.log: file already closed
zerolog: could not write event: write experiment-output/0000/slave-002/client-139.log: file already closed
zerolog: could not write event: write experiment-output/0000/slave-002/client-170.log: file already closed
zerolog: could not write event: write experiment-output/0000/slave-002/client-169.log: file already closed
zerolog: could not write event: write experiment-output/0000/slave-002/client-141.log: file already closed
zerolog: could not write event: write experiment-output/0000/slave-002/client-048.log: file already closed
zerolog: could not write event: write experiment-output/0000/slave-002/client-100.log: file already closed
zerolog: could not write event: write experiment-output/0000/slave-002/client-100.log: file already closed
zerolog: could not write event: write experiment-output/0000/slave-002/client-139.log: file already closed
zerolog: could not write event: write experiment-output/0000/slave-002/client-141.log: file already closed
zerolog: could not write event: write experiment-output/0000/slave-002/client-048.log: file already closed
zerolog: could not write event: write experiment-output/0000/slave-002/client-169.log: file already closed
zerolog: could not write event: write experiment-output/0000/slave-002/client-170.log: file already closed
zerolog: could not write event: write experiment-output/0000/slave-002/client-100.log: file already closed
zerolog: could not write event: write experiment-output/0000/slave-002/client-169.log: file already closed
zerolog: could not write event: write experiment-output/0000/slave-002/client-170.log: file already closed
zerolog: could not write event: write experiment-output/0000/slave-002/client-048.log: file already closed
zerolog: could not write event: write experiment-output/0000/slave-002/client-040.log: file already closed
zerolog: could not write event: write experiment-output/0000/slave-002/client-100.log: file already closed
zerolog: could not write event: write experiment-output/0000/slave-002/client-100.log: file already closed
zerolog: could not write event: write experiment-output/0000/slave-002/client-169.log: file already closed
zerolog: could not write event: write experiment-output/0000/slave-002/client-040.log: file already closed
zerolog: could not write event: write experiment-output/0000/slave-002/client-169.log: file already closed
zerolog: could not write event: write experiment-output/0000/slave-002/client-141.log: file already closed
zerolog: could not write event: write experiment-output/0000/slave-002/client-040.log: file already closed
zerolog: could not write event: write experiment-output/0000/slave-002/client-170.log: file already closed
zerolog: could not write event: write experiment-output/0000/slave-002/client-139.log: file already closed
zerolog: could not write event: write experiment-output/0000/slave-002/client-100.log: file already closed
zerolog: could not write event: write experiment-output/0000/slave-002/client-141.log: file already closed
zerolog: could not write event: write experiment-output/0000/slave-002/client-169.log: file already closed
zerolog: could not write event: write experiment-output/0000/slave-002/client-170.log: file already closed
zerolog: could not write event: write experiment-output/0000/slave-002/client-048.log: file already closed
zerolog: could not write event: write experiment-output/0000/slave-002/client-040.log: file already closed
zerolog: could not write event: write experiment-output/0000/slave-002/client-169.log: file already closed
zerolog: could not write event: write experiment-output/0000/slave-002/client-170.log: file already closed
zerolog: could not write event: write experiment-output/0000/slave-002/client-040.log: file already closed
zerolog: could not write event: write experiment-output/0000/slave-002/client-141.log: file already closed
zerolog: could not write event: write experiment-output/0000/slave-002/client-169.log: file already closed
zerolog: could not write event: write experiment-output/0000/slave-002/client-169.log: file already closed
zerolog: could not write event: write experiment-output/0000/slave-002/client-126.log: file already closed
zerolog: could not write event: write experiment-output/0000/slave-002/client-048.log: file already closed
zerolog: could not write event: write experiment-output/0000/slave-002/client-141.log: file already closed
zerolog: could not write event: write experiment-output/0000/slave-002/client-048.log: file already closed
zerolog: could not write event: write experiment-output/0000/slave-002/client-040.log: file already closed
zerolog: could not write event: write experiment-output/0000/slave-002/client-139.log: file already closed
zerolog: could not write event: write experiment-output/0000/slave-002/client-100.log: file already closed
zerolog: could not write event: write experiment-output/0000/slave-002/client-100.log: file already closed
zerolog: could not write event: write experiment-output/0000/slave-002/client-139.log: file already closed
zerolog: could not write event: write experiment-output/0000/slave-002/client-100.log: file already closed
zerolog: could not write event: write experiment-output/0000/slave-002/client-040.log: file already closed
zerolog: could not write event: write experiment-output/0000/slave-002/client-126.log: file already closed
zerolog: could not write event: write experiment-output/0000/slave-002/client-048.log: file already closed
zerolog: could not write event: write experiment-output/0000/slave-002/client-126.log: file already closed
zerolog: could not write event: write experiment-output/0000/slave-002/client-169.log: file already closed
zerolog: could not write event: write experiment-output/0000/slave-002/client-100.log: file already closed
zerolog: could not write event: write experiment-output/0000/slave-002/client-169.log: file already closed
zerolog: could not write event: write experiment-output/0000/slave-002/client-126.log: file already closed
zerolog: could not write event: write experiment-output/0000/slave-002/client-126.log: file already closed
zerolog: could not write event: write experiment-output/0000/slave-002/client-040.log: file already closed
zerolog: could not write event: write experiment-output/0000/slave-002/client-040.log: file already closed
zerolog: could not write event: write experiment-output/0000/slave-002/client-100.log: file already closed
zerolog: could not write event: write experiment-output/0000/slave-002/client-169.log: file already closed
zerolog: could not write event: write experiment-output/0000/slave-002/client-141.log: file already closed
zerolog: could not write event: write experiment-output/0000/slave-002/client-126.log: file already closed
zerolog: could not write event: write experiment-output/0000/slave-002/client-139.log: file already closed
zerolog: could not write event: write experiment-output/0000/slave-002/client-141.log: file already closed
zerolog: could not write event: write experiment-output/0000/slave-002/client-040.log: file already closed
zerolog: could not write event: write experiment-output/0000/slave-002/client-139.log: file already closed
zerolog: could not write event: write experiment-output/0000/slave-002/client-100.log: file already closed
zerolog: could not write event: write experiment-output/0000/slave-002/client-126.log: file already closed
zerolog: could not write event: write experiment-output/0000/slave-002/client-141.log: file already closed
zerolog: could not write event: write experiment-output/0000/slave-002/client-139.log: file already closed
zerolog: could not write event: write experiment-output/0000/slave-002/client-169.log: file already closed
zerolog: could not write event: write experiment-output/0000/slave-002/client-040.log: file already closed
zerolog: could not write event: write experiment-output/0000/slave-002/client-141.log: file already closed
zerolog: could not write event: write experiment-output/0000/slave-002/client-139.log: file already closed
zerolog: could not write event: write experiment-output/0000/slave-002/client-040.log: file already closed
zerolog: could not write event: write experiment-output/0000/slave-002/client-139.log: file already closed
zerolog: could not write event: write experiment-output/0000/slave-002/client-126.log: file already closed
zerolog: could not write event: write experiment-output/0000/slave-002/client-126.log: file already closed
zerolog: could not write event: write experiment-output/0000/slave-002/client-139.log: file already closed
zerolog: could not write event: write experiment-output/0000/slave-002/client-139.log: file already closed
zerolog: could not write event: write experiment-output/0000/slave-002/client-126.log: file already closed
zerolog: could not write event: write experiment-output/0000/slave-002/client-126.log: file already closed
zerolog: could not write event: write experiment-output/0000/slave-002/client-040.log: file already closed
zerolog: could not write event: write experiment-output/0000/slave-002/client-139.log: file already closed
zerolog: could not write event: write experiment-output/0000/slave-002/client-126.log: file already closed
zerolog: could not write event: write experiment-output/0000/slave-002/client-126.log: file already closed
zerolog: could not write event: write experiment-output/0000/slave-002/client-139.log: file already closed
zerolog: could not write event: write experiment-output/0000/slave-002/client-126.log: file already closed
zerolog: could not write event: write experiment-output/0000/slave-002/client-126.log: file already closed
zerolog: could not write event: write experiment-output/0000/slave-002/client-126.log: file already closed
07:29:29.195 INF Profile data written. filename=experiment-output/0000/slave-002/prof-client.cpu name=cpu
07:29:29.213 INF Profile data written. filename=experiment-output/0000/slave-002/prof-client.block name=block
07:29:29.218 INF Profile data written. filename=experiment-output/0000/slave-002/prof-client.mutex name=mutex
