{"level":"debug","Logging":"info","time":"2023-03-25T08:16:35Z","message":"Config"}
{"level":"debug","UseTLS":false,"time":"2023-03-25T08:16:35Z","message":"Config"}
{"level":"debug","CACertFile":"tls-data/ca.pem","time":"2023-03-25T08:16:35Z","message":"Config"}
{"level":"debug","KeyFile":"tls-data/auth.key","time":"2023-03-25T08:16:35Z","message":"Config"}
{"level":"debug","CertFile":"tls-data/auth.pem","time":"2023-03-25T08:16:35Z","message":"Config"}
{"level":"debug","PriorityConnections":2,"time":"2023-03-25T08:16:35Z","message":"Config"}
{"level":"debug","BasicConnections":1,"time":"2023-03-25T08:16:35Z","message":"Config"}
{"level":"debug","TestConnections":false,"time":"2023-03-25T08:16:35Z","message":"Config"}
{"level":"debug","ExcessConnections":1,"time":"2023-03-25T08:16:35Z","message":"Config"}
{"level":"debug","ConnectionTestMsgs":4,"time":"2023-03-25T08:16:35Z","message":"Config"}
{"level":"debug","ConnectionTestPayload":131072,"time":"2023-03-25T08:16:35Z","message":"Config"}
{"level":"debug","OutMessageBufsize":1024,"time":"2023-03-25T08:16:35Z","message":"Config"}
{"level":"debug","OutMessageBufsize":4,"time":"2023-03-25T08:16:35Z","message":"Config"}
{"level":"debug","ThroughputCap":131072000,"time":"2023-03-25T08:16:35Z","message":"Config"}
{"level":"debug","StragglerTolerance":1000,"time":"2023-03-25T08:16:35Z","message":"Config"}
{"level":"debug","BatchSizeIncrement":256,"time":"2023-03-25T08:16:35Z","message":"Config"}
{"level":"debug","Orderer":"Pbft","time":"2023-03-25T08:16:35Z","message":"Config"}
{"level":"debug","Manager":"Mir","time":"2023-03-25T08:16:35Z","message":"Config"}
{"level":"debug","Failures":0,"time":"2023-03-25T08:16:35Z","message":"Config"}
{"level":"debug","StragglerCnt":0,"time":"2023-03-25T08:16:35Z","message":"Config"}
{"level":"debug","PrivKeyCnt":10,"time":"2023-03-25T08:16:35Z","message":"Config"}
{"level":"debug","UseSig":false,"time":"2023-03-25T08:16:35Z","message":"Config"}
{"level":"debug","CrashTiming":"Straggler","time":"2023-03-25T08:16:35Z","message":"Config"}
{"level":"debug","CheckpointInterval":512,"time":"2023-03-25T08:16:35Z","message":"Config"}
{"level":"debug","WatermarkWindowSize":512,"time":"2023-03-25T08:16:35Z","message":"Config"}
{"level":"debug","EpochLength":512,"time":"2023-03-25T08:16:35Z","message":"Config"}
{"level":"debug","SegmentLength":32,"time":"2023-03-25T08:16:35Z","message":"Config"}
{"level":"debug","WaitForCheckpoints":true,"time":"2023-03-25T08:16:35Z","message":"Config"}
{"level":"debug","ClientWatermarkWindowSize":16384,"time":"2023-03-25T08:16:35Z","message":"Config"}
{"level":"debug","ClientRequestBacklogSize":16384,"time":"2023-03-25T08:16:35Z","message":"Config"}
{"level":"debug","RandomSeed":30627,"time":"2023-03-25T08:16:35Z","message":"Config"}
{"level":"debug","NodeToLeaderRatio":1,"time":"2023-03-25T08:16:35Z","message":"Config"}
{"level":"debug","LeaderPolicy":"Simple","time":"2023-03-25T08:16:35Z","message":"Config"}
{"level":"debug","DefaultLeaderBan":2,"time":"2023-03-25T08:16:35Z","message":"Config"}
{"level":"debug","NumBuckets":256,"time":"2023-03-25T08:16:35Z","message":"Config"}
{"level":"debug","BatchSize":2500,"time":"2023-03-25T08:16:35Z","message":"Config"}
{"level":"debug","DisabledViewChange":false,"time":"2023-03-25T08:16:35Z","message":"Config"}
{"level":"debug","ViewChangeTimeout":60000,"time":"2023-03-25T08:16:35Z","message":"Config"}
{"level":"debug","ClientTraceSampling":10,"time":"2023-03-25T08:16:35Z","message":"Config"}
{"level":"debug","EventBufferSize":2097152,"time":"2023-03-25T08:16:35Z","message":"Config"}
{"level":"debug","TraceSampling":1,"time":"2023-03-25T08:16:35Z","message":"Config"}
{"level":"debug","ClientsPerProcess":8,"time":"2023-03-25T08:16:35Z","message":"Config"}
{"level":"debug","RequestsPerClient":3515,"time":"2023-03-25T08:16:35Z","message":"Config"}
{"level":"debug","ClientRunTime":15000,"time":"2023-03-25T08:16:35Z","message":"Config"}
{"level":"debug","RequestRate":117,"time":"2023-03-25T08:16:35Z","message":"Config"}
{"level":"debug","HardRequestRateLimit":false,"time":"2023-03-25T08:16:35Z","message":"Config"}
{"level":"debug","RequestPayloadSize":500,"time":"2023-03-25T08:16:35Z","message":"Config"}
{"level":"debug","SignRequests":true,"time":"2023-03-25T08:16:35Z","message":"Config"}
{"level":"debug","ClientPrivKeyFile":"tls-data/client-ecdsa-256.key","time":"2023-03-25T08:16:35Z","message":"Config"}
{"level":"debug","ClientPubKeyFile":"tls-data/client-ecdsa-256.pem","time":"2023-03-25T08:16:35Z","message":"Config"}
{"level":"debug","PrecomputeRequests":false,"time":"2023-03-25T08:16:35Z","message":"Config"}
{"level":"debug","RequestHandlerThreads":32,"time":"2023-03-25T08:16:35Z","message":"Config"}
{"level":"debug","RequestInputChannelBuffer":8192,"time":"2023-03-25T08:16:35Z","message":"Config"}
{"level":"debug","BatchVerifier":"external","time":"2023-03-25T08:16:35Z","message":"Config"}
08:16:35.106 INF Started Profiler: CPU
08:16:35.106 INF Started Profiler: BLOCK
08:16:35.106 INF Started Profiler: MUTEX
08:16:35.106 INF Starting clients. numClients=8 numRequests=3515
08:16:35.106 INF Initilizing clients.
08:16:35.112 INF Registared with discovery server. numOrderers=16 ownClientId=4
08:16:35.113 INF Registared with discovery server. numOrderers=16 ownClientId=16
08:16:35.113 INF Registared with discovery server. numOrderers=16 ownClientId=14
08:16:35.114 INF Registared with discovery server. numOrderers=16 ownClientId=25
08:16:35.114 INF Registared with discovery server. numOrderers=16 ownClientId=38
08:16:35.115 INF Registared with discovery server. numOrderers=16 ownClientId=2
08:16:35.115 INF Registared with discovery server. numOrderers=16 ownClientId=3
08:16:35.130 INF Registared with discovery server. numOrderers=16 ownClientId=62
08:16:35.130 INF Clients initialized.
08:16:35.130 INF Launching clients.
08:16:35.130 INF Waiting for clients.
08:17:13.100 INF Stopping Tracer. events=1035 fileName=experiment-output/0000/slave-014/client-038.trc
zerolog: could not write event: write experiment-output/0000/slave-014/client-038.log: file already closed
zerolog: could not write event: write experiment-output/0000/slave-014/client-038.log: file already closed
zerolog: could not write event: write experiment-output/0000/slave-014/client-038.log: file already closed
zerolog: could not write event: write experiment-output/0000/slave-014/client-038.log: file already closed
08:17:13.102 INF Trace data written.
08:17:13.112 INF Stopping Tracer. events=739 fileName=experiment-output/0000/slave-014/client-003.trc
zerolog: could not write event: write experiment-output/0000/slave-014/client-003.log: file already closed
zerolog: could not write event: write experiment-output/0000/slave-014/client-003.log: file already closed
zerolog: could not write event: write experiment-output/0000/slave-014/client-003.log: file already closed
zerolog: could not write event: write experiment-output/0000/slave-014/client-003.log: file already closed
08:17:13.113 INF Trace data written.
08:17:13.135 INF Stopping Tracer. events=808 fileName=experiment-output/0000/slave-014/client-025.trc
zerolog: could not write event: write experiment-output/0000/slave-014/client-025.log: file already closed
zerolog: could not write event: write experiment-output/0000/slave-014/client-025.log: file already closed
zerolog: could not write event: write experiment-output/0000/slave-014/client-025.log: file already closed
zerolog: could not write event: write experiment-output/0000/slave-014/client-025.log: file already closed
08:17:13.136 INF Stopping Tracer. events=1010 fileName=experiment-output/0000/slave-014/client-014.trc
zerolog: could not write event: write experiment-output/0000/slave-014/client-014.log: file already closed
zerolog: could not write event: write experiment-output/0000/slave-014/client-014.log: file already closed
zerolog: could not write event: write experiment-output/0000/slave-014/client-014.log: file already closed
zerolog: could not write event: write experiment-output/0000/slave-014/client-014.log: file already closed
08:17:13.137 INF Trace data written.
08:17:13.138 INF Trace data written.
08:17:13.138 INF Stopping Tracer. events=959 fileName=experiment-output/0000/slave-014/client-016.trc
zerolog: could not write event: write experiment-output/0000/slave-014/client-016.log: file already closed
zerolog: could not write event: write experiment-output/0000/slave-014/client-016.log: file already closed
zerolog: could not write event: write experiment-output/0000/slave-014/client-016.log: file already closed
zerolog: could not write event: write experiment-output/0000/slave-014/client-016.log: file already closed
08:17:13.140 INF Trace data written.
08:17:13.142 INF Stopping Tracer. events=1010 fileName=experiment-output/0000/slave-014/client-062.trc
08:17:13.142 INF Stopping Tracer. events=1028 fileName=experiment-output/0000/slave-014/client-004.trc
zerolog: could not write event: write experiment-output/0000/slave-014/client-062.log: file already closed
zerolog: could not write event: write experiment-output/0000/slave-014/client-062.log: file already closed
zerolog: could not write event: write experiment-output/0000/slave-014/client-062.log: file already closed
zerolog: could not write event: write experiment-output/0000/slave-014/client-062.log: file already closed
zerolog: could not write event: write experiment-output/0000/slave-014/client-004.log: file already closed
zerolog: could not write event: write experiment-output/0000/slave-014/client-004.log: file already closed
zerolog: could not write event: write experiment-output/0000/slave-014/client-004.log: file already closed
zerolog: could not write event: write experiment-output/0000/slave-014/client-004.log: file already closed
08:17:13.144 INF Trace data written.
08:17:13.144 INF Trace data written.
08:17:13.145 INF Stopping Tracer. events=1010 fileName=experiment-output/0000/slave-014/client-002.trc
zerolog: could not write event: write experiment-output/0000/slave-014/client-002.log: file already closed
zerolog: could not write event: write experiment-output/0000/slave-014/client-002.log: file already closed
zerolog: could not write event: write experiment-output/0000/slave-014/client-002.log: file already closed
zerolog: could not write event: write experiment-output/0000/slave-014/client-002.log: file already closed
08:17:13.147 INF Trace data written.
08:17:13.147 INF Done.
08:17:13.147 INF Stopping profiler.
zerolog: could not write event: write experiment-output/0000/slave-014/client-038.log: file already closed
zerolog: could not write event: write experiment-output/0000/slave-014/client-038.log: file already closed
zerolog: could not write event: write experiment-output/0000/slave-014/client-038.log: file already closed
zerolog: could not write event: write experiment-output/0000/slave-014/client-038.log: file already closed
zerolog: could not write event: write experiment-output/0000/slave-014/client-003.log: file already closed
zerolog: could not write event: write experiment-output/0000/slave-014/client-003.log: file already closed
zerolog: could not write event: write experiment-output/0000/slave-014/client-003.log: file already closed
zerolog: could not write event: write experiment-output/0000/slave-014/client-003.log: file already closed
zerolog: could not write event: write experiment-output/0000/slave-014/client-025.log: file already closed
zerolog: could not write event: write experiment-output/0000/slave-014/client-025.log: file already closed
zerolog: could not write event: write experiment-output/0000/slave-014/client-025.log: file already closed
zerolog: could not write event: write experiment-output/0000/slave-014/client-025.log: file already closed
zerolog: could not write event: write experiment-output/0000/slave-014/client-014.log: file already closed
zerolog: could not write event: write experiment-output/0000/slave-014/client-014.log: file already closed
zerolog: could not write event: write experiment-output/0000/slave-014/client-014.log: file already closed
zerolog: could not write event: write experiment-output/0000/slave-014/client-014.log: file already closed
zerolog: could not write event: write experiment-output/0000/slave-014/client-016.log: file already closed
zerolog: could not write event: write experiment-output/0000/slave-014/client-016.log: file already closed
zerolog: could not write event: write experiment-output/0000/slave-014/client-016.log: file already closed
zerolog: could not write event: write experiment-output/0000/slave-014/client-016.log: file already closed
zerolog: could not write event: write experiment-output/0000/slave-014/client-038.log: file already closed
zerolog: could not write event: write experiment-output/0000/slave-014/client-038.log: file already closed
zerolog: could not write event: write experiment-output/0000/slave-014/client-038.log: file already closed
zerolog: could not write event: write experiment-output/0000/slave-014/client-038.log: file already closed
zerolog: could not write event: write experiment-output/0000/slave-014/client-062.log: file already closed
zerolog: could not write event: write experiment-output/0000/slave-014/client-062.log: file already closed
zerolog: could not write event: write experiment-output/0000/slave-014/client-062.log: file already closed
zerolog: could not write event: write experiment-output/0000/slave-014/client-062.log: file already closed
zerolog: could not write event: write experiment-output/0000/slave-014/client-004.log: file already closed
zerolog: could not write event: write experiment-output/0000/slave-014/client-004.log: file already closed
zerolog: could not write event: write experiment-output/0000/slave-014/client-004.log: file already closed
zerolog: could not write event: write experiment-output/0000/slave-014/client-004.log: file already closed
zerolog: could not write event: write experiment-output/0000/slave-014/client-002.log: file already closed
zerolog: could not write event: write experiment-output/0000/slave-014/client-002.log: file already closed
zerolog: could not write event: write experiment-output/0000/slave-014/client-002.log: file already closed
zerolog: could not write event: write experiment-output/0000/slave-014/client-002.log: file already closed
08:17:13.241 INF Profile data written. filename=experiment-output/0000/slave-014/prof-client.cpu name=cpu
zerolog: could not write event: write experiment-output/0000/slave-014/client-003.log: file already closed
zerolog: could not write event: write experiment-output/0000/slave-014/client-003.log: file already closed
zerolog: could not write event: write experiment-output/0000/slave-014/client-003.log: file already closed
zerolog: could not write event: write experiment-output/0000/slave-014/client-003.log: file already closed
08:17:13.256 INF Profile data written. filename=experiment-output/0000/slave-014/prof-client.block name=block
08:17:13.262 INF Profile data written. filename=experiment-output/0000/slave-014/prof-client.mutex name=mutex
