{"level":"debug","Logging":"info","time":"2023-03-30T03:56:56Z","message":"Config"}
{"level":"debug","UseTLS":false,"time":"2023-03-30T03:56:56Z","message":"Config"}
{"level":"debug","CACertFile":"tls-data/ca.pem","time":"2023-03-30T03:56:56Z","message":"Config"}
{"level":"debug","KeyFile":"tls-data/auth.key","time":"2023-03-30T03:56:56Z","message":"Config"}
{"level":"debug","CertFile":"tls-data/auth.pem","time":"2023-03-30T03:56:56Z","message":"Config"}
{"level":"debug","PriorityConnections":2,"time":"2023-03-30T03:56:56Z","message":"Config"}
{"level":"debug","BasicConnections":1,"time":"2023-03-30T03:56:56Z","message":"Config"}
{"level":"debug","TestConnections":false,"time":"2023-03-30T03:56:56Z","message":"Config"}
{"level":"debug","ExcessConnections":1,"time":"2023-03-30T03:56:56Z","message":"Config"}
{"level":"debug","ConnectionTestMsgs":4,"time":"2023-03-30T03:56:56Z","message":"Config"}
{"level":"debug","ConnectionTestPayload":131072,"time":"2023-03-30T03:56:56Z","message":"Config"}
{"level":"debug","OutMessageBufsize":1024,"time":"2023-03-30T03:56:56Z","message":"Config"}
{"level":"debug","OutMessageBufsize":4,"time":"2023-03-30T03:56:56Z","message":"Config"}
{"level":"debug","ThroughputCap":131072000,"time":"2023-03-30T03:56:56Z","message":"Config"}
{"level":"debug","StragglerTolerance":1000,"time":"2023-03-30T03:56:56Z","message":"Config"}
{"level":"debug","BatchSizeIncrement":256,"time":"2023-03-30T03:56:56Z","message":"Config"}
{"level":"debug","Orderer":"Pbft","time":"2023-03-30T03:56:56Z","message":"Config"}
{"level":"debug","Manager":"Mir","time":"2023-03-30T03:56:56Z","message":"Config"}
{"level":"debug","Failures":0,"time":"2023-03-30T03:56:56Z","message":"Config"}
{"level":"debug","StragglerCnt":0,"time":"2023-03-30T03:56:56Z","message":"Config"}
{"level":"debug","CrashTiming":"Straggler","time":"2023-03-30T03:56:56Z","message":"Config"}
{"level":"debug","CheckpointInterval":512,"time":"2023-03-30T03:56:56Z","message":"Config"}
{"level":"debug","WatermarkWindowSize":512,"time":"2023-03-30T03:56:56Z","message":"Config"}
{"level":"debug","EpochLength":512,"time":"2023-03-30T03:56:56Z","message":"Config"}
{"level":"debug","SegmentLength":32,"time":"2023-03-30T03:56:56Z","message":"Config"}
{"level":"debug","WaitForCheckpoints":true,"time":"2023-03-30T03:56:56Z","message":"Config"}
{"level":"debug","ClientWatermarkWindowSize":16384,"time":"2023-03-30T03:56:56Z","message":"Config"}
{"level":"debug","ClientRequestBacklogSize":16384,"time":"2023-03-30T03:56:56Z","message":"Config"}
{"level":"debug","RandomSeed":18003,"time":"2023-03-30T03:56:56Z","message":"Config"}
{"level":"debug","NodeToLeaderRatio":1,"time":"2023-03-30T03:56:56Z","message":"Config"}
{"level":"debug","LeaderPolicy":"Simple","time":"2023-03-30T03:56:56Z","message":"Config"}
{"level":"debug","DefaultLeaderBan":2,"time":"2023-03-30T03:56:56Z","message":"Config"}
{"level":"debug","NumBuckets":256,"time":"2023-03-30T03:56:56Z","message":"Config"}
{"level":"debug","BatchSize":1000,"time":"2023-03-30T03:56:56Z","message":"Config"}
{"level":"debug","DisabledViewChange":false,"time":"2023-03-30T03:56:56Z","message":"Config"}
{"level":"debug","ViewChangeTimeout":60000,"time":"2023-03-30T03:56:56Z","message":"Config"}
{"level":"debug","ClientTraceSampling":10,"time":"2023-03-30T03:56:56Z","message":"Config"}
{"level":"debug","EventBufferSize":2097152,"time":"2023-03-30T03:56:56Z","message":"Config"}
{"level":"debug","TraceSampling":1,"time":"2023-03-30T03:56:56Z","message":"Config"}
{"level":"debug","ClientsPerProcess":8,"time":"2023-03-30T03:56:56Z","message":"Config"}
{"level":"debug","RequestsPerClient":5859,"time":"2023-03-30T03:56:56Z","message":"Config"}
{"level":"debug","ClientRunTime":15000,"time":"2023-03-30T03:56:56Z","message":"Config"}
{"level":"debug","RequestRate":195,"time":"2023-03-30T03:56:56Z","message":"Config"}
{"level":"debug","HardRequestRateLimit":false,"time":"2023-03-30T03:56:56Z","message":"Config"}
{"level":"debug","RequestPayloadSize":500,"time":"2023-03-30T03:56:56Z","message":"Config"}
{"level":"debug","SignRequests":true,"time":"2023-03-30T03:56:56Z","message":"Config"}
{"level":"debug","ClientPrivKeyFile":"tls-data/client-ecdsa-256.key","time":"2023-03-30T03:56:56Z","message":"Config"}
{"level":"debug","ClientPubKeyFile":"tls-data/client-ecdsa-256.pem","time":"2023-03-30T03:56:56Z","message":"Config"}
{"level":"debug","PrecomputeRequests":false,"time":"2023-03-30T03:56:56Z","message":"Config"}
{"level":"debug","RequestHandlerThreads":32,"time":"2023-03-30T03:56:56Z","message":"Config"}
{"level":"debug","RequestInputChannelBuffer":8192,"time":"2023-03-30T03:56:56Z","message":"Config"}
{"level":"debug","BatchVerifier":"external","time":"2023-03-30T03:56:56Z","message":"Config"}
03:56:56.806 INF Started Profiler: CPU
03:56:56.806 INF Started Profiler: BLOCK
03:56:56.806 INF Started Profiler: MUTEX
03:56:56.806 INF Starting clients. numClients=8 numRequests=5859
03:56:56.806 INF Initilizing clients.
03:56:57.200 INF Registared with discovery server. numOrderers=16 ownClientId=128
03:56:57.201 INF Registared with discovery server. numOrderers=16 ownClientId=129
03:56:57.203 INF Registared with discovery server. numOrderers=16 ownClientId=133
03:56:57.203 INF Registared with discovery server. numOrderers=16 ownClientId=135
03:56:57.204 INF Registared with discovery server. numOrderers=16 ownClientId=145
03:56:57.204 INF Registared with discovery server. numOrderers=16 ownClientId=139
03:56:57.206 INF Registared with discovery server. numOrderers=16 ownClientId=164
03:56:57.209 INF Registared with discovery server. numOrderers=16 ownClientId=184
03:56:57.209 INF Clients initialized.
03:56:57.209 INF Launching clients.
03:56:57.210 INF Waiting for clients.
03:57:23.297 INF Stopping Tracer. events=1186 fileName=experiment-output/0001/slave-028/client-184.trc
zerolog: could not write event: write experiment-output/0001/slave-028/client-184.log: file already closed
zerolog: could not write event: write experiment-output/0001/slave-028/client-184.log: file already closed
zerolog: could not write event: write experiment-output/0001/slave-028/client-184.log: file already closed
zerolog: could not write event: write experiment-output/0001/slave-028/client-184.log: file already closed
03:57:23.299 INF Trace data written.
03:57:23.327 INF Stopping Tracer. events=1728 fileName=experiment-output/0001/slave-028/client-139.trc
zerolog: could not write event: write experiment-output/0001/slave-028/client-139.log: file already closed
zerolog: could not write event: write experiment-output/0001/slave-028/client-139.log: file already closed
zerolog: could not write event: write experiment-output/0001/slave-028/client-139.log: file already closed
zerolog: could not write event: write experiment-output/0001/slave-028/client-139.log: file already closed
03:57:23.329 INF Trace data written.
03:57:23.338 INF Stopping Tracer. events=1885 fileName=experiment-output/0001/slave-028/client-145.trc
03:57:23.338 INF Stopping Tracer. events=1852 fileName=experiment-output/0001/slave-028/client-135.trc
03:57:23.338 INF Stopping Tracer. events=1746 fileName=experiment-output/0001/slave-028/client-133.trc
zerolog: could not write event: write experiment-output/0001/slave-028/client-135.log: file already closed
zerolog: could not write event: write experiment-output/0001/slave-028/client-135.log: file already closed
03:57:23.338 INF Stopping Tracer. events=1742 fileName=experiment-output/0001/slave-028/client-129.trc
zerolog: could not write event: write experiment-output/0001/slave-028/client-145.log: file already closed
zerolog: could not write event: write experiment-output/0001/slave-028/client-133.log: file already closed
zerolog: could not write event: write experiment-output/0001/slave-028/client-145.log: file already closed
zerolog: could not write event: write experiment-output/0001/slave-028/client-135.log: file already closed
zerolog: could not write event: write experiment-output/0001/slave-028/client-145.log: file already closed
zerolog: could not write event: write experiment-output/0001/slave-028/client-145.log: file already closed
zerolog: could not write event: write experiment-output/0001/slave-028/client-133.log: file already closed
zerolog: could not write event: write experiment-output/0001/slave-028/client-135.log: file already closed
zerolog: could not write event: write experiment-output/0001/slave-028/client-133.log: file already closed
zerolog: could not write event: write experiment-output/0001/slave-028/client-133.log: file already closed
zerolog: could not write event: write experiment-output/0001/slave-028/client-129.log: file already closed
zerolog: could not write event: write experiment-output/0001/slave-028/client-129.log: file already closed
zerolog: could not write event: write experiment-output/0001/slave-028/client-129.log: file already closed
zerolog: could not write event: write experiment-output/0001/slave-028/client-129.log: file already closed
03:57:23.341 INF Trace data written.
03:57:23.341 INF Trace data written.
03:57:23.342 INF Trace data written.
03:57:23.342 INF Trace data written.
03:57:23.345 INF Stopping Tracer. events=1187 fileName=experiment-output/0001/slave-028/client-128.trc
03:57:23.345 INF Stopping Tracer. events=1183 fileName=experiment-output/0001/slave-028/client-164.trc
zerolog: could not write event: write experiment-output/0001/slave-028/client-128.log: file already closed
zerolog: could not write event: write experiment-output/0001/slave-028/client-164.log: file already closed
zerolog: could not write event: write experiment-output/0001/slave-028/client-164.log: file already closed
zerolog: could not write event: write experiment-output/0001/slave-028/client-164.log: file already closed
zerolog: could not write event: write experiment-output/0001/slave-028/client-128.log: file already closed
zerolog: could not write event: write experiment-output/0001/slave-028/client-128.log: file already closed
zerolog: could not write event: write experiment-output/0001/slave-028/client-164.log: file already closed
zerolog: could not write event: write experiment-output/0001/slave-028/client-128.log: file already closed
03:57:23.347 INF Trace data written.
03:57:23.347 INF Trace data written.
03:57:23.347 INF Done.
03:57:23.347 INF Stopping profiler.
zerolog: could not write event: write experiment-output/0001/slave-028/client-184.log: file already closed
zerolog: could not write event: write experiment-output/0001/slave-028/client-184.log: file already closed
zerolog: could not write event: write experiment-output/0001/slave-028/client-184.log: file already closed
zerolog: could not write event: write experiment-output/0001/slave-028/client-184.log: file already closed
zerolog: could not write event: write experiment-output/0001/slave-028/client-139.log: file already closed
zerolog: could not write event: write experiment-output/0001/slave-028/client-184.log: file already closed
zerolog: could not write event: write experiment-output/0001/slave-028/client-184.log: file already closed
zerolog: could not write event: write experiment-output/0001/slave-028/client-184.log: file already closed
zerolog: could not write event: write experiment-output/0001/slave-028/client-184.log: file already closed
zerolog: could not write event: write experiment-output/0001/slave-028/client-139.log: file already closed
zerolog: could not write event: write experiment-output/0001/slave-028/client-145.log: file already closed
zerolog: could not write event: write experiment-output/0001/slave-028/client-133.log: file already closed
zerolog: could not write event: write experiment-output/0001/slave-028/client-129.log: file already closed
zerolog: could not write event: write experiment-output/0001/slave-028/client-139.log: file already closed
zerolog: could not write event: write experiment-output/0001/slave-028/client-133.log: file already closed
zerolog: could not write event: write experiment-output/0001/slave-028/client-129.log: file already closed
zerolog: could not write event: write experiment-output/0001/slave-028/client-139.log: file already closed
zerolog: could not write event: write experiment-output/0001/slave-028/client-128.log: file already closed
zerolog: could not write event: write experiment-output/0001/slave-028/client-164.log: file already closed
zerolog: could not write event: write experiment-output/0001/slave-028/client-128.log: file already closed
zerolog: could not write event: write experiment-output/0001/slave-028/client-164.log: file already closed
zerolog: could not write event: write experiment-output/0001/slave-028/client-164.log: file already closed
zerolog: could not write event: write experiment-output/0001/slave-028/client-135.log: file already closed
zerolog: could not write event: write experiment-output/0001/slave-028/client-133.log: file already closed
zerolog: could not write event: write experiment-output/0001/slave-028/client-145.log: file already closed
zerolog: could not write event: write experiment-output/0001/slave-028/client-135.log: file already closed
zerolog: could not write event: write experiment-output/0001/slave-028/client-135.log: file already closed
zerolog: could not write event: write experiment-output/0001/slave-028/client-145.log: file already closed
zerolog: could not write event: write experiment-output/0001/slave-028/client-129.log: file already closed
zerolog: could not write event: write experiment-output/0001/slave-028/client-145.log: file already closed
zerolog: could not write event: write experiment-output/0001/slave-028/client-135.log: file already closed
zerolog: could not write event: write experiment-output/0001/slave-028/client-129.log: file already closed
zerolog: could not write event: write experiment-output/0001/slave-028/client-133.log: file already closed
zerolog: could not write event: write experiment-output/0001/slave-028/client-139.log: file already closed
zerolog: could not write event: write experiment-output/0001/slave-028/client-139.log: file already closed
zerolog: could not write event: write experiment-output/0001/slave-028/client-139.log: file already closed
zerolog: could not write event: write experiment-output/0001/slave-028/client-139.log: file already closed
zerolog: could not write event: write experiment-output/0001/slave-028/client-128.log: file already closed
zerolog: could not write event: write experiment-output/0001/slave-028/client-128.log: file already closed
zerolog: could not write event: write experiment-output/0001/slave-028/client-164.log: file already closed
zerolog: could not write event: write experiment-output/0001/slave-028/client-145.log: file already closed
zerolog: could not write event: write experiment-output/0001/slave-028/client-145.log: file already closed
zerolog: could not write event: write experiment-output/0001/slave-028/client-133.log: file already closed
zerolog: could not write event: write experiment-output/0001/slave-028/client-133.log: file already closed
zerolog: could not write event: write experiment-output/0001/slave-028/client-145.log: file already closed
zerolog: could not write event: write experiment-output/0001/slave-028/client-135.log: file already closed
zerolog: could not write event: write experiment-output/0001/slave-028/client-135.log: file already closed
zerolog: could not write event: write experiment-output/0001/slave-028/client-145.log: file already closed
zerolog: could not write event: write experiment-output/0001/slave-028/client-135.log: file already closed
zerolog: could not write event: write experiment-output/0001/slave-028/client-135.log: file already closed
zerolog: could not write event: write experiment-output/0001/slave-028/client-129.log: file already closed
zerolog: could not write event: write experiment-output/0001/slave-028/client-129.log: file already closed
zerolog: could not write event: write experiment-output/0001/slave-028/client-133.log: file already closed
zerolog: could not write event: write experiment-output/0001/slave-028/client-129.log: file already closed
zerolog: could not write event: write experiment-output/0001/slave-028/client-133.log: file already closed
zerolog: could not write event: write experiment-output/0001/slave-028/client-129.log: file already closed
zerolog: could not write event: write experiment-output/0001/slave-028/client-164.log: file already closed
zerolog: could not write event: write experiment-output/0001/slave-028/client-164.log: file already closed
zerolog: could not write event: write experiment-output/0001/slave-028/client-128.log: file already closed
zerolog: could not write event: write experiment-output/0001/slave-028/client-164.log: file already closed
zerolog: could not write event: write experiment-output/0001/slave-028/client-128.log: file already closed
zerolog: could not write event: write experiment-output/0001/slave-028/client-128.log: file already closed
zerolog: could not write event: write experiment-output/0001/slave-028/client-128.log: file already closed
zerolog: could not write event: write experiment-output/0001/slave-028/client-164.log: file already closed
zerolog: could not write event: write experiment-output/0001/slave-028/client-184.log: file already closed
zerolog: could not write event: write experiment-output/0001/slave-028/client-184.log: file already closed
zerolog: could not write event: write experiment-output/0001/slave-028/client-184.log: file already closed
zerolog: could not write event: write experiment-output/0001/slave-028/client-184.log: file already closed
zerolog: could not write event: write experiment-output/0001/slave-028/client-139.log: file already closed
zerolog: could not write event: write experiment-output/0001/slave-028/client-139.log: file already closed
zerolog: could not write event: write experiment-output/0001/slave-028/client-139.log: file already closed
zerolog: could not write event: write experiment-output/0001/slave-028/client-139.log: file already closed
03:57:23.545 INF Profile data written. filename=experiment-output/0001/slave-028/prof-client.cpu name=cpu
zerolog: could not write event: write experiment-output/0001/slave-028/client-145.log: file already closed
zerolog: could not write event: write experiment-output/0001/slave-028/client-145.log: file already closed
zerolog: could not write event: write experiment-output/0001/slave-028/client-135.log: file already closed
zerolog: could not write event: write experiment-output/0001/slave-028/client-133.log: file already closed
zerolog: could not write event: write experiment-output/0001/slave-028/client-129.log: file already closed
zerolog: could not write event: write experiment-output/0001/slave-028/client-145.log: file already closed
zerolog: could not write event: write experiment-output/0001/slave-028/client-145.log: file already closed
zerolog: could not write event: write experiment-output/0001/slave-028/client-129.log: file already closed
zerolog: could not write event: write experiment-output/0001/slave-028/client-133.log: file already closed
zerolog: could not write event: write experiment-output/0001/slave-028/client-129.log: file already closed
zerolog: could not write event: write experiment-output/0001/slave-028/client-133.log: file already closed
zerolog: could not write event: write experiment-output/0001/slave-028/client-135.log: file already closed
zerolog: could not write event: write experiment-output/0001/slave-028/client-135.log: file already closed
zerolog: could not write event: write experiment-output/0001/slave-028/client-133.log: file already closed
zerolog: could not write event: write experiment-output/0001/slave-028/client-129.log: file already closed
zerolog: could not write event: write experiment-output/0001/slave-028/client-135.log: file already closed
zerolog: could not write event: write experiment-output/0001/slave-028/client-164.log: file already closed
zerolog: could not write event: write experiment-output/0001/slave-028/client-164.log: file already closed
zerolog: could not write event: write experiment-output/0001/slave-028/client-128.log: file already closed
zerolog: could not write event: write experiment-output/0001/slave-028/client-128.log: file already closed
zerolog: could not write event: write experiment-output/0001/slave-028/client-164.log: file already closed
zerolog: could not write event: write experiment-output/0001/slave-028/client-128.log: file already closed
zerolog: could not write event: write experiment-output/0001/slave-028/client-164.log: file already closed
zerolog: could not write event: write experiment-output/0001/slave-028/client-128.log: file already closed
03:57:23.563 INF Profile data written. filename=experiment-output/0001/slave-028/prof-client.block name=block
03:57:23.569 INF Profile data written. filename=experiment-output/0001/slave-028/prof-client.mutex name=mutex
