{"level":"debug","Logging":"info","time":"2023-03-21T08:18:15Z","message":"Config"}
{"level":"debug","UseTLS":false,"time":"2023-03-21T08:18:15Z","message":"Config"}
{"level":"debug","CACertFile":"tls-data/ca.pem","time":"2023-03-21T08:18:15Z","message":"Config"}
{"level":"debug","KeyFile":"tls-data/auth.key","time":"2023-03-21T08:18:15Z","message":"Config"}
{"level":"debug","CertFile":"tls-data/auth.pem","time":"2023-03-21T08:18:15Z","message":"Config"}
{"level":"debug","PriorityConnections":2,"time":"2023-03-21T08:18:15Z","message":"Config"}
{"level":"debug","BasicConnections":1,"time":"2023-03-21T08:18:15Z","message":"Config"}
{"level":"debug","TestConnections":false,"time":"2023-03-21T08:18:15Z","message":"Config"}
{"level":"debug","ExcessConnections":1,"time":"2023-03-21T08:18:15Z","message":"Config"}
{"level":"debug","ConnectionTestMsgs":4,"time":"2023-03-21T08:18:15Z","message":"Config"}
{"level":"debug","ConnectionTestPayload":131072,"time":"2023-03-21T08:18:15Z","message":"Config"}
{"level":"debug","OutMessageBufsize":1024,"time":"2023-03-21T08:18:15Z","message":"Config"}
{"level":"debug","OutMessageBufsize":4,"time":"2023-03-21T08:18:15Z","message":"Config"}
{"level":"debug","ThroughputCap":131072000,"time":"2023-03-21T08:18:15Z","message":"Config"}
{"level":"debug","StragglerTolerance":1000,"time":"2023-03-21T08:18:15Z","message":"Config"}
{"level":"debug","BatchSizeIncrement":256,"time":"2023-03-21T08:18:15Z","message":"Config"}
{"level":"debug","Orderer":"Pbft","time":"2023-03-21T08:18:15Z","message":"Config"}
{"level":"debug","Manager":"Mir","time":"2023-03-21T08:18:15Z","message":"Config"}
{"level":"debug","Failures":0,"time":"2023-03-21T08:18:15Z","message":"Config"}
{"level":"debug","StragglerCnt":1,"time":"2023-03-21T08:18:15Z","message":"Config"}
{"level":"debug","PrivKeyCnt":10,"time":"2023-03-21T08:18:15Z","message":"Config"}
{"level":"debug","UseSig":false,"time":"2023-03-21T08:18:15Z","message":"Config"}
{"level":"debug","TnCheckpointCnt":3,"time":"2023-03-21T08:18:15Z","message":"Config"}
{"level":"debug","CrashTiming":"Straggler","time":"2023-03-21T08:18:15Z","message":"Config"}
{"level":"debug","CheckpointInterval":256,"time":"2023-03-21T08:18:15Z","message":"Config"}
{"level":"debug","WatermarkWindowSize":256,"time":"2023-03-21T08:18:15Z","message":"Config"}
{"level":"debug","EpochLength":256,"time":"2023-03-21T08:18:15Z","message":"Config"}
{"level":"debug","SegmentLength":16,"time":"2023-03-21T08:18:15Z","message":"Config"}
{"level":"debug","WaitForCheckpoints":true,"time":"2023-03-21T08:18:15Z","message":"Config"}
{"level":"debug","ClientWatermarkWindowSize":16384,"time":"2023-03-21T08:18:15Z","message":"Config"}
{"level":"debug","ClientRequestBacklogSize":16384,"time":"2023-03-21T08:18:15Z","message":"Config"}
{"level":"debug","RandomSeed":23281,"time":"2023-03-21T08:18:15Z","message":"Config"}
{"level":"debug","NodeToLeaderRatio":1,"time":"2023-03-21T08:18:15Z","message":"Config"}
{"level":"debug","LeaderPolicy":"Simple","time":"2023-03-21T08:18:15Z","message":"Config"}
{"level":"debug","DefaultLeaderBan":2,"time":"2023-03-21T08:18:15Z","message":"Config"}
{"level":"debug","NumBuckets":256,"time":"2023-03-21T08:18:15Z","message":"Config"}
{"level":"debug","BatchSize":1000,"time":"2023-03-21T08:18:15Z","message":"Config"}
{"level":"debug","DisabledViewChange":false,"time":"2023-03-21T08:18:15Z","message":"Config"}
{"level":"debug","ViewChangeTimeout":60000,"time":"2023-03-21T08:18:15Z","message":"Config"}
{"level":"debug","ClientTraceSampling":10,"time":"2023-03-21T08:18:15Z","message":"Config"}
{"level":"debug","EventBufferSize":2097152,"time":"2023-03-21T08:18:15Z","message":"Config"}
{"level":"debug","TraceSampling":1,"time":"2023-03-21T08:18:15Z","message":"Config"}
{"level":"debug","ClientsPerProcess":8,"time":"2023-03-21T08:18:15Z","message":"Config"}
{"level":"debug","RequestsPerClient":7031,"time":"2023-03-21T08:18:15Z","message":"Config"}
{"level":"debug","ClientRunTime":15000,"time":"2023-03-21T08:18:15Z","message":"Config"}
{"level":"debug","RequestRate":234,"time":"2023-03-21T08:18:15Z","message":"Config"}
{"level":"debug","HardRequestRateLimit":false,"time":"2023-03-21T08:18:15Z","message":"Config"}
{"level":"debug","RequestPayloadSize":500,"time":"2023-03-21T08:18:15Z","message":"Config"}
{"level":"debug","SignRequests":true,"time":"2023-03-21T08:18:15Z","message":"Config"}
{"level":"debug","ClientPrivKeyFile":"tls-data/client-ecdsa-256.key","time":"2023-03-21T08:18:15Z","message":"Config"}
{"level":"debug","ClientPubKeyFile":"tls-data/client-ecdsa-256.pem","time":"2023-03-21T08:18:15Z","message":"Config"}
{"level":"debug","PrecomputeRequests":false,"time":"2023-03-21T08:18:15Z","message":"Config"}
{"level":"debug","RequestHandlerThreads":32,"time":"2023-03-21T08:18:15Z","message":"Config"}
{"level":"debug","RequestInputChannelBuffer":8192,"time":"2023-03-21T08:18:15Z","message":"Config"}
{"level":"debug","BatchVerifier":"external","time":"2023-03-21T08:18:15Z","message":"Config"}
08:18:15.143 INF Started Profiler: CPU
08:18:15.143 INF Started Profiler: BLOCK
08:18:15.143 INF Started Profiler: MUTEX
08:18:15.144 INF Starting clients. numClients=8 numRequests=7031
08:18:15.144 INF Initilizing clients.
08:18:15.150 INF Registared with discovery server. numOrderers=16 ownClientId=4
08:18:15.150 INF Registared with discovery server. numOrderers=16 ownClientId=9
08:18:15.151 INF Registared with discovery server. numOrderers=16 ownClientId=18
08:18:15.151 INF Registared with discovery server. numOrderers=16 ownClientId=36
08:18:15.151 INF Registared with discovery server. numOrderers=16 ownClientId=37
08:18:15.151 INF Registared with discovery server. numOrderers=16 ownClientId=23
08:18:15.151 INF Registared with discovery server. numOrderers=16 ownClientId=40
08:18:15.152 INF Registared with discovery server. numOrderers=16 ownClientId=54
08:18:15.152 INF Clients initialized.
08:18:15.152 INF Launching clients.
08:18:15.152 INF Waiting for clients.
08:19:12.191 INF Stopping Tracer. events=1636 fileName=experiment-output/0000/slave-023/client-054.trc
zerolog: could not write event: write experiment-output/0000/slave-023/client-054.log: file already closed
zerolog: could not write event: write experiment-output/0000/slave-023/client-054.log: file already closed
zerolog: could not write event: write experiment-output/0000/slave-023/client-054.log: file already closed
zerolog: could not write event: write experiment-output/0000/slave-023/client-054.log: file already closed
08:19:12.193 INF Trace data written.
zerolog: could not write event: write experiment-output/0000/slave-023/client-054.log: file already closed
zerolog: could not write event: write experiment-output/0000/slave-023/client-054.log: file already closed
zerolog: could not write event: write experiment-output/0000/slave-023/client-054.log: file already closed
zerolog: could not write event: write experiment-output/0000/slave-023/client-054.log: file already closed
zerolog: could not write event: write experiment-output/0000/slave-023/client-054.log: file already closed
zerolog: could not write event: write experiment-output/0000/slave-023/client-054.log: file already closed
zerolog: could not write event: write experiment-output/0000/slave-023/client-054.log: file already closed
zerolog: could not write event: write experiment-output/0000/slave-023/client-054.log: file already closed
zerolog: could not write event: write experiment-output/0000/slave-023/client-054.log: file already closed
zerolog: could not write event: write experiment-output/0000/slave-023/client-054.log: file already closed
zerolog: could not write event: write experiment-output/0000/slave-023/client-054.log: file already closed
zerolog: could not write event: write experiment-output/0000/slave-023/client-054.log: file already closed
08:19:16.147 INF Stopping Tracer. events=1550 fileName=experiment-output/0000/slave-023/client-004.trc
zerolog: could not write event: write experiment-output/0000/slave-023/client-004.log: file already closed
zerolog: could not write event: write experiment-output/0000/slave-023/client-004.log: file already closed
zerolog: could not write event: write experiment-output/0000/slave-023/client-004.log: file already closed
zerolog: could not write event: write experiment-output/0000/slave-023/client-004.log: file already closed
08:19:16.149 INF Trace data written.
08:19:16.188 INF Stopping Tracer. events=1764 fileName=experiment-output/0000/slave-023/client-009.trc
zerolog: could not write event: write experiment-output/0000/slave-023/client-009.log: file already closed
zerolog: could not write event: write experiment-output/0000/slave-023/client-009.log: file already closed
zerolog: could not write event: write experiment-output/0000/slave-023/client-009.log: file already closed
zerolog: could not write event: write experiment-output/0000/slave-023/client-009.log: file already closed
08:19:16.190 INF Stopping Tracer. events=2017 fileName=experiment-output/0000/slave-023/client-037.trc
zerolog: could not write event: write experiment-output/0000/slave-023/client-037.log: file already closed
zerolog: could not write event: write experiment-output/0000/slave-023/client-037.log: file already closed
zerolog: could not write event: write experiment-output/0000/slave-023/client-037.log: file already closed
zerolog: could not write event: write experiment-output/0000/slave-023/client-037.log: file already closed
08:19:16.192 INF Trace data written.
08:19:16.193 INF Stopping Tracer. events=1641 fileName=experiment-output/0000/slave-023/client-018.trc
08:19:16.193 INF Stopping Tracer. events=1663 fileName=experiment-output/0000/slave-023/client-036.trc
08:19:16.193 INF Stopping Tracer. events=1953 fileName=experiment-output/0000/slave-023/client-023.trc
zerolog: could not write event: write experiment-output/0000/slave-023/client-018.log: file already closed
zerolog: could not write event: write experiment-output/0000/slave-023/client-018.log: file already closed
zerolog: could not write event: write experiment-output/0000/slave-023/client-018.log: file already closed
zerolog: could not write event: write experiment-output/0000/slave-023/client-023.log: file already closed
zerolog: could not write event: write experiment-output/0000/slave-023/client-023.log: file already closed
zerolog: could not write event: write experiment-output/0000/slave-023/client-018.log: file already closed
zerolog: could not write event: write experiment-output/0000/slave-023/client-023.log: file already closed
zerolog: could not write event: write experiment-output/0000/slave-023/client-023.log: file already closed
08:19:16.193 INF Stopping Tracer. events=1633 fileName=experiment-output/0000/slave-023/client-040.trc
zerolog: could not write event: write experiment-output/0000/slave-023/client-036.log: file already closed
zerolog: could not write event: write experiment-output/0000/slave-023/client-040.log: file already closed
zerolog: could not write event: write experiment-output/0000/slave-023/client-036.log: file already closed
zerolog: could not write event: write experiment-output/0000/slave-023/client-040.log: file already closed
zerolog: could not write event: write experiment-output/0000/slave-023/client-040.log: file already closed
zerolog: could not write event: write experiment-output/0000/slave-023/client-040.log: file already closed
zerolog: could not write event: write experiment-output/0000/slave-023/client-036.log: file already closed
zerolog: could not write event: write experiment-output/0000/slave-023/client-036.log: file already closed
08:19:16.195 INF Trace data written.
08:19:16.196 INF Trace data written.
08:19:16.196 INF Trace data written.
08:19:16.197 INF Trace data written.
08:19:16.198 INF Trace data written.
08:19:16.198 INF Done.
08:19:16.198 INF Stopping profiler.
08:19:16.218 INF Profile data written. filename=experiment-output/0000/slave-023/prof-client.mutex name=mutex
zerolog: could not write event: write experiment-output/0000/slave-023/client-004.log: file already closed
zerolog: could not write event: write experiment-output/0000/slave-023/client-004.log: file already closed
zerolog: could not write event: write experiment-output/0000/slave-023/client-004.log: file already closed
zerolog: could not write event: write experiment-output/0000/slave-023/client-004.log: file already closed
zerolog: could not write event: write experiment-output/0000/slave-023/client-004.log: file already closed
zerolog: could not write event: write experiment-output/0000/slave-023/client-004.log: file already closed
zerolog: could not write event: write experiment-output/0000/slave-023/client-004.log: file already closed
zerolog: could not write event: write experiment-output/0000/slave-023/client-004.log: file already closed
zerolog: could not write event: write experiment-output/0000/slave-023/client-009.log: file already closed
zerolog: could not write event: write experiment-output/0000/slave-023/client-009.log: file already closed
zerolog: could not write event: write experiment-output/0000/slave-023/client-009.log: file already closed
zerolog: could not write event: write experiment-output/0000/slave-023/client-009.log: file already closed
zerolog: could not write event: write experiment-output/0000/slave-023/client-037.log: file already closed
zerolog: could not write event: write experiment-output/0000/slave-023/client-037.log: file already closed
zerolog: could not write event: write experiment-output/0000/slave-023/client-037.log: file already closed
zerolog: could not write event: write experiment-output/0000/slave-023/client-037.log: file already closed
zerolog: could not write event: write experiment-output/0000/slave-023/client-018.log: file already closed
zerolog: could not write event: write experiment-output/0000/slave-023/client-023.log: file already closed
zerolog: could not write event: write experiment-output/0000/slave-023/client-018.log: file already closed
zerolog: could not write event: write experiment-output/0000/slave-023/client-023.log: file already closed
zerolog: could not write event: write experiment-output/0000/slave-023/client-023.log: file already closed
zerolog: could not write event: write experiment-output/0000/slave-023/client-023.log: file already closed
zerolog: could not write event: write experiment-output/0000/slave-023/client-036.log: file already closed
zerolog: could not write event: write experiment-output/0000/slave-023/client-018.log: file already closed
zerolog: could not write event: write experiment-output/0000/slave-023/client-040.log: file already closed
zerolog: could not write event: write experiment-output/0000/slave-023/client-036.log: file already closed
zerolog: could not write event: write experiment-output/0000/slave-023/client-036.log: file already closed
zerolog: could not write event: write experiment-output/0000/slave-023/client-040.log: file already closed
zerolog: could not write event: write experiment-output/0000/slave-023/client-040.log: file already closed
zerolog: could not write event: write experiment-output/0000/slave-023/client-036.log: file already closed
zerolog: could not write event: write experiment-output/0000/slave-023/client-040.log: file already closed
zerolog: could not write event: write experiment-output/0000/slave-023/client-018.log: file already closed
zerolog: could not write event: write experiment-output/0000/slave-023/client-009.log: file already closed
zerolog: could not write event: write experiment-output/0000/slave-023/client-009.log: file already closed
zerolog: could not write event: write experiment-output/0000/slave-023/client-009.log: file already closed
zerolog: could not write event: write experiment-output/0000/slave-023/client-009.log: file already closed
zerolog: could not write event: write experiment-output/0000/slave-023/client-037.log: file already closed
zerolog: could not write event: write experiment-output/0000/slave-023/client-037.log: file already closed
zerolog: could not write event: write experiment-output/0000/slave-023/client-037.log: file already closed
zerolog: could not write event: write experiment-output/0000/slave-023/client-037.log: file already closed
zerolog: could not write event: write experiment-output/0000/slave-023/client-023.log: file already closed
zerolog: could not write event: write experiment-output/0000/slave-023/client-023.log: file already closed
zerolog: could not write event: write experiment-output/0000/slave-023/client-040.log: file already closed
zerolog: could not write event: write experiment-output/0000/slave-023/client-018.log: file already closed
zerolog: could not write event: write experiment-output/0000/slave-023/client-018.log: file already closed
zerolog: could not write event: write experiment-output/0000/slave-023/client-018.log: file already closed
zerolog: could not write event: write experiment-output/0000/slave-023/client-023.log: file already closed
zerolog: could not write event: write experiment-output/0000/slave-023/client-040.log: file already closed
zerolog: could not write event: write experiment-output/0000/slave-023/client-023.log: file already closed
zerolog: could not write event: write experiment-output/0000/slave-023/client-036.log: file already closed
zerolog: could not write event: write experiment-output/0000/slave-023/client-040.log: file already closed
zerolog: could not write event: write experiment-output/0000/slave-023/client-036.log: file already closed
zerolog: could not write event: write experiment-output/0000/slave-023/client-036.log: file already closed
zerolog: could not write event: write experiment-output/0000/slave-023/client-036.log: file already closed
zerolog: could not write event: write experiment-output/0000/slave-023/client-040.log: file already closed
zerolog: could not write event: write experiment-output/0000/slave-023/client-018.log: file already closed
zerolog: could not write event: write experiment-output/0000/slave-023/client-004.log: file already closed
zerolog: could not write event: write experiment-output/0000/slave-023/client-004.log: file already closed
zerolog: could not write event: write experiment-output/0000/slave-023/client-004.log: file already closed
zerolog: could not write event: write experiment-output/0000/slave-023/client-004.log: file already closed
zerolog: could not write event: write experiment-output/0000/slave-023/client-009.log: file already closed
zerolog: could not write event: write experiment-output/0000/slave-023/client-009.log: file already closed
zerolog: could not write event: write experiment-output/0000/slave-023/client-009.log: file already closed
zerolog: could not write event: write experiment-output/0000/slave-023/client-009.log: file already closed
zerolog: could not write event: write experiment-output/0000/slave-023/client-037.log: file already closed
zerolog: could not write event: write experiment-output/0000/slave-023/client-037.log: file already closed
zerolog: could not write event: write experiment-output/0000/slave-023/client-037.log: file already closed
zerolog: could not write event: write experiment-output/0000/slave-023/client-037.log: file already closed
zerolog: could not write event: write experiment-output/0000/slave-023/client-023.log: file already closed
zerolog: could not write event: write experiment-output/0000/slave-023/client-023.log: file already closed
zerolog: could not write event: write experiment-output/0000/slave-023/client-018.log: file already closed
zerolog: could not write event: write experiment-output/0000/slave-023/client-040.log: file already closed
zerolog: could not write event: write experiment-output/0000/slave-023/client-018.log: file already closed
zerolog: could not write event: write experiment-output/0000/slave-023/client-023.log: file already closed
zerolog: could not write event: write experiment-output/0000/slave-023/client-036.log: file already closed
zerolog: could not write event: write experiment-output/0000/slave-023/client-040.log: file already closed
zerolog: could not write event: write experiment-output/0000/slave-023/client-023.log: file already closed
zerolog: could not write event: write experiment-output/0000/slave-023/client-036.log: file already closed
zerolog: could not write event: write experiment-output/0000/slave-023/client-040.log: file already closed
zerolog: could not write event: write experiment-output/0000/slave-023/client-018.log: file already closed
zerolog: could not write event: write experiment-output/0000/slave-023/client-018.log: file already closed
zerolog: could not write event: write experiment-output/0000/slave-023/client-040.log: file already closed
zerolog: could not write event: write experiment-output/0000/slave-023/client-036.log: file already closed
zerolog: could not write event: write experiment-output/0000/slave-023/client-036.log: file already closed
08:19:16.399 INF Profile data written. filename=experiment-output/0000/slave-023/prof-client.cpu name=cpu
08:19:16.410 INF Profile data written. filename=experiment-output/0000/slave-023/prof-client.block name=block
