{"level":"debug","Logging":"info","time":"2023-03-24T02:51:38Z","message":"Config"}
{"level":"debug","UseTLS":false,"time":"2023-03-24T02:51:38Z","message":"Config"}
{"level":"debug","CACertFile":"tls-data/ca.pem","time":"2023-03-24T02:51:38Z","message":"Config"}
{"level":"debug","KeyFile":"tls-data/auth.key","time":"2023-03-24T02:51:38Z","message":"Config"}
{"level":"debug","CertFile":"tls-data/auth.pem","time":"2023-03-24T02:51:38Z","message":"Config"}
{"level":"debug","PriorityConnections":2,"time":"2023-03-24T02:51:38Z","message":"Config"}
{"level":"debug","BasicConnections":1,"time":"2023-03-24T02:51:38Z","message":"Config"}
{"level":"debug","TestConnections":false,"time":"2023-03-24T02:51:38Z","message":"Config"}
{"level":"debug","ExcessConnections":1,"time":"2023-03-24T02:51:38Z","message":"Config"}
{"level":"debug","ConnectionTestMsgs":4,"time":"2023-03-24T02:51:38Z","message":"Config"}
{"level":"debug","ConnectionTestPayload":131072,"time":"2023-03-24T02:51:38Z","message":"Config"}
{"level":"debug","OutMessageBufsize":1024,"time":"2023-03-24T02:51:38Z","message":"Config"}
{"level":"debug","OutMessageBufsize":4,"time":"2023-03-24T02:51:38Z","message":"Config"}
{"level":"debug","ThroughputCap":131072000,"time":"2023-03-24T02:51:38Z","message":"Config"}
{"level":"debug","StragglerTolerance":1000,"time":"2023-03-24T02:51:38Z","message":"Config"}
{"level":"debug","BatchSizeIncrement":256,"time":"2023-03-24T02:51:38Z","message":"Config"}
{"level":"debug","Orderer":"Pbft","time":"2023-03-24T02:51:38Z","message":"Config"}
{"level":"debug","Manager":"Mir","time":"2023-03-24T02:51:38Z","message":"Config"}
{"level":"debug","Failures":0,"time":"2023-03-24T02:51:38Z","message":"Config"}
{"level":"debug","StragglerCnt":1,"time":"2023-03-24T02:51:38Z","message":"Config"}
{"level":"debug","PrivKeyCnt":10,"time":"2023-03-24T02:51:38Z","message":"Config"}
{"level":"debug","UseSig":false,"time":"2023-03-24T02:51:38Z","message":"Config"}
{"level":"debug","CrashTiming":"Straggler","time":"2023-03-24T02:51:38Z","message":"Config"}
{"level":"debug","CheckpointInterval":512,"time":"2023-03-24T02:51:38Z","message":"Config"}
{"level":"debug","WatermarkWindowSize":512,"time":"2023-03-24T02:51:38Z","message":"Config"}
{"level":"debug","EpochLength":512,"time":"2023-03-24T02:51:38Z","message":"Config"}
{"level":"debug","SegmentLength":32,"time":"2023-03-24T02:51:38Z","message":"Config"}
{"level":"debug","WaitForCheckpoints":true,"time":"2023-03-24T02:51:38Z","message":"Config"}
{"level":"debug","ClientWatermarkWindowSize":16384,"time":"2023-03-24T02:51:38Z","message":"Config"}
{"level":"debug","ClientRequestBacklogSize":16384,"time":"2023-03-24T02:51:38Z","message":"Config"}
{"level":"debug","RandomSeed":477,"time":"2023-03-24T02:51:38Z","message":"Config"}
{"level":"debug","NodeToLeaderRatio":1,"time":"2023-03-24T02:51:38Z","message":"Config"}
{"level":"debug","LeaderPolicy":"Simple","time":"2023-03-24T02:51:38Z","message":"Config"}
{"level":"debug","DefaultLeaderBan":2,"time":"2023-03-24T02:51:38Z","message":"Config"}
{"level":"debug","NumBuckets":256,"time":"2023-03-24T02:51:38Z","message":"Config"}
{"level":"debug","BatchSize":2000,"time":"2023-03-24T02:51:38Z","message":"Config"}
{"level":"debug","DisabledViewChange":false,"time":"2023-03-24T02:51:38Z","message":"Config"}
{"level":"debug","ViewChangeTimeout":60000,"time":"2023-03-24T02:51:38Z","message":"Config"}
{"level":"debug","ClientTraceSampling":10,"time":"2023-03-24T02:51:38Z","message":"Config"}
{"level":"debug","EventBufferSize":2097152,"time":"2023-03-24T02:51:38Z","message":"Config"}
{"level":"debug","TraceSampling":1,"time":"2023-03-24T02:51:38Z","message":"Config"}
{"level":"debug","ClientsPerProcess":8,"time":"2023-03-24T02:51:38Z","message":"Config"}
{"level":"debug","RequestsPerClient":7680,"time":"2023-03-24T02:51:38Z","message":"Config"}
{"level":"debug","ClientRunTime":15000,"time":"2023-03-24T02:51:38Z","message":"Config"}
{"level":"debug","RequestRate":256,"time":"2023-03-24T02:51:38Z","message":"Config"}
{"level":"debug","HardRequestRateLimit":false,"time":"2023-03-24T02:51:38Z","message":"Config"}
{"level":"debug","RequestPayloadSize":500,"time":"2023-03-24T02:51:38Z","message":"Config"}
{"level":"debug","SignRequests":true,"time":"2023-03-24T02:51:38Z","message":"Config"}
{"level":"debug","ClientPrivKeyFile":"tls-data/client-ecdsa-256.key","time":"2023-03-24T02:51:38Z","message":"Config"}
{"level":"debug","ClientPubKeyFile":"tls-data/client-ecdsa-256.pem","time":"2023-03-24T02:51:38Z","message":"Config"}
{"level":"debug","PrecomputeRequests":false,"time":"2023-03-24T02:51:38Z","message":"Config"}
{"level":"debug","RequestHandlerThreads":32,"time":"2023-03-24T02:51:38Z","message":"Config"}
{"level":"debug","RequestInputChannelBuffer":8192,"time":"2023-03-24T02:51:38Z","message":"Config"}
{"level":"debug","BatchVerifier":"external","time":"2023-03-24T02:51:38Z","message":"Config"}
02:51:38.088 INF Started Profiler: CPU
02:51:38.088 INF Started Profiler: BLOCK
02:51:38.088 INF Started Profiler: MUTEX
02:51:38.088 INF Starting clients. numClients=8 numRequests=7680
02:51:38.088 INF Initilizing clients.
02:51:38.653 INF Registared with discovery server. numOrderers=16 ownClientId=209
02:51:38.653 INF Registared with discovery server. numOrderers=16 ownClientId=201
02:51:38.653 INF Registared with discovery server. numOrderers=16 ownClientId=202
02:51:38.653 INF Registared with discovery server. numOrderers=16 ownClientId=223
02:51:38.654 INF Registared with discovery server. numOrderers=16 ownClientId=227
02:51:38.655 INF Registared with discovery server. numOrderers=16 ownClientId=230
02:51:38.655 INF Registared with discovery server. numOrderers=16 ownClientId=242
02:51:38.656 INF Registared with discovery server. numOrderers=16 ownClientId=250
02:51:38.656 INF Clients initialized.
02:51:38.656 INF Launching clients.
02:51:38.656 INF Waiting for clients.
02:52:31.081 INF Stopping Tracer. events=1542 fileName=experiment-output/0002/slave-037/client-227.trc
zerolog: could not write event: write experiment-output/0002/slave-037/client-227.log: file already closed
zerolog: could not write event: write experiment-output/0002/slave-037/client-227.log: file already closed
zerolog: could not write event: write experiment-output/0002/slave-037/client-227.log: file already closed
zerolog: could not write event: write experiment-output/0002/slave-037/client-227.log: file already closed
02:52:31.084 INF Trace data written.
02:52:31.124 INF Stopping Tracer. events=1541 fileName=experiment-output/0002/slave-037/client-223.trc
02:52:31.124 INF Stopping Tracer. events=2192 fileName=experiment-output/0002/slave-037/client-250.trc
02:52:31.124 INF Stopping Tracer. events=2277 fileName=experiment-output/0002/slave-037/client-202.trc
zerolog: could not write event: write experiment-output/0002/slave-037/client-250.log: file already closed
zerolog: could not write event: write experiment-output/0002/slave-037/client-223.log: file already closed
zerolog: could not write event: write experiment-output/0002/slave-037/client-223.log: file already closed
zerolog: could not write event: write experiment-output/0002/slave-037/client-250.log: file already closed
zerolog: could not write event: write experiment-output/0002/slave-037/client-202.log: file already closed
zerolog: could not write event: write experiment-output/0002/slave-037/client-202.log: file already closed
zerolog: could not write event: write experiment-output/0002/slave-037/client-202.log: file already closed
zerolog: could not write event: write experiment-output/0002/slave-037/client-223.log: file already closed
zerolog: could not write event: write experiment-output/0002/slave-037/client-202.log: file already closed
zerolog: could not write event: write experiment-output/0002/slave-037/client-250.log: file already closed
zerolog: could not write event: write experiment-output/0002/slave-037/client-223.log: file already closed
zerolog: could not write event: write experiment-output/0002/slave-037/client-250.log: file already closed
02:52:31.127 INF Trace data written.
02:52:31.127 INF Stopping Tracer. events=1542 fileName=experiment-output/0002/slave-037/client-209.trc
zerolog: could not write event: write experiment-output/0002/slave-037/client-209.log: file already closed
zerolog: could not write event: write experiment-output/0002/slave-037/client-209.log: file already closed
zerolog: could not write event: write experiment-output/0002/slave-037/client-209.log: file already closed
zerolog: could not write event: write experiment-output/0002/slave-037/client-209.log: file already closed
02:52:31.128 INF Trace data written.
02:52:31.129 INF Trace data written.
02:52:31.130 INF Trace data written.
02:52:31.135 INF Stopping Tracer. events=1541 fileName=experiment-output/0002/slave-037/client-201.trc
02:52:31.135 INF Stopping Tracer. events=2310 fileName=experiment-output/0002/slave-037/client-242.trc
zerolog: could not write event: write experiment-output/0002/slave-037/client-201.log: file already closed
zerolog: could not write event: write experiment-output/0002/slave-037/client-201.log: file already closed
zerolog: could not write event: write experiment-output/0002/slave-037/client-201.log: file already closed
zerolog: could not write event: write experiment-output/0002/slave-037/client-201.log: file already closed
zerolog: could not write event: write experiment-output/0002/slave-037/client-242.log: file already closed
zerolog: could not write event: write experiment-output/0002/slave-037/client-242.log: file already closed
zerolog: could not write event: write experiment-output/0002/slave-037/client-242.log: file already closed
zerolog: could not write event: write experiment-output/0002/slave-037/client-242.log: file already closed
02:52:31.137 INF Trace data written.
02:52:31.138 INF Stopping Tracer. events=2293 fileName=experiment-output/0002/slave-037/client-230.trc
zerolog: could not write event: write experiment-output/0002/slave-037/client-230.log: file already closed
zerolog: could not write event: write experiment-output/0002/slave-037/client-230.log: file already closed
zerolog: could not write event: write experiment-output/0002/slave-037/client-230.log: file already closed
zerolog: could not write event: write experiment-output/0002/slave-037/client-230.log: file already closed
02:52:31.139 INF Trace data written.
02:52:31.142 INF Trace data written.
02:52:31.142 INF Done.
02:52:31.142 INF Stopping profiler.
02:52:31.166 INF Profile data written. filename=experiment-output/0002/slave-037/prof-client.block name=block
02:52:31.172 INF Profile data written. filename=experiment-output/0002/slave-037/prof-client.mutex name=mutex
zerolog: could not write event: write experiment-output/0002/slave-037/client-227.log: file already closed
zerolog: could not write event: write experiment-output/0002/slave-037/client-227.log: file already closed
zerolog: could not write event: write experiment-output/0002/slave-037/client-227.log: file already closed
zerolog: could not write event: write experiment-output/0002/slave-037/client-227.log: file already closed
zerolog: could not write event: write experiment-output/0002/slave-037/client-223.log: file already closed
zerolog: could not write event: write experiment-output/0002/slave-037/client-202.log: file already closed
zerolog: could not write event: write experiment-output/0002/slave-037/client-250.log: file already closed
zerolog: could not write event: write experiment-output/0002/slave-037/client-250.log: file already closed
zerolog: could not write event: write experiment-output/0002/slave-037/client-250.log: file already closed
zerolog: could not write event: write experiment-output/0002/slave-037/client-209.log: file already closed
zerolog: could not write event: write experiment-output/0002/slave-037/client-209.log: file already closed
zerolog: could not write event: write experiment-output/0002/slave-037/client-209.log: file already closed
zerolog: could not write event: write experiment-output/0002/slave-037/client-201.log: file already closed
zerolog: could not write event: write experiment-output/0002/slave-037/client-202.log: file already closed
zerolog: could not write event: write experiment-output/0002/slave-037/client-242.log: file already closed
zerolog: could not write event: write experiment-output/0002/slave-037/client-223.log: file already closed
zerolog: could not write event: write experiment-output/0002/slave-037/client-250.log: file already closed
zerolog: could not write event: write experiment-output/0002/slave-037/client-223.log: file already closed
zerolog: could not write event: write experiment-output/0002/slave-037/client-202.log: file already closed
zerolog: could not write event: write experiment-output/0002/slave-037/client-230.log: file already closed
zerolog: could not write event: write experiment-output/0002/slave-037/client-202.log: file already closed
zerolog: could not write event: write experiment-output/0002/slave-037/client-223.log: file already closed
zerolog: could not write event: write experiment-output/0002/slave-037/client-209.log: file already closed
zerolog: could not write event: write experiment-output/0002/slave-037/client-230.log: file already closed
zerolog: could not write event: write experiment-output/0002/slave-037/client-242.log: file already closed
zerolog: could not write event: write experiment-output/0002/slave-037/client-201.log: file already closed
zerolog: could not write event: write experiment-output/0002/slave-037/client-201.log: file already closed
zerolog: could not write event: write experiment-output/0002/slave-037/client-242.log: file already closed
zerolog: could not write event: write experiment-output/0002/slave-037/client-230.log: file already closed
zerolog: could not write event: write experiment-output/0002/slave-037/client-201.log: file already closed
zerolog: could not write event: write experiment-output/0002/slave-037/client-242.log: file already closed
zerolog: could not write event: write experiment-output/0002/slave-037/client-230.log: file already closed
zerolog: could not write event: write experiment-output/0002/slave-037/client-227.log: file already closed
zerolog: could not write event: write experiment-output/0002/slave-037/client-227.log: file already closed
zerolog: could not write event: write experiment-output/0002/slave-037/client-227.log: file already closed
zerolog: could not write event: write experiment-output/0002/slave-037/client-227.log: file already closed
zerolog: could not write event: write experiment-output/0002/slave-037/client-250.log: file already closed
zerolog: could not write event: write experiment-output/0002/slave-037/client-223.log: file already closed
zerolog: could not write event: write experiment-output/0002/slave-037/client-202.log: file already closed
zerolog: could not write event: write experiment-output/0002/slave-037/client-250.log: file already closed
zerolog: could not write event: write experiment-output/0002/slave-037/client-202.log: file already closed
zerolog: could not write event: write experiment-output/0002/slave-037/client-223.log: file already closed
zerolog: could not write event: write experiment-output/0002/slave-037/client-223.log: file already closed
zerolog: could not write event: write experiment-output/0002/slave-037/client-250.log: file already closed
zerolog: could not write event: write experiment-output/0002/slave-037/client-223.log: file already closed
zerolog: could not write event: write experiment-output/0002/slave-037/client-250.log: file already closed
zerolog: could not write event: write experiment-output/0002/slave-037/client-202.log: file already closed
zerolog: could not write event: write experiment-output/0002/slave-037/client-202.log: file already closed
zerolog: could not write event: write experiment-output/0002/slave-037/client-209.log: file already closed
zerolog: could not write event: write experiment-output/0002/slave-037/client-209.log: file already closed
zerolog: could not write event: write experiment-output/0002/slave-037/client-209.log: file already closed
zerolog: could not write event: write experiment-output/0002/slave-037/client-209.log: file already closed
zerolog: could not write event: write experiment-output/0002/slave-037/client-242.log: file already closed
zerolog: could not write event: write experiment-output/0002/slave-037/client-201.log: file already closed
zerolog: could not write event: write experiment-output/0002/slave-037/client-201.log: file already closed
zerolog: could not write event: write experiment-output/0002/slave-037/client-242.log: file already closed
zerolog: could not write event: write experiment-output/0002/slave-037/client-201.log: file already closed
zerolog: could not write event: write experiment-output/0002/slave-037/client-242.log: file already closed
zerolog: could not write event: write experiment-output/0002/slave-037/client-242.log: file already closed
zerolog: could not write event: write experiment-output/0002/slave-037/client-201.log: file already closed
zerolog: could not write event: write experiment-output/0002/slave-037/client-230.log: file already closed
zerolog: could not write event: write experiment-output/0002/slave-037/client-230.log: file already closed
zerolog: could not write event: write experiment-output/0002/slave-037/client-230.log: file already closed
zerolog: could not write event: write experiment-output/0002/slave-037/client-230.log: file already closed
02:52:31.331 INF Profile data written. filename=experiment-output/0002/slave-037/prof-client.cpu name=cpu
