{"level":"debug","Logging":"info","time":"2023-07-15T15:23:17Z","message":"Config"}
{"level":"debug","UseTLS":false,"time":"2023-07-15T15:23:17Z","message":"Config"}
{"level":"debug","CACertFile":"tls-data/ca.pem","time":"2023-07-15T15:23:17Z","message":"Config"}
{"level":"debug","KeyFile":"tls-data/auth.key","time":"2023-07-15T15:23:17Z","message":"Config"}
{"level":"debug","CertFile":"tls-data/auth.pem","time":"2023-07-15T15:23:17Z","message":"Config"}
{"level":"debug","PriorityConnections":2,"time":"2023-07-15T15:23:17Z","message":"Config"}
{"level":"debug","BasicConnections":1,"time":"2023-07-15T15:23:17Z","message":"Config"}
{"level":"debug","TestConnections":false,"time":"2023-07-15T15:23:17Z","message":"Config"}
{"level":"debug","ExcessConnections":1,"time":"2023-07-15T15:23:17Z","message":"Config"}
{"level":"debug","ConnectionTestMsgs":4,"time":"2023-07-15T15:23:17Z","message":"Config"}
{"level":"debug","ConnectionTestPayload":131072,"time":"2023-07-15T15:23:17Z","message":"Config"}
{"level":"debug","OutMessageBufsize":1024,"time":"2023-07-15T15:23:17Z","message":"Config"}
{"level":"debug","OutMessageBufsize":4,"time":"2023-07-15T15:23:17Z","message":"Config"}
{"level":"debug","ThroughputCap":131072000,"time":"2023-07-15T15:23:17Z","message":"Config"}
{"level":"debug","StragglerTolerance":1000,"time":"2023-07-15T15:23:17Z","message":"Config"}
{"level":"debug","BatchSizeIncrement":256,"time":"2023-07-15T15:23:17Z","message":"Config"}
{"level":"debug","Orderer":"HotStuff","time":"2023-07-15T15:23:17Z","message":"Config"}
{"level":"debug","Manager":"Mir","time":"2023-07-15T15:23:17Z","message":"Config"}
{"level":"debug","Failures":0,"time":"2023-07-15T15:23:17Z","message":"Config"}
{"level":"debug","StragglerCnt":5,"time":"2023-07-15T15:23:17Z","message":"Config"}
{"level":"debug","CrashTiming":"Straggler","time":"2023-07-15T15:23:17Z","message":"Config"}
{"level":"debug","CheckpointInterval":512,"time":"2023-07-15T15:23:17Z","message":"Config"}
{"level":"debug","WatermarkWindowSize":512,"time":"2023-07-15T15:23:17Z","message":"Config"}
{"level":"debug","EpochLength":512,"time":"2023-07-15T15:23:17Z","message":"Config"}
{"level":"debug","SegmentLength":32,"time":"2023-07-15T15:23:17Z","message":"Config"}
{"level":"debug","WaitForCheckpoints":true,"time":"2023-07-15T15:23:17Z","message":"Config"}
{"level":"debug","ClientWatermarkWindowSize":16384,"time":"2023-07-15T15:23:17Z","message":"Config"}
{"level":"debug","ClientRequestBacklogSize":16384,"time":"2023-07-15T15:23:17Z","message":"Config"}
{"level":"debug","RandomSeed":791,"time":"2023-07-15T15:23:17Z","message":"Config"}
{"level":"debug","NodeToLeaderRatio":1,"time":"2023-07-15T15:23:17Z","message":"Config"}
{"level":"debug","LeaderPolicy":"Simple","time":"2023-07-15T15:23:17Z","message":"Config"}
{"level":"debug","DefaultLeaderBan":2,"time":"2023-07-15T15:23:17Z","message":"Config"}
{"level":"debug","NumBuckets":256,"time":"2023-07-15T15:23:17Z","message":"Config"}
{"level":"debug","BatchSize":2000,"time":"2023-07-15T15:23:17Z","message":"Config"}
{"level":"debug","DisabledViewChange":false,"time":"2023-07-15T15:23:17Z","message":"Config"}
{"level":"debug","ViewChangeTimeout":60000,"time":"2023-07-15T15:23:17Z","message":"Config"}
{"level":"debug","ClientTraceSampling":10,"time":"2023-07-15T15:23:17Z","message":"Config"}
{"level":"debug","EventBufferSize":2097152,"time":"2023-07-15T15:23:17Z","message":"Config"}
{"level":"debug","TraceSampling":1,"time":"2023-07-15T15:23:17Z","message":"Config"}
{"level":"debug","ClientsPerProcess":8,"time":"2023-07-15T15:23:17Z","message":"Config"}
{"level":"debug","RequestsPerClient":3515,"time":"2023-07-15T15:23:17Z","message":"Config"}
{"level":"debug","ClientRunTime":15000,"time":"2023-07-15T15:23:17Z","message":"Config"}
{"level":"debug","RequestRate":117,"time":"2023-07-15T15:23:17Z","message":"Config"}
{"level":"debug","HardRequestRateLimit":false,"time":"2023-07-15T15:23:17Z","message":"Config"}
{"level":"debug","RequestPayloadSize":500,"time":"2023-07-15T15:23:17Z","message":"Config"}
{"level":"debug","SignRequests":true,"time":"2023-07-15T15:23:17Z","message":"Config"}
{"level":"debug","ClientPrivKeyFile":"tls-data/client-ecdsa-256.key","time":"2023-07-15T15:23:17Z","message":"Config"}
{"level":"debug","ClientPubKeyFile":"tls-data/client-ecdsa-256.pem","time":"2023-07-15T15:23:17Z","message":"Config"}
{"level":"debug","PrecomputeRequests":false,"time":"2023-07-15T15:23:17Z","message":"Config"}
{"level":"debug","RequestHandlerThreads":32,"time":"2023-07-15T15:23:17Z","message":"Config"}
{"level":"debug","RequestInputChannelBuffer":8192,"time":"2023-07-15T15:23:17Z","message":"Config"}
{"level":"debug","BatchVerifier":"external","time":"2023-07-15T15:23:17Z","message":"Config"}
15:23:17.395 INF Started Profiler: CPU
15:23:17.396 INF Started Profiler: BLOCK
15:23:17.396 INF Started Profiler: MUTEX
15:23:17.396 INF Starting clients. numClients=8 numRequests=3515
15:23:17.396 INF Initilizing clients.
15:23:17.642 INF Registared with discovery server. numOrderers=16 ownClientId=15
15:23:17.681 INF Registared with discovery server. numOrderers=16 ownClientId=30
15:23:17.687 INF Registared with discovery server. numOrderers=16 ownClientId=87
15:23:17.689 INF Registared with discovery server. numOrderers=16 ownClientId=144
15:23:17.703 INF Registared with discovery server. numOrderers=16 ownClientId=93
15:23:17.717 INF Registared with discovery server. numOrderers=16 ownClientId=141
15:23:17.723 INF Registared with discovery server. numOrderers=16 ownClientId=154
15:23:17.742 INF Registared with discovery server. numOrderers=16 ownClientId=212
15:23:17.742 INF Clients initialized.
15:23:17.742 INF Launching clients.
15:23:17.742 INF Waiting for clients.
15:25:00.365 INF Stopping Tracer. events=1074 fileName=experiment-output/0000/slave-015/client-015.trc
15:25:00.367 INF Trace data written.
15:25:00.378 INF Stopping Tracer. events=1028 fileName=experiment-output/0000/slave-015/client-087.trc
15:25:00.379 INF Stopping Tracer. events=1010 fileName=experiment-output/0000/slave-015/client-093.trc
15:25:00.380 INF Trace data written.
15:25:00.380 INF Trace data written.
15:25:00.389 INF Stopping Tracer. events=1177 fileName=experiment-output/0000/slave-015/client-141.trc
15:25:00.390 INF Stopping Tracer. events=711 fileName=experiment-output/0000/slave-015/client-030.trc
15:25:00.390 INF Stopping Tracer. events=710 fileName=experiment-output/0000/slave-015/client-212.trc
15:25:00.391 INF Trace data written.
15:25:00.392 INF Trace data written.
15:25:00.392 INF Trace data written.
15:25:00.395 INF Stopping Tracer. events=713 fileName=experiment-output/0000/slave-015/client-144.trc
15:25:00.396 INF Trace data written.
15:25:00.415 INF Stopping Tracer. events=709 fileName=experiment-output/0000/slave-015/client-154.trc
15:25:00.417 INF Trace data written.
15:25:00.417 INF Done.
15:25:00.417 INF Stopping profiler.
zerolog: could not write event: write experiment-output/0000/slave-015/client-087.log: file already closed
zerolog: could not write event: write experiment-output/0000/slave-015/client-141.log: file already closed
zerolog: could not write event: write experiment-output/0000/slave-015/client-015.log: file already closed
zerolog: could not write event: write experiment-output/0000/slave-015/client-093.log: file already closed
zerolog: could not write event: write experiment-output/0000/slave-015/client-015.log: file already closed
zerolog: could not write event: write experiment-output/0000/slave-015/client-087.log: file already closed
zerolog: could not write event: write experiment-output/0000/slave-015/client-087.log: file already closed
zerolog: could not write event: write experiment-output/0000/slave-015/client-093.log: file already closed
zerolog: could not write event: write experiment-output/0000/slave-015/client-015.log: file already closed
zerolog: could not write event: write experiment-output/0000/slave-015/client-087.log: file already closed
zerolog: could not write event: write experiment-output/0000/slave-015/client-093.log: file already closed
zerolog: could not write event: write experiment-output/0000/slave-015/client-087.log: file already closed
zerolog: could not write event: write experiment-output/0000/slave-015/client-030.log: file already closed
zerolog: could not write event: write experiment-output/0000/slave-015/client-141.log: file already closed
zerolog: could not write event: write experiment-output/0000/slave-015/client-144.log: file already closed
zerolog: could not write event: write experiment-output/0000/slave-015/client-212.log: file already closed
zerolog: could not write event: write experiment-output/0000/slave-015/client-015.log: file already closed
zerolog: could not write event: write experiment-output/0000/slave-015/client-144.log: file already closed
zerolog: could not write event: write experiment-output/0000/slave-015/client-015.log: file already closed
zerolog: could not write event: write experiment-output/0000/slave-015/client-093.log: file already closed
zerolog: could not write event: write experiment-output/0000/slave-015/client-015.log: file already closed
zerolog: could not write event: write experiment-output/0000/slave-015/client-093.log: file already closed
zerolog: could not write event: write experiment-output/0000/slave-015/client-015.log: file already closed
zerolog: could not write event: write experiment-output/0000/slave-015/client-093.log: file already closed
zerolog: could not write event: write experiment-output/0000/slave-015/client-015.log: file already closed
zerolog: could not write event: write experiment-output/0000/slave-015/client-093.log: file already closed
zerolog: could not write event: write experiment-output/0000/slave-015/client-015.log: file already closed
zerolog: could not write event: write experiment-output/0000/slave-015/client-087.log: file already closed
zerolog: could not write event: write experiment-output/0000/slave-015/client-015.log: file already closed
zerolog: could not write event: write experiment-output/0000/slave-015/client-212.log: file already closed
zerolog: could not write event: write experiment-output/0000/slave-015/client-087.log: file already closed
zerolog: could not write event: write experiment-output/0000/slave-015/client-015.log: file already closed
zerolog: could not write event: write experiment-output/0000/slave-015/client-015.log: file already closed
zerolog: could not write event: write experiment-output/0000/slave-015/client-093.log: file already closed
zerolog: could not write event: write experiment-output/0000/slave-015/client-015.log: file already closed
zerolog: could not write event: write experiment-output/0000/slave-015/client-093.log: file already closed
zerolog: could not write event: write experiment-output/0000/slave-015/client-030.log: file already closed
zerolog: could not write event: write experiment-output/0000/slave-015/client-093.log: file already closed
zerolog: could not write event: write experiment-output/0000/slave-015/client-030.log: file already closed
zerolog: could not write event: write experiment-output/0000/slave-015/client-087.log: file already closed
zerolog: could not write event: write experiment-output/0000/slave-015/client-087.log: file already closed
zerolog: could not write event: write experiment-output/0000/slave-015/client-015.log: file already closed
zerolog: could not write event: write experiment-output/0000/slave-015/client-144.log: file already closed
zerolog: could not write event: write experiment-output/0000/slave-015/client-093.log: file already closed
zerolog: could not write event: write experiment-output/0000/slave-015/client-087.log: file already closed
zerolog: could not write event: write experiment-output/0000/slave-015/client-030.log: file already closed
zerolog: could not write event: write experiment-output/0000/slave-015/client-093.log: file already closed
zerolog: could not write event: write experiment-output/0000/slave-015/client-212.log: file already closed
zerolog: could not write event: write experiment-output/0000/slave-015/client-212.log: file already closed
zerolog: could not write event: write experiment-output/0000/slave-015/client-141.log: file already closed
zerolog: could not write event: write experiment-output/0000/slave-015/client-030.log: file already closed
zerolog: could not write event: write experiment-output/0000/slave-015/client-212.log: file already closed
zerolog: could not write event: write experiment-output/0000/slave-015/client-087.log: file already closed
zerolog: could not write event: write experiment-output/0000/slave-015/client-141.log: file already closed
zerolog: could not write event: write experiment-output/0000/slave-015/client-015.log: file already closed
zerolog: could not write event: write experiment-output/0000/slave-015/client-087.log: file already closed
zerolog: could not write event: write experiment-output/0000/slave-015/client-212.log: file already closed
zerolog: could not write event: write experiment-output/0000/slave-015/client-087.log: file already closed
zerolog: could not write event: write experiment-output/0000/slave-015/client-030.log: file already closed
zerolog: could not write event: write experiment-output/0000/slave-015/client-144.log: file already closed
zerolog: could not write event: write experiment-output/0000/slave-015/client-087.log: file already closed
zerolog: could not write event: write experiment-output/0000/slave-015/client-015.log: file already closed
zerolog: could not write event: write experiment-output/0000/slave-015/client-212.log: file already closed
zerolog: could not write event: write experiment-output/0000/slave-015/client-030.log: file already closed
zerolog: could not write event: write experiment-output/0000/slave-015/client-030.log: file already closed
zerolog: could not write event: write experiment-output/0000/slave-015/client-030.log: file already closed
zerolog: could not write event: write experiment-output/0000/slave-015/client-093.log: file already closed
zerolog: could not write event: write experiment-output/0000/slave-015/client-141.log: file already closed
zerolog: could not write event: write experiment-output/0000/slave-015/client-030.log: file already closed
zerolog: could not write event: write experiment-output/0000/slave-015/client-144.log: file already closed
zerolog: could not write event: write experiment-output/0000/slave-015/client-141.log: file already closed
zerolog: could not write event: write experiment-output/0000/slave-015/client-212.log: file already closed
zerolog: could not write event: write experiment-output/0000/slave-015/client-087.log: file already closed
zerolog: could not write event: write experiment-output/0000/slave-015/client-144.log: file already closed
zerolog: could not write event: write experiment-output/0000/slave-015/client-212.log: file already closed
zerolog: could not write event: write experiment-output/0000/slave-015/client-154.log: file already closed
zerolog: could not write event: write experiment-output/0000/slave-015/client-212.log: file already closed
zerolog: could not write event: write experiment-output/0000/slave-015/client-141.log: file already closed
zerolog: could not write event: write experiment-output/0000/slave-015/client-030.log: file already closed
zerolog: could not write event: write experiment-output/0000/slave-015/client-093.log: file already closed
zerolog: could not write event: write experiment-output/0000/slave-015/client-093.log: file already closed
zerolog: could not write event: write experiment-output/0000/slave-015/client-144.log: file already closed
zerolog: could not write event: write experiment-output/0000/slave-015/client-141.log: file already closed
zerolog: could not write event: write experiment-output/0000/slave-015/client-144.log: file already closed
zerolog: could not write event: write experiment-output/0000/slave-015/client-144.log: file already closed
zerolog: could not write event: write experiment-output/0000/slave-015/client-030.log: file already closed
zerolog: could not write event: write experiment-output/0000/slave-015/client-212.log: file already closed
zerolog: could not write event: write experiment-output/0000/slave-015/client-144.log: file already closed
zerolog: could not write event: write experiment-output/0000/slave-015/client-144.log: file already closed
zerolog: could not write event: write experiment-output/0000/slave-015/client-141.log: file already closed
zerolog: could not write event: write experiment-output/0000/slave-015/client-154.log: file already closed
zerolog: could not write event: write experiment-output/0000/slave-015/client-212.log: file already closed
zerolog: could not write event: write experiment-output/0000/slave-015/client-141.log: file already closed
zerolog: could not write event: write experiment-output/0000/slave-015/client-141.log: file already closed
zerolog: could not write event: write experiment-output/0000/slave-015/client-030.log: file already closed
zerolog: could not write event: write experiment-output/0000/slave-015/client-212.log: file already closed
zerolog: could not write event: write experiment-output/0000/slave-015/client-030.log: file already closed
zerolog: could not write event: write experiment-output/0000/slave-015/client-154.log: file already closed
zerolog: could not write event: write experiment-output/0000/slave-015/client-087.log: file already closed
zerolog: could not write event: write experiment-output/0000/slave-015/client-154.log: file already closed
zerolog: could not write event: write experiment-output/0000/slave-015/client-144.log: file already closed
zerolog: could not write event: write experiment-output/0000/slave-015/client-141.log: file already closed
zerolog: could not write event: write experiment-output/0000/slave-015/client-154.log: file already closed
zerolog: could not write event: write experiment-output/0000/slave-015/client-141.log: file already closed
zerolog: could not write event: write experiment-output/0000/slave-015/client-154.log: file already closed
zerolog: could not write event: write experiment-output/0000/slave-015/client-030.log: file already closed
zerolog: could not write event: write experiment-output/0000/slave-015/client-030.log: file already closed
zerolog: could not write event: write experiment-output/0000/slave-015/client-141.log: file already closed
zerolog: could not write event: write experiment-output/0000/slave-015/client-154.log: file already closed
zerolog: could not write event: write experiment-output/0000/slave-015/client-154.log: file already closed
zerolog: could not write event: write experiment-output/0000/slave-015/client-141.log: file already closed
zerolog: could not write event: write experiment-output/0000/slave-015/client-093.log: file already closed
zerolog: could not write event: write experiment-output/0000/slave-015/client-144.log: file already closed
zerolog: could not write event: write experiment-output/0000/slave-015/client-144.log: file already closed
zerolog: could not write event: write experiment-output/0000/slave-015/client-141.log: file already closed
zerolog: could not write event: write experiment-output/0000/slave-015/client-212.log: file already closed
zerolog: could not write event: write experiment-output/0000/slave-015/client-212.log: file already closed
zerolog: could not write event: write experiment-output/0000/slave-015/client-144.log: file already closed
zerolog: could not write event: write experiment-output/0000/slave-015/client-212.log: file already closed
zerolog: could not write event: write experiment-output/0000/slave-015/client-144.log: file already closed
zerolog: could not write event: write experiment-output/0000/slave-015/client-154.log: file already closed
zerolog: could not write event: write experiment-output/0000/slave-015/client-154.log: file already closed
zerolog: could not write event: write experiment-output/0000/slave-015/client-154.log: file already closed
zerolog: could not write event: write experiment-output/0000/slave-015/client-154.log: file already closed
zerolog: could not write event: write experiment-output/0000/slave-015/client-154.log: file already closed
zerolog: could not write event: write experiment-output/0000/slave-015/client-154.log: file already closed
zerolog: could not write event: write experiment-output/0000/slave-015/client-154.log: file already closed
zerolog: could not write event: write experiment-output/0000/slave-015/client-154.log: file already closed
15:25:00.569 INF Profile data written. filename=experiment-output/0000/slave-015/prof-client.cpu name=cpu
15:25:00.587 INF Profile data written. filename=experiment-output/0000/slave-015/prof-client.block name=block
15:25:00.591 INF Profile data written. filename=experiment-output/0000/slave-015/prof-client.mutex name=mutex
