{"level":"debug","Logging":"info","time":"2023-03-27T09:41:25Z","message":"Config"}
{"level":"debug","UseTLS":false,"time":"2023-03-27T09:41:25Z","message":"Config"}
{"level":"debug","CACertFile":"tls-data/ca.pem","time":"2023-03-27T09:41:25Z","message":"Config"}
{"level":"debug","KeyFile":"tls-data/auth.key","time":"2023-03-27T09:41:25Z","message":"Config"}
{"level":"debug","CertFile":"tls-data/auth.pem","time":"2023-03-27T09:41:25Z","message":"Config"}
{"level":"debug","PriorityConnections":2,"time":"2023-03-27T09:41:25Z","message":"Config"}
{"level":"debug","BasicConnections":1,"time":"2023-03-27T09:41:25Z","message":"Config"}
{"level":"debug","TestConnections":false,"time":"2023-03-27T09:41:25Z","message":"Config"}
{"level":"debug","ExcessConnections":1,"time":"2023-03-27T09:41:25Z","message":"Config"}
{"level":"debug","ConnectionTestMsgs":4,"time":"2023-03-27T09:41:25Z","message":"Config"}
{"level":"debug","ConnectionTestPayload":131072,"time":"2023-03-27T09:41:25Z","message":"Config"}
{"level":"debug","OutMessageBufsize":1024,"time":"2023-03-27T09:41:25Z","message":"Config"}
{"level":"debug","OutMessageBufsize":4,"time":"2023-03-27T09:41:25Z","message":"Config"}
{"level":"debug","ThroughputCap":131072000,"time":"2023-03-27T09:41:25Z","message":"Config"}
{"level":"debug","StragglerTolerance":1000,"time":"2023-03-27T09:41:25Z","message":"Config"}
{"level":"debug","BatchSizeIncrement":256,"time":"2023-03-27T09:41:25Z","message":"Config"}
{"level":"debug","Orderer":"Pbft","time":"2023-03-27T09:41:25Z","message":"Config"}
{"level":"debug","Manager":"Mir","time":"2023-03-27T09:41:25Z","message":"Config"}
{"level":"debug","Failures":0,"time":"2023-03-27T09:41:25Z","message":"Config"}
{"level":"debug","StragglerCnt":1,"time":"2023-03-27T09:41:25Z","message":"Config"}
{"level":"debug","CrashTiming":"Straggler","time":"2023-03-27T09:41:25Z","message":"Config"}
{"level":"debug","CheckpointInterval":512,"time":"2023-03-27T09:41:25Z","message":"Config"}
{"level":"debug","WatermarkWindowSize":512,"time":"2023-03-27T09:41:25Z","message":"Config"}
{"level":"debug","EpochLength":512,"time":"2023-03-27T09:41:25Z","message":"Config"}
{"level":"debug","SegmentLength":32,"time":"2023-03-27T09:41:25Z","message":"Config"}
{"level":"debug","WaitForCheckpoints":true,"time":"2023-03-27T09:41:25Z","message":"Config"}
{"level":"debug","ClientWatermarkWindowSize":16384,"time":"2023-03-27T09:41:25Z","message":"Config"}
{"level":"debug","ClientRequestBacklogSize":16384,"time":"2023-03-27T09:41:25Z","message":"Config"}
{"level":"debug","RandomSeed":23325,"time":"2023-03-27T09:41:25Z","message":"Config"}
{"level":"debug","NodeToLeaderRatio":1,"time":"2023-03-27T09:41:25Z","message":"Config"}
{"level":"debug","LeaderPolicy":"Simple","time":"2023-03-27T09:41:25Z","message":"Config"}
{"level":"debug","DefaultLeaderBan":2,"time":"2023-03-27T09:41:25Z","message":"Config"}
{"level":"debug","NumBuckets":256,"time":"2023-03-27T09:41:25Z","message":"Config"}
{"level":"debug","BatchSize":1000,"time":"2023-03-27T09:41:25Z","message":"Config"}
{"level":"debug","DisabledViewChange":false,"time":"2023-03-27T09:41:25Z","message":"Config"}
{"level":"debug","ViewChangeTimeout":60000,"time":"2023-03-27T09:41:25Z","message":"Config"}
{"level":"debug","ClientTraceSampling":10,"time":"2023-03-27T09:41:25Z","message":"Config"}
{"level":"debug","EventBufferSize":2097152,"time":"2023-03-27T09:41:25Z","message":"Config"}
{"level":"debug","TraceSampling":1,"time":"2023-03-27T09:41:25Z","message":"Config"}
{"level":"debug","ClientsPerProcess":8,"time":"2023-03-27T09:41:25Z","message":"Config"}
{"level":"debug","RequestsPerClient":585,"time":"2023-03-27T09:41:25Z","message":"Config"}
{"level":"debug","ClientRunTime":15000,"time":"2023-03-27T09:41:25Z","message":"Config"}
{"level":"debug","RequestRate":19,"time":"2023-03-27T09:41:25Z","message":"Config"}
{"level":"debug","HardRequestRateLimit":false,"time":"2023-03-27T09:41:25Z","message":"Config"}
{"level":"debug","RequestPayloadSize":500,"time":"2023-03-27T09:41:25Z","message":"Config"}
{"level":"debug","SignRequests":true,"time":"2023-03-27T09:41:25Z","message":"Config"}
{"level":"debug","ClientPrivKeyFile":"tls-data/client-ecdsa-256.key","time":"2023-03-27T09:41:25Z","message":"Config"}
{"level":"debug","ClientPubKeyFile":"tls-data/client-ecdsa-256.pem","time":"2023-03-27T09:41:25Z","message":"Config"}
{"level":"debug","PrecomputeRequests":false,"time":"2023-03-27T09:41:25Z","message":"Config"}
{"level":"debug","RequestHandlerThreads":32,"time":"2023-03-27T09:41:25Z","message":"Config"}
{"level":"debug","RequestInputChannelBuffer":8192,"time":"2023-03-27T09:41:25Z","message":"Config"}
{"level":"debug","BatchVerifier":"external","time":"2023-03-27T09:41:25Z","message":"Config"}
09:41:25.549 INF Started Profiler: CPU
09:41:25.549 INF Started Profiler: BLOCK
09:41:25.549 INF Started Profiler: MUTEX
09:41:25.549 INF Starting clients. numClients=8 numRequests=585
09:41:25.549 INF Initilizing clients.
09:41:25.553 INF Registared with discovery server. numOrderers=16 ownClientId=1
09:41:25.553 INF Registared with discovery server. numOrderers=16 ownClientId=0
09:41:25.553 INF Registared with discovery server. numOrderers=16 ownClientId=2
09:41:25.554 INF Registared with discovery server. numOrderers=16 ownClientId=7
09:41:25.554 INF Registared with discovery server. numOrderers=16 ownClientId=14
09:41:25.554 INF Registared with discovery server. numOrderers=16 ownClientId=18
09:41:25.554 INF Registared with discovery server. numOrderers=16 ownClientId=17
09:41:25.555 INF Registared with discovery server. numOrderers=16 ownClientId=31
09:41:25.555 INF Clients initialized.
09:41:25.555 INF Launching clients.
09:41:25.555 INF Waiting for clients.
09:46:56.703 INF Stopping Tracer. events=164 fileName=experiment-output/0000/slave-007/client-017.trc
zerolog: could not write event: write experiment-output/0000/slave-007/client-017.log: file already closed
zerolog: could not write event: write experiment-output/0000/slave-007/client-017.log: file already closed
zerolog: could not write event: write experiment-output/0000/slave-007/client-017.log: file already closed
zerolog: could not write event: write experiment-output/0000/slave-007/client-017.log: file already closed
09:46:56.704 INF Trace data written.
09:46:56.747 INF Stopping Tracer. events=165 fileName=experiment-output/0000/slave-007/client-007.trc
zerolog: could not write event: write experiment-output/0000/slave-007/client-007.log: file already closed
zerolog: could not write event: write experiment-output/0000/slave-007/client-007.log: file already closed
zerolog: could not write event: write experiment-output/0000/slave-007/client-007.log: file already closed
zerolog: could not write event: write experiment-output/0000/slave-007/client-007.log: file already closed
09:46:56.748 INF Trace data written.
09:46:56.753 INF Stopping Tracer. events=118 fileName=experiment-output/0000/slave-007/client-002.trc
zerolog: could not write event: write experiment-output/0000/slave-007/client-002.log: file already closed
zerolog: could not write event: write experiment-output/0000/slave-007/client-002.log: file already closed
zerolog: could not write event: write experiment-output/0000/slave-007/client-002.log: file already closed
zerolog: could not write event: write experiment-output/0000/slave-007/client-002.log: file already closed
09:46:56.753 INF Trace data written.
09:46:56.755 INF Stopping Tracer. events=180 fileName=experiment-output/0000/slave-007/client-001.trc
zerolog: could not write event: write experiment-output/0000/slave-007/client-001.log: file already closed
zerolog: could not write event: write experiment-output/0000/slave-007/client-001.log: file already closed
zerolog: could not write event: write experiment-output/0000/slave-007/client-001.log: file already closed
zerolog: could not write event: write experiment-output/0000/slave-007/client-001.log: file already closed
09:46:56.755 INF Trace data written.
09:46:56.763 INF Stopping Tracer. events=118 fileName=experiment-output/0000/slave-007/client-018.trc
09:46:56.763 INF Trace data written.
zerolog: could not write event: write experiment-output/0000/slave-007/client-018.log: file already closed
zerolog: could not write event: write experiment-output/0000/slave-007/client-018.log: file already closed
zerolog: could not write event: write experiment-output/0000/slave-007/client-018.log: file already closed
zerolog: could not write event: write experiment-output/0000/slave-007/client-018.log: file already closed
09:46:56.768 INF Stopping Tracer. events=117 fileName=experiment-output/0000/slave-007/client-000.trc
09:46:56.768 INF Trace data written.
zerolog: could not write event: write experiment-output/0000/slave-007/client-000.log: file already closed
zerolog: could not write event: write experiment-output/0000/slave-007/client-000.log: file already closed
zerolog: could not write event: write experiment-output/0000/slave-007/client-000.log: file already closed
zerolog: could not write event: write experiment-output/0000/slave-007/client-000.log: file already closed
zerolog: could not write event: write experiment-output/0000/slave-007/client-017.log: file already closed
zerolog: could not write event: write experiment-output/0000/slave-007/client-017.log: file already closed
zerolog: could not write event: write experiment-output/0000/slave-007/client-017.log: file already closed
zerolog: could not write event: write experiment-output/0000/slave-007/client-017.log: file already closed
09:46:56.817 INF Stopping Tracer. events=198 fileName=experiment-output/0000/slave-007/client-031.trc
09:46:56.818 INF Stopping Tracer. events=117 fileName=experiment-output/0000/slave-007/client-014.trc
zerolog: could not write event: write experiment-output/0000/slave-007/client-031.log: file already closed
zerolog: could not write event: write experiment-output/0000/slave-007/client-031.log: file already closed
zerolog: could not write event: write experiment-output/0000/slave-007/client-031.log: file already closed
zerolog: could not write event: write experiment-output/0000/slave-007/client-031.log: file already closed
09:46:56.818 INF Trace data written.
zerolog: could not write event: write experiment-output/0000/slave-007/client-014.log: file already closed
zerolog: could not write event: write experiment-output/0000/slave-007/client-014.log: file already closed
zerolog: could not write event: write experiment-output/0000/slave-007/client-014.log: file already closed
zerolog: could not write event: write experiment-output/0000/slave-007/client-014.log: file already closed
09:46:56.818 INF Trace data written.
09:46:56.818 INF Done.
09:46:56.818 INF Stopping profiler.
zerolog: could not write event: write experiment-output/0000/slave-007/client-017.log: file already closed
zerolog: could not write event: write experiment-output/0000/slave-007/client-017.log: file already closed
zerolog: could not write event: write experiment-output/0000/slave-007/client-017.log: file already closed
zerolog: could not write event: write experiment-output/0000/slave-007/client-017.log: file already closed
zerolog: could not write event: write experiment-output/0000/slave-007/client-007.log: file already closed
zerolog: could not write event: write experiment-output/0000/slave-007/client-007.log: file already closed
zerolog: could not write event: write experiment-output/0000/slave-007/client-007.log: file already closed
zerolog: could not write event: write experiment-output/0000/slave-007/client-007.log: file already closed
zerolog: could not write event: write experiment-output/0000/slave-007/client-002.log: file already closed
zerolog: could not write event: write experiment-output/0000/slave-007/client-002.log: file already closed
zerolog: could not write event: write experiment-output/0000/slave-007/client-002.log: file already closed
zerolog: could not write event: write experiment-output/0000/slave-007/client-002.log: file already closed
zerolog: could not write event: write experiment-output/0000/slave-007/client-001.log: file already closed
zerolog: could not write event: write experiment-output/0000/slave-007/client-001.log: file already closed
zerolog: could not write event: write experiment-output/0000/slave-007/client-001.log: file already closed
zerolog: could not write event: write experiment-output/0000/slave-007/client-001.log: file already closed
zerolog: could not write event: write experiment-output/0000/slave-007/client-018.log: file already closed
zerolog: could not write event: write experiment-output/0000/slave-007/client-018.log: file already closed
zerolog: could not write event: write experiment-output/0000/slave-007/client-018.log: file already closed
zerolog: could not write event: write experiment-output/0000/slave-007/client-018.log: file already closed
zerolog: could not write event: write experiment-output/0000/slave-007/client-000.log: file already closed
zerolog: could not write event: write experiment-output/0000/slave-007/client-000.log: file already closed
zerolog: could not write event: write experiment-output/0000/slave-007/client-000.log: file already closed
zerolog: could not write event: write experiment-output/0000/slave-007/client-000.log: file already closed
zerolog: could not write event: write experiment-output/0000/slave-007/client-007.log: file already closed
zerolog: could not write event: write experiment-output/0000/slave-007/client-007.log: file already closed
zerolog: could not write event: write experiment-output/0000/slave-007/client-007.log: file already closed
zerolog: could not write event: write experiment-output/0000/slave-007/client-007.log: file already closed
zerolog: could not write event: write experiment-output/0000/slave-007/client-002.log: file already closed
zerolog: could not write event: write experiment-output/0000/slave-007/client-002.log: file already closed
zerolog: could not write event: write experiment-output/0000/slave-007/client-002.log: file already closed
zerolog: could not write event: write experiment-output/0000/slave-007/client-001.log: file already closed
zerolog: could not write event: write experiment-output/0000/slave-007/client-001.log: file already closed
zerolog: could not write event: write experiment-output/0000/slave-007/client-001.log: file already closed
zerolog: could not write event: write experiment-output/0000/slave-007/client-002.log: file already closed
zerolog: could not write event: write experiment-output/0000/slave-007/client-001.log: file already closed
zerolog: could not write event: write experiment-output/0000/slave-007/client-017.log: file already closed
zerolog: could not write event: write experiment-output/0000/slave-007/client-017.log: file already closed
zerolog: could not write event: write experiment-output/0000/slave-007/client-017.log: file already closed
zerolog: could not write event: write experiment-output/0000/slave-007/client-017.log: file already closed
zerolog: could not write event: write experiment-output/0000/slave-007/client-018.log: file already closed
zerolog: could not write event: write experiment-output/0000/slave-007/client-018.log: file already closed
zerolog: could not write event: write experiment-output/0000/slave-007/client-018.log: file already closed
zerolog: could not write event: write experiment-output/0000/slave-007/client-018.log: file already closed
zerolog: could not write event: write experiment-output/0000/slave-007/client-000.log: file already closed
zerolog: could not write event: write experiment-output/0000/slave-007/client-000.log: file already closed
zerolog: could not write event: write experiment-output/0000/slave-007/client-000.log: file already closed
zerolog: could not write event: write experiment-output/0000/slave-007/client-000.log: file already closed
zerolog: could not write event: write experiment-output/0000/slave-007/client-031.log: file already closed
zerolog: could not write event: write experiment-output/0000/slave-007/client-031.log: file already closed
zerolog: could not write event: write experiment-output/0000/slave-007/client-031.log: file already closed
zerolog: could not write event: write experiment-output/0000/slave-007/client-031.log: file already closed
zerolog: could not write event: write experiment-output/0000/slave-007/client-014.log: file already closed
zerolog: could not write event: write experiment-output/0000/slave-007/client-014.log: file already closed
zerolog: could not write event: write experiment-output/0000/slave-007/client-014.log: file already closed
zerolog: could not write event: write experiment-output/0000/slave-007/client-014.log: file already closed
zerolog: could not write event: write experiment-output/0000/slave-007/client-007.log: file already closed
zerolog: could not write event: write experiment-output/0000/slave-007/client-007.log: file already closed
zerolog: could not write event: write experiment-output/0000/slave-007/client-007.log: file already closed
zerolog: could not write event: write experiment-output/0000/slave-007/client-007.log: file already closed
zerolog: could not write event: write experiment-output/0000/slave-007/client-002.log: file already closed
zerolog: could not write event: write experiment-output/0000/slave-007/client-002.log: file already closed
zerolog: could not write event: write experiment-output/0000/slave-007/client-002.log: file already closed
zerolog: could not write event: write experiment-output/0000/slave-007/client-002.log: file already closed
zerolog: could not write event: write experiment-output/0000/slave-007/client-001.log: file already closed
zerolog: could not write event: write experiment-output/0000/slave-007/client-001.log: file already closed
zerolog: could not write event: write experiment-output/0000/slave-007/client-001.log: file already closed
zerolog: could not write event: write experiment-output/0000/slave-007/client-001.log: file already closed
zerolog: could not write event: write experiment-output/0000/slave-007/client-014.log: file already closed
zerolog: could not write event: write experiment-output/0000/slave-007/client-014.log: file already closed
zerolog: could not write event: write experiment-output/0000/slave-007/client-014.log: file already closed
zerolog: could not write event: write experiment-output/0000/slave-007/client-031.log: file already closed
zerolog: could not write event: write experiment-output/0000/slave-007/client-014.log: file already closed
zerolog: could not write event: write experiment-output/0000/slave-007/client-031.log: file already closed
zerolog: could not write event: write experiment-output/0000/slave-007/client-018.log: file already closed
zerolog: could not write event: write experiment-output/0000/slave-007/client-018.log: file already closed
zerolog: could not write event: write experiment-output/0000/slave-007/client-031.log: file already closed
zerolog: could not write event: write experiment-output/0000/slave-007/client-031.log: file already closed
zerolog: could not write event: write experiment-output/0000/slave-007/client-018.log: file already closed
zerolog: could not write event: write experiment-output/0000/slave-007/client-018.log: file already closed
09:46:56.951 INF Profile data written. filename=experiment-output/0000/slave-007/prof-client.cpu name=cpu
zerolog: could not write event: write experiment-output/0000/slave-007/client-000.log: file already closed
zerolog: could not write event: write experiment-output/0000/slave-007/client-000.log: file already closed
zerolog: could not write event: write experiment-output/0000/slave-007/client-000.log: file already closed
zerolog: could not write event: write experiment-output/0000/slave-007/client-000.log: file already closed
09:46:56.972 INF Profile data written. filename=experiment-output/0000/slave-007/prof-client.block name=block
09:46:56.977 INF Profile data written. filename=experiment-output/0000/slave-007/prof-client.mutex name=mutex
