{"level":"debug","Logging":"info","time":"2023-03-30T05:15:59Z","message":"Config"}
{"level":"debug","UseTLS":false,"time":"2023-03-30T05:15:59Z","message":"Config"}
{"level":"debug","CACertFile":"tls-data/ca.pem","time":"2023-03-30T05:15:59Z","message":"Config"}
{"level":"debug","KeyFile":"tls-data/auth.key","time":"2023-03-30T05:15:59Z","message":"Config"}
{"level":"debug","CertFile":"tls-data/auth.pem","time":"2023-03-30T05:15:59Z","message":"Config"}
{"level":"debug","PriorityConnections":2,"time":"2023-03-30T05:15:59Z","message":"Config"}
{"level":"debug","BasicConnections":1,"time":"2023-03-30T05:15:59Z","message":"Config"}
{"level":"debug","TestConnections":false,"time":"2023-03-30T05:15:59Z","message":"Config"}
{"level":"debug","ExcessConnections":1,"time":"2023-03-30T05:15:59Z","message":"Config"}
{"level":"debug","ConnectionTestMsgs":4,"time":"2023-03-30T05:15:59Z","message":"Config"}
{"level":"debug","ConnectionTestPayload":131072,"time":"2023-03-30T05:15:59Z","message":"Config"}
{"level":"debug","OutMessageBufsize":1024,"time":"2023-03-30T05:15:59Z","message":"Config"}
{"level":"debug","OutMessageBufsize":4,"time":"2023-03-30T05:15:59Z","message":"Config"}
{"level":"debug","ThroughputCap":131072000,"time":"2023-03-30T05:15:59Z","message":"Config"}
{"level":"debug","StragglerTolerance":1000,"time":"2023-03-30T05:15:59Z","message":"Config"}
{"level":"debug","BatchSizeIncrement":256,"time":"2023-03-30T05:15:59Z","message":"Config"}
{"level":"debug","Orderer":"Pbft","time":"2023-03-30T05:15:59Z","message":"Config"}
{"level":"debug","Manager":"Mir","time":"2023-03-30T05:15:59Z","message":"Config"}
{"level":"debug","Failures":0,"time":"2023-03-30T05:15:59Z","message":"Config"}
{"level":"debug","StragglerCnt":2,"time":"2023-03-30T05:15:59Z","message":"Config"}
{"level":"debug","CrashTiming":"Straggler","time":"2023-03-30T05:15:59Z","message":"Config"}
{"level":"debug","CheckpointInterval":512,"time":"2023-03-30T05:15:59Z","message":"Config"}
{"level":"debug","WatermarkWindowSize":512,"time":"2023-03-30T05:15:59Z","message":"Config"}
{"level":"debug","EpochLength":512,"time":"2023-03-30T05:15:59Z","message":"Config"}
{"level":"debug","SegmentLength":32,"time":"2023-03-30T05:15:59Z","message":"Config"}
{"level":"debug","WaitForCheckpoints":true,"time":"2023-03-30T05:15:59Z","message":"Config"}
{"level":"debug","ClientWatermarkWindowSize":16384,"time":"2023-03-30T05:15:59Z","message":"Config"}
{"level":"debug","ClientRequestBacklogSize":16384,"time":"2023-03-30T05:15:59Z","message":"Config"}
{"level":"debug","RandomSeed":10119,"time":"2023-03-30T05:15:59Z","message":"Config"}
{"level":"debug","NodeToLeaderRatio":1,"time":"2023-03-30T05:15:59Z","message":"Config"}
{"level":"debug","LeaderPolicy":"Simple","time":"2023-03-30T05:15:59Z","message":"Config"}
{"level":"debug","DefaultLeaderBan":2,"time":"2023-03-30T05:15:59Z","message":"Config"}
{"level":"debug","NumBuckets":256,"time":"2023-03-30T05:15:59Z","message":"Config"}
{"level":"debug","BatchSize":1000,"time":"2023-03-30T05:15:59Z","message":"Config"}
{"level":"debug","DisabledViewChange":false,"time":"2023-03-30T05:15:59Z","message":"Config"}
{"level":"debug","ViewChangeTimeout":60000,"time":"2023-03-30T05:15:59Z","message":"Config"}
{"level":"debug","ClientTraceSampling":10,"time":"2023-03-30T05:15:59Z","message":"Config"}
{"level":"debug","EventBufferSize":2097152,"time":"2023-03-30T05:15:59Z","message":"Config"}
{"level":"debug","TraceSampling":1,"time":"2023-03-30T05:15:59Z","message":"Config"}
{"level":"debug","ClientsPerProcess":8,"time":"2023-03-30T05:15:59Z","message":"Config"}
{"level":"debug","RequestsPerClient":4687,"time":"2023-03-30T05:15:59Z","message":"Config"}
{"level":"debug","ClientRunTime":15000,"time":"2023-03-30T05:15:59Z","message":"Config"}
{"level":"debug","RequestRate":156,"time":"2023-03-30T05:15:59Z","message":"Config"}
{"level":"debug","HardRequestRateLimit":false,"time":"2023-03-30T05:15:59Z","message":"Config"}
{"level":"debug","RequestPayloadSize":500,"time":"2023-03-30T05:15:59Z","message":"Config"}
{"level":"debug","SignRequests":true,"time":"2023-03-30T05:15:59Z","message":"Config"}
{"level":"debug","ClientPrivKeyFile":"tls-data/client-ecdsa-256.key","time":"2023-03-30T05:15:59Z","message":"Config"}
{"level":"debug","ClientPubKeyFile":"tls-data/client-ecdsa-256.pem","time":"2023-03-30T05:15:59Z","message":"Config"}
{"level":"debug","PrecomputeRequests":false,"time":"2023-03-30T05:15:59Z","message":"Config"}
{"level":"debug","RequestHandlerThreads":32,"time":"2023-03-30T05:15:59Z","message":"Config"}
{"level":"debug","RequestInputChannelBuffer":8192,"time":"2023-03-30T05:15:59Z","message":"Config"}
{"level":"debug","BatchVerifier":"external","time":"2023-03-30T05:15:59Z","message":"Config"}
05:15:59.852 INF Started Profiler: CPU
05:15:59.852 INF Started Profiler: BLOCK
05:15:59.852 INF Started Profiler: MUTEX
05:15:59.852 INF Starting clients. numClients=8 numRequests=4687
05:15:59.852 INF Initilizing clients.
05:16:00.247 INF Registared with discovery server. numOrderers=16 ownClientId=132
05:16:00.248 INF Registared with discovery server. numOrderers=16 ownClientId=133
05:16:00.250 INF Registared with discovery server. numOrderers=16 ownClientId=141
05:16:00.250 INF Registared with discovery server. numOrderers=16 ownClientId=142
05:16:00.250 INF Registared with discovery server. numOrderers=16 ownClientId=150
05:16:00.251 INF Registared with discovery server. numOrderers=16 ownClientId=151
05:16:00.251 INF Registared with discovery server. numOrderers=16 ownClientId=154
05:16:00.252 INF Registared with discovery server. numOrderers=16 ownClientId=167
05:16:00.252 INF Clients initialized.
05:16:00.252 INF Launching clients.
05:16:00.252 INF Waiting for clients.
05:22:27.532 INF Stopping Tracer. events=1415 fileName=experiment-output/0000/slave-030/client-133.trc
05:22:27.532 INF Stopping Tracer. events=944 fileName=experiment-output/0000/slave-030/client-150.trc
05:22:27.532 INF Stopping Tracer. events=1274 fileName=experiment-output/0000/slave-030/client-141.trc
zerolog: could not write event: write experiment-output/0000/slave-030/client-133.log: file already closed
zerolog: could not write event: write experiment-output/0000/slave-030/client-150.log: file already closed
zerolog: could not write event: write experiment-output/0000/slave-030/client-133.log: file already closed
zerolog: could not write event: write experiment-output/0000/slave-030/client-133.log: file already closed
zerolog: could not write event: write experiment-output/0000/slave-030/client-150.log: file already closed
zerolog: could not write event: write experiment-output/0000/slave-030/client-141.log: file already closed
zerolog: could not write event: write experiment-output/0000/slave-030/client-133.log: file already closed
zerolog: could not write event: write experiment-output/0000/slave-030/client-141.log: file already closed
zerolog: could not write event: write experiment-output/0000/slave-030/client-141.log: file already closed
zerolog: could not write event: write experiment-output/0000/slave-030/client-150.log: file already closed
zerolog: could not write event: write experiment-output/0000/slave-030/client-141.log: file already closed
zerolog: could not write event: write experiment-output/0000/slave-030/client-150.log: file already closed
05:22:27.534 INF Trace data written.
05:22:27.534 INF Trace data written.
05:22:27.534 INF Trace data written.
05:22:27.535 INF Stopping Tracer. events=949 fileName=experiment-output/0000/slave-030/client-132.trc
05:22:27.535 INF Stopping Tracer. events=1273 fileName=experiment-output/0000/slave-030/client-151.trc
05:22:27.536 INF Stopping Tracer. events=944 fileName=experiment-output/0000/slave-030/client-142.trc
05:22:27.536 INF Stopping Tracer. events=947 fileName=experiment-output/0000/slave-030/client-154.trc
05:22:27.536 INF Stopping Tracer. events=1462 fileName=experiment-output/0000/slave-030/client-167.trc
zerolog: could not write event: write experiment-output/0000/slave-030/client-154.log: file already closed
zerolog: could not write event: write experiment-output/0000/slave-030/client-154.log: file already closed
zerolog: could not write event: write experiment-output/0000/slave-030/client-142.log: file already closed
zerolog: could not write event: write experiment-output/0000/slave-030/client-142.log: file already closed
zerolog: could not write event: write experiment-output/0000/slave-030/client-142.log: file already closed
zerolog: could not write event: write experiment-output/0000/slave-030/client-167.log: file already closed
zerolog: could not write event: write experiment-output/0000/slave-030/client-142.log: file already closed
zerolog: could not write event: write experiment-output/0000/slave-030/client-154.log: file already closed
zerolog: could not write event: write experiment-output/0000/slave-030/client-132.log: file already closed
zerolog: could not write event: write experiment-output/0000/slave-030/client-167.log: file already closed
zerolog: could not write event: write experiment-output/0000/slave-030/client-151.log: file already closed
zerolog: could not write event: write experiment-output/0000/slave-030/client-151.log: file already closed
zerolog: could not write event: write experiment-output/0000/slave-030/client-167.log: file already closed
zerolog: could not write event: write experiment-output/0000/slave-030/client-154.log: file already closed
zerolog: could not write event: write experiment-output/0000/slave-030/client-132.log: file already closed
zerolog: could not write event: write experiment-output/0000/slave-030/client-151.log: file already closed
zerolog: could not write event: write experiment-output/0000/slave-030/client-132.log: file already closed
zerolog: could not write event: write experiment-output/0000/slave-030/client-151.log: file already closed
zerolog: could not write event: write experiment-output/0000/slave-030/client-132.log: file already closed
zerolog: could not write event: write experiment-output/0000/slave-030/client-167.log: file already closed
05:22:27.538 INF Trace data written.
05:22:27.538 INF Trace data written.
05:22:27.538 INF Trace data written.
05:22:27.538 INF Trace data written.
05:22:27.539 INF Trace data written.
05:22:27.539 INF Done.
05:22:27.539 INF Stopping profiler.
05:22:27.553 INF Profile data written. filename=experiment-output/0000/slave-030/prof-client.mutex name=mutex
zerolog: could not write event: write experiment-output/0000/slave-030/client-133.log: file already closed
zerolog: could not write event: write experiment-output/0000/slave-030/client-133.log: file already closed
zerolog: could not write event: write experiment-output/0000/slave-030/client-151.log: file already closed
zerolog: could not write event: write experiment-output/0000/slave-030/client-154.log: file already closed
zerolog: could not write event: write experiment-output/0000/slave-030/client-167.log: file already closed
zerolog: could not write event: write experiment-output/0000/slave-030/client-154.log: file already closed
zerolog: could not write event: write experiment-output/0000/slave-030/client-142.log: file already closed
zerolog: could not write event: write experiment-output/0000/slave-030/client-151.log: file already closed
zerolog: could not write event: write experiment-output/0000/slave-030/client-154.log: file already closed
zerolog: could not write event: write experiment-output/0000/slave-030/client-151.log: file already closed
zerolog: could not write event: write experiment-output/0000/slave-030/client-154.log: file already closed
zerolog: could not write event: write experiment-output/0000/slave-030/client-132.log: file already closed
zerolog: could not write event: write experiment-output/0000/slave-030/client-141.log: file already closed
zerolog: could not write event: write experiment-output/0000/slave-030/client-133.log: file already closed
zerolog: could not write event: write experiment-output/0000/slave-030/client-141.log: file already closed
zerolog: could not write event: write experiment-output/0000/slave-030/client-150.log: file already closed
zerolog: could not write event: write experiment-output/0000/slave-030/client-133.log: file already closed
zerolog: could not write event: write experiment-output/0000/slave-030/client-150.log: file already closed
zerolog: could not write event: write experiment-output/0000/slave-030/client-150.log: file already closed
zerolog: could not write event: write experiment-output/0000/slave-030/client-141.log: file already closed
zerolog: could not write event: write experiment-output/0000/slave-030/client-141.log: file already closed
zerolog: could not write event: write experiment-output/0000/slave-030/client-150.log: file already closed
zerolog: could not write event: write experiment-output/0000/slave-030/client-167.log: file already closed
zerolog: could not write event: write experiment-output/0000/slave-030/client-167.log: file already closed
zerolog: could not write event: write experiment-output/0000/slave-030/client-142.log: file already closed
zerolog: could not write event: write experiment-output/0000/slave-030/client-142.log: file already closed
zerolog: could not write event: write experiment-output/0000/slave-030/client-151.log: file already closed
zerolog: could not write event: write experiment-output/0000/slave-030/client-167.log: file already closed
zerolog: could not write event: write experiment-output/0000/slave-030/client-132.log: file already closed
zerolog: could not write event: write experiment-output/0000/slave-030/client-132.log: file already closed
zerolog: could not write event: write experiment-output/0000/slave-030/client-142.log: file already closed
zerolog: could not write event: write experiment-output/0000/slave-030/client-132.log: file already closed
zerolog: could not write event: write experiment-output/0000/slave-030/client-133.log: file already closed
zerolog: could not write event: write experiment-output/0000/slave-030/client-141.log: file already closed
zerolog: could not write event: write experiment-output/0000/slave-030/client-141.log: file already closed
zerolog: could not write event: write experiment-output/0000/slave-030/client-150.log: file already closed
zerolog: could not write event: write experiment-output/0000/slave-030/client-133.log: file already closed
zerolog: could not write event: write experiment-output/0000/slave-030/client-150.log: file already closed
zerolog: could not write event: write experiment-output/0000/slave-030/client-150.log: file already closed
zerolog: could not write event: write experiment-output/0000/slave-030/client-133.log: file already closed
zerolog: could not write event: write experiment-output/0000/slave-030/client-141.log: file already closed
zerolog: could not write event: write experiment-output/0000/slave-030/client-133.log: file already closed
zerolog: could not write event: write experiment-output/0000/slave-030/client-141.log: file already closed
zerolog: could not write event: write experiment-output/0000/slave-030/client-150.log: file already closed
05:22:27.665 INF Profile data written. filename=experiment-output/0000/slave-030/prof-client.cpu name=cpu
zerolog: could not write event: write experiment-output/0000/slave-030/client-154.log: file already closed
zerolog: could not write event: write experiment-output/0000/slave-030/client-167.log: file already closed
zerolog: could not write event: write experiment-output/0000/slave-030/client-167.log: file already closed
zerolog: could not write event: write experiment-output/0000/slave-030/client-132.log: file already closed
zerolog: could not write event: write experiment-output/0000/slave-030/client-132.log: file already closed
zerolog: could not write event: write experiment-output/0000/slave-030/client-151.log: file already closed
zerolog: could not write event: write experiment-output/0000/slave-030/client-154.log: file already closed
zerolog: could not write event: write experiment-output/0000/slave-030/client-151.log: file already closed
zerolog: could not write event: write experiment-output/0000/slave-030/client-142.log: file already closed
zerolog: could not write event: write experiment-output/0000/slave-030/client-154.log: file already closed
zerolog: could not write event: write experiment-output/0000/slave-030/client-142.log: file already closed
zerolog: could not write event: write experiment-output/0000/slave-030/client-132.log: file already closed
zerolog: could not write event: write experiment-output/0000/slave-030/client-154.log: file already closed
zerolog: could not write event: write experiment-output/0000/slave-030/client-167.log: file already closed
zerolog: could not write event: write experiment-output/0000/slave-030/client-151.log: file already closed
zerolog: could not write event: write experiment-output/0000/slave-030/client-132.log: file already closed
zerolog: could not write event: write experiment-output/0000/slave-030/client-142.log: file already closed
zerolog: could not write event: write experiment-output/0000/slave-030/client-167.log: file already closed
zerolog: could not write event: write experiment-output/0000/slave-030/client-142.log: file already closed
zerolog: could not write event: write experiment-output/0000/slave-030/client-151.log: file already closed
05:22:27.674 INF Profile data written. filename=experiment-output/0000/slave-030/prof-client.block name=block
