Directory name1: Phoneix16p1
['0000', '0001']
-------------0000-------------
/opt/gopath/src/github.com/hyperledger-labs/mirbft/deployment/deployment-data/deployment-result/Phoneix16p1/experiment-output/0000
{'REQ_SEND': 0.0, 'REQ_RECEIVE': 55421.07580543272, 'REQ_PROPOSE': 1018040.8599573595, 'REQ_COMMIT': 1171399.6295601705, 'RESP_SEND': 2367.1956530322173, 'RESP_RECEIVE': 66630.54161402401, 'REQ_FINISHED': 1.1896320277953254}
-------------0001-------------
/opt/gopath/src/github.com/hyperledger-labs/mirbft/deployment/deployment-data/deployment-result/Phoneix16p1/experiment-output/0001
{'REQ_SEND': 0.0, 'REQ_RECEIVE': 55972.10275109002, 'REQ_PROPOSE': 1049304.9454412162, 'REQ_COMMIT': 1158079.111625574, 'RESP_SEND': 1656.7067754755567, 'RESP_RECEIVE': 65470.59858394104, 'REQ_FINISHED': 1.1406798626384227}
Directory name1: Phoneix16p2
['0000', '0001']
-------------0000-------------
/opt/gopath/src/github.com/hyperledger-labs/mirbft/deployment/deployment-data/deployment-result/Phoneix16p2/experiment-output/0000
{'REQ_SEND': 0.0, 'REQ_RECEIVE': 56345.45811248528, 'REQ_PROPOSE': 1150928.941622497, 'REQ_COMMIT': 1199066.2802071064, 'RESP_SEND': 2545.0126864939143, 'RESP_RECEIVE': 66035.17530427955, 'REQ_FINISHED': 1.1709363957597174}
-------------0001-------------
/opt/gopath/src/github.com/hyperledger-labs/mirbft/deployment/deployment-data/deployment-result/Phoneix16p2/experiment-output/0001
{'REQ_SEND': nan, 'REQ_RECEIVE': nan, 'REQ_PROPOSE': nan, 'REQ_COMMIT': nan, 'RESP_SEND': nan, 'RESP_RECEIVE': nan, 'REQ_FINISHED': nan}
Directory name1: Phoneix16s1
['0000', '0001']
-------------0000-------------
/opt/gopath/src/github.com/hyperledger-labs/mirbft/deployment/deployment-data/deployment-result/Phoneix16s1/experiment-output/0000
{'REQ_SEND': 0.0, 'REQ_RECEIVE': 55198.33694891533, 'REQ_PROPOSE': 962531.4341264288, 'REQ_COMMIT': 1061594.0927221833, 'RESP_SEND': 2223.894518311173, 'RESP_RECEIVE': 71409.68721716819, 'REQ_FINISHED': 1.21432236995568}
-------------0001-------------
/opt/gopath/src/github.com/hyperledger-labs/mirbft/deployment/deployment-data/deployment-result/Phoneix16s1/experiment-output/0001
{'REQ_SEND': 0.0, 'REQ_RECEIVE': 56232.48887719826, 'REQ_PROPOSE': 905007.4387744877, 'REQ_COMMIT': 1226907.7958314545, 'RESP_SEND': 2207.1956009820133, 'RESP_RECEIVE': 67604.22866877099, 'REQ_FINISHED': 1.1784658550027556}
Directory name1: Phoneix16snew1
['0000', '0001']
-------------0000-------------
/opt/gopath/src/github.com/hyperledger-labs/mirbft/deployment/deployment-data/deployment-result/Phoneix16snew1/experiment-output/0000
{'REQ_SEND': 0.0, 'REQ_RECEIVE': 55593.46282629331, 'REQ_PROPOSE': 1694206.0882415758, 'REQ_COMMIT': 1162301.1467726626, 'RESP_SEND': 2217.55, 'RESP_RECEIVE': 69339.57662553394, 'REQ_FINISHED': 1.1155196962505933}
-------------0001-------------
/opt/gopath/src/github.com/hyperledger-labs/mirbft/deployment/deployment-data/deployment-result/Phoneix16snew1/experiment-output/0001
{'REQ_SEND': 0.0, 'REQ_RECEIVE': 55900.776215886566, 'REQ_PROPOSE': 1620660.910901052, 'REQ_COMMIT': 1202608.2692788534, 'RESP_SEND': 2273.5142552218326, 'RESP_RECEIVE': 73431.2337551456, 'REQ_FINISHED': 1.1547187071199878}
Directory name1: Phoneix32p1
['0000', '0001', '0002']
-------------0000-------------
/opt/gopath/src/github.com/hyperledger-labs/mirbft/deployment/deployment-data/deployment-result/Phoneix32p1/experiment-output/0000
{'REQ_SEND': nan, 'REQ_RECEIVE': nan, 'REQ_PROPOSE': nan, 'REQ_COMMIT': nan, 'RESP_SEND': nan, 'RESP_RECEIVE': nan, 'REQ_FINISHED': nan}
-------------0001-------------
/opt/gopath/src/github.com/hyperledger-labs/mirbft/deployment/deployment-data/deployment-result/Phoneix32p1/experiment-output/0001
{'REQ_SEND': nan, 'REQ_RECEIVE': nan, 'REQ_PROPOSE': nan, 'REQ_COMMIT': nan, 'RESP_SEND': nan, 'RESP_RECEIVE': nan, 'REQ_FINISHED': nan}
-------------0002-------------
/opt/gopath/src/github.com/hyperledger-labs/mirbft/deployment/deployment-data/deployment-result/Phoneix32p1/experiment-output/0002
{'REQ_SEND': 0.0, 'REQ_RECEIVE': 64684.049088867156, 'REQ_PROPOSE': 1346307.0762960548, 'REQ_COMMIT': 1242786.5924718329, 'RESP_SEND': 2363.208636742383, 'RESP_RECEIVE': 69298.50969097562, 'REQ_FINISHED': 1.7649530848096222}
Directory name1: Phoneix32p2
Directory name1: Phoneix32s1
Directory name1: Phoneix32snew1
['0000', '0001']
-------------0000-------------
/opt/gopath/src/github.com/hyperledger-labs/mirbft/deployment/deployment-data/deployment-result/Phoneix32snew1/experiment-output/0000
{'REQ_SEND': 0.0, 'REQ_RECEIVE': 79975.89570649705, 'REQ_PROPOSE': 1672141.212789641, 'REQ_COMMIT': 1108479.9911631076, 'RESP_SEND': 2018.9550658791459, 'RESP_RECEIVE': 68637.8564970468, 'REQ_FINISHED': 1.508768741481145}
-------------0001-------------
/opt/gopath/src/github.com/hyperledger-labs/mirbft/deployment/deployment-data/deployment-result/Phoneix32snew1/experiment-output/0001
{'REQ_SEND': 0.0, 'REQ_RECEIVE': 63623.73728536088, 'REQ_PROPOSE': 1569377.9735339058, 'REQ_COMMIT': 1122962.1690192083, 'RESP_SEND': 2098.764788271246, 'RESP_RECEIVE': 68999.48794019208, 'REQ_FINISHED': 1.5285579161816065}
Directory name1: Phoneix64p1
Directory name1: Phoneix64s1
Directory name1: Phoneix64snew1
['0000', '0001']
-------------0000-------------
/opt/gopath/src/github.com/hyperledger-labs/mirbft/deployment/deployment-data/deployment-result/Phoneix64snew1/experiment-output/0000
{'REQ_SEND': 0.0, 'REQ_RECEIVE': 66908.30127083042, 'REQ_PROPOSE': 3262608.503868506, 'REQ_COMMIT': 1462253.9802548662, 'RESP_SEND': 1955.1947906455678, 'RESP_RECEIVE': 73469.7545161742, 'REQ_FINISHED': 2.409781543201232}
-------------0001-------------
/opt/gopath/src/github.com/hyperledger-labs/mirbft/deployment/deployment-data/deployment-result/Phoneix64snew1/experiment-output/0001
{'REQ_SEND': nan, 'REQ_RECEIVE': nan, 'REQ_PROPOSE': nan, 'REQ_COMMIT': nan, 'RESP_SEND': nan, 'RESP_RECEIVE': nan, 'REQ_FINISHED': nan}
Directory name1: Phoneix64snew2
Directory name1: Phoneix8p1
['0000']
-------------0000-------------
/opt/gopath/src/github.com/hyperledger-labs/mirbft/deployment/deployment-data/deployment-result/Phoneix8p1/experiment-output/0000
{'REQ_SEND': 0.0, 'REQ_RECEIVE': 58003.406611306295, 'REQ_PROPOSE': 946250.0322900031, 'REQ_COMMIT': 1341943.5552698819, 'RESP_SEND': 1257.8732673267327, 'RESP_RECEIVE': 59776.78008623443, 'REQ_FINISHED': 0.9666879591184925}
Directory name1: Phoneix8p2
['0000']
-------------0000-------------
/opt/gopath/src/github.com/hyperledger-labs/mirbft/deployment/deployment-data/deployment-result/Phoneix8p2/experiment-output/0000
{'REQ_SEND': 0.0, 'REQ_RECEIVE': 58414.1058407796, 'REQ_PROPOSE': 1126931.6332855942, 'REQ_COMMIT': 2234155.9779881067, 'RESP_SEND': 2648.2649055076436, 'RESP_RECEIVE': 55984.37518291354, 'REQ_FINISHED': 1.0209221955851677}
Directory name1: Phoneix8p3
['0000']
-------------0000-------------
/opt/gopath/src/github.com/hyperledger-labs/mirbft/deployment/deployment-data/deployment-result/Phoneix8p3/experiment-output/0000
{'REQ_SEND': 0.0, 'REQ_RECEIVE': 58871.55286078991, 'REQ_PROPOSE': 1137297.5963357862, 'REQ_COMMIT': 3428958.94796516, 'RESP_SEND': 5019.653101066227, 'RESP_RECEIVE': -68243.00052560444, 'REQ_FINISHED': 1.0504955699053913}
Directory name1: Phoneix8ps1
['0000']
-------------0000-------------
/opt/gopath/src/github.com/hyperledger-labs/mirbft/deployment/deployment-data/deployment-result/Phoneix8ps1/experiment-output/0000
{'REQ_SEND': 0.0, 'REQ_RECEIVE': 56988.48467602858, 'REQ_PROPOSE': 1058514.098669623, 'REQ_COMMIT': 954692.9367578222, 'RESP_SEND': 2468.8172456270017, 'RESP_RECEIVE': 72998.31088938162, 'REQ_FINISHED': 1.0120226656812024}
Directory name1: Phoneix8ps2
['0000']
-------------0000-------------
/opt/gopath/src/github.com/hyperledger-labs/mirbft/deployment/deployment-data/deployment-result/Phoneix8ps2/experiment-output/0000
{'REQ_SEND': 0.0, 'REQ_RECEIVE': 57856.58081878976, 'REQ_PROPOSE': 1131620.4913961834, 'REQ_COMMIT': 1183579.5421016146, 'RESP_SEND': 2520.015576578046, 'RESP_RECEIVE': 62235.65391045506, 'REQ_FINISHED': 1.009745555374327}
Directory name1: Phoneix8ps3
['0000']
-------------0000-------------
/opt/gopath/src/github.com/hyperledger-labs/mirbft/deployment/deployment-data/deployment-result/Phoneix8ps3/experiment-output/0000
{'REQ_SEND': 0.0, 'REQ_RECEIVE': 58466.750427902014, 'REQ_PROPOSE': 2458739.096537501, 'REQ_COMMIT': 2493745.3397261426, 'RESP_SEND': 2781.78655405595, 'RESP_RECEIVE': 26904.30726170768, 'REQ_FINISHED': 1.0057240663318274}
Directory name1: Phoneix8snew1
['0000', '0001']
-------------0000-------------
/opt/gopath/src/github.com/hyperledger-labs/mirbft/deployment/deployment-data/deployment-result/Phoneix8snew1/experiment-output/0000
{'REQ_SEND': 0.0, 'REQ_RECEIVE': 58044.32462158906, 'REQ_PROPOSE': 873635.9600377101, 'REQ_COMMIT': 1285408.0386267218, 'RESP_SEND': 3493.272220185408, 'RESP_RECEIVE': 48842.060860001046, 'REQ_FINISHED': 0.9553239407112555}
-------------0001-------------
/opt/gopath/src/github.com/hyperledger-labs/mirbft/deployment/deployment-data/deployment-result/Phoneix8snew1/experiment-output/0001
{'REQ_SEND': 0.0, 'REQ_RECEIVE': 58518.34766172939, 'REQ_PROPOSE': 2038684.6953710087, 'REQ_COMMIT': 2753289.053030123, 'RESP_SEND': 2551.4948170514253, 'RESP_RECEIVE': 70392.05584745965, 'REQ_FINISHED': 0.9536387627493402}
Directory name1: Phoneix8snew2
['0000', '0001']
-------------0000-------------
/opt/gopath/src/github.com/hyperledger-labs/mirbft/deployment/deployment-data/deployment-result/Phoneix8snew2/experiment-output/0000
{'REQ_SEND': 0.0, 'REQ_RECEIVE': 58658.63791699189, 'REQ_PROPOSE': 2447500.839532358, 'REQ_COMMIT': 2529430.3793905047, 'RESP_SEND': 2558.666745851291, 'RESP_RECEIVE': -13797.221654732413, 'REQ_FINISHED': 0.9688125699935521}
-------------0001-------------
/opt/gopath/src/github.com/hyperledger-labs/mirbft/deployment/deployment-data/deployment-result/Phoneix8snew2/experiment-output/0001
{'REQ_SEND': 0.0, 'REQ_RECEIVE': 58889.44416503282, 'REQ_PROPOSE': 1573904.6463643338, 'REQ_COMMIT': 3654380.9851675048, 'RESP_SEND': 2776.1623902480605, 'RESP_RECEIVE': -18268.4058051317, 'REQ_FINISHED': 0.9263916119682891}
