{"level":"debug","Logging":"info","time":"2023-03-19T10:37:35Z","message":"Config"}
{"level":"debug","UseTLS":false,"time":"2023-03-19T10:37:35Z","message":"Config"}
{"level":"debug","CACertFile":"tls-data/ca.pem","time":"2023-03-19T10:37:35Z","message":"Config"}
{"level":"debug","KeyFile":"tls-data/auth.key","time":"2023-03-19T10:37:35Z","message":"Config"}
{"level":"debug","CertFile":"tls-data/auth.pem","time":"2023-03-19T10:37:35Z","message":"Config"}
{"level":"debug","PriorityConnections":2,"time":"2023-03-19T10:37:35Z","message":"Config"}
{"level":"debug","BasicConnections":1,"time":"2023-03-19T10:37:35Z","message":"Config"}
{"level":"debug","TestConnections":false,"time":"2023-03-19T10:37:35Z","message":"Config"}
{"level":"debug","ExcessConnections":1,"time":"2023-03-19T10:37:35Z","message":"Config"}
{"level":"debug","ConnectionTestMsgs":4,"time":"2023-03-19T10:37:35Z","message":"Config"}
{"level":"debug","ConnectionTestPayload":131072,"time":"2023-03-19T10:37:35Z","message":"Config"}
{"level":"debug","OutMessageBufsize":1024,"time":"2023-03-19T10:37:35Z","message":"Config"}
{"level":"debug","OutMessageBufsize":4,"time":"2023-03-19T10:37:35Z","message":"Config"}
{"level":"debug","ThroughputCap":131072000,"time":"2023-03-19T10:37:35Z","message":"Config"}
{"level":"debug","StragglerTolerance":1000,"time":"2023-03-19T10:37:35Z","message":"Config"}
{"level":"debug","BatchSizeIncrement":256,"time":"2023-03-19T10:37:35Z","message":"Config"}
{"level":"debug","Orderer":"Pbft","time":"2023-03-19T10:37:35Z","message":"Config"}
{"level":"debug","Manager":"Mir","time":"2023-03-19T10:37:35Z","message":"Config"}
{"level":"debug","Failures":0,"time":"2023-03-19T10:37:35Z","message":"Config"}
{"level":"debug","StragglerCnt":1,"time":"2023-03-19T10:37:35Z","message":"Config"}
{"level":"debug","PrivKeyCnt":10,"time":"2023-03-19T10:37:35Z","message":"Config"}
{"level":"debug","UseSig":false,"time":"2023-03-19T10:37:35Z","message":"Config"}
{"level":"debug","CrashTiming":"Straggler","time":"2023-03-19T10:37:35Z","message":"Config"}
{"level":"debug","CheckpointInterval":512,"time":"2023-03-19T10:37:35Z","message":"Config"}
{"level":"debug","WatermarkWindowSize":512,"time":"2023-03-19T10:37:35Z","message":"Config"}
{"level":"debug","EpochLength":512,"time":"2023-03-19T10:37:35Z","message":"Config"}
{"level":"debug","SegmentLength":32,"time":"2023-03-19T10:37:35Z","message":"Config"}
{"level":"debug","WaitForCheckpoints":true,"time":"2023-03-19T10:37:35Z","message":"Config"}
{"level":"debug","ClientWatermarkWindowSize":16384,"time":"2023-03-19T10:37:35Z","message":"Config"}
{"level":"debug","ClientRequestBacklogSize":16384,"time":"2023-03-19T10:37:35Z","message":"Config"}
{"level":"debug","RandomSeed":19386,"time":"2023-03-19T10:37:35Z","message":"Config"}
{"level":"debug","NodeToLeaderRatio":1,"time":"2023-03-19T10:37:35Z","message":"Config"}
{"level":"debug","LeaderPolicy":"Simple","time":"2023-03-19T10:37:35Z","message":"Config"}
{"level":"debug","DefaultLeaderBan":2,"time":"2023-03-19T10:37:35Z","message":"Config"}
{"level":"debug","NumBuckets":256,"time":"2023-03-19T10:37:35Z","message":"Config"}
{"level":"debug","BatchSize":1000,"time":"2023-03-19T10:37:35Z","message":"Config"}
{"level":"debug","DisabledViewChange":false,"time":"2023-03-19T10:37:35Z","message":"Config"}
{"level":"debug","ViewChangeTimeout":60000,"time":"2023-03-19T10:37:35Z","message":"Config"}
{"level":"debug","ClientTraceSampling":10,"time":"2023-03-19T10:37:35Z","message":"Config"}
{"level":"debug","EventBufferSize":2097152,"time":"2023-03-19T10:37:35Z","message":"Config"}
{"level":"debug","TraceSampling":1,"time":"2023-03-19T10:37:35Z","message":"Config"}
{"level":"debug","ClientsPerProcess":8,"time":"2023-03-19T10:37:35Z","message":"Config"}
{"level":"debug","RequestsPerClient":12890,"time":"2023-03-19T10:37:35Z","message":"Config"}
{"level":"debug","ClientRunTime":15000,"time":"2023-03-19T10:37:35Z","message":"Config"}
{"level":"debug","RequestRate":429,"time":"2023-03-19T10:37:35Z","message":"Config"}
{"level":"debug","HardRequestRateLimit":false,"time":"2023-03-19T10:37:35Z","message":"Config"}
{"level":"debug","RequestPayloadSize":500,"time":"2023-03-19T10:37:35Z","message":"Config"}
{"level":"debug","SignRequests":true,"time":"2023-03-19T10:37:35Z","message":"Config"}
{"level":"debug","ClientPrivKeyFile":"tls-data/client-ecdsa-256.key","time":"2023-03-19T10:37:35Z","message":"Config"}
{"level":"debug","ClientPubKeyFile":"tls-data/client-ecdsa-256.pem","time":"2023-03-19T10:37:35Z","message":"Config"}
{"level":"debug","PrecomputeRequests":false,"time":"2023-03-19T10:37:35Z","message":"Config"}
{"level":"debug","RequestHandlerThreads":32,"time":"2023-03-19T10:37:35Z","message":"Config"}
{"level":"debug","RequestInputChannelBuffer":8192,"time":"2023-03-19T10:37:35Z","message":"Config"}
{"level":"debug","BatchVerifier":"external","time":"2023-03-19T10:37:35Z","message":"Config"}
10:37:35.947 INF Started Profiler: CPU
10:37:35.947 INF Started Profiler: BLOCK
10:37:35.947 INF Started Profiler: MUTEX
10:37:35.947 INF Starting clients. numClients=8 numRequests=12890
10:37:35.947 INF Initilizing clients.
10:37:36.228 INF Registared with discovery server. numOrderers=16 ownClientId=77
10:37:36.228 INF Registared with discovery server. numOrderers=16 ownClientId=81
10:37:36.228 INF Registared with discovery server. numOrderers=16 ownClientId=76
10:37:36.228 INF Registared with discovery server. numOrderers=16 ownClientId=92
10:37:36.229 INF Registared with discovery server. numOrderers=16 ownClientId=90
10:37:36.229 INF Registared with discovery server. numOrderers=16 ownClientId=96
10:37:36.229 INF Registared with discovery server. numOrderers=16 ownClientId=105
10:37:36.230 INF Registared with discovery server. numOrderers=16 ownClientId=119
10:37:36.230 INF Clients initialized.
10:37:36.230 INF Launching clients.
10:37:36.230 INF Waiting for clients.
10:39:10.698 INF Stopping Tracer. events=2577 fileName=experiment-output/0007/slave-019/client-105.trc
zerolog: could not write event: write experiment-output/0007/slave-019/client-105.log: file already closed
zerolog: could not write event: write experiment-output/0007/slave-019/client-105.log: file already closed
zerolog: could not write event: write experiment-output/0007/slave-019/client-105.log: file already closed
zerolog: could not write event: write experiment-output/0007/slave-019/client-105.log: file already closed
10:39:10.702 INF Trace data written.
10:39:10.705 INF Stopping Tracer. events=2578 fileName=experiment-output/0007/slave-019/client-081.trc
10:39:10.705 INF Stopping Tracer. events=2577 fileName=experiment-output/0007/slave-019/client-077.trc
zerolog: could not write event: write experiment-output/0007/slave-019/client-081.log: file already closed
zerolog: could not write event: write experiment-output/0007/slave-019/client-081.log: file already closed
zerolog: could not write event: write experiment-output/0007/slave-019/client-081.log: file already closed
zerolog: could not write event: write experiment-output/0007/slave-019/client-077.log: file already closed
zerolog: could not write event: write experiment-output/0007/slave-019/client-081.log: file already closed
zerolog: could not write event: write experiment-output/0007/slave-019/client-077.log: file already closed
zerolog: could not write event: write experiment-output/0007/slave-019/client-077.log: file already closed
zerolog: could not write event: write experiment-output/0007/slave-019/client-077.log: file already closed
10:39:10.707 INF Stopping Tracer. events=3825 fileName=experiment-output/0007/slave-019/client-076.trc
zerolog: could not write event: write experiment-output/0007/slave-019/client-076.log: file already closed
zerolog: could not write event: write experiment-output/0007/slave-019/client-076.log: file already closed
zerolog: could not write event: write experiment-output/0007/slave-019/client-076.log: file already closed
zerolog: could not write event: write experiment-output/0007/slave-019/client-076.log: file already closed
10:39:10.708 INF Stopping Tracer. events=3776 fileName=experiment-output/0007/slave-019/client-096.trc
zerolog: could not write event: write experiment-output/0007/slave-019/client-096.log: file already closed
zerolog: could not write event: write experiment-output/0007/slave-019/client-096.log: file already closed
zerolog: could not write event: write experiment-output/0007/slave-019/client-096.log: file already closed
zerolog: could not write event: write experiment-output/0007/slave-019/client-096.log: file already closed
10:39:10.711 INF Trace data written.
10:39:10.711 INF Trace data written.
10:39:10.714 INF Stopping Tracer. events=2577 fileName=experiment-output/0007/slave-019/client-119.trc
10:39:10.714 INF Stopping Tracer. events=3857 fileName=experiment-output/0007/slave-019/client-092.trc
zerolog: could not write event: write experiment-output/0007/slave-019/client-119.log: file already closed
zerolog: could not write event: write experiment-output/0007/slave-019/client-119.log: file already closed
zerolog: could not write event: write experiment-output/0007/slave-019/client-119.log: file already closed
zerolog: could not write event: write experiment-output/0007/slave-019/client-119.log: file already closed
zerolog: could not write event: write experiment-output/0007/slave-019/client-092.log: file already closed
zerolog: could not write event: write experiment-output/0007/slave-019/client-092.log: file already closed
zerolog: could not write event: write experiment-output/0007/slave-019/client-092.log: file already closed
zerolog: could not write event: write experiment-output/0007/slave-019/client-092.log: file already closed
10:39:10.716 INF Trace data written.
10:39:10.717 INF Trace data written.
10:39:10.719 INF Trace data written.
10:39:10.720 INF Stopping Tracer. events=3841 fileName=experiment-output/0007/slave-019/client-090.trc
zerolog: could not write event: write experiment-output/0007/slave-019/client-090.log: file already closed
zerolog: could not write event: write experiment-output/0007/slave-019/client-090.log: file already closed
zerolog: could not write event: write experiment-output/0007/slave-019/client-090.log: file already closed
zerolog: could not write event: write experiment-output/0007/slave-019/client-090.log: file already closed
10:39:10.721 INF Trace data written.
10:39:10.727 INF Trace data written.
10:39:10.727 INF Done.
10:39:10.727 INF Stopping profiler.
zerolog: could not write event: write experiment-output/0007/slave-019/client-105.log: file already closed
zerolog: could not write event: write experiment-output/0007/slave-019/client-105.log: file already closed
zerolog: could not write event: write experiment-output/0007/slave-019/client-105.log: file already closed
zerolog: could not write event: write experiment-output/0007/slave-019/client-105.log: file already closed
zerolog: could not write event: write experiment-output/0007/slave-019/client-081.log: file already closed
zerolog: could not write event: write experiment-output/0007/slave-019/client-081.log: file already closed
zerolog: could not write event: write experiment-output/0007/slave-019/client-077.log: file already closed
zerolog: could not write event: write experiment-output/0007/slave-019/client-081.log: file already closed
zerolog: could not write event: write experiment-output/0007/slave-019/client-081.log: file already closed
zerolog: could not write event: write experiment-output/0007/slave-019/client-077.log: file already closed
zerolog: could not write event: write experiment-output/0007/slave-019/client-077.log: file already closed
zerolog: could not write event: write experiment-output/0007/slave-019/client-077.log: file already closed
zerolog: could not write event: write experiment-output/0007/slave-019/client-076.log: file already closed
zerolog: could not write event: write experiment-output/0007/slave-019/client-076.log: file already closed
zerolog: could not write event: write experiment-output/0007/slave-019/client-076.log: file already closed
zerolog: could not write event: write experiment-output/0007/slave-019/client-076.log: file already closed
zerolog: could not write event: write experiment-output/0007/slave-019/client-096.log: file already closed
zerolog: could not write event: write experiment-output/0007/slave-019/client-096.log: file already closed
zerolog: could not write event: write experiment-output/0007/slave-019/client-096.log: file already closed
zerolog: could not write event: write experiment-output/0007/slave-019/client-096.log: file already closed
zerolog: could not write event: write experiment-output/0007/slave-019/client-119.log: file already closed
zerolog: could not write event: write experiment-output/0007/slave-019/client-092.log: file already closed
zerolog: could not write event: write experiment-output/0007/slave-019/client-119.log: file already closed
zerolog: could not write event: write experiment-output/0007/slave-019/client-119.log: file already closed
zerolog: could not write event: write experiment-output/0007/slave-019/client-119.log: file already closed
zerolog: could not write event: write experiment-output/0007/slave-019/client-092.log: file already closed
zerolog: could not write event: write experiment-output/0007/slave-019/client-092.log: file already closed
zerolog: could not write event: write experiment-output/0007/slave-019/client-092.log: file already closed
zerolog: could not write event: write experiment-output/0007/slave-019/client-090.log: file already closed
zerolog: could not write event: write experiment-output/0007/slave-019/client-090.log: file already closed
zerolog: could not write event: write experiment-output/0007/slave-019/client-090.log: file already closed
zerolog: could not write event: write experiment-output/0007/slave-019/client-090.log: file already closed
zerolog: could not write event: write experiment-output/0007/slave-019/client-105.log: file already closed
zerolog: could not write event: write experiment-output/0007/slave-019/client-105.log: file already closed
zerolog: could not write event: write experiment-output/0007/slave-019/client-105.log: file already closed
zerolog: could not write event: write experiment-output/0007/slave-019/client-105.log: file already closed
10:39:10.916 INF Profile data written. filename=experiment-output/0007/slave-019/prof-client.cpu name=cpu
zerolog: could not write event: write experiment-output/0007/slave-019/client-077.log: file already closed
zerolog: could not write event: write experiment-output/0007/slave-019/client-081.log: file already closed
zerolog: could not write event: write experiment-output/0007/slave-019/client-076.log: file already closed
zerolog: could not write event: write experiment-output/0007/slave-019/client-077.log: file already closed
zerolog: could not write event: write experiment-output/0007/slave-019/client-077.log: file already closed
zerolog: could not write event: write experiment-output/0007/slave-019/client-081.log: file already closed
zerolog: could not write event: write experiment-output/0007/slave-019/client-076.log: file already closed
zerolog: could not write event: write experiment-output/0007/slave-019/client-077.log: file already closed
zerolog: could not write event: write experiment-output/0007/slave-019/client-081.log: file already closed
zerolog: could not write event: write experiment-output/0007/slave-019/client-081.log: file already closed
zerolog: could not write event: write experiment-output/0007/slave-019/client-096.log: file already closed
zerolog: could not write event: write experiment-output/0007/slave-019/client-076.log: file already closed
zerolog: could not write event: write experiment-output/0007/slave-019/client-096.log: file already closed
zerolog: could not write event: write experiment-output/0007/slave-019/client-076.log: file already closed
zerolog: could not write event: write experiment-output/0007/slave-019/client-096.log: file already closed
zerolog: could not write event: write experiment-output/0007/slave-019/client-096.log: file already closed
zerolog: could not write event: write experiment-output/0007/slave-019/client-092.log: file already closed
zerolog: could not write event: write experiment-output/0007/slave-019/client-119.log: file already closed
zerolog: could not write event: write experiment-output/0007/slave-019/client-092.log: file already closed
zerolog: could not write event: write experiment-output/0007/slave-019/client-119.log: file already closed
zerolog: could not write event: write experiment-output/0007/slave-019/client-092.log: file already closed
zerolog: could not write event: write experiment-output/0007/slave-019/client-119.log: file already closed
zerolog: could not write event: write experiment-output/0007/slave-019/client-119.log: file already closed
zerolog: could not write event: write experiment-output/0007/slave-019/client-092.log: file already closed
zerolog: could not write event: write experiment-output/0007/slave-019/client-090.log: file already closed
zerolog: could not write event: write experiment-output/0007/slave-019/client-090.log: file already closed
10:39:10.935 INF Profile data written. filename=experiment-output/0007/slave-019/prof-client.block name=block
zerolog: could not write event: write experiment-output/0007/slave-019/client-090.log: file already closed
zerolog: could not write event: write experiment-output/0007/slave-019/client-090.log: file already closed
10:39:10.942 INF Profile data written. filename=experiment-output/0007/slave-019/prof-client.mutex name=mutex
