{"level":"debug","Logging":"info","time":"2023-03-19T08:41:55Z","message":"Config"}
{"level":"debug","UseTLS":false,"time":"2023-03-19T08:41:55Z","message":"Config"}
{"level":"debug","CACertFile":"tls-data/ca.pem","time":"2023-03-19T08:41:55Z","message":"Config"}
{"level":"debug","KeyFile":"tls-data/auth.key","time":"2023-03-19T08:41:55Z","message":"Config"}
{"level":"debug","CertFile":"tls-data/auth.pem","time":"2023-03-19T08:41:55Z","message":"Config"}
{"level":"debug","PriorityConnections":2,"time":"2023-03-19T08:41:55Z","message":"Config"}
{"level":"debug","BasicConnections":1,"time":"2023-03-19T08:41:55Z","message":"Config"}
{"level":"debug","TestConnections":false,"time":"2023-03-19T08:41:55Z","message":"Config"}
{"level":"debug","ExcessConnections":1,"time":"2023-03-19T08:41:55Z","message":"Config"}
{"level":"debug","ConnectionTestMsgs":4,"time":"2023-03-19T08:41:55Z","message":"Config"}
{"level":"debug","ConnectionTestPayload":131072,"time":"2023-03-19T08:41:55Z","message":"Config"}
{"level":"debug","OutMessageBufsize":1024,"time":"2023-03-19T08:41:55Z","message":"Config"}
{"level":"debug","OutMessageBufsize":4,"time":"2023-03-19T08:41:55Z","message":"Config"}
{"level":"debug","ThroughputCap":131072000,"time":"2023-03-19T08:41:55Z","message":"Config"}
{"level":"debug","StragglerTolerance":1000,"time":"2023-03-19T08:41:55Z","message":"Config"}
{"level":"debug","BatchSizeIncrement":256,"time":"2023-03-19T08:41:55Z","message":"Config"}
{"level":"debug","Orderer":"Pbft","time":"2023-03-19T08:41:55Z","message":"Config"}
{"level":"debug","Manager":"Mir","time":"2023-03-19T08:41:55Z","message":"Config"}
{"level":"debug","Failures":0,"time":"2023-03-19T08:41:55Z","message":"Config"}
{"level":"debug","StragglerCnt":1,"time":"2023-03-19T08:41:55Z","message":"Config"}
{"level":"debug","PrivKeyCnt":10,"time":"2023-03-19T08:41:55Z","message":"Config"}
{"level":"debug","UseSig":false,"time":"2023-03-19T08:41:55Z","message":"Config"}
{"level":"debug","CrashTiming":"Straggler","time":"2023-03-19T08:41:55Z","message":"Config"}
{"level":"debug","CheckpointInterval":512,"time":"2023-03-19T08:41:55Z","message":"Config"}
{"level":"debug","WatermarkWindowSize":512,"time":"2023-03-19T08:41:55Z","message":"Config"}
{"level":"debug","EpochLength":512,"time":"2023-03-19T08:41:55Z","message":"Config"}
{"level":"debug","SegmentLength":32,"time":"2023-03-19T08:41:55Z","message":"Config"}
{"level":"debug","WaitForCheckpoints":true,"time":"2023-03-19T08:41:55Z","message":"Config"}
{"level":"debug","ClientWatermarkWindowSize":16384,"time":"2023-03-19T08:41:55Z","message":"Config"}
{"level":"debug","ClientRequestBacklogSize":16384,"time":"2023-03-19T08:41:55Z","message":"Config"}
{"level":"debug","RandomSeed":29320,"time":"2023-03-19T08:41:55Z","message":"Config"}
{"level":"debug","NodeToLeaderRatio":1,"time":"2023-03-19T08:41:55Z","message":"Config"}
{"level":"debug","LeaderPolicy":"Simple","time":"2023-03-19T08:41:55Z","message":"Config"}
{"level":"debug","DefaultLeaderBan":2,"time":"2023-03-19T08:41:55Z","message":"Config"}
{"level":"debug","NumBuckets":256,"time":"2023-03-19T08:41:55Z","message":"Config"}
{"level":"debug","BatchSize":1000,"time":"2023-03-19T08:41:55Z","message":"Config"}
{"level":"debug","DisabledViewChange":false,"time":"2023-03-19T08:41:55Z","message":"Config"}
{"level":"debug","ViewChangeTimeout":60000,"time":"2023-03-19T08:41:55Z","message":"Config"}
{"level":"debug","ClientTraceSampling":10,"time":"2023-03-19T08:41:55Z","message":"Config"}
{"level":"debug","EventBufferSize":2097152,"time":"2023-03-19T08:41:55Z","message":"Config"}
{"level":"debug","TraceSampling":1,"time":"2023-03-19T08:41:55Z","message":"Config"}
{"level":"debug","ClientsPerProcess":8,"time":"2023-03-19T08:41:55Z","message":"Config"}
{"level":"debug","RequestsPerClient":2880,"time":"2023-03-19T08:41:55Z","message":"Config"}
{"level":"debug","ClientRunTime":15000,"time":"2023-03-19T08:41:55Z","message":"Config"}
{"level":"debug","RequestRate":96,"time":"2023-03-19T08:41:55Z","message":"Config"}
{"level":"debug","HardRequestRateLimit":false,"time":"2023-03-19T08:41:55Z","message":"Config"}
{"level":"debug","RequestPayloadSize":500,"time":"2023-03-19T08:41:55Z","message":"Config"}
{"level":"debug","SignRequests":true,"time":"2023-03-19T08:41:55Z","message":"Config"}
{"level":"debug","ClientPrivKeyFile":"tls-data/client-ecdsa-256.key","time":"2023-03-19T08:41:55Z","message":"Config"}
{"level":"debug","ClientPubKeyFile":"tls-data/client-ecdsa-256.pem","time":"2023-03-19T08:41:55Z","message":"Config"}
{"level":"debug","PrecomputeRequests":false,"time":"2023-03-19T08:41:55Z","message":"Config"}
{"level":"debug","RequestHandlerThreads":32,"time":"2023-03-19T08:41:55Z","message":"Config"}
{"level":"debug","RequestInputChannelBuffer":8192,"time":"2023-03-19T08:41:55Z","message":"Config"}
{"level":"debug","BatchVerifier":"external","time":"2023-03-19T08:41:55Z","message":"Config"}
08:41:55.945 INF Started Profiler: CPU
08:41:55.945 INF Started Profiler: BLOCK
08:41:55.945 INF Started Profiler: MUTEX
08:41:55.945 INF Starting clients. numClients=8 numRequests=2880
08:41:55.945 INF Initilizing clients.
08:41:55.973 INF Registared with discovery server. numOrderers=16 ownClientId=225
08:41:55.973 INF Registared with discovery server. numOrderers=16 ownClientId=254
08:41:55.973 INF Registared with discovery server. numOrderers=16 ownClientId=253
08:41:55.973 INF Registared with discovery server. numOrderers=16 ownClientId=248
08:41:55.973 INF Registared with discovery server. numOrderers=16 ownClientId=244
08:41:55.973 INF Registared with discovery server. numOrderers=16 ownClientId=252
08:41:55.973 INF Registared with discovery server. numOrderers=16 ownClientId=255
08:41:55.973 INF Registared with discovery server. numOrderers=16 ownClientId=251
08:41:55.973 INF Clients initialized.
08:41:55.974 INF Launching clients.
08:41:55.974 INF Waiting for clients.
08:42:27.086 INF Stopping Tracer. events=582 fileName=experiment-output/0001/slave-015/client-225.trc
zerolog: could not write event: write experiment-output/0001/slave-015/client-225.log: file already closed
zerolog: could not write event: write experiment-output/0001/slave-015/client-225.log: file already closed
zerolog: could not write event: write experiment-output/0001/slave-015/client-225.log: file already closed
zerolog: could not write event: write experiment-output/0001/slave-015/client-225.log: file already closed
zerolog: could not write event: write experiment-output/0001/slave-015/client-225.log: file already closed
zerolog: could not write event: write experiment-output/0001/slave-015/client-225.log: file already closed
zerolog: could not write event: write experiment-output/0001/slave-015/client-225.log: file already closed
zerolog: could not write event: write experiment-output/0001/slave-015/client-225.log: file already closed
zerolog: could not write event: write experiment-output/0001/slave-015/client-225.log: file already closed
zerolog: could not write event: write experiment-output/0001/slave-015/client-225.log: file already closed
zerolog: could not write event: write experiment-output/0001/slave-015/client-225.log: file already closed
zerolog: could not write event: write experiment-output/0001/slave-015/client-225.log: file already closed
zerolog: could not write event: write experiment-output/0001/slave-015/client-225.log: file already closed
zerolog: could not write event: write experiment-output/0001/slave-015/client-225.log: file already closed
zerolog: could not write event: write experiment-output/0001/slave-015/client-225.log: file already closed
zerolog: could not write event: write experiment-output/0001/slave-015/client-225.log: file already closed
08:42:27.087 INF Trace data written.
08:42:27.091 INF Stopping Tracer. events=869 fileName=experiment-output/0001/slave-015/client-252.trc
08:42:27.091 INF Stopping Tracer. events=869 fileName=experiment-output/0001/slave-015/client-248.trc
zerolog: could not write event: write experiment-output/0001/slave-015/client-252.log: file already closed
zerolog: could not write event: write experiment-output/0001/slave-015/client-252.log: file already closed
zerolog: could not write event: write experiment-output/0001/slave-015/client-252.log: file already closed
zerolog: could not write event: write experiment-output/0001/slave-015/client-252.log: file already closed
zerolog: could not write event: write experiment-output/0001/slave-015/client-252.log: file already closed
zerolog: could not write event: write experiment-output/0001/slave-015/client-252.log: file already closed
zerolog: could not write event: write experiment-output/0001/slave-015/client-252.log: file already closed
zerolog: could not write event: write experiment-output/0001/slave-015/client-252.log: file already closed
zerolog: could not write event: write experiment-output/0001/slave-015/client-252.log: file already closed
zerolog: could not write event: write experiment-output/0001/slave-015/client-252.log: file already closed
zerolog: could not write event: write experiment-output/0001/slave-015/client-252.log: file already closed
zerolog: could not write event: write experiment-output/0001/slave-015/client-252.log: file already closed
zerolog: could not write event: write experiment-output/0001/slave-015/client-252.log: file already closed
zerolog: could not write event: write experiment-output/0001/slave-015/client-252.log: file already closed
zerolog: could not write event: write experiment-output/0001/slave-015/client-252.log: file already closed
zerolog: could not write event: write experiment-output/0001/slave-015/client-248.log: file already closed
08:42:27.092 INF Stopping Tracer. events=581 fileName=experiment-output/0001/slave-015/client-255.trc
zerolog: could not write event: write experiment-output/0001/slave-015/client-248.log: file already closed
zerolog: could not write event: write experiment-output/0001/slave-015/client-248.log: file already closed
08:42:27.092 INF Stopping Tracer. events=869 fileName=experiment-output/0001/slave-015/client-254.trc
zerolog: could not write event: write experiment-output/0001/slave-015/client-248.log: file already closed
zerolog: could not write event: write experiment-output/0001/slave-015/client-248.log: file already closed
zerolog: could not write event: write experiment-output/0001/slave-015/client-248.log: file already closed
08:42:27.092 INF Stopping Tracer. events=581 fileName=experiment-output/0001/slave-015/client-251.trc
zerolog: could not write event: write experiment-output/0001/slave-015/client-248.log: file already closed
zerolog: could not write event: write experiment-output/0001/slave-015/client-248.log: file already closed
zerolog: could not write event: write experiment-output/0001/slave-015/client-248.log: file already closed
zerolog: could not write event: write experiment-output/0001/slave-015/client-248.log: file already closed
zerolog: could not write event: write experiment-output/0001/slave-015/client-248.log: file already closed
zerolog: could not write event: write experiment-output/0001/slave-015/client-248.log: file already closed
zerolog: could not write event: write experiment-output/0001/slave-015/client-248.log: file already closed
zerolog: could not write event: write experiment-output/0001/slave-015/client-255.log: file already closed
zerolog: could not write event: write experiment-output/0001/slave-015/client-255.log: file already closed
zerolog: could not write event: write experiment-output/0001/slave-015/client-255.log: file already closed
zerolog: could not write event: write experiment-output/0001/slave-015/client-255.log: file already closed
zerolog: could not write event: write experiment-output/0001/slave-015/client-248.log: file already closed
zerolog: could not write event: write experiment-output/0001/slave-015/client-255.log: file already closed
zerolog: could not write event: write experiment-output/0001/slave-015/client-255.log: file already closed
zerolog: could not write event: write experiment-output/0001/slave-015/client-255.log: file already closed
zerolog: could not write event: write experiment-output/0001/slave-015/client-248.log: file already closed
zerolog: could not write event: write experiment-output/0001/slave-015/client-255.log: file already closed
zerolog: could not write event: write experiment-output/0001/slave-015/client-255.log: file already closed
zerolog: could not write event: write experiment-output/0001/slave-015/client-255.log: file already closed
zerolog: could not write event: write experiment-output/0001/slave-015/client-255.log: file already closed
zerolog: could not write event: write experiment-output/0001/slave-015/client-254.log: file already closed
zerolog: could not write event: write experiment-output/0001/slave-015/client-254.log: file already closed
zerolog: could not write event: write experiment-output/0001/slave-015/client-254.log: file already closed
zerolog: could not write event: write experiment-output/0001/slave-015/client-254.log: file already closed
zerolog: could not write event: write experiment-output/0001/slave-015/client-254.log: file already closed
zerolog: could not write event: write experiment-output/0001/slave-015/client-254.log: file already closed
zerolog: could not write event: write experiment-output/0001/slave-015/client-254.log: file already closed
zerolog: could not write event: write experiment-output/0001/slave-015/client-255.log: file already closed
zerolog: could not write event: write experiment-output/0001/slave-015/client-251.log: file already closed
zerolog: could not write event: write experiment-output/0001/slave-015/client-251.log: file already closed
zerolog: could not write event: write experiment-output/0001/slave-015/client-254.log: file already closed
zerolog: could not write event: write experiment-output/0001/slave-015/client-251.log: file already closed
zerolog: could not write event: write experiment-output/0001/slave-015/client-251.log: file already closed
zerolog: could not write event: write experiment-output/0001/slave-015/client-251.log: file already closed
zerolog: could not write event: write experiment-output/0001/slave-015/client-251.log: file already closed
zerolog: could not write event: write experiment-output/0001/slave-015/client-254.log: file already closed
zerolog: could not write event: write experiment-output/0001/slave-015/client-251.log: file already closed
zerolog: could not write event: write experiment-output/0001/slave-015/client-254.log: file already closed
zerolog: could not write event: write experiment-output/0001/slave-015/client-251.log: file already closed
zerolog: could not write event: write experiment-output/0001/slave-015/client-254.log: file already closed
zerolog: could not write event: write experiment-output/0001/slave-015/client-248.log: file already closed
zerolog: could not write event: write experiment-output/0001/slave-015/client-255.log: file already closed
zerolog: could not write event: write experiment-output/0001/slave-015/client-251.log: file already closed
zerolog: could not write event: write experiment-output/0001/slave-015/client-254.log: file already closed
zerolog: could not write event: write experiment-output/0001/slave-015/client-251.log: file already closed
zerolog: could not write event: write experiment-output/0001/slave-015/client-255.log: file already closed
zerolog: could not write event: write experiment-output/0001/slave-015/client-251.log: file already closed
zerolog: could not write event: write experiment-output/0001/slave-015/client-251.log: file already closed
zerolog: could not write event: write experiment-output/0001/slave-015/client-254.log: file already closed
zerolog: could not write event: write experiment-output/0001/slave-015/client-254.log: file already closed
zerolog: could not write event: write experiment-output/0001/slave-015/client-251.log: file already closed
zerolog: could not write event: write experiment-output/0001/slave-015/client-251.log: file already closed
zerolog: could not write event: write experiment-output/0001/slave-015/client-251.log: file already closed
zerolog: could not write event: write experiment-output/0001/slave-015/client-252.log: file already closed
zerolog: could not write event: write experiment-output/0001/slave-015/client-255.log: file already closed
zerolog: could not write event: write experiment-output/0001/slave-015/client-255.log: file already closed
zerolog: could not write event: write experiment-output/0001/slave-015/client-251.log: file already closed
zerolog: could not write event: write experiment-output/0001/slave-015/client-254.log: file already closed
zerolog: could not write event: write experiment-output/0001/slave-015/client-254.log: file already closed
08:42:27.094 INF Trace data written.
08:42:27.094 INF Trace data written.
08:42:27.094 INF Trace data written.
08:42:27.094 INF Trace data written.
08:42:27.094 INF Trace data written.
08:42:27.095 INF Stopping Tracer. events=581 fileName=experiment-output/0001/slave-015/client-253.trc
08:42:27.096 INF Stopping Tracer. events=870 fileName=experiment-output/0001/slave-015/client-244.trc
zerolog: could not write event: write experiment-output/0001/slave-015/client-253.log: file already closed
zerolog: could not write event: write experiment-output/0001/slave-015/client-244.log: file already closed
zerolog: could not write event: write experiment-output/0001/slave-015/client-253.log: file already closed
zerolog: could not write event: write experiment-output/0001/slave-015/client-253.log: file already closed
zerolog: could not write event: write experiment-output/0001/slave-015/client-244.log: file already closed
zerolog: could not write event: write experiment-output/0001/slave-015/client-253.log: file already closed
zerolog: could not write event: write experiment-output/0001/slave-015/client-244.log: file already closed
zerolog: could not write event: write experiment-output/0001/slave-015/client-253.log: file already closed
zerolog: could not write event: write experiment-output/0001/slave-015/client-253.log: file already closed
zerolog: could not write event: write experiment-output/0001/slave-015/client-253.log: file already closed
zerolog: could not write event: write experiment-output/0001/slave-015/client-253.log: file already closed
zerolog: could not write event: write experiment-output/0001/slave-015/client-244.log: file already closed
zerolog: could not write event: write experiment-output/0001/slave-015/client-253.log: file already closed
zerolog: could not write event: write experiment-output/0001/slave-015/client-253.log: file already closed
zerolog: could not write event: write experiment-output/0001/slave-015/client-244.log: file already closed
zerolog: could not write event: write experiment-output/0001/slave-015/client-244.log: file already closed
zerolog: could not write event: write experiment-output/0001/slave-015/client-244.log: file already closed
zerolog: could not write event: write experiment-output/0001/slave-015/client-253.log: file already closed
zerolog: could not write event: write experiment-output/0001/slave-015/client-244.log: file already closed
zerolog: could not write event: write experiment-output/0001/slave-015/client-253.log: file already closed
zerolog: could not write event: write experiment-output/0001/slave-015/client-244.log: file already closed
zerolog: could not write event: write experiment-output/0001/slave-015/client-244.log: file already closed
zerolog: could not write event: write experiment-output/0001/slave-015/client-253.log: file already closed
zerolog: could not write event: write experiment-output/0001/slave-015/client-244.log: file already closed
zerolog: could not write event: write experiment-output/0001/slave-015/client-244.log: file already closed
zerolog: could not write event: write experiment-output/0001/slave-015/client-244.log: file already closed
zerolog: could not write event: write experiment-output/0001/slave-015/client-253.log: file already closed
zerolog: could not write event: write experiment-output/0001/slave-015/client-244.log: file already closed
zerolog: could not write event: write experiment-output/0001/slave-015/client-253.log: file already closed
zerolog: could not write event: write experiment-output/0001/slave-015/client-244.log: file already closed
zerolog: could not write event: write experiment-output/0001/slave-015/client-244.log: file already closed
zerolog: could not write event: write experiment-output/0001/slave-015/client-253.log: file already closed
08:42:27.097 INF Trace data written.
08:42:27.097 INF Trace data written.
08:42:27.097 INF Done.
08:42:27.097 INF Stopping profiler.
08:42:27.118 INF Profile data written. filename=experiment-output/0001/slave-015/prof-client.mutex name=mutex
08:42:27.298 INF Profile data written. filename=experiment-output/0001/slave-015/prof-client.cpu name=cpu
08:42:27.308 INF Profile data written. filename=experiment-output/0001/slave-015/prof-client.block name=block
