{"level":"debug","Logging":"info","time":"2023-03-28T09:38:04Z","message":"Config"}
{"level":"debug","UseTLS":false,"time":"2023-03-28T09:38:04Z","message":"Config"}
{"level":"debug","CACertFile":"tls-data/ca.pem","time":"2023-03-28T09:38:04Z","message":"Config"}
{"level":"debug","KeyFile":"tls-data/auth.key","time":"2023-03-28T09:38:04Z","message":"Config"}
{"level":"debug","CertFile":"tls-data/auth.pem","time":"2023-03-28T09:38:04Z","message":"Config"}
{"level":"debug","PriorityConnections":2,"time":"2023-03-28T09:38:04Z","message":"Config"}
{"level":"debug","BasicConnections":1,"time":"2023-03-28T09:38:04Z","message":"Config"}
{"level":"debug","TestConnections":false,"time":"2023-03-28T09:38:04Z","message":"Config"}
{"level":"debug","ExcessConnections":1,"time":"2023-03-28T09:38:04Z","message":"Config"}
{"level":"debug","ConnectionTestMsgs":4,"time":"2023-03-28T09:38:04Z","message":"Config"}
{"level":"debug","ConnectionTestPayload":131072,"time":"2023-03-28T09:38:04Z","message":"Config"}
{"level":"debug","OutMessageBufsize":1024,"time":"2023-03-28T09:38:04Z","message":"Config"}
{"level":"debug","OutMessageBufsize":8,"time":"2023-03-28T09:38:04Z","message":"Config"}
{"level":"debug","ThroughputCap":131072000,"time":"2023-03-28T09:38:04Z","message":"Config"}
{"level":"debug","StragglerTolerance":1000,"time":"2023-03-28T09:38:04Z","message":"Config"}
{"level":"debug","BatchSizeIncrement":256,"time":"2023-03-28T09:38:04Z","message":"Config"}
{"level":"debug","Orderer":"Pbft","time":"2023-03-28T09:38:04Z","message":"Config"}
{"level":"debug","Manager":"Mir","time":"2023-03-28T09:38:04Z","message":"Config"}
{"level":"debug","Failures":0,"time":"2023-03-28T09:38:04Z","message":"Config"}
{"level":"debug","StragglerCnt":0,"time":"2023-03-28T09:38:04Z","message":"Config"}
{"level":"debug","CrashTiming":"Straggler","time":"2023-03-28T09:38:04Z","message":"Config"}
{"level":"debug","CheckpointInterval":512,"time":"2023-03-28T09:38:04Z","message":"Config"}
{"level":"debug","WatermarkWindowSize":512,"time":"2023-03-28T09:38:04Z","message":"Config"}
{"level":"debug","EpochLength":512,"time":"2023-03-28T09:38:04Z","message":"Config"}
{"level":"debug","SegmentLength":16,"time":"2023-03-28T09:38:04Z","message":"Config"}
{"level":"debug","WaitForCheckpoints":true,"time":"2023-03-28T09:38:04Z","message":"Config"}
{"level":"debug","ClientWatermarkWindowSize":16384,"time":"2023-03-28T09:38:04Z","message":"Config"}
{"level":"debug","ClientRequestBacklogSize":16384,"time":"2023-03-28T09:38:04Z","message":"Config"}
{"level":"debug","RandomSeed":25440,"time":"2023-03-28T09:38:04Z","message":"Config"}
{"level":"debug","NodeToLeaderRatio":1,"time":"2023-03-28T09:38:04Z","message":"Config"}
{"level":"debug","LeaderPolicy":"Simple","time":"2023-03-28T09:38:04Z","message":"Config"}
{"level":"debug","DefaultLeaderBan":2,"time":"2023-03-28T09:38:04Z","message":"Config"}
{"level":"debug","NumBuckets":512,"time":"2023-03-28T09:38:04Z","message":"Config"}
{"level":"debug","BatchSize":1000,"time":"2023-03-28T09:38:04Z","message":"Config"}
{"level":"debug","DisabledViewChange":false,"time":"2023-03-28T09:38:04Z","message":"Config"}
{"level":"debug","ViewChangeTimeout":60000,"time":"2023-03-28T09:38:04Z","message":"Config"}
{"level":"debug","ClientTraceSampling":10,"time":"2023-03-28T09:38:04Z","message":"Config"}
{"level":"debug","EventBufferSize":2097152,"time":"2023-03-28T09:38:04Z","message":"Config"}
{"level":"debug","TraceSampling":1,"time":"2023-03-28T09:38:04Z","message":"Config"}
{"level":"debug","ClientsPerProcess":8,"time":"2023-03-28T09:38:04Z","message":"Config"}
{"level":"debug","RequestsPerClient":2929,"time":"2023-03-28T09:38:04Z","message":"Config"}
{"level":"debug","ClientRunTime":15000,"time":"2023-03-28T09:38:04Z","message":"Config"}
{"level":"debug","RequestRate":97,"time":"2023-03-28T09:38:04Z","message":"Config"}
{"level":"debug","HardRequestRateLimit":false,"time":"2023-03-28T09:38:04Z","message":"Config"}
{"level":"debug","RequestPayloadSize":500,"time":"2023-03-28T09:38:04Z","message":"Config"}
{"level":"debug","SignRequests":true,"time":"2023-03-28T09:38:04Z","message":"Config"}
{"level":"debug","ClientPrivKeyFile":"tls-data/client-ecdsa-256.key","time":"2023-03-28T09:38:04Z","message":"Config"}
{"level":"debug","ClientPubKeyFile":"tls-data/client-ecdsa-256.pem","time":"2023-03-28T09:38:04Z","message":"Config"}
{"level":"debug","PrecomputeRequests":false,"time":"2023-03-28T09:38:04Z","message":"Config"}
{"level":"debug","RequestHandlerThreads":32,"time":"2023-03-28T09:38:04Z","message":"Config"}
{"level":"debug","RequestInputChannelBuffer":8192,"time":"2023-03-28T09:38:04Z","message":"Config"}
{"level":"debug","BatchVerifier":"external","time":"2023-03-28T09:38:04Z","message":"Config"}
09:38:04.050 INF Started Profiler: CPU
09:38:04.050 INF Started Profiler: BLOCK
09:38:04.050 INF Started Profiler: MUTEX
09:38:04.050 INF Starting clients. numClients=8 numRequests=2929
09:38:04.050 INF Initilizing clients.
09:38:04.613 INF Registared with discovery server. numOrderers=32 ownClientId=193
09:38:04.614 INF Registared with discovery server. numOrderers=32 ownClientId=201
09:38:04.614 INF Registared with discovery server. numOrderers=32 ownClientId=199
09:38:04.615 INF Registared with discovery server. numOrderers=32 ownClientId=216
09:38:04.615 INF Registared with discovery server. numOrderers=32 ownClientId=213
09:38:04.615 INF Registared with discovery server. numOrderers=32 ownClientId=214
09:38:04.617 INF Registared with discovery server. numOrderers=32 ownClientId=251
09:38:04.617 INF Registared with discovery server. numOrderers=32 ownClientId=244
09:38:04.617 INF Clients initialized.
09:38:04.617 INF Launching clients.
09:38:04.617 INF Waiting for clients.
09:38:26.061 INF Stopping Tracer. events=590 fileName=experiment-output/0004/slave-046/client-216.trc
zerolog: could not write event: write experiment-output/0004/slave-046/client-216.log: file already closed
zerolog: could not write event: write experiment-output/0004/slave-046/client-216.log: file already closed
zerolog: could not write event: write experiment-output/0004/slave-046/client-216.log: file already closed
zerolog: could not write event: write experiment-output/0004/slave-046/client-216.log: file already closed
zerolog: could not write event: write experiment-output/0004/slave-046/client-216.log: file already closed
zerolog: could not write event: write experiment-output/0004/slave-046/client-216.log: file already closed
zerolog: could not write event: write experiment-output/0004/slave-046/client-216.log: file already closed
zerolog: could not write event: write experiment-output/0004/slave-046/client-216.log: file already closed
09:38:26.062 INF Trace data written.
09:38:26.070 INF Stopping Tracer. events=963 fileName=experiment-output/0004/slave-046/client-213.trc
09:38:26.070 INF Stopping Tracer. events=1079 fileName=experiment-output/0004/slave-046/client-201.trc
zerolog: could not write event: write experiment-output/0004/slave-046/client-213.log: file already closed
zerolog: could not write event: write experiment-output/0004/slave-046/client-201.log: file already closed
zerolog: could not write event: write experiment-output/0004/slave-046/client-213.log: file already closed
zerolog: could not write event: write experiment-output/0004/slave-046/client-201.log: file already closed
zerolog: could not write event: write experiment-output/0004/slave-046/client-213.log: file already closed
zerolog: could not write event: write experiment-output/0004/slave-046/client-201.log: file already closed
zerolog: could not write event: write experiment-output/0004/slave-046/client-201.log: file already closed
zerolog: could not write event: write experiment-output/0004/slave-046/client-213.log: file already closed
zerolog: could not write event: write experiment-output/0004/slave-046/client-201.log: file already closed
zerolog: could not write event: write experiment-output/0004/slave-046/client-213.log: file already closed
zerolog: could not write event: write experiment-output/0004/slave-046/client-213.log: file already closed
zerolog: could not write event: write experiment-output/0004/slave-046/client-201.log: file already closed
zerolog: could not write event: write experiment-output/0004/slave-046/client-201.log: file already closed
zerolog: could not write event: write experiment-output/0004/slave-046/client-213.log: file already closed
zerolog: could not write event: write experiment-output/0004/slave-046/client-213.log: file already closed
09:38:26.071 INF Stopping Tracer. events=592 fileName=experiment-output/0004/slave-046/client-244.trc
zerolog: could not write event: write experiment-output/0004/slave-046/client-244.log: file already closed
zerolog: could not write event: write experiment-output/0004/slave-046/client-244.log: file already closed
zerolog: could not write event: write experiment-output/0004/slave-046/client-244.log: file already closed
zerolog: could not write event: write experiment-output/0004/slave-046/client-244.log: file already closed
zerolog: could not write event: write experiment-output/0004/slave-046/client-244.log: file already closed
zerolog: could not write event: write experiment-output/0004/slave-046/client-244.log: file already closed
zerolog: could not write event: write experiment-output/0004/slave-046/client-201.log: file already closed
zerolog: could not write event: write experiment-output/0004/slave-046/client-244.log: file already closed
09:38:26.072 INF Stopping Tracer. events=727 fileName=experiment-output/0004/slave-046/client-199.trc
zerolog: could not write event: write experiment-output/0004/slave-046/client-244.log: file already closed
09:38:26.072 INF Trace data written.
zerolog: could not write event: write experiment-output/0004/slave-046/client-199.log: file already closed
zerolog: could not write event: write experiment-output/0004/slave-046/client-199.log: file already closed
zerolog: could not write event: write experiment-output/0004/slave-046/client-199.log: file already closed
zerolog: could not write event: write experiment-output/0004/slave-046/client-199.log: file already closed
zerolog: could not write event: write experiment-output/0004/slave-046/client-199.log: file already closed
zerolog: could not write event: write experiment-output/0004/slave-046/client-199.log: file already closed
zerolog: could not write event: write experiment-output/0004/slave-046/client-199.log: file already closed
zerolog: could not write event: write experiment-output/0004/slave-046/client-199.log: file already closed
09:38:26.073 INF Trace data written.
09:38:26.073 INF Trace data written.
09:38:26.073 INF Trace data written.
09:38:26.078 INF Stopping Tracer. events=951 fileName=experiment-output/0004/slave-046/client-193.trc
zerolog: could not write event: write experiment-output/0004/slave-046/client-193.log: file already closed
zerolog: could not write event: write experiment-output/0004/slave-046/client-193.log: file already closed
zerolog: could not write event: write experiment-output/0004/slave-046/client-193.log: file already closed
zerolog: could not write event: write experiment-output/0004/slave-046/client-193.log: file already closed
zerolog: could not write event: write experiment-output/0004/slave-046/client-193.log: file already closed
zerolog: could not write event: write experiment-output/0004/slave-046/client-193.log: file already closed
zerolog: could not write event: write experiment-output/0004/slave-046/client-193.log: file already closed
zerolog: could not write event: write experiment-output/0004/slave-046/client-193.log: file already closed
09:38:26.079 INF Trace data written.
09:38:26.081 INF Stopping Tracer. events=592 fileName=experiment-output/0004/slave-046/client-214.trc
zerolog: could not write event: write experiment-output/0004/slave-046/client-214.log: file already closed
zerolog: could not write event: write experiment-output/0004/slave-046/client-214.log: file already closed
zerolog: could not write event: write experiment-output/0004/slave-046/client-214.log: file already closed
zerolog: could not write event: write experiment-output/0004/slave-046/client-214.log: file already closed
zerolog: could not write event: write experiment-output/0004/slave-046/client-214.log: file already closed
zerolog: could not write event: write experiment-output/0004/slave-046/client-214.log: file already closed
zerolog: could not write event: write experiment-output/0004/slave-046/client-214.log: file already closed
zerolog: could not write event: write experiment-output/0004/slave-046/client-214.log: file already closed
09:38:26.082 INF Trace data written.
09:38:26.084 INF Stopping Tracer. events=794 fileName=experiment-output/0004/slave-046/client-251.trc
zerolog: could not write event: write experiment-output/0004/slave-046/client-251.log: file already closed
zerolog: could not write event: write experiment-output/0004/slave-046/client-251.log: file already closed
zerolog: could not write event: write experiment-output/0004/slave-046/client-251.log: file already closed
zerolog: could not write event: write experiment-output/0004/slave-046/client-251.log: file already closed
zerolog: could not write event: write experiment-output/0004/slave-046/client-251.log: file already closed
zerolog: could not write event: write experiment-output/0004/slave-046/client-251.log: file already closed
zerolog: could not write event: write experiment-output/0004/slave-046/client-251.log: file already closed
zerolog: could not write event: write experiment-output/0004/slave-046/client-251.log: file already closed
09:38:26.086 INF Trace data written.
09:38:26.086 INF Done.
09:38:26.086 INF Stopping profiler.
zerolog: could not write event: write experiment-output/0004/slave-046/client-216.log: file already closed
zerolog: could not write event: write experiment-output/0004/slave-046/client-216.log: file already closed
zerolog: could not write event: write experiment-output/0004/slave-046/client-216.log: file already closed
zerolog: could not write event: write experiment-output/0004/slave-046/client-216.log: file already closed
zerolog: could not write event: write experiment-output/0004/slave-046/client-216.log: file already closed
zerolog: could not write event: write experiment-output/0004/slave-046/client-216.log: file already closed
zerolog: could not write event: write experiment-output/0004/slave-046/client-201.log: file already closed
zerolog: could not write event: write experiment-output/0004/slave-046/client-201.log: file already closed
zerolog: could not write event: write experiment-output/0004/slave-046/client-201.log: file already closed
zerolog: could not write event: write experiment-output/0004/slave-046/client-213.log: file already closed
zerolog: could not write event: write experiment-output/0004/slave-046/client-201.log: file already closed
zerolog: could not write event: write experiment-output/0004/slave-046/client-213.log: file already closed
zerolog: could not write event: write experiment-output/0004/slave-046/client-213.log: file already closed
zerolog: could not write event: write experiment-output/0004/slave-046/client-201.log: file already closed
zerolog: could not write event: write experiment-output/0004/slave-046/client-244.log: file already closed
zerolog: could not write event: write experiment-output/0004/slave-046/client-244.log: file already closed
zerolog: could not write event: write experiment-output/0004/slave-046/client-213.log: file already closed
zerolog: could not write event: write experiment-output/0004/slave-046/client-244.log: file already closed
zerolog: could not write event: write experiment-output/0004/slave-046/client-244.log: file already closed
zerolog: could not write event: write experiment-output/0004/slave-046/client-199.log: file already closed
zerolog: could not write event: write experiment-output/0004/slave-046/client-199.log: file already closed
zerolog: could not write event: write experiment-output/0004/slave-046/client-199.log: file already closed
zerolog: could not write event: write experiment-output/0004/slave-046/client-216.log: file already closed
zerolog: could not write event: write experiment-output/0004/slave-046/client-244.log: file already closed
zerolog: could not write event: write experiment-output/0004/slave-046/client-199.log: file already closed
zerolog: could not write event: write experiment-output/0004/slave-046/client-199.log: file already closed
zerolog: could not write event: write experiment-output/0004/slave-046/client-199.log: file already closed
zerolog: could not write event: write experiment-output/0004/slave-046/client-216.log: file already closed
zerolog: could not write event: write experiment-output/0004/slave-046/client-193.log: file already closed
zerolog: could not write event: write experiment-output/0004/slave-046/client-193.log: file already closed
zerolog: could not write event: write experiment-output/0004/slave-046/client-193.log: file already closed
zerolog: could not write event: write experiment-output/0004/slave-046/client-214.log: file already closed
zerolog: could not write event: write experiment-output/0004/slave-046/client-214.log: file already closed
zerolog: could not write event: write experiment-output/0004/slave-046/client-213.log: file already closed
zerolog: could not write event: write experiment-output/0004/slave-046/client-244.log: file already closed
zerolog: could not write event: write experiment-output/0004/slave-046/client-214.log: file already closed
zerolog: could not write event: write experiment-output/0004/slave-046/client-214.log: file already closed
zerolog: could not write event: write experiment-output/0004/slave-046/client-214.log: file already closed
zerolog: could not write event: write experiment-output/0004/slave-046/client-213.log: file already closed
zerolog: could not write event: write experiment-output/0004/slave-046/client-213.log: file already closed
zerolog: could not write event: write experiment-output/0004/slave-046/client-213.log: file already closed
zerolog: could not write event: write experiment-output/0004/slave-046/client-201.log: file already closed
zerolog: could not write event: write experiment-output/0004/slave-046/client-199.log: file already closed
zerolog: could not write event: write experiment-output/0004/slave-046/client-201.log: file already closed
zerolog: could not write event: write experiment-output/0004/slave-046/client-201.log: file already closed
zerolog: could not write event: write experiment-output/0004/slave-046/client-251.log: file already closed
zerolog: could not write event: write experiment-output/0004/slave-046/client-199.log: file already closed
zerolog: could not write event: write experiment-output/0004/slave-046/client-244.log: file already closed
zerolog: could not write event: write experiment-output/0004/slave-046/client-244.log: file already closed
zerolog: could not write event: write experiment-output/0004/slave-046/client-193.log: file already closed
zerolog: could not write event: write experiment-output/0004/slave-046/client-193.log: file already closed
zerolog: could not write event: write experiment-output/0004/slave-046/client-193.log: file already closed
zerolog: could not write event: write experiment-output/0004/slave-046/client-193.log: file already closed
zerolog: could not write event: write experiment-output/0004/slave-046/client-214.log: file already closed
zerolog: could not write event: write experiment-output/0004/slave-046/client-193.log: file already closed
zerolog: could not write event: write experiment-output/0004/slave-046/client-214.log: file already closed
zerolog: could not write event: write experiment-output/0004/slave-046/client-251.log: file already closed
zerolog: could not write event: write experiment-output/0004/slave-046/client-214.log: file already closed
zerolog: could not write event: write experiment-output/0004/slave-046/client-251.log: file already closed
zerolog: could not write event: write experiment-output/0004/slave-046/client-251.log: file already closed
zerolog: could not write event: write experiment-output/0004/slave-046/client-251.log: file already closed
zerolog: could not write event: write experiment-output/0004/slave-046/client-251.log: file already closed
zerolog: could not write event: write experiment-output/0004/slave-046/client-251.log: file already closed
zerolog: could not write event: write experiment-output/0004/slave-046/client-251.log: file already closed
zerolog: could not write event: write experiment-output/0004/slave-046/client-216.log: file already closed
zerolog: could not write event: write experiment-output/0004/slave-046/client-216.log: file already closed
zerolog: could not write event: write experiment-output/0004/slave-046/client-216.log: file already closed
zerolog: could not write event: write experiment-output/0004/slave-046/client-216.log: file already closed
zerolog: could not write event: write experiment-output/0004/slave-046/client-216.log: file already closed
zerolog: could not write event: write experiment-output/0004/slave-046/client-216.log: file already closed
zerolog: could not write event: write experiment-output/0004/slave-046/client-216.log: file already closed
zerolog: could not write event: write experiment-output/0004/slave-046/client-216.log: file already closed
zerolog: could not write event: write experiment-output/0004/slave-046/client-201.log: file already closed
zerolog: could not write event: write experiment-output/0004/slave-046/client-201.log: file already closed
zerolog: could not write event: write experiment-output/0004/slave-046/client-201.log: file already closed
zerolog: could not write event: write experiment-output/0004/slave-046/client-213.log: file already closed
zerolog: could not write event: write experiment-output/0004/slave-046/client-213.log: file already closed
zerolog: could not write event: write experiment-output/0004/slave-046/client-213.log: file already closed
zerolog: could not write event: write experiment-output/0004/slave-046/client-213.log: file already closed
zerolog: could not write event: write experiment-output/0004/slave-046/client-201.log: file already closed
zerolog: could not write event: write experiment-output/0004/slave-046/client-201.log: file already closed
zerolog: could not write event: write experiment-output/0004/slave-046/client-201.log: file already closed
zerolog: could not write event: write experiment-output/0004/slave-046/client-213.log: file already closed
zerolog: could not write event: write experiment-output/0004/slave-046/client-201.log: file already closed
zerolog: could not write event: write experiment-output/0004/slave-046/client-213.log: file already closed
zerolog: could not write event: write experiment-output/0004/slave-046/client-213.log: file already closed
zerolog: could not write event: write experiment-output/0004/slave-046/client-201.log: file already closed
zerolog: could not write event: write experiment-output/0004/slave-046/client-213.log: file already closed
zerolog: could not write event: write experiment-output/0004/slave-046/client-244.log: file already closed
zerolog: could not write event: write experiment-output/0004/slave-046/client-244.log: file already closed
zerolog: could not write event: write experiment-output/0004/slave-046/client-244.log: file already closed
zerolog: could not write event: write experiment-output/0004/slave-046/client-244.log: file already closed
zerolog: could not write event: write experiment-output/0004/slave-046/client-199.log: file already closed
zerolog: could not write event: write experiment-output/0004/slave-046/client-244.log: file already closed
zerolog: could not write event: write experiment-output/0004/slave-046/client-199.log: file already closed
zerolog: could not write event: write experiment-output/0004/slave-046/client-244.log: file already closed
zerolog: could not write event: write experiment-output/0004/slave-046/client-244.log: file already closed
zerolog: could not write event: write experiment-output/0004/slave-046/client-199.log: file already closed
zerolog: could not write event: write experiment-output/0004/slave-046/client-244.log: file already closed
zerolog: could not write event: write experiment-output/0004/slave-046/client-199.log: file already closed
zerolog: could not write event: write experiment-output/0004/slave-046/client-199.log: file already closed
zerolog: could not write event: write experiment-output/0004/slave-046/client-199.log: file already closed
zerolog: could not write event: write experiment-output/0004/slave-046/client-199.log: file already closed
zerolog: could not write event: write experiment-output/0004/slave-046/client-199.log: file already closed
zerolog: could not write event: write experiment-output/0004/slave-046/client-193.log: file already closed
zerolog: could not write event: write experiment-output/0004/slave-046/client-193.log: file already closed
zerolog: could not write event: write experiment-output/0004/slave-046/client-193.log: file already closed
zerolog: could not write event: write experiment-output/0004/slave-046/client-193.log: file already closed
zerolog: could not write event: write experiment-output/0004/slave-046/client-193.log: file already closed
zerolog: could not write event: write experiment-output/0004/slave-046/client-193.log: file already closed
zerolog: could not write event: write experiment-output/0004/slave-046/client-193.log: file already closed
zerolog: could not write event: write experiment-output/0004/slave-046/client-193.log: file already closed
09:38:26.266 INF Profile data written. filename=experiment-output/0004/slave-046/prof-client.cpu name=cpu
zerolog: could not write event: write experiment-output/0004/slave-046/client-214.log: file already closed
zerolog: could not write event: write experiment-output/0004/slave-046/client-214.log: file already closed
zerolog: could not write event: write experiment-output/0004/slave-046/client-214.log: file already closed
zerolog: could not write event: write experiment-output/0004/slave-046/client-214.log: file already closed
zerolog: could not write event: write experiment-output/0004/slave-046/client-214.log: file already closed
zerolog: could not write event: write experiment-output/0004/slave-046/client-214.log: file already closed
zerolog: could not write event: write experiment-output/0004/slave-046/client-214.log: file already closed
zerolog: could not write event: write experiment-output/0004/slave-046/client-214.log: file already closed
zerolog: could not write event: write experiment-output/0004/slave-046/client-251.log: file already closed
zerolog: could not write event: write experiment-output/0004/slave-046/client-251.log: file already closed
zerolog: could not write event: write experiment-output/0004/slave-046/client-251.log: file already closed
zerolog: could not write event: write experiment-output/0004/slave-046/client-251.log: file already closed
zerolog: could not write event: write experiment-output/0004/slave-046/client-251.log: file already closed
zerolog: could not write event: write experiment-output/0004/slave-046/client-251.log: file already closed
zerolog: could not write event: write experiment-output/0004/slave-046/client-251.log: file already closed
zerolog: could not write event: write experiment-output/0004/slave-046/client-251.log: file already closed
09:38:26.285 INF Profile data written. filename=experiment-output/0004/slave-046/prof-client.block name=block
09:38:26.291 INF Profile data written. filename=experiment-output/0004/slave-046/prof-client.mutex name=mutex
