09:47:27.152 INF Connecting to orderer. addrStr=54.253.190.236:10165 peerId=15
09:47:27.153 INF Connecting to orderer. addrStr=18.222.154.126:10000 peerId=0
09:47:27.153 INF Connecting to orderer. addrStr=3.17.174.201:10011 peerId=1
09:47:27.153 INF Connecting to orderer. addrStr=18.119.161.106:10022 peerId=2
09:47:27.153 INF Connecting to orderer. addrStr=3.12.123.50:10033 peerId=3
09:47:27.153 INF Connecting to orderer. addrStr=13.37.250.92:10044 peerId=4
09:47:27.153 INF Connecting to orderer. addrStr=13.39.155.235:10055 peerId=5
09:47:27.153 INF Connecting to orderer. addrStr=13.38.9.33:10066 peerId=6
09:47:27.153 INF Connecting to orderer. addrStr=13.39.14.150:10077 peerId=7
09:47:27.154 INF Connecting to orderer. addrStr=18.177.139.67:10088 peerId=8
09:47:27.154 INF Connecting to orderer. addrStr=43.207.235.231:10099 peerId=9
09:47:27.154 INF Connecting to orderer. addrStr=54.168.246.91:10110 peerId=10
09:47:27.154 INF Connecting to orderer. addrStr=13.114.142.39:10121 peerId=11
09:47:27.154 INF Connecting to orderer. addrStr=13.210.217.15:10132 peerId=12
09:47:27.155 INF Connecting to orderer. addrStr=3.25.95.208:10143 peerId=13
09:47:27.155 INF Connecting to orderer. addrStr=3.25.219.25:10154 peerId=14
09:47:27.189 INF Connected to orderer. addrStr=13.210.217.15:10132 id=12
09:47:27.192 INF Connected to orderer. addrStr=3.25.219.25:10154 id=14
09:47:27.192 INF Connected to orderer. addrStr=54.253.190.236:10165 id=15
09:47:27.193 INF Connected to orderer. addrStr=3.25.95.208:10143 id=13
09:47:27.677 INF Connected to orderer. addrStr=43.207.235.231:10099 id=9
09:47:27.678 INF Connected to orderer. addrStr=18.177.139.67:10088 id=8
09:47:27.707 INF Connected to orderer. addrStr=54.168.246.91:10110 id=10
09:47:27.716 INF Connected to orderer. addrStr=13.114.142.39:10121 id=11
09:47:28.089 INF Connected to orderer. addrStr=3.17.174.201:10011 id=1
09:47:28.092 INF Connected to orderer. addrStr=18.119.161.106:10022 id=2
09:47:28.109 INF Connected to orderer. addrStr=3.12.123.50:10033 id=3
09:47:28.134 INF Connected to orderer. addrStr=18.222.154.126:10000 id=0
09:47:28.543 INF Connected to orderer. addrStr=13.39.155.235:10055 id=5
09:47:28.577 INF Connected to orderer. addrStr=13.39.14.150:10077 id=7
09:47:28.577 INF Connected to orderer. addrStr=13.37.250.92:10044 id=4
09:47:28.578 INF Connected to orderer. addrStr=13.38.9.33:10066 id=6
09:47:28.582 INF Connected to orderers.
09:47:28.582 INF Non crashing node count. count=16
09:47:28.589 INF Setting up client timeout. clientRunTime=15000
09:47:28.589 INF Starting to submit requests. numRequests=1171
09:47:28.590 INF Updating bucket assignment. epoch=0
09:47:28.590 INF Resubmitted Requests. epoch=0 n=0
09:47:36.743 INF Request finished (out of order). clSeqNr=15
09:47:36.744 INF Request finished (out of order). clSeqNr=31
09:47:43.589 INF Stopping client on timeout. clientRunTime=15000
09:47:43.589 INF Finished submitting requests. nReq=586
09:47:46.748 INF Request finished (out of order). clSeqNr=17
09:47:46.750 INF Request finished (out of order). clSeqNr=1
09:47:46.750 INF Request finished (out of order). clSeqNr=18
09:47:46.752 INF Request finished (out of order). clSeqNr=2
09:47:46.752 INF Request finished (out of order). clSeqNr=19
09:47:46.753 INF Request finished (out of order). clSeqNr=3
09:47:46.754 INF Request finished (out of order). clSeqNr=20
09:47:46.755 INF Request finished (out of order). clSeqNr=4
09:47:46.755 INF Request finished (out of order). clSeqNr=21
09:47:46.756 INF Request finished (out of order). clSeqNr=5
09:47:46.849 INF Request finished (out of order). clSeqNr=22
09:47:46.849 INF Request finished (out of order). clSeqNr=6
09:47:46.849 INF Request finished (out of order). clSeqNr=23
09:47:46.849 INF Request finished (out of order). clSeqNr=7
09:47:46.849 INF Request finished (out of order). clSeqNr=24
09:47:46.849 INF Request finished (out of order). clSeqNr=8
09:47:46.849 INF Request finished (out of order). clSeqNr=25
09:47:46.849 INF Request finished (out of order). clSeqNr=9
09:47:46.849 INF Request finished (out of order). clSeqNr=26
09:47:46.849 INF Request finished (out of order). clSeqNr=10
09:47:46.849 INF Request finished (out of order). clSeqNr=27
09:47:46.849 INF Request finished (out of order). clSeqNr=11
09:47:46.849 INF Request finished (out of order). clSeqNr=28
09:47:46.849 INF Request finished (out of order). clSeqNr=12
09:47:46.849 INF Request finished (out of order). clSeqNr=29
09:47:46.849 INF Request finished (out of order). clSeqNr=13
09:47:46.849 INF Request finished (out of order). clSeqNr=30
09:47:46.849 INF Request finished (out of order). clSeqNr=14
09:47:46.849 INF Request finished (out of order). clSeqNr=47
09:47:46.849 INF Request finished (out of order). clSeqNr=63
09:47:46.849 INF Request finished (out of order). clSeqNr=79
09:47:46.849 INF Request finished (out of order). clSeqNr=95
09:47:56.747 INF Request finished (out of order). clSeqNr=33
09:47:56.747 INF Request finished (out of order). clSeqNr=49
09:47:56.747 INF Request finished (out of order). clSeqNr=65
09:47:56.747 INF Request finished (out of order). clSeqNr=81
09:47:56.747 INF Request finished (out of order). clSeqNr=97
09:47:56.750 INF Request finished (out of order). clSeqNr=34
09:47:56.750 INF Request finished (out of order). clSeqNr=50
09:47:56.750 INF Request finished (out of order). clSeqNr=66
09:47:56.750 INF Request finished (out of order). clSeqNr=82
09:47:56.751 INF Request finished (out of order). clSeqNr=98
09:47:56.753 INF Request finished (out of order). clSeqNr=35
09:47:56.754 INF Request finished (out of order). clSeqNr=51
09:47:56.754 INF Request finished (out of order). clSeqNr=67
09:47:56.755 INF Request finished (out of order). clSeqNr=83
09:47:56.847 INF Request finished (out of order). clSeqNr=99
09:47:56.847 INF Request finished (out of order). clSeqNr=36
09:47:56.847 INF Request finished (out of order). clSeqNr=52
09:47:56.847 INF Request finished (out of order). clSeqNr=68
09:47:56.848 INF Request finished (out of order). clSeqNr=84
09:47:56.848 INF Request finished (out of order). clSeqNr=100
09:47:56.848 INF Request finished (out of order). clSeqNr=37
09:47:56.848 INF Request finished (out of order). clSeqNr=53
09:47:56.848 INF Request finished (out of order). clSeqNr=69
09:47:56.848 INF Request finished (out of order). clSeqNr=85
09:47:56.848 INF Request finished (out of order). clSeqNr=101
09:47:56.848 INF Request finished (out of order). clSeqNr=38
09:47:56.848 INF Request finished (out of order). clSeqNr=54
09:47:56.848 INF Request finished (out of order). clSeqNr=70
09:47:56.848 INF Request finished (out of order). clSeqNr=86
09:47:56.848 INF Request finished (out of order). clSeqNr=102
09:47:56.848 INF Request finished (out of order). clSeqNr=39
09:47:56.848 INF Request finished (out of order). clSeqNr=55
09:47:56.848 INF Request finished (out of order). clSeqNr=71
09:47:56.848 INF Request finished (out of order). clSeqNr=87
09:47:56.848 INF Request finished (out of order). clSeqNr=103
09:47:56.848 INF Request finished (out of order). clSeqNr=40
09:47:56.848 INF Request finished (out of order). clSeqNr=56
09:47:56.848 INF Request finished (out of order). clSeqNr=72
09:47:56.848 INF Request finished (out of order). clSeqNr=88
09:47:56.848 INF Request finished (out of order). clSeqNr=104
09:47:56.848 INF Request finished (out of order). clSeqNr=41
09:47:56.849 INF Request finished (out of order). clSeqNr=57
09:47:56.849 INF Request finished (out of order). clSeqNr=73
09:47:56.849 INF Request finished (out of order). clSeqNr=89
09:47:56.849 INF Request finished (out of order). clSeqNr=105
09:47:56.849 INF Request finished (out of order). clSeqNr=42
09:47:56.849 INF Request finished (out of order). clSeqNr=58
09:47:56.849 INF Request finished (out of order). clSeqNr=74
09:47:56.849 INF Request finished (out of order). clSeqNr=90
09:47:56.849 INF Request finished (out of order). clSeqNr=106
09:47:56.849 INF Request finished (out of order). clSeqNr=43
09:47:56.849 INF Request finished (out of order). clSeqNr=59
09:47:56.849 INF Request finished (out of order). clSeqNr=75
09:47:56.849 INF Request finished (out of order). clSeqNr=91
09:47:56.849 INF Request finished (out of order). clSeqNr=107
09:47:56.849 INF Request finished (out of order). clSeqNr=44
09:47:56.849 INF Request finished (out of order). clSeqNr=60
09:47:56.849 INF Request finished (out of order). clSeqNr=76
09:47:56.849 INF Request finished (out of order). clSeqNr=92
09:47:56.849 INF Request finished (out of order). clSeqNr=108
09:47:56.849 INF Request finished (out of order). clSeqNr=45
09:47:56.849 INF Request finished (out of order). clSeqNr=61
09:47:56.849 INF Request finished (out of order). clSeqNr=77
09:47:56.849 INF Request finished (out of order). clSeqNr=93
09:47:56.849 INF Request finished (out of order). clSeqNr=109
09:47:56.849 INF Request finished (out of order). clSeqNr=46
09:47:56.849 INF Request finished (out of order). clSeqNr=62
09:47:56.849 INF Request finished (out of order). clSeqNr=78
09:47:56.849 INF Request finished (out of order). clSeqNr=94
09:47:56.849 INF Request finished (out of order). clSeqNr=110
09:47:56.849 INF Request finished (out of order). clSeqNr=111
09:47:56.849 INF Request finished (out of order). clSeqNr=127
09:47:56.849 INF Request finished (out of order). clSeqNr=143
09:47:56.849 INF Request finished (out of order). clSeqNr=159
09:47:56.849 INF Request finished (out of order). clSeqNr=175
09:48:06.750 INF Request finished (out of order). clSeqNr=113
09:48:06.750 INF Request finished (out of order). clSeqNr=129
09:48:06.750 INF Request finished (out of order). clSeqNr=145
09:48:06.750 INF Request finished (out of order). clSeqNr=161
09:48:06.750 INF Request finished (out of order). clSeqNr=177
09:48:06.753 INF Request finished (out of order). clSeqNr=114
09:48:06.753 INF Request finished (out of order). clSeqNr=130
09:48:06.753 INF Request finished (out of order). clSeqNr=146
09:48:06.753 INF Request finished (out of order). clSeqNr=162
09:48:06.753 INF Request finished (out of order). clSeqNr=178
09:48:06.756 INF Request finished (out of order). clSeqNr=115
09:48:06.756 INF Request finished (out of order). clSeqNr=131
09:48:06.756 INF Request finished (out of order). clSeqNr=147
09:48:06.756 INF Request finished (out of order). clSeqNr=163
09:48:06.757 INF Request finished (out of order). clSeqNr=179
09:48:06.850 INF Request finished (out of order). clSeqNr=116
09:48:06.850 INF Request finished (out of order). clSeqNr=132
09:48:06.850 INF Request finished (out of order). clSeqNr=148
09:48:06.850 INF Request finished (out of order). clSeqNr=164
09:48:06.850 INF Request finished (out of order). clSeqNr=180
09:48:06.850 INF Request finished (out of order). clSeqNr=117
09:48:06.850 INF Request finished (out of order). clSeqNr=133
09:48:06.850 INF Request finished (out of order). clSeqNr=149
09:48:06.850 INF Request finished (out of order). clSeqNr=165
09:48:06.850 INF Request finished (out of order). clSeqNr=181
09:48:06.850 INF Request finished (out of order). clSeqNr=118
09:48:06.850 INF Request finished (out of order). clSeqNr=134
09:48:06.850 INF Request finished (out of order). clSeqNr=150
09:48:06.850 INF Request finished (out of order). clSeqNr=166
09:48:06.850 INF Request finished (out of order). clSeqNr=182
09:48:06.850 INF Request finished (out of order). clSeqNr=119
09:48:06.850 INF Request finished (out of order). clSeqNr=135
09:48:06.850 INF Request finished (out of order). clSeqNr=151
09:48:06.850 INF Request finished (out of order). clSeqNr=167
09:48:06.851 INF Request finished (out of order). clSeqNr=183
09:48:06.851 INF Request finished (out of order). clSeqNr=120
09:48:06.851 INF Request finished (out of order). clSeqNr=136
09:48:06.851 INF Request finished (out of order). clSeqNr=152
09:48:06.851 INF Request finished (out of order). clSeqNr=168
09:48:06.851 INF Request finished (out of order). clSeqNr=184
09:48:06.851 INF Request finished (out of order). clSeqNr=121
09:48:06.851 INF Request finished (out of order). clSeqNr=137
09:48:06.851 INF Request finished (out of order). clSeqNr=153
09:48:06.851 INF Request finished (out of order). clSeqNr=169
09:48:06.851 INF Request finished (out of order). clSeqNr=185
09:48:06.851 INF Request finished (out of order). clSeqNr=122
09:48:06.851 INF Request finished (out of order). clSeqNr=138
09:48:06.851 INF Request finished (out of order). clSeqNr=154
09:48:06.851 INF Request finished (out of order). clSeqNr=170
09:48:06.851 INF Request finished (out of order). clSeqNr=186
09:48:06.851 INF Request finished (out of order). clSeqNr=123
09:48:06.851 INF Request finished (out of order). clSeqNr=139
09:48:06.851 INF Request finished (out of order). clSeqNr=155
09:48:06.851 INF Request finished (out of order). clSeqNr=171
09:48:06.851 INF Request finished (out of order). clSeqNr=187
09:48:06.851 INF Request finished (out of order). clSeqNr=124
09:48:06.851 INF Request finished (out of order). clSeqNr=140
09:48:06.851 INF Request finished (out of order). clSeqNr=156
09:48:06.851 INF Request finished (out of order). clSeqNr=172
09:48:06.851 INF Request finished (out of order). clSeqNr=188
09:48:06.851 INF Request finished (out of order). clSeqNr=125
09:48:06.851 INF Request finished (out of order). clSeqNr=141
09:48:06.851 INF Request finished (out of order). clSeqNr=157
09:48:06.851 INF Request finished (out of order). clSeqNr=173
09:48:06.851 INF Request finished (out of order). clSeqNr=189
09:48:06.851 INF Request finished (out of order). clSeqNr=126
09:48:06.851 INF Request finished (out of order). clSeqNr=142
09:48:06.851 INF Request finished (out of order). clSeqNr=158
09:48:06.851 INF Request finished (out of order). clSeqNr=174
09:48:06.851 INF Request finished (out of order). clSeqNr=190
09:48:06.851 INF Request finished (out of order). clSeqNr=191
09:48:06.851 INF Request finished (out of order). clSeqNr=207
09:48:06.851 INF Request finished (out of order). clSeqNr=223
09:48:06.851 INF Request finished (out of order). clSeqNr=239
09:48:06.851 INF Request finished (out of order). clSeqNr=255
09:48:16.753 INF Request finished (out of order). clSeqNr=193
09:48:16.753 INF Request finished (out of order). clSeqNr=209
09:48:16.753 INF Request finished (out of order). clSeqNr=225
09:48:16.753 INF Request finished (out of order). clSeqNr=241
09:48:16.753 INF Request finished (out of order). clSeqNr=257
09:48:16.756 INF Request finished (out of order). clSeqNr=194
09:48:16.756 INF Request finished (out of order). clSeqNr=210
09:48:16.756 INF Request finished (out of order). clSeqNr=226
09:48:16.756 INF Request finished (out of order). clSeqNr=242
09:48:16.756 INF Request finished (out of order). clSeqNr=258
09:48:16.759 INF Request finished (out of order). clSeqNr=195
09:48:16.759 INF Request finished (out of order). clSeqNr=211
09:48:16.759 INF Request finished (out of order). clSeqNr=227
09:48:16.853 INF Request finished (out of order). clSeqNr=243
09:48:16.853 INF Request finished (out of order). clSeqNr=259
09:48:16.853 INF Request finished (out of order). clSeqNr=196
09:48:16.853 INF Request finished (out of order). clSeqNr=212
09:48:16.853 INF Request finished (out of order). clSeqNr=228
09:48:16.853 INF Request finished (out of order). clSeqNr=244
09:48:16.853 INF Request finished (out of order). clSeqNr=260
09:48:16.853 INF Request finished (out of order). clSeqNr=197
09:48:16.853 INF Request finished (out of order). clSeqNr=213
09:48:16.853 INF Request finished (out of order). clSeqNr=229
09:48:16.853 INF Request finished (out of order). clSeqNr=245
09:48:16.853 INF Request finished (out of order). clSeqNr=261
09:48:16.853 INF Request finished (out of order). clSeqNr=198
09:48:16.853 INF Request finished (out of order). clSeqNr=214
09:48:16.853 INF Request finished (out of order). clSeqNr=230
09:48:16.853 INF Request finished (out of order). clSeqNr=246
09:48:16.853 INF Request finished (out of order). clSeqNr=262
09:48:16.853 INF Request finished (out of order). clSeqNr=199
09:48:16.853 INF Request finished (out of order). clSeqNr=215
09:48:16.853 INF Request finished (out of order). clSeqNr=231
09:48:16.853 INF Request finished (out of order). clSeqNr=247
09:48:16.853 INF Request finished (out of order). clSeqNr=263
09:48:16.853 INF Request finished (out of order). clSeqNr=200
09:48:16.854 INF Request finished (out of order). clSeqNr=216
09:48:16.854 INF Request finished (out of order). clSeqNr=232
09:48:16.854 INF Request finished (out of order). clSeqNr=248
09:48:16.854 INF Request finished (out of order). clSeqNr=264
09:48:16.854 INF Request finished (out of order). clSeqNr=201
09:48:16.854 INF Request finished (out of order). clSeqNr=217
09:48:16.854 INF Request finished (out of order). clSeqNr=233
09:48:16.854 INF Request finished (out of order). clSeqNr=249
09:48:16.854 INF Request finished (out of order). clSeqNr=265
09:48:16.854 INF Request finished (out of order). clSeqNr=202
09:48:16.854 INF Request finished (out of order). clSeqNr=218
09:48:16.854 INF Request finished (out of order). clSeqNr=234
09:48:16.854 INF Request finished (out of order). clSeqNr=250
09:48:16.854 INF Request finished (out of order). clSeqNr=266
09:48:16.854 INF Request finished (out of order). clSeqNr=203
09:48:16.854 INF Request finished (out of order). clSeqNr=219
09:48:16.854 INF Request finished (out of order). clSeqNr=235
09:48:16.854 INF Request finished (out of order). clSeqNr=251
09:48:16.854 INF Request finished (out of order). clSeqNr=267
09:48:16.854 INF Request finished (out of order). clSeqNr=204
09:48:16.854 INF Request finished (out of order). clSeqNr=220
09:48:16.854 INF Request finished (out of order). clSeqNr=236
09:48:16.854 INF Request finished (out of order). clSeqNr=252
09:48:16.854 INF Request finished (out of order). clSeqNr=268
09:48:16.854 INF Request finished (out of order). clSeqNr=205
09:48:16.854 INF Request finished (out of order). clSeqNr=221
09:48:16.854 INF Request finished (out of order). clSeqNr=237
09:48:16.854 INF Request finished (out of order). clSeqNr=253
09:48:16.854 INF Request finished (out of order). clSeqNr=269
09:48:16.854 INF Request finished (out of order). clSeqNr=206
09:48:16.854 INF Request finished (out of order). clSeqNr=222
09:48:16.854 INF Request finished (out of order). clSeqNr=238
09:48:16.854 INF Request finished (out of order). clSeqNr=254
09:48:16.854 INF Request finished (out of order). clSeqNr=270
09:48:16.854 INF Request finished (out of order). clSeqNr=271
09:48:16.854 INF Request finished (out of order). clSeqNr=287
09:48:16.854 INF Request finished (out of order). clSeqNr=303
09:48:16.854 INF Request finished (out of order). clSeqNr=319
09:48:16.854 INF Request finished (out of order). clSeqNr=335
09:48:26.752 INF Request finished (out of order). clSeqNr=273
09:48:26.753 INF Request finished (out of order). clSeqNr=289
09:48:26.753 INF Request finished (out of order). clSeqNr=305
09:48:26.753 INF Request finished (out of order). clSeqNr=321
09:48:26.753 INF Request finished (out of order). clSeqNr=337
09:48:26.756 INF Request finished (out of order). clSeqNr=274
09:48:26.756 INF Request finished (out of order). clSeqNr=290
09:48:26.756 INF Request finished (out of order). clSeqNr=306
09:48:26.756 INF Request finished (out of order). clSeqNr=322
09:48:26.756 INF Request finished (out of order). clSeqNr=338
09:48:26.759 INF Request finished (out of order). clSeqNr=275
09:48:26.821 INF Request finished (out of order). clSeqNr=291
09:48:26.821 INF Request finished (out of order). clSeqNr=307
09:48:26.853 INF Request finished (out of order). clSeqNr=323
09:48:26.853 INF Request finished (out of order). clSeqNr=339
09:48:26.853 INF Request finished (out of order). clSeqNr=276
09:48:26.853 INF Request finished (out of order). clSeqNr=292
09:48:26.853 INF Request finished (out of order). clSeqNr=308
09:48:26.853 INF Request finished (out of order). clSeqNr=324
09:48:26.853 INF Request finished (out of order). clSeqNr=340
09:48:26.853 INF Request finished (out of order). clSeqNr=277
09:48:26.853 INF Request finished (out of order). clSeqNr=293
09:48:26.853 INF Request finished (out of order). clSeqNr=309
09:48:26.853 INF Request finished (out of order). clSeqNr=325
09:48:26.853 INF Request finished (out of order). clSeqNr=341
09:48:26.853 INF Request finished (out of order). clSeqNr=278
09:48:26.853 INF Request finished (out of order). clSeqNr=294
09:48:26.853 INF Request finished (out of order). clSeqNr=310
09:48:26.853 INF Request finished (out of order). clSeqNr=326
09:48:26.853 INF Request finished (out of order). clSeqNr=342
09:48:26.853 INF Request finished (out of order). clSeqNr=279
09:48:26.853 INF Request finished (out of order). clSeqNr=295
09:48:26.853 INF Request finished (out of order). clSeqNr=311
09:48:26.853 INF Request finished (out of order). clSeqNr=327
09:48:26.853 INF Request finished (out of order). clSeqNr=343
09:48:26.853 INF Request finished (out of order). clSeqNr=280
09:48:26.853 INF Request finished (out of order). clSeqNr=296
09:48:26.853 INF Request finished (out of order). clSeqNr=312
09:48:26.853 INF Request finished (out of order). clSeqNr=328
09:48:26.853 INF Request finished (out of order). clSeqNr=344
09:48:26.853 INF Request finished (out of order). clSeqNr=281
09:48:26.853 INF Request finished (out of order). clSeqNr=297
09:48:26.853 INF Request finished (out of order). clSeqNr=313
09:48:26.853 INF Request finished (out of order). clSeqNr=329
09:48:26.853 INF Request finished (out of order). clSeqNr=345
09:48:26.853 INF Request finished (out of order). clSeqNr=282
09:48:26.853 INF Request finished (out of order). clSeqNr=298
09:48:26.853 INF Request finished (out of order). clSeqNr=314
09:48:26.853 INF Request finished (out of order). clSeqNr=330
09:48:26.853 INF Request finished (out of order). clSeqNr=346
09:48:26.854 INF Request finished (out of order). clSeqNr=283
09:48:26.854 INF Request finished (out of order). clSeqNr=299
09:48:26.854 INF Request finished (out of order). clSeqNr=315
09:48:26.854 INF Request finished (out of order). clSeqNr=331
09:48:26.854 INF Request finished (out of order). clSeqNr=347
09:48:26.854 INF Request finished (out of order). clSeqNr=284
09:48:26.854 INF Request finished (out of order). clSeqNr=300
09:48:26.854 INF Request finished (out of order). clSeqNr=316
09:48:26.854 INF Request finished (out of order). clSeqNr=332
09:48:26.854 INF Request finished (out of order). clSeqNr=348
09:48:26.854 INF Request finished (out of order). clSeqNr=285
09:48:26.854 INF Request finished (out of order). clSeqNr=301
09:48:26.854 INF Request finished (out of order). clSeqNr=317
09:48:26.854 INF Request finished (out of order). clSeqNr=333
09:48:26.854 INF Request finished (out of order). clSeqNr=349
09:48:26.854 INF Request finished (out of order). clSeqNr=286
09:48:26.854 INF Request finished (out of order). clSeqNr=302
09:48:26.854 INF Request finished (out of order). clSeqNr=318
09:48:26.854 INF Request finished (out of order). clSeqNr=334
09:48:26.854 INF Request finished (out of order). clSeqNr=350
09:48:26.854 INF Request finished (out of order). clSeqNr=351
09:48:26.854 INF Request finished (out of order). clSeqNr=367
09:48:26.854 INF Request finished (out of order). clSeqNr=383
09:48:26.854 INF Request finished (out of order). clSeqNr=399
09:48:26.854 INF Request finished (out of order). clSeqNr=415
09:48:36.755 INF Request finished (out of order). clSeqNr=353
09:48:36.755 INF Request finished (out of order). clSeqNr=369
09:48:36.755 INF Request finished (out of order). clSeqNr=385
09:48:36.755 INF Request finished (out of order). clSeqNr=401
09:48:36.755 INF Request finished (out of order). clSeqNr=417
09:48:36.758 INF Request finished (out of order). clSeqNr=354
09:48:36.758 INF Request finished (out of order). clSeqNr=370
09:48:36.758 INF Request finished (out of order). clSeqNr=386
09:48:36.758 INF Request finished (out of order). clSeqNr=402
09:48:36.758 INF Request finished (out of order). clSeqNr=418
09:48:36.762 INF Request finished (out of order). clSeqNr=355
09:48:36.762 INF Request finished (out of order). clSeqNr=371
09:48:36.762 INF Request finished (out of order). clSeqNr=387
09:48:36.855 INF Request finished (out of order). clSeqNr=403
09:48:36.855 INF Request finished (out of order). clSeqNr=419
09:48:36.855 INF Request finished (out of order). clSeqNr=356
09:48:36.855 INF Request finished (out of order). clSeqNr=372
09:48:36.855 INF Request finished (out of order). clSeqNr=388
09:48:36.855 INF Request finished (out of order). clSeqNr=404
09:48:36.855 INF Request finished (out of order). clSeqNr=420
09:48:36.855 INF Request finished (out of order). clSeqNr=357
09:48:36.855 INF Request finished (out of order). clSeqNr=373
09:48:36.855 INF Request finished (out of order). clSeqNr=389
09:48:36.855 INF Request finished (out of order). clSeqNr=405
09:48:36.855 INF Request finished (out of order). clSeqNr=421
09:48:36.855 INF Request finished (out of order). clSeqNr=358
09:48:36.855 INF Request finished (out of order). clSeqNr=374
09:48:36.855 INF Request finished (out of order). clSeqNr=390
09:48:36.855 INF Request finished (out of order). clSeqNr=406
09:48:36.855 INF Request finished (out of order). clSeqNr=359
09:48:36.855 INF Request finished (out of order). clSeqNr=375
09:48:36.856 INF Request finished (out of order). clSeqNr=391
09:48:36.856 INF Request finished (out of order). clSeqNr=407
09:48:36.856 INF Request finished (out of order). clSeqNr=423
09:48:36.856 INF Request finished (out of order). clSeqNr=360
09:48:36.856 INF Request finished (out of order). clSeqNr=376
09:48:36.856 INF Request finished (out of order). clSeqNr=392
09:48:36.856 INF Request finished (out of order). clSeqNr=408
09:48:36.856 INF Request finished (out of order). clSeqNr=424
09:48:36.856 INF Request finished (out of order). clSeqNr=361
09:48:36.856 INF Request finished (out of order). clSeqNr=377
09:48:36.856 INF Request finished (out of order). clSeqNr=393
09:48:36.856 INF Request finished (out of order). clSeqNr=409
09:48:36.856 INF Request finished (out of order). clSeqNr=425
09:48:36.856 INF Request finished (out of order). clSeqNr=362
09:48:36.856 INF Request finished (out of order). clSeqNr=378
09:48:36.856 INF Request finished (out of order). clSeqNr=394
09:48:36.856 INF Request finished (out of order). clSeqNr=410
09:48:36.856 INF Request finished (out of order). clSeqNr=363
09:48:36.856 INF Request finished (out of order). clSeqNr=379
09:48:36.856 INF Request finished (out of order). clSeqNr=395
09:48:36.856 INF Request finished (out of order). clSeqNr=411
09:48:36.856 INF Request finished (out of order). clSeqNr=427
09:48:36.856 INF Request finished (out of order). clSeqNr=364
09:48:36.856 INF Request finished (out of order). clSeqNr=380
09:48:36.856 INF Request finished (out of order). clSeqNr=396
09:48:36.856 INF Request finished (out of order). clSeqNr=412
09:48:36.856 INF Request finished (out of order). clSeqNr=428
09:48:36.856 INF Request finished (out of order). clSeqNr=365
09:48:36.856 INF Request finished (out of order). clSeqNr=381
09:48:36.856 INF Request finished (out of order). clSeqNr=397
09:48:36.856 INF Request finished (out of order). clSeqNr=413
09:48:36.856 INF Request finished (out of order). clSeqNr=366
09:48:36.856 INF Request finished (out of order). clSeqNr=382
09:48:36.856 INF Request finished (out of order). clSeqNr=398
09:48:36.856 INF Request finished (out of order). clSeqNr=414
09:48:36.856 INF Request finished (out of order). clSeqNr=431
09:48:36.856 INF Request finished (out of order). clSeqNr=447
09:48:36.856 INF Request finished (out of order). clSeqNr=463
09:48:36.856 INF Request finished (out of order). clSeqNr=479
09:48:36.856 INF Request finished (out of order). clSeqNr=495
09:48:46.758 INF Request finished (out of order). clSeqNr=433
09:48:46.758 INF Request finished (out of order). clSeqNr=449
09:48:46.759 INF Request finished (out of order). clSeqNr=465
09:48:46.759 INF Request finished (out of order). clSeqNr=481
09:48:46.759 INF Request finished (out of order). clSeqNr=497
09:48:46.761 INF Request finished (out of order). clSeqNr=434
09:48:46.762 INF Request finished (out of order). clSeqNr=450
09:48:46.762 INF Request finished (out of order). clSeqNr=466
09:48:46.762 INF Request finished (out of order). clSeqNr=482
09:48:46.762 INF Request finished (out of order). clSeqNr=498
09:48:46.764 INF Request finished (out of order). clSeqNr=435
09:48:46.826 INF Request finished (out of order). clSeqNr=451
09:48:46.826 INF Request finished (out of order). clSeqNr=467
09:48:46.826 INF Request finished (out of order). clSeqNr=483
09:48:46.857 INF Request finished (out of order). clSeqNr=499
09:48:46.858 INF Request finished (out of order). clSeqNr=436
09:48:46.859 INF Request finished (out of order). clSeqNr=452
09:48:46.859 INF Request finished (out of order). clSeqNr=468
09:48:46.859 INF Request finished (out of order). clSeqNr=484
09:48:46.859 INF Request finished (out of order). clSeqNr=437
09:48:46.859 INF Request finished (out of order). clSeqNr=453
09:48:46.859 INF Request finished (out of order). clSeqNr=469
09:48:46.859 INF Request finished (out of order). clSeqNr=485
09:48:46.859 INF Request finished (out of order). clSeqNr=422
09:48:46.859 INF Request finished (out of order). clSeqNr=438
09:48:46.859 INF Request finished (out of order). clSeqNr=454
09:48:46.859 INF Request finished (out of order). clSeqNr=470
09:48:46.859 INF Request finished (out of order). clSeqNr=486
09:48:46.859 INF Request finished (out of order). clSeqNr=439
09:48:46.859 INF Request finished (out of order). clSeqNr=455
09:48:46.859 INF Request finished (out of order). clSeqNr=471
09:48:46.859 INF Request finished (out of order). clSeqNr=487
09:48:46.859 INF Request finished (out of order). clSeqNr=503
09:48:46.859 INF Request finished (out of order). clSeqNr=440
09:48:46.859 INF Request finished (out of order). clSeqNr=456
09:48:46.859 INF Request finished (out of order). clSeqNr=472
09:48:46.859 INF Request finished (out of order). clSeqNr=488
09:48:46.859 INF Request finished (out of order). clSeqNr=441
09:48:46.859 INF Request finished (out of order). clSeqNr=457
09:48:46.859 INF Request finished (out of order). clSeqNr=473
09:48:46.859 INF Request finished (out of order). clSeqNr=489
09:48:46.859 INF Request finished (out of order). clSeqNr=426
09:48:46.859 INF Request finished (out of order). clSeqNr=442
09:48:46.859 INF Request finished (out of order). clSeqNr=458
09:48:46.859 INF Request finished (out of order). clSeqNr=474
09:48:46.859 INF Request finished (out of order). clSeqNr=490
09:48:46.859 INF Request finished (out of order). clSeqNr=443
09:48:46.859 INF Request finished (out of order). clSeqNr=459
09:48:46.859 INF Request finished (out of order). clSeqNr=475
09:48:46.859 INF Request finished (out of order). clSeqNr=491
09:48:46.859 INF Request finished (out of order). clSeqNr=444
09:48:46.859 INF Request finished (out of order). clSeqNr=460
09:48:46.859 INF Request finished (out of order). clSeqNr=476
09:48:46.859 INF Request finished (out of order). clSeqNr=492
09:48:46.859 INF Request finished (out of order). clSeqNr=429
09:48:46.859 INF Request finished (out of order). clSeqNr=445
09:48:46.859 INF Request finished (out of order). clSeqNr=461
09:48:46.859 INF Request finished (out of order). clSeqNr=477
09:48:46.859 INF Request finished (out of order). clSeqNr=493
09:48:46.859 INF Request finished (out of order). clSeqNr=430
09:48:46.859 INF Request finished (out of order). clSeqNr=446
09:48:46.859 INF Request finished (out of order). clSeqNr=462
09:48:46.859 INF Request finished (out of order). clSeqNr=478
09:48:46.859 INF Request finished (out of order). clSeqNr=494
09:48:46.859 INF Request finished (out of order). clSeqNr=527
09:48:46.859 INF Request finished (out of order). clSeqNr=543
09:48:46.859 INF Request finished (out of order). clSeqNr=559
09:48:46.859 INF Request finished (out of order). clSeqNr=575
09:48:46.859 INF Request finished (out of order). clSeqNr=511
09:48:56.758 INF Request finished (out of order). clSeqNr=529
09:48:56.758 INF Request finished (out of order). clSeqNr=545
09:48:56.758 INF Request finished (out of order). clSeqNr=561
09:48:56.758 INF Request finished (out of order). clSeqNr=577
09:48:56.760 INF Request finished (out of order). clSeqNr=513
09:48:56.760 INF Request finished (out of order). clSeqNr=530
09:48:56.761 INF Request finished (out of order). clSeqNr=546
09:48:56.761 INF Request finished (out of order). clSeqNr=562
09:48:56.762 INF Request finished (out of order). clSeqNr=514
09:48:56.763 INF Request finished (out of order). clSeqNr=531
09:48:56.763 INF Request finished (out of order). clSeqNr=547
09:48:56.763 INF Request finished (out of order). clSeqNr=563
09:48:56.825 INF Request finished (out of order). clSeqNr=515
09:48:56.858 INF Request finished (out of order). clSeqNr=532
09:48:56.858 INF Request finished (out of order). clSeqNr=548
09:48:56.858 INF Request finished (out of order). clSeqNr=564
09:48:56.858 INF Request finished (out of order). clSeqNr=500
09:48:56.858 INF Request finished (out of order). clSeqNr=516
09:48:56.858 INF Request finished (out of order). clSeqNr=533
09:48:56.858 INF Request finished (out of order). clSeqNr=549
09:48:56.858 INF Request finished (out of order). clSeqNr=565
09:48:56.858 INF Request finished (out of order). clSeqNr=501
09:48:56.858 INF Request finished (out of order). clSeqNr=517
09:48:56.858 INF Request finished (out of order). clSeqNr=534
09:48:56.858 INF Request finished (out of order). clSeqNr=550
09:48:56.858 INF Request finished (out of order). clSeqNr=566
09:48:56.858 INF Request finished (out of order). clSeqNr=502
09:48:56.858 INF Request finished (out of order). clSeqNr=518
09:48:56.858 INF Request finished (out of order). clSeqNr=535
09:48:56.859 INF Request finished (out of order). clSeqNr=551
09:48:56.859 INF Request finished (out of order). clSeqNr=567
09:48:56.859 INF Request finished (out of order). clSeqNr=519
09:48:56.859 INF Request finished (out of order). clSeqNr=536
09:48:56.859 INF Request finished (out of order). clSeqNr=552
09:48:56.859 INF Request finished (out of order). clSeqNr=568
09:48:56.859 INF Request finished (out of order). clSeqNr=504
09:48:56.859 INF Request finished (out of order). clSeqNr=520
09:48:56.859 INF Request finished (out of order). clSeqNr=537
09:48:56.859 INF Request finished (out of order). clSeqNr=553
09:48:56.859 INF Request finished (out of order). clSeqNr=569
09:48:56.859 INF Request finished (out of order). clSeqNr=505
09:48:56.859 INF Request finished (out of order). clSeqNr=521
09:48:56.859 INF Request finished (out of order). clSeqNr=538
09:48:56.859 INF Request finished (out of order). clSeqNr=554
09:48:56.859 INF Request finished (out of order). clSeqNr=570
09:48:56.859 INF Request finished (out of order). clSeqNr=506
09:48:56.859 INF Request finished (out of order). clSeqNr=522
09:48:56.859 INF Request finished (out of order). clSeqNr=539
09:48:56.859 INF Request finished (out of order). clSeqNr=555
09:48:56.859 INF Request finished (out of order). clSeqNr=571
09:48:56.859 INF Request finished (out of order). clSeqNr=507
09:48:56.859 INF Request finished (out of order). clSeqNr=523
09:48:56.859 INF Request finished (out of order). clSeqNr=540
09:48:56.859 INF Request finished (out of order). clSeqNr=556
09:48:56.859 INF Request finished (out of order). clSeqNr=572
09:48:56.859 INF Request finished (out of order). clSeqNr=508
09:48:56.859 INF Request finished (out of order). clSeqNr=524
09:48:56.859 INF Request finished (out of order). clSeqNr=541
09:48:56.859 INF Request finished (out of order). clSeqNr=557
09:48:56.859 INF Request finished (out of order). clSeqNr=573
09:48:56.859 INF Request finished (out of order). clSeqNr=509
09:48:56.859 INF Request finished (out of order). clSeqNr=525
09:48:56.859 INF Request finished (out of order). clSeqNr=542
09:48:56.859 INF Request finished (out of order). clSeqNr=558
09:48:56.859 INF Request finished (out of order). clSeqNr=574
09:48:56.859 INF Request finished (out of order). clSeqNr=510
09:48:56.859 INF Request finished (out of order). clSeqNr=526
09:49:06.759 INF Request finished (out of order). clSeqNr=578
09:49:06.759 INF Request finished (out of order). clSeqNr=579
09:49:06.759 INF Request finished (out of order). clSeqNr=580
09:49:06.759 INF Request finished (out of order). clSeqNr=581
09:49:06.759 INF Request finished (out of order). clSeqNr=582
09:49:06.759 INF Request finished (out of order). clSeqNr=583
09:49:06.759 INF Request finished (out of order). clSeqNr=584
09:49:06.759 INF Request finished (out of order). clSeqNr=585
09:52:46.961 INF Updating bucket assignment. epoch=1
09:52:46.961 INF Resubmitted Requests. epoch=1 n=37
09:52:49.252 INF Request finished (out of order). clSeqNr=16
09:52:49.253 INF Request finished (out of order). clSeqNr=32
09:52:49.253 INF Request finished (out of order). clSeqNr=48
09:52:49.254 INF Request finished (out of order). clSeqNr=64
09:52:49.254 INF Request finished (out of order). clSeqNr=80
09:52:49.254 INF Request finished (out of order). clSeqNr=96
09:52:49.255 INF Request finished (out of order). clSeqNr=112
09:52:49.255 INF Request finished (out of order). clSeqNr=128
09:52:49.256 INF Request finished (out of order). clSeqNr=144
09:52:49.257 INF Request finished (out of order). clSeqNr=160
09:52:49.272 INF Request finished (out of order). clSeqNr=176
09:52:49.367 INF Request finished (out of order). clSeqNr=192
09:52:49.414 INF Request finished (out of order). clSeqNr=208
09:52:49.414 INF Request finished (out of order). clSeqNr=224
09:52:49.415 INF Request finished (out of order). clSeqNr=240
09:52:49.415 INF Request finished (out of order). clSeqNr=0
09:52:49.415 INF Request delivered (in order). clSeqNr=0
09:52:49.415 INF Request delivered (in order). clSeqNr=1
09:52:49.415 INF Request delivered (in order). clSeqNr=2
09:52:49.415 INF Request delivered (in order). clSeqNr=3
09:52:49.415 INF Request delivered (in order). clSeqNr=4
09:52:49.415 INF Request delivered (in order). clSeqNr=5
09:52:49.415 INF Request delivered (in order). clSeqNr=6
09:52:49.415 INF Request delivered (in order). clSeqNr=7
09:52:49.415 INF Request delivered (in order). clSeqNr=8
09:52:49.415 INF Request delivered (in order). clSeqNr=9
09:52:49.415 INF Request delivered (in order). clSeqNr=10
09:52:49.415 INF Request delivered (in order). clSeqNr=11
09:52:49.415 INF Request delivered (in order). clSeqNr=12
09:52:49.415 INF Request delivered (in order). clSeqNr=13
09:52:49.415 INF Request delivered (in order). clSeqNr=14
09:52:49.415 INF Request delivered (in order). clSeqNr=15
09:52:49.415 INF Request delivered (in order). clSeqNr=16
09:52:49.415 INF Request delivered (in order). clSeqNr=17
09:52:49.415 INF Request delivered (in order). clSeqNr=18
09:52:49.415 INF Request delivered (in order). clSeqNr=19
09:52:49.415 INF Request delivered (in order). clSeqNr=20
09:52:49.415 INF Request delivered (in order). clSeqNr=21
09:52:49.415 INF Request delivered (in order). clSeqNr=22
09:52:49.415 INF Request delivered (in order). clSeqNr=23
09:52:49.415 INF Request delivered (in order). clSeqNr=24
09:52:49.415 INF Request delivered (in order). clSeqNr=25
09:52:49.415 INF Request delivered (in order). clSeqNr=26
09:52:49.415 INF Request delivered (in order). clSeqNr=27
09:52:49.415 INF Request delivered (in order). clSeqNr=28
09:52:49.415 INF Request delivered (in order). clSeqNr=29
09:52:49.415 INF Request delivered (in order). clSeqNr=30
09:52:49.415 INF Request delivered (in order). clSeqNr=31
09:52:49.415 INF Request delivered (in order). clSeqNr=32
09:52:49.415 INF Request delivered (in order). clSeqNr=33
09:52:49.415 INF Request delivered (in order). clSeqNr=34
09:52:49.415 INF Request delivered (in order). clSeqNr=35
09:52:49.415 INF Request delivered (in order). clSeqNr=36
09:52:49.415 INF Request delivered (in order). clSeqNr=37
09:52:49.415 INF Request delivered (in order). clSeqNr=38
09:52:49.415 INF Request delivered (in order). clSeqNr=39
09:52:49.415 INF Request delivered (in order). clSeqNr=40
09:52:49.415 INF Request delivered (in order). clSeqNr=41
09:52:49.415 INF Request delivered (in order). clSeqNr=42
09:52:49.415 INF Request delivered (in order). clSeqNr=43
09:52:49.415 INF Request delivered (in order). clSeqNr=44
09:52:49.415 INF Request delivered (in order). clSeqNr=45
09:52:49.415 INF Request delivered (in order). clSeqNr=46
09:52:49.416 INF Request delivered (in order). clSeqNr=47
09:52:49.416 INF Request delivered (in order). clSeqNr=48
09:52:49.416 INF Request delivered (in order). clSeqNr=49
09:52:49.416 INF Request delivered (in order). clSeqNr=50
09:52:49.416 INF Request delivered (in order). clSeqNr=51
09:52:49.416 INF Request delivered (in order). clSeqNr=52
09:52:49.416 INF Request delivered (in order). clSeqNr=53
09:52:49.416 INF Request delivered (in order). clSeqNr=54
09:52:49.416 INF Request delivered (in order). clSeqNr=55
09:52:49.416 INF Request delivered (in order). clSeqNr=56
09:52:49.416 INF Request delivered (in order). clSeqNr=57
09:52:49.416 INF Request delivered (in order). clSeqNr=58
09:52:49.416 INF Request delivered (in order). clSeqNr=59
09:52:49.416 INF Request delivered (in order). clSeqNr=60
09:52:49.416 INF Request delivered (in order). clSeqNr=61
09:52:49.416 INF Request delivered (in order). clSeqNr=62
09:52:49.416 INF Request delivered (in order). clSeqNr=63
09:52:49.416 INF Request delivered (in order). clSeqNr=64
09:52:49.416 INF Request delivered (in order). clSeqNr=65
09:52:49.416 INF Request delivered (in order). clSeqNr=66
09:52:49.416 INF Request delivered (in order). clSeqNr=67
09:52:49.416 INF Request delivered (in order). clSeqNr=68
09:52:49.416 INF Request delivered (in order). clSeqNr=69
09:52:49.416 INF Request delivered (in order). clSeqNr=70
09:52:49.416 INF Request delivered (in order). clSeqNr=71
09:52:49.416 INF Request delivered (in order). clSeqNr=72
09:52:49.416 INF Request delivered (in order). clSeqNr=73
09:52:49.416 INF Request delivered (in order). clSeqNr=74
09:52:49.416 INF Request delivered (in order). clSeqNr=75
09:52:49.416 INF Request delivered (in order). clSeqNr=76
09:52:49.416 INF Request delivered (in order). clSeqNr=77
09:52:49.416 INF Request delivered (in order). clSeqNr=78
09:52:49.416 INF Request delivered (in order). clSeqNr=79
09:52:49.416 INF Request delivered (in order). clSeqNr=80
09:52:49.416 INF Request delivered (in order). clSeqNr=81
09:52:49.416 INF Request delivered (in order). clSeqNr=82
09:52:49.416 INF Request delivered (in order). clSeqNr=83
09:52:49.416 INF Request delivered (in order). clSeqNr=84
09:52:49.416 INF Request delivered (in order). clSeqNr=85
09:52:49.416 INF Request delivered (in order). clSeqNr=86
09:52:49.416 INF Request delivered (in order). clSeqNr=87
09:52:49.416 INF Request delivered (in order). clSeqNr=88
09:52:49.416 INF Request delivered (in order). clSeqNr=89
09:52:49.416 INF Request delivered (in order). clSeqNr=90
09:52:49.416 INF Request delivered (in order). clSeqNr=91
09:52:49.416 INF Request delivered (in order). clSeqNr=92
09:52:49.416 INF Request delivered (in order). clSeqNr=93
09:52:49.416 INF Request delivered (in order). clSeqNr=94
09:52:49.416 INF Request delivered (in order). clSeqNr=95
09:52:49.416 INF Request delivered (in order). clSeqNr=96
09:52:49.416 INF Request delivered (in order). clSeqNr=97
09:52:49.416 INF Request delivered (in order). clSeqNr=98
09:52:49.416 INF Request delivered (in order). clSeqNr=99
09:52:49.416 INF Request delivered (in order). clSeqNr=100
09:52:49.416 INF Request delivered (in order). clSeqNr=101
09:52:49.416 INF Request delivered (in order). clSeqNr=102
09:52:49.416 INF Request delivered (in order). clSeqNr=103
09:52:49.416 INF Request delivered (in order). clSeqNr=104
09:52:49.416 INF Request delivered (in order). clSeqNr=105
09:52:49.416 INF Request delivered (in order). clSeqNr=106
09:52:49.416 INF Request delivered (in order). clSeqNr=107
09:52:49.416 INF Request delivered (in order). clSeqNr=108
09:52:49.416 INF Request delivered (in order). clSeqNr=109
09:52:49.416 INF Request delivered (in order). clSeqNr=110
09:52:49.417 INF Request delivered (in order). clSeqNr=111
09:52:49.417 INF Request delivered (in order). clSeqNr=112
09:52:49.417 INF Request delivered (in order). clSeqNr=113
09:52:49.417 INF Request delivered (in order). clSeqNr=114
09:52:49.417 INF Request delivered (in order). clSeqNr=115
09:52:49.417 INF Request delivered (in order). clSeqNr=116
09:52:49.417 INF Request delivered (in order). clSeqNr=117
09:52:49.417 INF Request delivered (in order). clSeqNr=118
09:52:49.417 INF Request delivered (in order). clSeqNr=119
09:52:49.417 INF Request delivered (in order). clSeqNr=120
09:52:49.417 INF Request delivered (in order). clSeqNr=121
09:52:49.417 INF Request delivered (in order). clSeqNr=122
09:52:49.417 INF Request delivered (in order). clSeqNr=123
09:52:49.417 INF Request delivered (in order). clSeqNr=124
09:52:49.417 INF Request delivered (in order). clSeqNr=125
09:52:49.417 INF Request delivered (in order). clSeqNr=126
09:52:49.417 INF Request delivered (in order). clSeqNr=127
09:52:49.417 INF Request delivered (in order). clSeqNr=128
09:52:49.417 INF Request delivered (in order). clSeqNr=129
09:52:49.417 INF Request delivered (in order). clSeqNr=130
09:52:49.417 INF Request delivered (in order). clSeqNr=131
09:52:49.417 INF Request delivered (in order). clSeqNr=132
09:52:49.417 INF Request delivered (in order). clSeqNr=133
09:52:49.417 INF Request delivered (in order). clSeqNr=134
09:52:49.417 INF Request delivered (in order). clSeqNr=135
09:52:49.417 INF Request delivered (in order). clSeqNr=136
09:52:49.417 INF Request delivered (in order). clSeqNr=137
09:52:49.417 INF Request delivered (in order). clSeqNr=138
09:52:49.417 INF Request delivered (in order). clSeqNr=139
09:52:49.417 INF Request delivered (in order). clSeqNr=140
09:52:49.417 INF Request delivered (in order). clSeqNr=141
09:52:49.417 INF Request delivered (in order). clSeqNr=142
09:52:49.417 INF Request delivered (in order). clSeqNr=143
09:52:49.417 INF Request delivered (in order). clSeqNr=144
09:52:49.417 INF Request delivered (in order). clSeqNr=145
09:52:49.417 INF Request delivered (in order). clSeqNr=146
09:52:49.417 INF Request delivered (in order). clSeqNr=147
09:52:49.417 INF Request delivered (in order). clSeqNr=148
09:52:49.417 INF Request delivered (in order). clSeqNr=149
09:52:49.417 INF Request delivered (in order). clSeqNr=150
09:52:49.417 INF Request delivered (in order). clSeqNr=151
09:52:49.417 INF Request delivered (in order). clSeqNr=152
09:52:49.417 INF Request delivered (in order). clSeqNr=153
09:52:49.417 INF Request delivered (in order). clSeqNr=154
09:52:49.417 INF Request delivered (in order). clSeqNr=155
09:52:49.417 INF Request delivered (in order). clSeqNr=156
09:52:49.417 INF Request delivered (in order). clSeqNr=157
09:52:49.417 INF Request delivered (in order). clSeqNr=158
09:52:49.417 INF Request delivered (in order). clSeqNr=159
09:52:49.417 INF Request delivered (in order). clSeqNr=160
09:52:49.417 INF Request delivered (in order). clSeqNr=161
09:52:49.417 INF Request delivered (in order). clSeqNr=162
09:52:49.417 INF Request delivered (in order). clSeqNr=163
09:52:49.417 INF Request delivered (in order). clSeqNr=164
09:52:49.417 INF Request delivered (in order). clSeqNr=165
09:52:49.417 INF Request delivered (in order). clSeqNr=166
09:52:49.417 INF Request delivered (in order). clSeqNr=167
09:52:49.417 INF Request delivered (in order). clSeqNr=168
09:52:49.417 INF Request delivered (in order). clSeqNr=169
09:52:49.417 INF Request delivered (in order). clSeqNr=170
09:52:49.417 INF Request delivered (in order). clSeqNr=171
09:52:49.417 INF Request delivered (in order). clSeqNr=172
09:52:49.417 INF Request delivered (in order). clSeqNr=173
09:52:49.417 INF Request delivered (in order). clSeqNr=174
09:52:49.417 INF Request delivered (in order). clSeqNr=175
09:52:49.417 INF Request delivered (in order). clSeqNr=176
09:52:49.417 INF Request delivered (in order). clSeqNr=177
09:52:49.417 INF Request delivered (in order). clSeqNr=178
09:52:49.417 INF Request delivered (in order). clSeqNr=179
09:52:49.418 INF Request delivered (in order). clSeqNr=180
09:52:49.418 INF Request delivered (in order). clSeqNr=181
09:52:49.418 INF Request delivered (in order). clSeqNr=182
09:52:49.418 INF Request delivered (in order). clSeqNr=183
09:52:49.418 INF Request delivered (in order). clSeqNr=184
09:52:49.418 INF Request delivered (in order). clSeqNr=185
09:52:49.418 INF Request delivered (in order). clSeqNr=186
09:52:49.418 INF Request delivered (in order). clSeqNr=187
09:52:49.418 INF Request delivered (in order). clSeqNr=188
09:52:49.418 INF Request delivered (in order). clSeqNr=189
09:52:49.418 INF Request delivered (in order). clSeqNr=190
09:52:49.418 INF Request delivered (in order). clSeqNr=191
09:52:49.418 INF Request delivered (in order). clSeqNr=192
09:52:49.418 INF Request delivered (in order). clSeqNr=193
09:52:49.418 INF Request delivered (in order). clSeqNr=194
09:52:49.418 INF Request delivered (in order). clSeqNr=195
09:52:49.418 INF Request delivered (in order). clSeqNr=196
09:52:49.418 INF Request delivered (in order). clSeqNr=197
09:52:49.418 INF Request delivered (in order). clSeqNr=198
09:52:49.418 INF Request delivered (in order). clSeqNr=199
09:52:49.418 INF Request delivered (in order). clSeqNr=200
09:52:49.418 INF Request delivered (in order). clSeqNr=201
09:52:49.418 INF Request delivered (in order). clSeqNr=202
09:52:49.418 INF Request delivered (in order). clSeqNr=203
09:52:49.418 INF Request delivered (in order). clSeqNr=204
09:52:49.418 INF Request delivered (in order). clSeqNr=205
09:52:49.418 INF Request delivered (in order). clSeqNr=206
09:52:49.418 INF Request delivered (in order). clSeqNr=207
09:52:49.418 INF Request delivered (in order). clSeqNr=208
09:52:49.418 INF Request delivered (in order). clSeqNr=209
09:52:49.418 INF Request delivered (in order). clSeqNr=210
09:52:49.418 INF Request delivered (in order). clSeqNr=211
09:52:49.418 INF Request delivered (in order). clSeqNr=212
09:52:49.418 INF Request delivered (in order). clSeqNr=213
09:52:49.418 INF Request delivered (in order). clSeqNr=214
09:52:49.418 INF Request delivered (in order). clSeqNr=215
09:52:49.418 INF Request delivered (in order). clSeqNr=216
09:52:49.418 INF Request delivered (in order). clSeqNr=217
09:52:49.418 INF Request delivered (in order). clSeqNr=218
09:52:49.418 INF Request delivered (in order). clSeqNr=219
09:52:49.418 INF Request delivered (in order). clSeqNr=220
09:52:49.418 INF Request delivered (in order). clSeqNr=221
09:52:49.418 INF Request delivered (in order). clSeqNr=222
09:52:49.418 INF Request delivered (in order). clSeqNr=223
09:52:49.418 INF Request delivered (in order). clSeqNr=224
09:52:49.418 INF Request delivered (in order). clSeqNr=225
09:52:49.418 INF Request delivered (in order). clSeqNr=226
09:52:49.418 INF Request delivered (in order). clSeqNr=227
09:52:49.418 INF Request delivered (in order). clSeqNr=228
09:52:49.418 INF Request delivered (in order). clSeqNr=229
09:52:49.418 INF Request delivered (in order). clSeqNr=230
09:52:49.418 INF Request delivered (in order). clSeqNr=231
09:52:49.418 INF Request delivered (in order). clSeqNr=232
09:52:49.418 INF Request delivered (in order). clSeqNr=233
09:52:49.418 INF Request delivered (in order). clSeqNr=234
09:52:49.418 INF Request delivered (in order). clSeqNr=235
09:52:49.418 INF Request delivered (in order). clSeqNr=236
09:52:49.418 INF Request delivered (in order). clSeqNr=237
09:52:49.418 INF Request delivered (in order). clSeqNr=238
09:52:49.418 INF Request delivered (in order). clSeqNr=239
09:52:49.418 INF Request delivered (in order). clSeqNr=240
09:52:49.418 INF Request delivered (in order). clSeqNr=241
09:52:49.418 INF Request delivered (in order). clSeqNr=242
09:52:49.418 INF Request delivered (in order). clSeqNr=243
09:52:49.419 INF Request delivered (in order). clSeqNr=244
09:52:49.419 INF Request delivered (in order). clSeqNr=245
09:52:49.419 INF Request delivered (in order). clSeqNr=246
09:52:49.419 INF Request delivered (in order). clSeqNr=247
09:52:49.419 INF Request delivered (in order). clSeqNr=248
09:52:49.419 INF Request delivered (in order). clSeqNr=249
09:52:49.419 INF Request delivered (in order). clSeqNr=250
09:52:49.419 INF Request delivered (in order). clSeqNr=251
09:52:49.419 INF Request delivered (in order). clSeqNr=252
09:52:49.419 INF Request delivered (in order). clSeqNr=253
09:52:49.419 INF Request delivered (in order). clSeqNr=254
09:52:49.419 INF Request delivered (in order). clSeqNr=255
09:52:57.193 INF Request finished (out of order). clSeqNr=272
09:52:57.194 INF Request finished (out of order). clSeqNr=288
09:52:57.195 INF Request finished (out of order). clSeqNr=304
09:52:57.196 INF Request finished (out of order). clSeqNr=320
09:52:57.197 INF Request finished (out of order). clSeqNr=336
09:52:57.197 INF Request finished (out of order). clSeqNr=352
09:52:57.198 INF Request finished (out of order). clSeqNr=368
09:52:57.198 INF Request finished (out of order). clSeqNr=384
09:52:57.199 INF Request finished (out of order). clSeqNr=400
09:52:57.200 INF Request finished (out of order). clSeqNr=416
09:52:57.294 INF Request finished (out of order). clSeqNr=432
09:52:57.294 INF Request finished (out of order). clSeqNr=448
09:52:57.294 INF Request finished (out of order). clSeqNr=464
09:52:57.294 INF Request finished (out of order). clSeqNr=480
09:52:57.294 INF Request finished (out of order). clSeqNr=496
09:52:57.294 INF Request finished (out of order). clSeqNr=256
09:52:57.294 INF Request delivered (in order). clSeqNr=256
09:52:57.294 INF Request delivered (in order). clSeqNr=257
09:52:57.294 INF Request delivered (in order). clSeqNr=258
09:52:57.294 INF Request delivered (in order). clSeqNr=259
09:52:57.294 INF Request delivered (in order). clSeqNr=260
09:52:57.294 INF Request delivered (in order). clSeqNr=261
09:52:57.294 INF Request delivered (in order). clSeqNr=262
09:52:57.294 INF Request delivered (in order). clSeqNr=263
09:52:57.294 INF Request delivered (in order). clSeqNr=264
09:52:57.294 INF Request delivered (in order). clSeqNr=265
09:52:57.294 INF Request delivered (in order). clSeqNr=266
09:52:57.294 INF Request delivered (in order). clSeqNr=267
09:52:57.294 INF Request delivered (in order). clSeqNr=268
09:52:57.294 INF Request delivered (in order). clSeqNr=269
09:52:57.294 INF Request delivered (in order). clSeqNr=270
09:52:57.294 INF Request delivered (in order). clSeqNr=271
09:52:57.294 INF Request delivered (in order). clSeqNr=272
09:52:57.294 INF Request delivered (in order). clSeqNr=273
09:52:57.294 INF Request delivered (in order). clSeqNr=274
09:52:57.294 INF Request delivered (in order). clSeqNr=275
09:52:57.294 INF Request delivered (in order). clSeqNr=276
09:52:57.294 INF Request delivered (in order). clSeqNr=277
09:52:57.294 INF Request delivered (in order). clSeqNr=278
09:52:57.294 INF Request delivered (in order). clSeqNr=279
09:52:57.294 INF Request delivered (in order). clSeqNr=280
09:52:57.294 INF Request delivered (in order). clSeqNr=281
09:52:57.294 INF Request delivered (in order). clSeqNr=282
09:52:57.294 INF Request delivered (in order). clSeqNr=283
09:52:57.294 INF Request delivered (in order). clSeqNr=284
09:52:57.294 INF Request delivered (in order). clSeqNr=285
09:52:57.294 INF Request delivered (in order). clSeqNr=286
09:52:57.294 INF Request delivered (in order). clSeqNr=287
09:52:57.294 INF Request delivered (in order). clSeqNr=288
09:52:57.294 INF Request delivered (in order). clSeqNr=289
09:52:57.294 INF Request delivered (in order). clSeqNr=290
09:52:57.294 INF Request delivered (in order). clSeqNr=291
09:52:57.294 INF Request delivered (in order). clSeqNr=292
09:52:57.294 INF Request delivered (in order). clSeqNr=293
09:52:57.294 INF Request delivered (in order). clSeqNr=294
09:52:57.294 INF Request delivered (in order). clSeqNr=295
09:52:57.294 INF Request delivered (in order). clSeqNr=296
09:52:57.294 INF Request delivered (in order). clSeqNr=297
09:52:57.294 INF Request delivered (in order). clSeqNr=298
09:52:57.294 INF Request delivered (in order). clSeqNr=299
09:52:57.294 INF Request delivered (in order). clSeqNr=300
09:52:57.294 INF Request delivered (in order). clSeqNr=301
09:52:57.294 INF Request delivered (in order). clSeqNr=302
09:52:57.294 INF Request delivered (in order). clSeqNr=303
09:52:57.294 INF Request delivered (in order). clSeqNr=304
09:52:57.294 INF Request delivered (in order). clSeqNr=305
09:52:57.294 INF Request delivered (in order). clSeqNr=306
09:52:57.294 INF Request delivered (in order). clSeqNr=307
09:52:57.294 INF Request delivered (in order). clSeqNr=308
09:52:57.294 INF Request delivered (in order). clSeqNr=309
09:52:57.294 INF Request delivered (in order). clSeqNr=310
09:52:57.294 INF Request delivered (in order). clSeqNr=311
09:52:57.294 INF Request delivered (in order). clSeqNr=312
09:52:57.294 INF Request delivered (in order). clSeqNr=313
09:52:57.294 INF Request delivered (in order). clSeqNr=314
09:52:57.294 INF Request delivered (in order). clSeqNr=315
09:52:57.294 INF Request delivered (in order). clSeqNr=316
09:52:57.295 INF Request delivered (in order). clSeqNr=317
09:52:57.295 INF Request delivered (in order). clSeqNr=318
09:52:57.295 INF Request delivered (in order). clSeqNr=319
09:52:57.295 INF Request delivered (in order). clSeqNr=320
09:52:57.295 INF Request delivered (in order). clSeqNr=321
09:52:57.295 INF Request delivered (in order). clSeqNr=322
09:52:57.295 INF Request delivered (in order). clSeqNr=323
09:52:57.295 INF Request delivered (in order). clSeqNr=324
09:52:57.295 INF Request delivered (in order). clSeqNr=325
09:52:57.295 INF Request delivered (in order). clSeqNr=326
09:52:57.295 INF Request delivered (in order). clSeqNr=327
09:52:57.295 INF Request delivered (in order). clSeqNr=328
09:52:57.295 INF Request delivered (in order). clSeqNr=329
09:52:57.295 INF Request delivered (in order). clSeqNr=330
09:52:57.295 INF Request delivered (in order). clSeqNr=331
09:52:57.295 INF Request delivered (in order). clSeqNr=332
09:52:57.295 INF Request delivered (in order). clSeqNr=333
09:52:57.295 INF Request delivered (in order). clSeqNr=334
09:52:57.295 INF Request delivered (in order). clSeqNr=335
09:52:57.295 INF Request delivered (in order). clSeqNr=336
09:52:57.295 INF Request delivered (in order). clSeqNr=337
09:52:57.295 INF Request delivered (in order). clSeqNr=338
09:52:57.295 INF Request delivered (in order). clSeqNr=339
09:52:57.295 INF Request delivered (in order). clSeqNr=340
09:52:57.295 INF Request delivered (in order). clSeqNr=341
09:52:57.295 INF Request delivered (in order). clSeqNr=342
09:52:57.295 INF Request delivered (in order). clSeqNr=343
09:52:57.295 INF Request delivered (in order). clSeqNr=344
09:52:57.295 INF Request delivered (in order). clSeqNr=345
09:52:57.295 INF Request delivered (in order). clSeqNr=346
09:52:57.295 INF Request delivered (in order). clSeqNr=347
09:52:57.295 INF Request delivered (in order). clSeqNr=348
09:52:57.295 INF Request delivered (in order). clSeqNr=349
09:52:57.295 INF Request delivered (in order). clSeqNr=350
09:52:57.295 INF Request delivered (in order). clSeqNr=351
09:52:57.295 INF Request delivered (in order). clSeqNr=352
09:52:57.295 INF Request delivered (in order). clSeqNr=353
09:52:57.295 INF Request delivered (in order). clSeqNr=354
09:52:57.295 INF Request delivered (in order). clSeqNr=355
09:52:57.295 INF Request delivered (in order). clSeqNr=356
09:52:57.295 INF Request delivered (in order). clSeqNr=357
09:52:57.295 INF Request delivered (in order). clSeqNr=358
09:52:57.295 INF Request delivered (in order). clSeqNr=359
09:52:57.295 INF Request delivered (in order). clSeqNr=360
09:52:57.295 INF Request delivered (in order). clSeqNr=361
09:52:57.295 INF Request delivered (in order). clSeqNr=362
09:52:57.295 INF Request delivered (in order). clSeqNr=363
09:52:57.295 INF Request delivered (in order). clSeqNr=364
09:52:57.295 INF Request delivered (in order). clSeqNr=365
09:52:57.295 INF Request delivered (in order). clSeqNr=366
09:52:57.295 INF Request delivered (in order). clSeqNr=367
09:52:57.295 INF Request delivered (in order). clSeqNr=368
09:52:57.295 INF Request delivered (in order). clSeqNr=369
09:52:57.295 INF Request delivered (in order). clSeqNr=370
09:52:57.295 INF Request delivered (in order). clSeqNr=371
09:52:57.295 INF Request delivered (in order). clSeqNr=372
09:52:57.295 INF Request delivered (in order). clSeqNr=373
09:52:57.295 INF Request delivered (in order). clSeqNr=374
09:52:57.295 INF Request delivered (in order). clSeqNr=375
09:52:57.295 INF Request delivered (in order). clSeqNr=376
09:52:57.295 INF Request delivered (in order). clSeqNr=377
09:52:57.295 INF Request delivered (in order). clSeqNr=378
09:52:57.295 INF Request delivered (in order). clSeqNr=379
09:52:57.295 INF Request delivered (in order). clSeqNr=380
09:52:57.295 INF Request delivered (in order). clSeqNr=381
09:52:57.295 INF Request delivered (in order). clSeqNr=382
09:52:57.295 INF Request delivered (in order). clSeqNr=383
09:52:57.295 INF Request delivered (in order). clSeqNr=384
09:52:57.295 INF Request delivered (in order). clSeqNr=385
09:52:57.295 INF Request delivered (in order). clSeqNr=386
09:52:57.295 INF Request delivered (in order). clSeqNr=387
09:52:57.295 INF Request delivered (in order). clSeqNr=388
09:52:57.295 INF Request delivered (in order). clSeqNr=389
09:52:57.295 INF Request delivered (in order). clSeqNr=390
09:52:57.295 INF Request delivered (in order). clSeqNr=391
09:52:57.295 INF Request delivered (in order). clSeqNr=392
09:52:57.295 INF Request delivered (in order). clSeqNr=393
09:52:57.295 INF Request delivered (in order). clSeqNr=394
09:52:57.295 INF Request delivered (in order). clSeqNr=395
09:52:57.295 INF Request delivered (in order). clSeqNr=396
09:52:57.295 INF Request delivered (in order). clSeqNr=397
09:52:57.295 INF Request delivered (in order). clSeqNr=398
09:52:57.295 INF Request delivered (in order). clSeqNr=399
09:52:57.295 INF Request delivered (in order). clSeqNr=400
09:52:57.295 INF Request delivered (in order). clSeqNr=401
09:52:57.295 INF Request delivered (in order). clSeqNr=402
09:52:57.295 INF Request delivered (in order). clSeqNr=403
09:52:57.295 INF Request delivered (in order). clSeqNr=404
09:52:57.295 INF Request delivered (in order). clSeqNr=405
09:52:57.295 INF Request delivered (in order). clSeqNr=406
09:52:57.295 INF Request delivered (in order). clSeqNr=407
09:52:57.295 INF Request delivered (in order). clSeqNr=408
09:52:57.295 INF Request delivered (in order). clSeqNr=409
09:52:57.295 INF Request delivered (in order). clSeqNr=410
09:52:57.295 INF Request delivered (in order). clSeqNr=411
09:52:57.295 INF Request delivered (in order). clSeqNr=412
09:52:57.295 INF Request delivered (in order). clSeqNr=413
09:52:57.295 INF Request delivered (in order). clSeqNr=414
09:52:57.295 INF Request delivered (in order). clSeqNr=415
09:52:57.295 INF Request delivered (in order). clSeqNr=416
09:52:57.295 INF Request delivered (in order). clSeqNr=417
09:52:57.295 INF Request delivered (in order). clSeqNr=418
09:52:57.295 INF Request delivered (in order). clSeqNr=419
09:52:57.295 INF Request delivered (in order). clSeqNr=420
09:52:57.296 INF Request delivered (in order). clSeqNr=421
09:52:57.296 INF Request delivered (in order). clSeqNr=422
09:52:57.296 INF Request delivered (in order). clSeqNr=423
09:52:57.296 INF Request delivered (in order). clSeqNr=424
09:52:57.296 INF Request delivered (in order). clSeqNr=425
09:52:57.296 INF Request delivered (in order). clSeqNr=426
09:52:57.296 INF Request delivered (in order). clSeqNr=427
09:52:57.296 INF Request delivered (in order). clSeqNr=428
09:52:57.296 INF Request delivered (in order). clSeqNr=429
09:52:57.296 INF Request delivered (in order). clSeqNr=430
09:52:57.296 INF Request delivered (in order). clSeqNr=431
09:52:57.296 INF Request delivered (in order). clSeqNr=432
09:52:57.296 INF Request delivered (in order). clSeqNr=433
09:52:57.296 INF Request delivered (in order). clSeqNr=434
09:52:57.296 INF Request delivered (in order). clSeqNr=435
09:52:57.296 INF Request delivered (in order). clSeqNr=436
09:52:57.296 INF Request delivered (in order). clSeqNr=437
09:52:57.296 INF Request delivered (in order). clSeqNr=438
09:52:57.296 INF Request delivered (in order). clSeqNr=439
09:52:57.296 INF Request delivered (in order). clSeqNr=440
09:52:57.296 INF Request delivered (in order). clSeqNr=441
09:52:57.296 INF Request delivered (in order). clSeqNr=442
09:52:57.296 INF Request delivered (in order). clSeqNr=443
09:52:57.296 INF Request delivered (in order). clSeqNr=444
09:52:57.296 INF Request delivered (in order). clSeqNr=445
09:52:57.296 INF Request delivered (in order). clSeqNr=446
09:52:57.296 INF Request delivered (in order). clSeqNr=447
09:52:57.296 INF Request delivered (in order). clSeqNr=448
09:52:57.296 INF Request delivered (in order). clSeqNr=449
09:52:57.296 INF Request delivered (in order). clSeqNr=450
09:52:57.296 INF Request delivered (in order). clSeqNr=451
09:52:57.296 INF Request delivered (in order). clSeqNr=452
09:52:57.296 INF Request delivered (in order). clSeqNr=453
09:52:57.296 INF Request delivered (in order). clSeqNr=454
09:52:57.296 INF Request delivered (in order). clSeqNr=455
09:52:57.296 INF Request delivered (in order). clSeqNr=456
09:52:57.296 INF Request delivered (in order). clSeqNr=457
09:52:57.296 INF Request delivered (in order). clSeqNr=458
09:52:57.296 INF Request delivered (in order). clSeqNr=459
09:52:57.296 INF Request delivered (in order). clSeqNr=460
09:52:57.296 INF Request delivered (in order). clSeqNr=461
09:52:57.296 INF Request delivered (in order). clSeqNr=462
09:52:57.296 INF Request delivered (in order). clSeqNr=463
09:52:57.296 INF Request delivered (in order). clSeqNr=464
09:52:57.296 INF Request delivered (in order). clSeqNr=465
09:52:57.296 INF Request delivered (in order). clSeqNr=466
09:52:57.296 INF Request delivered (in order). clSeqNr=467
09:52:57.296 INF Request delivered (in order). clSeqNr=468
09:52:57.296 INF Request delivered (in order). clSeqNr=469
09:52:57.296 INF Request delivered (in order). clSeqNr=470
09:52:57.296 INF Request delivered (in order). clSeqNr=471
09:52:57.296 INF Request delivered (in order). clSeqNr=472
09:52:57.296 INF Request delivered (in order). clSeqNr=473
09:52:57.296 INF Request delivered (in order). clSeqNr=474
09:52:57.296 INF Request delivered (in order). clSeqNr=475
09:52:57.296 INF Request delivered (in order). clSeqNr=476
09:52:57.296 INF Request delivered (in order). clSeqNr=477
09:52:57.296 INF Request delivered (in order). clSeqNr=478
09:52:57.296 INF Request delivered (in order). clSeqNr=479
09:52:57.296 INF Request delivered (in order). clSeqNr=480
09:52:57.296 INF Request delivered (in order). clSeqNr=481
09:52:57.296 INF Request delivered (in order). clSeqNr=482
09:52:57.296 INF Request delivered (in order). clSeqNr=483
09:52:57.296 INF Request delivered (in order). clSeqNr=484
09:52:57.296 INF Request delivered (in order). clSeqNr=485
09:52:57.296 INF Request delivered (in order). clSeqNr=486
09:52:57.296 INF Request delivered (in order). clSeqNr=487
09:52:57.296 INF Request delivered (in order). clSeqNr=488
09:52:57.296 INF Request delivered (in order). clSeqNr=489
09:52:57.296 INF Request delivered (in order). clSeqNr=490
09:52:57.296 INF Request delivered (in order). clSeqNr=491
09:52:57.296 INF Request delivered (in order). clSeqNr=492
09:52:57.296 INF Request delivered (in order). clSeqNr=493
09:52:57.296 INF Request delivered (in order). clSeqNr=494
09:52:57.297 INF Request delivered (in order). clSeqNr=495
09:52:57.297 INF Request delivered (in order). clSeqNr=496
09:52:57.297 INF Request delivered (in order). clSeqNr=497
09:52:57.297 INF Request delivered (in order). clSeqNr=498
09:52:57.297 INF Request delivered (in order). clSeqNr=499
09:52:57.297 INF Request delivered (in order). clSeqNr=500
09:52:57.297 INF Request delivered (in order). clSeqNr=501
09:52:57.297 INF Request delivered (in order). clSeqNr=502
09:52:57.297 INF Request delivered (in order). clSeqNr=503
09:52:57.297 INF Request delivered (in order). clSeqNr=504
09:52:57.297 INF Request delivered (in order). clSeqNr=505
09:52:57.297 INF Request delivered (in order). clSeqNr=506
09:52:57.297 INF Request delivered (in order). clSeqNr=507
09:52:57.297 INF Request delivered (in order). clSeqNr=508
09:52:57.297 INF Request delivered (in order). clSeqNr=509
09:52:57.297 INF Request delivered (in order). clSeqNr=510
09:52:57.297 INF Request delivered (in order). clSeqNr=511
09:53:07.195 INF Request finished (out of order). clSeqNr=528
09:53:07.195 INF Request finished (out of order). clSeqNr=544
09:53:07.196 INF Request finished (out of order). clSeqNr=560
09:53:07.196 INF Request finished (out of order). clSeqNr=576
09:53:07.198 INF Request finished (out of order). clSeqNr=512
09:53:07.198 INF Request delivered (in order). clSeqNr=512
09:53:07.198 INF Request delivered (in order). clSeqNr=513
09:53:07.198 INF Request delivered (in order). clSeqNr=514
09:53:07.198 INF Request delivered (in order). clSeqNr=515
09:53:07.198 INF Request delivered (in order). clSeqNr=516
09:53:07.198 INF Request delivered (in order). clSeqNr=517
09:53:07.198 INF Request delivered (in order). clSeqNr=518
09:53:07.198 INF Request delivered (in order). clSeqNr=519
09:53:07.198 INF Request delivered (in order). clSeqNr=520
09:53:07.198 INF Request delivered (in order). clSeqNr=521
09:53:07.198 INF Request delivered (in order). clSeqNr=522
09:53:07.198 INF Request delivered (in order). clSeqNr=523
09:53:07.198 INF Request delivered (in order). clSeqNr=524
09:53:07.198 INF Request delivered (in order). clSeqNr=525
09:53:07.198 INF Request delivered (in order). clSeqNr=526
09:53:07.198 INF Request delivered (in order). clSeqNr=527
09:53:07.198 INF Request delivered (in order). clSeqNr=528
09:53:07.198 INF Request delivered (in order). clSeqNr=529
09:53:07.198 INF Request delivered (in order). clSeqNr=530
09:53:07.198 INF Request delivered (in order). clSeqNr=531
09:53:07.198 INF Request delivered (in order). clSeqNr=532
09:53:07.198 INF Request delivered (in order). clSeqNr=533
09:53:07.198 INF Request delivered (in order). clSeqNr=534
09:53:07.198 INF Request delivered (in order). clSeqNr=535
09:53:07.198 INF Request delivered (in order). clSeqNr=536
09:53:07.198 INF Request delivered (in order). clSeqNr=537
09:53:07.198 INF Request delivered (in order). clSeqNr=538
09:53:07.198 INF Request delivered (in order). clSeqNr=539
09:53:07.198 INF Request delivered (in order). clSeqNr=540
09:53:07.198 INF Request delivered (in order). clSeqNr=541
09:53:07.198 INF Request delivered (in order). clSeqNr=542
09:53:07.198 INF Request delivered (in order). clSeqNr=543
09:53:07.198 INF Request delivered (in order). clSeqNr=544
09:53:07.198 INF Request delivered (in order). clSeqNr=545
09:53:07.198 INF Request delivered (in order). clSeqNr=546
09:53:07.198 INF Request delivered (in order). clSeqNr=547
09:53:07.198 INF Request delivered (in order). clSeqNr=548
09:53:07.198 INF Request delivered (in order). clSeqNr=549
09:53:07.198 INF Request delivered (in order). clSeqNr=550
09:53:07.198 INF Request delivered (in order). clSeqNr=551
09:53:07.198 INF Request delivered (in order). clSeqNr=552
09:53:07.198 INF Request delivered (in order). clSeqNr=553
09:53:07.198 INF Request delivered (in order). clSeqNr=554
09:53:07.199 INF Request delivered (in order). clSeqNr=555
09:53:07.199 INF Request delivered (in order). clSeqNr=556
09:53:07.199 INF Request delivered (in order). clSeqNr=557
09:53:07.199 INF Request delivered (in order). clSeqNr=558
09:53:07.199 INF Request delivered (in order). clSeqNr=559
09:53:07.199 INF Request delivered (in order). clSeqNr=560
09:53:07.199 INF Request delivered (in order). clSeqNr=561
09:53:07.199 INF Request delivered (in order). clSeqNr=562
09:53:07.199 INF Request delivered (in order). clSeqNr=563
09:53:07.199 INF Request delivered (in order). clSeqNr=564
09:53:07.199 INF Request delivered (in order). clSeqNr=565
09:53:07.199 INF Request delivered (in order). clSeqNr=566
09:53:07.199 INF Request delivered (in order). clSeqNr=567
09:53:07.199 INF Request delivered (in order). clSeqNr=568
09:53:07.199 INF Request delivered (in order). clSeqNr=569
09:53:07.199 INF Request delivered (in order). clSeqNr=570
09:53:07.199 INF Request delivered (in order). clSeqNr=571
09:53:07.199 INF Request delivered (in order). clSeqNr=572
09:53:07.199 INF Request delivered (in order). clSeqNr=573
09:53:07.199 INF Request delivered (in order). clSeqNr=574
09:53:07.199 INF Request delivered (in order). clSeqNr=575
09:53:07.199 INF Request delivered (in order). clSeqNr=576
09:53:07.199 INF Request delivered (in order). clSeqNr=577
09:53:07.199 INF Request delivered (in order). clSeqNr=578
09:53:07.199 INF Request delivered (in order). clSeqNr=579
09:53:07.199 INF Request delivered (in order). clSeqNr=580
09:53:07.199 INF Request delivered (in order). clSeqNr=581
09:53:07.199 INF Request delivered (in order). clSeqNr=582
09:53:07.199 INF Request delivered (in order). clSeqNr=583
09:53:07.199 INF Request delivered (in order). clSeqNr=584
09:53:07.199 INF Request delivered (in order). clSeqNr=585
09:53:07.810 INF Response handler done. error="rpc error: code = Canceled desc = grpc: the client connection is closing" peerId=12
09:53:07.810 INF Response handler done. error="rpc error: code = Canceled desc = grpc: the client connection is closing" peerId=8
09:53:07.810 INF Response handler done. error="rpc error: code = Canceled desc = grpc: the client connection is closing" peerId=13
09:53:07.810 INF Response handler done. error="rpc error: code = Canceled desc = grpc: the client connection is closing" peerId=6
09:53:07.810 INF Response handler done. error="rpc error: code = Canceled desc = grpc: the client connection is closing" peerId=10
09:53:07.810 INF Response handler done. error="rpc error: code = Unavailable desc = error reading from server: read tcp 10.4.1.14:43620->13.39.155.235:10055: use of closed network connection" peerId=5
09:53:07.810 INF Response handler done. error="rpc error: code = Canceled desc = grpc: the client connection is closing" peerId=4
09:53:07.810 INF Response handler done. error="rpc error: code = Canceled desc = grpc: the client connection is closing" peerId=7
09:53:07.810 INF Response handler done. error="rpc error: code = Unavailable desc = error reading from server: read tcp 10.4.1.14:56608->18.119.161.106:10022: use of closed network connection" peerId=2
09:53:07.810 INF Response handler done. error="rpc error: code = Canceled desc = grpc: the client connection is closing" peerId=9
09:53:07.810 INF Response handler done. error="rpc error: code = Unavailable desc = error reading from server: read tcp 10.4.1.14:34490->18.222.154.126:10000: use of closed network connection" peerId=0
09:53:07.810 INF Response handler done. error="rpc error: code = Canceled desc = grpc: the client connection is closing" peerId=14
09:53:07.810 INF Response handler done. error="rpc error: code = Canceled desc = grpc: the client connection is closing" peerId=11
09:53:07.810 INF Response handler done. error="rpc error: code = Canceled desc = grpc: the client connection is closing" peerId=3
09:53:07.811 INF Response handler done. error="rpc error: code = Unavailable desc = error reading from server: read tcp 10.4.1.14:37110->3.17.174.201:10011: use of closed network connection" peerId=1
09:53:07.811 INF Response handler done. error="rpc error: code = Canceled desc = grpc: the client connection is closing" peerId=15
