{"level":"debug","Logging":"info","time":"2023-03-30T03:43:08Z","message":"Config"}
{"level":"debug","UseTLS":false,"time":"2023-03-30T03:43:08Z","message":"Config"}
{"level":"debug","CACertFile":"tls-data/ca.pem","time":"2023-03-30T03:43:08Z","message":"Config"}
{"level":"debug","KeyFile":"tls-data/auth.key","time":"2023-03-30T03:43:08Z","message":"Config"}
{"level":"debug","CertFile":"tls-data/auth.pem","time":"2023-03-30T03:43:08Z","message":"Config"}
{"level":"debug","PriorityConnections":2,"time":"2023-03-30T03:43:08Z","message":"Config"}
{"level":"debug","BasicConnections":1,"time":"2023-03-30T03:43:08Z","message":"Config"}
{"level":"debug","TestConnections":false,"time":"2023-03-30T03:43:08Z","message":"Config"}
{"level":"debug","ExcessConnections":1,"time":"2023-03-30T03:43:08Z","message":"Config"}
{"level":"debug","ConnectionTestMsgs":4,"time":"2023-03-30T03:43:08Z","message":"Config"}
{"level":"debug","ConnectionTestPayload":131072,"time":"2023-03-30T03:43:08Z","message":"Config"}
{"level":"debug","OutMessageBufsize":1024,"time":"2023-03-30T03:43:08Z","message":"Config"}
{"level":"debug","OutMessageBufsize":4,"time":"2023-03-30T03:43:08Z","message":"Config"}
{"level":"debug","ThroughputCap":131072000,"time":"2023-03-30T03:43:08Z","message":"Config"}
{"level":"debug","StragglerTolerance":1000,"time":"2023-03-30T03:43:08Z","message":"Config"}
{"level":"debug","BatchSizeIncrement":256,"time":"2023-03-30T03:43:08Z","message":"Config"}
{"level":"debug","Orderer":"Pbft","time":"2023-03-30T03:43:08Z","message":"Config"}
{"level":"debug","Manager":"Mir","time":"2023-03-30T03:43:08Z","message":"Config"}
{"level":"debug","Failures":0,"time":"2023-03-30T03:43:08Z","message":"Config"}
{"level":"debug","StragglerCnt":5,"time":"2023-03-30T03:43:08Z","message":"Config"}
{"level":"debug","PrivKeyCnt":10,"time":"2023-03-30T03:43:08Z","message":"Config"}
{"level":"debug","UseSig":false,"time":"2023-03-30T03:43:08Z","message":"Config"}
{"level":"debug","CrashTiming":"Straggler","time":"2023-03-30T03:43:08Z","message":"Config"}
{"level":"debug","CheckpointInterval":512,"time":"2023-03-30T03:43:08Z","message":"Config"}
{"level":"debug","WatermarkWindowSize":512,"time":"2023-03-30T03:43:08Z","message":"Config"}
{"level":"debug","EpochLength":512,"time":"2023-03-30T03:43:08Z","message":"Config"}
{"level":"debug","SegmentLength":32,"time":"2023-03-30T03:43:08Z","message":"Config"}
{"level":"debug","WaitForCheckpoints":true,"time":"2023-03-30T03:43:08Z","message":"Config"}
{"level":"debug","ClientWatermarkWindowSize":16384,"time":"2023-03-30T03:43:08Z","message":"Config"}
{"level":"debug","ClientRequestBacklogSize":16384,"time":"2023-03-30T03:43:08Z","message":"Config"}
{"level":"debug","RandomSeed":17425,"time":"2023-03-30T03:43:08Z","message":"Config"}
{"level":"debug","NodeToLeaderRatio":1,"time":"2023-03-30T03:43:08Z","message":"Config"}
{"level":"debug","LeaderPolicy":"Simple","time":"2023-03-30T03:43:08Z","message":"Config"}
{"level":"debug","DefaultLeaderBan":2,"time":"2023-03-30T03:43:08Z","message":"Config"}
{"level":"debug","NumBuckets":256,"time":"2023-03-30T03:43:08Z","message":"Config"}
{"level":"debug","BatchSize":1000,"time":"2023-03-30T03:43:08Z","message":"Config"}
{"level":"debug","DisabledViewChange":false,"time":"2023-03-30T03:43:08Z","message":"Config"}
{"level":"debug","ViewChangeTimeout":60000,"time":"2023-03-30T03:43:08Z","message":"Config"}
{"level":"debug","ClientTraceSampling":10,"time":"2023-03-30T03:43:08Z","message":"Config"}
{"level":"debug","EventBufferSize":2097152,"time":"2023-03-30T03:43:08Z","message":"Config"}
{"level":"debug","TraceSampling":1,"time":"2023-03-30T03:43:08Z","message":"Config"}
{"level":"debug","ClientsPerProcess":8,"time":"2023-03-30T03:43:08Z","message":"Config"}
{"level":"debug","RequestsPerClient":4687,"time":"2023-03-30T03:43:08Z","message":"Config"}
{"level":"debug","ClientRunTime":15000,"time":"2023-03-30T03:43:08Z","message":"Config"}
{"level":"debug","RequestRate":156,"time":"2023-03-30T03:43:08Z","message":"Config"}
{"level":"debug","HardRequestRateLimit":false,"time":"2023-03-30T03:43:08Z","message":"Config"}
{"level":"debug","RequestPayloadSize":500,"time":"2023-03-30T03:43:08Z","message":"Config"}
{"level":"debug","SignRequests":true,"time":"2023-03-30T03:43:08Z","message":"Config"}
{"level":"debug","ClientPrivKeyFile":"tls-data/client-ecdsa-256.key","time":"2023-03-30T03:43:08Z","message":"Config"}
{"level":"debug","ClientPubKeyFile":"tls-data/client-ecdsa-256.pem","time":"2023-03-30T03:43:08Z","message":"Config"}
{"level":"debug","PrecomputeRequests":false,"time":"2023-03-30T03:43:08Z","message":"Config"}
{"level":"debug","RequestHandlerThreads":32,"time":"2023-03-30T03:43:08Z","message":"Config"}
{"level":"debug","RequestInputChannelBuffer":8192,"time":"2023-03-30T03:43:08Z","message":"Config"}
{"level":"debug","BatchVerifier":"external","time":"2023-03-30T03:43:08Z","message":"Config"}
03:43:08.327 INF Started Profiler: CPU
03:43:08.327 INF Started Profiler: BLOCK
03:43:08.328 INF Started Profiler: MUTEX
03:43:08.328 INF Starting clients. numClients=8 numRequests=4687
03:43:08.328 INF Initilizing clients.
03:43:08.334 INF Registared with discovery server. numOrderers=16 ownClientId=37
03:43:08.334 INF Registared with discovery server. numOrderers=16 ownClientId=22
03:43:08.335 INF Registared with discovery server. numOrderers=16 ownClientId=31
03:43:08.335 INF Registared with discovery server. numOrderers=16 ownClientId=42
03:43:08.335 INF Registared with discovery server. numOrderers=16 ownClientId=49
03:43:08.335 INF Registared with discovery server. numOrderers=16 ownClientId=43
03:43:08.336 INF Registared with discovery server. numOrderers=16 ownClientId=38
03:43:08.364 INF Registared with discovery server. numOrderers=16 ownClientId=62
03:43:08.364 INF Clients initialized.
03:43:08.364 INF Launching clients.
03:43:08.364 INF Waiting for clients.
03:44:01.370 INF Stopping Tracer. events=951 fileName=experiment-output/0000/slave-022/client-022.trc
zerolog: could not write event: write experiment-output/0000/slave-022/client-022.log: file already closed
zerolog: could not write event: write experiment-output/0000/slave-022/client-022.log: file already closed
zerolog: could not write event: write experiment-output/0000/slave-022/client-022.log: file already closed
zerolog: could not write event: write experiment-output/0000/slave-022/client-022.log: file already closed
03:44:01.372 INF Trace data written.
03:44:01.389 INF Stopping Tracer. events=1437 fileName=experiment-output/0000/slave-022/client-037.trc
zerolog: could not write event: write experiment-output/0000/slave-022/client-037.log: file already closed
zerolog: could not write event: write experiment-output/0000/slave-022/client-037.log: file already closed
zerolog: could not write event: write experiment-output/0000/slave-022/client-037.log: file already closed
zerolog: could not write event: write experiment-output/0000/slave-022/client-037.log: file already closed
03:44:01.390 INF Stopping Tracer. events=1326 fileName=experiment-output/0000/slave-022/client-049.trc
03:44:01.390 INF Stopping Tracer. events=1436 fileName=experiment-output/0000/slave-022/client-031.trc
03:44:01.390 INF Stopping Tracer. events=941 fileName=experiment-output/0000/slave-022/client-062.trc
zerolog: could not write event: write experiment-output/0000/slave-022/client-049.log: file already closed
zerolog: could not write event: write experiment-output/0000/slave-022/client-031.log: file already closed
zerolog: could not write event: write experiment-output/0000/slave-022/client-049.log: file already closed
zerolog: could not write event: write experiment-output/0000/slave-022/client-049.log: file already closed
zerolog: could not write event: write experiment-output/0000/slave-022/client-031.log: file already closed
zerolog: could not write event: write experiment-output/0000/slave-022/client-062.log: file already closed
zerolog: could not write event: write experiment-output/0000/slave-022/client-062.log: file already closed
zerolog: could not write event: write experiment-output/0000/slave-022/client-049.log: file already closed
zerolog: could not write event: write experiment-output/0000/slave-022/client-031.log: file already closed
zerolog: could not write event: write experiment-output/0000/slave-022/client-031.log: file already closed
zerolog: could not write event: write experiment-output/0000/slave-022/client-062.log: file already closed
zerolog: could not write event: write experiment-output/0000/slave-022/client-062.log: file already closed
03:44:01.392 INF Trace data written.
03:44:01.393 INF Trace data written.
03:44:01.393 INF Stopping Tracer. events=945 fileName=experiment-output/0000/slave-022/client-042.trc
zerolog: could not write event: write experiment-output/0000/slave-022/client-042.log: file already closed
zerolog: could not write event: write experiment-output/0000/slave-022/client-042.log: file already closed
zerolog: could not write event: write experiment-output/0000/slave-022/client-042.log: file already closed
03:44:01.393 INF Trace data written.
zerolog: could not write event: write experiment-output/0000/slave-022/client-042.log: file already closed
03:44:01.393 INF Trace data written.
03:44:01.395 INF Trace data written.
03:44:01.395 INF Stopping Tracer. events=941 fileName=experiment-output/0000/slave-022/client-038.trc
03:44:01.395 INF Stopping Tracer. events=1418 fileName=experiment-output/0000/slave-022/client-043.trc
zerolog: could not write event: write experiment-output/0000/slave-022/client-038.log: file already closed
zerolog: could not write event: write experiment-output/0000/slave-022/client-038.log: file already closed
zerolog: could not write event: write experiment-output/0000/slave-022/client-038.log: file already closed
zerolog: could not write event: write experiment-output/0000/slave-022/client-038.log: file already closed
zerolog: could not write event: write experiment-output/0000/slave-022/client-043.log: file already closed
zerolog: could not write event: write experiment-output/0000/slave-022/client-043.log: file already closed
zerolog: could not write event: write experiment-output/0000/slave-022/client-043.log: file already closed
zerolog: could not write event: write experiment-output/0000/slave-022/client-043.log: file already closed
03:44:01.397 INF Trace data written.
03:44:01.398 INF Trace data written.
03:44:01.398 INF Done.
03:44:01.398 INF Stopping profiler.
03:44:01.421 INF Profile data written. filename=experiment-output/0000/slave-022/prof-client.block name=block
03:44:01.428 INF Profile data written. filename=experiment-output/0000/slave-022/prof-client.mutex name=mutex
zerolog: could not write event: write experiment-output/0000/slave-022/client-022.log: file already closed
zerolog: could not write event: write experiment-output/0000/slave-022/client-022.log: file already closed
zerolog: could not write event: write experiment-output/0000/slave-022/client-022.log: file already closed
zerolog: could not write event: write experiment-output/0000/slave-022/client-022.log: file already closed
zerolog: could not write event: write experiment-output/0000/slave-022/client-037.log: file already closed
zerolog: could not write event: write experiment-output/0000/slave-022/client-037.log: file already closed
zerolog: could not write event: write experiment-output/0000/slave-022/client-037.log: file already closed
zerolog: could not write event: write experiment-output/0000/slave-022/client-037.log: file already closed
zerolog: could not write event: write experiment-output/0000/slave-022/client-049.log: file already closed
zerolog: could not write event: write experiment-output/0000/slave-022/client-049.log: file already closed
zerolog: could not write event: write experiment-output/0000/slave-022/client-049.log: file already closed
zerolog: could not write event: write experiment-output/0000/slave-022/client-049.log: file already closed
zerolog: could not write event: write experiment-output/0000/slave-022/client-062.log: file already closed
zerolog: could not write event: write experiment-output/0000/slave-022/client-031.log: file already closed
zerolog: could not write event: write experiment-output/0000/slave-022/client-062.log: file already closed
zerolog: could not write event: write experiment-output/0000/slave-022/client-031.log: file already closed
zerolog: could not write event: write experiment-output/0000/slave-022/client-031.log: file already closed
zerolog: could not write event: write experiment-output/0000/slave-022/client-031.log: file already closed
zerolog: could not write event: write experiment-output/0000/slave-022/client-062.log: file already closed
zerolog: could not write event: write experiment-output/0000/slave-022/client-062.log: file already closed
zerolog: could not write event: write experiment-output/0000/slave-022/client-042.log: file already closed
zerolog: could not write event: write experiment-output/0000/slave-022/client-042.log: file already closed
zerolog: could not write event: write experiment-output/0000/slave-022/client-042.log: file already closed
zerolog: could not write event: write experiment-output/0000/slave-022/client-042.log: file already closed
zerolog: could not write event: write experiment-output/0000/slave-022/client-038.log: file already closed
zerolog: could not write event: write experiment-output/0000/slave-022/client-043.log: file already closed
zerolog: could not write event: write experiment-output/0000/slave-022/client-038.log: file already closed
zerolog: could not write event: write experiment-output/0000/slave-022/client-043.log: file already closed
zerolog: could not write event: write experiment-output/0000/slave-022/client-038.log: file already closed
zerolog: could not write event: write experiment-output/0000/slave-022/client-038.log: file already closed
zerolog: could not write event: write experiment-output/0000/slave-022/client-043.log: file already closed
zerolog: could not write event: write experiment-output/0000/slave-022/client-043.log: file already closed
zerolog: could not write event: write experiment-output/0000/slave-022/client-022.log: file already closed
zerolog: could not write event: write experiment-output/0000/slave-022/client-022.log: file already closed
zerolog: could not write event: write experiment-output/0000/slave-022/client-022.log: file already closed
zerolog: could not write event: write experiment-output/0000/slave-022/client-022.log: file already closed
zerolog: could not write event: write experiment-output/0000/slave-022/client-037.log: file already closed
zerolog: could not write event: write experiment-output/0000/slave-022/client-037.log: file already closed
zerolog: could not write event: write experiment-output/0000/slave-022/client-037.log: file already closed
zerolog: could not write event: write experiment-output/0000/slave-022/client-062.log: file already closed
zerolog: could not write event: write experiment-output/0000/slave-022/client-062.log: file already closed
zerolog: could not write event: write experiment-output/0000/slave-022/client-062.log: file already closed
zerolog: could not write event: write experiment-output/0000/slave-022/client-031.log: file already closed
zerolog: could not write event: write experiment-output/0000/slave-022/client-037.log: file already closed
zerolog: could not write event: write experiment-output/0000/slave-022/client-031.log: file already closed
zerolog: could not write event: write experiment-output/0000/slave-022/client-031.log: file already closed
zerolog: could not write event: write experiment-output/0000/slave-022/client-049.log: file already closed
zerolog: could not write event: write experiment-output/0000/slave-022/client-062.log: file already closed
zerolog: could not write event: write experiment-output/0000/slave-022/client-049.log: file already closed
zerolog: could not write event: write experiment-output/0000/slave-022/client-049.log: file already closed
zerolog: could not write event: write experiment-output/0000/slave-022/client-042.log: file already closed
zerolog: could not write event: write experiment-output/0000/slave-022/client-049.log: file already closed
zerolog: could not write event: write experiment-output/0000/slave-022/client-042.log: file already closed
zerolog: could not write event: write experiment-output/0000/slave-022/client-031.log: file already closed
zerolog: could not write event: write experiment-output/0000/slave-022/client-042.log: file already closed
zerolog: could not write event: write experiment-output/0000/slave-022/client-038.log: file already closed
zerolog: could not write event: write experiment-output/0000/slave-022/client-043.log: file already closed
zerolog: could not write event: write experiment-output/0000/slave-022/client-042.log: file already closed
zerolog: could not write event: write experiment-output/0000/slave-022/client-038.log: file already closed
zerolog: could not write event: write experiment-output/0000/slave-022/client-043.log: file already closed
zerolog: could not write event: write experiment-output/0000/slave-022/client-038.log: file already closed
zerolog: could not write event: write experiment-output/0000/slave-022/client-043.log: file already closed
zerolog: could not write event: write experiment-output/0000/slave-022/client-043.log: file already closed
zerolog: could not write event: write experiment-output/0000/slave-022/client-038.log: file already closed
zerolog: could not write event: write experiment-output/0000/slave-022/client-022.log: file already closed
zerolog: could not write event: write experiment-output/0000/slave-022/client-022.log: file already closed
zerolog: could not write event: write experiment-output/0000/slave-022/client-022.log: file already closed
zerolog: could not write event: write experiment-output/0000/slave-022/client-022.log: file already closed
zerolog: could not write event: write experiment-output/0000/slave-022/client-037.log: file already closed
zerolog: could not write event: write experiment-output/0000/slave-022/client-037.log: file already closed
zerolog: could not write event: write experiment-output/0000/slave-022/client-037.log: file already closed
zerolog: could not write event: write experiment-output/0000/slave-022/client-037.log: file already closed
03:44:01.576 INF Profile data written. filename=experiment-output/0000/slave-022/prof-client.cpu name=cpu
