Start analyzing frontrunning
-------------Cerberus_0_straggler-------------
g is 5.0
-------------0000-------------
batch cnt is 304
The average Front-Running Window is 623.7802220394736ms.
With g = 5.0ms, the frontrunning block average number is 1.9906976744186047
------------------------------------
-------------0001-------------
batch cnt is 323
The average Front-Running Window is 522.2405185758514ms.
With g = 5.0ms, the frontrunning block average number is 2.3562753036437245
------------------------------------
-------------Cerberus_1_straggler-------------
g is 5.0
-------------0000-------------
batch cnt is 1178
The average Front-Running Window is 1368.3545203735143ms.
With g = 5.0ms, the frontrunning block average number is 2.314569536423841
------------------------------------
-------------0001-------------
batch cnt is 1210
The average Front-Running Window is 1606.1281508264462ms.
With g = 5.0ms, the frontrunning block average number is 2.5585284280936453
------------------------------------
-------------Cerberus_1_straggler_delay12s-------------
g is 5.0
-------------0000-------------
batch cnt is 1246
The average Front-Running Window is 5275.223063804174ms.
With g = 5.0ms, the frontrunning block average number is 2.7947932618683002
------------------------------------
-------------Cerberus_1_straggler_delay4s-------------
g is 5.0
-------------0000-------------
batch cnt is 1183
The average Front-Running Window is 1001.886253169907ms.
With g = 5.0ms, the frontrunning block average number is 2.425
------------------------------------
-------------0001-------------
batch cnt is 1215
The average Front-Running Window is 1006.6142489711934ms.
With g = 5.0ms, the frontrunning block average number is 2.0638297872340425
------------------------------------
-------------Cerberus_1_straggler_delay6s-------------
g is 5.0
-------------0000-------------
batch cnt is 1244
The average Front-Running Window is 2059.65398914791ms.
With g = 5.0ms, the frontrunning block average number is 3.2503770739064857
------------------------------------
-------------Cerberus_1_straggler_delay8s-------------
g is 5.0
-------------0000-------------
batch cnt is 1245
The average Front-Running Window is 2955.109136546185ms.
With g = 5.0ms, the frontrunning block average number is 3.3333333333333335
------------------------------------
-------------Cerberus_1_straggler_new-------------
g is 5.0
-------------0000-------------
batch cnt is 1208
The average Front-Running Window is 4155.205349751655ms.
With g = 5.0ms, the frontrunning block average number is 2.5258215962441315
------------------------------------
-------------Cerberus_2_straggler-------------
g is 5.0
-------------0000-------------
batch cnt is 1208
The average Front-Running Window is 1826.8182429635763ms.
With g = 5.0ms, the frontrunning block average number is 2.4883268482490273
------------------------------------
-------------0001-------------
batch cnt is 1252
The average Front-Running Window is 1699.8096545527158ms.
With g = 5.0ms, the frontrunning block average number is 2.9195230998509687
------------------------------------
-------------Cerberus_3_straggler-------------
g is 5.0
-------------0000-------------
batch cnt is 1221
The average Front-Running Window is 1650.5759623259623ms.
With g = 5.0ms, the frontrunning block average number is 2.8239700374531833
------------------------------------
-------------0001-------------
batch cnt is 1253
The average Front-Running Window is 1662.4277234636872ms.
With g = 5.0ms, the frontrunning block average number is 2.5994318181818183
------------------------------------
-------------Cerberus_3_straggler_new-------------
g is 5.0
-------------0000-------------
batch cnt is 1216
The average Front-Running Window is 4767.394325657895ms.
With g = 5.0ms, the frontrunning block average number is 2.803754266211604
------------------------------------
-------------0001-------------
batch cnt is 1296
The average Front-Running Window is 4592.240837191358ms.
With g = 5.0ms, the frontrunning block average number is 3.031496062992126
------------------------------------
-------------Cerberus_4_straggler-------------
g is 5.0
-------------0000-------------
batch cnt is 1210
The average Front-Running Window is 1764.210382231405ms.
With g = 5.0ms, the frontrunning block average number is 3.028985507246377
------------------------------------
-------------0001-------------
batch cnt is 1248
The average Front-Running Window is 1961.0306490384614ms.
With g = 5.0ms, the frontrunning block average number is 3.025594149908592
------------------------------------
-------------Cerberus_5_straggler-------------
g is 5.0
-------------0000-------------
batch cnt is 705
The average Front-Running Window is 1695.5649822695036ms.
With g = 5.0ms, the frontrunning block average number is 2.9893048128342246
------------------------------------
-------------0001-------------
batch cnt is 737
The average Front-Running Window is 1974.4206241519673ms.
With g = 5.0ms, the frontrunning block average number is 3.3294663573085845
------------------------------------
