{"level":"debug","Logging":"info","time":"2023-07-11T07:04:50Z","message":"Config"}
{"level":"debug","UseTLS":false,"time":"2023-07-11T07:04:50Z","message":"Config"}
{"level":"debug","CACertFile":"tls-data/ca.pem","time":"2023-07-11T07:04:50Z","message":"Config"}
{"level":"debug","KeyFile":"tls-data/auth.key","time":"2023-07-11T07:04:50Z","message":"Config"}
{"level":"debug","CertFile":"tls-data/auth.pem","time":"2023-07-11T07:04:50Z","message":"Config"}
{"level":"debug","PriorityConnections":2,"time":"2023-07-11T07:04:50Z","message":"Config"}
{"level":"debug","BasicConnections":2,"time":"2023-07-11T07:04:50Z","message":"Config"}
{"level":"debug","TestConnections":false,"time":"2023-07-11T07:04:50Z","message":"Config"}
{"level":"debug","ExcessConnections":1,"time":"2023-07-11T07:04:50Z","message":"Config"}
{"level":"debug","ConnectionTestMsgs":4,"time":"2023-07-11T07:04:50Z","message":"Config"}
{"level":"debug","ConnectionTestPayload":131072,"time":"2023-07-11T07:04:50Z","message":"Config"}
{"level":"debug","OutMessageBufsize":1024,"time":"2023-07-11T07:04:50Z","message":"Config"}
{"level":"debug","OutMessageBufsize":2,"time":"2023-07-11T07:04:50Z","message":"Config"}
{"level":"debug","ThroughputCap":131072000,"time":"2023-07-11T07:04:50Z","message":"Config"}
{"level":"debug","StragglerTolerance":1000,"time":"2023-07-11T07:04:50Z","message":"Config"}
{"level":"debug","BatchSizeIncrement":256,"time":"2023-07-11T07:04:50Z","message":"Config"}
{"level":"debug","Orderer":"Pbft","time":"2023-07-11T07:04:50Z","message":"Config"}
{"level":"debug","Manager":"Mir","time":"2023-07-11T07:04:50Z","message":"Config"}
{"level":"debug","Failures":0,"time":"2023-07-11T07:04:50Z","message":"Config"}
{"level":"debug","StragglerCnt":0,"time":"2023-07-11T07:04:50Z","message":"Config"}
{"level":"debug","CrashTiming":"Straggler","time":"2023-07-11T07:04:50Z","message":"Config"}
{"level":"debug","CheckpointInterval":512,"time":"2023-07-11T07:04:50Z","message":"Config"}
{"level":"debug","WatermarkWindowSize":512,"time":"2023-07-11T07:04:50Z","message":"Config"}
{"level":"debug","EpochLength":512,"time":"2023-07-11T07:04:50Z","message":"Config"}
{"level":"debug","SegmentLength":64,"time":"2023-07-11T07:04:50Z","message":"Config"}
{"level":"debug","WaitForCheckpoints":true,"time":"2023-07-11T07:04:50Z","message":"Config"}
{"level":"debug","ClientWatermarkWindowSize":16384,"time":"2023-07-11T07:04:50Z","message":"Config"}
{"level":"debug","ClientRequestBacklogSize":16384,"time":"2023-07-11T07:04:50Z","message":"Config"}
{"level":"debug","RandomSeed":13193,"time":"2023-07-11T07:04:50Z","message":"Config"}
{"level":"debug","NodeToLeaderRatio":1,"time":"2023-07-11T07:04:50Z","message":"Config"}
{"level":"debug","LeaderPolicy":"Simple","time":"2023-07-11T07:04:50Z","message":"Config"}
{"level":"debug","DefaultLeaderBan":2,"time":"2023-07-11T07:04:50Z","message":"Config"}
{"level":"debug","NumBuckets":128,"time":"2023-07-11T07:04:50Z","message":"Config"}
{"level":"debug","BatchSize":1000,"time":"2023-07-11T07:04:50Z","message":"Config"}
{"level":"debug","DisabledViewChange":false,"time":"2023-07-11T07:04:50Z","message":"Config"}
{"level":"debug","ViewChangeTimeout":60000,"time":"2023-07-11T07:04:50Z","message":"Config"}
{"level":"debug","ClientTraceSampling":10,"time":"2023-07-11T07:04:50Z","message":"Config"}
{"level":"debug","EventBufferSize":2097152,"time":"2023-07-11T07:04:50Z","message":"Config"}
{"level":"debug","TraceSampling":1,"time":"2023-07-11T07:04:50Z","message":"Config"}
{"level":"debug","ClientsPerProcess":8,"time":"2023-07-11T07:04:50Z","message":"Config"}
{"level":"debug","RequestsPerClient":3515,"time":"2023-07-11T07:04:50Z","message":"Config"}
{"level":"debug","ClientRunTime":15000,"time":"2023-07-11T07:04:50Z","message":"Config"}
{"level":"debug","RequestRate":117,"time":"2023-07-11T07:04:50Z","message":"Config"}
{"level":"debug","HardRequestRateLimit":false,"time":"2023-07-11T07:04:50Z","message":"Config"}
{"level":"debug","RequestPayloadSize":500,"time":"2023-07-11T07:04:50Z","message":"Config"}
{"level":"debug","SignRequests":true,"time":"2023-07-11T07:04:50Z","message":"Config"}
{"level":"debug","ClientPrivKeyFile":"tls-data/client-ecdsa-256.key","time":"2023-07-11T07:04:50Z","message":"Config"}
{"level":"debug","ClientPubKeyFile":"tls-data/client-ecdsa-256.pem","time":"2023-07-11T07:04:50Z","message":"Config"}
{"level":"debug","PrecomputeRequests":false,"time":"2023-07-11T07:04:50Z","message":"Config"}
{"level":"debug","RequestHandlerThreads":32,"time":"2023-07-11T07:04:50Z","message":"Config"}
{"level":"debug","RequestInputChannelBuffer":8192,"time":"2023-07-11T07:04:50Z","message":"Config"}
{"level":"debug","BatchVerifier":"external","time":"2023-07-11T07:04:50Z","message":"Config"}
07:04:50.058 INF Started Profiler: CPU
07:04:50.058 INF Started Profiler: BLOCK
07:04:50.058 INF Started Profiler: MUTEX
07:04:50.058 INF Starting clients. numClients=8 numRequests=3515
07:04:50.058 INF Initilizing clients.
07:04:50.307 INF Registared with discovery server. numOrderers=8 ownClientId=18
07:04:50.352 INF Registared with discovery server. numOrderers=8 ownClientId=43
07:04:50.359 INF Registared with discovery server. numOrderers=8 ownClientId=123
07:04:50.372 INF Registared with discovery server. numOrderers=8 ownClientId=223
07:04:50.376 INF Registared with discovery server. numOrderers=8 ownClientId=136
07:04:50.389 INF Registared with discovery server. numOrderers=8 ownClientId=182
07:04:50.392 INF Registared with discovery server. numOrderers=8 ownClientId=238
07:04:50.411 INF Registared with discovery server. numOrderers=8 ownClientId=226
07:04:50.411 INF Clients initialized.
07:04:50.411 INF Launching clients.
07:04:50.411 INF Waiting for clients.
07:05:07.975 INF Stopping Tracer. events=1082 fileName=experiment-output/0000/slave-003/client-123.trc
07:05:07.976 INF Trace data written.
07:05:07.998 INF Stopping Tracer. events=717 fileName=experiment-output/0000/slave-003/client-226.trc
07:05:07.999 INF Trace data written.
07:05:08.001 INF Stopping Tracer. events=715 fileName=experiment-output/0000/slave-003/client-018.trc
07:05:08.003 INF Trace data written.
zerolog: could not write event: write experiment-output/0000/slave-003/client-123.log: file already closed
zerolog: could not write event: write experiment-output/0000/slave-003/client-123.log: file already closed
zerolog: could not write event: write experiment-output/0000/slave-003/client-123.log: file already closed
zerolog: could not write event: write experiment-output/0000/slave-003/client-123.log: file already closed
zerolog: could not write event: write experiment-output/0000/slave-003/client-123.log: file already closed
zerolog: could not write event: write experiment-output/0000/slave-003/client-018.log: file already closed
zerolog: could not write event: write experiment-output/0000/slave-003/client-018.log: file already closed
zerolog: could not write event: write experiment-output/0000/slave-003/client-226.log: file already closed
zerolog: could not write event: write experiment-output/0000/slave-003/client-018.log: file already closed
zerolog: could not write event: write experiment-output/0000/slave-003/client-123.log: file already closed
zerolog: could not write event: write experiment-output/0000/slave-003/client-123.log: file already closed
zerolog: could not write event: write experiment-output/0000/slave-003/client-018.log: file already closed
zerolog: could not write event: write experiment-output/0000/slave-003/client-226.log: file already closed
zerolog: could not write event: write experiment-output/0000/slave-003/client-226.log: file already closed
zerolog: could not write event: write experiment-output/0000/slave-003/client-018.log: file already closed
zerolog: could not write event: write experiment-output/0000/slave-003/client-226.log: file already closed
zerolog: could not write event: write experiment-output/0000/slave-003/client-018.log: file already closed
zerolog: could not write event: write experiment-output/0000/slave-003/client-018.log: file already closed
zerolog: could not write event: write experiment-output/0000/slave-003/client-226.log: file already closed
zerolog: could not write event: write experiment-output/0000/slave-003/client-226.log: file already closed
zerolog: could not write event: write experiment-output/0000/slave-003/client-226.log: file already closed
zerolog: could not write event: write experiment-output/0000/slave-003/client-226.log: file already closed
zerolog: could not write event: write experiment-output/0000/slave-003/client-018.log: file already closed
zerolog: could not write event: write experiment-output/0000/slave-003/client-123.log: file already closed
07:05:08.950 INF Stopping Tracer. events=719 fileName=experiment-output/0000/slave-003/client-136.trc
07:05:08.951 INF Trace data written.
07:05:08.953 INF Stopping Tracer. events=1030 fileName=experiment-output/0000/slave-003/client-043.trc
07:05:08.955 INF Trace data written.
07:05:08.956 INF Stopping Tracer. events=712 fileName=experiment-output/0000/slave-003/client-238.trc
07:05:08.957 INF Trace data written.
07:05:08.958 INF Stopping Tracer. events=715 fileName=experiment-output/0000/slave-003/client-182.trc
07:05:08.959 INF Trace data written.
07:05:08.965 INF Stopping Tracer. events=1065 fileName=experiment-output/0000/slave-003/client-223.trc
07:05:08.966 INF Trace data written.
07:05:08.966 INF Done.
07:05:08.966 INF Stopping profiler.
07:05:08.981 INF Profile data written. filename=experiment-output/0000/slave-003/prof-client.block name=block
07:05:08.984 INF Profile data written. filename=experiment-output/0000/slave-003/prof-client.mutex name=mutex
zerolog: could not write event: write experiment-output/0000/slave-003/client-043.log: file already closed
zerolog: could not write event: write experiment-output/0000/slave-003/client-238.log: file already closed
zerolog: could not write event: write experiment-output/0000/slave-003/client-136.log: file already closed
zerolog: could not write event: write experiment-output/0000/slave-003/client-223.log: file already closed
zerolog: could not write event: write experiment-output/0000/slave-003/client-043.log: file already closed
zerolog: could not write event: write experiment-output/0000/slave-003/client-223.log: file already closed
zerolog: could not write event: write experiment-output/0000/slave-003/client-238.log: file already closed
zerolog: could not write event: write experiment-output/0000/slave-003/client-136.log: file already closed
zerolog: could not write event: write experiment-output/0000/slave-003/client-136.log: file already closed
zerolog: could not write event: write experiment-output/0000/slave-003/client-238.log: file already closed
zerolog: could not write event: write experiment-output/0000/slave-003/client-238.log: file already closed
zerolog: could not write event: write experiment-output/0000/slave-003/client-182.log: file already closed
zerolog: could not write event: write experiment-output/0000/slave-003/client-043.log: file already closed
zerolog: could not write event: write experiment-output/0000/slave-003/client-223.log: file already closed
zerolog: could not write event: write experiment-output/0000/slave-003/client-043.log: file already closed
zerolog: could not write event: write experiment-output/0000/slave-003/client-223.log: file already closed
zerolog: could not write event: write experiment-output/0000/slave-003/client-182.log: file already closed
zerolog: could not write event: write experiment-output/0000/slave-003/client-182.log: file already closed
zerolog: could not write event: write experiment-output/0000/slave-003/client-136.log: file already closed
zerolog: could not write event: write experiment-output/0000/slave-003/client-136.log: file already closed
zerolog: could not write event: write experiment-output/0000/slave-003/client-182.log: file already closed
zerolog: could not write event: write experiment-output/0000/slave-003/client-136.log: file already closed
zerolog: could not write event: write experiment-output/0000/slave-003/client-043.log: file already closed
zerolog: could not write event: write experiment-output/0000/slave-003/client-136.log: file already closed
zerolog: could not write event: write experiment-output/0000/slave-003/client-223.log: file already closed
zerolog: could not write event: write experiment-output/0000/slave-003/client-238.log: file already closed
zerolog: could not write event: write experiment-output/0000/slave-003/client-238.log: file already closed
zerolog: could not write event: write experiment-output/0000/slave-003/client-223.log: file already closed
zerolog: could not write event: write experiment-output/0000/slave-003/client-043.log: file already closed
zerolog: could not write event: write experiment-output/0000/slave-003/client-182.log: file already closed
zerolog: could not write event: write experiment-output/0000/slave-003/client-043.log: file already closed
zerolog: could not write event: write experiment-output/0000/slave-003/client-182.log: file already closed
zerolog: could not write event: write experiment-output/0000/slave-003/client-136.log: file already closed
zerolog: could not write event: write experiment-output/0000/slave-003/client-043.log: file already closed
zerolog: could not write event: write experiment-output/0000/slave-003/client-238.log: file already closed
zerolog: could not write event: write experiment-output/0000/slave-003/client-238.log: file already closed
zerolog: could not write event: write experiment-output/0000/slave-003/client-182.log: file already closed
zerolog: could not write event: write experiment-output/0000/slave-003/client-182.log: file already closed
zerolog: could not write event: write experiment-output/0000/slave-003/client-223.log: file already closed
zerolog: could not write event: write experiment-output/0000/slave-003/client-223.log: file already closed
07:05:09.159 INF Profile data written. filename=experiment-output/0000/slave-003/prof-client.cpu name=cpu
