{"level":"debug","Logging":"info","time":"2023-03-24T02:53:04Z","message":"Config"}
{"level":"debug","UseTLS":false,"time":"2023-03-24T02:53:04Z","message":"Config"}
{"level":"debug","CACertFile":"tls-data/ca.pem","time":"2023-03-24T02:53:04Z","message":"Config"}
{"level":"debug","KeyFile":"tls-data/auth.key","time":"2023-03-24T02:53:04Z","message":"Config"}
{"level":"debug","CertFile":"tls-data/auth.pem","time":"2023-03-24T02:53:04Z","message":"Config"}
{"level":"debug","PriorityConnections":2,"time":"2023-03-24T02:53:04Z","message":"Config"}
{"level":"debug","BasicConnections":1,"time":"2023-03-24T02:53:04Z","message":"Config"}
{"level":"debug","TestConnections":false,"time":"2023-03-24T02:53:04Z","message":"Config"}
{"level":"debug","ExcessConnections":1,"time":"2023-03-24T02:53:04Z","message":"Config"}
{"level":"debug","ConnectionTestMsgs":4,"time":"2023-03-24T02:53:04Z","message":"Config"}
{"level":"debug","ConnectionTestPayload":131072,"time":"2023-03-24T02:53:04Z","message":"Config"}
{"level":"debug","OutMessageBufsize":1024,"time":"2023-03-24T02:53:04Z","message":"Config"}
{"level":"debug","OutMessageBufsize":4,"time":"2023-03-24T02:53:04Z","message":"Config"}
{"level":"debug","ThroughputCap":131072000,"time":"2023-03-24T02:53:04Z","message":"Config"}
{"level":"debug","StragglerTolerance":1000,"time":"2023-03-24T02:53:04Z","message":"Config"}
{"level":"debug","BatchSizeIncrement":256,"time":"2023-03-24T02:53:04Z","message":"Config"}
{"level":"debug","Orderer":"Pbft","time":"2023-03-24T02:53:04Z","message":"Config"}
{"level":"debug","Manager":"Mir","time":"2023-03-24T02:53:04Z","message":"Config"}
{"level":"debug","Failures":0,"time":"2023-03-24T02:53:04Z","message":"Config"}
{"level":"debug","StragglerCnt":1,"time":"2023-03-24T02:53:04Z","message":"Config"}
{"level":"debug","PrivKeyCnt":10,"time":"2023-03-24T02:53:04Z","message":"Config"}
{"level":"debug","UseSig":false,"time":"2023-03-24T02:53:04Z","message":"Config"}
{"level":"debug","CrashTiming":"Straggler","time":"2023-03-24T02:53:04Z","message":"Config"}
{"level":"debug","CheckpointInterval":512,"time":"2023-03-24T02:53:04Z","message":"Config"}
{"level":"debug","WatermarkWindowSize":512,"time":"2023-03-24T02:53:04Z","message":"Config"}
{"level":"debug","EpochLength":512,"time":"2023-03-24T02:53:04Z","message":"Config"}
{"level":"debug","SegmentLength":32,"time":"2023-03-24T02:53:04Z","message":"Config"}
{"level":"debug","WaitForCheckpoints":true,"time":"2023-03-24T02:53:04Z","message":"Config"}
{"level":"debug","ClientWatermarkWindowSize":16384,"time":"2023-03-24T02:53:04Z","message":"Config"}
{"level":"debug","ClientRequestBacklogSize":16384,"time":"2023-03-24T02:53:04Z","message":"Config"}
{"level":"debug","RandomSeed":477,"time":"2023-03-24T02:53:04Z","message":"Config"}
{"level":"debug","NodeToLeaderRatio":1,"time":"2023-03-24T02:53:04Z","message":"Config"}
{"level":"debug","LeaderPolicy":"Simple","time":"2023-03-24T02:53:04Z","message":"Config"}
{"level":"debug","DefaultLeaderBan":2,"time":"2023-03-24T02:53:04Z","message":"Config"}
{"level":"debug","NumBuckets":256,"time":"2023-03-24T02:53:04Z","message":"Config"}
{"level":"debug","BatchSize":2000,"time":"2023-03-24T02:53:04Z","message":"Config"}
{"level":"debug","DisabledViewChange":false,"time":"2023-03-24T02:53:04Z","message":"Config"}
{"level":"debug","ViewChangeTimeout":60000,"time":"2023-03-24T02:53:04Z","message":"Config"}
{"level":"debug","ClientTraceSampling":10,"time":"2023-03-24T02:53:04Z","message":"Config"}
{"level":"debug","EventBufferSize":2097152,"time":"2023-03-24T02:53:04Z","message":"Config"}
{"level":"debug","TraceSampling":1,"time":"2023-03-24T02:53:04Z","message":"Config"}
{"level":"debug","ClientsPerProcess":8,"time":"2023-03-24T02:53:04Z","message":"Config"}
{"level":"debug","RequestsPerClient":9375,"time":"2023-03-24T02:53:04Z","message":"Config"}
{"level":"debug","ClientRunTime":15000,"time":"2023-03-24T02:53:04Z","message":"Config"}
{"level":"debug","RequestRate":312,"time":"2023-03-24T02:53:04Z","message":"Config"}
{"level":"debug","HardRequestRateLimit":false,"time":"2023-03-24T02:53:04Z","message":"Config"}
{"level":"debug","RequestPayloadSize":500,"time":"2023-03-24T02:53:04Z","message":"Config"}
{"level":"debug","SignRequests":true,"time":"2023-03-24T02:53:04Z","message":"Config"}
{"level":"debug","ClientPrivKeyFile":"tls-data/client-ecdsa-256.key","time":"2023-03-24T02:53:04Z","message":"Config"}
{"level":"debug","ClientPubKeyFile":"tls-data/client-ecdsa-256.pem","time":"2023-03-24T02:53:04Z","message":"Config"}
{"level":"debug","PrecomputeRequests":false,"time":"2023-03-24T02:53:04Z","message":"Config"}
{"level":"debug","RequestHandlerThreads":32,"time":"2023-03-24T02:53:04Z","message":"Config"}
{"level":"debug","RequestInputChannelBuffer":8192,"time":"2023-03-24T02:53:04Z","message":"Config"}
{"level":"debug","BatchVerifier":"external","time":"2023-03-24T02:53:04Z","message":"Config"}
02:53:04.447 INF Started Profiler: CPU
02:53:04.447 INF Started Profiler: BLOCK
02:53:04.447 INF Started Profiler: MUTEX
02:53:04.447 INF Starting clients. numClients=8 numRequests=9375
02:53:04.447 INF Initilizing clients.
02:53:04.732 INF Registared with discovery server. numOrderers=16 ownClientId=123
02:53:04.732 INF Registared with discovery server. numOrderers=16 ownClientId=121
02:53:04.732 INF Registared with discovery server. numOrderers=16 ownClientId=120
02:53:04.732 INF Registared with discovery server. numOrderers=16 ownClientId=127
02:53:04.732 INF Registared with discovery server. numOrderers=16 ownClientId=124
02:53:04.732 INF Registared with discovery server. numOrderers=16 ownClientId=122
02:53:04.732 INF Registared with discovery server. numOrderers=16 ownClientId=125
02:53:04.732 INF Registared with discovery server. numOrderers=16 ownClientId=126
02:53:04.732 INF Clients initialized.
02:53:04.732 INF Launching clients.
02:53:04.732 INF Waiting for clients.
zerolog: could not write event: write experiment-output/0003/slave-023/client-120.log: file already closed
zerolog: could not write event: write experiment-output/0003/slave-023/client-120.log: file already closed
zerolog: could not write event: write experiment-output/0003/slave-023/client-120.log: file already closed
zerolog: could not write event: write experiment-output/0003/slave-023/client-120.log: file already closed
02:54:12.164 INF Stopping Tracer. events=2707 fileName=experiment-output/0003/slave-023/client-120.trc
02:54:12.168 INF Trace data written.
02:54:12.209 INF Stopping Tracer. events=2790 fileName=experiment-output/0003/slave-023/client-124.trc
zerolog: could not write event: write experiment-output/0003/slave-023/client-124.log: file already closed
zerolog: could not write event: write experiment-output/0003/slave-023/client-124.log: file already closed
zerolog: could not write event: write experiment-output/0003/slave-023/client-124.log: file already closed
zerolog: could not write event: write experiment-output/0003/slave-023/client-124.log: file already closed
02:54:12.211 INF Stopping Tracer. events=1893 fileName=experiment-output/0003/slave-023/client-127.trc
02:54:12.211 INF Stopping Tracer. events=2006 fileName=experiment-output/0003/slave-023/client-125.trc
zerolog: could not write event: write experiment-output/0003/slave-023/client-127.log: file already closed
zerolog: could not write event: write experiment-output/0003/slave-023/client-127.log: file already closed
zerolog: could not write event: write experiment-output/0003/slave-023/client-125.log: file already closed
zerolog: could not write event: write experiment-output/0003/slave-023/client-125.log: file already closed
zerolog: could not write event: write experiment-output/0003/slave-023/client-127.log: file already closed
zerolog: could not write event: write experiment-output/0003/slave-023/client-125.log: file already closed
zerolog: could not write event: write experiment-output/0003/slave-023/client-127.log: file already closed
zerolog: could not write event: write experiment-output/0003/slave-023/client-125.log: file already closed
02:54:12.212 INF Stopping Tracer. events=1894 fileName=experiment-output/0003/slave-023/client-123.trc
02:54:12.213 INF Stopping Tracer. events=2853 fileName=experiment-output/0003/slave-023/client-126.trc
zerolog: could not write event: write experiment-output/0003/slave-023/client-123.log: file already closed
zerolog: could not write event: write experiment-output/0003/slave-023/client-123.log: file already closed
zerolog: could not write event: write experiment-output/0003/slave-023/client-123.log: file already closed
zerolog: could not write event: write experiment-output/0003/slave-023/client-123.log: file already closed
02:54:12.213 INF Stopping Tracer. events=1894 fileName=experiment-output/0003/slave-023/client-121.trc
02:54:12.213 INF Stopping Tracer. events=2838 fileName=experiment-output/0003/slave-023/client-122.trc
zerolog: could not write event: write experiment-output/0003/slave-023/client-126.log: file already closed
zerolog: could not write event: write experiment-output/0003/slave-023/client-126.log: file already closed
zerolog: could not write event: write experiment-output/0003/slave-023/client-121.log: file already closed
zerolog: could not write event: write experiment-output/0003/slave-023/client-126.log: file already closed
zerolog: could not write event: write experiment-output/0003/slave-023/client-122.log: file already closed
zerolog: could not write event: write experiment-output/0003/slave-023/client-121.log: file already closed
zerolog: could not write event: write experiment-output/0003/slave-023/client-122.log: file already closed
zerolog: could not write event: write experiment-output/0003/slave-023/client-121.log: file already closed
zerolog: could not write event: write experiment-output/0003/slave-023/client-122.log: file already closed
zerolog: could not write event: write experiment-output/0003/slave-023/client-122.log: file already closed
zerolog: could not write event: write experiment-output/0003/slave-023/client-126.log: file already closed
zerolog: could not write event: write experiment-output/0003/slave-023/client-121.log: file already closed
02:54:12.215 INF Trace data written.
02:54:12.216 INF Trace data written.
02:54:12.216 INF Trace data written.
02:54:12.217 INF Trace data written.
02:54:12.217 INF Trace data written.
02:54:12.218 INF Trace data written.
02:54:12.219 INF Trace data written.
02:54:12.219 INF Done.
02:54:12.219 INF Stopping profiler.
zerolog: could not write event: write experiment-output/0003/slave-023/client-120.log: file already closed
zerolog: could not write event: write experiment-output/0003/slave-023/client-120.log: file already closed
zerolog: could not write event: write experiment-output/0003/slave-023/client-120.log: file already closed
zerolog: could not write event: write experiment-output/0003/slave-023/client-120.log: file already closed
zerolog: could not write event: write experiment-output/0003/slave-023/client-124.log: file already closed
zerolog: could not write event: write experiment-output/0003/slave-023/client-124.log: file already closed
zerolog: could not write event: write experiment-output/0003/slave-023/client-124.log: file already closed
zerolog: could not write event: write experiment-output/0003/slave-023/client-124.log: file already closed
zerolog: could not write event: write experiment-output/0003/slave-023/client-127.log: file already closed
zerolog: could not write event: write experiment-output/0003/slave-023/client-127.log: file already closed
zerolog: could not write event: write experiment-output/0003/slave-023/client-127.log: file already closed
zerolog: could not write event: write experiment-output/0003/slave-023/client-125.log: file already closed
zerolog: could not write event: write experiment-output/0003/slave-023/client-127.log: file already closed
zerolog: could not write event: write experiment-output/0003/slave-023/client-125.log: file already closed
zerolog: could not write event: write experiment-output/0003/slave-023/client-125.log: file already closed
zerolog: could not write event: write experiment-output/0003/slave-023/client-125.log: file already closed
zerolog: could not write event: write experiment-output/0003/slave-023/client-123.log: file already closed
zerolog: could not write event: write experiment-output/0003/slave-023/client-123.log: file already closed
zerolog: could not write event: write experiment-output/0003/slave-023/client-123.log: file already closed
zerolog: could not write event: write experiment-output/0003/slave-023/client-121.log: file already closed
zerolog: could not write event: write experiment-output/0003/slave-023/client-121.log: file already closed
zerolog: could not write event: write experiment-output/0003/slave-023/client-121.log: file already closed
zerolog: could not write event: write experiment-output/0003/slave-023/client-121.log: file already closed
zerolog: could not write event: write experiment-output/0003/slave-023/client-122.log: file already closed
zerolog: could not write event: write experiment-output/0003/slave-023/client-126.log: file already closed
zerolog: could not write event: write experiment-output/0003/slave-023/client-122.log: file already closed
zerolog: could not write event: write experiment-output/0003/slave-023/client-122.log: file already closed
zerolog: could not write event: write experiment-output/0003/slave-023/client-126.log: file already closed
zerolog: could not write event: write experiment-output/0003/slave-023/client-122.log: file already closed
zerolog: could not write event: write experiment-output/0003/slave-023/client-126.log: file already closed
zerolog: could not write event: write experiment-output/0003/slave-023/client-126.log: file already closed
zerolog: could not write event: write experiment-output/0003/slave-023/client-123.log: file already closed
zerolog: could not write event: write experiment-output/0003/slave-023/client-120.log: file already closed
zerolog: could not write event: write experiment-output/0003/slave-023/client-120.log: file already closed
zerolog: could not write event: write experiment-output/0003/slave-023/client-120.log: file already closed
zerolog: could not write event: write experiment-output/0003/slave-023/client-120.log: file already closed
02:54:12.400 INF Profile data written. filename=experiment-output/0003/slave-023/prof-client.cpu name=cpu
02:54:12.420 INF Profile data written. filename=experiment-output/0003/slave-023/prof-client.block name=block
zerolog: could not write event: write experiment-output/0003/slave-023/client-124.log: file already closed
zerolog: could not write event: write experiment-output/0003/slave-023/client-124.log: file already closed
zerolog: could not write event: write experiment-output/0003/slave-023/client-124.log: file already closed
zerolog: could not write event: write experiment-output/0003/slave-023/client-125.log: file already closed
zerolog: could not write event: write experiment-output/0003/slave-023/client-124.log: file already closed
zerolog: could not write event: write experiment-output/0003/slave-023/client-127.log: file already closed
zerolog: could not write event: write experiment-output/0003/slave-023/client-125.log: file already closed
zerolog: could not write event: write experiment-output/0003/slave-023/client-127.log: file already closed
zerolog: could not write event: write experiment-output/0003/slave-023/client-125.log: file already closed
zerolog: could not write event: write experiment-output/0003/slave-023/client-127.log: file already closed
zerolog: could not write event: write experiment-output/0003/slave-023/client-125.log: file already closed
zerolog: could not write event: write experiment-output/0003/slave-023/client-127.log: file already closed
zerolog: could not write event: write experiment-output/0003/slave-023/client-122.log: file already closed
zerolog: could not write event: write experiment-output/0003/slave-023/client-123.log: file already closed
zerolog: could not write event: write experiment-output/0003/slave-023/client-123.log: file already closed
zerolog: could not write event: write experiment-output/0003/slave-023/client-126.log: file already closed
zerolog: could not write event: write experiment-output/0003/slave-023/client-122.log: file already closed
zerolog: could not write event: write experiment-output/0003/slave-023/client-121.log: file already closed
zerolog: could not write event: write experiment-output/0003/slave-023/client-121.log: file already closed
zerolog: could not write event: write experiment-output/0003/slave-023/client-123.log: file already closed
zerolog: could not write event: write experiment-output/0003/slave-023/client-121.log: file already closed
zerolog: could not write event: write experiment-output/0003/slave-023/client-122.log: file already closed
zerolog: could not write event: write experiment-output/0003/slave-023/client-126.log: file already closed
zerolog: could not write event: write experiment-output/0003/slave-023/client-121.log: file already closed
zerolog: could not write event: write experiment-output/0003/slave-023/client-122.log: file already closed
02:54:12.429 INF Profile data written. filename=experiment-output/0003/slave-023/prof-client.mutex name=mutex
