{"level":"debug","Logging":"info","time":"2023-03-30T08:51:57Z","message":"Config"}
{"level":"debug","UseTLS":false,"time":"2023-03-30T08:51:57Z","message":"Config"}
{"level":"debug","CACertFile":"tls-data/ca.pem","time":"2023-03-30T08:51:57Z","message":"Config"}
{"level":"debug","KeyFile":"tls-data/auth.key","time":"2023-03-30T08:51:57Z","message":"Config"}
{"level":"debug","CertFile":"tls-data/auth.pem","time":"2023-03-30T08:51:57Z","message":"Config"}
{"level":"debug","PriorityConnections":2,"time":"2023-03-30T08:51:57Z","message":"Config"}
{"level":"debug","BasicConnections":1,"time":"2023-03-30T08:51:57Z","message":"Config"}
{"level":"debug","TestConnections":false,"time":"2023-03-30T08:51:57Z","message":"Config"}
{"level":"debug","ExcessConnections":1,"time":"2023-03-30T08:51:57Z","message":"Config"}
{"level":"debug","ConnectionTestMsgs":4,"time":"2023-03-30T08:51:57Z","message":"Config"}
{"level":"debug","ConnectionTestPayload":131072,"time":"2023-03-30T08:51:57Z","message":"Config"}
{"level":"debug","OutMessageBufsize":1024,"time":"2023-03-30T08:51:57Z","message":"Config"}
{"level":"debug","OutMessageBufsize":4,"time":"2023-03-30T08:51:57Z","message":"Config"}
{"level":"debug","ThroughputCap":131072000,"time":"2023-03-30T08:51:57Z","message":"Config"}
{"level":"debug","StragglerTolerance":1000,"time":"2023-03-30T08:51:57Z","message":"Config"}
{"level":"debug","BatchSizeIncrement":256,"time":"2023-03-30T08:51:57Z","message":"Config"}
{"level":"debug","Orderer":"Pbft","time":"2023-03-30T08:51:57Z","message":"Config"}
{"level":"debug","Manager":"Mir","time":"2023-03-30T08:51:57Z","message":"Config"}
{"level":"debug","Failures":0,"time":"2023-03-30T08:51:57Z","message":"Config"}
{"level":"debug","StragglerCnt":1,"time":"2023-03-30T08:51:57Z","message":"Config"}
{"level":"debug","CrashTiming":"Straggler","time":"2023-03-30T08:51:57Z","message":"Config"}
{"level":"debug","CheckpointInterval":512,"time":"2023-03-30T08:51:57Z","message":"Config"}
{"level":"debug","WatermarkWindowSize":512,"time":"2023-03-30T08:51:57Z","message":"Config"}
{"level":"debug","EpochLength":512,"time":"2023-03-30T08:51:57Z","message":"Config"}
{"level":"debug","SegmentLength":32,"time":"2023-03-30T08:51:57Z","message":"Config"}
{"level":"debug","WaitForCheckpoints":true,"time":"2023-03-30T08:51:57Z","message":"Config"}
{"level":"debug","ClientWatermarkWindowSize":16384,"time":"2023-03-30T08:51:57Z","message":"Config"}
{"level":"debug","ClientRequestBacklogSize":16384,"time":"2023-03-30T08:51:57Z","message":"Config"}
{"level":"debug","RandomSeed":19577,"time":"2023-03-30T08:51:57Z","message":"Config"}
{"level":"debug","NodeToLeaderRatio":1,"time":"2023-03-30T08:51:57Z","message":"Config"}
{"level":"debug","LeaderPolicy":"Simple","time":"2023-03-30T08:51:57Z","message":"Config"}
{"level":"debug","DefaultLeaderBan":2,"time":"2023-03-30T08:51:57Z","message":"Config"}
{"level":"debug","NumBuckets":256,"time":"2023-03-30T08:51:57Z","message":"Config"}
{"level":"debug","BatchSize":1000,"time":"2023-03-30T08:51:57Z","message":"Config"}
{"level":"debug","DisabledViewChange":false,"time":"2023-03-30T08:51:57Z","message":"Config"}
{"level":"debug","ViewChangeTimeout":60000,"time":"2023-03-30T08:51:57Z","message":"Config"}
{"level":"debug","ClientTraceSampling":10,"time":"2023-03-30T08:51:57Z","message":"Config"}
{"level":"debug","EventBufferSize":2097152,"time":"2023-03-30T08:51:57Z","message":"Config"}
{"level":"debug","TraceSampling":1,"time":"2023-03-30T08:51:57Z","message":"Config"}
{"level":"debug","ClientsPerProcess":8,"time":"2023-03-30T08:51:57Z","message":"Config"}
{"level":"debug","RequestsPerClient":5859,"time":"2023-03-30T08:51:57Z","message":"Config"}
{"level":"debug","ClientRunTime":15000,"time":"2023-03-30T08:51:57Z","message":"Config"}
{"level":"debug","RequestRate":195,"time":"2023-03-30T08:51:57Z","message":"Config"}
{"level":"debug","HardRequestRateLimit":false,"time":"2023-03-30T08:51:57Z","message":"Config"}
{"level":"debug","RequestPayloadSize":500,"time":"2023-03-30T08:51:57Z","message":"Config"}
{"level":"debug","SignRequests":true,"time":"2023-03-30T08:51:57Z","message":"Config"}
{"level":"debug","ClientPrivKeyFile":"tls-data/client-ecdsa-256.key","time":"2023-03-30T08:51:57Z","message":"Config"}
{"level":"debug","ClientPubKeyFile":"tls-data/client-ecdsa-256.pem","time":"2023-03-30T08:51:57Z","message":"Config"}
{"level":"debug","PrecomputeRequests":false,"time":"2023-03-30T08:51:57Z","message":"Config"}
{"level":"debug","RequestHandlerThreads":32,"time":"2023-03-30T08:51:57Z","message":"Config"}
{"level":"debug","RequestInputChannelBuffer":8192,"time":"2023-03-30T08:51:57Z","message":"Config"}
{"level":"debug","BatchVerifier":"external","time":"2023-03-30T08:51:57Z","message":"Config"}
08:51:57.967 INF Started Profiler: CPU
08:51:57.967 INF Started Profiler: BLOCK
08:51:57.967 INF Started Profiler: MUTEX
08:51:57.967 INF Starting clients. numClients=8 numRequests=5859
08:51:57.967 INF Initilizing clients.
08:51:58.362 INF Registared with discovery server. numOrderers=16 ownClientId=132
08:51:58.364 INF Registared with discovery server. numOrderers=16 ownClientId=148
08:51:58.364 INF Registared with discovery server. numOrderers=16 ownClientId=153
08:51:58.365 INF Registared with discovery server. numOrderers=16 ownClientId=156
08:51:58.365 INF Registared with discovery server. numOrderers=16 ownClientId=151
08:51:58.365 INF Registared with discovery server. numOrderers=16 ownClientId=164
08:51:58.366 INF Registared with discovery server. numOrderers=16 ownClientId=176
08:51:58.368 INF Registared with discovery server. numOrderers=16 ownClientId=183
08:51:58.368 INF Clients initialized.
08:51:58.368 INF Launching clients.
08:51:58.368 INF Waiting for clients.
08:56:17.653 INF Stopping Tracer. events=1701 fileName=experiment-output/0000/slave-021/client-151.trc
zerolog: could not write event: write experiment-output/0000/slave-021/client-151.log: file already closed
zerolog: could not write event: write experiment-output/0000/slave-021/client-151.log: file already closed
zerolog: could not write event: write experiment-output/0000/slave-021/client-151.log: file already closed
zerolog: could not write event: write experiment-output/0000/slave-021/client-151.log: file already closed
08:56:17.656 INF Stopping Tracer. events=1173 fileName=experiment-output/0000/slave-021/client-164.trc
08:56:17.656 INF Stopping Tracer. events=1173 fileName=experiment-output/0000/slave-021/client-156.trc
08:56:17.656 INF Stopping Tracer. events=1173 fileName=experiment-output/0000/slave-021/client-132.trc
zerolog: could not write event: write experiment-output/0000/slave-021/client-156.log: file already closed
zerolog: could not write event: write experiment-output/0000/slave-021/client-156.log: file already closed
zerolog: could not write event: write experiment-output/0000/slave-021/client-164.log: file already closed
zerolog: could not write event: write experiment-output/0000/slave-021/client-132.log: file already closed
zerolog: could not write event: write experiment-output/0000/slave-021/client-164.log: file already closed
zerolog: could not write event: write experiment-output/0000/slave-021/client-156.log: file already closed
zerolog: could not write event: write experiment-output/0000/slave-021/client-132.log: file already closed
zerolog: could not write event: write experiment-output/0000/slave-021/client-156.log: file already closed
zerolog: could not write event: write experiment-output/0000/slave-021/client-132.log: file already closed
zerolog: could not write event: write experiment-output/0000/slave-021/client-132.log: file already closed
zerolog: could not write event: write experiment-output/0000/slave-021/client-164.log: file already closed
zerolog: could not write event: write experiment-output/0000/slave-021/client-164.log: file already closed
08:56:17.657 INF Trace data written.
08:56:17.658 INF Trace data written.
08:56:17.659 INF Trace data written.
08:56:17.659 INF Trace data written.
08:56:17.660 INF Stopping Tracer. events=1173 fileName=experiment-output/0000/slave-021/client-148.trc
zerolog: could not write event: write experiment-output/0000/slave-021/client-148.log: file already closed
zerolog: could not write event: write experiment-output/0000/slave-021/client-148.log: file already closed
zerolog: could not write event: write experiment-output/0000/slave-021/client-148.log: file already closed
zerolog: could not write event: write experiment-output/0000/slave-021/client-148.log: file already closed
08:56:17.661 INF Trace data written.
08:56:17.664 INF Stopping Tracer. events=1732 fileName=experiment-output/0000/slave-021/client-153.trc
zerolog: could not write event: write experiment-output/0000/slave-021/client-153.log: file already closed
zerolog: could not write event: write experiment-output/0000/slave-021/client-153.log: file already closed
zerolog: could not write event: write experiment-output/0000/slave-021/client-153.log: file already closed
zerolog: could not write event: write experiment-output/0000/slave-021/client-153.log: file already closed
08:56:17.666 INF Stopping Tracer. events=1701 fileName=experiment-output/0000/slave-021/client-183.trc
08:56:17.666 INF Stopping Tracer. events=1173 fileName=experiment-output/0000/slave-021/client-176.trc
zerolog: could not write event: write experiment-output/0000/slave-021/client-183.log: file already closed
zerolog: could not write event: write experiment-output/0000/slave-021/client-183.log: file already closed
zerolog: could not write event: write experiment-output/0000/slave-021/client-176.log: file already closed
zerolog: could not write event: write experiment-output/0000/slave-021/client-183.log: file already closed
zerolog: could not write event: write experiment-output/0000/slave-021/client-176.log: file already closed
zerolog: could not write event: write experiment-output/0000/slave-021/client-183.log: file already closed
zerolog: could not write event: write experiment-output/0000/slave-021/client-176.log: file already closed
zerolog: could not write event: write experiment-output/0000/slave-021/client-176.log: file already closed
08:56:17.667 INF Trace data written.
08:56:17.669 INF Trace data written.
08:56:17.670 INF Trace data written.
08:56:17.670 INF Done.
08:56:17.670 INF Stopping profiler.
zerolog: could not write event: write experiment-output/0000/slave-021/client-151.log: file already closed
zerolog: could not write event: write experiment-output/0000/slave-021/client-151.log: file already closed
zerolog: could not write event: write experiment-output/0000/slave-021/client-132.log: file already closed
zerolog: could not write event: write experiment-output/0000/slave-021/client-156.log: file already closed
zerolog: could not write event: write experiment-output/0000/slave-021/client-132.log: file already closed
zerolog: could not write event: write experiment-output/0000/slave-021/client-132.log: file already closed
zerolog: could not write event: write experiment-output/0000/slave-021/client-164.log: file already closed
zerolog: could not write event: write experiment-output/0000/slave-021/client-164.log: file already closed
zerolog: could not write event: write experiment-output/0000/slave-021/client-148.log: file already closed
zerolog: could not write event: write experiment-output/0000/slave-021/client-148.log: file already closed
zerolog: could not write event: write experiment-output/0000/slave-021/client-153.log: file already closed
zerolog: could not write event: write experiment-output/0000/slave-021/client-151.log: file already closed
zerolog: could not write event: write experiment-output/0000/slave-021/client-183.log: file already closed
zerolog: could not write event: write experiment-output/0000/slave-021/client-183.log: file already closed
zerolog: could not write event: write experiment-output/0000/slave-021/client-176.log: file already closed
zerolog: could not write event: write experiment-output/0000/slave-021/client-151.log: file already closed
zerolog: could not write event: write experiment-output/0000/slave-021/client-176.log: file already closed
zerolog: could not write event: write experiment-output/0000/slave-021/client-176.log: file already closed
zerolog: could not write event: write experiment-output/0000/slave-021/client-156.log: file already closed
zerolog: could not write event: write experiment-output/0000/slave-021/client-132.log: file already closed
zerolog: could not write event: write experiment-output/0000/slave-021/client-176.log: file already closed
zerolog: could not write event: write experiment-output/0000/slave-021/client-164.log: file already closed
zerolog: could not write event: write experiment-output/0000/slave-021/client-156.log: file already closed
zerolog: could not write event: write experiment-output/0000/slave-021/client-156.log: file already closed
zerolog: could not write event: write experiment-output/0000/slave-021/client-164.log: file already closed
zerolog: could not write event: write experiment-output/0000/slave-021/client-148.log: file already closed
zerolog: could not write event: write experiment-output/0000/slave-021/client-148.log: file already closed
zerolog: could not write event: write experiment-output/0000/slave-021/client-153.log: file already closed
zerolog: could not write event: write experiment-output/0000/slave-021/client-153.log: file already closed
zerolog: could not write event: write experiment-output/0000/slave-021/client-153.log: file already closed
zerolog: could not write event: write experiment-output/0000/slave-021/client-183.log: file already closed
zerolog: could not write event: write experiment-output/0000/slave-021/client-183.log: file already closed
zerolog: could not write event: write experiment-output/0000/slave-021/client-151.log: file already closed
zerolog: could not write event: write experiment-output/0000/slave-021/client-151.log: file already closed
zerolog: could not write event: write experiment-output/0000/slave-021/client-151.log: file already closed
zerolog: could not write event: write experiment-output/0000/slave-021/client-151.log: file already closed
zerolog: could not write event: write experiment-output/0000/slave-021/client-156.log: file already closed
zerolog: could not write event: write experiment-output/0000/slave-021/client-156.log: file already closed
zerolog: could not write event: write experiment-output/0000/slave-021/client-132.log: file already closed
zerolog: could not write event: write experiment-output/0000/slave-021/client-164.log: file already closed
zerolog: could not write event: write experiment-output/0000/slave-021/client-132.log: file already closed
zerolog: could not write event: write experiment-output/0000/slave-021/client-164.log: file already closed
zerolog: could not write event: write experiment-output/0000/slave-021/client-132.log: file already closed
zerolog: could not write event: write experiment-output/0000/slave-021/client-164.log: file already closed
zerolog: could not write event: write experiment-output/0000/slave-021/client-156.log: file already closed
zerolog: could not write event: write experiment-output/0000/slave-021/client-132.log: file already closed
zerolog: could not write event: write experiment-output/0000/slave-021/client-156.log: file already closed
zerolog: could not write event: write experiment-output/0000/slave-021/client-164.log: file already closed
zerolog: could not write event: write experiment-output/0000/slave-021/client-148.log: file already closed
zerolog: could not write event: write experiment-output/0000/slave-021/client-148.log: file already closed
zerolog: could not write event: write experiment-output/0000/slave-021/client-148.log: file already closed
zerolog: could not write event: write experiment-output/0000/slave-021/client-148.log: file already closed
zerolog: could not write event: write experiment-output/0000/slave-021/client-153.log: file already closed
zerolog: could not write event: write experiment-output/0000/slave-021/client-153.log: file already closed
zerolog: could not write event: write experiment-output/0000/slave-021/client-176.log: file already closed
zerolog: could not write event: write experiment-output/0000/slave-021/client-153.log: file already closed
zerolog: could not write event: write experiment-output/0000/slave-021/client-153.log: file already closed
zerolog: could not write event: write experiment-output/0000/slave-021/client-176.log: file already closed
zerolog: could not write event: write experiment-output/0000/slave-021/client-176.log: file already closed
zerolog: could not write event: write experiment-output/0000/slave-021/client-183.log: file already closed
zerolog: could not write event: write experiment-output/0000/slave-021/client-183.log: file already closed
zerolog: could not write event: write experiment-output/0000/slave-021/client-176.log: file already closed
zerolog: could not write event: write experiment-output/0000/slave-021/client-183.log: file already closed
zerolog: could not write event: write experiment-output/0000/slave-021/client-183.log: file already closed
08:56:17.862 INF Profile data written. filename=experiment-output/0000/slave-021/prof-client.cpu name=cpu
zerolog: could not write event: write experiment-output/0000/slave-021/client-151.log: file already closed
zerolog: could not write event: write experiment-output/0000/slave-021/client-151.log: file already closed
zerolog: could not write event: write experiment-output/0000/slave-021/client-151.log: file already closed
zerolog: could not write event: write experiment-output/0000/slave-021/client-164.log: file already closed
zerolog: could not write event: write experiment-output/0000/slave-021/client-151.log: file already closed
zerolog: could not write event: write experiment-output/0000/slave-021/client-156.log: file already closed
zerolog: could not write event: write experiment-output/0000/slave-021/client-156.log: file already closed
zerolog: could not write event: write experiment-output/0000/slave-021/client-132.log: file already closed
zerolog: could not write event: write experiment-output/0000/slave-021/client-132.log: file already closed
zerolog: could not write event: write experiment-output/0000/slave-021/client-164.log: file already closed
zerolog: could not write event: write experiment-output/0000/slave-021/client-164.log: file already closed
zerolog: could not write event: write experiment-output/0000/slave-021/client-156.log: file already closed
zerolog: could not write event: write experiment-output/0000/slave-021/client-156.log: file already closed
zerolog: could not write event: write experiment-output/0000/slave-021/client-164.log: file already closed
zerolog: could not write event: write experiment-output/0000/slave-021/client-132.log: file already closed
zerolog: could not write event: write experiment-output/0000/slave-021/client-132.log: file already closed
zerolog: could not write event: write experiment-output/0000/slave-021/client-148.log: file already closed
zerolog: could not write event: write experiment-output/0000/slave-021/client-148.log: file already closed
zerolog: could not write event: write experiment-output/0000/slave-021/client-148.log: file already closed
zerolog: could not write event: write experiment-output/0000/slave-021/client-148.log: file already closed
zerolog: could not write event: write experiment-output/0000/slave-021/client-153.log: file already closed
zerolog: could not write event: write experiment-output/0000/slave-021/client-153.log: file already closed
zerolog: could not write event: write experiment-output/0000/slave-021/client-153.log: file already closed
zerolog: could not write event: write experiment-output/0000/slave-021/client-176.log: file already closed
zerolog: could not write event: write experiment-output/0000/slave-021/client-176.log: file already closed
zerolog: could not write event: write experiment-output/0000/slave-021/client-153.log: file already closed
zerolog: could not write event: write experiment-output/0000/slave-021/client-183.log: file already closed
zerolog: could not write event: write experiment-output/0000/slave-021/client-176.log: file already closed
zerolog: could not write event: write experiment-output/0000/slave-021/client-183.log: file already closed
zerolog: could not write event: write experiment-output/0000/slave-021/client-176.log: file already closed
zerolog: could not write event: write experiment-output/0000/slave-021/client-183.log: file already closed
zerolog: could not write event: write experiment-output/0000/slave-021/client-183.log: file already closed
08:56:17.882 INF Profile data written. filename=experiment-output/0000/slave-021/prof-client.block name=block
08:56:17.888 INF Profile data written. filename=experiment-output/0000/slave-021/prof-client.mutex name=mutex
