{"level":"debug","Logging":"info","time":"2023-07-11T07:40:44Z","message":"Config"}
{"level":"debug","UseTLS":false,"time":"2023-07-11T07:40:44Z","message":"Config"}
{"level":"debug","CACertFile":"tls-data/ca.pem","time":"2023-07-11T07:40:44Z","message":"Config"}
{"level":"debug","KeyFile":"tls-data/auth.key","time":"2023-07-11T07:40:44Z","message":"Config"}
{"level":"debug","CertFile":"tls-data/auth.pem","time":"2023-07-11T07:40:44Z","message":"Config"}
{"level":"debug","PriorityConnections":2,"time":"2023-07-11T07:40:44Z","message":"Config"}
{"level":"debug","BasicConnections":1,"time":"2023-07-11T07:40:44Z","message":"Config"}
{"level":"debug","TestConnections":false,"time":"2023-07-11T07:40:44Z","message":"Config"}
{"level":"debug","ExcessConnections":1,"time":"2023-07-11T07:40:44Z","message":"Config"}
{"level":"debug","ConnectionTestMsgs":4,"time":"2023-07-11T07:40:44Z","message":"Config"}
{"level":"debug","ConnectionTestPayload":131072,"time":"2023-07-11T07:40:44Z","message":"Config"}
{"level":"debug","OutMessageBufsize":1024,"time":"2023-07-11T07:40:44Z","message":"Config"}
{"level":"debug","OutMessageBufsize":16,"time":"2023-07-11T07:40:44Z","message":"Config"}
{"level":"debug","ThroughputCap":131072000,"time":"2023-07-11T07:40:44Z","message":"Config"}
{"level":"debug","StragglerTolerance":1000,"time":"2023-07-11T07:40:44Z","message":"Config"}
{"level":"debug","BatchSizeIncrement":256,"time":"2023-07-11T07:40:44Z","message":"Config"}
{"level":"debug","Orderer":"Pbft","time":"2023-07-11T07:40:44Z","message":"Config"}
{"level":"debug","Manager":"Mir","time":"2023-07-11T07:40:44Z","message":"Config"}
{"level":"debug","Failures":0,"time":"2023-07-11T07:40:44Z","message":"Config"}
{"level":"debug","StragglerCnt":0,"time":"2023-07-11T07:40:44Z","message":"Config"}
{"level":"debug","CrashTiming":"Straggler","time":"2023-07-11T07:40:44Z","message":"Config"}
{"level":"debug","CheckpointInterval":2048,"time":"2023-07-11T07:40:44Z","message":"Config"}
{"level":"debug","WatermarkWindowSize":2048,"time":"2023-07-11T07:40:44Z","message":"Config"}
{"level":"debug","EpochLength":2048,"time":"2023-07-11T07:40:44Z","message":"Config"}
{"level":"debug","SegmentLength":32,"time":"2023-07-11T07:40:44Z","message":"Config"}
{"level":"debug","WaitForCheckpoints":true,"time":"2023-07-11T07:40:44Z","message":"Config"}
{"level":"debug","ClientWatermarkWindowSize":49152,"time":"2023-07-11T07:40:44Z","message":"Config"}
{"level":"debug","ClientRequestBacklogSize":49152,"time":"2023-07-11T07:40:44Z","message":"Config"}
{"level":"debug","RandomSeed":20617,"time":"2023-07-11T07:40:44Z","message":"Config"}
{"level":"debug","NodeToLeaderRatio":1,"time":"2023-07-11T07:40:44Z","message":"Config"}
{"level":"debug","LeaderPolicy":"Simple","time":"2023-07-11T07:40:44Z","message":"Config"}
{"level":"debug","DefaultLeaderBan":2,"time":"2023-07-11T07:40:44Z","message":"Config"}
{"level":"debug","NumBuckets":1024,"time":"2023-07-11T07:40:44Z","message":"Config"}
{"level":"debug","BatchSize":8000,"time":"2023-07-11T07:40:44Z","message":"Config"}
{"level":"debug","DisabledViewChange":false,"time":"2023-07-11T07:40:44Z","message":"Config"}
{"level":"debug","ViewChangeTimeout":60000,"time":"2023-07-11T07:40:44Z","message":"Config"}
{"level":"debug","ClientTraceSampling":10,"time":"2023-07-11T07:40:44Z","message":"Config"}
{"level":"debug","EventBufferSize":2097152,"time":"2023-07-11T07:40:44Z","message":"Config"}
{"level":"debug","TraceSampling":1,"time":"2023-07-11T07:40:44Z","message":"Config"}
{"level":"debug","ClientsPerProcess":8,"time":"2023-07-11T07:40:44Z","message":"Config"}
{"level":"debug","RequestsPerClient":4101,"time":"2023-07-11T07:40:44Z","message":"Config"}
{"level":"debug","ClientRunTime":15000,"time":"2023-07-11T07:40:44Z","message":"Config"}
{"level":"debug","RequestRate":136,"time":"2023-07-11T07:40:44Z","message":"Config"}
{"level":"debug","HardRequestRateLimit":false,"time":"2023-07-11T07:40:44Z","message":"Config"}
{"level":"debug","RequestPayloadSize":500,"time":"2023-07-11T07:40:44Z","message":"Config"}
{"level":"debug","SignRequests":true,"time":"2023-07-11T07:40:44Z","message":"Config"}
{"level":"debug","ClientPrivKeyFile":"tls-data/client-ecdsa-256.key","time":"2023-07-11T07:40:44Z","message":"Config"}
{"level":"debug","ClientPubKeyFile":"tls-data/client-ecdsa-256.pem","time":"2023-07-11T07:40:44Z","message":"Config"}
{"level":"debug","PrecomputeRequests":false,"time":"2023-07-11T07:40:44Z","message":"Config"}
{"level":"debug","RequestHandlerThreads":32,"time":"2023-07-11T07:40:44Z","message":"Config"}
{"level":"debug","RequestInputChannelBuffer":8192,"time":"2023-07-11T07:40:44Z","message":"Config"}
{"level":"debug","BatchVerifier":"external","time":"2023-07-11T07:40:44Z","message":"Config"}
07:40:44.598 INF Started Profiler: CPU
07:40:44.598 INF Started Profiler: BLOCK
07:40:44.598 INF Started Profiler: MUTEX
07:40:44.598 INF Starting clients. numClients=8 numRequests=4101
07:40:44.598 INF Initilizing clients.
07:40:44.867 INF Registared with discovery server. numOrderers=64 ownClientId=19
07:40:44.885 INF Registared with discovery server. numOrderers=64 ownClientId=147
07:40:44.886 INF Registared with discovery server. numOrderers=64 ownClientId=55
07:40:44.892 INF Registared with discovery server. numOrderers=64 ownClientId=103
07:40:44.913 INF Registared with discovery server. numOrderers=64 ownClientId=156
07:40:44.921 INF Registared with discovery server. numOrderers=64 ownClientId=174
07:40:44.928 INF Registared with discovery server. numOrderers=64 ownClientId=222
07:40:44.945 INF Registared with discovery server. numOrderers=64 ownClientId=230
07:40:44.945 INF Clients initialized.
07:40:44.945 INF Launching clients.
07:40:44.945 INF Waiting for clients.
07:41:09.592 INF Stopping Tracer. events=835 fileName=experiment-output/0001/slave-090/client-156.trc
07:41:09.593 INF Trace data written.
07:41:09.628 INF Stopping Tracer. events=1020 fileName=experiment-output/0001/slave-090/client-055.trc
07:41:09.629 INF Trace data written.
07:41:09.634 INF Stopping Tracer. events=1099 fileName=experiment-output/0001/slave-090/client-147.trc
07:41:09.634 INF Stopping Tracer. events=830 fileName=experiment-output/0001/slave-090/client-174.trc
07:41:09.636 INF Stopping Tracer. events=833 fileName=experiment-output/0001/slave-090/client-230.trc
07:41:09.636 INF Trace data written.
07:41:09.636 INF Trace data written.
07:41:09.638 INF Trace data written.
07:41:09.648 INF Stopping Tracer. events=836 fileName=experiment-output/0001/slave-090/client-222.trc
07:41:09.648 INF Stopping Tracer. events=1083 fileName=experiment-output/0001/slave-090/client-019.trc
07:41:09.649 INF Trace data written.
07:41:09.650 INF Trace data written.
zerolog: could not write event: write experiment-output/0001/slave-090/client-156.log: file already closed
zerolog: could not write event: write experiment-output/0001/slave-090/client-156.log: file already closed
zerolog: could not write event: write experiment-output/0001/slave-090/client-156.log: file already closed
zerolog: could not write event: write experiment-output/0001/slave-090/client-156.log: file already closed
zerolog: could not write event: write experiment-output/0001/slave-090/client-156.log: file already closed
zerolog: could not write event: write experiment-output/0001/slave-090/client-156.log: file already closed
zerolog: could not write event: write experiment-output/0001/slave-090/client-156.log: file already closed
zerolog: could not write event: write experiment-output/0001/slave-090/client-156.log: file already closed
zerolog: could not write event: write experiment-output/0001/slave-090/client-156.log: file already closed
zerolog: could not write event: write experiment-output/0001/slave-090/client-156.log: file already closed
zerolog: could not write event: write experiment-output/0001/slave-090/client-156.log: file already closed
zerolog: could not write event: write experiment-output/0001/slave-090/client-156.log: file already closed
zerolog: could not write event: write experiment-output/0001/slave-090/client-156.log: file already closed
zerolog: could not write event: write experiment-output/0001/slave-090/client-156.log: file already closed
zerolog: could not write event: write experiment-output/0001/slave-090/client-156.log: file already closed
zerolog: could not write event: write experiment-output/0001/slave-090/client-156.log: file already closed
zerolog: could not write event: write experiment-output/0001/slave-090/client-156.log: file already closed
zerolog: could not write event: write experiment-output/0001/slave-090/client-156.log: file already closed
zerolog: could not write event: write experiment-output/0001/slave-090/client-156.log: file already closed
zerolog: could not write event: write experiment-output/0001/slave-090/client-156.log: file already closed
zerolog: could not write event: write experiment-output/0001/slave-090/client-156.log: file already closed
zerolog: could not write event: write experiment-output/0001/slave-090/client-156.log: file already closed
zerolog: could not write event: write experiment-output/0001/slave-090/client-156.log: file already closed
zerolog: could not write event: write experiment-output/0001/slave-090/client-156.log: file already closed
zerolog: could not write event: write experiment-output/0001/slave-090/client-055.log: file already closed
zerolog: could not write event: write experiment-output/0001/slave-090/client-156.log: file already closed
zerolog: could not write event: write experiment-output/0001/slave-090/client-156.log: file already closed
zerolog: could not write event: write experiment-output/0001/slave-090/client-156.log: file already closed
zerolog: could not write event: write experiment-output/0001/slave-090/client-156.log: file already closed
zerolog: could not write event: write experiment-output/0001/slave-090/client-156.log: file already closed
07:41:09.697 INF Stopping Tracer. events=1927 fileName=experiment-output/0001/slave-090/client-103.trc
zerolog: could not write event: write experiment-output/0001/slave-090/client-156.log: file already closed
zerolog: could not write event: write experiment-output/0001/slave-090/client-055.log: file already closed
zerolog: could not write event: write experiment-output/0001/slave-090/client-156.log: file already closed
zerolog: could not write event: write experiment-output/0001/slave-090/client-156.log: file already closed
zerolog: could not write event: write experiment-output/0001/slave-090/client-156.log: file already closed
07:41:09.701 INF Trace data written.
07:41:09.701 INF Done.
07:41:09.701 INF Stopping profiler.
zerolog: could not write event: write experiment-output/0001/slave-090/client-156.log: file already closed
zerolog: could not write event: write experiment-output/0001/slave-090/client-147.log: file already closed
zerolog: could not write event: write experiment-output/0001/slave-090/client-156.log: file already closed
zerolog: could not write event: write experiment-output/0001/slave-090/client-055.log: file already closed
zerolog: could not write event: write experiment-output/0001/slave-090/client-156.log: file already closed
zerolog: could not write event: write experiment-output/0001/slave-090/client-156.log: file already closed
zerolog: could not write event: write experiment-output/0001/slave-090/client-156.log: file already closed
zerolog: could not write event: write experiment-output/0001/slave-090/client-156.log: file already closed
zerolog: could not write event: write experiment-output/0001/slave-090/client-055.log: file already closed
zerolog: could not write event: write experiment-output/0001/slave-090/client-055.log: file already closed
zerolog: could not write event: write experiment-output/0001/slave-090/client-147.log: file already closed
zerolog: could not write event: write experiment-output/0001/slave-090/client-230.log: file already closed
zerolog: could not write event: write experiment-output/0001/slave-090/client-156.log: file already closed
zerolog: could not write event: write experiment-output/0001/slave-090/client-174.log: file already closed
zerolog: could not write event: write experiment-output/0001/slave-090/client-222.log: file already closed
zerolog: could not write event: write experiment-output/0001/slave-090/client-156.log: file already closed
zerolog: could not write event: write experiment-output/0001/slave-090/client-156.log: file already closed
zerolog: could not write event: write experiment-output/0001/slave-090/client-156.log: file already closed
zerolog: could not write event: write experiment-output/0001/slave-090/client-230.log: file already closed
zerolog: could not write event: write experiment-output/0001/slave-090/client-156.log: file already closed
zerolog: could not write event: write experiment-output/0001/slave-090/client-147.log: file already closed
zerolog: could not write event: write experiment-output/0001/slave-090/client-147.log: file already closed
zerolog: could not write event: write experiment-output/0001/slave-090/client-156.log: file already closed
zerolog: could not write event: write experiment-output/0001/slave-090/client-156.log: file already closed
zerolog: could not write event: write experiment-output/0001/slave-090/client-147.log: file already closed
zerolog: could not write event: write experiment-output/0001/slave-090/client-055.log: file already closed
zerolog: could not write event: write experiment-output/0001/slave-090/client-055.log: file already closed
zerolog: could not write event: write experiment-output/0001/slave-090/client-156.log: file already closed
zerolog: could not write event: write experiment-output/0001/slave-090/client-156.log: file already closed
zerolog: could not write event: write experiment-output/0001/slave-090/client-156.log: file already closed
zerolog: could not write event: write experiment-output/0001/slave-090/client-156.log: file already closed
zerolog: could not write event: write experiment-output/0001/slave-090/client-055.log: file already closed
zerolog: could not write event: write experiment-output/0001/slave-090/client-156.log: file already closed
zerolog: could not write event: write experiment-output/0001/slave-090/client-019.log: file already closed
zerolog: could not write event: write experiment-output/0001/slave-090/client-147.log: file already closed
zerolog: could not write event: write experiment-output/0001/slave-090/client-055.log: file already closed
zerolog: could not write event: write experiment-output/0001/slave-090/client-156.log: file already closed
zerolog: could not write event: write experiment-output/0001/slave-090/client-156.log: file already closed
zerolog: could not write event: write experiment-output/0001/slave-090/client-230.log: file already closed
zerolog: could not write event: write experiment-output/0001/slave-090/client-156.log: file already closed
zerolog: could not write event: write experiment-output/0001/slave-090/client-174.log: file already closed
zerolog: could not write event: write experiment-output/0001/slave-090/client-230.log: file already closed
zerolog: could not write event: write experiment-output/0001/slave-090/client-230.log: file already closed
zerolog: could not write event: write experiment-output/0001/slave-090/client-174.log: file already closed
zerolog: could not write event: write experiment-output/0001/slave-090/client-156.log: file already closed
zerolog: could not write event: write experiment-output/0001/slave-090/client-230.log: file already closed
zerolog: could not write event: write experiment-output/0001/slave-090/client-156.log: file already closed
zerolog: could not write event: write experiment-output/0001/slave-090/client-230.log: file already closed
zerolog: could not write event: write experiment-output/0001/slave-090/client-156.log: file already closed
zerolog: could not write event: write experiment-output/0001/slave-090/client-230.log: file already closed
zerolog: could not write event: write experiment-output/0001/slave-090/client-156.log: file already closed
zerolog: could not write event: write experiment-output/0001/slave-090/client-156.log: file already closed
zerolog: could not write event: write experiment-output/0001/slave-090/client-055.log: file already closed
zerolog: could not write event: write experiment-output/0001/slave-090/client-156.log: file already closed
zerolog: could not write event: write experiment-output/0001/slave-090/client-055.log: file already closed
zerolog: could not write event: write experiment-output/0001/slave-090/client-055.log: file already closed
zerolog: could not write event: write experiment-output/0001/slave-090/client-147.log: file already closed
zerolog: could not write event: write experiment-output/0001/slave-090/client-156.log: file already closed
zerolog: could not write event: write experiment-output/0001/slave-090/client-222.log: file already closed
zerolog: could not write event: write experiment-output/0001/slave-090/client-230.log: file already closed
zerolog: could not write event: write experiment-output/0001/slave-090/client-230.log: file already closed
zerolog: could not write event: write experiment-output/0001/slave-090/client-055.log: file already closed
zerolog: could not write event: write experiment-output/0001/slave-090/client-147.log: file already closed
zerolog: could not write event: write experiment-output/0001/slave-090/client-055.log: file already closed
zerolog: could not write event: write experiment-output/0001/slave-090/client-019.log: file already closed
zerolog: could not write event: write experiment-output/0001/slave-090/client-055.log: file already closed
zerolog: could not write event: write experiment-output/0001/slave-090/client-156.log: file already closed
zerolog: could not write event: write experiment-output/0001/slave-090/client-055.log: file already closed
zerolog: could not write event: write experiment-output/0001/slave-090/client-147.log: file already closed
zerolog: could not write event: write experiment-output/0001/slave-090/client-222.log: file already closed
zerolog: could not write event: write experiment-output/0001/slave-090/client-055.log: file already closed
zerolog: could not write event: write experiment-output/0001/slave-090/client-156.log: file already closed
zerolog: could not write event: write experiment-output/0001/slave-090/client-147.log: file already closed
zerolog: could not write event: write experiment-output/0001/slave-090/client-019.log: file already closed
zerolog: could not write event: write experiment-output/0001/slave-090/client-019.log: file already closed
zerolog: could not write event: write experiment-output/0001/slave-090/client-230.log: file already closed
zerolog: could not write event: write experiment-output/0001/slave-090/client-055.log: file already closed
zerolog: could not write event: write experiment-output/0001/slave-090/client-055.log: file already closed
zerolog: could not write event: write experiment-output/0001/slave-090/client-019.log: file already closed
zerolog: could not write event: write experiment-output/0001/slave-090/client-147.log: file already closed
zerolog: could not write event: write experiment-output/0001/slave-090/client-055.log: file already closed
zerolog: could not write event: write experiment-output/0001/slave-090/client-147.log: file already closed
zerolog: could not write event: write experiment-output/0001/slave-090/client-055.log: file already closed
zerolog: could not write event: write experiment-output/0001/slave-090/client-055.log: file already closed
zerolog: could not write event: write experiment-output/0001/slave-090/client-147.log: file already closed
zerolog: could not write event: write experiment-output/0001/slave-090/client-055.log: file already closed
zerolog: could not write event: write experiment-output/0001/slave-090/client-230.log: file already closed
zerolog: could not write event: write experiment-output/0001/slave-090/client-230.log: file already closed
zerolog: could not write event: write experiment-output/0001/slave-090/client-147.log: file already closed
zerolog: could not write event: write experiment-output/0001/slave-090/client-230.log: file already closed
zerolog: could not write event: write experiment-output/0001/slave-090/client-174.log: file already closed
zerolog: could not write event: write experiment-output/0001/slave-090/client-147.log: file already closed
zerolog: could not write event: write experiment-output/0001/slave-090/client-156.log: file already closed
zerolog: could not write event: write experiment-output/0001/slave-090/client-174.log: file already closed
zerolog: could not write event: write experiment-output/0001/slave-090/client-174.log: file already closed
zerolog: could not write event: write experiment-output/0001/slave-090/client-147.log: file already closed
zerolog: could not write event: write experiment-output/0001/slave-090/client-147.log: file already closed
zerolog: could not write event: write experiment-output/0001/slave-090/client-055.log: file already closed
zerolog: could not write event: write experiment-output/0001/slave-090/client-222.log: file already closed
zerolog: could not write event: write experiment-output/0001/slave-090/client-055.log: file already closed
zerolog: could not write event: write experiment-output/0001/slave-090/client-174.log: file already closed
zerolog: could not write event: write experiment-output/0001/slave-090/client-055.log: file already closed
zerolog: could not write event: write experiment-output/0001/slave-090/client-174.log: file already closed
zerolog: could not write event: write experiment-output/0001/slave-090/client-019.log: file already closed
zerolog: could not write event: write experiment-output/0001/slave-090/client-230.log: file already closed
zerolog: could not write event: write experiment-output/0001/slave-090/client-055.log: file already closed
zerolog: could not write event: write experiment-output/0001/slave-090/client-222.log: file already closed
zerolog: could not write event: write experiment-output/0001/slave-090/client-230.log: file already closed
zerolog: could not write event: write experiment-output/0001/slave-090/client-019.log: file already closed
zerolog: could not write event: write experiment-output/0001/slave-090/client-230.log: file already closed
zerolog: could not write event: write experiment-output/0001/slave-090/client-174.log: file already closed
zerolog: could not write event: write experiment-output/0001/slave-090/client-055.log: file already closed
zerolog: could not write event: write experiment-output/0001/slave-090/client-174.log: file already closed
zerolog: could not write event: write experiment-output/0001/slave-090/client-147.log: file already closed
zerolog: could not write event: write experiment-output/0001/slave-090/client-174.log: file already closed
zerolog: could not write event: write experiment-output/0001/slave-090/client-147.log: file already closed
zerolog: could not write event: write experiment-output/0001/slave-090/client-147.log: file already closed
zerolog: could not write event: write experiment-output/0001/slave-090/client-055.log: file already closed
zerolog: could not write event: write experiment-output/0001/slave-090/client-055.log: file already closed
zerolog: could not write event: write experiment-output/0001/slave-090/client-174.log: file already closed
zerolog: could not write event: write experiment-output/0001/slave-090/client-230.log: file already closed
zerolog: could not write event: write experiment-output/0001/slave-090/client-055.log: file already closed
zerolog: could not write event: write experiment-output/0001/slave-090/client-055.log: file already closed
zerolog: could not write event: write experiment-output/0001/slave-090/client-147.log: file already closed
zerolog: could not write event: write experiment-output/0001/slave-090/client-019.log: file already closed
zerolog: could not write event: write experiment-output/0001/slave-090/client-147.log: file already closed
zerolog: could not write event: write experiment-output/0001/slave-090/client-147.log: file already closed
zerolog: could not write event: write experiment-output/0001/slave-090/client-222.log: file already closed
zerolog: could not write event: write experiment-output/0001/slave-090/client-147.log: file already closed
zerolog: could not write event: write experiment-output/0001/slave-090/client-019.log: file already closed
zerolog: could not write event: write experiment-output/0001/slave-090/client-230.log: file already closed
zerolog: could not write event: write experiment-output/0001/slave-090/client-174.log: file already closed
zerolog: could not write event: write experiment-output/0001/slave-090/client-174.log: file already closed
zerolog: could not write event: write experiment-output/0001/slave-090/client-222.log: file already closed
zerolog: could not write event: write experiment-output/0001/slave-090/client-222.log: file already closed
zerolog: could not write event: write experiment-output/0001/slave-090/client-055.log: file already closed
zerolog: could not write event: write experiment-output/0001/slave-090/client-174.log: file already closed
zerolog: could not write event: write experiment-output/0001/slave-090/client-055.log: file already closed
zerolog: could not write event: write experiment-output/0001/slave-090/client-222.log: file already closed
zerolog: could not write event: write experiment-output/0001/slave-090/client-055.log: file already closed
zerolog: could not write event: write experiment-output/0001/slave-090/client-174.log: file already closed
zerolog: could not write event: write experiment-output/0001/slave-090/client-230.log: file already closed
zerolog: could not write event: write experiment-output/0001/slave-090/client-147.log: file already closed
zerolog: could not write event: write experiment-output/0001/slave-090/client-230.log: file already closed
zerolog: could not write event: write experiment-output/0001/slave-090/client-230.log: file already closed
zerolog: could not write event: write experiment-output/0001/slave-090/client-055.log: file already closed
zerolog: could not write event: write experiment-output/0001/slave-090/client-147.log: file already closed
zerolog: could not write event: write experiment-output/0001/slave-090/client-019.log: file already closed
zerolog: could not write event: write experiment-output/0001/slave-090/client-147.log: file already closed
zerolog: could not write event: write experiment-output/0001/slave-090/client-147.log: file already closed
zerolog: could not write event: write experiment-output/0001/slave-090/client-174.log: file already closed
zerolog: could not write event: write experiment-output/0001/slave-090/client-230.log: file already closed
zerolog: could not write event: write experiment-output/0001/slave-090/client-019.log: file already closed
zerolog: could not write event: write experiment-output/0001/slave-090/client-055.log: file already closed
zerolog: could not write event: write experiment-output/0001/slave-090/client-055.log: file already closed
zerolog: could not write event: write experiment-output/0001/slave-090/client-222.log: file already closed
zerolog: could not write event: write experiment-output/0001/slave-090/client-230.log: file already closed
zerolog: could not write event: write experiment-output/0001/slave-090/client-174.log: file already closed
zerolog: could not write event: write experiment-output/0001/slave-090/client-230.log: file already closed
zerolog: could not write event: write experiment-output/0001/slave-090/client-147.log: file already closed
zerolog: could not write event: write experiment-output/0001/slave-090/client-055.log: file already closed
zerolog: could not write event: write experiment-output/0001/slave-090/client-230.log: file already closed
zerolog: could not write event: write experiment-output/0001/slave-090/client-055.log: file already closed
zerolog: could not write event: write experiment-output/0001/slave-090/client-230.log: file already closed
zerolog: could not write event: write experiment-output/0001/slave-090/client-174.log: file already closed
zerolog: could not write event: write experiment-output/0001/slave-090/client-147.log: file already closed
zerolog: could not write event: write experiment-output/0001/slave-090/client-230.log: file already closed
zerolog: could not write event: write experiment-output/0001/slave-090/client-174.log: file already closed
zerolog: could not write event: write experiment-output/0001/slave-090/client-222.log: file already closed
zerolog: could not write event: write experiment-output/0001/slave-090/client-230.log: file already closed
zerolog: could not write event: write experiment-output/0001/slave-090/client-055.log: file already closed
zerolog: could not write event: write experiment-output/0001/slave-090/client-055.log: file already closed
zerolog: could not write event: write experiment-output/0001/slave-090/client-174.log: file already closed
zerolog: could not write event: write experiment-output/0001/slave-090/client-222.log: file already closed
zerolog: could not write event: write experiment-output/0001/slave-090/client-222.log: file already closed
zerolog: could not write event: write experiment-output/0001/slave-090/client-174.log: file already closed
zerolog: could not write event: write experiment-output/0001/slave-090/client-147.log: file already closed
zerolog: could not write event: write experiment-output/0001/slave-090/client-222.log: file already closed
zerolog: could not write event: write experiment-output/0001/slave-090/client-174.log: file already closed
zerolog: could not write event: write experiment-output/0001/slave-090/client-230.log: file already closed
zerolog: could not write event: write experiment-output/0001/slave-090/client-230.log: file already closed
zerolog: could not write event: write experiment-output/0001/slave-090/client-174.log: file already closed
zerolog: could not write event: write experiment-output/0001/slave-090/client-055.log: file already closed
zerolog: could not write event: write experiment-output/0001/slave-090/client-222.log: file already closed
zerolog: could not write event: write experiment-output/0001/slave-090/client-019.log: file already closed
zerolog: could not write event: write experiment-output/0001/slave-090/client-055.log: file already closed
zerolog: could not write event: write experiment-output/0001/slave-090/client-174.log: file already closed
zerolog: could not write event: write experiment-output/0001/slave-090/client-019.log: file already closed
zerolog: could not write event: write experiment-output/0001/slave-090/client-055.log: file already closed
zerolog: could not write event: write experiment-output/0001/slave-090/client-222.log: file already closed
zerolog: could not write event: write experiment-output/0001/slave-090/client-230.log: file already closed
zerolog: could not write event: write experiment-output/0001/slave-090/client-230.log: file already closed
zerolog: could not write event: write experiment-output/0001/slave-090/client-222.log: file already closed
zerolog: could not write event: write experiment-output/0001/slave-090/client-230.log: file already closed
zerolog: could not write event: write experiment-output/0001/slave-090/client-055.log: file already closed
zerolog: could not write event: write experiment-output/0001/slave-090/client-174.log: file already closed
zerolog: could not write event: write experiment-output/0001/slave-090/client-147.log: file already closed
zerolog: could not write event: write experiment-output/0001/slave-090/client-147.log: file already closed
zerolog: could not write event: write experiment-output/0001/slave-090/client-019.log: file already closed
zerolog: could not write event: write experiment-output/0001/slave-090/client-147.log: file already closed
zerolog: could not write event: write experiment-output/0001/slave-090/client-055.log: file already closed
zerolog: could not write event: write experiment-output/0001/slave-090/client-222.log: file already closed
zerolog: could not write event: write experiment-output/0001/slave-090/client-174.log: file already closed
zerolog: could not write event: write experiment-output/0001/slave-090/client-230.log: file already closed
zerolog: could not write event: write experiment-output/0001/slave-090/client-147.log: file already closed
zerolog: could not write event: write experiment-output/0001/slave-090/client-230.log: file already closed
zerolog: could not write event: write experiment-output/0001/slave-090/client-174.log: file already closed
zerolog: could not write event: write experiment-output/0001/slave-090/client-055.log: file already closed
zerolog: could not write event: write experiment-output/0001/slave-090/client-230.log: file already closed
zerolog: could not write event: write experiment-output/0001/slave-090/client-055.log: file already closed
zerolog: could not write event: write experiment-output/0001/slave-090/client-019.log: file already closed
zerolog: could not write event: write experiment-output/0001/slave-090/client-147.log: file already closed
zerolog: could not write event: write experiment-output/0001/slave-090/client-174.log: file already closed
zerolog: could not write event: write experiment-output/0001/slave-090/client-174.log: file already closed
zerolog: could not write event: write experiment-output/0001/slave-090/client-147.log: file already closed
zerolog: could not write event: write experiment-output/0001/slave-090/client-174.log: file already closed
zerolog: could not write event: write experiment-output/0001/slave-090/client-019.log: file already closed
zerolog: could not write event: write experiment-output/0001/slave-090/client-230.log: file already closed
zerolog: could not write event: write experiment-output/0001/slave-090/client-019.log: file already closed
zerolog: could not write event: write experiment-output/0001/slave-090/client-019.log: file already closed
zerolog: could not write event: write experiment-output/0001/slave-090/client-230.log: file already closed
zerolog: could not write event: write experiment-output/0001/slave-090/client-174.log: file already closed
zerolog: could not write event: write experiment-output/0001/slave-090/client-230.log: file already closed
zerolog: could not write event: write experiment-output/0001/slave-090/client-147.log: file already closed
zerolog: could not write event: write experiment-output/0001/slave-090/client-230.log: file already closed
zerolog: could not write event: write experiment-output/0001/slave-090/client-222.log: file already closed
zerolog: could not write event: write experiment-output/0001/slave-090/client-055.log: file already closed
zerolog: could not write event: write experiment-output/0001/slave-090/client-174.log: file already closed
zerolog: could not write event: write experiment-output/0001/slave-090/client-174.log: file already closed
zerolog: could not write event: write experiment-output/0001/slave-090/client-055.log: file already closed
zerolog: could not write event: write experiment-output/0001/slave-090/client-230.log: file already closed
zerolog: could not write event: write experiment-output/0001/slave-090/client-147.log: file already closed
zerolog: could not write event: write experiment-output/0001/slave-090/client-174.log: file already closed
zerolog: could not write event: write experiment-output/0001/slave-090/client-230.log: file already closed
zerolog: could not write event: write experiment-output/0001/slave-090/client-019.log: file already closed
zerolog: could not write event: write experiment-output/0001/slave-090/client-222.log: file already closed
zerolog: could not write event: write experiment-output/0001/slave-090/client-147.log: file already closed
zerolog: could not write event: write experiment-output/0001/slave-090/client-174.log: file already closed
zerolog: could not write event: write experiment-output/0001/slave-090/client-222.log: file already closed
zerolog: could not write event: write experiment-output/0001/slave-090/client-230.log: file already closed
zerolog: could not write event: write experiment-output/0001/slave-090/client-222.log: file already closed
zerolog: could not write event: write experiment-output/0001/slave-090/client-174.log: file already closed
zerolog: could not write event: write experiment-output/0001/slave-090/client-147.log: file already closed
zerolog: could not write event: write experiment-output/0001/slave-090/client-055.log: file already closed
zerolog: could not write event: write experiment-output/0001/slave-090/client-222.log: file already closed
zerolog: could not write event: write experiment-output/0001/slave-090/client-222.log: file already closed
zerolog: could not write event: write experiment-output/0001/slave-090/client-222.log: file already closed
zerolog: could not write event: write experiment-output/0001/slave-090/client-230.log: file already closed
zerolog: could not write event: write experiment-output/0001/slave-090/client-174.log: file already closed
zerolog: could not write event: write experiment-output/0001/slave-090/client-019.log: file already closed
zerolog: could not write event: write experiment-output/0001/slave-090/client-147.log: file already closed
zerolog: could not write event: write experiment-output/0001/slave-090/client-174.log: file already closed
zerolog: could not write event: write experiment-output/0001/slave-090/client-174.log: file already closed
zerolog: could not write event: write experiment-output/0001/slave-090/client-174.log: file already closed
zerolog: could not write event: write experiment-output/0001/slave-090/client-174.log: file already closed
zerolog: could not write event: write experiment-output/0001/slave-090/client-230.log: file already closed
zerolog: could not write event: write experiment-output/0001/slave-090/client-222.log: file already closed
zerolog: could not write event: write experiment-output/0001/slave-090/client-147.log: file already closed
zerolog: could not write event: write experiment-output/0001/slave-090/client-019.log: file already closed
zerolog: could not write event: write experiment-output/0001/slave-090/client-019.log: file already closed
zerolog: could not write event: write experiment-output/0001/slave-090/client-222.log: file already closed
zerolog: could not write event: write experiment-output/0001/slave-090/client-147.log: file already closed
zerolog: could not write event: write experiment-output/0001/slave-090/client-147.log: file already closed
zerolog: could not write event: write experiment-output/0001/slave-090/client-019.log: file already closed
zerolog: could not write event: write experiment-output/0001/slave-090/client-019.log: file already closed
zerolog: could not write event: write experiment-output/0001/slave-090/client-055.log: file already closed
zerolog: could not write event: write experiment-output/0001/slave-090/client-222.log: file already closed
zerolog: could not write event: write experiment-output/0001/slave-090/client-222.log: file already closed
zerolog: could not write event: write experiment-output/0001/slave-090/client-174.log: file already closed
zerolog: could not write event: write experiment-output/0001/slave-090/client-222.log: file already closed
zerolog: could not write event: write experiment-output/0001/slave-090/client-222.log: file already closed
zerolog: could not write event: write experiment-output/0001/slave-090/client-147.log: file already closed
zerolog: could not write event: write experiment-output/0001/slave-090/client-019.log: file already closed
zerolog: could not write event: write experiment-output/0001/slave-090/client-019.log: file already closed
zerolog: could not write event: write experiment-output/0001/slave-090/client-174.log: file already closed
zerolog: could not write event: write experiment-output/0001/slave-090/client-222.log: file already closed
zerolog: could not write event: write experiment-output/0001/slave-090/client-230.log: file already closed
zerolog: could not write event: write experiment-output/0001/slave-090/client-222.log: file already closed
zerolog: could not write event: write experiment-output/0001/slave-090/client-019.log: file already closed
zerolog: could not write event: write experiment-output/0001/slave-090/client-147.log: file already closed
zerolog: could not write event: write experiment-output/0001/slave-090/client-222.log: file already closed
zerolog: could not write event: write experiment-output/0001/slave-090/client-147.log: file already closed
zerolog: could not write event: write experiment-output/0001/slave-090/client-230.log: file already closed
zerolog: could not write event: write experiment-output/0001/slave-090/client-147.log: file already closed
zerolog: could not write event: write experiment-output/0001/slave-090/client-019.log: file already closed
zerolog: could not write event: write experiment-output/0001/slave-090/client-019.log: file already closed
zerolog: could not write event: write experiment-output/0001/slave-090/client-055.log: file already closed
zerolog: could not write event: write experiment-output/0001/slave-090/client-230.log: file already closed
zerolog: could not write event: write experiment-output/0001/slave-090/client-055.log: file already closed
zerolog: could not write event: write experiment-output/0001/slave-090/client-222.log: file already closed
zerolog: could not write event: write experiment-output/0001/slave-090/client-019.log: file already closed
zerolog: could not write event: write experiment-output/0001/slave-090/client-230.log: file already closed
zerolog: could not write event: write experiment-output/0001/slave-090/client-174.log: file already closed
zerolog: could not write event: write experiment-output/0001/slave-090/client-222.log: file already closed
zerolog: could not write event: write experiment-output/0001/slave-090/client-055.log: file already closed
zerolog: could not write event: write experiment-output/0001/slave-090/client-230.log: file already closed
zerolog: could not write event: write experiment-output/0001/slave-090/client-147.log: file already closed
zerolog: could not write event: write experiment-output/0001/slave-090/client-222.log: file already closed
zerolog: could not write event: write experiment-output/0001/slave-090/client-019.log: file already closed
zerolog: could not write event: write experiment-output/0001/slave-090/client-055.log: file already closed
zerolog: could not write event: write experiment-output/0001/slave-090/client-174.log: file already closed
zerolog: could not write event: write experiment-output/0001/slave-090/client-222.log: file already closed
zerolog: could not write event: write experiment-output/0001/slave-090/client-019.log: file already closed
zerolog: could not write event: write experiment-output/0001/slave-090/client-019.log: file already closed
zerolog: could not write event: write experiment-output/0001/slave-090/client-019.log: file already closed
zerolog: could not write event: write experiment-output/0001/slave-090/client-174.log: file already closed
zerolog: could not write event: write experiment-output/0001/slave-090/client-230.log: file already closed
zerolog: could not write event: write experiment-output/0001/slave-090/client-230.log: file already closed
zerolog: could not write event: write experiment-output/0001/slave-090/client-019.log: file already closed
zerolog: could not write event: write experiment-output/0001/slave-090/client-174.log: file already closed
zerolog: could not write event: write experiment-output/0001/slave-090/client-174.log: file already closed
zerolog: could not write event: write experiment-output/0001/slave-090/client-222.log: file already closed
zerolog: could not write event: write experiment-output/0001/slave-090/client-019.log: file already closed
zerolog: could not write event: write experiment-output/0001/slave-090/client-222.log: file already closed
zerolog: could not write event: write experiment-output/0001/slave-090/client-147.log: file already closed
zerolog: could not write event: write experiment-output/0001/slave-090/client-222.log: file already closed
zerolog: could not write event: write experiment-output/0001/slave-090/client-222.log: file already closed
zerolog: could not write event: write experiment-output/0001/slave-090/client-174.log: file already closed
zerolog: could not write event: write experiment-output/0001/slave-090/client-222.log: file already closed
zerolog: could not write event: write experiment-output/0001/slave-090/client-222.log: file already closed
zerolog: could not write event: write experiment-output/0001/slave-090/client-147.log: file already closed
zerolog: could not write event: write experiment-output/0001/slave-090/client-230.log: file already closed
zerolog: could not write event: write experiment-output/0001/slave-090/client-222.log: file already closed
zerolog: could not write event: write experiment-output/0001/slave-090/client-147.log: file already closed
zerolog: could not write event: write experiment-output/0001/slave-090/client-174.log: file already closed
zerolog: could not write event: write experiment-output/0001/slave-090/client-147.log: file already closed
zerolog: could not write event: write experiment-output/0001/slave-090/client-019.log: file already closed
zerolog: could not write event: write experiment-output/0001/slave-090/client-019.log: file already closed
zerolog: could not write event: write experiment-output/0001/slave-090/client-147.log: file already closed
zerolog: could not write event: write experiment-output/0001/slave-090/client-019.log: file already closed
zerolog: could not write event: write experiment-output/0001/slave-090/client-019.log: file already closed
zerolog: could not write event: write experiment-output/0001/slave-090/client-174.log: file already closed
zerolog: could not write event: write experiment-output/0001/slave-090/client-222.log: file already closed
zerolog: could not write event: write experiment-output/0001/slave-090/client-055.log: file already closed
zerolog: could not write event: write experiment-output/0001/slave-090/client-019.log: file already closed
zerolog: could not write event: write experiment-output/0001/slave-090/client-174.log: file already closed
zerolog: could not write event: write experiment-output/0001/slave-090/client-230.log: file already closed
zerolog: could not write event: write experiment-output/0001/slave-090/client-019.log: file already closed
zerolog: could not write event: write experiment-output/0001/slave-090/client-230.log: file already closed
zerolog: could not write event: write experiment-output/0001/slave-090/client-174.log: file already closed
zerolog: could not write event: write experiment-output/0001/slave-090/client-222.log: file already closed
zerolog: could not write event: write experiment-output/0001/slave-090/client-147.log: file already closed
zerolog: could not write event: write experiment-output/0001/slave-090/client-174.log: file already closed
zerolog: could not write event: write experiment-output/0001/slave-090/client-222.log: file already closed
zerolog: could not write event: write experiment-output/0001/slave-090/client-055.log: file already closed
zerolog: could not write event: write experiment-output/0001/slave-090/client-147.log: file already closed
zerolog: could not write event: write experiment-output/0001/slave-090/client-055.log: file already closed
zerolog: could not write event: write experiment-output/0001/slave-090/client-019.log: file already closed
zerolog: could not write event: write experiment-output/0001/slave-090/client-147.log: file already closed
zerolog: could not write event: write experiment-output/0001/slave-090/client-147.log: file already closed
zerolog: could not write event: write experiment-output/0001/slave-090/client-019.log: file already closed
zerolog: could not write event: write experiment-output/0001/slave-090/client-222.log: file already closed
zerolog: could not write event: write experiment-output/0001/slave-090/client-019.log: file already closed
zerolog: could not write event: write experiment-output/0001/slave-090/client-174.log: file already closed
zerolog: could not write event: write experiment-output/0001/slave-090/client-230.log: file already closed
zerolog: could not write event: write experiment-output/0001/slave-090/client-230.log: file already closed
zerolog: could not write event: write experiment-output/0001/slave-090/client-174.log: file already closed
zerolog: could not write event: write experiment-output/0001/slave-090/client-147.log: file already closed
zerolog: could not write event: write experiment-output/0001/slave-090/client-222.log: file already closed
zerolog: could not write event: write experiment-output/0001/slave-090/client-055.log: file already closed
zerolog: could not write event: write experiment-output/0001/slave-090/client-174.log: file already closed
zerolog: could not write event: write experiment-output/0001/slave-090/client-019.log: file already closed
zerolog: could not write event: write experiment-output/0001/slave-090/client-222.log: file already closed
zerolog: could not write event: write experiment-output/0001/slave-090/client-147.log: file already closed
zerolog: could not write event: write experiment-output/0001/slave-090/client-222.log: file already closed
zerolog: could not write event: write experiment-output/0001/slave-090/client-222.log: file already closed
zerolog: could not write event: write experiment-output/0001/slave-090/client-019.log: file already closed
zerolog: could not write event: write experiment-output/0001/slave-090/client-019.log: file already closed
zerolog: could not write event: write experiment-output/0001/slave-090/client-230.log: file already closed
zerolog: could not write event: write experiment-output/0001/slave-090/client-019.log: file already closed
zerolog: could not write event: write experiment-output/0001/slave-090/client-230.log: file already closed
zerolog: could not write event: write experiment-output/0001/slave-090/client-055.log: file already closed
zerolog: could not write event: write experiment-output/0001/slave-090/client-147.log: file already closed
zerolog: could not write event: write experiment-output/0001/slave-090/client-019.log: file already closed
zerolog: could not write event: write experiment-output/0001/slave-090/client-055.log: file already closed
zerolog: could not write event: write experiment-output/0001/slave-090/client-147.log: file already closed
zerolog: could not write event: write experiment-output/0001/slave-090/client-222.log: file already closed
zerolog: could not write event: write experiment-output/0001/slave-090/client-222.log: file already closed
zerolog: could not write event: write experiment-output/0001/slave-090/client-222.log: file already closed
zerolog: could not write event: write experiment-output/0001/slave-090/client-019.log: file already closed
zerolog: could not write event: write experiment-output/0001/slave-090/client-019.log: file already closed
zerolog: could not write event: write experiment-output/0001/slave-090/client-019.log: file already closed
zerolog: could not write event: write experiment-output/0001/slave-090/client-055.log: file already closed
zerolog: could not write event: write experiment-output/0001/slave-090/client-147.log: file already closed
zerolog: could not write event: write experiment-output/0001/slave-090/client-174.log: file already closed
zerolog: could not write event: write experiment-output/0001/slave-090/client-222.log: file already closed
zerolog: could not write event: write experiment-output/0001/slave-090/client-230.log: file already closed
zerolog: could not write event: write experiment-output/0001/slave-090/client-230.log: file already closed
zerolog: could not write event: write experiment-output/0001/slave-090/client-019.log: file already closed
zerolog: could not write event: write experiment-output/0001/slave-090/client-174.log: file already closed
zerolog: could not write event: write experiment-output/0001/slave-090/client-174.log: file already closed
zerolog: could not write event: write experiment-output/0001/slave-090/client-230.log: file already closed
zerolog: could not write event: write experiment-output/0001/slave-090/client-019.log: file already closed
zerolog: could not write event: write experiment-output/0001/slave-090/client-222.log: file already closed
zerolog: could not write event: write experiment-output/0001/slave-090/client-222.log: file already closed
zerolog: could not write event: write experiment-output/0001/slave-090/client-019.log: file already closed
zerolog: could not write event: write experiment-output/0001/slave-090/client-222.log: file already closed
zerolog: could not write event: write experiment-output/0001/slave-090/client-174.log: file already closed
zerolog: could not write event: write experiment-output/0001/slave-090/client-019.log: file already closed
zerolog: could not write event: write experiment-output/0001/slave-090/client-222.log: file already closed
zerolog: could not write event: write experiment-output/0001/slave-090/client-230.log: file already closed
zerolog: could not write event: write experiment-output/0001/slave-090/client-222.log: file already closed
zerolog: could not write event: write experiment-output/0001/slave-090/client-019.log: file already closed
zerolog: could not write event: write experiment-output/0001/slave-090/client-222.log: file already closed
zerolog: could not write event: write experiment-output/0001/slave-090/client-174.log: file already closed
zerolog: could not write event: write experiment-output/0001/slave-090/client-103.log: file already closed
zerolog: could not write event: write experiment-output/0001/slave-090/client-174.log: file already closed
zerolog: could not write event: write experiment-output/0001/slave-090/client-019.log: file already closed
zerolog: could not write event: write experiment-output/0001/slave-090/client-222.log: file already closed
zerolog: could not write event: write experiment-output/0001/slave-090/client-019.log: file already closed
zerolog: could not write event: write experiment-output/0001/slave-090/client-019.log: file already closed
zerolog: could not write event: write experiment-output/0001/slave-090/client-019.log: file already closed
zerolog: could not write event: write experiment-output/0001/slave-090/client-019.log: file already closed
zerolog: could not write event: write experiment-output/0001/slave-090/client-019.log: file already closed
zerolog: could not write event: write experiment-output/0001/slave-090/client-103.log: file already closed
zerolog: could not write event: write experiment-output/0001/slave-090/client-103.log: file already closed
zerolog: could not write event: write experiment-output/0001/slave-090/client-103.log: file already closed
zerolog: could not write event: write experiment-output/0001/slave-090/client-103.log: file already closed
zerolog: could not write event: write experiment-output/0001/slave-090/client-103.log: file already closed
zerolog: could not write event: write experiment-output/0001/slave-090/client-103.log: file already closed
zerolog: could not write event: write experiment-output/0001/slave-090/client-103.log: file already closed
zerolog: could not write event: write experiment-output/0001/slave-090/client-103.log: file already closed
zerolog: could not write event: write experiment-output/0001/slave-090/client-103.log: file already closed
zerolog: could not write event: write experiment-output/0001/slave-090/client-103.log: file already closed
zerolog: could not write event: write experiment-output/0001/slave-090/client-103.log: file already closed
zerolog: could not write event: write experiment-output/0001/slave-090/client-103.log: file already closed
zerolog: could not write event: write experiment-output/0001/slave-090/client-103.log: file already closed
zerolog: could not write event: write experiment-output/0001/slave-090/client-103.log: file already closed
zerolog: could not write event: write experiment-output/0001/slave-090/client-103.log: file already closed
zerolog: could not write event: write experiment-output/0001/slave-090/client-103.log: file already closed
zerolog: could not write event: write experiment-output/0001/slave-090/client-103.log: file already closed
zerolog: could not write event: write experiment-output/0001/slave-090/client-103.log: file already closed
zerolog: could not write event: write experiment-output/0001/slave-090/client-103.log: file already closed
zerolog: could not write event: write experiment-output/0001/slave-090/client-103.log: file already closed
zerolog: could not write event: write experiment-output/0001/slave-090/client-103.log: file already closed
zerolog: could not write event: write experiment-output/0001/slave-090/client-103.log: file already closed
zerolog: could not write event: write experiment-output/0001/slave-090/client-103.log: file already closed
zerolog: could not write event: write experiment-output/0001/slave-090/client-103.log: file already closed
zerolog: could not write event: write experiment-output/0001/slave-090/client-103.log: file already closed
zerolog: could not write event: write experiment-output/0001/slave-090/client-103.log: file already closed
zerolog: could not write event: write experiment-output/0001/slave-090/client-103.log: file already closed
zerolog: could not write event: write experiment-output/0001/slave-090/client-103.log: file already closed
zerolog: could not write event: write experiment-output/0001/slave-090/client-103.log: file already closed
zerolog: could not write event: write experiment-output/0001/slave-090/client-103.log: file already closed
zerolog: could not write event: write experiment-output/0001/slave-090/client-103.log: file already closed
zerolog: could not write event: write experiment-output/0001/slave-090/client-103.log: file already closed
zerolog: could not write event: write experiment-output/0001/slave-090/client-103.log: file already closed
zerolog: could not write event: write experiment-output/0001/slave-090/client-103.log: file already closed
zerolog: could not write event: write experiment-output/0001/slave-090/client-103.log: file already closed
zerolog: could not write event: write experiment-output/0001/slave-090/client-103.log: file already closed
zerolog: could not write event: write experiment-output/0001/slave-090/client-103.log: file already closed
zerolog: could not write event: write experiment-output/0001/slave-090/client-103.log: file already closed
zerolog: could not write event: write experiment-output/0001/slave-090/client-103.log: file already closed
zerolog: could not write event: write experiment-output/0001/slave-090/client-103.log: file already closed
zerolog: could not write event: write experiment-output/0001/slave-090/client-103.log: file already closed
zerolog: could not write event: write experiment-output/0001/slave-090/client-103.log: file already closed
zerolog: could not write event: write experiment-output/0001/slave-090/client-103.log: file already closed
zerolog: could not write event: write experiment-output/0001/slave-090/client-103.log: file already closed
zerolog: could not write event: write experiment-output/0001/slave-090/client-103.log: file already closed
zerolog: could not write event: write experiment-output/0001/slave-090/client-103.log: file already closed
zerolog: could not write event: write experiment-output/0001/slave-090/client-103.log: file already closed
zerolog: could not write event: write experiment-output/0001/slave-090/client-103.log: file already closed
zerolog: could not write event: write experiment-output/0001/slave-090/client-103.log: file already closed
zerolog: could not write event: write experiment-output/0001/slave-090/client-103.log: file already closed
zerolog: could not write event: write experiment-output/0001/slave-090/client-103.log: file already closed
zerolog: could not write event: write experiment-output/0001/slave-090/client-103.log: file already closed
zerolog: could not write event: write experiment-output/0001/slave-090/client-103.log: file already closed
07:41:09.822 INF Profile data written. filename=experiment-output/0001/slave-090/prof-client.cpu name=cpu
zerolog: could not write event: write experiment-output/0001/slave-090/client-103.log: file already closed
zerolog: could not write event: write experiment-output/0001/slave-090/client-103.log: file already closed
zerolog: could not write event: write experiment-output/0001/slave-090/client-103.log: file already closed
zerolog: could not write event: write experiment-output/0001/slave-090/client-103.log: file already closed
zerolog: could not write event: write experiment-output/0001/slave-090/client-103.log: file already closed
zerolog: could not write event: write experiment-output/0001/slave-090/client-103.log: file already closed
zerolog: could not write event: write experiment-output/0001/slave-090/client-103.log: file already closed
zerolog: could not write event: write experiment-output/0001/slave-090/client-103.log: file already closed
zerolog: could not write event: write experiment-output/0001/slave-090/client-103.log: file already closed
zerolog: could not write event: write experiment-output/0001/slave-090/client-103.log: file already closed
07:41:09.841 INF Profile data written. filename=experiment-output/0001/slave-090/prof-client.block name=block
07:41:09.848 INF Profile data written. filename=experiment-output/0001/slave-090/prof-client.mutex name=mutex
