{"level":"debug","Logging":"info","time":"2023-07-11T02:40:33Z","message":"Config"}
{"level":"debug","UseTLS":false,"time":"2023-07-11T02:40:33Z","message":"Config"}
{"level":"debug","CACertFile":"tls-data/ca.pem","time":"2023-07-11T02:40:33Z","message":"Config"}
{"level":"debug","KeyFile":"tls-data/auth.key","time":"2023-07-11T02:40:33Z","message":"Config"}
{"level":"debug","CertFile":"tls-data/auth.pem","time":"2023-07-11T02:40:33Z","message":"Config"}
{"level":"debug","PriorityConnections":2,"time":"2023-07-11T02:40:33Z","message":"Config"}
{"level":"debug","BasicConnections":1,"time":"2023-07-11T02:40:33Z","message":"Config"}
{"level":"debug","TestConnections":false,"time":"2023-07-11T02:40:33Z","message":"Config"}
{"level":"debug","ExcessConnections":1,"time":"2023-07-11T02:40:33Z","message":"Config"}
{"level":"debug","ConnectionTestMsgs":4,"time":"2023-07-11T02:40:33Z","message":"Config"}
{"level":"debug","ConnectionTestPayload":131072,"time":"2023-07-11T02:40:33Z","message":"Config"}
{"level":"debug","OutMessageBufsize":1024,"time":"2023-07-11T02:40:33Z","message":"Config"}
{"level":"debug","OutMessageBufsize":4,"time":"2023-07-11T02:40:33Z","message":"Config"}
{"level":"debug","ThroughputCap":131072000,"time":"2023-07-11T02:40:33Z","message":"Config"}
{"level":"debug","StragglerTolerance":1000,"time":"2023-07-11T02:40:33Z","message":"Config"}
{"level":"debug","BatchSizeIncrement":256,"time":"2023-07-11T02:40:33Z","message":"Config"}
{"level":"debug","Orderer":"Pbft","time":"2023-07-11T02:40:33Z","message":"Config"}
{"level":"debug","Manager":"Mir","time":"2023-07-11T02:40:33Z","message":"Config"}
{"level":"debug","Failures":0,"time":"2023-07-11T02:40:33Z","message":"Config"}
{"level":"debug","StragglerCnt":1,"time":"2023-07-11T02:40:33Z","message":"Config"}
{"level":"debug","PrivKeyCnt":10,"time":"2023-07-11T02:40:33Z","message":"Config"}
{"level":"debug","UseSig":false,"time":"2023-07-11T02:40:33Z","message":"Config"}
{"level":"debug","TnCheckpointCnt":3,"time":"2023-07-11T02:40:33Z","message":"Config"}
{"level":"debug","CrashTiming":"Straggler","time":"2023-07-11T02:40:33Z","message":"Config"}
{"level":"debug","CheckpointInterval":2048,"time":"2023-07-11T02:40:33Z","message":"Config"}
{"level":"debug","WatermarkWindowSize":2048,"time":"2023-07-11T02:40:33Z","message":"Config"}
{"level":"debug","EpochLength":2048,"time":"2023-07-11T02:40:33Z","message":"Config"}
{"level":"debug","SegmentLength":128,"time":"2023-07-11T02:40:33Z","message":"Config"}
{"level":"debug","WaitForCheckpoints":true,"time":"2023-07-11T02:40:33Z","message":"Config"}
{"level":"debug","ClientWatermarkWindowSize":49152,"time":"2023-07-11T02:40:33Z","message":"Config"}
{"level":"debug","ClientRequestBacklogSize":49152,"time":"2023-07-11T02:40:33Z","message":"Config"}
{"level":"debug","RandomSeed":16224,"time":"2023-07-11T02:40:33Z","message":"Config"}
{"level":"debug","NodeToLeaderRatio":1,"time":"2023-07-11T02:40:33Z","message":"Config"}
{"level":"debug","LeaderPolicy":"Simple","time":"2023-07-11T02:40:33Z","message":"Config"}
{"level":"debug","DefaultLeaderBan":2,"time":"2023-07-11T02:40:33Z","message":"Config"}
{"level":"debug","NumBuckets":256,"time":"2023-07-11T02:40:33Z","message":"Config"}
{"level":"debug","BatchSize":2000,"time":"2023-07-11T02:40:33Z","message":"Config"}
{"level":"debug","DisabledViewChange":false,"time":"2023-07-11T02:40:33Z","message":"Config"}
{"level":"debug","ViewChangeTimeout":60000,"time":"2023-07-11T02:40:33Z","message":"Config"}
{"level":"debug","ClientTraceSampling":10,"time":"2023-07-11T02:40:33Z","message":"Config"}
{"level":"debug","EventBufferSize":2097152,"time":"2023-07-11T02:40:33Z","message":"Config"}
{"level":"debug","TraceSampling":1,"time":"2023-07-11T02:40:33Z","message":"Config"}
{"level":"debug","ClientsPerProcess":8,"time":"2023-07-11T02:40:33Z","message":"Config"}
{"level":"debug","RequestsPerClient":3515,"time":"2023-07-11T02:40:33Z","message":"Config"}
{"level":"debug","ClientRunTime":15000,"time":"2023-07-11T02:40:33Z","message":"Config"}
{"level":"debug","RequestRate":117,"time":"2023-07-11T02:40:33Z","message":"Config"}
{"level":"debug","HardRequestRateLimit":false,"time":"2023-07-11T02:40:33Z","message":"Config"}
{"level":"debug","RequestPayloadSize":500,"time":"2023-07-11T02:40:33Z","message":"Config"}
{"level":"debug","SignRequests":true,"time":"2023-07-11T02:40:33Z","message":"Config"}
{"level":"debug","ClientPrivKeyFile":"tls-data/client-ecdsa-256.key","time":"2023-07-11T02:40:33Z","message":"Config"}
{"level":"debug","ClientPubKeyFile":"tls-data/client-ecdsa-256.pem","time":"2023-07-11T02:40:33Z","message":"Config"}
{"level":"debug","PrecomputeRequests":false,"time":"2023-07-11T02:40:33Z","message":"Config"}
{"level":"debug","RequestHandlerThreads":32,"time":"2023-07-11T02:40:33Z","message":"Config"}
{"level":"debug","RequestInputChannelBuffer":8192,"time":"2023-07-11T02:40:33Z","message":"Config"}
{"level":"debug","BatchVerifier":"external","time":"2023-07-11T02:40:33Z","message":"Config"}
02:40:33.654 INF Started Profiler: CPU
02:40:33.654 INF Started Profiler: BLOCK
02:40:33.654 INF Started Profiler: MUTEX
02:40:33.654 INF Starting clients. numClients=8 numRequests=3515
02:40:33.654 INF Initilizing clients.
02:40:33.940 INF Registared with discovery server. numOrderers=16 ownClientId=25
02:40:33.947 INF Registared with discovery server. numOrderers=16 ownClientId=16
02:40:33.954 INF Registared with discovery server. numOrderers=16 ownClientId=26
02:40:33.963 INF Registared with discovery server. numOrderers=16 ownClientId=49
02:40:33.981 INF Registared with discovery server. numOrderers=16 ownClientId=105
02:40:33.983 INF Registared with discovery server. numOrderers=16 ownClientId=119
02:40:33.992 INF Registared with discovery server. numOrderers=16 ownClientId=204
02:40:34.008 INF Registared with discovery server. numOrderers=16 ownClientId=234
02:40:34.008 INF Clients initialized.
02:40:34.008 INF Launching clients.
02:40:34.008 INF Waiting for clients.
02:41:45.604 INF Stopping Tracer. events=705 fileName=experiment-output/0000/slave-016/client-119.trc
02:41:45.604 INF Stopping Tracer. events=1009 fileName=experiment-output/0000/slave-016/client-234.trc
02:41:45.605 INF Trace data written.
02:41:45.606 INF Trace data written.
02:41:45.606 INF Stopping Tracer. events=705 fileName=experiment-output/0000/slave-016/client-105.trc
02:41:45.608 INF Trace data written.
02:41:45.610 INF Stopping Tracer. events=1111 fileName=experiment-output/0000/slave-016/client-016.trc
02:41:45.610 INF Stopping Tracer. events=1057 fileName=experiment-output/0000/slave-016/client-026.trc
02:41:45.613 INF Trace data written.
02:41:45.613 INF Trace data written.
02:41:45.613 INF Stopping Tracer. events=705 fileName=experiment-output/0000/slave-016/client-025.trc
02:41:45.614 INF Trace data written.
02:41:45.625 INF Stopping Tracer. events=977 fileName=experiment-output/0000/slave-016/client-204.trc
02:41:45.627 INF Trace data written.
02:41:45.653 INF Stopping Tracer. events=705 fileName=experiment-output/0000/slave-016/client-049.trc
02:41:45.654 INF Trace data written.
02:41:45.654 INF Done.
02:41:45.654 INF Stopping profiler.
zerolog: could not write event: write experiment-output/0000/slave-016/client-119.log: file already closed
zerolog: could not write event: write experiment-output/0000/slave-016/client-119.log: file already closed
zerolog: could not write event: write experiment-output/0000/slave-016/client-119.log: file already closed
zerolog: could not write event: write experiment-output/0000/slave-016/client-119.log: file already closed
zerolog: could not write event: write experiment-output/0000/slave-016/client-119.log: file already closed
zerolog: could not write event: write experiment-output/0000/slave-016/client-119.log: file already closed
zerolog: could not write event: write experiment-output/0000/slave-016/client-234.log: file already closed
zerolog: could not write event: write experiment-output/0000/slave-016/client-119.log: file already closed
zerolog: could not write event: write experiment-output/0000/slave-016/client-234.log: file already closed
zerolog: could not write event: write experiment-output/0000/slave-016/client-016.log: file already closed
zerolog: could not write event: write experiment-output/0000/slave-016/client-119.log: file already closed
zerolog: could not write event: write experiment-output/0000/slave-016/client-119.log: file already closed
zerolog: could not write event: write experiment-output/0000/slave-016/client-119.log: file already closed
zerolog: could not write event: write experiment-output/0000/slave-016/client-234.log: file already closed
zerolog: could not write event: write experiment-output/0000/slave-016/client-234.log: file already closed
zerolog: could not write event: write experiment-output/0000/slave-016/client-105.log: file already closed
zerolog: could not write event: write experiment-output/0000/slave-016/client-119.log: file already closed
zerolog: could not write event: write experiment-output/0000/slave-016/client-025.log: file already closed
zerolog: could not write event: write experiment-output/0000/slave-016/client-025.log: file already closed
zerolog: could not write event: write experiment-output/0000/slave-016/client-119.log: file already closed
zerolog: could not write event: write experiment-output/0000/slave-016/client-234.log: file already closed
zerolog: could not write event: write experiment-output/0000/slave-016/client-234.log: file already closed
zerolog: could not write event: write experiment-output/0000/slave-016/client-016.log: file already closed
zerolog: could not write event: write experiment-output/0000/slave-016/client-016.log: file already closed
zerolog: could not write event: write experiment-output/0000/slave-016/client-026.log: file already closed
zerolog: could not write event: write experiment-output/0000/slave-016/client-234.log: file already closed
zerolog: could not write event: write experiment-output/0000/slave-016/client-105.log: file already closed
zerolog: could not write event: write experiment-output/0000/slave-016/client-234.log: file already closed
zerolog: could not write event: write experiment-output/0000/slave-016/client-204.log: file already closed
zerolog: could not write event: write experiment-output/0000/slave-016/client-016.log: file already closed
zerolog: could not write event: write experiment-output/0000/slave-016/client-025.log: file already closed
zerolog: could not write event: write experiment-output/0000/slave-016/client-105.log: file already closed
zerolog: could not write event: write experiment-output/0000/slave-016/client-105.log: file already closed
zerolog: could not write event: write experiment-output/0000/slave-016/client-025.log: file already closed
zerolog: could not write event: write experiment-output/0000/slave-016/client-234.log: file already closed
zerolog: could not write event: write experiment-output/0000/slave-016/client-016.log: file already closed
zerolog: could not write event: write experiment-output/0000/slave-016/client-025.log: file already closed
zerolog: could not write event: write experiment-output/0000/slave-016/client-025.log: file already closed
zerolog: could not write event: write experiment-output/0000/slave-016/client-026.log: file already closed
zerolog: could not write event: write experiment-output/0000/slave-016/client-234.log: file already closed
zerolog: could not write event: write experiment-output/0000/slave-016/client-016.log: file already closed
zerolog: could not write event: write experiment-output/0000/slave-016/client-025.log: file already closed
zerolog: could not write event: write experiment-output/0000/slave-016/client-204.log: file already closed
zerolog: could not write event: write experiment-output/0000/slave-016/client-119.log: file already closed
zerolog: could not write event: write experiment-output/0000/slave-016/client-105.log: file already closed
zerolog: could not write event: write experiment-output/0000/slave-016/client-204.log: file already closed
zerolog: could not write event: write experiment-output/0000/slave-016/client-234.log: file already closed
zerolog: could not write event: write experiment-output/0000/slave-016/client-016.log: file already closed
zerolog: could not write event: write experiment-output/0000/slave-016/client-026.log: file already closed
zerolog: could not write event: write experiment-output/0000/slave-016/client-026.log: file already closed
zerolog: could not write event: write experiment-output/0000/slave-016/client-026.log: file already closed
zerolog: could not write event: write experiment-output/0000/slave-016/client-026.log: file already closed
zerolog: could not write event: write experiment-output/0000/slave-016/client-105.log: file already closed
zerolog: could not write event: write experiment-output/0000/slave-016/client-119.log: file already closed
zerolog: could not write event: write experiment-output/0000/slave-016/client-026.log: file already closed
zerolog: could not write event: write experiment-output/0000/slave-016/client-119.log: file already closed
zerolog: could not write event: write experiment-output/0000/slave-016/client-105.log: file already closed
zerolog: could not write event: write experiment-output/0000/slave-016/client-119.log: file already closed
zerolog: could not write event: write experiment-output/0000/slave-016/client-016.log: file already closed
zerolog: could not write event: write experiment-output/0000/slave-016/client-105.log: file already closed
zerolog: could not write event: write experiment-output/0000/slave-016/client-204.log: file already closed
zerolog: could not write event: write experiment-output/0000/slave-016/client-025.log: file already closed
zerolog: could not write event: write experiment-output/0000/slave-016/client-016.log: file already closed
zerolog: could not write event: write experiment-output/0000/slave-016/client-016.log: file already closed
zerolog: could not write event: write experiment-output/0000/slave-016/client-105.log: file already closed
zerolog: could not write event: write experiment-output/0000/slave-016/client-026.log: file already closed
zerolog: could not write event: write experiment-output/0000/slave-016/client-026.log: file already closed
zerolog: could not write event: write experiment-output/0000/slave-016/client-204.log: file already closed
zerolog: could not write event: write experiment-output/0000/slave-016/client-026.log: file already closed
zerolog: could not write event: write experiment-output/0000/slave-016/client-025.log: file already closed
zerolog: could not write event: write experiment-output/0000/slave-016/client-026.log: file already closed
zerolog: could not write event: write experiment-output/0000/slave-016/client-234.log: file already closed
zerolog: could not write event: write experiment-output/0000/slave-016/client-234.log: file already closed
zerolog: could not write event: write experiment-output/0000/slave-016/client-025.log: file already closed
zerolog: could not write event: write experiment-output/0000/slave-016/client-105.log: file already closed
zerolog: could not write event: write experiment-output/0000/slave-016/client-204.log: file already closed
zerolog: could not write event: write experiment-output/0000/slave-016/client-016.log: file already closed
zerolog: could not write event: write experiment-output/0000/slave-016/client-016.log: file already closed
zerolog: could not write event: write experiment-output/0000/slave-016/client-204.log: file already closed
zerolog: could not write event: write experiment-output/0000/slave-016/client-234.log: file already closed
zerolog: could not write event: write experiment-output/0000/slave-016/client-204.log: file already closed
zerolog: could not write event: write experiment-output/0000/slave-016/client-025.log: file already closed
zerolog: could not write event: write experiment-output/0000/slave-016/client-204.log: file already closed
zerolog: could not write event: write experiment-output/0000/slave-016/client-016.log: file already closed
zerolog: could not write event: write experiment-output/0000/slave-016/client-105.log: file already closed
zerolog: could not write event: write experiment-output/0000/slave-016/client-234.log: file already closed
zerolog: could not write event: write experiment-output/0000/slave-016/client-025.log: file already closed
zerolog: could not write event: write experiment-output/0000/slave-016/client-025.log: file already closed
zerolog: could not write event: write experiment-output/0000/slave-016/client-016.log: file already closed
zerolog: could not write event: write experiment-output/0000/slave-016/client-105.log: file already closed
zerolog: could not write event: write experiment-output/0000/slave-016/client-234.log: file already closed
zerolog: could not write event: write experiment-output/0000/slave-016/client-026.log: file already closed
zerolog: could not write event: write experiment-output/0000/slave-016/client-026.log: file already closed
zerolog: could not write event: write experiment-output/0000/slave-016/client-105.log: file already closed
zerolog: could not write event: write experiment-output/0000/slave-016/client-105.log: file already closed
zerolog: could not write event: write experiment-output/0000/slave-016/client-025.log: file already closed
zerolog: could not write event: write experiment-output/0000/slave-016/client-204.log: file already closed
zerolog: could not write event: write experiment-output/0000/slave-016/client-204.log: file already closed
zerolog: could not write event: write experiment-output/0000/slave-016/client-025.log: file already closed
zerolog: could not write event: write experiment-output/0000/slave-016/client-105.log: file already closed
zerolog: could not write event: write experiment-output/0000/slave-016/client-049.log: file already closed
zerolog: could not write event: write experiment-output/0000/slave-016/client-049.log: file already closed
zerolog: could not write event: write experiment-output/0000/slave-016/client-025.log: file already closed
zerolog: could not write event: write experiment-output/0000/slave-016/client-026.log: file already closed
zerolog: could not write event: write experiment-output/0000/slave-016/client-049.log: file already closed
zerolog: could not write event: write experiment-output/0000/slave-016/client-204.log: file already closed
zerolog: could not write event: write experiment-output/0000/slave-016/client-049.log: file already closed
zerolog: could not write event: write experiment-output/0000/slave-016/client-026.log: file already closed
zerolog: could not write event: write experiment-output/0000/slave-016/client-016.log: file already closed
zerolog: could not write event: write experiment-output/0000/slave-016/client-105.log: file already closed
zerolog: could not write event: write experiment-output/0000/slave-016/client-049.log: file already closed
zerolog: could not write event: write experiment-output/0000/slave-016/client-049.log: file already closed
zerolog: could not write event: write experiment-output/0000/slave-016/client-204.log: file already closed
zerolog: could not write event: write experiment-output/0000/slave-016/client-026.log: file already closed
zerolog: could not write event: write experiment-output/0000/slave-016/client-049.log: file already closed
zerolog: could not write event: write experiment-output/0000/slave-016/client-049.log: file already closed
zerolog: could not write event: write experiment-output/0000/slave-016/client-016.log: file already closed
zerolog: could not write event: write experiment-output/0000/slave-016/client-204.log: file already closed
zerolog: could not write event: write experiment-output/0000/slave-016/client-204.log: file already closed
zerolog: could not write event: write experiment-output/0000/slave-016/client-049.log: file already closed
zerolog: could not write event: write experiment-output/0000/slave-016/client-049.log: file already closed
zerolog: could not write event: write experiment-output/0000/slave-016/client-049.log: file already closed
zerolog: could not write event: write experiment-output/0000/slave-016/client-049.log: file already closed
zerolog: could not write event: write experiment-output/0000/slave-016/client-049.log: file already closed
zerolog: could not write event: write experiment-output/0000/slave-016/client-204.log: file already closed
zerolog: could not write event: write experiment-output/0000/slave-016/client-049.log: file already closed
zerolog: could not write event: write experiment-output/0000/slave-016/client-049.log: file already closed
zerolog: could not write event: write experiment-output/0000/slave-016/client-049.log: file already closed
02:41:45.808 INF Profile data written. filename=experiment-output/0000/slave-016/prof-client.cpu name=cpu
02:41:45.826 INF Profile data written. filename=experiment-output/0000/slave-016/prof-client.block name=block
02:41:45.830 INF Profile data written. filename=experiment-output/0000/slave-016/prof-client.mutex name=mutex
