{"level":"debug","Logging":"info","time":"2023-03-24T02:27:39Z","message":"Config"}
{"level":"debug","UseTLS":false,"time":"2023-03-24T02:27:39Z","message":"Config"}
{"level":"debug","CACertFile":"tls-data/ca.pem","time":"2023-03-24T02:27:39Z","message":"Config"}
{"level":"debug","KeyFile":"tls-data/auth.key","time":"2023-03-24T02:27:39Z","message":"Config"}
{"level":"debug","CertFile":"tls-data/auth.pem","time":"2023-03-24T02:27:39Z","message":"Config"}
{"level":"debug","PriorityConnections":2,"time":"2023-03-24T02:27:39Z","message":"Config"}
{"level":"debug","BasicConnections":1,"time":"2023-03-24T02:27:39Z","message":"Config"}
{"level":"debug","TestConnections":false,"time":"2023-03-24T02:27:39Z","message":"Config"}
{"level":"debug","ExcessConnections":1,"time":"2023-03-24T02:27:39Z","message":"Config"}
{"level":"debug","ConnectionTestMsgs":4,"time":"2023-03-24T02:27:39Z","message":"Config"}
{"level":"debug","ConnectionTestPayload":131072,"time":"2023-03-24T02:27:39Z","message":"Config"}
{"level":"debug","OutMessageBufsize":1024,"time":"2023-03-24T02:27:39Z","message":"Config"}
{"level":"debug","OutMessageBufsize":4,"time":"2023-03-24T02:27:39Z","message":"Config"}
{"level":"debug","ThroughputCap":131072000,"time":"2023-03-24T02:27:39Z","message":"Config"}
{"level":"debug","StragglerTolerance":1000,"time":"2023-03-24T02:27:39Z","message":"Config"}
{"level":"debug","BatchSizeIncrement":256,"time":"2023-03-24T02:27:39Z","message":"Config"}
{"level":"debug","Orderer":"Pbft","time":"2023-03-24T02:27:39Z","message":"Config"}
{"level":"debug","Manager":"Mir","time":"2023-03-24T02:27:39Z","message":"Config"}
{"level":"debug","Failures":0,"time":"2023-03-24T02:27:39Z","message":"Config"}
{"level":"debug","StragglerCnt":1,"time":"2023-03-24T02:27:39Z","message":"Config"}
{"level":"debug","PrivKeyCnt":10,"time":"2023-03-24T02:27:39Z","message":"Config"}
{"level":"debug","UseSig":false,"time":"2023-03-24T02:27:39Z","message":"Config"}
{"level":"debug","CrashTiming":"Straggler","time":"2023-03-24T02:27:39Z","message":"Config"}
{"level":"debug","CheckpointInterval":512,"time":"2023-03-24T02:27:39Z","message":"Config"}
{"level":"debug","WatermarkWindowSize":512,"time":"2023-03-24T02:27:39Z","message":"Config"}
{"level":"debug","EpochLength":512,"time":"2023-03-24T02:27:39Z","message":"Config"}
{"level":"debug","SegmentLength":32,"time":"2023-03-24T02:27:39Z","message":"Config"}
{"level":"debug","WaitForCheckpoints":true,"time":"2023-03-24T02:27:39Z","message":"Config"}
{"level":"debug","ClientWatermarkWindowSize":16384,"time":"2023-03-24T02:27:39Z","message":"Config"}
{"level":"debug","ClientRequestBacklogSize":16384,"time":"2023-03-24T02:27:39Z","message":"Config"}
{"level":"debug","RandomSeed":26897,"time":"2023-03-24T02:27:39Z","message":"Config"}
{"level":"debug","NodeToLeaderRatio":1,"time":"2023-03-24T02:27:39Z","message":"Config"}
{"level":"debug","LeaderPolicy":"Simple","time":"2023-03-24T02:27:39Z","message":"Config"}
{"level":"debug","DefaultLeaderBan":2,"time":"2023-03-24T02:27:39Z","message":"Config"}
{"level":"debug","NumBuckets":256,"time":"2023-03-24T02:27:39Z","message":"Config"}
{"level":"debug","BatchSize":4000,"time":"2023-03-24T02:27:39Z","message":"Config"}
{"level":"debug","DisabledViewChange":false,"time":"2023-03-24T02:27:39Z","message":"Config"}
{"level":"debug","ViewChangeTimeout":60000,"time":"2023-03-24T02:27:39Z","message":"Config"}
{"level":"debug","ClientTraceSampling":10,"time":"2023-03-24T02:27:39Z","message":"Config"}
{"level":"debug","EventBufferSize":2097152,"time":"2023-03-24T02:27:39Z","message":"Config"}
{"level":"debug","TraceSampling":1,"time":"2023-03-24T02:27:39Z","message":"Config"}
{"level":"debug","ClientsPerProcess":8,"time":"2023-03-24T02:27:39Z","message":"Config"}
{"level":"debug","RequestsPerClient":1440,"time":"2023-03-24T02:27:39Z","message":"Config"}
{"level":"debug","ClientRunTime":15000,"time":"2023-03-24T02:27:39Z","message":"Config"}
{"level":"debug","RequestRate":48,"time":"2023-03-24T02:27:39Z","message":"Config"}
{"level":"debug","HardRequestRateLimit":false,"time":"2023-03-24T02:27:39Z","message":"Config"}
{"level":"debug","RequestPayloadSize":500,"time":"2023-03-24T02:27:39Z","message":"Config"}
{"level":"debug","SignRequests":true,"time":"2023-03-24T02:27:39Z","message":"Config"}
{"level":"debug","ClientPrivKeyFile":"tls-data/client-ecdsa-256.key","time":"2023-03-24T02:27:39Z","message":"Config"}
{"level":"debug","ClientPubKeyFile":"tls-data/client-ecdsa-256.pem","time":"2023-03-24T02:27:39Z","message":"Config"}
{"level":"debug","PrecomputeRequests":false,"time":"2023-03-24T02:27:39Z","message":"Config"}
{"level":"debug","RequestHandlerThreads":32,"time":"2023-03-24T02:27:39Z","message":"Config"}
{"level":"debug","RequestInputChannelBuffer":8192,"time":"2023-03-24T02:27:39Z","message":"Config"}
{"level":"debug","BatchVerifier":"external","time":"2023-03-24T02:27:39Z","message":"Config"}
02:27:39.990 INF Started Profiler: CPU
02:27:39.990 INF Started Profiler: BLOCK
02:27:39.990 INF Started Profiler: MUTEX
02:27:39.990 INF Starting clients. numClients=8 numRequests=1440
02:27:39.990 INF Initilizing clients.
02:27:39.995 INF Registared with discovery server. numOrderers=16 ownClientId=37
02:27:39.995 INF Registared with discovery server. numOrderers=16 ownClientId=38
02:27:39.996 INF Registared with discovery server. numOrderers=16 ownClientId=43
02:27:39.996 INF Registared with discovery server. numOrderers=16 ownClientId=51
02:27:39.996 INF Registared with discovery server. numOrderers=16 ownClientId=40
02:27:39.996 INF Registared with discovery server. numOrderers=16 ownClientId=44
02:27:39.997 INF Registared with discovery server. numOrderers=16 ownClientId=58
02:27:39.997 INF Registared with discovery server. numOrderers=16 ownClientId=54
02:27:39.997 INF Clients initialized.
02:27:39.997 INF Launching clients.
02:27:39.997 INF Waiting for clients.
02:28:00.973 INF Stopping Tracer. events=293 fileName=experiment-output/0000/slave-002/client-044.trc
zerolog: could not write event: write experiment-output/0000/slave-002/client-044.log: file already closed
zerolog: could not write event: write experiment-output/0000/slave-002/client-044.log: file already closed
zerolog: could not write event: write experiment-output/0000/slave-002/client-044.log: file already closed
zerolog: could not write event: write experiment-output/0000/slave-002/client-044.log: file already closed
02:28:00.974 INF Trace data written.
02:28:00.989 INF Stopping Tracer. events=328 fileName=experiment-output/0000/slave-002/client-058.trc
02:28:00.990 INF Trace data written.
zerolog: could not write event: write experiment-output/0000/slave-002/client-058.log: file already closed
zerolog: could not write event: write experiment-output/0000/slave-002/client-058.log: file already closed
zerolog: could not write event: write experiment-output/0000/slave-002/client-058.log: file already closed
zerolog: could not write event: write experiment-output/0000/slave-002/client-058.log: file already closed
02:28:00.998 INF Stopping Tracer. events=464 fileName=experiment-output/0000/slave-002/client-040.trc
02:28:00.998 INF Stopping Tracer. events=392 fileName=experiment-output/0000/slave-002/client-037.trc
zerolog: could not write event: write experiment-output/0000/slave-002/client-040.log: file already closed
zerolog: could not write event: write experiment-output/0000/slave-002/client-037.log: file already closed
zerolog: could not write event: write experiment-output/0000/slave-002/client-037.log: file already closed
zerolog: could not write event: write experiment-output/0000/slave-002/client-040.log: file already closed
zerolog: could not write event: write experiment-output/0000/slave-002/client-040.log: file already closed
zerolog: could not write event: write experiment-output/0000/slave-002/client-037.log: file already closed
zerolog: could not write event: write experiment-output/0000/slave-002/client-037.log: file already closed
zerolog: could not write event: write experiment-output/0000/slave-002/client-040.log: file already closed
02:28:00.999 INF Stopping Tracer. events=365 fileName=experiment-output/0000/slave-002/client-051.trc
02:28:00.999 INF Trace data written.
02:28:00.999 INF Trace data written.
zerolog: could not write event: write experiment-output/0000/slave-002/client-051.log: file already closed
zerolog: could not write event: write experiment-output/0000/slave-002/client-051.log: file already closed
zerolog: could not write event: write experiment-output/0000/slave-002/client-051.log: file already closed
zerolog: could not write event: write experiment-output/0000/slave-002/client-051.log: file already closed
02:28:01.000 INF Trace data written.
02:28:01.008 INF Stopping Tracer. events=296 fileName=experiment-output/0000/slave-002/client-038.trc
02:28:01.009 INF Trace data written.
zerolog: could not write event: write experiment-output/0000/slave-002/client-038.log: file already closed
zerolog: could not write event: write experiment-output/0000/slave-002/client-038.log: file already closed
zerolog: could not write event: write experiment-output/0000/slave-002/client-038.log: file already closed
zerolog: could not write event: write experiment-output/0000/slave-002/client-038.log: file already closed
02:28:01.019 INF Stopping Tracer. events=319 fileName=experiment-output/0000/slave-002/client-054.trc
02:28:01.019 INF Stopping Tracer. events=405 fileName=experiment-output/0000/slave-002/client-043.trc
zerolog: could not write event: write experiment-output/0000/slave-002/client-054.log: file already closed
zerolog: could not write event: write experiment-output/0000/slave-002/client-054.log: file already closed
zerolog: could not write event: write experiment-output/0000/slave-002/client-054.log: file already closed
zerolog: could not write event: write experiment-output/0000/slave-002/client-043.log: file already closed
zerolog: could not write event: write experiment-output/0000/slave-002/client-043.log: file already closed
zerolog: could not write event: write experiment-output/0000/slave-002/client-054.log: file already closed
zerolog: could not write event: write experiment-output/0000/slave-002/client-043.log: file already closed
zerolog: could not write event: write experiment-output/0000/slave-002/client-043.log: file already closed
02:28:01.020 INF Trace data written.
02:28:01.020 INF Trace data written.
02:28:01.020 INF Done.
02:28:01.020 INF Stopping profiler.
zerolog: could not write event: write experiment-output/0000/slave-002/client-044.log: file already closed
zerolog: could not write event: write experiment-output/0000/slave-002/client-044.log: file already closed
zerolog: could not write event: write experiment-output/0000/slave-002/client-044.log: file already closed
zerolog: could not write event: write experiment-output/0000/slave-002/client-044.log: file already closed
zerolog: could not write event: write experiment-output/0000/slave-002/client-058.log: file already closed
zerolog: could not write event: write experiment-output/0000/slave-002/client-058.log: file already closed
zerolog: could not write event: write experiment-output/0000/slave-002/client-058.log: file already closed
zerolog: could not write event: write experiment-output/0000/slave-002/client-058.log: file already closed
zerolog: could not write event: write experiment-output/0000/slave-002/client-037.log: file already closed
zerolog: could not write event: write experiment-output/0000/slave-002/client-037.log: file already closed
zerolog: could not write event: write experiment-output/0000/slave-002/client-037.log: file already closed
zerolog: could not write event: write experiment-output/0000/slave-002/client-040.log: file already closed
zerolog: could not write event: write experiment-output/0000/slave-002/client-040.log: file already closed
zerolog: could not write event: write experiment-output/0000/slave-002/client-040.log: file already closed
zerolog: could not write event: write experiment-output/0000/slave-002/client-037.log: file already closed
zerolog: could not write event: write experiment-output/0000/slave-002/client-040.log: file already closed
zerolog: could not write event: write experiment-output/0000/slave-002/client-051.log: file already closed
zerolog: could not write event: write experiment-output/0000/slave-002/client-051.log: file already closed
zerolog: could not write event: write experiment-output/0000/slave-002/client-051.log: file already closed
zerolog: could not write event: write experiment-output/0000/slave-002/client-051.log: file already closed
zerolog: could not write event: write experiment-output/0000/slave-002/client-038.log: file already closed
zerolog: could not write event: write experiment-output/0000/slave-002/client-038.log: file already closed
zerolog: could not write event: write experiment-output/0000/slave-002/client-044.log: file already closed
zerolog: could not write event: write experiment-output/0000/slave-002/client-044.log: file already closed
zerolog: could not write event: write experiment-output/0000/slave-002/client-044.log: file already closed
zerolog: could not write event: write experiment-output/0000/slave-002/client-044.log: file already closed
zerolog: could not write event: write experiment-output/0000/slave-002/client-038.log: file already closed
zerolog: could not write event: write experiment-output/0000/slave-002/client-038.log: file already closed
zerolog: could not write event: write experiment-output/0000/slave-002/client-054.log: file already closed
zerolog: could not write event: write experiment-output/0000/slave-002/client-043.log: file already closed
zerolog: could not write event: write experiment-output/0000/slave-002/client-054.log: file already closed
zerolog: could not write event: write experiment-output/0000/slave-002/client-043.log: file already closed
zerolog: could not write event: write experiment-output/0000/slave-002/client-043.log: file already closed
zerolog: could not write event: write experiment-output/0000/slave-002/client-054.log: file already closed
zerolog: could not write event: write experiment-output/0000/slave-002/client-054.log: file already closed
zerolog: could not write event: write experiment-output/0000/slave-002/client-043.log: file already closed
zerolog: could not write event: write experiment-output/0000/slave-002/client-058.log: file already closed
zerolog: could not write event: write experiment-output/0000/slave-002/client-058.log: file already closed
zerolog: could not write event: write experiment-output/0000/slave-002/client-058.log: file already closed
zerolog: could not write event: write experiment-output/0000/slave-002/client-037.log: file already closed
zerolog: could not write event: write experiment-output/0000/slave-002/client-037.log: file already closed
zerolog: could not write event: write experiment-output/0000/slave-002/client-040.log: file already closed
zerolog: could not write event: write experiment-output/0000/slave-002/client-040.log: file already closed
zerolog: could not write event: write experiment-output/0000/slave-002/client-037.log: file already closed
zerolog: could not write event: write experiment-output/0000/slave-002/client-058.log: file already closed
zerolog: could not write event: write experiment-output/0000/slave-002/client-051.log: file already closed
zerolog: could not write event: write experiment-output/0000/slave-002/client-040.log: file already closed
zerolog: could not write event: write experiment-output/0000/slave-002/client-037.log: file already closed
zerolog: could not write event: write experiment-output/0000/slave-002/client-051.log: file already closed
zerolog: could not write event: write experiment-output/0000/slave-002/client-040.log: file already closed
zerolog: could not write event: write experiment-output/0000/slave-002/client-051.log: file already closed
zerolog: could not write event: write experiment-output/0000/slave-002/client-051.log: file already closed
02:28:01.138 INF Profile data written. filename=experiment-output/0000/slave-002/prof-client.cpu name=cpu
zerolog: could not write event: write experiment-output/0000/slave-002/client-038.log: file already closed
zerolog: could not write event: write experiment-output/0000/slave-002/client-038.log: file already closed
zerolog: could not write event: write experiment-output/0000/slave-002/client-038.log: file already closed
zerolog: could not write event: write experiment-output/0000/slave-002/client-038.log: file already closed
zerolog: could not write event: write experiment-output/0000/slave-002/client-054.log: file already closed
zerolog: could not write event: write experiment-output/0000/slave-002/client-054.log: file already closed
zerolog: could not write event: write experiment-output/0000/slave-002/client-043.log: file already closed
02:28:01.152 INF Profile data written. filename=experiment-output/0000/slave-002/prof-client.block name=block
zerolog: could not write event: write experiment-output/0000/slave-002/client-054.log: file already closed
zerolog: could not write event: write experiment-output/0000/slave-002/client-043.log: file already closed
zerolog: could not write event: write experiment-output/0000/slave-002/client-043.log: file already closed
zerolog: could not write event: write experiment-output/0000/slave-002/client-054.log: file already closed
02:28:01.158 INF Profile data written. filename=experiment-output/0000/slave-002/prof-client.mutex name=mutex
