{"level":"debug","Logging":"debug","time":"2022-12-13T15:25:25+08:00","message":"Config"}
{"level":"debug","UseTLS":false,"time":"2022-12-13T15:25:25+08:00","message":"Config"}
{"level":"debug","CACertFile":"tls-data/ca.pem","time":"2022-12-13T15:25:25+08:00","message":"Config"}
{"level":"debug","KeyFile":"tls-data/auth.key","time":"2022-12-13T15:25:25+08:00","message":"Config"}
{"level":"debug","CertFile":"tls-data/auth.pem","time":"2022-12-13T15:25:25+08:00","message":"Config"}
{"level":"debug","PriorityConnections":2,"time":"2022-12-13T15:25:25+08:00","message":"Config"}
{"level":"debug","BasicConnections":4,"time":"2022-12-13T15:25:25+08:00","message":"Config"}
{"level":"debug","TestConnections":false,"time":"2022-12-13T15:25:25+08:00","message":"Config"}
{"level":"debug","ExcessConnections":1,"time":"2022-12-13T15:25:25+08:00","message":"Config"}
{"level":"debug","ConnectionTestMsgs":4,"time":"2022-12-13T15:25:25+08:00","message":"Config"}
{"level":"debug","ConnectionTestPayload":131072,"time":"2022-12-13T15:25:25+08:00","message":"Config"}
{"level":"debug","OutMessageBufsize":1024,"time":"2022-12-13T15:25:25+08:00","message":"Config"}
{"level":"debug","OutMessageBufsize":1,"time":"2022-12-13T15:25:25+08:00","message":"Config"}
{"level":"debug","ThroughputCap":131072000,"time":"2022-12-13T15:25:25+08:00","message":"Config"}
{"level":"debug","StragglerTolerance":1000,"time":"2022-12-13T15:25:25+08:00","message":"Config"}
{"level":"debug","BatchSizeIncrement":256,"time":"2022-12-13T15:25:25+08:00","message":"Config"}
{"level":"debug","Orderer":"Pbft","time":"2022-12-13T15:25:25+08:00","message":"Config"}
{"level":"debug","Manager":"Mir","time":"2022-12-13T15:25:25+08:00","message":"Config"}
{"level":"debug","Failures":0,"time":"2022-12-13T15:25:25+08:00","message":"Config"}
{"level":"debug","StragglerCnt":1,"time":"2022-12-13T15:25:25+08:00","message":"Config"}
{"level":"debug","CrashTiming":"Straggler","time":"2022-12-13T15:25:25+08:00","message":"Config"}
{"level":"debug","CheckpointInterval":256,"time":"2022-12-13T15:25:25+08:00","message":"Config"}
{"level":"debug","WatermarkWindowSize":256,"time":"2022-12-13T15:25:25+08:00","message":"Config"}
{"level":"debug","EpochLength":256,"time":"2022-12-13T15:25:25+08:00","message":"Config"}
{"level":"debug","SegmentLength":64,"time":"2022-12-13T15:25:25+08:00","message":"Config"}
{"level":"debug","WaitForCheckpoints":true,"time":"2022-12-13T15:25:25+08:00","message":"Config"}
{"level":"debug","ClientWatermarkWindowSize":4194304,"time":"2022-12-13T15:25:25+08:00","message":"Config"}
{"level":"debug","ClientRequestBacklogSize":4194304,"time":"2022-12-13T15:25:25+08:00","message":"Config"}
{"level":"debug","RandomSeed":8276,"time":"2022-12-13T15:25:25+08:00","message":"Config"}
{"level":"debug","NodeToLeaderRatio":1,"time":"2022-12-13T15:25:25+08:00","message":"Config"}
{"level":"debug","LeaderPolicy":"Blacklist","time":"2022-12-13T15:25:25+08:00","message":"Config"}
{"level":"debug","DefaultLeaderBan":2,"time":"2022-12-13T15:25:25+08:00","message":"Config"}
{"level":"debug","NumBuckets":64,"time":"2022-12-13T15:25:25+08:00","message":"Config"}
{"level":"debug","BatchSize":1000,"time":"2022-12-13T15:25:25+08:00","message":"Config"}
{"level":"debug","DisabledViewChange":false,"time":"2022-12-13T15:25:25+08:00","message":"Config"}
{"level":"debug","ViewChangeTimeout":60000,"time":"2022-12-13T15:25:25+08:00","message":"Config"}
{"level":"debug","ClientTraceSampling":10,"time":"2022-12-13T15:25:25+08:00","message":"Config"}
{"level":"debug","EventBufferSize":2097152,"time":"2022-12-13T15:25:25+08:00","message":"Config"}
{"level":"debug","TraceSampling":1,"time":"2022-12-13T15:25:25+08:00","message":"Config"}
{"level":"debug","ClientsPerProcess":1,"time":"2022-12-13T15:25:25+08:00","message":"Config"}
{"level":"debug","RequestsPerClient":15360,"time":"2022-12-13T15:25:25+08:00","message":"Config"}
{"level":"debug","ClientRunTime":30000,"time":"2022-12-13T15:25:25+08:00","message":"Config"}
{"level":"debug","RequestRate":256,"time":"2022-12-13T15:25:25+08:00","message":"Config"}
{"level":"debug","HardRequestRateLimit":false,"time":"2022-12-13T15:25:25+08:00","message":"Config"}
{"level":"debug","RequestPayloadSize":500,"time":"2022-12-13T15:25:25+08:00","message":"Config"}
{"level":"debug","SignRequests":true,"time":"2022-12-13T15:25:25+08:00","message":"Config"}
{"level":"debug","ClientPrivKeyFile":"tls-data/client-ecdsa-256.key","time":"2022-12-13T15:25:25+08:00","message":"Config"}
{"level":"debug","ClientPubKeyFile":"tls-data/client-ecdsa-256.pem","time":"2022-12-13T15:25:25+08:00","message":"Config"}
{"level":"debug","PrecomputeRequests":false,"time":"2022-12-13T15:25:25+08:00","message":"Config"}
{"level":"debug","RequestHandlerThreads":32,"time":"2022-12-13T15:25:25+08:00","message":"Config"}
{"level":"debug","RequestInputChannelBuffer":8192,"time":"2022-12-13T15:25:25+08:00","message":"Config"}
{"level":"debug","BatchVerifier":"external","time":"2022-12-13T15:25:25+08:00","message":"Config"}
15:25:25.369 INF Registered with discovery server. numPeers=4 ownID=2
15:25:25.370 INF Profiling enabled.
15:25:25.370 INF Setting up profiling.
15:25:25.370 INF Started Profiler: CPU
15:25:25.370 INF Started Profiler: BLOCK
15:25:25.371 INF Started Profiler: MUTEX
15:25:25.372 INF Profiler will stop on signal. exit=true
15:25:25.374 INF Tracing will stop on signal. exit=false
15:25:25.375 INF Started tracing. traceFile=experiment-output/0000/slave-003/peer.trc
15:25:25.378 DBG Starting backlog.
15:25:25.378 INF Listening for connections. port=10022 useTLS=false
15:25:25.379 INF Connecting to peer. addr=127.0.0.1:10000 basicConns=4 priorityConns=2
15:25:25.379 INF Connecting to peer. addr=127.0.0.1:10033 basicConns=4 priorityConns=2
15:25:25.390 INF Connecting to peer. addr=127.0.0.1:10011 basicConns=4 priorityConns=2
15:25:25.394 INF Connecting to peer. addr=127.0.0.1:10022 basicConns=4 priorityConns=2
15:25:25.414 INF Incoming connection for protocol messages. addr=127.0.0.1:54168
15:25:25.431 INF Incoming connection for protocol messages. addr=127.0.0.1:54210
15:25:25.442 INF Incoming connection for protocol messages. addr=127.0.0.1:54152
15:25:25.463 INF Incoming connection for protocol messages. addr=127.0.0.1:54162
15:25:25.471 INF Incoming connection for protocol messages. addr=127.0.0.1:54204
15:25:25.472 INF Incoming connection for protocol messages. addr=127.0.0.1:54218
15:25:25.472 INF Incoming connection for protocol messages. addr=127.0.0.1:54226
15:25:25.493 INF Incoming connection for protocol messages. addr=127.0.0.1:54300
15:25:25.495 INF Incoming connection for protocol messages. addr=127.0.0.1:54240
15:25:25.495 INF Incoming connection for protocol messages. addr=127.0.0.1:54174
15:25:25.495 INF Incoming connection for protocol messages. addr=127.0.0.1:54260
15:25:25.498 INF Incoming connection for protocol messages. addr=127.0.0.1:54270
15:25:25.507 DBG Connected. peerID=1
15:25:25.509 INF Incoming connection for protocol messages. addr=127.0.0.1:54254
15:25:25.510 INF Incoming connection for protocol messages. addr=127.0.0.1:54188
15:25:25.510 INF Incoming connection for protocol messages. addr=127.0.0.1:54310
15:25:25.512 INF Incoming connection for protocol messages. addr=127.0.0.1:54284
15:25:25.512 INF Incoming connection for protocol messages. addr=127.0.0.1:54324
15:25:25.512 INF Incoming connection for protocol messages. addr=127.0.0.1:54288
15:25:25.513 INF Incoming connection for protocol messages. addr=127.0.0.1:54334
15:25:25.513 INF Incoming connection for protocol messages. addr=127.0.0.1:54256
15:25:25.514 INF Incoming connection for protocol messages. addr=127.0.0.1:54314
15:25:25.517 DBG Connected. peerID=2
15:25:25.519 INF Incoming connection for protocol messages. addr=127.0.0.1:54356
15:25:25.530 INF Incoming connection for protocol messages. addr=127.0.0.1:54370
15:25:25.531 INF Incoming connection for protocol messages. addr=127.0.0.1:54348
15:25:26.415 DBG Connected. peerID=0
15:25:26.425 DBG Connected. peerID=3
15:25:26.427 INF Connected to all peers.
15:25:26.447 INF All peers finished connecting. Starting ISS.
15:25:26.449 DBG Buckets for 0-th leader 0: [0 4 8 12 16 20 24 28 32 36 40 44 48 52 56 60]
15:25:26.449 DBG Buckets for 1-th leader 1: [1 5 9 13 17 21 25 29 33 37 41 45 49 53 57 61]
15:25:26.449 DBG Buckets for 2-th leader 2: [2 6 10 14 18 22 26 30 34 38 42 46 50 54 58 62]
15:25:26.449 DBG Buckets for 3-th leader 3: [3 7 11 15 19 23 27 31 35 39 43 47 51 55 59 63]
15:25:26.450 INF PbftOrderer received a new segment: [0 4 8 12 16 20 24 28 32 36 40 44 48 52 56 60 64 68 72 76 80 84 88 92 96 100 104 108 112 116 120 124 128 132 136 140 144 148 152 156 160 164 168 172 176 180 184 188 192 196 200 204 208 212 216 220 224 228 232 236 240 244 248 252] first leader=0 firstSN=0 lastSN=252 len=64 length=64 segId=0
15:25:26.450 INF Starting new view. segID=0 timeout=60000 view=0
15:25:26.450 DBG Starting timer. sn=0 view=0
15:25:26.451 INF Starting PBFT instance. first=0 last=252 segID=0
15:25:26.451 INF PbftOrderer received a new segment: [1 5 9 13 17 21 25 29 33 37 41 45 49 53 57 61 65 69 73 77 81 85 89 93 97 101 105 109 113 117 121 125 129 133 137 141 145 149 153 157 161 165 169 173 177 181 185 189 193 197 201 205 209 213 217 221 225 229 233 237 241 245 249 253] first leader=1 firstSN=1 lastSN=253 len=64 length=64 segId=1
15:25:26.452 INF Starting new view. segID=1 timeout=60000 view=0
15:25:26.452 DBG Starting timer. sn=1 view=0
15:25:26.452 INF Starting PBFT instance. first=1 last=253 segID=1
15:25:26.453 DBG Subscribing to backlog. segID=0
15:25:26.453 DBG Subscribing to backlog. segID=1
15:25:26.453 INF Starting serialized message processing. segID=0
15:25:26.454 INF PbftOrderer received a new segment: [2 6 10 14 18 22 26 30 34 38 42 46 50 54 58 62 66 70 74 78 82 86 90 94 98 102 106 110 114 118 122 126 130 134 138 142 146 150 154 158 162 166 170 174 178 182 186 190 194 198 202 206 210 214 218 222 226 230 234 238 242 246 250 254] first leader=2 firstSN=2 lastSN=254 len=64 length=64 segId=2
15:25:26.454 INF Starting new view. segID=2 timeout=60000 view=0
15:25:26.455 INF Starting serialized message processing. segID=1
15:25:26.455 DBG Starting timer. sn=2 view=0
15:25:26.459 INF Starting PBFT instance. first=2 last=254 segID=2
15:25:26.460 DBG Subscribing to backlog. segID=2
15:25:26.463 DBG Leading segment. segID=2
15:25:26.464 DBG Waiting for batch. batchSize=4096
15:25:26.464 INF Starting serialized message processing. segID=2
15:25:26.465 INF PbftOrderer received a new segment: [3 7 11 15 19 23 27 31 35 39 43 47 51 55 59 63 67 71 75 79 83 87 91 95 99 103 107 111 115 119 123 127 131 135 139 143 147 151 155 159 163 167 171 175 179 183 187 191 195 199 203 207 211 215 219 223 227 231 235 239 243 247 251 255] first leader=3 firstSN=3 lastSN=255 len=64 length=64 segId=3
15:25:26.465 INF Starting new view. segID=3 timeout=60000 view=0
15:25:26.465 DBG Starting timer. sn=3 view=0
15:25:26.466 INF Starting PBFT instance. first=3 last=255 segID=3
15:25:26.466 DBG Subscribing to backlog. segID=3
15:25:26.466 INF Starting serialized message processing. segID=3
15:25:27.465 DBG Batch ready. batchSize=4096
15:25:27.465 DBG Batch cut. left=0 nBuckets=16 nReq=0 next=0
15:25:27.466 INF Sending PREPREPARE. nReq=0 senderID=2 sn=2 view=0
15:25:27.466 DBG Waiting for batch. batchSize=4096
15:25:27.491 INF Handling PREPREPARE. nReq=0 senderID=1 sn=1
15:25:27.491 DBG Creating new Batch. nReq=0
15:25:27.491 DBG Sending PREPARE. senderID=2 sn=1 view=0
15:25:27.495 DBG Sending COMMIT. senderID=2 sn=1 view=0
15:25:27.502 DBG Sending COMMIT. senderID=2 sn=2 view=0
15:25:27.503 INF Handling PREPREPARE. nReq=0 senderID=0 sn=0
15:25:27.503 DBG Creating new Batch. nReq=0
15:25:27.503 INF Committed entry. latency=0 nReq=0 sn=1
15:25:27.504 DBG Starting timer. sn=5 view=0
15:25:27.504 DBG Sending PREPARE. senderID=2 sn=0 view=0
15:25:27.504 DBG Sending COMMIT. senderID=2 sn=0 view=0
15:25:27.504 INF Committed entry. latency=0 nReq=0 sn=0
15:25:27.505 INF Delivered batch. nReq=0 sn=0
15:25:27.505 INF Delivered batch. nReq=0 sn=1
15:25:27.509 DBG Starting timer. sn=4 view=0
15:25:27.509 INF Committed entry. latency=0 nReq=0 sn=2
15:25:27.510 INF Delivered batch. nReq=0 sn=2
15:25:27.510 DBG Starting timer. sn=6 view=0
15:25:28.463 INF Handling PREPREPARE. nReq=0 senderID=0 sn=4
15:25:28.464 DBG Creating new Batch. nReq=0
15:25:28.464 DBG Sending PREPARE. senderID=2 sn=4 view=0
15:25:28.465 DBG Sending COMMIT. senderID=2 sn=4 view=0
15:25:28.466 INF Committed entry. latency=0 nReq=0 sn=4
15:25:28.466 DBG Starting timer. sn=8 view=0
15:25:28.467 DBG Batch ready. batchSize=4096
15:25:28.467 DBG Batch cut. left=0 nBuckets=16 nReq=0 next=0
15:25:28.467 INF Sending PREPREPARE. nReq=0 senderID=2 sn=6 view=0
15:25:28.468 DBG Waiting for batch. batchSize=4096
15:25:28.468 INF Handling PREPREPARE. nReq=0 senderID=1 sn=5
15:25:28.469 DBG Creating new Batch. nReq=0
15:25:28.469 DBG Sending PREPARE. senderID=2 sn=5 view=0
15:25:28.472 DBG Sending COMMIT. senderID=2 sn=5 view=0
15:25:28.474 DBG Sending COMMIT. senderID=2 sn=6 view=0
15:25:28.475 INF Committed entry. latency=0 nReq=0 sn=5
15:25:28.475 DBG Starting timer. sn=9 view=0
15:25:28.476 INF Committed entry. latency=0 nReq=0 sn=6
15:25:28.477 DBG Starting timer. sn=10 view=0
15:25:28.628 INF Incoming connection for requests. addr=127.0.0.1:54374
15:25:29.468 INF Handling PREPREPARE. nReq=47 senderID=0 sn=8
15:25:29.468 DBG Creating new Batch. nReq=47
15:25:29.490 DBG Batch ready. batchSize=4096
15:25:29.490 DBG Batch cut. left=0 nBuckets=16 nReq=48 next=0
15:25:29.491 INF Sending PREPREPARE. nReq=48 senderID=2 sn=10 view=0
15:25:29.492 DBG Waiting for batch. batchSize=4096
15:25:29.493 DBG Sending PREPARE. senderID=2 sn=8 view=0
15:25:29.493 DBG Sending COMMIT. senderID=2 sn=8 view=0
15:25:29.507 INF Committed entry. latency=0 nReq=47 sn=8
15:25:29.507 DBG Starting timer. sn=12 view=0
15:25:29.508 INF Handling PREPREPARE. nReq=48 senderID=1 sn=9
15:25:29.508 DBG Creating new Batch. nReq=48
15:25:29.520 DBG Sending PREPARE. senderID=2 sn=9 view=0
15:25:29.520 DBG Sending COMMIT. senderID=2 sn=9 view=0
15:25:29.520 INF Committed entry. latency=0 nReq=48 sn=9
15:25:29.520 DBG Starting timer. sn=13 view=0
15:25:29.541 DBG Sending COMMIT. senderID=2 sn=10 view=0
15:25:29.541 INF Committed entry. latency=0 nReq=48 sn=10
15:25:29.541 DBG Starting timer. sn=14 view=0
15:25:30.487 INF Handling PREPREPARE. nReq=64 senderID=0 sn=12
15:25:30.487 DBG Creating new Batch. nReq=64
15:25:30.495 DBG Batch ready. batchSize=4096
15:25:30.496 DBG Batch cut. left=0 nBuckets=16 nReq=64 next=0
15:25:30.496 INF Sending PREPREPARE. nReq=64 senderID=2 sn=14 view=0
15:25:30.499 DBG Waiting for batch. batchSize=4096
15:25:30.501 INF Handling PREPREPARE. nReq=64 senderID=1 sn=13
15:25:30.502 DBG Creating new Batch. nReq=64
15:25:30.536 DBG Sending PREPARE. senderID=2 sn=13 view=0
15:25:30.536 DBG Sending COMMIT. senderID=2 sn=13 view=0
15:25:30.537 INF Committed entry. latency=0 nReq=64 sn=13
15:25:30.537 DBG Starting timer. sn=17 view=0
15:25:30.540 DBG Sending PREPARE. senderID=2 sn=12 view=0
15:25:30.540 DBG Sending COMMIT. senderID=2 sn=12 view=0
15:25:30.541 INF Committed entry. latency=0 nReq=64 sn=12
15:25:30.541 DBG Starting timer. sn=16 view=0
15:25:30.542 DBG Sending COMMIT. senderID=2 sn=14 view=0
15:25:30.543 INF Committed entry. latency=0 nReq=64 sn=14
15:25:30.543 DBG Starting timer. sn=18 view=0
15:25:31.486 INF Handling PREPREPARE. nReq=65 senderID=0 sn=16
15:25:31.486 DBG Creating new Batch. nReq=65
15:25:31.499 DBG Batch ready. batchSize=4096
15:25:31.500 DBG Batch cut. left=0 nBuckets=16 nReq=65 next=0
15:25:31.500 DBG Sending PREPARE. senderID=2 sn=16 view=0
15:25:31.500 INF Sending PREPREPARE. nReq=65 senderID=2 sn=18 view=0
15:25:31.501 DBG Sending COMMIT. senderID=2 sn=16 view=0
15:25:31.501 DBG Waiting for batch. batchSize=4096
15:25:31.509 INF Handling PREPREPARE. nReq=65 senderID=1 sn=17
15:25:31.516 DBG Creating new Batch. nReq=65
15:25:31.523 INF Committed entry. latency=0 nReq=65 sn=16
15:25:31.523 DBG Starting timer. sn=20 view=0
15:25:31.545 DBG Sending COMMIT. senderID=2 sn=18 view=0
15:25:31.547 INF Committed entry. latency=0 nReq=65 sn=18
15:25:31.547 DBG Starting timer. sn=22 view=0
15:25:31.554 DBG Sending PREPARE. senderID=2 sn=17 view=0
15:25:31.554 DBG Sending COMMIT. senderID=2 sn=17 view=0
15:25:31.556 INF Committed entry. latency=0 nReq=65 sn=17
15:25:31.556 DBG Starting timer. sn=21 view=0
15:25:32.489 INF Handling PREPREPARE. nReq=64 senderID=0 sn=20
15:25:32.489 DBG Creating new Batch. nReq=64
15:25:32.502 DBG Batch ready. batchSize=4096
15:25:32.503 DBG Batch cut. left=0 nBuckets=16 nReq=62 next=0
15:25:32.503 INF Sending PREPREPARE. nReq=62 senderID=2 sn=22 view=0
15:25:32.507 DBG Waiting for batch. batchSize=4096
15:25:32.526 DBG Sending PREPARE. senderID=2 sn=20 view=0
15:25:32.527 DBG Sending COMMIT. senderID=2 sn=20 view=0
15:25:32.531 INF Committed entry. latency=0 nReq=64 sn=20
15:25:32.531 DBG Starting timer. sn=24 view=0
15:25:32.538 DBG Sending COMMIT. senderID=2 sn=22 view=0
15:25:32.540 INF Handling PREPREPARE. nReq=63 senderID=1 sn=21
15:25:32.540 DBG Creating new Batch. nReq=63
15:25:32.540 INF Committed entry. latency=0 nReq=62 sn=22
15:25:32.541 DBG Starting timer. sn=26 view=0
15:25:32.549 DBG Sending PREPARE. senderID=2 sn=21 view=0
15:25:32.550 DBG Sending COMMIT. senderID=2 sn=21 view=0
15:25:32.557 INF Committed entry. latency=0 nReq=63 sn=21
15:25:32.557 DBG Starting timer. sn=25 view=0
15:25:32.612 INF Handling PREPREPARE. nReq=239 senderID=3 sn=3
15:25:32.612 DBG Creating new Batch. nReq=239
15:25:32.661 DBG Sending PREPARE. senderID=2 sn=3 view=0
15:25:32.661 DBG Sending COMMIT. senderID=2 sn=3 view=0
15:25:32.668 INF Committed entry. latency=0 nReq=239 sn=3
15:25:32.668 INF Delivered batch. nReq=239 sn=3
15:25:32.668 INF Delivered batch. nReq=0 sn=4
15:25:32.668 INF Delivered batch. nReq=0 sn=5
15:25:32.668 INF Delivered batch. nReq=0 sn=6
15:25:32.669 DBG Starting timer. sn=7 view=0
15:25:33.497 INF Handling PREPREPARE. nReq=64 senderID=0 sn=24
15:25:33.497 DBG Creating new Batch. nReq=64
15:25:33.508 DBG Batch ready. batchSize=4096
15:25:33.508 DBG Batch cut. left=0 nBuckets=16 nReq=67 next=0
15:25:33.508 DBG Waiting for batch. batchSize=4096
15:25:33.508 INF Sending PREPREPARE. nReq=67 senderID=2 sn=26 view=0
15:25:33.511 DBG Sending PREPARE. senderID=2 sn=24 view=0
15:25:33.511 DBG Sending COMMIT. senderID=2 sn=24 view=0
15:25:33.513 INF Handling PREPREPARE. nReq=65 senderID=1 sn=25
15:25:33.513 DBG Creating new Batch. nReq=65
15:25:33.545 INF Committed entry. latency=0 nReq=64 sn=24
15:25:33.550 DBG Starting timer. sn=28 view=0
15:25:33.561 DBG Sending PREPARE. senderID=2 sn=25 view=0
15:25:33.561 DBG Sending COMMIT. senderID=2 sn=25 view=0
15:25:33.562 INF Committed entry. latency=0 nReq=65 sn=25
15:25:33.562 DBG Starting timer. sn=29 view=0
15:25:33.582 DBG Sending COMMIT. senderID=2 sn=26 view=0
15:25:33.583 INF Committed entry. latency=0 nReq=67 sn=26
15:25:33.583 DBG Starting timer. sn=30 view=0
15:25:34.492 INF Handling PREPREPARE. nReq=65 senderID=0 sn=28
15:25:34.492 DBG Creating new Batch. nReq=65
15:25:34.509 DBG Batch ready. batchSize=4096
15:25:34.509 DBG Batch cut. left=0 nBuckets=16 nReq=62 next=0
15:25:34.510 INF Sending PREPREPARE. nReq=62 senderID=2 sn=30 view=0
15:25:34.514 DBG Waiting for batch. batchSize=4096
15:25:34.518 INF Handling PREPREPARE. nReq=63 senderID=1 sn=29
15:25:34.518 DBG Creating new Batch. nReq=63
15:25:34.528 DBG Sending PREPARE. senderID=2 sn=28 view=0
15:25:34.529 DBG Sending COMMIT. senderID=2 sn=28 view=0
15:25:34.533 INF Committed entry. latency=0 nReq=65 sn=28
15:25:34.533 DBG Starting timer. sn=32 view=0
15:25:34.540 DBG Sending PREPARE. senderID=2 sn=29 view=0
15:25:34.541 DBG Sending COMMIT. senderID=2 sn=29 view=0
15:25:34.541 INF Committed entry. latency=0 nReq=63 sn=29
15:25:34.542 DBG Starting timer. sn=33 view=0
15:25:34.549 DBG Sending COMMIT. senderID=2 sn=30 view=0
15:25:34.551 INF Committed entry. latency=0 nReq=62 sn=30
15:25:34.551 DBG Starting timer. sn=34 view=0
15:25:35.515 DBG Batch ready. batchSize=4096
15:25:35.515 DBG Batch cut. left=0 nBuckets=16 nReq=66 next=0
15:25:35.515 INF Sending PREPREPARE. nReq=66 senderID=2 sn=34 view=0
15:25:35.520 INF Handling PREPREPARE. nReq=64 senderID=0 sn=32
15:25:35.521 DBG Creating new Batch. nReq=64
15:25:35.538 DBG Waiting for batch. batchSize=4096
15:25:35.548 DBG Sending PREPARE. senderID=2 sn=32 view=0
15:25:35.548 DBG Sending COMMIT. senderID=2 sn=32 view=0
15:25:35.548 INF Committed entry. latency=0 nReq=64 sn=32
15:25:35.548 DBG Starting timer. sn=36 view=0
15:25:35.564 INF Handling PREPREPARE. nReq=67 senderID=1 sn=33
15:25:35.564 DBG Creating new Batch. nReq=67
15:25:35.569 DBG Sending COMMIT. senderID=2 sn=34 view=0
15:25:35.577 INF Committed entry. latency=0 nReq=66 sn=34
15:25:35.577 DBG Starting timer. sn=38 view=0
15:25:35.595 DBG Sending PREPARE. senderID=2 sn=33 view=0
15:25:35.595 DBG Sending COMMIT. senderID=2 sn=33 view=0
15:25:35.600 INF Committed entry. latency=0 nReq=67 sn=33
15:25:35.600 DBG Starting timer. sn=37 view=0
15:25:36.506 INF Handling PREPREPARE. nReq=64 senderID=0 sn=36
15:25:36.506 DBG Creating new Batch. nReq=64
15:25:36.515 DBG Sending PREPARE. senderID=2 sn=36 view=0
15:25:36.527 DBG Sending COMMIT. senderID=2 sn=36 view=0
15:25:36.534 INF Committed entry. latency=0 nReq=64 sn=36
15:25:36.534 DBG Starting timer. sn=40 view=0
15:25:36.539 DBG Batch ready. batchSize=4096
15:25:36.539 DBG Batch cut. left=0 nBuckets=16 nReq=66 next=0
15:25:36.540 INF Sending PREPREPARE. nReq=66 senderID=2 sn=38 view=0
15:25:36.540 DBG Waiting for batch. batchSize=4096
15:25:36.557 INF Handling PREPREPARE. nReq=64 senderID=1 sn=37
15:25:36.557 DBG Creating new Batch. nReq=64
15:25:36.579 DBG Sending PREPARE. senderID=2 sn=37 view=0
15:25:36.580 DBG Sending COMMIT. senderID=2 sn=37 view=0
15:25:36.580 INF Committed entry. latency=0 nReq=64 sn=37
15:25:36.580 DBG Starting timer. sn=41 view=0
15:25:36.593 DBG Sending COMMIT. senderID=2 sn=38 view=0
15:25:36.597 INF Committed entry. latency=0 nReq=66 sn=38
15:25:36.597 DBG Starting timer. sn=42 view=0
15:25:37.543 DBG Batch ready. batchSize=4096
15:25:37.543 DBG Batch cut. left=0 nBuckets=16 nReq=64 next=0
15:25:37.543 INF Sending PREPREPARE. nReq=64 senderID=2 sn=42 view=0
15:25:37.547 DBG Waiting for batch. batchSize=4096
15:25:37.555 INF Handling PREPREPARE. nReq=65 senderID=0 sn=40
15:25:37.556 DBG Creating new Batch. nReq=65
15:25:37.562 DBG Sending PREPARE. senderID=2 sn=40 view=0
15:25:37.566 DBG Sending COMMIT. senderID=2 sn=40 view=0
15:25:37.571 INF Committed entry. latency=0 nReq=65 sn=40
15:25:37.572 DBG Starting timer. sn=44 view=0
15:25:37.577 DBG Sending COMMIT. senderID=2 sn=42 view=0
15:25:37.578 INF Committed entry. latency=0 nReq=64 sn=42
15:25:37.578 DBG Starting timer. sn=46 view=0
15:25:37.596 INF Handling PREPREPARE. nReq=65 senderID=1 sn=41
15:25:37.596 DBG Creating new Batch. nReq=65
15:25:37.602 DBG Sending PREPARE. senderID=2 sn=41 view=0
15:25:37.602 DBG Sending COMMIT. senderID=2 sn=41 view=0
15:25:37.602 INF Committed entry. latency=0 nReq=65 sn=41
15:25:37.602 DBG Starting timer. sn=45 view=0
15:25:38.520 INF Handling PREPREPARE. nReq=64 senderID=0 sn=44
15:25:38.520 DBG Creating new Batch. nReq=64
15:25:38.532 DBG Sending PREPARE. senderID=2 sn=44 view=0
15:25:38.533 DBG Sending COMMIT. senderID=2 sn=44 view=0
15:25:38.533 INF Committed entry. latency=0 nReq=64 sn=44
15:25:38.533 DBG Starting timer. sn=48 view=0
15:25:38.548 DBG Batch ready. batchSize=4096
15:25:38.548 DBG Batch cut. left=0 nBuckets=16 nReq=64 next=0
15:25:38.548 INF Sending PREPREPARE. nReq=64 senderID=2 sn=46 view=0
15:25:38.552 DBG Waiting for batch. batchSize=4096
15:25:38.572 DBG Sending COMMIT. senderID=2 sn=46 view=0
15:25:38.573 INF Handling PREPREPARE. nReq=64 senderID=1 sn=45
15:25:38.574 DBG Creating new Batch. nReq=64
15:25:38.580 INF Committed entry. latency=0 nReq=64 sn=46
15:25:38.580 DBG Starting timer. sn=50 view=0
15:25:38.601 DBG Sending PREPARE. senderID=2 sn=45 view=0
15:25:38.601 DBG Sending COMMIT. senderID=2 sn=45 view=0
15:25:38.606 INF Committed entry. latency=0 nReq=64 sn=45
15:25:38.606 DBG Starting timer. sn=49 view=0
15:25:38.637 INF Handling PREPREPARE. nReq=385 senderID=3 sn=7
15:25:38.637 DBG Creating new Batch. nReq=385
15:25:38.739 DBG Sending PREPARE. senderID=2 sn=7 view=0
15:25:38.744 DBG Sending COMMIT. senderID=2 sn=7 view=0
15:25:38.747 INF Committed entry. latency=0 nReq=385 sn=7
15:25:38.747 INF Delivered batch. nReq=385 sn=7
15:25:38.747 INF Delivered batch. nReq=47 sn=8
15:25:38.747 INF Delivered batch. nReq=48 sn=9
15:25:38.747 INF Delivered batch. nReq=48 sn=10
15:25:38.747 DBG Starting timer. sn=11 view=0
15:25:39.524 INF Handling PREPREPARE. nReq=64 senderID=0 sn=48
15:25:39.524 DBG Creating new Batch. nReq=64
15:25:39.535 DBG Sending PREPARE. senderID=2 sn=48 view=0
15:25:39.535 DBG Sending COMMIT. senderID=2 sn=48 view=0
15:25:39.536 INF Committed entry. latency=0 nReq=64 sn=48
15:25:39.536 DBG Starting timer. sn=52 view=0
15:25:39.552 INF Handling PREPREPARE. nReq=64 senderID=1 sn=49
15:25:39.552 DBG Creating new Batch. nReq=64
15:25:39.554 DBG Batch ready. batchSize=4096
15:25:39.554 DBG Batch cut. left=0 nBuckets=16 nReq=65 next=0
15:25:39.554 INF Sending PREPREPARE. nReq=65 senderID=2 sn=50 view=0
15:25:39.561 DBG Waiting for batch. batchSize=4096
15:25:39.569 DBG Sending PREPARE. senderID=2 sn=49 view=0
15:25:39.570 DBG Sending COMMIT. senderID=2 sn=49 view=0
15:25:39.570 INF Committed entry. latency=0 nReq=64 sn=49
15:25:39.570 DBG Starting timer. sn=53 view=0
15:25:39.583 DBG Sending COMMIT. senderID=2 sn=50 view=0
15:25:39.584 INF Committed entry. latency=0 nReq=65 sn=50
15:25:39.585 DBG Starting timer. sn=54 view=0
15:25:40.524 INF Handling PREPREPARE. nReq=65 senderID=0 sn=52
15:25:40.524 DBG Creating new Batch. nReq=65
15:25:40.535 DBG Sending PREPARE. senderID=2 sn=52 view=0
15:25:40.545 DBG Sending COMMIT. senderID=2 sn=52 view=0
15:25:40.555 INF Handling PREPREPARE. nReq=64 senderID=1 sn=53
15:25:40.555 DBG Creating new Batch. nReq=64
15:25:40.559 INF Committed entry. latency=0 nReq=65 sn=52
15:25:40.559 DBG Starting timer. sn=56 view=0
15:25:40.561 DBG Sending PREPARE. senderID=2 sn=53 view=0
15:25:40.561 DBG Batch ready. batchSize=4096
15:25:40.564 DBG Batch cut. left=0 nBuckets=16 nReq=64 next=0
15:25:40.564 DBG Waiting for batch. batchSize=4096
15:25:40.565 INF Sending PREPREPARE. nReq=64 senderID=2 sn=54 view=0
15:25:40.578 DBG Sending COMMIT. senderID=2 sn=53 view=0
15:25:40.579 INF Committed entry. latency=0 nReq=64 sn=53
15:25:40.580 DBG Starting timer. sn=57 view=0
15:25:40.622 DBG Sending COMMIT. senderID=2 sn=54 view=0
15:25:40.624 INF Committed entry. latency=0 nReq=64 sn=54
15:25:40.624 DBG Starting timer. sn=58 view=0
15:25:41.528 INF Handling PREPREPARE. nReq=64 senderID=0 sn=56
15:25:41.528 DBG Creating new Batch. nReq=64
15:25:41.556 DBG Sending PREPARE. senderID=2 sn=56 view=0
15:25:41.556 DBG Sending COMMIT. senderID=2 sn=56 view=0
15:25:41.559 INF Handling PREPREPARE. nReq=64 senderID=1 sn=57
15:25:41.559 DBG Creating new Batch. nReq=64
15:25:41.566 DBG Batch ready. batchSize=4096
15:25:41.566 DBG Batch cut. left=0 nBuckets=16 nReq=64 next=0
15:25:41.566 DBG Waiting for batch. batchSize=4096
15:25:41.566 INF Sending PREPREPARE. nReq=64 senderID=2 sn=58 view=0
15:25:41.570 INF Committed entry. latency=0 nReq=64 sn=56
15:25:41.570 DBG Starting timer. sn=60 view=0
15:25:41.573 DBG Sending PREPARE. senderID=2 sn=57 view=0
15:25:41.573 DBG Sending COMMIT. senderID=2 sn=57 view=0
15:25:41.579 INF Committed entry. latency=0 nReq=64 sn=57
15:25:41.580 DBG Starting timer. sn=61 view=0
15:25:41.599 DBG Sending COMMIT. senderID=2 sn=58 view=0
15:25:41.601 INF Committed entry. latency=0 nReq=64 sn=58
15:25:41.601 DBG Starting timer. sn=62 view=0
15:25:42.539 INF Handling PREPREPARE. nReq=64 senderID=0 sn=60
15:25:42.539 DBG Creating new Batch. nReq=64
15:25:42.564 DBG Sending PREPARE. senderID=2 sn=60 view=0
15:25:42.566 INF Handling PREPREPARE. nReq=65 senderID=1 sn=61
15:25:42.566 DBG Creating new Batch. nReq=65
15:25:42.567 DBG Batch ready. batchSize=4096
15:25:42.568 DBG Batch cut. left=0 nBuckets=16 nReq=65 next=0
15:25:42.568 INF Sending PREPREPARE. nReq=65 senderID=2 sn=62 view=0
15:25:42.568 DBG Waiting for batch. batchSize=4096
15:25:42.576 DBG Sending COMMIT. senderID=2 sn=60 view=0
15:25:42.579 INF Committed entry. latency=0 nReq=64 sn=60
15:25:42.579 DBG Starting timer. sn=64 view=0
15:25:42.591 DBG Sending PREPARE. senderID=2 sn=61 view=0
15:25:42.605 DBG Sending COMMIT. senderID=2 sn=61 view=0
15:25:42.606 INF Committed entry. latency=0 nReq=65 sn=61
15:25:42.606 DBG Starting timer. sn=65 view=0
15:25:42.610 DBG Sending COMMIT. senderID=2 sn=62 view=0
15:25:42.612 INF Committed entry. latency=0 nReq=65 sn=62
15:25:42.612 DBG Starting timer. sn=66 view=0
15:25:43.548 INF Handling PREPREPARE. nReq=65 senderID=0 sn=64
15:25:43.548 DBG Creating new Batch. nReq=65
15:25:43.561 DBG Sending PREPARE. senderID=2 sn=64 view=0
15:25:43.563 DBG Sending COMMIT. senderID=2 sn=64 view=0
15:25:43.568 DBG Batch ready. batchSize=4096
15:25:43.569 DBG Batch cut. left=0 nBuckets=16 nReq=63 next=0
15:25:43.569 INF Sending PREPREPARE. nReq=63 senderID=2 sn=66 view=0
15:25:43.571 DBG Waiting for batch. batchSize=4096
15:25:43.571 INF Committed entry. latency=0 nReq=65 sn=64
15:25:43.572 DBG Starting timer. sn=68 view=0
15:25:43.595 INF Handling PREPREPARE. nReq=65 senderID=1 sn=65
15:25:43.596 DBG Creating new Batch. nReq=65
15:25:43.603 DBG Sending PREPARE. senderID=2 sn=65 view=0
15:25:43.603 DBG Sending COMMIT. senderID=2 sn=66 view=0
15:25:43.609 DBG Sending COMMIT. senderID=2 sn=65 view=0
15:25:43.609 INF Committed entry. latency=0 nReq=63 sn=66
15:25:43.609 INF Committed entry. latency=0 nReq=65 sn=65
15:25:43.610 DBG Starting timer. sn=70 view=0
15:25:43.611 DBG Starting timer. sn=69 view=0
15:25:44.548 INF Handling PREPREPARE. nReq=64 senderID=0 sn=68
15:25:44.548 DBG Creating new Batch. nReq=64
15:25:44.566 DBG Sending PREPARE. senderID=2 sn=68 view=0
15:25:44.567 DBG Sending COMMIT. senderID=2 sn=68 view=0
15:25:44.568 INF Committed entry. latency=0 nReq=64 sn=68
15:25:44.568 DBG Starting timer. sn=72 view=0
15:25:44.573 DBG Batch ready. batchSize=4096
15:25:44.573 DBG Batch cut. left=0 nBuckets=16 nReq=65 next=0
15:25:44.573 INF Sending PREPREPARE. nReq=65 senderID=2 sn=70 view=0
15:25:44.577 DBG Waiting for batch. batchSize=4096
15:25:44.590 INF Handling PREPREPARE. nReq=384 senderID=3 sn=11
15:25:44.593 DBG Creating new Batch. nReq=384
15:25:44.596 INF Handling PREPREPARE. nReq=64 senderID=1 sn=69
15:25:44.596 DBG Creating new Batch. nReq=64
15:25:44.602 DBG Sending PREPARE. senderID=2 sn=69 view=0
15:25:44.613 DBG Sending COMMIT. senderID=2 sn=69 view=0
15:25:44.630 INF Committed entry. latency=0 nReq=64 sn=69
15:25:44.631 DBG Starting timer. sn=73 view=0
15:25:44.645 DBG Sending COMMIT. senderID=2 sn=70 view=0
15:25:44.645 INF Committed entry. latency=0 nReq=65 sn=70
15:25:44.646 DBG Starting timer. sn=74 view=0
15:25:44.690 DBG Sending PREPARE. senderID=2 sn=11 view=0
15:25:44.691 DBG Sending COMMIT. senderID=2 sn=11 view=0
15:25:44.698 INF Committed entry. latency=0 nReq=384 sn=11
15:25:44.698 INF Delivered batch. nReq=384 sn=11
15:25:44.698 INF Delivered batch. nReq=64 sn=12
15:25:44.699 INF Delivered batch. nReq=64 sn=13
15:25:44.699 INF Delivered batch. nReq=64 sn=14
15:25:44.699 DBG Starting timer. sn=15 view=0
15:25:45.554 INF Handling PREPREPARE. nReq=64 senderID=0 sn=72
15:25:45.554 DBG Creating new Batch. nReq=64
15:25:45.569 DBG Sending PREPARE. senderID=2 sn=72 view=0
15:25:45.570 DBG Sending COMMIT. senderID=2 sn=72 view=0
15:25:45.574 INF Committed entry. latency=0 nReq=64 sn=72
15:25:45.574 DBG Starting timer. sn=76 view=0
15:25:45.577 DBG Batch ready. batchSize=4096
15:25:45.578 DBG Batch cut. left=0 nBuckets=16 nReq=64 next=0
15:25:45.578 INF Sending PREPREPARE. nReq=64 senderID=2 sn=74 view=0
15:25:45.578 DBG Waiting for batch. batchSize=4096
15:25:45.584 INF Handling PREPREPARE. nReq=64 senderID=1 sn=73
15:25:45.585 DBG Creating new Batch. nReq=64
15:25:45.604 DBG Sending PREPARE. senderID=2 sn=73 view=0
15:25:45.604 DBG Sending COMMIT. senderID=2 sn=73 view=0
15:25:45.604 INF Committed entry. latency=0 nReq=64 sn=73
15:25:45.605 DBG Starting timer. sn=77 view=0
15:25:45.605 DBG Sending COMMIT. senderID=2 sn=74 view=0
15:25:45.606 INF Committed entry. latency=0 nReq=64 sn=74
15:25:45.606 DBG Starting timer. sn=78 view=0
15:25:46.561 INF Handling PREPREPARE. nReq=65 senderID=0 sn=76
15:25:46.562 DBG Creating new Batch. nReq=65
15:25:46.572 DBG Sending PREPARE. senderID=2 sn=76 view=0
15:25:46.572 DBG Sending COMMIT. senderID=2 sn=76 view=0
15:25:46.580 INF Committed entry. latency=0 nReq=65 sn=76
15:25:46.580 DBG Starting timer. sn=80 view=0
15:25:46.581 DBG Batch ready. batchSize=4096
15:25:46.581 DBG Batch cut. left=0 nBuckets=16 nReq=64 next=0
15:25:46.582 INF Sending PREPREPARE. nReq=64 senderID=2 sn=78 view=0
15:25:46.583 DBG Waiting for batch. batchSize=4096
15:25:46.585 INF Handling PREPREPARE. nReq=64 senderID=1 sn=77
15:25:46.585 DBG Creating new Batch. nReq=64
15:25:46.603 DBG Sending PREPARE. senderID=2 sn=77 view=0
15:25:46.607 DBG Sending COMMIT. senderID=2 sn=77 view=0
15:25:46.613 INF Committed entry. latency=0 nReq=64 sn=77
15:25:46.613 DBG Starting timer. sn=81 view=0
15:25:46.622 DBG Sending COMMIT. senderID=2 sn=78 view=0
15:25:46.624 INF Committed entry. latency=0 nReq=64 sn=78
15:25:46.624 DBG Starting timer. sn=82 view=0
15:25:47.563 INF Handling PREPREPARE. nReq=64 senderID=0 sn=80
15:25:47.564 DBG Creating new Batch. nReq=64
15:25:47.580 DBG Sending PREPARE. senderID=2 sn=80 view=0
15:25:47.580 DBG Sending COMMIT. senderID=2 sn=80 view=0
15:25:47.583 INF Committed entry. latency=0 nReq=64 sn=80
15:25:47.583 DBG Starting timer. sn=84 view=0
15:25:47.584 DBG Batch ready. batchSize=4096
15:25:47.585 DBG Batch cut. left=0 nBuckets=16 nReq=65 next=0
15:25:47.585 INF Sending PREPREPARE. nReq=65 senderID=2 sn=82 view=0
15:25:47.587 DBG Waiting for batch. batchSize=4096
15:25:47.597 INF Handling PREPREPARE. nReq=65 senderID=1 sn=81
15:25:47.597 DBG Creating new Batch. nReq=65
15:25:47.612 DBG Sending PREPARE. senderID=2 sn=81 view=0
15:25:47.612 DBG Sending COMMIT. senderID=2 sn=81 view=0
15:25:47.613 INF Committed entry. latency=0 nReq=65 sn=81
15:25:47.613 DBG Starting timer. sn=85 view=0
15:25:47.632 DBG Sending COMMIT. senderID=2 sn=82 view=0
15:25:47.635 INF Committed entry. latency=0 nReq=65 sn=82
15:25:47.636 DBG Starting timer. sn=86 view=0
15:25:48.568 INF Handling PREPREPARE. nReq=64 senderID=0 sn=84
15:25:48.568 DBG Creating new Batch. nReq=64
15:25:48.587 DBG Batch ready. batchSize=4096
15:25:48.588 DBG Batch cut. left=0 nBuckets=16 nReq=64 next=0
15:25:48.588 INF Sending PREPREPARE. nReq=64 senderID=2 sn=86 view=0
15:25:48.593 INF Handling PREPREPARE. nReq=64 senderID=1 sn=85
15:25:48.593 DBG Creating new Batch. nReq=64
15:25:48.595 DBG Waiting for batch. batchSize=4096
15:25:48.623 DBG Sending PREPARE. senderID=2 sn=85 view=0
15:25:48.624 DBG Sending COMMIT. senderID=2 sn=85 view=0
15:25:48.627 INF Committed entry. latency=0 nReq=64 sn=85
15:25:48.627 DBG Starting timer. sn=89 view=0
15:25:48.629 DBG Sending PREPARE. senderID=2 sn=84 view=0
15:25:48.629 DBG Sending COMMIT. senderID=2 sn=84 view=0
15:25:48.633 INF Committed entry. latency=0 nReq=64 sn=84
15:25:48.633 DBG Starting timer. sn=88 view=0
15:25:48.638 DBG Sending COMMIT. senderID=2 sn=86 view=0
15:25:48.645 INF Committed entry. latency=0 nReq=64 sn=86
15:25:48.645 DBG Starting timer. sn=90 view=0
15:25:49.576 INF Handling PREPREPARE. nReq=65 senderID=0 sn=88
15:25:49.576 DBG Creating new Batch. nReq=65
15:25:49.595 DBG Batch ready. batchSize=4096
15:25:49.598 DBG Batch cut. left=0 nBuckets=16 nReq=64 next=0
15:25:49.598 DBG Waiting for batch. batchSize=4096
15:25:49.600 INF Sending PREPREPARE. nReq=64 senderID=2 sn=90 view=0
15:25:49.603 INF Handling PREPREPARE. nReq=64 senderID=1 sn=89
15:25:49.603 DBG Sending PREPARE. senderID=2 sn=88 view=0
15:25:49.603 DBG Creating new Batch. nReq=64
15:25:49.603 DBG Sending COMMIT. senderID=2 sn=88 view=0
15:25:49.611 INF Committed entry. latency=0 nReq=65 sn=88
15:25:49.612 DBG Starting timer. sn=92 view=0
15:25:49.614 DBG Sending PREPARE. senderID=2 sn=89 view=0
15:25:49.614 DBG Sending COMMIT. senderID=2 sn=89 view=0
15:25:49.617 INF Committed entry. latency=0 nReq=64 sn=89
15:25:49.617 DBG Starting timer. sn=93 view=0
15:25:49.655 DBG Sending COMMIT. senderID=2 sn=90 view=0
15:25:49.660 INF Committed entry. latency=0 nReq=64 sn=90
15:25:49.660 DBG Starting timer. sn=94 view=0
15:25:50.576 INF Handling PREPREPARE. nReq=63 senderID=0 sn=92
15:25:50.577 DBG Creating new Batch. nReq=63
15:25:50.592 DBG Sending PREPARE. senderID=2 sn=92 view=0
15:25:50.592 DBG Sending COMMIT. senderID=2 sn=92 view=0
15:25:50.597 INF Committed entry. latency=0 nReq=63 sn=92
15:25:50.598 DBG Starting timer. sn=96 view=0
15:25:50.599 DBG Batch ready. batchSize=4096
15:25:50.600 DBG Batch cut. left=0 nBuckets=16 nReq=62 next=0
15:25:50.600 INF Sending PREPREPARE. nReq=62 senderID=2 sn=94 view=0
15:25:50.601 DBG Waiting for batch. batchSize=4096
15:25:50.606 INF Handling PREPREPARE. nReq=62 senderID=1 sn=93
15:25:50.606 DBG Creating new Batch. nReq=62
15:25:50.626 DBG Sending PREPARE. senderID=2 sn=93 view=0
15:25:50.631 DBG Sending COMMIT. senderID=2 sn=94 view=0
15:25:50.632 DBG Sending COMMIT. senderID=2 sn=93 view=0
15:25:50.636 INF Committed entry. latency=0 nReq=62 sn=94
15:25:50.636 DBG Starting timer. sn=98 view=0
15:25:50.639 INF Committed entry. latency=0 nReq=62 sn=93
15:25:50.639 DBG Starting timer. sn=97 view=0
15:25:50.656 INF Handling PREPREPARE. nReq=385 senderID=3 sn=15
15:25:50.656 DBG Creating new Batch. nReq=385
15:25:50.761 DBG Sending PREPARE. senderID=2 sn=15 view=0
15:25:50.761 DBG Sending COMMIT. senderID=2 sn=15 view=0
15:25:50.764 INF Committed entry. latency=0 nReq=385 sn=15
15:25:50.764 INF Delivered batch. nReq=385 sn=15
15:25:50.765 INF Delivered batch. nReq=65 sn=16
15:25:50.765 INF Delivered batch. nReq=65 sn=17
15:25:50.769 INF Delivered batch. nReq=65 sn=18
15:25:50.770 DBG Starting timer. sn=19 view=0
15:25:51.585 INF Handling PREPREPARE. nReq=65 senderID=0 sn=96
15:25:51.585 DBG Creating new Batch. nReq=65
15:25:51.601 DBG Sending PREPARE. senderID=2 sn=96 view=0
15:25:51.602 DBG Batch ready. batchSize=4096
15:25:51.603 DBG Batch cut. left=0 nBuckets=16 nReq=65 next=0
15:25:51.603 INF Sending PREPREPARE. nReq=65 senderID=2 sn=98 view=0
15:25:51.606 DBG Waiting for batch. batchSize=4096
15:25:51.609 INF Handling PREPREPARE. nReq=65 senderID=1 sn=97
15:25:51.609 DBG Creating new Batch. nReq=65
15:25:51.612 DBG Sending COMMIT. senderID=2 sn=96 view=0
15:25:51.614 INF Committed entry. latency=0 nReq=65 sn=96
15:25:51.614 DBG Starting timer. sn=100 view=0
15:25:51.621 DBG Sending PREPARE. senderID=2 sn=97 view=0
15:25:51.631 DBG Sending COMMIT. senderID=2 sn=97 view=0
15:25:51.634 INF Committed entry. latency=0 nReq=65 sn=97
15:25:51.634 DBG Starting timer. sn=101 view=0
15:25:51.641 DBG Sending COMMIT. senderID=2 sn=98 view=0
15:25:51.644 INF Committed entry. latency=0 nReq=65 sn=98
15:25:51.644 DBG Starting timer. sn=102 view=0
15:25:52.607 DBG Batch ready. batchSize=4096
15:25:52.608 DBG Batch cut. left=0 nBuckets=16 nReq=66 next=0
15:25:52.608 INF Sending PREPREPARE. nReq=66 senderID=2 sn=102 view=0
15:25:52.609 DBG Waiting for batch. batchSize=4096
15:25:52.616 INF Handling PREPREPARE. nReq=66 senderID=1 sn=101
15:25:52.616 DBG Creating new Batch. nReq=66
15:25:52.632 DBG Sending PREPARE. senderID=2 sn=101 view=0
15:25:52.649 DBG Sending COMMIT. senderID=2 sn=102 view=0
15:25:52.649 DBG Sending COMMIT. senderID=2 sn=101 view=0
15:25:52.656 INF Handling PREPREPARE. nReq=65 senderID=0 sn=100
15:25:52.657 DBG Creating new Batch. nReq=65
15:25:52.657 INF Committed entry. latency=0 nReq=66 sn=101
15:25:52.657 DBG Starting timer. sn=105 view=0
15:25:52.676 DBG Sending PREPARE. senderID=2 sn=100 view=0
15:25:52.676 DBG Sending COMMIT. senderID=2 sn=100 view=0
15:25:52.677 INF Committed entry. latency=0 nReq=65 sn=100
15:25:52.677 DBG Starting timer. sn=104 view=0
15:25:52.677 INF Committed entry. latency=0 nReq=66 sn=102
15:25:52.677 DBG Starting timer. sn=106 view=0
15:25:53.593 INF Handling PREPREPARE. nReq=64 senderID=0 sn=104
15:25:53.593 DBG Creating new Batch. nReq=64
15:25:53.609 DBG Batch ready. batchSize=4096
15:25:53.610 DBG Batch cut. left=0 nBuckets=16 nReq=64 next=0
15:25:53.610 INF Sending PREPREPARE. nReq=64 senderID=2 sn=106 view=0
15:25:53.611 DBG Waiting for batch. batchSize=4096
15:25:53.635 DBG Sending PREPARE. senderID=2 sn=104 view=0
15:25:53.635 DBG Sending COMMIT. senderID=2 sn=104 view=0
15:25:53.641 INF Handling PREPREPARE. nReq=65 senderID=1 sn=105
15:25:53.641 DBG Creating new Batch. nReq=65
15:25:53.648 INF Committed entry. latency=0 nReq=64 sn=104
15:25:53.648 DBG Sending PREPARE. senderID=2 sn=105 view=0
15:25:53.648 DBG Starting timer. sn=108 view=0
15:25:53.658 DBG Sending COMMIT. senderID=2 sn=105 view=0
15:25:53.660 INF Committed entry. latency=0 nReq=65 sn=105
15:25:53.660 DBG Starting timer. sn=109 view=0
15:25:53.662 DBG Sending COMMIT. senderID=2 sn=106 view=0
15:25:53.664 INF Committed entry. latency=0 nReq=64 sn=106
15:25:53.664 DBG Starting timer. sn=110 view=0
15:25:54.598 INF Handling PREPREPARE. nReq=64 senderID=0 sn=108
15:25:54.599 DBG Creating new Batch. nReq=64
15:25:54.608 DBG Sending PREPARE. senderID=2 sn=108 view=0
15:25:54.617 DBG Batch ready. batchSize=4096
15:25:54.617 DBG Batch cut. left=0 nBuckets=16 nReq=64 next=0
15:25:54.617 INF Sending PREPREPARE. nReq=64 senderID=2 sn=110 view=0
15:25:54.621 DBG Sending COMMIT. senderID=2 sn=108 view=0
15:25:54.621 INF Committed entry. latency=0 nReq=64 sn=108
15:25:54.621 DBG Starting timer. sn=112 view=0
15:25:54.625 DBG Waiting for batch. batchSize=4096
15:25:54.647 INF Handling PREPREPARE. nReq=63 senderID=1 sn=109
15:25:54.651 DBG Sending COMMIT. senderID=2 sn=110 view=0
15:25:54.651 DBG Creating new Batch. nReq=63
15:25:54.652 INF Committed entry. latency=0 nReq=64 sn=110
15:25:54.652 DBG Starting timer. sn=114 view=0
15:25:54.661 DBG Sending PREPARE. senderID=2 sn=109 view=0
15:25:54.662 DBG Sending COMMIT. senderID=2 sn=109 view=0
15:25:54.667 INF Committed entry. latency=0 nReq=63 sn=109
15:25:54.668 DBG Starting timer. sn=113 view=0
15:25:55.597 INF Handling PREPREPARE. nReq=64 senderID=0 sn=112
15:25:55.598 DBG Creating new Batch. nReq=64
15:25:55.605 DBG Sending PREPARE. senderID=2 sn=112 view=0
15:25:55.614 DBG Sending COMMIT. senderID=2 sn=112 view=0
15:25:55.618 INF Committed entry. latency=0 nReq=64 sn=112
15:25:55.618 DBG Starting timer. sn=116 view=0
15:25:55.625 INF Handling PREPREPARE. nReq=65 senderID=1 sn=113
15:25:55.625 DBG Creating new Batch. nReq=65
15:25:55.640 DBG Batch ready. batchSize=4096
15:25:55.641 DBG Batch cut. left=0 nBuckets=16 nReq=66 next=0
15:25:55.641 INF Sending PREPREPARE. nReq=66 senderID=2 sn=114 view=0
15:25:55.642 DBG Sending PREPARE. senderID=2 sn=113 view=0
15:25:55.642 DBG Sending COMMIT. senderID=2 sn=113 view=0
15:25:55.642 DBG Waiting for batch. batchSize=4096
15:25:55.647 INF Committed entry. latency=0 nReq=65 sn=113
15:25:55.647 DBG Starting timer. sn=117 view=0
15:25:55.665 DBG Sending COMMIT. senderID=2 sn=114 view=0
15:25:55.668 INF Committed entry. latency=0 nReq=66 sn=114
15:25:55.668 DBG Starting timer. sn=118 view=0
15:25:56.616 INF Handling PREPREPARE. nReq=64 senderID=0 sn=116
15:25:56.616 DBG Creating new Batch. nReq=64
15:25:56.636 INF Handling PREPREPARE. nReq=385 senderID=3 sn=19
15:25:56.636 DBG Creating new Batch. nReq=385
15:25:56.641 INF Handling PREPREPARE. nReq=63 senderID=1 sn=117
15:25:56.641 DBG Creating new Batch. nReq=63
15:25:56.643 DBG Batch ready. batchSize=4096
15:25:56.643 DBG Batch cut. left=0 nBuckets=16 nReq=63 next=0
15:25:56.643 INF Sending PREPREPARE. nReq=63 senderID=2 sn=118 view=0
15:25:56.645 DBG Waiting for batch. batchSize=4096
15:25:56.661 DBG Sending PREPARE. senderID=2 sn=117 view=0
15:25:56.661 DBG Sending COMMIT. senderID=2 sn=117 view=0
15:25:56.661 INF Committed entry. latency=0 nReq=63 sn=117
15:25:56.661 DBG Starting timer. sn=121 view=0
15:25:56.662 DBG Sending PREPARE. senderID=2 sn=116 view=0
15:25:56.662 DBG Sending COMMIT. senderID=2 sn=116 view=0
15:25:56.663 INF Committed entry. latency=0 nReq=64 sn=116
15:25:56.663 DBG Starting timer. sn=120 view=0
15:25:56.663 DBG Sending COMMIT. senderID=2 sn=118 view=0
15:25:56.664 INF Committed entry. latency=0 nReq=63 sn=118
15:25:56.664 DBG Starting timer. sn=122 view=0
15:25:56.745 DBG Sending PREPARE. senderID=2 sn=19 view=0
15:25:56.751 DBG Sending COMMIT. senderID=2 sn=19 view=0
15:25:56.754 INF Committed entry. latency=0 nReq=385 sn=19
15:25:56.754 INF Delivered batch. nReq=385 sn=19
15:25:56.755 INF Delivered batch. nReq=64 sn=20
15:25:56.755 INF Delivered batch. nReq=63 sn=21
15:25:56.755 INF Delivered batch. nReq=62 sn=22
15:25:56.755 DBG Starting timer. sn=23 view=0
15:25:57.602 INF Handling PREPREPARE. nReq=65 senderID=0 sn=120
15:25:57.602 DBG Creating new Batch. nReq=65
15:25:57.618 DBG Sending PREPARE. senderID=2 sn=120 view=0
15:25:57.621 DBG Sending COMMIT. senderID=2 sn=120 view=0
15:25:57.624 INF Committed entry. latency=0 nReq=65 sn=120
15:25:57.624 DBG Starting timer. sn=124 view=0
15:25:57.646 DBG Batch ready. batchSize=4096
15:25:57.647 DBG Batch cut. left=0 nBuckets=16 nReq=66 next=0
15:25:57.647 INF Sending PREPREPARE. nReq=66 senderID=2 sn=122 view=0
15:25:57.649 INF Handling PREPREPARE. nReq=66 senderID=1 sn=121
15:25:57.649 DBG Creating new Batch. nReq=66
15:25:57.651 DBG Waiting for batch. batchSize=4096
15:25:57.682 DBG Sending PREPARE. senderID=2 sn=121 view=0
15:25:57.684 DBG Sending COMMIT. senderID=2 sn=121 view=0
15:25:57.686 INF Committed entry. latency=0 nReq=66 sn=121
15:25:57.686 DBG Starting timer. sn=125 view=0
15:25:57.692 DBG Sending COMMIT. senderID=2 sn=122 view=0
15:25:57.693 INF Committed entry. latency=0 nReq=66 sn=122
15:25:57.693 DBG Starting timer. sn=126 view=0
15:25:58.610 INF Handling PREPREPARE. nReq=64 senderID=0 sn=124
15:25:58.610 DBG Creating new Batch. nReq=64
15:25:58.618 DBG Sending PREPARE. senderID=2 sn=124 view=0
15:25:58.637 DBG Sending COMMIT. senderID=2 sn=124 view=0
15:25:58.640 INF Committed entry. latency=0 nReq=64 sn=124
15:25:58.641 DBG Starting timer. sn=128 view=0
15:25:58.652 DBG Batch ready. batchSize=4096
15:25:58.653 DBG Batch cut. left=0 nBuckets=16 nReq=63 next=0
15:25:58.653 INF Sending PREPREPARE. nReq=63 senderID=2 sn=126 view=0
15:25:58.660 DBG Waiting for batch. batchSize=4096
15:25:58.678 INF Handling PREPREPARE. nReq=65 senderID=1 sn=125
15:25:58.678 DBG Creating new Batch. nReq=65
15:25:58.685 DBG Sending PREPARE. senderID=2 sn=125 view=0
15:25:58.689 DBG Sending COMMIT. senderID=2 sn=125 view=0
15:25:58.692 INF Committed entry. latency=0 nReq=65 sn=125
15:25:58.692 DBG Starting timer. sn=129 view=0
15:25:58.696 DBG Sending COMMIT. senderID=2 sn=126 view=0
15:25:58.704 INF Committed entry. latency=0 nReq=63 sn=126
15:25:58.704 DBG Starting timer. sn=130 view=0
15:25:59.605 INF Handling PREPREPARE. nReq=9 senderID=0 sn=128
15:25:59.605 DBG Creating new Batch. nReq=9
15:25:59.607 DBG Sending PREPARE. senderID=2 sn=128 view=0
15:25:59.608 DBG Sending COMMIT. senderID=2 sn=128 view=0
15:25:59.609 INF Committed entry. latency=0 nReq=9 sn=128
15:25:59.610 DBG Starting timer. sn=132 view=0
15:25:59.661 DBG Batch ready. batchSize=4096
15:25:59.661 DBG Batch cut. left=0 nBuckets=16 nReq=6 next=0
15:25:59.662 INF Sending PREPREPARE. nReq=6 senderID=2 sn=130 view=0
15:25:59.662 DBG Waiting for batch. batchSize=4096
15:25:59.671 DBG Sending COMMIT. senderID=2 sn=130 view=0
15:25:59.671 INF Committed entry. latency=0 nReq=6 sn=130
15:25:59.672 DBG Starting timer. sn=134 view=0
15:25:59.675 INF Handling PREPREPARE. nReq=5 senderID=1 sn=129
15:25:59.676 DBG Creating new Batch. nReq=5
15:25:59.676 DBG Sending PREPARE. senderID=2 sn=129 view=0
15:25:59.679 DBG Sending COMMIT. senderID=2 sn=129 view=0
15:25:59.680 INF Committed entry. latency=0 nReq=5 sn=129
15:25:59.680 DBG Starting timer. sn=133 view=0
15:26:00.605 INF Handling PREPREPARE. nReq=0 senderID=0 sn=132
15:26:00.605 DBG Creating new Batch. nReq=0
15:26:00.606 DBG Sending PREPARE. senderID=2 sn=132 view=0
15:26:00.608 DBG Sending COMMIT. senderID=2 sn=132 view=0
15:26:00.609 INF Committed entry. latency=0 nReq=0 sn=132
15:26:00.609 DBG Starting timer. sn=136 view=0
15:26:00.663 DBG Batch ready. batchSize=4096
15:26:00.664 DBG Batch cut. left=0 nBuckets=16 nReq=0 next=0
15:26:00.664 INF Sending PREPREPARE. nReq=0 senderID=2 sn=134 view=0
15:26:00.664 DBG Waiting for batch. batchSize=4096
15:26:00.667 DBG Sending COMMIT. senderID=2 sn=134 view=0
15:26:00.668 INF Committed entry. latency=0 nReq=0 sn=134
15:26:00.668 DBG Starting timer. sn=138 view=0
15:26:00.677 INF Handling PREPREPARE. nReq=0 senderID=1 sn=133
15:26:00.677 DBG Creating new Batch. nReq=0
15:26:00.678 DBG Sending PREPARE. senderID=2 sn=133 view=0
15:26:00.679 DBG Sending COMMIT. senderID=2 sn=133 view=0
15:26:00.681 INF Committed entry. latency=0 nReq=0 sn=133
15:26:00.681 DBG Starting timer. sn=137 view=0
15:26:01.609 INF Handling PREPREPARE. nReq=0 senderID=0 sn=136
15:26:01.610 DBG Creating new Batch. nReq=0
15:26:01.610 DBG Sending PREPARE. senderID=2 sn=136 view=0
15:26:01.612 DBG Sending COMMIT. senderID=2 sn=136 view=0
15:26:01.613 INF Committed entry. latency=0 nReq=0 sn=136
15:26:01.613 DBG Starting timer. sn=140 view=0
15:26:01.665 DBG Batch ready. batchSize=4096
15:26:01.666 DBG Batch cut. left=0 nBuckets=16 nReq=0 next=0
15:26:01.666 INF Sending PREPREPARE. nReq=0 senderID=2 sn=138 view=0
15:26:01.667 DBG Waiting for batch. batchSize=4096
15:26:01.669 DBG Sending COMMIT. senderID=2 sn=138 view=0
15:26:01.674 INF Committed entry. latency=0 nReq=0 sn=138
15:26:01.674 DBG Starting timer. sn=142 view=0
15:26:01.679 INF Handling PREPREPARE. nReq=0 senderID=1 sn=137
15:26:01.679 DBG Creating new Batch. nReq=0
15:26:01.679 DBG Sending PREPARE. senderID=2 sn=137 view=0
15:26:01.681 DBG Sending COMMIT. senderID=2 sn=137 view=0
15:26:01.683 INF Committed entry. latency=0 nReq=0 sn=137
15:26:01.683 DBG Starting timer. sn=141 view=0
15:26:02.542 INF Handling PREPREPARE. nReq=142 senderID=3 sn=23
15:26:02.543 DBG Creating new Batch. nReq=142
15:26:02.580 DBG Sending PREPARE. senderID=2 sn=23 view=0
15:26:02.580 DBG Sending COMMIT. senderID=2 sn=23 view=0
15:26:02.584 INF Committed entry. latency=0 nReq=142 sn=23
15:26:02.584 INF Delivered batch. nReq=142 sn=23
15:26:02.587 INF Delivered batch. nReq=64 sn=24
15:26:02.588 INF Delivered batch. nReq=65 sn=25
15:26:02.589 INF Delivered batch. nReq=67 sn=26
15:26:02.595 DBG Starting timer. sn=27 view=0
15:26:02.618 INF Handling PREPREPARE. nReq=0 senderID=0 sn=140
15:26:02.618 DBG Creating new Batch. nReq=0
15:26:02.618 DBG Sending PREPARE. senderID=2 sn=140 view=0
15:26:02.618 DBG Sending COMMIT. senderID=2 sn=140 view=0
15:26:02.619 INF Committed entry. latency=0 nReq=0 sn=140
15:26:02.620 DBG Starting timer. sn=144 view=0
15:26:02.667 DBG Batch ready. batchSize=4096
15:26:02.668 DBG Batch cut. left=0 nBuckets=16 nReq=0 next=0
15:26:02.668 INF Sending PREPREPARE. nReq=0 senderID=2 sn=142 view=0
15:26:02.668 DBG Waiting for batch. batchSize=4096
15:26:02.674 DBG Sending COMMIT. senderID=2 sn=142 view=0
15:26:02.674 INF Committed entry. latency=0 nReq=0 sn=142
15:26:02.674 DBG Starting timer. sn=146 view=0
15:26:02.680 INF Handling PREPREPARE. nReq=0 senderID=1 sn=141
15:26:02.680 DBG Creating new Batch. nReq=0
15:26:02.680 DBG Sending PREPARE. senderID=2 sn=141 view=0
15:26:02.682 DBG Sending COMMIT. senderID=2 sn=141 view=0
15:26:02.683 INF Committed entry. latency=0 nReq=0 sn=141
15:26:02.684 DBG Starting timer. sn=145 view=0
15:26:03.619 INF Handling PREPREPARE. nReq=0 senderID=0 sn=144
15:26:03.619 DBG Creating new Batch. nReq=0
15:26:03.619 DBG Sending PREPARE. senderID=2 sn=144 view=0
15:26:03.620 DBG Sending COMMIT. senderID=2 sn=144 view=0
15:26:03.622 INF Committed entry. latency=0 nReq=0 sn=144
15:26:03.623 DBG Starting timer. sn=148 view=0
15:26:03.670 DBG Batch ready. batchSize=4096
15:26:03.670 DBG Batch cut. left=0 nBuckets=16 nReq=0 next=0
15:26:03.671 INF Sending PREPREPARE. nReq=0 senderID=2 sn=146 view=0
15:26:03.671 DBG Waiting for batch. batchSize=4096
15:26:03.676 DBG Sending COMMIT. senderID=2 sn=146 view=0
15:26:03.676 INF Committed entry. latency=0 nReq=0 sn=146
15:26:03.676 DBG Starting timer. sn=150 view=0
15:26:03.681 INF Handling PREPREPARE. nReq=0 senderID=1 sn=145
15:26:03.681 DBG Creating new Batch. nReq=0
15:26:03.682 DBG Sending PREPARE. senderID=2 sn=145 view=0
15:26:03.683 DBG Sending COMMIT. senderID=2 sn=145 view=0
15:26:03.684 INF Committed entry. latency=0 nReq=0 sn=145
15:26:03.685 DBG Starting timer. sn=149 view=0
15:26:04.620 INF Handling PREPREPARE. nReq=0 senderID=0 sn=148
15:26:04.620 DBG Creating new Batch. nReq=0
15:26:04.620 DBG Sending PREPARE. senderID=2 sn=148 view=0
15:26:04.625 DBG Sending COMMIT. senderID=2 sn=148 view=0
15:26:04.626 INF Committed entry. latency=0 nReq=0 sn=148
15:26:04.626 DBG Starting timer. sn=152 view=0
15:26:04.671 DBG Batch ready. batchSize=4096
15:26:04.672 DBG Batch cut. left=0 nBuckets=16 nReq=0 next=0
15:26:04.672 INF Sending PREPREPARE. nReq=0 senderID=2 sn=150 view=0
15:26:04.673 DBG Waiting for batch. batchSize=4096
15:26:04.676 DBG Sending COMMIT. senderID=2 sn=150 view=0
15:26:04.682 INF Committed entry. latency=0 nReq=0 sn=150
15:26:04.682 DBG Starting timer. sn=154 view=0
15:26:04.684 INF Handling PREPREPARE. nReq=0 senderID=1 sn=149
15:26:04.684 DBG Creating new Batch. nReq=0
15:26:04.684 DBG Sending PREPARE. senderID=2 sn=149 view=0
15:26:04.686 DBG Sending COMMIT. senderID=2 sn=149 view=0
15:26:04.687 INF Committed entry. latency=0 nReq=0 sn=149
15:26:04.688 DBG Starting timer. sn=153 view=0
15:26:05.621 INF Handling PREPREPARE. nReq=0 senderID=0 sn=152
15:26:05.622 DBG Creating new Batch. nReq=0
15:26:05.622 DBG Sending PREPARE. senderID=2 sn=152 view=0
15:26:05.624 DBG Sending COMMIT. senderID=2 sn=152 view=0
15:26:05.626 INF Committed entry. latency=0 nReq=0 sn=152
15:26:05.626 DBG Starting timer. sn=156 view=0
15:26:05.673 DBG Batch ready. batchSize=4096
15:26:05.674 DBG Batch cut. left=0 nBuckets=16 nReq=0 next=0
15:26:05.674 INF Sending PREPREPARE. nReq=0 senderID=2 sn=154 view=0
15:26:05.675 DBG Waiting for batch. batchSize=4096
15:26:05.677 DBG Sending COMMIT. senderID=2 sn=154 view=0
15:26:05.680 INF Committed entry. latency=0 nReq=0 sn=154
15:26:05.681 DBG Starting timer. sn=158 view=0
15:26:05.693 INF Handling PREPREPARE. nReq=0 senderID=1 sn=153
15:26:05.693 DBG Creating new Batch. nReq=0
15:26:05.693 DBG Sending PREPARE. senderID=2 sn=153 view=0
15:26:05.694 DBG Sending COMMIT. senderID=2 sn=153 view=0
15:26:05.694 INF Committed entry. latency=0 nReq=0 sn=153
15:26:05.694 DBG Starting timer. sn=157 view=0
15:26:06.624 INF Handling PREPREPARE. nReq=0 senderID=0 sn=156
15:26:06.624 DBG Creating new Batch. nReq=0
15:26:06.624 DBG Sending PREPARE. senderID=2 sn=156 view=0
15:26:06.625 DBG Sending COMMIT. senderID=2 sn=156 view=0
15:26:06.628 INF Committed entry. latency=0 nReq=0 sn=156
15:26:06.628 DBG Starting timer. sn=160 view=0
15:26:06.676 DBG Batch ready. batchSize=4096
15:26:06.676 DBG Batch cut. left=0 nBuckets=16 nReq=0 next=0
15:26:06.676 INF Sending PREPREPARE. nReq=0 senderID=2 sn=158 view=0
15:26:06.677 DBG Waiting for batch. batchSize=4096
15:26:06.679 DBG Sending COMMIT. senderID=2 sn=158 view=0
15:26:06.681 INF Committed entry. latency=0 nReq=0 sn=158
15:26:06.681 DBG Starting timer. sn=162 view=0
15:26:06.688 INF Handling PREPREPARE. nReq=0 senderID=1 sn=157
15:26:06.688 DBG Creating new Batch. nReq=0
15:26:06.688 DBG Sending PREPARE. senderID=2 sn=157 view=0
15:26:06.691 DBG Sending COMMIT. senderID=2 sn=157 view=0
15:26:06.691 INF Committed entry. latency=0 nReq=0 sn=157
15:26:06.691 DBG Starting timer. sn=161 view=0
15:26:07.626 INF Handling PREPREPARE. nReq=0 senderID=0 sn=160
15:26:07.626 DBG Creating new Batch. nReq=0
15:26:07.626 DBG Sending PREPARE. senderID=2 sn=160 view=0
15:26:07.628 DBG Sending COMMIT. senderID=2 sn=160 view=0
15:26:07.628 INF Committed entry. latency=0 nReq=0 sn=160
15:26:07.629 DBG Starting timer. sn=164 view=0
15:26:07.677 DBG Batch ready. batchSize=4096
15:26:07.678 DBG Batch cut. left=0 nBuckets=16 nReq=0 next=0
15:26:07.678 INF Sending PREPREPARE. nReq=0 senderID=2 sn=162 view=0
15:26:07.678 DBG Waiting for batch. batchSize=4096
15:26:07.681 DBG Sending COMMIT. senderID=2 sn=162 view=0
15:26:07.683 INF Committed entry. latency=0 nReq=0 sn=162
15:26:07.683 DBG Starting timer. sn=166 view=0
15:26:07.690 INF Handling PREPREPARE. nReq=0 senderID=1 sn=161
15:26:07.690 DBG Creating new Batch. nReq=0
15:26:07.690 DBG Sending PREPARE. senderID=2 sn=161 view=0
15:26:07.691 DBG Sending COMMIT. senderID=2 sn=161 view=0
15:26:07.694 INF Committed entry. latency=0 nReq=0 sn=161
15:26:07.694 DBG Starting timer. sn=165 view=0
15:26:08.523 INF Handling PREPREPARE. nReq=0 senderID=3 sn=27
15:26:08.524 DBG Creating new Batch. nReq=0
15:26:08.524 DBG Sending PREPARE. senderID=2 sn=27 view=0
15:26:08.529 DBG Sending COMMIT. senderID=2 sn=27 view=0
15:26:08.530 INF Committed entry. latency=0 nReq=0 sn=27
15:26:08.530 INF Delivered batch. nReq=0 sn=27
15:26:08.530 INF Delivered batch. nReq=65 sn=28
15:26:08.530 INF Delivered batch. nReq=63 sn=29
15:26:08.531 INF Delivered batch. nReq=62 sn=30
15:26:08.531 DBG Starting timer. sn=31 view=0
15:26:08.628 INF Handling PREPREPARE. nReq=0 senderID=0 sn=164
15:26:08.628 DBG Creating new Batch. nReq=0
15:26:08.628 DBG Sending PREPARE. senderID=2 sn=164 view=0
15:26:08.629 DBG Sending COMMIT. senderID=2 sn=164 view=0
15:26:08.632 INF Committed entry. latency=0 nReq=0 sn=164
15:26:08.632 DBG Starting timer. sn=168 view=0
15:26:08.679 DBG Batch ready. batchSize=4096
15:26:08.680 DBG Batch cut. left=0 nBuckets=16 nReq=0 next=0
15:26:08.680 INF Sending PREPREPARE. nReq=0 senderID=2 sn=166 view=0
15:26:08.680 DBG Waiting for batch. batchSize=4096
15:26:08.683 DBG Sending COMMIT. senderID=2 sn=166 view=0
15:26:08.687 INF Committed entry. latency=0 nReq=0 sn=166
15:26:08.688 DBG Starting timer. sn=170 view=0
15:26:08.692 INF Handling PREPREPARE. nReq=0 senderID=1 sn=165
15:26:08.692 DBG Creating new Batch. nReq=0
15:26:08.692 DBG Sending PREPARE. senderID=2 sn=165 view=0
15:26:08.694 DBG Sending COMMIT. senderID=2 sn=165 view=0
15:26:08.697 INF Committed entry. latency=0 nReq=0 sn=165
15:26:08.697 DBG Starting timer. sn=169 view=0
15:26:09.632 INF Handling PREPREPARE. nReq=0 senderID=0 sn=168
15:26:09.632 DBG Creating new Batch. nReq=0
15:26:09.633 DBG Sending PREPARE. senderID=2 sn=168 view=0
15:26:09.641 DBG Sending COMMIT. senderID=2 sn=168 view=0
15:26:09.642 INF Committed entry. latency=0 nReq=0 sn=168
15:26:09.642 DBG Starting timer. sn=172 view=0
15:26:09.681 DBG Batch ready. batchSize=4096
15:26:09.681 DBG Batch cut. left=0 nBuckets=16 nReq=0 next=0
15:26:09.682 INF Sending PREPREPARE. nReq=0 senderID=2 sn=170 view=0
15:26:09.682 DBG Waiting for batch. batchSize=4096
15:26:09.687 DBG Sending COMMIT. senderID=2 sn=170 view=0
15:26:09.688 INF Committed entry. latency=0 nReq=0 sn=170
15:26:09.689 DBG Starting timer. sn=174 view=0
15:26:09.695 INF Handling PREPREPARE. nReq=0 senderID=1 sn=169
15:26:09.695 DBG Creating new Batch. nReq=0
15:26:09.695 DBG Sending PREPARE. senderID=2 sn=169 view=0
15:26:09.699 DBG Sending COMMIT. senderID=2 sn=169 view=0
15:26:09.700 INF Committed entry. latency=0 nReq=0 sn=169
15:26:09.700 DBG Starting timer. sn=173 view=0
15:26:10.633 INF Handling PREPREPARE. nReq=0 senderID=0 sn=172
15:26:10.633 DBG Creating new Batch. nReq=0
15:26:10.633 DBG Sending PREPARE. senderID=2 sn=172 view=0
15:26:10.635 DBG Sending COMMIT. senderID=2 sn=172 view=0
15:26:10.640 INF Committed entry. latency=0 nReq=0 sn=172
15:26:10.640 DBG Starting timer. sn=176 view=0
15:26:10.683 DBG Batch ready. batchSize=4096
15:26:10.683 DBG Batch cut. left=0 nBuckets=16 nReq=0 next=0
15:26:10.684 INF Sending PREPREPARE. nReq=0 senderID=2 sn=174 view=0
15:26:10.684 DBG Waiting for batch. batchSize=4096
15:26:10.689 DBG Sending COMMIT. senderID=2 sn=174 view=0
15:26:10.689 INF Committed entry. latency=0 nReq=0 sn=174
15:26:10.690 DBG Starting timer. sn=178 view=0
15:26:10.696 INF Handling PREPREPARE. nReq=0 senderID=1 sn=173
15:26:10.696 DBG Creating new Batch. nReq=0
15:26:10.697 DBG Sending PREPARE. senderID=2 sn=173 view=0
15:26:10.697 DBG Sending COMMIT. senderID=2 sn=173 view=0
15:26:10.699 INF Committed entry. latency=0 nReq=0 sn=173
15:26:10.700 DBG Starting timer. sn=177 view=0
15:26:11.634 INF Handling PREPREPARE. nReq=0 senderID=0 sn=176
15:26:11.634 DBG Creating new Batch. nReq=0
15:26:11.634 DBG Sending PREPARE. senderID=2 sn=176 view=0
15:26:11.635 DBG Sending COMMIT. senderID=2 sn=176 view=0
15:26:11.637 INF Committed entry. latency=0 nReq=0 sn=176
15:26:11.638 DBG Starting timer. sn=180 view=0
15:26:11.685 DBG Batch ready. batchSize=4096
15:26:11.686 DBG Batch cut. left=0 nBuckets=16 nReq=0 next=0
15:26:11.686 INF Sending PREPREPARE. nReq=0 senderID=2 sn=178 view=0
15:26:11.686 DBG Waiting for batch. batchSize=4096
15:26:11.689 DBG Sending COMMIT. senderID=2 sn=178 view=0
15:26:11.690 INF Committed entry. latency=0 nReq=0 sn=178
15:26:11.691 DBG Starting timer. sn=182 view=0
15:26:11.698 INF Handling PREPREPARE. nReq=0 senderID=1 sn=177
15:26:11.699 DBG Creating new Batch. nReq=0
15:26:11.699 DBG Sending PREPARE. senderID=2 sn=177 view=0
15:26:11.700 DBG Sending COMMIT. senderID=2 sn=177 view=0
15:26:11.702 INF Committed entry. latency=0 nReq=0 sn=177
15:26:11.702 DBG Starting timer. sn=181 view=0
15:26:12.636 INF Handling PREPREPARE. nReq=0 senderID=0 sn=180
15:26:12.636 DBG Creating new Batch. nReq=0
15:26:12.636 DBG Sending PREPARE. senderID=2 sn=180 view=0
15:26:12.642 DBG Sending COMMIT. senderID=2 sn=180 view=0
15:26:12.643 INF Committed entry. latency=0 nReq=0 sn=180
15:26:12.643 DBG Starting timer. sn=184 view=0
15:26:12.687 DBG Batch ready. batchSize=4096
15:26:12.687 DBG Batch cut. left=0 nBuckets=16 nReq=0 next=0
15:26:12.688 INF Sending PREPREPARE. nReq=0 senderID=2 sn=182 view=0
15:26:12.688 DBG Waiting for batch. batchSize=4096
15:26:12.692 DBG Sending COMMIT. senderID=2 sn=182 view=0
15:26:12.694 INF Committed entry. latency=0 nReq=0 sn=182
15:26:12.694 DBG Starting timer. sn=186 view=0
15:26:12.700 INF Handling PREPREPARE. nReq=0 senderID=1 sn=181
15:26:12.701 DBG Creating new Batch. nReq=0
15:26:12.701 DBG Sending PREPARE. senderID=2 sn=181 view=0
15:26:12.702 DBG Sending COMMIT. senderID=2 sn=181 view=0
15:26:12.707 INF Committed entry. latency=0 nReq=0 sn=181
15:26:12.707 DBG Starting timer. sn=185 view=0
15:26:13.638 INF Handling PREPREPARE. nReq=0 senderID=0 sn=184
15:26:13.638 DBG Creating new Batch. nReq=0
15:26:13.638 DBG Sending PREPARE. senderID=2 sn=184 view=0
15:26:13.643 DBG Sending COMMIT. senderID=2 sn=184 view=0
15:26:13.644 INF Committed entry. latency=0 nReq=0 sn=184
15:26:13.644 DBG Starting timer. sn=188 view=0
15:26:13.689 DBG Batch ready. batchSize=4096
15:26:13.689 DBG Batch cut. left=0 nBuckets=16 nReq=0 next=0
15:26:13.689 INF Sending PREPREPARE. nReq=0 senderID=2 sn=186 view=0
15:26:13.690 DBG Waiting for batch. batchSize=4096
15:26:13.694 DBG Sending COMMIT. senderID=2 sn=186 view=0
15:26:13.695 INF Committed entry. latency=0 nReq=0 sn=186
15:26:13.695 DBG Starting timer. sn=190 view=0
15:26:13.703 INF Handling PREPREPARE. nReq=0 senderID=1 sn=185
15:26:13.704 DBG Creating new Batch. nReq=0
15:26:13.704 DBG Sending PREPARE. senderID=2 sn=185 view=0
15:26:13.705 DBG Sending COMMIT. senderID=2 sn=185 view=0
15:26:13.707 INF Committed entry. latency=0 nReq=0 sn=185
15:26:13.707 DBG Starting timer. sn=189 view=0
15:26:14.524 INF Handling PREPREPARE. nReq=0 senderID=3 sn=31
15:26:14.524 DBG Creating new Batch. nReq=0
15:26:14.525 DBG Sending PREPARE. senderID=2 sn=31 view=0
15:26:14.529 DBG Sending COMMIT. senderID=2 sn=31 view=0
15:26:14.529 INF Committed entry. latency=0 nReq=0 sn=31
15:26:14.529 INF Delivered batch. nReq=0 sn=31
15:26:14.529 INF Delivered batch. nReq=64 sn=32
15:26:14.529 INF Delivered batch. nReq=67 sn=33
15:26:14.530 INF Delivered batch. nReq=66 sn=34
15:26:14.530 DBG Starting timer. sn=35 view=0
15:26:14.639 INF Handling PREPREPARE. nReq=0 senderID=0 sn=188
15:26:14.639 DBG Creating new Batch. nReq=0
15:26:14.640 DBG Sending PREPARE. senderID=2 sn=188 view=0
15:26:14.642 DBG Sending COMMIT. senderID=2 sn=188 view=0
15:26:14.644 INF Committed entry. latency=0 nReq=0 sn=188
15:26:14.644 DBG Starting timer. sn=192 view=0
15:26:14.690 DBG Batch ready. batchSize=4096
15:26:14.691 DBG Batch cut. left=0 nBuckets=16 nReq=0 next=0
15:26:14.691 INF Sending PREPREPARE. nReq=0 senderID=2 sn=190 view=0
15:26:14.691 DBG Waiting for batch. batchSize=4096
15:26:14.694 DBG Sending COMMIT. senderID=2 sn=190 view=0
15:26:14.699 INF Committed entry. latency=0 nReq=0 sn=190
15:26:14.699 DBG Starting timer. sn=194 view=0
15:26:14.705 INF Handling PREPREPARE. nReq=0 senderID=1 sn=189
15:26:14.705 DBG Creating new Batch. nReq=0
15:26:14.706 DBG Sending PREPARE. senderID=2 sn=189 view=0
15:26:14.709 DBG Sending COMMIT. senderID=2 sn=189 view=0
15:26:14.709 INF Committed entry. latency=0 nReq=0 sn=189
15:26:14.709 DBG Starting timer. sn=193 view=0
15:26:15.642 INF Handling PREPREPARE. nReq=0 senderID=0 sn=192
15:26:15.642 DBG Creating new Batch. nReq=0
15:26:15.642 DBG Sending PREPARE. senderID=2 sn=192 view=0
15:26:15.645 DBG Sending COMMIT. senderID=2 sn=192 view=0
15:26:15.646 INF Committed entry. latency=0 nReq=0 sn=192
15:26:15.646 DBG Starting timer. sn=196 view=0
15:26:15.692 DBG Batch ready. batchSize=4096
15:26:15.693 DBG Batch cut. left=0 nBuckets=16 nReq=0 next=0
15:26:15.693 INF Sending PREPREPARE. nReq=0 senderID=2 sn=194 view=0
15:26:15.693 DBG Waiting for batch. batchSize=4096
15:26:15.698 DBG Sending COMMIT. senderID=2 sn=194 view=0
15:26:15.699 INF Committed entry. latency=0 nReq=0 sn=194
15:26:15.699 DBG Starting timer. sn=198 view=0
15:26:15.708 INF Handling PREPREPARE. nReq=0 senderID=1 sn=193
15:26:15.708 DBG Creating new Batch. nReq=0
15:26:15.708 DBG Sending PREPARE. senderID=2 sn=193 view=0
15:26:15.709 DBG Sending COMMIT. senderID=2 sn=193 view=0
15:26:15.713 INF Committed entry. latency=0 nReq=0 sn=193
15:26:15.713 DBG Starting timer. sn=197 view=0
15:26:16.652 INF Handling PREPREPARE. nReq=0 senderID=0 sn=196
15:26:16.652 DBG Creating new Batch. nReq=0
15:26:16.652 DBG Sending PREPARE. senderID=2 sn=196 view=0
15:26:16.656 DBG Sending COMMIT. senderID=2 sn=196 view=0
15:26:16.658 INF Committed entry. latency=0 nReq=0 sn=196
15:26:16.659 DBG Starting timer. sn=200 view=0
15:26:16.695 DBG Batch ready. batchSize=4096
15:26:16.695 DBG Batch cut. left=0 nBuckets=16 nReq=0 next=0
15:26:16.696 INF Sending PREPREPARE. nReq=0 senderID=2 sn=198 view=0
15:26:16.696 DBG Waiting for batch. batchSize=4096
15:26:16.702 DBG Sending COMMIT. senderID=2 sn=198 view=0
15:26:16.704 INF Committed entry. latency=0 nReq=0 sn=198
15:26:16.704 DBG Starting timer. sn=202 view=0
15:26:16.709 INF Handling PREPREPARE. nReq=0 senderID=1 sn=197
15:26:16.709 DBG Creating new Batch. nReq=0
15:26:16.709 DBG Sending PREPARE. senderID=2 sn=197 view=0
15:26:16.710 DBG Sending COMMIT. senderID=2 sn=197 view=0
15:26:16.714 INF Committed entry. latency=0 nReq=0 sn=197
15:26:16.715 DBG Starting timer. sn=201 view=0
15:26:17.653 INF Handling PREPREPARE. nReq=0 senderID=0 sn=200
15:26:17.653 DBG Creating new Batch. nReq=0
15:26:17.654 DBG Sending PREPARE. senderID=2 sn=200 view=0
15:26:17.658 DBG Sending COMMIT. senderID=2 sn=200 view=0
15:26:17.659 INF Committed entry. latency=0 nReq=0 sn=200
15:26:17.660 DBG Starting timer. sn=204 view=0
15:26:17.696 DBG Batch ready. batchSize=4096
15:26:17.697 DBG Batch cut. left=0 nBuckets=16 nReq=0 next=0
15:26:17.697 INF Sending PREPREPARE. nReq=0 senderID=2 sn=202 view=0
15:26:17.697 DBG Waiting for batch. batchSize=4096
15:26:17.700 DBG Sending COMMIT. senderID=2 sn=202 view=0
15:26:17.704 INF Committed entry. latency=0 nReq=0 sn=202
15:26:17.704 DBG Starting timer. sn=206 view=0
15:26:17.711 INF Handling PREPREPARE. nReq=0 senderID=1 sn=201
15:26:17.711 DBG Creating new Batch. nReq=0
15:26:17.711 DBG Sending PREPARE. senderID=2 sn=201 view=0
15:26:17.712 DBG Sending COMMIT. senderID=2 sn=201 view=0
15:26:17.714 INF Committed entry. latency=0 nReq=0 sn=201
15:26:17.714 DBG Starting timer. sn=205 view=0
15:26:18.660 INF Handling PREPREPARE. nReq=0 senderID=0 sn=204
15:26:18.660 DBG Creating new Batch. nReq=0
15:26:18.660 DBG Sending PREPARE. senderID=2 sn=204 view=0
15:26:18.660 DBG Sending COMMIT. senderID=2 sn=204 view=0
15:26:18.661 INF Committed entry. latency=0 nReq=0 sn=204
15:26:18.662 DBG Starting timer. sn=208 view=0
15:26:18.698 DBG Batch ready. batchSize=4096
15:26:18.698 DBG Batch cut. left=0 nBuckets=16 nReq=0 next=0
15:26:18.698 INF Sending PREPREPARE. nReq=0 senderID=2 sn=206 view=0
15:26:18.699 DBG Waiting for batch. batchSize=4096
15:26:18.705 DBG Sending COMMIT. senderID=2 sn=206 view=0
15:26:18.710 INF Committed entry. latency=0 nReq=0 sn=206
15:26:18.710 DBG Starting timer. sn=210 view=0
15:26:18.713 INF Handling PREPREPARE. nReq=0 senderID=1 sn=205
15:26:18.713 DBG Creating new Batch. nReq=0
15:26:18.714 DBG Sending PREPARE. senderID=2 sn=205 view=0
15:26:18.716 DBG Sending COMMIT. senderID=2 sn=205 view=0
15:26:18.717 INF Committed entry. latency=0 nReq=0 sn=205
15:26:18.718 DBG Starting timer. sn=209 view=0
15:26:19.658 INF Handling PREPREPARE. nReq=0 senderID=0 sn=208
15:26:19.658 DBG Creating new Batch. nReq=0
15:26:19.658 DBG Sending PREPARE. senderID=2 sn=208 view=0
15:26:19.662 DBG Sending COMMIT. senderID=2 sn=208 view=0
15:26:19.663 INF Committed entry. latency=0 nReq=0 sn=208
15:26:19.664 DBG Starting timer. sn=212 view=0
15:26:19.701 DBG Batch ready. batchSize=4096
15:26:19.701 DBG Batch cut. left=0 nBuckets=16 nReq=0 next=0
15:26:19.701 INF Sending PREPREPARE. nReq=0 senderID=2 sn=210 view=0
15:26:19.701 DBG Waiting for batch. batchSize=4096
15:26:19.705 DBG Sending COMMIT. senderID=2 sn=210 view=0
15:26:19.706 INF Committed entry. latency=0 nReq=0 sn=210
15:26:19.706 DBG Starting timer. sn=214 view=0
15:26:19.718 INF Handling PREPREPARE. nReq=0 senderID=1 sn=209
15:26:19.718 DBG Creating new Batch. nReq=0
15:26:19.718 DBG Sending PREPARE. senderID=2 sn=209 view=0
15:26:19.719 DBG Sending COMMIT. senderID=2 sn=209 view=0
15:26:19.720 INF Committed entry. latency=0 nReq=0 sn=209
15:26:19.720 DBG Starting timer. sn=213 view=0
15:26:20.528 INF Handling PREPREPARE. nReq=0 senderID=3 sn=35
15:26:20.528 DBG Creating new Batch. nReq=0
15:26:20.528 DBG Sending PREPARE. senderID=2 sn=35 view=0
15:26:20.528 DBG Sending COMMIT. senderID=2 sn=35 view=0
15:26:20.532 INF Committed entry. latency=0 nReq=0 sn=35
15:26:20.532 INF Delivered batch. nReq=0 sn=35
15:26:20.532 INF Delivered batch. nReq=64 sn=36
15:26:20.533 INF Delivered batch. nReq=64 sn=37
15:26:20.533 INF Delivered batch. nReq=66 sn=38
15:26:20.533 DBG Starting timer. sn=39 view=0
15:26:20.660 INF Handling PREPREPARE. nReq=0 senderID=0 sn=212
15:26:20.660 DBG Creating new Batch. nReq=0
15:26:20.660 DBG Sending PREPARE. senderID=2 sn=212 view=0
15:26:20.663 DBG Sending COMMIT. senderID=2 sn=212 view=0
15:26:20.664 INF Committed entry. latency=0 nReq=0 sn=212
15:26:20.664 DBG Starting timer. sn=216 view=0
15:26:20.702 DBG Batch ready. batchSize=4096
15:26:20.703 DBG Batch cut. left=0 nBuckets=16 nReq=0 next=0
15:26:20.703 INF Sending PREPREPARE. nReq=0 senderID=2 sn=214 view=0
15:26:20.703 DBG Waiting for batch. batchSize=4096
15:26:20.706 DBG Sending COMMIT. senderID=2 sn=214 view=0
15:26:20.707 INF Committed entry. latency=0 nReq=0 sn=214
15:26:20.708 DBG Starting timer. sn=218 view=0
15:26:20.719 INF Handling PREPREPARE. nReq=0 senderID=1 sn=213
15:26:20.719 DBG Creating new Batch. nReq=0
15:26:20.719 DBG Sending PREPARE. senderID=2 sn=213 view=0
15:26:20.719 DBG Sending COMMIT. senderID=2 sn=213 view=0
15:26:20.723 INF Committed entry. latency=0 nReq=0 sn=213
15:26:20.725 DBG Starting timer. sn=217 view=0
15:26:21.662 INF Handling PREPREPARE. nReq=0 senderID=0 sn=216
15:26:21.662 DBG Creating new Batch. nReq=0
15:26:21.662 DBG Sending PREPARE. senderID=2 sn=216 view=0
15:26:21.666 DBG Sending COMMIT. senderID=2 sn=216 view=0
15:26:21.668 INF Committed entry. latency=0 nReq=0 sn=216
15:26:21.668 DBG Starting timer. sn=220 view=0
15:26:21.704 DBG Batch ready. batchSize=4096
15:26:21.704 DBG Batch cut. left=0 nBuckets=16 nReq=0 next=0
15:26:21.704 INF Sending PREPREPARE. nReq=0 senderID=2 sn=218 view=0
15:26:21.705 DBG Waiting for batch. batchSize=4096
15:26:21.709 DBG Sending COMMIT. senderID=2 sn=218 view=0
15:26:21.710 INF Committed entry. latency=0 nReq=0 sn=218
15:26:21.710 DBG Starting timer. sn=222 view=0
15:26:21.718 INF Handling PREPREPARE. nReq=0 senderID=1 sn=217
15:26:21.719 DBG Creating new Batch. nReq=0
15:26:21.719 DBG Sending PREPARE. senderID=2 sn=217 view=0
15:26:21.720 DBG Sending COMMIT. senderID=2 sn=217 view=0
15:26:21.725 INF Committed entry. latency=0 nReq=0 sn=217
15:26:21.725 DBG Starting timer. sn=221 view=0
15:26:22.666 INF Handling PREPREPARE. nReq=0 senderID=0 sn=220
15:26:22.666 DBG Creating new Batch. nReq=0
15:26:22.667 DBG Sending PREPARE. senderID=2 sn=220 view=0
15:26:22.667 DBG Sending COMMIT. senderID=2 sn=220 view=0
15:26:22.670 INF Committed entry. latency=0 nReq=0 sn=220
15:26:22.670 DBG Starting timer. sn=224 view=0
15:26:22.706 DBG Batch ready. batchSize=4096
15:26:22.706 DBG Batch cut. left=0 nBuckets=16 nReq=0 next=0
15:26:22.707 INF Sending PREPREPARE. nReq=0 senderID=2 sn=222 view=0
15:26:22.707 DBG Waiting for batch. batchSize=4096
15:26:22.711 DBG Sending COMMIT. senderID=2 sn=222 view=0
15:26:22.712 INF Committed entry. latency=0 nReq=0 sn=222
15:26:22.712 DBG Starting timer. sn=226 view=0
15:26:22.721 INF Handling PREPREPARE. nReq=0 senderID=1 sn=221
15:26:22.721 DBG Creating new Batch. nReq=0
15:26:22.723 DBG Sending PREPARE. senderID=2 sn=221 view=0
15:26:22.723 DBG Sending COMMIT. senderID=2 sn=221 view=0
15:26:22.725 INF Committed entry. latency=0 nReq=0 sn=221
15:26:22.725 DBG Starting timer. sn=225 view=0
15:26:23.665 INF Handling PREPREPARE. nReq=0 senderID=0 sn=224
15:26:23.665 DBG Creating new Batch. nReq=0
15:26:23.665 DBG Sending PREPARE. senderID=2 sn=224 view=0
15:26:23.666 DBG Sending COMMIT. senderID=2 sn=224 view=0
15:26:23.668 INF Committed entry. latency=0 nReq=0 sn=224
15:26:23.669 DBG Starting timer. sn=228 view=0
15:26:23.708 DBG Batch ready. batchSize=4096
15:26:23.708 DBG Batch cut. left=0 nBuckets=16 nReq=0 next=0
15:26:23.709 INF Sending PREPREPARE. nReq=0 senderID=2 sn=226 view=0
15:26:23.709 DBG Waiting for batch. batchSize=4096
15:26:23.712 DBG Sending COMMIT. senderID=2 sn=226 view=0
15:26:23.713 INF Committed entry. latency=0 nReq=0 sn=226
15:26:23.713 DBG Starting timer. sn=230 view=0
15:26:23.723 INF Handling PREPREPARE. nReq=0 senderID=1 sn=225
15:26:23.723 DBG Creating new Batch. nReq=0
15:26:23.724 DBG Sending PREPARE. senderID=2 sn=225 view=0
15:26:23.725 DBG Sending COMMIT. senderID=2 sn=225 view=0
15:26:23.727 INF Committed entry. latency=0 nReq=0 sn=225
15:26:23.727 DBG Starting timer. sn=229 view=0
15:26:24.668 INF Handling PREPREPARE. nReq=0 senderID=0 sn=228
15:26:24.668 DBG Creating new Batch. nReq=0
15:26:24.668 DBG Sending PREPARE. senderID=2 sn=228 view=0
15:26:24.670 DBG Sending COMMIT. senderID=2 sn=228 view=0
15:26:24.683 INF Committed entry. latency=0 nReq=0 sn=228
15:26:24.683 DBG Starting timer. sn=232 view=0
15:26:24.720 DBG Batch ready. batchSize=4096
15:26:24.720 DBG Batch cut. left=0 nBuckets=16 nReq=0 next=0
15:26:24.721 INF Sending PREPREPARE. nReq=0 senderID=2 sn=230 view=0
15:26:24.721 DBG Waiting for batch. batchSize=4096
15:26:24.726 DBG Sending COMMIT. senderID=2 sn=230 view=0
15:26:24.726 INF Committed entry. latency=0 nReq=0 sn=230
15:26:24.726 DBG Starting timer. sn=234 view=0
15:26:24.729 INF Handling PREPREPARE. nReq=0 senderID=1 sn=229
15:26:24.729 DBG Creating new Batch. nReq=0
15:26:24.730 DBG Sending PREPARE. senderID=2 sn=229 view=0
15:26:24.733 DBG Sending COMMIT. senderID=2 sn=229 view=0
15:26:24.733 INF Committed entry. latency=0 nReq=0 sn=229
15:26:24.734 DBG Starting timer. sn=233 view=0
15:26:25.670 INF Handling PREPREPARE. nReq=0 senderID=0 sn=232
15:26:25.670 DBG Creating new Batch. nReq=0
15:26:25.670 DBG Sending PREPARE. senderID=2 sn=232 view=0
15:26:25.671 DBG Sending COMMIT. senderID=2 sn=232 view=0
15:26:25.675 INF Committed entry. latency=0 nReq=0 sn=232
15:26:25.675 DBG Starting timer. sn=236 view=0
15:26:25.722 DBG Batch ready. batchSize=4096
15:26:25.723 DBG Batch cut. left=0 nBuckets=16 nReq=0 next=0
15:26:25.723 INF Sending PREPREPARE. nReq=0 senderID=2 sn=234 view=0
15:26:25.723 DBG Waiting for batch. batchSize=4096
15:26:25.732 INF Handling PREPREPARE. nReq=0 senderID=1 sn=233
15:26:25.733 DBG Creating new Batch. nReq=0
15:26:25.733 DBG Sending PREPARE. senderID=2 sn=233 view=0
15:26:25.734 DBG Sending COMMIT. senderID=2 sn=234 view=0
15:26:25.734 INF Committed entry. latency=0 nReq=0 sn=234
15:26:25.734 DBG Starting timer. sn=238 view=0
15:26:25.735 DBG Sending COMMIT. senderID=2 sn=233 view=0
15:26:25.740 INF Committed entry. latency=0 nReq=0 sn=233
15:26:25.740 DBG Starting timer. sn=237 view=0
15:26:26.528 INF Handling PREPREPARE. nReq=0 senderID=3 sn=39
15:26:26.529 DBG Creating new Batch. nReq=0
15:26:26.529 DBG Sending PREPARE. senderID=2 sn=39 view=0
15:26:26.531 DBG Sending COMMIT. senderID=2 sn=39 view=0
15:26:26.534 INF Committed entry. latency=0 nReq=0 sn=39
15:26:26.534 INF Delivered batch. nReq=0 sn=39
15:26:26.534 INF Delivered batch. nReq=65 sn=40
15:26:26.534 INF Delivered batch. nReq=65 sn=41
15:26:26.534 INF Delivered batch. nReq=64 sn=42
15:26:26.534 DBG Starting timer. sn=43 view=0
15:26:26.671 INF Handling PREPREPARE. nReq=0 senderID=0 sn=236
15:26:26.671 DBG Creating new Batch. nReq=0
15:26:26.672 DBG Sending PREPARE. senderID=2 sn=236 view=0
15:26:26.672 DBG Sending COMMIT. senderID=2 sn=236 view=0
15:26:26.675 INF Committed entry. latency=0 nReq=0 sn=236
15:26:26.675 DBG Starting timer. sn=240 view=0
15:26:26.725 DBG Batch ready. batchSize=4096
15:26:26.725 DBG Batch cut. left=0 nBuckets=16 nReq=0 next=0
15:26:26.725 INF Sending PREPREPARE. nReq=0 senderID=2 sn=238 view=0
15:26:26.725 DBG Waiting for batch. batchSize=4096
15:26:26.729 DBG Sending COMMIT. senderID=2 sn=238 view=0
15:26:26.730 INF Committed entry. latency=0 nReq=0 sn=238
15:26:26.730 DBG Starting timer. sn=242 view=0
15:26:26.733 INF Handling PREPREPARE. nReq=0 senderID=1 sn=237
15:26:26.733 DBG Creating new Batch. nReq=0
15:26:26.734 DBG Sending PREPARE. senderID=2 sn=237 view=0
15:26:26.735 DBG Sending COMMIT. senderID=2 sn=237 view=0
15:26:26.737 INF Committed entry. latency=0 nReq=0 sn=237
15:26:26.738 DBG Starting timer. sn=241 view=0
15:26:27.674 INF Handling PREPREPARE. nReq=0 senderID=0 sn=240
15:26:27.675 DBG Creating new Batch. nReq=0
15:26:27.675 DBG Sending PREPARE. senderID=2 sn=240 view=0
15:26:27.683 DBG Sending COMMIT. senderID=2 sn=240 view=0
15:26:27.683 INF Committed entry. latency=0 nReq=0 sn=240
15:26:27.684 DBG Starting timer. sn=244 view=0
15:26:27.727 DBG Batch ready. batchSize=4096
15:26:27.727 DBG Batch cut. left=0 nBuckets=16 nReq=0 next=0
15:26:27.728 INF Sending PREPREPARE. nReq=0 senderID=2 sn=242 view=0
15:26:27.728 DBG Waiting for batch. batchSize=4096
15:26:27.731 DBG Sending COMMIT. senderID=2 sn=242 view=0
15:26:27.735 INF Handling PREPREPARE. nReq=0 senderID=1 sn=241
15:26:27.736 DBG Creating new Batch. nReq=0
15:26:27.736 DBG Sending PREPARE. senderID=2 sn=241 view=0
15:26:27.736 INF Committed entry. latency=0 nReq=0 sn=242
15:26:27.737 DBG Starting timer. sn=246 view=0
15:26:27.737 DBG Sending COMMIT. senderID=2 sn=241 view=0
15:26:27.741 INF Committed entry. latency=0 nReq=0 sn=241
15:26:27.741 DBG Starting timer. sn=245 view=0
15:26:28.676 INF Handling PREPREPARE. nReq=0 senderID=0 sn=244
15:26:28.676 DBG Creating new Batch. nReq=0
15:26:28.677 DBG Sending PREPARE. senderID=2 sn=244 view=0
15:26:28.680 DBG Sending COMMIT. senderID=2 sn=244 view=0
15:26:28.681 INF Committed entry. latency=0 nReq=0 sn=244
15:26:28.681 DBG Starting timer. sn=248 view=0
15:26:28.728 DBG Batch ready. batchSize=4096
15:26:28.729 DBG Batch cut. left=0 nBuckets=16 nReq=0 next=0
15:26:28.729 INF Sending PREPREPARE. nReq=0 senderID=2 sn=246 view=0
15:26:28.729 DBG Waiting for batch. batchSize=4096
15:26:28.733 DBG Sending COMMIT. senderID=2 sn=246 view=0
15:26:28.734 INF Committed entry. latency=0 nReq=0 sn=246
15:26:28.734 DBG Starting timer. sn=250 view=0
15:26:28.739 INF Handling PREPREPARE. nReq=0 senderID=1 sn=245
15:26:28.739 DBG Creating new Batch. nReq=0
15:26:28.740 DBG Sending PREPARE. senderID=2 sn=245 view=0
15:26:28.740 DBG Sending COMMIT. senderID=2 sn=245 view=0
15:26:28.741 INF Committed entry. latency=0 nReq=0 sn=245
15:26:28.742 DBG Starting timer. sn=249 view=0
15:26:29.680 INF Handling PREPREPARE. nReq=0 senderID=0 sn=248
15:26:29.680 DBG Creating new Batch. nReq=0
15:26:29.681 DBG Sending PREPARE. senderID=2 sn=248 view=0
15:26:29.681 DBG Sending COMMIT. senderID=2 sn=248 view=0
15:26:29.685 INF Committed entry. latency=0 nReq=0 sn=248
15:26:29.685 DBG Starting timer. sn=252 view=0
15:26:29.731 DBG Batch ready. batchSize=4096
15:26:29.731 DBG Batch cut. left=0 nBuckets=16 nReq=0 next=0
15:26:29.732 INF Sending PREPREPARE. nReq=0 senderID=2 sn=250 view=0
15:26:29.732 DBG Waiting for batch. batchSize=4096
15:26:29.735 DBG Sending COMMIT. senderID=2 sn=250 view=0
15:26:29.736 INF Committed entry. latency=0 nReq=0 sn=250
15:26:29.736 DBG Starting timer. sn=254 view=0
15:26:29.739 INF Handling PREPREPARE. nReq=0 senderID=1 sn=249
15:26:29.739 DBG Creating new Batch. nReq=0
15:26:29.740 DBG Sending PREPARE. senderID=2 sn=249 view=0
15:26:29.741 DBG Sending COMMIT. senderID=2 sn=249 view=0
15:26:29.744 INF Committed entry. latency=0 nReq=0 sn=249
15:26:29.744 DBG Starting timer. sn=253 view=0
15:26:30.680 INF Handling PREPREPARE. nReq=0 senderID=0 sn=252
15:26:30.680 DBG Creating new Batch. nReq=0
15:26:30.681 DBG Sending PREPARE. senderID=2 sn=252 view=0
15:26:30.682 DBG Sending COMMIT. senderID=2 sn=252 view=0
15:26:30.689 DBG Handling PBFT checkpoint. lastSn=252 segID=0
15:26:30.693 DBG Handling PBFT checkpoint. lastSn=252 segID=0
15:26:30.698 INF Committed entry. latency=0 nReq=0 sn=252
15:26:30.699 INF Sending segment checkpoint. lastSn=252 segID=0
15:26:30.699 DBG Handling PBFT checkpoint. lastSn=252 segID=0
15:26:30.706 INF PBFT checkpoint ready. Scheduling catchup. lastSn=252 segID=0
15:26:30.707 DBG Handling PBFT checkpoint. lastSn=252 segID=0
15:26:30.733 DBG Batch ready. batchSize=4096
15:26:30.733 DBG Batch cut. left=0 nBuckets=16 nReq=0 next=0
15:26:30.733 INF Sending PREPREPARE. nReq=0 senderID=2 sn=254 view=0
15:26:30.737 DBG Sending COMMIT. senderID=2 sn=254 view=0
15:26:30.739 INF Committed entry. latency=0 nReq=0 sn=254
15:26:30.739 INF Sending segment checkpoint. lastSn=254 segID=2
15:26:30.739 DBG Handling PBFT checkpoint. lastSn=254 segID=2
15:26:30.740 INF Handling PREPREPARE. nReq=0 senderID=1 sn=253
15:26:30.741 DBG Creating new Batch. nReq=0
15:26:30.741 DBG Sending PREPARE. senderID=2 sn=253 view=0
15:26:30.742 DBG Sending COMMIT. senderID=2 sn=253 view=0
15:26:30.753 INF Committed entry. latency=0 nReq=0 sn=253
15:26:30.753 INF Sending segment checkpoint. lastSn=253 segID=1
15:26:30.754 DBG Handling PBFT checkpoint. lastSn=253 segID=1
15:26:30.755 DBG Handling PBFT checkpoint. lastSn=254 segID=2
15:26:30.764 DBG Handling PBFT checkpoint. lastSn=253 segID=1
15:26:30.769 DBG Handling PBFT checkpoint. lastSn=254 segID=2
15:26:30.773 INF PBFT checkpoint ready. Scheduling catchup. lastSn=254 segID=2
15:26:30.773 DBG Handling PBFT checkpoint. lastSn=254 segID=2
15:26:30.778 DBG Handling PBFT checkpoint. lastSn=253 segID=1
15:26:30.787 INF PBFT checkpoint ready. Scheduling catchup. lastSn=253 segID=1
15:26:30.787 DBG Handling PBFT checkpoint. lastSn=253 segID=1
15:26:31.107 INF PBFT catching up. lastSn=252 missingSns=0 segID=0
15:26:31.174 INF PBFT catching up. lastSn=254 missingSns=0 segID=2
15:26:31.188 INF PBFT catching up. lastSn=253 missingSns=0 segID=1
15:26:32.535 INF Handling PREPREPARE. nReq=0 senderID=3 sn=43
15:26:32.536 DBG Creating new Batch. nReq=0
15:26:32.536 DBG Sending PREPARE. senderID=2 sn=43 view=0
15:26:32.536 DBG Sending COMMIT. senderID=2 sn=43 view=0
15:26:32.539 INF Committed entry. latency=0 nReq=0 sn=43
15:26:32.542 INF Delivered batch. nReq=0 sn=43
15:26:32.542 INF Delivered batch. nReq=64 sn=44
15:26:32.542 INF Delivered batch. nReq=64 sn=45
15:26:32.542 INF Delivered batch. nReq=64 sn=46
15:26:32.543 DBG Starting timer. sn=47 view=0
15:26:38.534 INF Handling PREPREPARE. nReq=0 senderID=3 sn=47
15:26:38.534 DBG Creating new Batch. nReq=0
15:26:38.534 DBG Sending PREPARE. senderID=2 sn=47 view=0
15:26:38.536 DBG Sending COMMIT. senderID=2 sn=47 view=0
15:26:38.540 INF Committed entry. latency=0 nReq=0 sn=47
15:26:38.541 INF Delivered batch. nReq=0 sn=47
15:26:38.541 INF Delivered batch. nReq=64 sn=48
15:26:38.541 INF Delivered batch. nReq=64 sn=49
15:26:38.541 INF Delivered batch. nReq=65 sn=50
15:26:38.541 DBG Starting timer. sn=51 view=0
15:26:44.536 INF Handling PREPREPARE. nReq=0 senderID=3 sn=51
15:26:44.536 DBG Creating new Batch. nReq=0
15:26:44.537 DBG Sending PREPARE. senderID=2 sn=51 view=0
15:26:44.544 DBG Sending COMMIT. senderID=2 sn=51 view=0
15:26:44.545 INF Committed entry. latency=0 nReq=0 sn=51
15:26:44.545 INF Delivered batch. nReq=0 sn=51
15:26:44.545 INF Delivered batch. nReq=65 sn=52
15:26:44.547 INF Delivered batch. nReq=64 sn=53
15:26:44.550 INF Delivered batch. nReq=64 sn=54
15:26:44.550 DBG Starting timer. sn=55 view=0
15:26:50.538 INF Handling PREPREPARE. nReq=0 senderID=3 sn=55
15:26:50.538 DBG Creating new Batch. nReq=0
15:26:50.541 DBG Sending PREPARE. senderID=2 sn=55 view=0
15:26:50.542 DBG Sending COMMIT. senderID=2 sn=55 view=0
15:26:50.546 INF Committed entry. latency=0 nReq=0 sn=55
15:26:50.546 INF Delivered batch. nReq=0 sn=55
15:26:50.546 INF Delivered batch. nReq=64 sn=56
15:26:50.546 INF Delivered batch. nReq=64 sn=57
15:26:50.546 INF Delivered batch. nReq=64 sn=58
15:26:50.546 DBG Starting timer. sn=59 view=0
15:26:56.541 INF Handling PREPREPARE. nReq=0 senderID=3 sn=59
15:26:56.541 DBG Creating new Batch. nReq=0
15:26:56.542 DBG Sending PREPARE. senderID=2 sn=59 view=0
15:26:56.544 DBG Sending COMMIT. senderID=2 sn=59 view=0
15:26:56.545 INF Committed entry. latency=0 nReq=0 sn=59
15:26:56.545 INF Delivered batch. nReq=0 sn=59
15:26:56.545 INF Delivered batch. nReq=64 sn=60
15:26:56.546 INF Delivered batch. nReq=65 sn=61
15:26:56.546 INF Delivered batch. nReq=65 sn=62
15:26:56.546 DBG Starting timer. sn=63 view=0
15:27:02.544 INF Handling PREPREPARE. nReq=0 senderID=3 sn=63
15:27:02.544 DBG Creating new Batch. nReq=0
15:27:02.545 DBG Sending PREPARE. senderID=2 sn=63 view=0
15:27:02.545 DBG Sending COMMIT. senderID=2 sn=63 view=0
15:27:02.551 INF Committed entry. latency=0 nReq=0 sn=63
15:27:02.551 INF Delivered batch. nReq=0 sn=63
15:27:02.552 INF Delivered batch. nReq=65 sn=64
15:27:02.552 INF Delivered batch. nReq=65 sn=65
15:27:02.552 INF Delivered batch. nReq=63 sn=66
15:27:02.552 DBG Starting timer. sn=67 view=0
15:27:08.544 INF Handling PREPREPARE. nReq=0 senderID=3 sn=67
15:27:08.544 DBG Creating new Batch. nReq=0
15:27:08.544 DBG Sending PREPARE. senderID=2 sn=67 view=0
15:27:08.547 DBG Sending COMMIT. senderID=2 sn=67 view=0
15:27:08.556 INF Committed entry. latency=0 nReq=0 sn=67
15:27:08.556 INF Delivered batch. nReq=0 sn=67
15:27:08.556 INF Delivered batch. nReq=64 sn=68
15:27:08.556 INF Delivered batch. nReq=64 sn=69
15:27:08.557 INF Delivered batch. nReq=65 sn=70
15:27:08.557 DBG Starting timer. sn=71 view=0
15:27:14.545 INF Handling PREPREPARE. nReq=0 senderID=3 sn=71
15:27:14.546 DBG Creating new Batch. nReq=0
15:27:14.546 DBG Sending PREPARE. senderID=2 sn=71 view=0
15:27:14.548 DBG Sending COMMIT. senderID=2 sn=71 view=0
15:27:14.554 INF Committed entry. latency=0 nReq=0 sn=71
15:27:14.555 INF Delivered batch. nReq=0 sn=71
15:27:14.555 INF Delivered batch. nReq=64 sn=72
15:27:14.555 INF Delivered batch. nReq=64 sn=73
15:27:14.555 INF Delivered batch. nReq=64 sn=74
15:27:14.555 DBG Starting timer. sn=75 view=0
15:27:20.548 INF Handling PREPREPARE. nReq=0 senderID=3 sn=75
15:27:20.548 DBG Creating new Batch. nReq=0
15:27:20.548 DBG Sending PREPARE. senderID=2 sn=75 view=0
15:27:20.549 DBG Sending COMMIT. senderID=2 sn=75 view=0
15:27:20.551 INF Committed entry. latency=0 nReq=0 sn=75
15:27:20.551 INF Delivered batch. nReq=0 sn=75
15:27:20.552 INF Delivered batch. nReq=65 sn=76
15:27:20.552 INF Delivered batch. nReq=64 sn=77
15:27:20.552 INF Delivered batch. nReq=64 sn=78
15:27:20.552 DBG Starting timer. sn=79 view=0
15:27:26.553 INF Handling PREPREPARE. nReq=0 senderID=3 sn=79
15:27:26.553 DBG Creating new Batch. nReq=0
15:27:26.554 DBG Sending PREPARE. senderID=2 sn=79 view=0
15:27:26.559 DBG Sending COMMIT. senderID=2 sn=79 view=0
15:27:26.559 INF Committed entry. latency=0 nReq=0 sn=79
15:27:26.560 INF Delivered batch. nReq=0 sn=79
15:27:26.560 INF Delivered batch. nReq=64 sn=80
15:27:26.560 INF Delivered batch. nReq=65 sn=81
15:27:26.560 INF Delivered batch. nReq=65 sn=82
15:27:26.560 DBG Starting timer. sn=83 view=0
15:27:32.552 INF Handling PREPREPARE. nReq=0 senderID=3 sn=83
15:27:32.552 DBG Creating new Batch. nReq=0
15:27:32.553 DBG Sending PREPARE. senderID=2 sn=83 view=0
15:27:32.557 DBG Sending COMMIT. senderID=2 sn=83 view=0
15:27:32.558 INF Committed entry. latency=0 nReq=0 sn=83
15:27:32.558 INF Delivered batch. nReq=0 sn=83
15:27:32.558 INF Delivered batch. nReq=64 sn=84
15:27:32.559 INF Delivered batch. nReq=64 sn=85
15:27:32.559 INF Delivered batch. nReq=64 sn=86
15:27:32.559 DBG Starting timer. sn=87 view=0
15:27:38.557 INF Handling PREPREPARE. nReq=0 senderID=3 sn=87
15:27:38.557 DBG Creating new Batch. nReq=0
15:27:38.558 DBG Sending PREPARE. senderID=2 sn=87 view=0
15:27:38.558 DBG Sending COMMIT. senderID=2 sn=87 view=0
15:27:38.563 INF Committed entry. latency=0 nReq=0 sn=87
15:27:38.563 INF Delivered batch. nReq=0 sn=87
15:27:38.563 INF Delivered batch. nReq=65 sn=88
15:27:38.563 INF Delivered batch. nReq=64 sn=89
15:27:38.563 INF Delivered batch. nReq=64 sn=90
15:27:38.563 DBG Starting timer. sn=91 view=0
15:27:44.556 INF Handling PREPREPARE. nReq=0 senderID=3 sn=91
15:27:44.557 DBG Creating new Batch. nReq=0
15:27:44.557 DBG Sending PREPARE. senderID=2 sn=91 view=0
15:27:44.561 DBG Sending COMMIT. senderID=2 sn=91 view=0
15:27:44.563 INF Committed entry. latency=0 nReq=0 sn=91
15:27:44.563 INF Delivered batch. nReq=0 sn=91
15:27:44.563 INF Delivered batch. nReq=63 sn=92
15:27:44.563 INF Delivered batch. nReq=62 sn=93
15:27:44.564 INF Delivered batch. nReq=62 sn=94
15:27:44.564 DBG Starting timer. sn=95 view=0
15:27:50.557 INF Handling PREPREPARE. nReq=0 senderID=3 sn=95
15:27:50.558 DBG Creating new Batch. nReq=0
15:27:50.558 DBG Sending PREPARE. senderID=2 sn=95 view=0
15:27:50.560 DBG Sending COMMIT. senderID=2 sn=95 view=0
15:27:50.561 INF Committed entry. latency=0 nReq=0 sn=95
15:27:50.562 INF Delivered batch. nReq=0 sn=95
15:27:50.562 INF Delivered batch. nReq=65 sn=96
15:27:50.562 INF Delivered batch. nReq=65 sn=97
15:27:50.562 INF Delivered batch. nReq=65 sn=98
15:27:50.562 DBG Starting timer. sn=99 view=0
15:27:56.558 INF Handling PREPREPARE. nReq=0 senderID=3 sn=99
15:27:56.559 DBG Creating new Batch. nReq=0
15:27:56.559 DBG Sending PREPARE. senderID=2 sn=99 view=0
15:27:56.560 DBG Sending COMMIT. senderID=2 sn=99 view=0
15:27:56.567 INF Committed entry. latency=0 nReq=0 sn=99
15:27:56.567 INF Delivered batch. nReq=0 sn=99
15:27:56.567 INF Delivered batch. nReq=65 sn=100
15:27:56.568 INF Delivered batch. nReq=66 sn=101
15:27:56.568 INF Delivered batch. nReq=66 sn=102
15:27:56.568 DBG Starting timer. sn=103 view=0
15:28:02.561 INF Handling PREPREPARE. nReq=0 senderID=3 sn=103
15:28:02.561 DBG Creating new Batch. nReq=0
15:28:02.561 DBG Sending PREPARE. senderID=2 sn=103 view=0
15:28:02.566 DBG Sending COMMIT. senderID=2 sn=103 view=0
15:28:02.568 INF Committed entry. latency=0 nReq=0 sn=103
15:28:02.568 INF Delivered batch. nReq=0 sn=103
15:28:02.568 INF Delivered batch. nReq=64 sn=104
15:28:02.568 INF Delivered batch. nReq=65 sn=105
15:28:02.568 INF Delivered batch. nReq=64 sn=106
15:28:02.568 DBG Starting timer. sn=107 view=0
15:28:08.568 INF Handling PREPREPARE. nReq=0 senderID=3 sn=107
15:28:08.568 DBG Creating new Batch. nReq=0
15:28:08.568 DBG Sending PREPARE. senderID=2 sn=107 view=0
15:28:08.571 DBG Sending COMMIT. senderID=2 sn=107 view=0
15:28:08.572 INF Committed entry. latency=0 nReq=0 sn=107
15:28:08.572 INF Delivered batch. nReq=0 sn=107
15:28:08.573 INF Delivered batch. nReq=64 sn=108
15:28:08.573 INF Delivered batch. nReq=63 sn=109
15:28:08.573 INF Delivered batch. nReq=64 sn=110
15:28:08.573 DBG Starting timer. sn=111 view=0
15:28:14.566 INF Handling PREPREPARE. nReq=0 senderID=3 sn=111
15:28:14.566 DBG Creating new Batch. nReq=0
15:28:14.566 DBG Sending PREPARE. senderID=2 sn=111 view=0
15:28:14.567 DBG Sending COMMIT. senderID=2 sn=111 view=0
15:28:14.570 INF Committed entry. latency=0 nReq=0 sn=111
15:28:14.570 INF Delivered batch. nReq=0 sn=111
15:28:14.571 INF Delivered batch. nReq=64 sn=112
15:28:14.571 INF Delivered batch. nReq=65 sn=113
15:28:14.571 INF Delivered batch. nReq=66 sn=114
15:28:14.571 DBG Starting timer. sn=115 view=0
15:28:20.568 INF Handling PREPREPARE. nReq=0 senderID=3 sn=115
15:28:20.568 DBG Creating new Batch. nReq=0
15:28:20.568 DBG Sending PREPARE. senderID=2 sn=115 view=0
15:28:20.570 DBG Sending COMMIT. senderID=2 sn=115 view=0
15:28:20.573 INF Committed entry. latency=0 nReq=0 sn=115
15:28:20.574 INF Delivered batch. nReq=0 sn=115
15:28:20.574 INF Delivered batch. nReq=64 sn=116
15:28:20.574 INF Delivered batch. nReq=63 sn=117
15:28:20.574 INF Delivered batch. nReq=63 sn=118
15:28:20.574 DBG Starting timer. sn=119 view=0
15:28:26.572 INF Handling PREPREPARE. nReq=0 senderID=3 sn=119
15:28:26.572 DBG Creating new Batch. nReq=0
15:28:26.572 DBG Sending PREPARE. senderID=2 sn=119 view=0
15:28:26.573 DBG Sending COMMIT. senderID=2 sn=119 view=0
15:28:26.589 INF Committed entry. latency=0 nReq=0 sn=119
15:28:26.589 INF Delivered batch. nReq=0 sn=119
15:28:26.590 INF Delivered batch. nReq=65 sn=120
15:28:26.590 INF Delivered batch. nReq=66 sn=121
15:28:26.590 INF Delivered batch. nReq=66 sn=122
15:28:26.590 DBG Starting timer. sn=123 view=0
15:28:32.575 INF Handling PREPREPARE. nReq=0 senderID=3 sn=123
15:28:32.575 DBG Creating new Batch. nReq=0
15:28:32.576 DBG Sending PREPARE. senderID=2 sn=123 view=0
15:28:32.576 DBG Sending COMMIT. senderID=2 sn=123 view=0
15:28:32.578 INF Committed entry. latency=0 nReq=0 sn=123
15:28:32.578 INF Delivered batch. nReq=0 sn=123
15:28:32.578 INF Delivered batch. nReq=64 sn=124
15:28:32.578 INF Delivered batch. nReq=65 sn=125
15:28:32.578 INF Delivered batch. nReq=63 sn=126
15:28:32.578 DBG Starting timer. sn=127 view=0
15:28:38.576 INF Handling PREPREPARE. nReq=0 senderID=3 sn=127
15:28:38.576 DBG Creating new Batch. nReq=0
15:28:38.577 DBG Sending PREPARE. senderID=2 sn=127 view=0
15:28:38.580 DBG Sending COMMIT. senderID=2 sn=127 view=0
15:28:38.582 INF Committed entry. latency=0 nReq=0 sn=127
15:28:38.582 INF Delivered batch. nReq=0 sn=127
15:28:38.582 INF Delivered batch. nReq=9 sn=128
15:28:38.582 INF Delivered batch. nReq=5 sn=129
15:28:38.582 INF Delivered batch. nReq=6 sn=130
15:28:38.582 DBG Starting timer. sn=131 view=0
15:28:38.789 INF Connection terminated. error="rpc error: code = Canceled desc = context canceled" address=127.0.0.1:54374
15:28:38.792 INF Finished sending bucket assignments to client. clId=0
15:28:39.386 INF Stopping Tracer. events=684 fileName=experiment-output/0000/slave-003/peer.trc
==================
WARNING: DATA RACE15:28:39.386 INF Stopping profiler.

Read at 0x00c0008a0050 by goroutine 90:
  runtime.racereadrange()
      <autogenerated>:1 +0x1b
  github.com/hyperledger-labs/mirbft/tracing.(*BufferedTrace).StopOnSignal.func1()
      /opt/gopath/src/github.com/hyperledger-labs/mirbft/tracing/bufferedtrace.go:298 +0x4e

Previous write at 0x00c0008a0050 by goroutine 392:
  github.com/hyperledger-labs/mirbft/tracing.(*BufferedTrace).Event()
      /opt/gopath/src/github.com/hyperledger-labs/mirbft/tracing/bufferedtrace.go:105 +0x2d9
  github.com/hyperledger-labs/mirbft/manager.(*MirManager).handleLogEntries()
      /opt/gopath/src/github.com/hyperledger-labs/mirbft/manager/mirmanager.go:139 +0x1d8
  github.com/hyperledger-labs/mirbft/manager.(*MirManager).Start·dwrap·7()
      /opt/gopath/src/github.com/hyperledger-labs/mirbft/manager/mirmanager.go:101 +0x47

Goroutine 90 (running) created at:
  github.com/hyperledger-labs/mirbft/tracing.(*BufferedTrace).StopOnSignal()
      /opt/gopath/src/github.com/hyperledger-labs/mirbft/tracing/bufferedtrace.go:292 +0x172
  main.setUpTracing()
      /opt/gopath/src/github.com/hyperledger-labs/mirbft/cmd/orderingpeer/main.go:204 +0xf5
  main.main()
      /opt/gopath/src/github.com/hyperledger-labs/mirbft/cmd/orderingpeer/main.go:98 +0x9d6

Goroutine 392 (running) created at:
  github.com/hyperledger-labs/mirbft/manager.(*MirManager).Start()
      /opt/gopath/src/github.com/hyperledger-labs/mirbft/manager/mirmanager.go:101 +0x19e
  main.main·dwrap·4()
      /opt/gopath/src/github.com/hyperledger-labs/mirbft/cmd/orderingpeer/main.go:168 +0x59
==================
==================
WARNING: DATA RACE
Read at 0x00c0008a6ab8 by goroutine 90:
  runtime.racereadrange()
      <autogenerated>:1 +0x1b
  github.com/hyperledger-labs/mirbft/tracing.(*BufferedTrace).StopOnSignal.func1()
      /opt/gopath/src/github.com/hyperledger-labs/mirbft/tracing/bufferedtrace.go:298 +0x4e

Previous write at 0x00c0008a6ab8 by goroutine 89:
  github.com/hyperledger-labs/mirbft/tracing.(*BufferedTrace).Event()
      /opt/gopath/src/github.com/hyperledger-labs/mirbft/tracing/bufferedtrace.go:105 +0x2d9
  github.com/hyperledger-labs/mirbft/profiling.StartCPUTracing.func1()
      /opt/gopath/src/github.com/hyperledger-labs/mirbft/profiling/cpuusage.go:31 +0x95

Goroutine 90 (running) created at:
  github.com/hyperledger-labs/mirbft/tracing.(*BufferedTrace).StopOnSignal()
      /opt/gopath/src/github.com/hyperledger-labs/mirbft/tracing/bufferedtrace.go:292 +0x172
  main.setUpTracing()
      /opt/gopath/src/github.com/hyperledger-labs/mirbft/cmd/orderingpeer/main.go:204 +0xf5
  main.main()
      /opt/gopath/src/github.com/hyperledger-labs/mirbft/cmd/orderingpeer/main.go:98 +0x9d6

Goroutine 89 (running) created at:
  github.com/hyperledger-labs/mirbft/profiling.StartCPUTracing()
      /opt/gopath/src/github.com/hyperledger-labs/mirbft/profiling/cpuusage.go:28 +0xb6
  main.setUpTracing()
      /opt/gopath/src/github.com/hyperledger-labs/mirbft/cmd/orderingpeer/main.go:196 +0x85
  main.main()
      /opt/gopath/src/github.com/hyperledger-labs/mirbft/cmd/orderingpeer/main.go:98 +0x9d6
==================
15:28:39.413 INF Trace data written.
15:28:39.611 INF Profile data written. filename=experiment-output/0000/slave-003/prof.cpu name=cpu
15:28:39.747 INF Profile data written. filename=experiment-output/0000/slave-003/prof.block name=block
15:28:39.818 INF Profile data written. filename=experiment-output/0000/slave-003/prof.mutex name=mutex
