{"level":"debug","Logging":"info","time":"2023-03-30T18:30:40Z","message":"Config"}
{"level":"debug","UseTLS":false,"time":"2023-03-30T18:30:40Z","message":"Config"}
{"level":"debug","CACertFile":"tls-data/ca.pem","time":"2023-03-30T18:30:40Z","message":"Config"}
{"level":"debug","KeyFile":"tls-data/auth.key","time":"2023-03-30T18:30:40Z","message":"Config"}
{"level":"debug","CertFile":"tls-data/auth.pem","time":"2023-03-30T18:30:40Z","message":"Config"}
{"level":"debug","PriorityConnections":2,"time":"2023-03-30T18:30:40Z","message":"Config"}
{"level":"debug","BasicConnections":1,"time":"2023-03-30T18:30:40Z","message":"Config"}
{"level":"debug","TestConnections":false,"time":"2023-03-30T18:30:40Z","message":"Config"}
{"level":"debug","ExcessConnections":1,"time":"2023-03-30T18:30:40Z","message":"Config"}
{"level":"debug","ConnectionTestMsgs":4,"time":"2023-03-30T18:30:40Z","message":"Config"}
{"level":"debug","ConnectionTestPayload":131072,"time":"2023-03-30T18:30:40Z","message":"Config"}
{"level":"debug","OutMessageBufsize":1024,"time":"2023-03-30T18:30:40Z","message":"Config"}
{"level":"debug","OutMessageBufsize":4,"time":"2023-03-30T18:30:40Z","message":"Config"}
{"level":"debug","ThroughputCap":131072000,"time":"2023-03-30T18:30:40Z","message":"Config"}
{"level":"debug","StragglerTolerance":1000,"time":"2023-03-30T18:30:40Z","message":"Config"}
{"level":"debug","BatchSizeIncrement":256,"time":"2023-03-30T18:30:40Z","message":"Config"}
{"level":"debug","Orderer":"Pbft","time":"2023-03-30T18:30:40Z","message":"Config"}
{"level":"debug","Manager":"Mir","time":"2023-03-30T18:30:40Z","message":"Config"}
{"level":"debug","Failures":0,"time":"2023-03-30T18:30:40Z","message":"Config"}
{"level":"debug","StragglerCnt":1,"time":"2023-03-30T18:30:40Z","message":"Config"}
{"level":"debug","PrivKeyCnt":10,"time":"2023-03-30T18:30:40Z","message":"Config"}
{"level":"debug","UseSig":false,"time":"2023-03-30T18:30:40Z","message":"Config"}
{"level":"debug","CrashTiming":"Straggler","time":"2023-03-30T18:30:40Z","message":"Config"}
{"level":"debug","CheckpointInterval":1024,"time":"2023-03-30T18:30:40Z","message":"Config"}
{"level":"debug","WatermarkWindowSize":1024,"time":"2023-03-30T18:30:40Z","message":"Config"}
{"level":"debug","EpochLength":1024,"time":"2023-03-30T18:30:40Z","message":"Config"}
{"level":"debug","SegmentLength":64,"time":"2023-03-30T18:30:40Z","message":"Config"}
{"level":"debug","WaitForCheckpoints":true,"time":"2023-03-30T18:30:40Z","message":"Config"}
{"level":"debug","ClientWatermarkWindowSize":24576,"time":"2023-03-30T18:30:40Z","message":"Config"}
{"level":"debug","ClientRequestBacklogSize":24576,"time":"2023-03-30T18:30:40Z","message":"Config"}
{"level":"debug","RandomSeed":29224,"time":"2023-03-30T18:30:40Z","message":"Config"}
{"level":"debug","NodeToLeaderRatio":1,"time":"2023-03-30T18:30:40Z","message":"Config"}
{"level":"debug","LeaderPolicy":"Simple","time":"2023-03-30T18:30:40Z","message":"Config"}
{"level":"debug","DefaultLeaderBan":2,"time":"2023-03-30T18:30:40Z","message":"Config"}
{"level":"debug","NumBuckets":256,"time":"2023-03-30T18:30:40Z","message":"Config"}
{"level":"debug","BatchSize":1000,"time":"2023-03-30T18:30:40Z","message":"Config"}
{"level":"debug","DisabledViewChange":false,"time":"2023-03-30T18:30:40Z","message":"Config"}
{"level":"debug","ViewChangeTimeout":60000,"time":"2023-03-30T18:30:40Z","message":"Config"}
{"level":"debug","ClientTraceSampling":10,"time":"2023-03-30T18:30:40Z","message":"Config"}
{"level":"debug","EventBufferSize":2097152,"time":"2023-03-30T18:30:40Z","message":"Config"}
{"level":"debug","TraceSampling":1,"time":"2023-03-30T18:30:40Z","message":"Config"}
{"level":"debug","ClientsPerProcess":8,"time":"2023-03-30T18:30:40Z","message":"Config"}
{"level":"debug","RequestsPerClient":5859,"time":"2023-03-30T18:30:40Z","message":"Config"}
{"level":"debug","ClientRunTime":15000,"time":"2023-03-30T18:30:40Z","message":"Config"}
{"level":"debug","RequestRate":195,"time":"2023-03-30T18:30:40Z","message":"Config"}
{"level":"debug","HardRequestRateLimit":false,"time":"2023-03-30T18:30:40Z","message":"Config"}
{"level":"debug","RequestPayloadSize":500,"time":"2023-03-30T18:30:40Z","message":"Config"}
{"level":"debug","SignRequests":true,"time":"2023-03-30T18:30:40Z","message":"Config"}
{"level":"debug","ClientPrivKeyFile":"tls-data/client-ecdsa-256.key","time":"2023-03-30T18:30:40Z","message":"Config"}
{"level":"debug","ClientPubKeyFile":"tls-data/client-ecdsa-256.pem","time":"2023-03-30T18:30:40Z","message":"Config"}
{"level":"debug","PrecomputeRequests":false,"time":"2023-03-30T18:30:40Z","message":"Config"}
{"level":"debug","RequestHandlerThreads":32,"time":"2023-03-30T18:30:40Z","message":"Config"}
{"level":"debug","RequestInputChannelBuffer":8192,"time":"2023-03-30T18:30:40Z","message":"Config"}
{"level":"debug","BatchVerifier":"external","time":"2023-03-30T18:30:40Z","message":"Config"}
18:30:40.908 INF Started Profiler: CPU
18:30:40.908 INF Started Profiler: BLOCK
18:30:40.908 INF Started Profiler: MUTEX
18:30:40.908 INF Starting clients. numClients=8 numRequests=5859
18:30:40.908 INF Initilizing clients.
18:30:41.306 INF Registared with discovery server. numOrderers=16 ownClientId=134
18:30:41.320 INF Registared with discovery server. numOrderers=16 ownClientId=145
18:30:41.320 INF Registared with discovery server. numOrderers=16 ownClientId=156
18:30:41.321 INF Registared with discovery server. numOrderers=16 ownClientId=161
18:30:41.321 INF Registared with discovery server. numOrderers=16 ownClientId=174
18:30:41.322 INF Registared with discovery server. numOrderers=16 ownClientId=175
18:30:41.322 INF Registared with discovery server. numOrderers=16 ownClientId=176
18:30:41.322 INF Registared with discovery server. numOrderers=16 ownClientId=183
18:30:41.322 INF Clients initialized.
18:30:41.322 INF Launching clients.
18:30:41.322 INF Waiting for clients.
18:32:12.500 INF Stopping Tracer. events=1738 fileName=experiment-output/0000/slave-038/client-174.trc
zerolog: could not write event: write experiment-output/0000/slave-038/client-174.log: file already closed
zerolog: could not write event: write experiment-output/0000/slave-038/client-174.log: file already closed
zerolog: could not write event: write experiment-output/0000/slave-038/client-174.log: file already closed
zerolog: could not write event: write experiment-output/0000/slave-038/client-174.log: file already closed
18:32:12.503 INF Trace data written.
18:32:12.517 INF Stopping Tracer. events=1701 fileName=experiment-output/0000/slave-038/client-156.trc
18:32:12.517 INF Stopping Tracer. events=1781 fileName=experiment-output/0000/slave-038/client-176.trc
zerolog: could not write event: write experiment-output/0000/slave-038/client-176.log: file already closed
zerolog: could not write event: write experiment-output/0000/slave-038/client-176.log: file already closed
zerolog: could not write event: write experiment-output/0000/slave-038/client-156.log: file already closed
zerolog: could not write event: write experiment-output/0000/slave-038/client-156.log: file already closed
zerolog: could not write event: write experiment-output/0000/slave-038/client-156.log: file already closed
zerolog: could not write event: write experiment-output/0000/slave-038/client-156.log: file already closed
zerolog: could not write event: write experiment-output/0000/slave-038/client-176.log: file already closed
zerolog: could not write event: write experiment-output/0000/slave-038/client-176.log: file already closed
18:32:12.520 INF Trace data written.
18:32:12.521 INF Trace data written.
18:32:12.525 INF Stopping Tracer. events=1173 fileName=experiment-output/0000/slave-038/client-183.trc
18:32:12.525 INF Stopping Tracer. events=1173 fileName=experiment-output/0000/slave-038/client-161.trc
zerolog: could not write event: write experiment-output/0000/slave-038/client-161.log: file already closed
zerolog: could not write event: write experiment-output/0000/slave-038/client-161.log: file already closed
zerolog: could not write event: write experiment-output/0000/slave-038/client-183.log: file already closed
zerolog: could not write event: write experiment-output/0000/slave-038/client-161.log: file already closed
zerolog: could not write event: write experiment-output/0000/slave-038/client-183.log: file already closed
zerolog: could not write event: write experiment-output/0000/slave-038/client-183.log: file already closed
zerolog: could not write event: write experiment-output/0000/slave-038/client-183.log: file already closed
zerolog: could not write event: write experiment-output/0000/slave-038/client-161.log: file already closed
18:32:12.527 INF Stopping Tracer. events=1701 fileName=experiment-output/0000/slave-038/client-134.trc
zerolog: could not write event: write experiment-output/0000/slave-038/client-134.log: file already closed
18:32:12.527 INF Trace data written.
zerolog: could not write event: write experiment-output/0000/slave-038/client-134.log: file already closed
18:32:12.527 INF Stopping Tracer. events=1173 fileName=experiment-output/0000/slave-038/client-145.trc
zerolog: could not write event: write experiment-output/0000/slave-038/client-134.log: file already closed
zerolog: could not write event: write experiment-output/0000/slave-038/client-134.log: file already closed
18:32:12.527 INF Trace data written.
zerolog: could not write event: write experiment-output/0000/slave-038/client-145.log: file already closed
zerolog: could not write event: write experiment-output/0000/slave-038/client-145.log: file already closed
zerolog: could not write event: write experiment-output/0000/slave-038/client-145.log: file already closed
zerolog: could not write event: write experiment-output/0000/slave-038/client-145.log: file already closed
18:32:12.528 INF Stopping Tracer. events=1181 fileName=experiment-output/0000/slave-038/client-175.trc
zerolog: could not write event: write experiment-output/0000/slave-038/client-175.log: file already closed
zerolog: could not write event: write experiment-output/0000/slave-038/client-175.log: file already closed
zerolog: could not write event: write experiment-output/0000/slave-038/client-175.log: file already closed
zerolog: could not write event: write experiment-output/0000/slave-038/client-175.log: file already closed
18:32:12.529 INF Trace data written.
18:32:12.530 INF Trace data written.
18:32:12.530 INF Trace data written.
18:32:12.530 INF Done.
18:32:12.530 INF Stopping profiler.
18:32:12.544 INF Profile data written. filename=experiment-output/0000/slave-038/prof-client.mutex name=mutex
zerolog: could not write event: write experiment-output/0000/slave-038/client-174.log: file already closed
zerolog: could not write event: write experiment-output/0000/slave-038/client-174.log: file already closed
zerolog: could not write event: write experiment-output/0000/slave-038/client-174.log: file already closed
zerolog: could not write event: write experiment-output/0000/slave-038/client-174.log: file already closed
zerolog: could not write event: write experiment-output/0000/slave-038/client-176.log: file already closed
zerolog: could not write event: write experiment-output/0000/slave-038/client-156.log: file already closed
zerolog: could not write event: write experiment-output/0000/slave-038/client-176.log: file already closed
zerolog: could not write event: write experiment-output/0000/slave-038/client-176.log: file already closed
zerolog: could not write event: write experiment-output/0000/slave-038/client-156.log: file already closed
zerolog: could not write event: write experiment-output/0000/slave-038/client-161.log: file already closed
zerolog: could not write event: write experiment-output/0000/slave-038/client-183.log: file already closed
zerolog: could not write event: write experiment-output/0000/slave-038/client-161.log: file already closed
zerolog: could not write event: write experiment-output/0000/slave-038/client-183.log: file already closed
zerolog: could not write event: write experiment-output/0000/slave-038/client-161.log: file already closed
zerolog: could not write event: write experiment-output/0000/slave-038/client-134.log: file already closed
zerolog: could not write event: write experiment-output/0000/slave-038/client-134.log: file already closed
zerolog: could not write event: write experiment-output/0000/slave-038/client-134.log: file already closed
zerolog: could not write event: write experiment-output/0000/slave-038/client-145.log: file already closed
zerolog: could not write event: write experiment-output/0000/slave-038/client-175.log: file already closed
zerolog: could not write event: write experiment-output/0000/slave-038/client-175.log: file already closed
zerolog: could not write event: write experiment-output/0000/slave-038/client-175.log: file already closed
zerolog: could not write event: write experiment-output/0000/slave-038/client-145.log: file already closed
zerolog: could not write event: write experiment-output/0000/slave-038/client-145.log: file already closed
zerolog: could not write event: write experiment-output/0000/slave-038/client-156.log: file already closed
zerolog: could not write event: write experiment-output/0000/slave-038/client-174.log: file already closed
zerolog: could not write event: write experiment-output/0000/slave-038/client-174.log: file already closed
zerolog: could not write event: write experiment-output/0000/slave-038/client-174.log: file already closed
zerolog: could not write event: write experiment-output/0000/slave-038/client-174.log: file already closed
zerolog: could not write event: write experiment-output/0000/slave-038/client-156.log: file already closed
zerolog: could not write event: write experiment-output/0000/slave-038/client-176.log: file already closed
zerolog: could not write event: write experiment-output/0000/slave-038/client-183.log: file already closed
zerolog: could not write event: write experiment-output/0000/slave-038/client-161.log: file already closed
zerolog: could not write event: write experiment-output/0000/slave-038/client-134.log: file already closed
zerolog: could not write event: write experiment-output/0000/slave-038/client-183.log: file already closed
zerolog: could not write event: write experiment-output/0000/slave-038/client-175.log: file already closed
zerolog: could not write event: write experiment-output/0000/slave-038/client-145.log: file already closed
zerolog: could not write event: write experiment-output/0000/slave-038/client-156.log: file already closed
zerolog: could not write event: write experiment-output/0000/slave-038/client-156.log: file already closed
zerolog: could not write event: write experiment-output/0000/slave-038/client-176.log: file already closed
zerolog: could not write event: write experiment-output/0000/slave-038/client-176.log: file already closed
zerolog: could not write event: write experiment-output/0000/slave-038/client-156.log: file already closed
zerolog: could not write event: write experiment-output/0000/slave-038/client-176.log: file already closed
zerolog: could not write event: write experiment-output/0000/slave-038/client-176.log: file already closed
zerolog: could not write event: write experiment-output/0000/slave-038/client-156.log: file already closed
zerolog: could not write event: write experiment-output/0000/slave-038/client-183.log: file already closed
zerolog: could not write event: write experiment-output/0000/slave-038/client-183.log: file already closed
zerolog: could not write event: write experiment-output/0000/slave-038/client-161.log: file already closed
zerolog: could not write event: write experiment-output/0000/slave-038/client-183.log: file already closed
zerolog: could not write event: write experiment-output/0000/slave-038/client-161.log: file already closed
zerolog: could not write event: write experiment-output/0000/slave-038/client-161.log: file already closed
zerolog: could not write event: write experiment-output/0000/slave-038/client-183.log: file already closed
zerolog: could not write event: write experiment-output/0000/slave-038/client-161.log: file already closed
zerolog: could not write event: write experiment-output/0000/slave-038/client-134.log: file already closed
zerolog: could not write event: write experiment-output/0000/slave-038/client-145.log: file already closed
zerolog: could not write event: write experiment-output/0000/slave-038/client-134.log: file already closed
zerolog: could not write event: write experiment-output/0000/slave-038/client-134.log: file already closed
zerolog: could not write event: write experiment-output/0000/slave-038/client-145.log: file already closed
zerolog: could not write event: write experiment-output/0000/slave-038/client-134.log: file already closed
zerolog: could not write event: write experiment-output/0000/slave-038/client-145.log: file already closed
zerolog: could not write event: write experiment-output/0000/slave-038/client-175.log: file already closed
zerolog: could not write event: write experiment-output/0000/slave-038/client-145.log: file already closed
zerolog: could not write event: write experiment-output/0000/slave-038/client-175.log: file already closed
zerolog: could not write event: write experiment-output/0000/slave-038/client-175.log: file already closed
zerolog: could not write event: write experiment-output/0000/slave-038/client-175.log: file already closed
zerolog: could not write event: write experiment-output/0000/slave-038/client-174.log: file already closed
zerolog: could not write event: write experiment-output/0000/slave-038/client-174.log: file already closed
zerolog: could not write event: write experiment-output/0000/slave-038/client-174.log: file already closed
zerolog: could not write event: write experiment-output/0000/slave-038/client-174.log: file already closed
18:32:12.723 INF Profile data written. filename=experiment-output/0000/slave-038/prof-client.cpu name=cpu
zerolog: could not write event: write experiment-output/0000/slave-038/client-156.log: file already closed
zerolog: could not write event: write experiment-output/0000/slave-038/client-156.log: file already closed
zerolog: could not write event: write experiment-output/0000/slave-038/client-156.log: file already closed
18:32:12.732 INF Profile data written. filename=experiment-output/0000/slave-038/prof-client.block name=block
