{"level":"debug","Logging":"info","time":"2023-03-25T17:43:28Z","message":"Config"}
{"level":"debug","UseTLS":false,"time":"2023-03-25T17:43:28Z","message":"Config"}
{"level":"debug","CACertFile":"tls-data/ca.pem","time":"2023-03-25T17:43:28Z","message":"Config"}
{"level":"debug","KeyFile":"tls-data/auth.key","time":"2023-03-25T17:43:28Z","message":"Config"}
{"level":"debug","CertFile":"tls-data/auth.pem","time":"2023-03-25T17:43:28Z","message":"Config"}
{"level":"debug","PriorityConnections":2,"time":"2023-03-25T17:43:28Z","message":"Config"}
{"level":"debug","BasicConnections":1,"time":"2023-03-25T17:43:28Z","message":"Config"}
{"level":"debug","TestConnections":false,"time":"2023-03-25T17:43:28Z","message":"Config"}
{"level":"debug","ExcessConnections":1,"time":"2023-03-25T17:43:28Z","message":"Config"}
{"level":"debug","ConnectionTestMsgs":4,"time":"2023-03-25T17:43:28Z","message":"Config"}
{"level":"debug","ConnectionTestPayload":131072,"time":"2023-03-25T17:43:28Z","message":"Config"}
{"level":"debug","OutMessageBufsize":1024,"time":"2023-03-25T17:43:28Z","message":"Config"}
{"level":"debug","OutMessageBufsize":4,"time":"2023-03-25T17:43:28Z","message":"Config"}
{"level":"debug","ThroughputCap":131072000,"time":"2023-03-25T17:43:28Z","message":"Config"}
{"level":"debug","StragglerTolerance":1000,"time":"2023-03-25T17:43:28Z","message":"Config"}
{"level":"debug","BatchSizeIncrement":256,"time":"2023-03-25T17:43:28Z","message":"Config"}
{"level":"debug","Orderer":"Pbft","time":"2023-03-25T17:43:28Z","message":"Config"}
{"level":"debug","Manager":"Mir","time":"2023-03-25T17:43:28Z","message":"Config"}
{"level":"debug","Failures":0,"time":"2023-03-25T17:43:28Z","message":"Config"}
{"level":"debug","StragglerCnt":0,"time":"2023-03-25T17:43:28Z","message":"Config"}
{"level":"debug","PrivKeyCnt":10,"time":"2023-03-25T17:43:28Z","message":"Config"}
{"level":"debug","UseSig":false,"time":"2023-03-25T17:43:28Z","message":"Config"}
{"level":"debug","CrashTiming":"Straggler","time":"2023-03-25T17:43:28Z","message":"Config"}
{"level":"debug","CheckpointInterval":512,"time":"2023-03-25T17:43:28Z","message":"Config"}
{"level":"debug","WatermarkWindowSize":512,"time":"2023-03-25T17:43:28Z","message":"Config"}
{"level":"debug","EpochLength":512,"time":"2023-03-25T17:43:28Z","message":"Config"}
{"level":"debug","SegmentLength":32,"time":"2023-03-25T17:43:28Z","message":"Config"}
{"level":"debug","WaitForCheckpoints":true,"time":"2023-03-25T17:43:28Z","message":"Config"}
{"level":"debug","ClientWatermarkWindowSize":16384,"time":"2023-03-25T17:43:28Z","message":"Config"}
{"level":"debug","ClientRequestBacklogSize":16384,"time":"2023-03-25T17:43:28Z","message":"Config"}
{"level":"debug","RandomSeed":14217,"time":"2023-03-25T17:43:28Z","message":"Config"}
{"level":"debug","NodeToLeaderRatio":1,"time":"2023-03-25T17:43:28Z","message":"Config"}
{"level":"debug","LeaderPolicy":"Simple","time":"2023-03-25T17:43:28Z","message":"Config"}
{"level":"debug","DefaultLeaderBan":2,"time":"2023-03-25T17:43:28Z","message":"Config"}
{"level":"debug","NumBuckets":256,"time":"2023-03-25T17:43:28Z","message":"Config"}
{"level":"debug","BatchSize":2500,"time":"2023-03-25T17:43:28Z","message":"Config"}
{"level":"debug","DisabledViewChange":false,"time":"2023-03-25T17:43:28Z","message":"Config"}
{"level":"debug","ViewChangeTimeout":60000,"time":"2023-03-25T17:43:28Z","message":"Config"}
{"level":"debug","ClientTraceSampling":10,"time":"2023-03-25T17:43:28Z","message":"Config"}
{"level":"debug","EventBufferSize":2097152,"time":"2023-03-25T17:43:28Z","message":"Config"}
{"level":"debug","TraceSampling":1,"time":"2023-03-25T17:43:28Z","message":"Config"}
{"level":"debug","ClientsPerProcess":8,"time":"2023-03-25T17:43:28Z","message":"Config"}
{"level":"debug","RequestsPerClient":10546,"time":"2023-03-25T17:43:28Z","message":"Config"}
{"level":"debug","ClientRunTime":15000,"time":"2023-03-25T17:43:28Z","message":"Config"}
{"level":"debug","RequestRate":351,"time":"2023-03-25T17:43:28Z","message":"Config"}
{"level":"debug","HardRequestRateLimit":false,"time":"2023-03-25T17:43:28Z","message":"Config"}
{"level":"debug","RequestPayloadSize":500,"time":"2023-03-25T17:43:28Z","message":"Config"}
{"level":"debug","SignRequests":true,"time":"2023-03-25T17:43:28Z","message":"Config"}
{"level":"debug","ClientPrivKeyFile":"tls-data/client-ecdsa-256.key","time":"2023-03-25T17:43:28Z","message":"Config"}
{"level":"debug","ClientPubKeyFile":"tls-data/client-ecdsa-256.pem","time":"2023-03-25T17:43:28Z","message":"Config"}
{"level":"debug","PrecomputeRequests":false,"time":"2023-03-25T17:43:28Z","message":"Config"}
{"level":"debug","RequestHandlerThreads":32,"time":"2023-03-25T17:43:28Z","message":"Config"}
{"level":"debug","RequestInputChannelBuffer":8192,"time":"2023-03-25T17:43:28Z","message":"Config"}
{"level":"debug","BatchVerifier":"external","time":"2023-03-25T17:43:28Z","message":"Config"}
17:43:28.793 INF Started Profiler: CPU
17:43:28.793 INF Started Profiler: BLOCK
17:43:28.793 INF Started Profiler: MUTEX
17:43:28.793 INF Starting clients. numClients=8 numRequests=10546
17:43:28.793 INF Initilizing clients.
17:43:28.799 INF Registared with discovery server. numOrderers=16 ownClientId=31
17:43:28.799 INF Registared with discovery server. numOrderers=16 ownClientId=37
17:43:28.799 INF Registared with discovery server. numOrderers=16 ownClientId=41
17:43:28.800 INF Registared with discovery server. numOrderers=16 ownClientId=46
17:43:28.800 INF Registared with discovery server. numOrderers=16 ownClientId=44
17:43:28.801 INF Registared with discovery server. numOrderers=16 ownClientId=47
17:43:28.801 INF Registared with discovery server. numOrderers=16 ownClientId=54
17:43:28.801 INF Registared with discovery server. numOrderers=16 ownClientId=61
17:43:28.802 INF Clients initialized.
17:43:28.802 INF Launching clients.
17:43:28.802 INF Waiting for clients.
17:45:51.848 INF Stopping Tracer. events=2110 fileName=experiment-output/0003/slave-024/client-061.trc
zerolog: could not write event: write experiment-output/0003/slave-024/client-061.log: file already closed
zerolog: could not write event: write experiment-output/0003/slave-024/client-061.log: file already closed
zerolog: could not write event: write experiment-output/0003/slave-024/client-061.log: file already closed
zerolog: could not write event: write experiment-output/0003/slave-024/client-061.log: file already closed
17:45:51.852 INF Trace data written.
17:45:51.882 INF Stopping Tracer. events=2110 fileName=experiment-output/0003/slave-024/client-047.trc
zerolog: could not write event: write experiment-output/0003/slave-024/client-047.log: file already closed
zerolog: could not write event: write experiment-output/0003/slave-024/client-047.log: file already closed
zerolog: could not write event: write experiment-output/0003/slave-024/client-047.log: file already closed
zerolog: could not write event: write experiment-output/0003/slave-024/client-047.log: file already closed
17:45:51.885 INF Stopping Tracer. events=2109 fileName=experiment-output/0003/slave-024/client-041.trc
zerolog: could not write event: write experiment-output/0003/slave-024/client-041.log: file already closed
zerolog: could not write event: write experiment-output/0003/slave-024/client-041.log: file already closed
zerolog: could not write event: write experiment-output/0003/slave-024/client-041.log: file already closed
zerolog: could not write event: write experiment-output/0003/slave-024/client-041.log: file already closed
17:45:51.886 INF Trace data written.
17:45:51.889 INF Trace data written.
17:45:51.892 INF Stopping Tracer. events=2109 fileName=experiment-output/0003/slave-024/client-031.trc
17:45:51.893 INF Stopping Tracer. events=3117 fileName=experiment-output/0003/slave-024/client-054.trc
17:45:51.893 INF Stopping Tracer. events=2111 fileName=experiment-output/0003/slave-024/client-037.trc
17:45:51.893 INF Stopping Tracer. events=3102 fileName=experiment-output/0003/slave-024/client-044.trc
17:45:51.893 INF Stopping Tracer. events=3150 fileName=experiment-output/0003/slave-024/client-046.trc
zerolog: could not write event: write experiment-output/0003/slave-024/client-054.log: file already closed
zerolog: could not write event: write experiment-output/0003/slave-024/client-054.log: file already closed
zerolog: could not write event: write experiment-output/0003/slave-024/client-054.log: file already closed
zerolog: could not write event: write experiment-output/0003/slave-024/client-031.log: file already closed
zerolog: could not write event: write experiment-output/0003/slave-024/client-054.log: file already closed
zerolog: could not write event: write experiment-output/0003/slave-024/client-031.log: file already closed
zerolog: could not write event: write experiment-output/0003/slave-024/client-031.log: file already closed
zerolog: could not write event: write experiment-output/0003/slave-024/client-046.log: file already closed
zerolog: could not write event: write experiment-output/0003/slave-024/client-046.log: file already closed
zerolog: could not write event: write experiment-output/0003/slave-024/client-037.log: file already closed
zerolog: could not write event: write experiment-output/0003/slave-024/client-044.log: file already closed
zerolog: could not write event: write experiment-output/0003/slave-024/client-037.log: file already closed
zerolog: could not write event: write experiment-output/0003/slave-024/client-046.log: file already closed
zerolog: could not write event: write experiment-output/0003/slave-024/client-046.log: file already closed
zerolog: could not write event: write experiment-output/0003/slave-024/client-044.log: file already closed
zerolog: could not write event: write experiment-output/0003/slave-024/client-037.log: file already closed
zerolog: could not write event: write experiment-output/0003/slave-024/client-044.log: file already closed
zerolog: could not write event: write experiment-output/0003/slave-024/client-044.log: file already closed
zerolog: could not write event: write experiment-output/0003/slave-024/client-037.log: file already closed
zerolog: could not write event: write experiment-output/0003/slave-024/client-031.log: file already closed
17:45:51.898 INF Trace data written.
17:45:51.898 INF Trace data written.
17:45:51.899 INF Trace data written.
17:45:51.900 INF Trace data written.
17:45:51.900 INF Trace data written.
17:45:51.900 INF Done.
17:45:51.900 INF Stopping profiler.
zerolog: could not write event: write experiment-output/0003/slave-024/client-061.log: file already closed
zerolog: could not write event: write experiment-output/0003/slave-024/client-061.log: file already closed
zerolog: could not write event: write experiment-output/0003/slave-024/client-061.log: file already closed
zerolog: could not write event: write experiment-output/0003/slave-024/client-061.log: file already closed
zerolog: could not write event: write experiment-output/0003/slave-024/client-047.log: file already closed
zerolog: could not write event: write experiment-output/0003/slave-024/client-047.log: file already closed
zerolog: could not write event: write experiment-output/0003/slave-024/client-047.log: file already closed
zerolog: could not write event: write experiment-output/0003/slave-024/client-047.log: file already closed
zerolog: could not write event: write experiment-output/0003/slave-024/client-041.log: file already closed
zerolog: could not write event: write experiment-output/0003/slave-024/client-041.log: file already closed
zerolog: could not write event: write experiment-output/0003/slave-024/client-041.log: file already closed
zerolog: could not write event: write experiment-output/0003/slave-024/client-041.log: file already closed
zerolog: could not write event: write experiment-output/0003/slave-024/client-061.log: file already closed
zerolog: could not write event: write experiment-output/0003/slave-024/client-061.log: file already closed
zerolog: could not write event: write experiment-output/0003/slave-024/client-061.log: file already closed
zerolog: could not write event: write experiment-output/0003/slave-024/client-061.log: file already closed
zerolog: could not write event: write experiment-output/0003/slave-024/client-031.log: file already closed
zerolog: could not write event: write experiment-output/0003/slave-024/client-031.log: file already closed
zerolog: could not write event: write experiment-output/0003/slave-024/client-031.log: file already closed
zerolog: could not write event: write experiment-output/0003/slave-024/client-031.log: file already closed
zerolog: could not write event: write experiment-output/0003/slave-024/client-054.log: file already closed
zerolog: could not write event: write experiment-output/0003/slave-024/client-044.log: file already closed
zerolog: could not write event: write experiment-output/0003/slave-024/client-054.log: file already closed
zerolog: could not write event: write experiment-output/0003/slave-024/client-054.log: file already closed
zerolog: could not write event: write experiment-output/0003/slave-024/client-044.log: file already closed
zerolog: could not write event: write experiment-output/0003/slave-024/client-037.log: file already closed
zerolog: could not write event: write experiment-output/0003/slave-024/client-046.log: file already closed
zerolog: could not write event: write experiment-output/0003/slave-024/client-037.log: file already closed
zerolog: could not write event: write experiment-output/0003/slave-024/client-044.log: file already closed
zerolog: could not write event: write experiment-output/0003/slave-024/client-054.log: file already closed
zerolog: could not write event: write experiment-output/0003/slave-024/client-037.log: file already closed
zerolog: could not write event: write experiment-output/0003/slave-024/client-046.log: file already closed
zerolog: could not write event: write experiment-output/0003/slave-024/client-037.log: file already closed
zerolog: could not write event: write experiment-output/0003/slave-024/client-046.log: file already closed
zerolog: could not write event: write experiment-output/0003/slave-024/client-046.log: file already closed
zerolog: could not write event: write experiment-output/0003/slave-024/client-044.log: file already closed
17:45:52.002 INF Profile data written. filename=experiment-output/0003/slave-024/prof-client.cpu name=cpu
zerolog: could not write event: write experiment-output/0003/slave-024/client-047.log: file already closed
zerolog: could not write event: write experiment-output/0003/slave-024/client-047.log: file already closed
zerolog: could not write event: write experiment-output/0003/slave-024/client-047.log: file already closed
zerolog: could not write event: write experiment-output/0003/slave-024/client-047.log: file already closed
zerolog: could not write event: write experiment-output/0003/slave-024/client-041.log: file already closed
zerolog: could not write event: write experiment-output/0003/slave-024/client-041.log: file already closed
zerolog: could not write event: write experiment-output/0003/slave-024/client-041.log: file already closed
zerolog: could not write event: write experiment-output/0003/slave-024/client-041.log: file already closed
17:45:52.020 INF Profile data written. filename=experiment-output/0003/slave-024/prof-client.block name=block
zerolog: could not write event: write experiment-output/0003/slave-024/client-037.log: file already closed
zerolog: could not write event: write experiment-output/0003/slave-024/client-046.log: file already closed
zerolog: could not write event: write experiment-output/0003/slave-024/client-046.log: file already closed
zerolog: could not write event: write experiment-output/0003/slave-024/client-031.log: file already closed
zerolog: could not write event: write experiment-output/0003/slave-024/client-044.log: file already closed
zerolog: could not write event: write experiment-output/0003/slave-024/client-054.log: file already closed
zerolog: could not write event: write experiment-output/0003/slave-024/client-031.log: file already closed
zerolog: could not write event: write experiment-output/0003/slave-024/client-054.log: file already closed
zerolog: could not write event: write experiment-output/0003/slave-024/client-031.log: file already closed
zerolog: could not write event: write experiment-output/0003/slave-024/client-054.log: file already closed
zerolog: could not write event: write experiment-output/0003/slave-024/client-054.log: file already closed
zerolog: could not write event: write experiment-output/0003/slave-024/client-037.log: file already closed
zerolog: could not write event: write experiment-output/0003/slave-024/client-044.log: file already closed
zerolog: could not write event: write experiment-output/0003/slave-024/client-037.log: file already closed
zerolog: could not write event: write experiment-output/0003/slave-024/client-046.log: file already closed
zerolog: could not write event: write experiment-output/0003/slave-024/client-046.log: file already closed
zerolog: could not write event: write experiment-output/0003/slave-024/client-031.log: file already closed
zerolog: could not write event: write experiment-output/0003/slave-024/client-044.log: file already closed
zerolog: could not write event: write experiment-output/0003/slave-024/client-044.log: file already closed
zerolog: could not write event: write experiment-output/0003/slave-024/client-037.log: file already closed
17:45:52.028 INF Profile data written. filename=experiment-output/0003/slave-024/prof-client.mutex name=mutex
