{"level":"debug","Logging":"info","time":"2023-07-16T01:41:01Z","message":"Config"}
{"level":"debug","UseTLS":false,"time":"2023-07-16T01:41:01Z","message":"Config"}
{"level":"debug","CACertFile":"tls-data/ca.pem","time":"2023-07-16T01:41:01Z","message":"Config"}
{"level":"debug","KeyFile":"tls-data/auth.key","time":"2023-07-16T01:41:01Z","message":"Config"}
{"level":"debug","CertFile":"tls-data/auth.pem","time":"2023-07-16T01:41:01Z","message":"Config"}
{"level":"debug","PriorityConnections":2,"time":"2023-07-16T01:41:01Z","message":"Config"}
{"level":"debug","BasicConnections":1,"time":"2023-07-16T01:41:01Z","message":"Config"}
{"level":"debug","TestConnections":false,"time":"2023-07-16T01:41:01Z","message":"Config"}
{"level":"debug","ExcessConnections":1,"time":"2023-07-16T01:41:01Z","message":"Config"}
{"level":"debug","ConnectionTestMsgs":4,"time":"2023-07-16T01:41:01Z","message":"Config"}
{"level":"debug","ConnectionTestPayload":131072,"time":"2023-07-16T01:41:01Z","message":"Config"}
{"level":"debug","OutMessageBufsize":1024,"time":"2023-07-16T01:41:01Z","message":"Config"}
{"level":"debug","OutMessageBufsize":4,"time":"2023-07-16T01:41:01Z","message":"Config"}
{"level":"debug","ThroughputCap":131072000,"time":"2023-07-16T01:41:01Z","message":"Config"}
{"level":"debug","StragglerTolerance":1000,"time":"2023-07-16T01:41:01Z","message":"Config"}
{"level":"debug","BatchSizeIncrement":256,"time":"2023-07-16T01:41:01Z","message":"Config"}
{"level":"debug","Orderer":"Pbft","time":"2023-07-16T01:41:01Z","message":"Config"}
{"level":"debug","Manager":"Mir","time":"2023-07-16T01:41:01Z","message":"Config"}
{"level":"debug","Failures":0,"time":"2023-07-16T01:41:01Z","message":"Config"}
{"level":"debug","CrashTiming":"Straggler","time":"2023-07-16T01:41:01Z","message":"Config"}
{"level":"debug","CheckpointInterval":512,"time":"2023-07-16T01:41:01Z","message":"Config"}
{"level":"debug","WatermarkWindowSize":512,"time":"2023-07-16T01:41:01Z","message":"Config"}
{"level":"debug","EpochLength":512,"time":"2023-07-16T01:41:01Z","message":"Config"}
{"level":"debug","SegmentLength":32,"time":"2023-07-16T01:41:01Z","message":"Config"}
{"level":"debug","WaitForCheckpoints":true,"time":"2023-07-16T01:41:01Z","message":"Config"}
{"level":"debug","ClientWatermarkWindowSize":16384,"time":"2023-07-16T01:41:01Z","message":"Config"}
{"level":"debug","ClientRequestBacklogSize":16384,"time":"2023-07-16T01:41:01Z","message":"Config"}
{"level":"debug","RandomSeed":2344,"time":"2023-07-16T01:41:01Z","message":"Config"}
{"level":"debug","NodeToLeaderRatio":1,"time":"2023-07-16T01:41:01Z","message":"Config"}
{"level":"debug","LeaderPolicy":"Simple","time":"2023-07-16T01:41:01Z","message":"Config"}
{"level":"debug","DefaultLeaderBan":2,"time":"2023-07-16T01:41:01Z","message":"Config"}
{"level":"debug","NumBuckets":256,"time":"2023-07-16T01:41:01Z","message":"Config"}
{"level":"debug","BatchSize":2000,"time":"2023-07-16T01:41:01Z","message":"Config"}
{"level":"debug","DisabledViewChange":false,"time":"2023-07-16T01:41:01Z","message":"Config"}
{"level":"debug","ViewChangeTimeout":60000,"time":"2023-07-16T01:41:01Z","message":"Config"}
{"level":"debug","ClientTraceSampling":10,"time":"2023-07-16T01:41:01Z","message":"Config"}
{"level":"debug","EventBufferSize":2097152,"time":"2023-07-16T01:41:01Z","message":"Config"}
{"level":"debug","TraceSampling":1,"time":"2023-07-16T01:41:01Z","message":"Config"}
{"level":"debug","ClientsPerProcess":8,"time":"2023-07-16T01:41:01Z","message":"Config"}
{"level":"debug","RequestsPerClient":7031,"time":"2023-07-16T01:41:01Z","message":"Config"}
{"level":"debug","ClientRunTime":30000,"time":"2023-07-16T01:41:01Z","message":"Config"}
{"level":"debug","RequestRate":117,"time":"2023-07-16T01:41:01Z","message":"Config"}
{"level":"debug","HardRequestRateLimit":false,"time":"2023-07-16T01:41:01Z","message":"Config"}
{"level":"debug","RequestPayloadSize":500,"time":"2023-07-16T01:41:01Z","message":"Config"}
{"level":"debug","SignRequests":true,"time":"2023-07-16T01:41:01Z","message":"Config"}
{"level":"debug","ClientPrivKeyFile":"tls-data/client-ecdsa-256.key","time":"2023-07-16T01:41:01Z","message":"Config"}
{"level":"debug","ClientPubKeyFile":"tls-data/client-ecdsa-256.pem","time":"2023-07-16T01:41:01Z","message":"Config"}
{"level":"debug","PrecomputeRequests":false,"time":"2023-07-16T01:41:01Z","message":"Config"}
{"level":"debug","RequestHandlerThreads":32,"time":"2023-07-16T01:41:01Z","message":"Config"}
{"level":"debug","RequestInputChannelBuffer":8192,"time":"2023-07-16T01:41:01Z","message":"Config"}
{"level":"debug","BatchVerifier":"external","time":"2023-07-16T01:41:01Z","message":"Config"}
01:41:01.777 INF Started Profiler: CPU
01:41:01.777 INF Started Profiler: BLOCK
01:41:01.777 INF Started Profiler: MUTEX
01:41:01.777 INF Starting clients. numClients=8 numRequests=7031
01:41:01.777 INF Initilizing clients.
01:41:02.060 INF Registared with discovery server. numOrderers=17 ownClientId=150
01:41:02.061 INF Registared with discovery server. numOrderers=17 ownClientId=88
01:41:02.073 INF Registared with discovery server. numOrderers=17 ownClientId=152
01:41:02.081 INF Registared with discovery server. numOrderers=17 ownClientId=220
01:41:02.091 INF Registared with discovery server. numOrderers=17 ownClientId=234
01:41:02.098 INF Registared with discovery server. numOrderers=17 ownClientId=201
01:41:02.129 INF Registared with discovery server. numOrderers=17 ownClientId=245
01:41:02.129 INF Registared with discovery server. numOrderers=17 ownClientId=251
01:41:02.130 INF Clients initialized.
01:41:02.130 INF Launching clients.
01:41:02.130 INF Waiting for clients.
01:43:24.760 INF Stopping Tracer. events=2193 fileName=experiment-output/0000/slave-028/client-150.trc
01:43:24.764 INF Trace data written.
01:43:24.770 INF Stopping Tracer. events=1409 fileName=experiment-output/0000/slave-028/client-245.trc
01:43:24.770 INF Stopping Tracer. events=1875 fileName=experiment-output/0000/slave-028/client-234.trc
01:43:24.773 INF Trace data written.
01:43:24.774 INF Trace data written.
01:43:24.780 INF Stopping Tracer. events=2052 fileName=experiment-output/0000/slave-028/client-088.trc
01:43:24.780 INF Stopping Tracer. events=2193 fileName=experiment-output/0000/slave-028/client-220.trc
01:43:24.783 INF Trace data written.
01:43:24.784 INF Trace data written.
01:43:24.799 INF Stopping Tracer. events=2165 fileName=experiment-output/0000/slave-028/client-152.trc
01:43:24.803 INF Trace data written.
01:43:24.811 INF Stopping Tracer. events=1410 fileName=experiment-output/0000/slave-028/client-251.trc
01:43:24.814 INF Trace data written.
01:43:24.818 INF Stopping Tracer. events=1412 fileName=experiment-output/0000/slave-028/client-201.trc
01:43:24.821 INF Trace data written.
01:43:24.821 INF Done.
01:43:24.821 INF Stopping profiler.
zerolog: could not write event: write experiment-output/0000/slave-028/client-150.log: file already closed
zerolog: could not write event: write experiment-output/0000/slave-028/client-245.log: file already closed
zerolog: could not write event: write experiment-output/0000/slave-028/client-220.log: file already closed
zerolog: could not write event: write experiment-output/0000/slave-028/client-150.log: file already closed
zerolog: could not write event: write experiment-output/0000/slave-028/client-234.log: file already closed
zerolog: could not write event: write experiment-output/0000/slave-028/client-150.log: file already closed
zerolog: could not write event: write experiment-output/0000/slave-028/client-088.log: file already closed
zerolog: could not write event: write experiment-output/0000/slave-028/client-150.log: file already closed
zerolog: could not write event: write experiment-output/0000/slave-028/client-234.log: file already closed
zerolog: could not write event: write experiment-output/0000/slave-028/client-150.log: file already closed
zerolog: could not write event: write experiment-output/0000/slave-028/client-220.log: file already closed
zerolog: could not write event: write experiment-output/0000/slave-028/client-234.log: file already closed
zerolog: could not write event: write experiment-output/0000/slave-028/client-150.log: file already closed
zerolog: could not write event: write experiment-output/0000/slave-028/client-220.log: file already closed
zerolog: could not write event: write experiment-output/0000/slave-028/client-234.log: file already closed
zerolog: could not write event: write experiment-output/0000/slave-028/client-088.log: file already closed
zerolog: could not write event: write experiment-output/0000/slave-028/client-245.log: file already closed
zerolog: could not write event: write experiment-output/0000/slave-028/client-150.log: file already closed
zerolog: could not write event: write experiment-output/0000/slave-028/client-245.log: file already closed
zerolog: could not write event: write experiment-output/0000/slave-028/client-220.log: file already closed
zerolog: could not write event: write experiment-output/0000/slave-028/client-234.log: file already closed
zerolog: could not write event: write experiment-output/0000/slave-028/client-220.log: file already closed
zerolog: could not write event: write experiment-output/0000/slave-028/client-088.log: file already closed
zerolog: could not write event: write experiment-output/0000/slave-028/client-150.log: file already closed
zerolog: could not write event: write experiment-output/0000/slave-028/client-220.log: file already closed
zerolog: could not write event: write experiment-output/0000/slave-028/client-088.log: file already closed
zerolog: could not write event: write experiment-output/0000/slave-028/client-220.log: file already closed
zerolog: could not write event: write experiment-output/0000/slave-028/client-088.log: file already closed
zerolog: could not write event: write experiment-output/0000/slave-028/client-150.log: file already closed
zerolog: could not write event: write experiment-output/0000/slave-028/client-234.log: file already closed
zerolog: could not write event: write experiment-output/0000/slave-028/client-150.log: file already closed
zerolog: could not write event: write experiment-output/0000/slave-028/client-245.log: file already closed
zerolog: could not write event: write experiment-output/0000/slave-028/client-088.log: file already closed
zerolog: could not write event: write experiment-output/0000/slave-028/client-088.log: file already closed
zerolog: could not write event: write experiment-output/0000/slave-028/client-245.log: file already closed
zerolog: could not write event: write experiment-output/0000/slave-028/client-150.log: file already closed
zerolog: could not write event: write experiment-output/0000/slave-028/client-245.log: file already closed
zerolog: could not write event: write experiment-output/0000/slave-028/client-245.log: file already closed
zerolog: could not write event: write experiment-output/0000/slave-028/client-150.log: file already closed
zerolog: could not write event: write experiment-output/0000/slave-028/client-234.log: file already closed
zerolog: could not write event: write experiment-output/0000/slave-028/client-088.log: file already closed
zerolog: could not write event: write experiment-output/0000/slave-028/client-150.log: file already closed
zerolog: could not write event: write experiment-output/0000/slave-028/client-220.log: file already closed
zerolog: could not write event: write experiment-output/0000/slave-028/client-220.log: file already closed
zerolog: could not write event: write experiment-output/0000/slave-028/client-245.log: file already closed
zerolog: could not write event: write experiment-output/0000/slave-028/client-234.log: file already closed
zerolog: could not write event: write experiment-output/0000/slave-028/client-234.log: file already closed
zerolog: could not write event: write experiment-output/0000/slave-028/client-234.log: file already closed
zerolog: could not write event: write experiment-output/0000/slave-028/client-245.log: file already closed
zerolog: could not write event: write experiment-output/0000/slave-028/client-234.log: file already closed
zerolog: could not write event: write experiment-output/0000/slave-028/client-220.log: file already closed
zerolog: could not write event: write experiment-output/0000/slave-028/client-245.log: file already closed
zerolog: could not write event: write experiment-output/0000/slave-028/client-220.log: file already closed
zerolog: could not write event: write experiment-output/0000/slave-028/client-088.log: file already closed
zerolog: could not write event: write experiment-output/0000/slave-028/client-088.log: file already closed
zerolog: could not write event: write experiment-output/0000/slave-028/client-150.log: file already closed
zerolog: could not write event: write experiment-output/0000/slave-028/client-088.log: file already closed
zerolog: could not write event: write experiment-output/0000/slave-028/client-245.log: file already closed
zerolog: could not write event: write experiment-output/0000/slave-028/client-245.log: file already closed
zerolog: could not write event: write experiment-output/0000/slave-028/client-088.log: file already closed
zerolog: could not write event: write experiment-output/0000/slave-028/client-220.log: file already closed
zerolog: could not write event: write experiment-output/0000/slave-028/client-245.log: file already closed
zerolog: could not write event: write experiment-output/0000/slave-028/client-150.log: file already closed
zerolog: could not write event: write experiment-output/0000/slave-028/client-245.log: file already closed
zerolog: could not write event: write experiment-output/0000/slave-028/client-152.log: file already closed
zerolog: could not write event: write experiment-output/0000/slave-028/client-152.log: file already closed
zerolog: could not write event: write experiment-output/0000/slave-028/client-234.log: file already closed
zerolog: could not write event: write experiment-output/0000/slave-028/client-088.log: file already closed
zerolog: could not write event: write experiment-output/0000/slave-028/client-152.log: file already closed
zerolog: could not write event: write experiment-output/0000/slave-028/client-152.log: file already closed
zerolog: could not write event: write experiment-output/0000/slave-028/client-150.log: file already closed
zerolog: could not write event: write experiment-output/0000/slave-028/client-152.log: file already closed
zerolog: could not write event: write experiment-output/0000/slave-028/client-088.log: file already closed
zerolog: could not write event: write experiment-output/0000/slave-028/client-245.log: file already closed
zerolog: could not write event: write experiment-output/0000/slave-028/client-152.log: file already closed
zerolog: could not write event: write experiment-output/0000/slave-028/client-234.log: file already closed
zerolog: could not write event: write experiment-output/0000/slave-028/client-234.log: file already closed
zerolog: could not write event: write experiment-output/0000/slave-028/client-152.log: file already closed
zerolog: could not write event: write experiment-output/0000/slave-028/client-201.log: file already closed
zerolog: could not write event: write experiment-output/0000/slave-028/client-150.log: file already closed
zerolog: could not write event: write experiment-output/0000/slave-028/client-234.log: file already closed
zerolog: could not write event: write experiment-output/0000/slave-028/client-245.log: file already closed
zerolog: could not write event: write experiment-output/0000/slave-028/client-088.log: file already closed
zerolog: could not write event: write experiment-output/0000/slave-028/client-220.log: file already closed
zerolog: could not write event: write experiment-output/0000/slave-028/client-152.log: file already closed
zerolog: could not write event: write experiment-output/0000/slave-028/client-234.log: file already closed
zerolog: could not write event: write experiment-output/0000/slave-028/client-245.log: file already closed
zerolog: could not write event: write experiment-output/0000/slave-028/client-152.log: file already closed
zerolog: could not write event: write experiment-output/0000/slave-028/client-201.log: file already closed
zerolog: could not write event: write experiment-output/0000/slave-028/client-088.log: file already closed
zerolog: could not write event: write experiment-output/0000/slave-028/client-152.log: file already closed
zerolog: could not write event: write experiment-output/0000/slave-028/client-152.log: file already closed
zerolog: could not write event: write experiment-output/0000/slave-028/client-220.log: file already closed
zerolog: could not write event: write experiment-output/0000/slave-028/client-220.log: file already closed
zerolog: could not write event: write experiment-output/0000/slave-028/client-234.log: file already closed
zerolog: could not write event: write experiment-output/0000/slave-028/client-088.log: file already closed
zerolog: could not write event: write experiment-output/0000/slave-028/client-220.log: file already closed
zerolog: could not write event: write experiment-output/0000/slave-028/client-201.log: file already closed
zerolog: could not write event: write experiment-output/0000/slave-028/client-251.log: file already closed
zerolog: could not write event: write experiment-output/0000/slave-028/client-152.log: file already closed
zerolog: could not write event: write experiment-output/0000/slave-028/client-220.log: file already closed
zerolog: could not write event: write experiment-output/0000/slave-028/client-201.log: file already closed
zerolog: could not write event: write experiment-output/0000/slave-028/client-251.log: file already closed
zerolog: could not write event: write experiment-output/0000/slave-028/client-201.log: file already closed
zerolog: could not write event: write experiment-output/0000/slave-028/client-251.log: file already closed
zerolog: could not write event: write experiment-output/0000/slave-028/client-251.log: file already closed
zerolog: could not write event: write experiment-output/0000/slave-028/client-152.log: file already closed
zerolog: could not write event: write experiment-output/0000/slave-028/client-201.log: file already closed
zerolog: could not write event: write experiment-output/0000/slave-028/client-251.log: file already closed
zerolog: could not write event: write experiment-output/0000/slave-028/client-251.log: file already closed
zerolog: could not write event: write experiment-output/0000/slave-028/client-152.log: file already closed
zerolog: could not write event: write experiment-output/0000/slave-028/client-251.log: file already closed
zerolog: could not write event: write experiment-output/0000/slave-028/client-152.log: file already closed
zerolog: could not write event: write experiment-output/0000/slave-028/client-201.log: file already closed
zerolog: could not write event: write experiment-output/0000/slave-028/client-251.log: file already closed
zerolog: could not write event: write experiment-output/0000/slave-028/client-201.log: file already closed
zerolog: could not write event: write experiment-output/0000/slave-028/client-152.log: file already closed
zerolog: could not write event: write experiment-output/0000/slave-028/client-201.log: file already closed
zerolog: could not write event: write experiment-output/0000/slave-028/client-152.log: file already closed
zerolog: could not write event: write experiment-output/0000/slave-028/client-201.log: file already closed
zerolog: could not write event: write experiment-output/0000/slave-028/client-201.log: file already closed
zerolog: could not write event: write experiment-output/0000/slave-028/client-201.log: file already closed
zerolog: could not write event: write experiment-output/0000/slave-028/client-251.log: file already closed
zerolog: could not write event: write experiment-output/0000/slave-028/client-251.log: file already closed
zerolog: could not write event: write experiment-output/0000/slave-028/client-251.log: file already closed
zerolog: could not write event: write experiment-output/0000/slave-028/client-251.log: file already closed
zerolog: could not write event: write experiment-output/0000/slave-028/client-251.log: file already closed
zerolog: could not write event: write experiment-output/0000/slave-028/client-201.log: file already closed
zerolog: could not write event: write experiment-output/0000/slave-028/client-251.log: file already closed
zerolog: could not write event: write experiment-output/0000/slave-028/client-201.log: file already closed
zerolog: could not write event: write experiment-output/0000/slave-028/client-201.log: file already closed
zerolog: could not write event: write experiment-output/0000/slave-028/client-251.log: file already closed
zerolog: could not write event: write experiment-output/0000/slave-028/client-251.log: file already closed
zerolog: could not write event: write experiment-output/0000/slave-028/client-251.log: file already closed
zerolog: could not write event: write experiment-output/0000/slave-028/client-201.log: file already closed
zerolog: could not write event: write experiment-output/0000/slave-028/client-201.log: file already closed
01:43:24.967 INF Profile data written. filename=experiment-output/0000/slave-028/prof-client.cpu name=cpu
01:43:24.984 INF Profile data written. filename=experiment-output/0000/slave-028/prof-client.block name=block
01:43:24.988 INF Profile data written. filename=experiment-output/0000/slave-028/prof-client.mutex name=mutex
