{"level":"debug","Logging":"info","time":"2023-03-30T18:02:21Z","message":"Config"}
{"level":"debug","UseTLS":false,"time":"2023-03-30T18:02:21Z","message":"Config"}
{"level":"debug","CACertFile":"tls-data/ca.pem","time":"2023-03-30T18:02:21Z","message":"Config"}
{"level":"debug","KeyFile":"tls-data/auth.key","time":"2023-03-30T18:02:21Z","message":"Config"}
{"level":"debug","CertFile":"tls-data/auth.pem","time":"2023-03-30T18:02:21Z","message":"Config"}
{"level":"debug","PriorityConnections":2,"time":"2023-03-30T18:02:21Z","message":"Config"}
{"level":"debug","BasicConnections":1,"time":"2023-03-30T18:02:21Z","message":"Config"}
{"level":"debug","TestConnections":false,"time":"2023-03-30T18:02:21Z","message":"Config"}
{"level":"debug","ExcessConnections":1,"time":"2023-03-30T18:02:21Z","message":"Config"}
{"level":"debug","ConnectionTestMsgs":4,"time":"2023-03-30T18:02:21Z","message":"Config"}
{"level":"debug","ConnectionTestPayload":131072,"time":"2023-03-30T18:02:21Z","message":"Config"}
{"level":"debug","OutMessageBufsize":1024,"time":"2023-03-30T18:02:21Z","message":"Config"}
{"level":"debug","OutMessageBufsize":4,"time":"2023-03-30T18:02:21Z","message":"Config"}
{"level":"debug","ThroughputCap":131072000,"time":"2023-03-30T18:02:21Z","message":"Config"}
{"level":"debug","StragglerTolerance":1000,"time":"2023-03-30T18:02:21Z","message":"Config"}
{"level":"debug","BatchSizeIncrement":256,"time":"2023-03-30T18:02:21Z","message":"Config"}
{"level":"debug","Orderer":"Pbft","time":"2023-03-30T18:02:21Z","message":"Config"}
{"level":"debug","Manager":"Mir","time":"2023-03-30T18:02:21Z","message":"Config"}
{"level":"debug","Failures":0,"time":"2023-03-30T18:02:21Z","message":"Config"}
{"level":"debug","StragglerCnt":3,"time":"2023-03-30T18:02:21Z","message":"Config"}
{"level":"debug","PrivKeyCnt":10,"time":"2023-03-30T18:02:21Z","message":"Config"}
{"level":"debug","UseSig":false,"time":"2023-03-30T18:02:21Z","message":"Config"}
{"level":"debug","CrashTiming":"Straggler","time":"2023-03-30T18:02:21Z","message":"Config"}
{"level":"debug","CheckpointInterval":1024,"time":"2023-03-30T18:02:21Z","message":"Config"}
{"level":"debug","WatermarkWindowSize":1024,"time":"2023-03-30T18:02:21Z","message":"Config"}
{"level":"debug","EpochLength":1024,"time":"2023-03-30T18:02:21Z","message":"Config"}
{"level":"debug","SegmentLength":64,"time":"2023-03-30T18:02:21Z","message":"Config"}
{"level":"debug","WaitForCheckpoints":true,"time":"2023-03-30T18:02:21Z","message":"Config"}
{"level":"debug","ClientWatermarkWindowSize":24576,"time":"2023-03-30T18:02:21Z","message":"Config"}
{"level":"debug","ClientRequestBacklogSize":24576,"time":"2023-03-30T18:02:21Z","message":"Config"}
{"level":"debug","RandomSeed":21073,"time":"2023-03-30T18:02:21Z","message":"Config"}
{"level":"debug","NodeToLeaderRatio":1,"time":"2023-03-30T18:02:21Z","message":"Config"}
{"level":"debug","LeaderPolicy":"Simple","time":"2023-03-30T18:02:21Z","message":"Config"}
{"level":"debug","DefaultLeaderBan":2,"time":"2023-03-30T18:02:21Z","message":"Config"}
{"level":"debug","NumBuckets":256,"time":"2023-03-30T18:02:21Z","message":"Config"}
{"level":"debug","BatchSize":1000,"time":"2023-03-30T18:02:21Z","message":"Config"}
{"level":"debug","DisabledViewChange":false,"time":"2023-03-30T18:02:21Z","message":"Config"}
{"level":"debug","ViewChangeTimeout":60000,"time":"2023-03-30T18:02:21Z","message":"Config"}
{"level":"debug","ClientTraceSampling":10,"time":"2023-03-30T18:02:21Z","message":"Config"}
{"level":"debug","EventBufferSize":2097152,"time":"2023-03-30T18:02:21Z","message":"Config"}
{"level":"debug","TraceSampling":1,"time":"2023-03-30T18:02:21Z","message":"Config"}
{"level":"debug","ClientsPerProcess":8,"time":"2023-03-30T18:02:21Z","message":"Config"}
{"level":"debug","RequestsPerClient":4687,"time":"2023-03-30T18:02:21Z","message":"Config"}
{"level":"debug","ClientRunTime":15000,"time":"2023-03-30T18:02:21Z","message":"Config"}
{"level":"debug","RequestRate":156,"time":"2023-03-30T18:02:21Z","message":"Config"}
{"level":"debug","HardRequestRateLimit":false,"time":"2023-03-30T18:02:21Z","message":"Config"}
{"level":"debug","RequestPayloadSize":500,"time":"2023-03-30T18:02:21Z","message":"Config"}
{"level":"debug","SignRequests":true,"time":"2023-03-30T18:02:21Z","message":"Config"}
{"level":"debug","ClientPrivKeyFile":"tls-data/client-ecdsa-256.key","time":"2023-03-30T18:02:21Z","message":"Config"}
{"level":"debug","ClientPubKeyFile":"tls-data/client-ecdsa-256.pem","time":"2023-03-30T18:02:21Z","message":"Config"}
{"level":"debug","PrecomputeRequests":false,"time":"2023-03-30T18:02:21Z","message":"Config"}
{"level":"debug","RequestHandlerThreads":32,"time":"2023-03-30T18:02:21Z","message":"Config"}
{"level":"debug","RequestInputChannelBuffer":8192,"time":"2023-03-30T18:02:21Z","message":"Config"}
{"level":"debug","BatchVerifier":"external","time":"2023-03-30T18:02:21Z","message":"Config"}
18:02:21.204 INF Started Profiler: CPU
18:02:21.204 INF Started Profiler: BLOCK
18:02:21.204 INF Started Profiler: MUTEX
18:02:21.204 INF Starting clients. numClients=8 numRequests=4687
18:02:21.204 INF Initilizing clients.
18:02:21.209 INF Registared with discovery server. numOrderers=16 ownClientId=8
18:02:21.209 INF Registared with discovery server. numOrderers=16 ownClientId=13
18:02:21.210 INF Registared with discovery server. numOrderers=16 ownClientId=23
18:02:21.210 INF Registared with discovery server. numOrderers=16 ownClientId=24
18:02:21.210 INF Registared with discovery server. numOrderers=16 ownClientId=18
18:02:21.210 INF Registared with discovery server. numOrderers=16 ownClientId=27
18:02:21.210 INF Registared with discovery server. numOrderers=16 ownClientId=46
18:02:21.211 INF Registared with discovery server. numOrderers=16 ownClientId=49
18:02:21.211 INF Clients initialized.
18:02:21.211 INF Launching clients.
18:02:21.211 INF Waiting for clients.
18:03:53.274 INF Stopping Tracer. events=941 fileName=experiment-output/0000/slave-004/client-027.trc
zerolog: could not write event: write experiment-output/0000/slave-004/client-027.log: file already closed
zerolog: could not write event: write experiment-output/0000/slave-004/client-027.log: file already closed
zerolog: could not write event: write experiment-output/0000/slave-004/client-027.log: file already closed
zerolog: could not write event: write experiment-output/0000/slave-004/client-027.log: file already closed
18:03:53.275 INF Trace data written.
18:03:53.276 INF Stopping Tracer. events=941 fileName=experiment-output/0000/slave-004/client-049.trc
18:03:53.276 INF Stopping Tracer. events=1417 fileName=experiment-output/0000/slave-004/client-018.trc
zerolog: could not write event: write experiment-output/0000/slave-004/client-049.log: file already closed
zerolog: could not write event: write experiment-output/0000/slave-004/client-049.log: file already closed
zerolog: could not write event: write experiment-output/0000/slave-004/client-018.log: file already closed
zerolog: could not write event: write experiment-output/0000/slave-004/client-018.log: file already closed
zerolog: could not write event: write experiment-output/0000/slave-004/client-049.log: file already closed
zerolog: could not write event: write experiment-output/0000/slave-004/client-049.log: file already closed
zerolog: could not write event: write experiment-output/0000/slave-004/client-018.log: file already closed
zerolog: could not write event: write experiment-output/0000/slave-004/client-018.log: file already closed
18:03:53.277 INF Stopping Tracer. events=1453 fileName=experiment-output/0000/slave-004/client-046.trc
18:03:53.277 INF Stopping Tracer. events=1417 fileName=experiment-output/0000/slave-004/client-008.trc
zerolog: could not write event: write experiment-output/0000/slave-004/client-046.log: file already closed
zerolog: could not write event: write experiment-output/0000/slave-004/client-046.log: file already closed
zerolog: could not write event: write experiment-output/0000/slave-004/client-046.log: file already closed
zerolog: could not write event: write experiment-output/0000/slave-004/client-046.log: file already closed
zerolog: could not write event: write experiment-output/0000/slave-004/client-008.log: file already closed
zerolog: could not write event: write experiment-output/0000/slave-004/client-008.log: file already closed
zerolog: could not write event: write experiment-output/0000/slave-004/client-008.log: file already closed
zerolog: could not write event: write experiment-output/0000/slave-004/client-008.log: file already closed
18:03:53.278 INF Trace data written.
18:03:53.279 INF Trace data written.
18:03:53.280 INF Trace data written.
18:03:53.280 INF Trace data written.
18:03:53.284 INF Stopping Tracer. events=941 fileName=experiment-output/0000/slave-004/client-013.trc
18:03:53.284 INF Stopping Tracer. events=1348 fileName=experiment-output/0000/slave-004/client-024.trc
18:03:53.284 INF Stopping Tracer. events=941 fileName=experiment-output/0000/slave-004/client-023.trc
zerolog: could not write event: write experiment-output/0000/slave-004/client-013.log: file already closed
zerolog: could not write event: write experiment-output/0000/slave-004/client-013.log: file already closed
zerolog: could not write event: write experiment-output/0000/slave-004/client-013.log: file already closed
zerolog: could not write event: write experiment-output/0000/slave-004/client-024.log: file already closed
zerolog: could not write event: write experiment-output/0000/slave-004/client-024.log: file already closed
zerolog: could not write event: write experiment-output/0000/slave-004/client-024.log: file already closed
zerolog: could not write event: write experiment-output/0000/slave-004/client-023.log: file already closed
zerolog: could not write event: write experiment-output/0000/slave-004/client-023.log: file already closed
zerolog: could not write event: write experiment-output/0000/slave-004/client-024.log: file already closed
zerolog: could not write event: write experiment-output/0000/slave-004/client-023.log: file already closed
zerolog: could not write event: write experiment-output/0000/slave-004/client-023.log: file already closed
zerolog: could not write event: write experiment-output/0000/slave-004/client-013.log: file already closed
18:03:53.286 INF Trace data written.
18:03:53.286 INF Trace data written.
18:03:53.286 INF Trace data written.
18:03:53.286 INF Done.
18:03:53.286 INF Stopping profiler.
zerolog: could not write event: write experiment-output/0000/slave-004/client-027.log: file already closed
zerolog: could not write event: write experiment-output/0000/slave-004/client-027.log: file already closed
zerolog: could not write event: write experiment-output/0000/slave-004/client-027.log: file already closed
zerolog: could not write event: write experiment-output/0000/slave-004/client-027.log: file already closed
zerolog: could not write event: write experiment-output/0000/slave-004/client-049.log: file already closed
zerolog: could not write event: write experiment-output/0000/slave-004/client-018.log: file already closed
zerolog: could not write event: write experiment-output/0000/slave-004/client-018.log: file already closed
zerolog: could not write event: write experiment-output/0000/slave-004/client-018.log: file already closed
zerolog: could not write event: write experiment-output/0000/slave-004/client-049.log: file already closed
zerolog: could not write event: write experiment-output/0000/slave-004/client-049.log: file already closed
zerolog: could not write event: write experiment-output/0000/slave-004/client-049.log: file already closed
zerolog: could not write event: write experiment-output/0000/slave-004/client-018.log: file already closed
zerolog: could not write event: write experiment-output/0000/slave-004/client-046.log: file already closed
zerolog: could not write event: write experiment-output/0000/slave-004/client-008.log: file already closed
zerolog: could not write event: write experiment-output/0000/slave-004/client-008.log: file already closed
zerolog: could not write event: write experiment-output/0000/slave-004/client-046.log: file already closed
zerolog: could not write event: write experiment-output/0000/slave-004/client-046.log: file already closed
zerolog: could not write event: write experiment-output/0000/slave-004/client-046.log: file already closed
zerolog: could not write event: write experiment-output/0000/slave-004/client-008.log: file already closed
zerolog: could not write event: write experiment-output/0000/slave-004/client-008.log: file already closed
zerolog: could not write event: write experiment-output/0000/slave-004/client-013.log: file already closed
zerolog: could not write event: write experiment-output/0000/slave-004/client-013.log: file already closed
zerolog: could not write event: write experiment-output/0000/slave-004/client-023.log: file already closed
zerolog: could not write event: write experiment-output/0000/slave-004/client-024.log: file already closed
zerolog: could not write event: write experiment-output/0000/slave-004/client-024.log: file already closed
zerolog: could not write event: write experiment-output/0000/slave-004/client-023.log: file already closed
zerolog: could not write event: write experiment-output/0000/slave-004/client-024.log: file already closed
zerolog: could not write event: write experiment-output/0000/slave-004/client-024.log: file already closed
zerolog: could not write event: write experiment-output/0000/slave-004/client-013.log: file already closed
zerolog: could not write event: write experiment-output/0000/slave-004/client-023.log: file already closed
zerolog: could not write event: write experiment-output/0000/slave-004/client-013.log: file already closed
zerolog: could not write event: write experiment-output/0000/slave-004/client-023.log: file already closed
zerolog: could not write event: write experiment-output/0000/slave-004/client-027.log: file already closed
zerolog: could not write event: write experiment-output/0000/slave-004/client-027.log: file already closed
zerolog: could not write event: write experiment-output/0000/slave-004/client-027.log: file already closed
zerolog: could not write event: write experiment-output/0000/slave-004/client-027.log: file already closed
zerolog: could not write event: write experiment-output/0000/slave-004/client-049.log: file already closed
zerolog: could not write event: write experiment-output/0000/slave-004/client-049.log: file already closed
zerolog: could not write event: write experiment-output/0000/slave-004/client-046.log: file already closed
zerolog: could not write event: write experiment-output/0000/slave-004/client-049.log: file already closed
zerolog: could not write event: write experiment-output/0000/slave-004/client-046.log: file already closed
zerolog: could not write event: write experiment-output/0000/slave-004/client-049.log: file already closed
zerolog: could not write event: write experiment-output/0000/slave-004/client-008.log: file already closed
zerolog: could not write event: write experiment-output/0000/slave-004/client-018.log: file already closed
zerolog: could not write event: write experiment-output/0000/slave-004/client-008.log: file already closed
zerolog: could not write event: write experiment-output/0000/slave-004/client-018.log: file already closed
zerolog: could not write event: write experiment-output/0000/slave-004/client-008.log: file already closed
zerolog: could not write event: write experiment-output/0000/slave-004/client-018.log: file already closed
zerolog: could not write event: write experiment-output/0000/slave-004/client-018.log: file already closed
zerolog: could not write event: write experiment-output/0000/slave-004/client-046.log: file already closed
zerolog: could not write event: write experiment-output/0000/slave-004/client-008.log: file already closed
zerolog: could not write event: write experiment-output/0000/slave-004/client-046.log: file already closed
zerolog: could not write event: write experiment-output/0000/slave-004/client-024.log: file already closed
zerolog: could not write event: write experiment-output/0000/slave-004/client-013.log: file already closed
zerolog: could not write event: write experiment-output/0000/slave-004/client-023.log: file already closed
zerolog: could not write event: write experiment-output/0000/slave-004/client-023.log: file already closed
zerolog: could not write event: write experiment-output/0000/slave-004/client-013.log: file already closed
zerolog: could not write event: write experiment-output/0000/slave-004/client-023.log: file already closed
zerolog: could not write event: write experiment-output/0000/slave-004/client-023.log: file already closed
zerolog: could not write event: write experiment-output/0000/slave-004/client-024.log: file already closed
zerolog: could not write event: write experiment-output/0000/slave-004/client-024.log: file already closed
zerolog: could not write event: write experiment-output/0000/slave-004/client-013.log: file already closed
zerolog: could not write event: write experiment-output/0000/slave-004/client-013.log: file already closed
zerolog: could not write event: write experiment-output/0000/slave-004/client-024.log: file already closed
zerolog: could not write event: write experiment-output/0000/slave-004/client-027.log: file already closed
zerolog: could not write event: write experiment-output/0000/slave-004/client-027.log: file already closed
zerolog: could not write event: write experiment-output/0000/slave-004/client-027.log: file already closed
zerolog: could not write event: write experiment-output/0000/slave-004/client-027.log: file already closed
zerolog: could not write event: write experiment-output/0000/slave-004/client-049.log: file already closed
zerolog: could not write event: write experiment-output/0000/slave-004/client-049.log: file already closed
zerolog: could not write event: write experiment-output/0000/slave-004/client-018.log: file already closed
zerolog: could not write event: write experiment-output/0000/slave-004/client-049.log: file already closed
zerolog: could not write event: write experiment-output/0000/slave-004/client-018.log: file already closed
zerolog: could not write event: write experiment-output/0000/slave-004/client-049.log: file already closed
zerolog: could not write event: write experiment-output/0000/slave-004/client-008.log: file already closed
zerolog: could not write event: write experiment-output/0000/slave-004/client-018.log: file already closed
zerolog: could not write event: write experiment-output/0000/slave-004/client-008.log: file already closed
zerolog: could not write event: write experiment-output/0000/slave-004/client-018.log: file already closed
zerolog: could not write event: write experiment-output/0000/slave-004/client-046.log: file already closed
zerolog: could not write event: write experiment-output/0000/slave-004/client-046.log: file already closed
zerolog: could not write event: write experiment-output/0000/slave-004/client-008.log: file already closed
zerolog: could not write event: write experiment-output/0000/slave-004/client-046.log: file already closed
zerolog: could not write event: write experiment-output/0000/slave-004/client-008.log: file already closed
zerolog: could not write event: write experiment-output/0000/slave-004/client-046.log: file already closed
zerolog: could not write event: write experiment-output/0000/slave-004/client-013.log: file already closed
zerolog: could not write event: write experiment-output/0000/slave-004/client-023.log: file already closed
zerolog: could not write event: write experiment-output/0000/slave-004/client-024.log: file already closed
zerolog: could not write event: write experiment-output/0000/slave-004/client-023.log: file already closed
zerolog: could not write event: write experiment-output/0000/slave-004/client-023.log: file already closed
zerolog: could not write event: write experiment-output/0000/slave-004/client-013.log: file already closed
zerolog: could not write event: write experiment-output/0000/slave-004/client-024.log: file already closed
zerolog: could not write event: write experiment-output/0000/slave-004/client-024.log: file already closed
zerolog: could not write event: write experiment-output/0000/slave-004/client-013.log: file already closed
zerolog: could not write event: write experiment-output/0000/slave-004/client-023.log: file already closed
zerolog: could not write event: write experiment-output/0000/slave-004/client-013.log: file already closed
zerolog: could not write event: write experiment-output/0000/slave-004/client-024.log: file already closed
18:03:53.481 INF Profile data written. filename=experiment-output/0000/slave-004/prof-client.cpu name=cpu
18:03:53.493 INF Profile data written. filename=experiment-output/0000/slave-004/prof-client.block name=block
18:03:53.499 INF Profile data written. filename=experiment-output/0000/slave-004/prof-client.mutex name=mutex
