{"level":"debug","Logging":"info","time":"2023-03-24T02:51:38Z","message":"Config"}
{"level":"debug","UseTLS":false,"time":"2023-03-24T02:51:38Z","message":"Config"}
{"level":"debug","CACertFile":"tls-data/ca.pem","time":"2023-03-24T02:51:38Z","message":"Config"}
{"level":"debug","KeyFile":"tls-data/auth.key","time":"2023-03-24T02:51:38Z","message":"Config"}
{"level":"debug","CertFile":"tls-data/auth.pem","time":"2023-03-24T02:51:38Z","message":"Config"}
{"level":"debug","PriorityConnections":2,"time":"2023-03-24T02:51:38Z","message":"Config"}
{"level":"debug","BasicConnections":1,"time":"2023-03-24T02:51:38Z","message":"Config"}
{"level":"debug","TestConnections":false,"time":"2023-03-24T02:51:38Z","message":"Config"}
{"level":"debug","ExcessConnections":1,"time":"2023-03-24T02:51:38Z","message":"Config"}
{"level":"debug","ConnectionTestMsgs":4,"time":"2023-03-24T02:51:38Z","message":"Config"}
{"level":"debug","ConnectionTestPayload":131072,"time":"2023-03-24T02:51:38Z","message":"Config"}
{"level":"debug","OutMessageBufsize":1024,"time":"2023-03-24T02:51:38Z","message":"Config"}
{"level":"debug","OutMessageBufsize":4,"time":"2023-03-24T02:51:38Z","message":"Config"}
{"level":"debug","ThroughputCap":131072000,"time":"2023-03-24T02:51:38Z","message":"Config"}
{"level":"debug","StragglerTolerance":1000,"time":"2023-03-24T02:51:38Z","message":"Config"}
{"level":"debug","BatchSizeIncrement":256,"time":"2023-03-24T02:51:38Z","message":"Config"}
{"level":"debug","Orderer":"Pbft","time":"2023-03-24T02:51:38Z","message":"Config"}
{"level":"debug","Manager":"Mir","time":"2023-03-24T02:51:38Z","message":"Config"}
{"level":"debug","Failures":0,"time":"2023-03-24T02:51:38Z","message":"Config"}
{"level":"debug","StragglerCnt":1,"time":"2023-03-24T02:51:38Z","message":"Config"}
{"level":"debug","PrivKeyCnt":10,"time":"2023-03-24T02:51:38Z","message":"Config"}
{"level":"debug","UseSig":false,"time":"2023-03-24T02:51:38Z","message":"Config"}
{"level":"debug","CrashTiming":"Straggler","time":"2023-03-24T02:51:38Z","message":"Config"}
{"level":"debug","CheckpointInterval":512,"time":"2023-03-24T02:51:38Z","message":"Config"}
{"level":"debug","WatermarkWindowSize":512,"time":"2023-03-24T02:51:38Z","message":"Config"}
{"level":"debug","EpochLength":512,"time":"2023-03-24T02:51:38Z","message":"Config"}
{"level":"debug","SegmentLength":32,"time":"2023-03-24T02:51:38Z","message":"Config"}
{"level":"debug","WaitForCheckpoints":true,"time":"2023-03-24T02:51:38Z","message":"Config"}
{"level":"debug","ClientWatermarkWindowSize":16384,"time":"2023-03-24T02:51:38Z","message":"Config"}
{"level":"debug","ClientRequestBacklogSize":16384,"time":"2023-03-24T02:51:38Z","message":"Config"}
{"level":"debug","RandomSeed":477,"time":"2023-03-24T02:51:38Z","message":"Config"}
{"level":"debug","NodeToLeaderRatio":1,"time":"2023-03-24T02:51:38Z","message":"Config"}
{"level":"debug","LeaderPolicy":"Simple","time":"2023-03-24T02:51:38Z","message":"Config"}
{"level":"debug","DefaultLeaderBan":2,"time":"2023-03-24T02:51:38Z","message":"Config"}
{"level":"debug","NumBuckets":256,"time":"2023-03-24T02:51:38Z","message":"Config"}
{"level":"debug","BatchSize":2000,"time":"2023-03-24T02:51:38Z","message":"Config"}
{"level":"debug","DisabledViewChange":false,"time":"2023-03-24T02:51:38Z","message":"Config"}
{"level":"debug","ViewChangeTimeout":60000,"time":"2023-03-24T02:51:38Z","message":"Config"}
{"level":"debug","ClientTraceSampling":10,"time":"2023-03-24T02:51:38Z","message":"Config"}
{"level":"debug","EventBufferSize":2097152,"time":"2023-03-24T02:51:38Z","message":"Config"}
{"level":"debug","TraceSampling":1,"time":"2023-03-24T02:51:38Z","message":"Config"}
{"level":"debug","ClientsPerProcess":8,"time":"2023-03-24T02:51:38Z","message":"Config"}
{"level":"debug","RequestsPerClient":7680,"time":"2023-03-24T02:51:38Z","message":"Config"}
{"level":"debug","ClientRunTime":15000,"time":"2023-03-24T02:51:38Z","message":"Config"}
{"level":"debug","RequestRate":256,"time":"2023-03-24T02:51:38Z","message":"Config"}
{"level":"debug","HardRequestRateLimit":false,"time":"2023-03-24T02:51:38Z","message":"Config"}
{"level":"debug","RequestPayloadSize":500,"time":"2023-03-24T02:51:38Z","message":"Config"}
{"level":"debug","SignRequests":true,"time":"2023-03-24T02:51:38Z","message":"Config"}
{"level":"debug","ClientPrivKeyFile":"tls-data/client-ecdsa-256.key","time":"2023-03-24T02:51:38Z","message":"Config"}
{"level":"debug","ClientPubKeyFile":"tls-data/client-ecdsa-256.pem","time":"2023-03-24T02:51:38Z","message":"Config"}
{"level":"debug","PrecomputeRequests":false,"time":"2023-03-24T02:51:38Z","message":"Config"}
{"level":"debug","RequestHandlerThreads":32,"time":"2023-03-24T02:51:38Z","message":"Config"}
{"level":"debug","RequestInputChannelBuffer":8192,"time":"2023-03-24T02:51:38Z","message":"Config"}
{"level":"debug","BatchVerifier":"external","time":"2023-03-24T02:51:38Z","message":"Config"}
02:51:38.059 INF Started Profiler: CPU
02:51:38.059 INF Started Profiler: BLOCK
02:51:38.059 INF Started Profiler: MUTEX
02:51:38.059 INF Starting clients. numClients=8 numRequests=7680
02:51:38.059 INF Initilizing clients.
02:51:38.455 INF Registared with discovery server. numOrderers=16 ownClientId=128
02:51:38.455 INF Registared with discovery server. numOrderers=16 ownClientId=133
02:51:38.457 INF Registared with discovery server. numOrderers=16 ownClientId=136
02:51:38.457 INF Registared with discovery server. numOrderers=16 ownClientId=140
02:51:38.458 INF Registared with discovery server. numOrderers=16 ownClientId=150
02:51:38.458 INF Registared with discovery server. numOrderers=16 ownClientId=154
02:51:38.459 INF Registared with discovery server. numOrderers=16 ownClientId=155
02:51:38.460 INF Registared with discovery server. numOrderers=16 ownClientId=161
02:51:38.460 INF Clients initialized.
02:51:38.460 INF Launching clients.
02:51:38.460 INF Waiting for clients.
02:52:31.621 INF Stopping Tracer. events=1541 fileName=experiment-output/0002/slave-025/client-155.trc
zerolog: could not write event: write experiment-output/0002/slave-025/client-155.log: file already closed
zerolog: could not write event: write experiment-output/0002/slave-025/client-155.log: file already closed
zerolog: could not write event: write experiment-output/0002/slave-025/client-155.log: file already closed
zerolog: could not write event: write experiment-output/0002/slave-025/client-155.log: file already closed
02:52:31.623 INF Trace data written.
02:52:31.629 INF Stopping Tracer. events=1542 fileName=experiment-output/0002/slave-025/client-133.trc
02:52:31.630 INF Stopping Tracer. events=2325 fileName=experiment-output/0002/slave-025/client-140.trc
zerolog: could not write event: write experiment-output/0002/slave-025/client-133.log: file already closed
zerolog: could not write event: write experiment-output/0002/slave-025/client-133.log: file already closed
zerolog: could not write event: write experiment-output/0002/slave-025/client-133.log: file already closed
zerolog: could not write event: write experiment-output/0002/slave-025/client-133.log: file already closed
zerolog: could not write event: write experiment-output/0002/slave-025/client-140.log: file already closed
zerolog: could not write event: write experiment-output/0002/slave-025/client-140.log: file already closed
zerolog: could not write event: write experiment-output/0002/slave-025/client-140.log: file already closed
zerolog: could not write event: write experiment-output/0002/slave-025/client-140.log: file already closed
02:52:31.633 INF Trace data written.
02:52:31.634 INF Stopping Tracer. events=2273 fileName=experiment-output/0002/slave-025/client-154.trc
02:52:31.634 INF Stopping Tracer. events=2292 fileName=experiment-output/0002/slave-025/client-128.trc
02:52:31.634 INF Stopping Tracer. events=2309 fileName=experiment-output/0002/slave-025/client-150.trc
zerolog: could not write event: write experiment-output/0002/slave-025/client-128.log: file already closed
zerolog: could not write event: write experiment-output/0002/slave-025/client-128.log: file already closed
zerolog: could not write event: write experiment-output/0002/slave-025/client-154.log: file already closed
zerolog: could not write event: write experiment-output/0002/slave-025/client-128.log: file already closed
zerolog: could not write event: write experiment-output/0002/slave-025/client-154.log: file already closed
zerolog: could not write event: write experiment-output/0002/slave-025/client-154.log: file already closed
02:52:31.634 INF Stopping Tracer. events=1542 fileName=experiment-output/0002/slave-025/client-161.trc
zerolog: could not write event: write experiment-output/0002/slave-025/client-154.log: file already closed
zerolog: could not write event: write experiment-output/0002/slave-025/client-128.log: file already closed
zerolog: could not write event: write experiment-output/0002/slave-025/client-150.log: file already closed
zerolog: could not write event: write experiment-output/0002/slave-025/client-150.log: file already closed
zerolog: could not write event: write experiment-output/0002/slave-025/client-161.log: file already closed
zerolog: could not write event: write experiment-output/0002/slave-025/client-161.log: file already closed
zerolog: could not write event: write experiment-output/0002/slave-025/client-161.log: file already closed
zerolog: could not write event: write experiment-output/0002/slave-025/client-150.log: file already closed
zerolog: could not write event: write experiment-output/0002/slave-025/client-150.log: file already closed
zerolog: could not write event: write experiment-output/0002/slave-025/client-161.log: file already closed
02:52:31.635 INF Trace data written.
02:52:31.638 INF Trace data written.
02:52:31.638 INF Trace data written.
02:52:31.638 INF Trace data written.
02:52:31.639 INF Trace data written.
02:52:31.639 INF Stopping Tracer. events=2325 fileName=experiment-output/0002/slave-025/client-136.trc
zerolog: could not write event: write experiment-output/0002/slave-025/client-136.log: file already closed
zerolog: could not write event: write experiment-output/0002/slave-025/client-136.log: file already closed
zerolog: could not write event: write experiment-output/0002/slave-025/client-136.log: file already closed
zerolog: could not write event: write experiment-output/0002/slave-025/client-136.log: file already closed
02:52:31.643 INF Trace data written.
02:52:31.643 INF Done.
02:52:31.643 INF Stopping profiler.
zerolog: could not write event: write experiment-output/0002/slave-025/client-155.log: file already closed
zerolog: could not write event: write experiment-output/0002/slave-025/client-140.log: file already closed
zerolog: could not write event: write experiment-output/0002/slave-025/client-140.log: file already closed
zerolog: could not write event: write experiment-output/0002/slave-025/client-133.log: file already closed
zerolog: could not write event: write experiment-output/0002/slave-025/client-133.log: file already closed
zerolog: could not write event: write experiment-output/0002/slave-025/client-140.log: file already closed
zerolog: could not write event: write experiment-output/0002/slave-025/client-155.log: file already closed
zerolog: could not write event: write experiment-output/0002/slave-025/client-155.log: file already closed
zerolog: could not write event: write experiment-output/0002/slave-025/client-154.log: file already closed
zerolog: could not write event: write experiment-output/0002/slave-025/client-128.log: file already closed
zerolog: could not write event: write experiment-output/0002/slave-025/client-150.log: file already closed
zerolog: could not write event: write experiment-output/0002/slave-025/client-150.log: file already closed
zerolog: could not write event: write experiment-output/0002/slave-025/client-155.log: file already closed
zerolog: could not write event: write experiment-output/0002/slave-025/client-154.log: file already closed
zerolog: could not write event: write experiment-output/0002/slave-025/client-154.log: file already closed
zerolog: could not write event: write experiment-output/0002/slave-025/client-161.log: file already closed
zerolog: could not write event: write experiment-output/0002/slave-025/client-161.log: file already closed
zerolog: could not write event: write experiment-output/0002/slave-025/client-136.log: file already closed
zerolog: could not write event: write experiment-output/0002/slave-025/client-136.log: file already closed
zerolog: could not write event: write experiment-output/0002/slave-025/client-140.log: file already closed
zerolog: could not write event: write experiment-output/0002/slave-025/client-133.log: file already closed
zerolog: could not write event: write experiment-output/0002/slave-025/client-133.log: file already closed
zerolog: could not write event: write experiment-output/0002/slave-025/client-128.log: file already closed
zerolog: could not write event: write experiment-output/0002/slave-025/client-150.log: file already closed
zerolog: could not write event: write experiment-output/0002/slave-025/client-128.log: file already closed
zerolog: could not write event: write experiment-output/0002/slave-025/client-161.log: file already closed
zerolog: could not write event: write experiment-output/0002/slave-025/client-161.log: file already closed
zerolog: could not write event: write experiment-output/0002/slave-025/client-128.log: file already closed
zerolog: could not write event: write experiment-output/0002/slave-025/client-154.log: file already closed
zerolog: could not write event: write experiment-output/0002/slave-025/client-150.log: file already closed
zerolog: could not write event: write experiment-output/0002/slave-025/client-136.log: file already closed
zerolog: could not write event: write experiment-output/0002/slave-025/client-155.log: file already closed
zerolog: could not write event: write experiment-output/0002/slave-025/client-155.log: file already closed
zerolog: could not write event: write experiment-output/0002/slave-025/client-136.log: file already closed
zerolog: could not write event: write experiment-output/0002/slave-025/client-155.log: file already closed
zerolog: could not write event: write experiment-output/0002/slave-025/client-155.log: file already closed
zerolog: could not write event: write experiment-output/0002/slave-025/client-140.log: file already closed
zerolog: could not write event: write experiment-output/0002/slave-025/client-140.log: file already closed
zerolog: could not write event: write experiment-output/0002/slave-025/client-133.log: file already closed
zerolog: could not write event: write experiment-output/0002/slave-025/client-133.log: file already closed
zerolog: could not write event: write experiment-output/0002/slave-025/client-133.log: file already closed
zerolog: could not write event: write experiment-output/0002/slave-025/client-140.log: file already closed
zerolog: could not write event: write experiment-output/0002/slave-025/client-133.log: file already closed
zerolog: could not write event: write experiment-output/0002/slave-025/client-140.log: file already closed
zerolog: could not write event: write experiment-output/0002/slave-025/client-154.log: file already closed
zerolog: could not write event: write experiment-output/0002/slave-025/client-128.log: file already closed
zerolog: could not write event: write experiment-output/0002/slave-025/client-128.log: file already closed
zerolog: could not write event: write experiment-output/0002/slave-025/client-154.log: file already closed
zerolog: could not write event: write experiment-output/0002/slave-025/client-128.log: file already closed
zerolog: could not write event: write experiment-output/0002/slave-025/client-154.log: file already closed
zerolog: could not write event: write experiment-output/0002/slave-025/client-161.log: file already closed
zerolog: could not write event: write experiment-output/0002/slave-025/client-154.log: file already closed
zerolog: could not write event: write experiment-output/0002/slave-025/client-150.log: file already closed
zerolog: could not write event: write experiment-output/0002/slave-025/client-150.log: file already closed
zerolog: could not write event: write experiment-output/0002/slave-025/client-161.log: file already closed
zerolog: could not write event: write experiment-output/0002/slave-025/client-161.log: file already closed
zerolog: could not write event: write experiment-output/0002/slave-025/client-128.log: file already closed
zerolog: could not write event: write experiment-output/0002/slave-025/client-161.log: file already closed
zerolog: could not write event: write experiment-output/0002/slave-025/client-150.log: file already closed
zerolog: could not write event: write experiment-output/0002/slave-025/client-150.log: file already closed
zerolog: could not write event: write experiment-output/0002/slave-025/client-136.log: file already closed
zerolog: could not write event: write experiment-output/0002/slave-025/client-136.log: file already closed
zerolog: could not write event: write experiment-output/0002/slave-025/client-136.log: file already closed
zerolog: could not write event: write experiment-output/0002/slave-025/client-136.log: file already closed
zerolog: could not write event: write experiment-output/0002/slave-025/client-155.log: file already closed
zerolog: could not write event: write experiment-output/0002/slave-025/client-155.log: file already closed
zerolog: could not write event: write experiment-output/0002/slave-025/client-155.log: file already closed
zerolog: could not write event: write experiment-output/0002/slave-025/client-155.log: file already closed
02:52:31.837 INF Profile data written. filename=experiment-output/0002/slave-025/prof-client.cpu name=cpu
zerolog: could not write event: write experiment-output/0002/slave-025/client-140.log: file already closed
zerolog: could not write event: write experiment-output/0002/slave-025/client-140.log: file already closed
zerolog: could not write event: write experiment-output/0002/slave-025/client-140.log: file already closed
zerolog: could not write event: write experiment-output/0002/slave-025/client-133.log: file already closed
zerolog: could not write event: write experiment-output/0002/slave-025/client-140.log: file already closed
zerolog: could not write event: write experiment-output/0002/slave-025/client-133.log: file already closed
zerolog: could not write event: write experiment-output/0002/slave-025/client-133.log: file already closed
zerolog: could not write event: write experiment-output/0002/slave-025/client-133.log: file already closed
zerolog: could not write event: write experiment-output/0002/slave-025/client-154.log: file already closed
zerolog: could not write event: write experiment-output/0002/slave-025/client-161.log: file already closed
zerolog: could not write event: write experiment-output/0002/slave-025/client-128.log: file already closed
zerolog: could not write event: write experiment-output/0002/slave-025/client-154.log: file already closed
zerolog: could not write event: write experiment-output/0002/slave-025/client-161.log: file already closed
zerolog: could not write event: write experiment-output/0002/slave-025/client-150.log: file already closed
zerolog: could not write event: write experiment-output/0002/slave-025/client-161.log: file already closed
zerolog: could not write event: write experiment-output/0002/slave-025/client-128.log: file already closed
zerolog: could not write event: write experiment-output/0002/slave-025/client-150.log: file already closed
zerolog: could not write event: write experiment-output/0002/slave-025/client-161.log: file already closed
zerolog: could not write event: write experiment-output/0002/slave-025/client-128.log: file already closed
zerolog: could not write event: write experiment-output/0002/slave-025/client-128.log: file already closed
zerolog: could not write event: write experiment-output/0002/slave-025/client-150.log: file already closed
zerolog: could not write event: write experiment-output/0002/slave-025/client-154.log: file already closed
zerolog: could not write event: write experiment-output/0002/slave-025/client-154.log: file already closed
zerolog: could not write event: write experiment-output/0002/slave-025/client-150.log: file already closed
zerolog: could not write event: write experiment-output/0002/slave-025/client-136.log: file already closed
zerolog: could not write event: write experiment-output/0002/slave-025/client-136.log: file already closed
zerolog: could not write event: write experiment-output/0002/slave-025/client-136.log: file already closed
zerolog: could not write event: write experiment-output/0002/slave-025/client-136.log: file already closed
02:52:31.857 INF Profile data written. filename=experiment-output/0002/slave-025/prof-client.block name=block
02:52:31.863 INF Profile data written. filename=experiment-output/0002/slave-025/prof-client.mutex name=mutex
