{"level":"debug","Logging":"info","time":"2023-03-26T05:49:43Z","message":"Config"}
{"level":"debug","UseTLS":false,"time":"2023-03-26T05:49:43Z","message":"Config"}
{"level":"debug","CACertFile":"tls-data/ca.pem","time":"2023-03-26T05:49:43Z","message":"Config"}
{"level":"debug","KeyFile":"tls-data/auth.key","time":"2023-03-26T05:49:43Z","message":"Config"}
{"level":"debug","CertFile":"tls-data/auth.pem","time":"2023-03-26T05:49:43Z","message":"Config"}
{"level":"debug","PriorityConnections":2,"time":"2023-03-26T05:49:43Z","message":"Config"}
{"level":"debug","BasicConnections":1,"time":"2023-03-26T05:49:43Z","message":"Config"}
{"level":"debug","TestConnections":false,"time":"2023-03-26T05:49:43Z","message":"Config"}
{"level":"debug","ExcessConnections":1,"time":"2023-03-26T05:49:43Z","message":"Config"}
{"level":"debug","ConnectionTestMsgs":4,"time":"2023-03-26T05:49:43Z","message":"Config"}
{"level":"debug","ConnectionTestPayload":131072,"time":"2023-03-26T05:49:43Z","message":"Config"}
{"level":"debug","OutMessageBufsize":1024,"time":"2023-03-26T05:49:43Z","message":"Config"}
{"level":"debug","OutMessageBufsize":4,"time":"2023-03-26T05:49:43Z","message":"Config"}
{"level":"debug","ThroughputCap":131072000,"time":"2023-03-26T05:49:43Z","message":"Config"}
{"level":"debug","StragglerTolerance":1000,"time":"2023-03-26T05:49:43Z","message":"Config"}
{"level":"debug","BatchSizeIncrement":256,"time":"2023-03-26T05:49:43Z","message":"Config"}
{"level":"debug","Orderer":"Pbft","time":"2023-03-26T05:49:43Z","message":"Config"}
{"level":"debug","Manager":"Mir","time":"2023-03-26T05:49:43Z","message":"Config"}
{"level":"debug","Failures":0,"time":"2023-03-26T05:49:43Z","message":"Config"}
{"level":"debug","StragglerCnt":0,"time":"2023-03-26T05:49:43Z","message":"Config"}
{"level":"debug","CrashTiming":"Straggler","time":"2023-03-26T05:49:43Z","message":"Config"}
{"level":"debug","CheckpointInterval":2048,"time":"2023-03-26T05:49:43Z","message":"Config"}
{"level":"debug","WatermarkWindowSize":2048,"time":"2023-03-26T05:49:43Z","message":"Config"}
{"level":"debug","EpochLength":2048,"time":"2023-03-26T05:49:43Z","message":"Config"}
{"level":"debug","SegmentLength":128,"time":"2023-03-26T05:49:43Z","message":"Config"}
{"level":"debug","WaitForCheckpoints":true,"time":"2023-03-26T05:49:43Z","message":"Config"}
{"level":"debug","ClientWatermarkWindowSize":49152,"time":"2023-03-26T05:49:43Z","message":"Config"}
{"level":"debug","ClientRequestBacklogSize":49152,"time":"2023-03-26T05:49:43Z","message":"Config"}
{"level":"debug","RandomSeed":4907,"time":"2023-03-26T05:49:43Z","message":"Config"}
{"level":"debug","NodeToLeaderRatio":1,"time":"2023-03-26T05:49:43Z","message":"Config"}
{"level":"debug","LeaderPolicy":"Simple","time":"2023-03-26T05:49:43Z","message":"Config"}
{"level":"debug","DefaultLeaderBan":2,"time":"2023-03-26T05:49:43Z","message":"Config"}
{"level":"debug","NumBuckets":256,"time":"2023-03-26T05:49:43Z","message":"Config"}
{"level":"debug","BatchSize":1000,"time":"2023-03-26T05:49:43Z","message":"Config"}
{"level":"debug","DisabledViewChange":false,"time":"2023-03-26T05:49:43Z","message":"Config"}
{"level":"debug","ViewChangeTimeout":60000,"time":"2023-03-26T05:49:43Z","message":"Config"}
{"level":"debug","ClientTraceSampling":10,"time":"2023-03-26T05:49:43Z","message":"Config"}
{"level":"debug","EventBufferSize":2097152,"time":"2023-03-26T05:49:43Z","message":"Config"}
{"level":"debug","TraceSampling":1,"time":"2023-03-26T05:49:43Z","message":"Config"}
{"level":"debug","ClientsPerProcess":8,"time":"2023-03-26T05:49:43Z","message":"Config"}
{"level":"debug","RequestsPerClient":3515,"time":"2023-03-26T05:49:43Z","message":"Config"}
{"level":"debug","ClientRunTime":15000,"time":"2023-03-26T05:49:43Z","message":"Config"}
{"level":"debug","RequestRate":117,"time":"2023-03-26T05:49:43Z","message":"Config"}
{"level":"debug","HardRequestRateLimit":false,"time":"2023-03-26T05:49:43Z","message":"Config"}
{"level":"debug","RequestPayloadSize":500,"time":"2023-03-26T05:49:43Z","message":"Config"}
{"level":"debug","SignRequests":true,"time":"2023-03-26T05:49:43Z","message":"Config"}
{"level":"debug","ClientPrivKeyFile":"tls-data/client-ecdsa-256.key","time":"2023-03-26T05:49:43Z","message":"Config"}
{"level":"debug","ClientPubKeyFile":"tls-data/client-ecdsa-256.pem","time":"2023-03-26T05:49:43Z","message":"Config"}
{"level":"debug","PrecomputeRequests":false,"time":"2023-03-26T05:49:43Z","message":"Config"}
{"level":"debug","RequestHandlerThreads":32,"time":"2023-03-26T05:49:43Z","message":"Config"}
{"level":"debug","RequestInputChannelBuffer":8192,"time":"2023-03-26T05:49:43Z","message":"Config"}
{"level":"debug","BatchVerifier":"external","time":"2023-03-26T05:49:43Z","message":"Config"}
05:49:43.890 INF Started Profiler: CPU
05:49:43.890 INF Started Profiler: BLOCK
05:49:43.890 INF Started Profiler: MUTEX
05:49:43.890 INF Starting clients. numClients=8 numRequests=3515
05:49:43.890 INF Initilizing clients.
05:49:44.313 INF Registared with discovery server. numOrderers=16 ownClientId=156
05:49:44.313 INF Registared with discovery server. numOrderers=16 ownClientId=154
05:49:44.314 INF Registared with discovery server. numOrderers=16 ownClientId=179
05:49:44.314 INF Registared with discovery server. numOrderers=16 ownClientId=178
05:49:44.314 INF Registared with discovery server. numOrderers=16 ownClientId=177
05:49:44.314 INF Registared with discovery server. numOrderers=16 ownClientId=171
05:49:44.315 INF Registared with discovery server. numOrderers=16 ownClientId=174
05:49:44.316 INF Registared with discovery server. numOrderers=16 ownClientId=191
05:49:44.316 INF Clients initialized.
05:49:44.316 INF Launching clients.
05:49:44.316 INF Waiting for clients.
05:50:02.419 INF Stopping Tracer. events=1113 fileName=experiment-output/0000/slave-033/client-171.trc
zerolog: could not write event: write experiment-output/0000/slave-033/client-171.log: file already closed
zerolog: could not write event: write experiment-output/0000/slave-033/client-171.log: file already closed
zerolog: could not write event: write experiment-output/0000/slave-033/client-171.log: file already closed
zerolog: could not write event: write experiment-output/0000/slave-033/client-171.log: file already closed
05:50:02.421 INF Trace data written.
05:50:02.444 INF Stopping Tracer. events=712 fileName=experiment-output/0000/slave-033/client-154.trc
zerolog: could not write event: write experiment-output/0000/slave-033/client-154.log: file already closed
zerolog: could not write event: write experiment-output/0000/slave-033/client-154.log: file already closed
05:50:02.444 INF Stopping Tracer. events=712 fileName=experiment-output/0000/slave-033/client-156.trc
zerolog: could not write event: write experiment-output/0000/slave-033/client-156.log: file already closed
zerolog: could not write event: write experiment-output/0000/slave-033/client-154.log: file already closed
zerolog: could not write event: write experiment-output/0000/slave-033/client-156.log: file already closed
zerolog: could not write event: write experiment-output/0000/slave-033/client-156.log: file already closed
zerolog: could not write event: write experiment-output/0000/slave-033/client-156.log: file already closed
zerolog: could not write event: write experiment-output/0000/slave-033/client-154.log: file already closed
05:50:02.445 INF Trace data written.
05:50:02.445 INF Trace data written.
05:50:02.456 INF Stopping Tracer. events=944 fileName=experiment-output/0000/slave-033/client-177.trc
05:50:02.456 INF Stopping Tracer. events=716 fileName=experiment-output/0000/slave-033/client-174.trc
05:50:02.456 INF Stopping Tracer. events=1174 fileName=experiment-output/0000/slave-033/client-191.trc
zerolog: could not write event: write experiment-output/0000/slave-033/client-177.log: file already closed
zerolog: could not write event: write experiment-output/0000/slave-033/client-177.log: file already closed
zerolog: could not write event: write experiment-output/0000/slave-033/client-177.log: file already closed
zerolog: could not write event: write experiment-output/0000/slave-033/client-191.log: file already closed
zerolog: could not write event: write experiment-output/0000/slave-033/client-177.log: file already closed
zerolog: could not write event: write experiment-output/0000/slave-033/client-174.log: file already closed
zerolog: could not write event: write experiment-output/0000/slave-033/client-174.log: file already closed
05:50:02.457 INF Stopping Tracer. events=716 fileName=experiment-output/0000/slave-033/client-178.trc
zerolog: could not write event: write experiment-output/0000/slave-033/client-174.log: file already closed
zerolog: could not write event: write experiment-output/0000/slave-033/client-191.log: file already closed
zerolog: could not write event: write experiment-output/0000/slave-033/client-191.log: file already closed
zerolog: could not write event: write experiment-output/0000/slave-033/client-174.log: file already closed
zerolog: could not write event: write experiment-output/0000/slave-033/client-178.log: file already closed
zerolog: could not write event: write experiment-output/0000/slave-033/client-178.log: file already closed
zerolog: could not write event: write experiment-output/0000/slave-033/client-178.log: file already closed
zerolog: could not write event: write experiment-output/0000/slave-033/client-178.log: file already closed
zerolog: could not write event: write experiment-output/0000/slave-033/client-191.log: file already closed
05:50:02.458 INF Trace data written.
05:50:02.458 INF Trace data written.
05:50:02.458 INF Trace data written.
05:50:02.459 INF Trace data written.
05:50:02.464 INF Stopping Tracer. events=921 fileName=experiment-output/0000/slave-033/client-179.trc
zerolog: could not write event: write experiment-output/0000/slave-033/client-179.log: file already closed
zerolog: could not write event: write experiment-output/0000/slave-033/client-179.log: file already closed
zerolog: could not write event: write experiment-output/0000/slave-033/client-179.log: file already closed
zerolog: could not write event: write experiment-output/0000/slave-033/client-179.log: file already closed
05:50:02.465 INF Trace data written.
05:50:02.465 INF Done.
05:50:02.465 INF Stopping profiler.
zerolog: could not write event: write experiment-output/0000/slave-033/client-171.log: file already closed
zerolog: could not write event: write experiment-output/0000/slave-033/client-171.log: file already closed
zerolog: could not write event: write experiment-output/0000/slave-033/client-171.log: file already closed
zerolog: could not write event: write experiment-output/0000/slave-033/client-171.log: file already closed
zerolog: could not write event: write experiment-output/0000/slave-033/client-154.log: file already closed
zerolog: could not write event: write experiment-output/0000/slave-033/client-154.log: file already closed
zerolog: could not write event: write experiment-output/0000/slave-033/client-156.log: file already closed
zerolog: could not write event: write experiment-output/0000/slave-033/client-156.log: file already closed
zerolog: could not write event: write experiment-output/0000/slave-033/client-171.log: file already closed
zerolog: could not write event: write experiment-output/0000/slave-033/client-171.log: file already closed
zerolog: could not write event: write experiment-output/0000/slave-033/client-171.log: file already closed
zerolog: could not write event: write experiment-output/0000/slave-033/client-171.log: file already closed
zerolog: could not write event: write experiment-output/0000/slave-033/client-191.log: file already closed
zerolog: could not write event: write experiment-output/0000/slave-033/client-191.log: file already closed
zerolog: could not write event: write experiment-output/0000/slave-033/client-174.log: file already closed
zerolog: could not write event: write experiment-output/0000/slave-033/client-154.log: file already closed
zerolog: could not write event: write experiment-output/0000/slave-033/client-156.log: file already closed
zerolog: could not write event: write experiment-output/0000/slave-033/client-178.log: file already closed
zerolog: could not write event: write experiment-output/0000/slave-033/client-154.log: file already closed
zerolog: could not write event: write experiment-output/0000/slave-033/client-177.log: file already closed
zerolog: could not write event: write experiment-output/0000/slave-033/client-191.log: file already closed
zerolog: could not write event: write experiment-output/0000/slave-033/client-174.log: file already closed
zerolog: could not write event: write experiment-output/0000/slave-033/client-174.log: file already closed
zerolog: could not write event: write experiment-output/0000/slave-033/client-191.log: file already closed
zerolog: could not write event: write experiment-output/0000/slave-033/client-156.log: file already closed
zerolog: could not write event: write experiment-output/0000/slave-033/client-179.log: file already closed
zerolog: could not write event: write experiment-output/0000/slave-033/client-179.log: file already closed
zerolog: could not write event: write experiment-output/0000/slave-033/client-179.log: file already closed
zerolog: could not write event: write experiment-output/0000/slave-033/client-177.log: file already closed
zerolog: could not write event: write experiment-output/0000/slave-033/client-177.log: file already closed
zerolog: could not write event: write experiment-output/0000/slave-033/client-178.log: file already closed
zerolog: could not write event: write experiment-output/0000/slave-033/client-174.log: file already closed
zerolog: could not write event: write experiment-output/0000/slave-033/client-178.log: file already closed
zerolog: could not write event: write experiment-output/0000/slave-033/client-177.log: file already closed
zerolog: could not write event: write experiment-output/0000/slave-033/client-178.log: file already closed
zerolog: could not write event: write experiment-output/0000/slave-033/client-156.log: file already closed
zerolog: could not write event: write experiment-output/0000/slave-033/client-156.log: file already closed
zerolog: could not write event: write experiment-output/0000/slave-033/client-156.log: file already closed
zerolog: could not write event: write experiment-output/0000/slave-033/client-154.log: file already closed
zerolog: could not write event: write experiment-output/0000/slave-033/client-154.log: file already closed
zerolog: could not write event: write experiment-output/0000/slave-033/client-154.log: file already closed
zerolog: could not write event: write experiment-output/0000/slave-033/client-156.log: file already closed
zerolog: could not write event: write experiment-output/0000/slave-033/client-154.log: file already closed
zerolog: could not write event: write experiment-output/0000/slave-033/client-179.log: file already closed
zerolog: could not write event: write experiment-output/0000/slave-033/client-177.log: file already closed
zerolog: could not write event: write experiment-output/0000/slave-033/client-177.log: file already closed
zerolog: could not write event: write experiment-output/0000/slave-033/client-191.log: file already closed
zerolog: could not write event: write experiment-output/0000/slave-033/client-178.log: file already closed
zerolog: could not write event: write experiment-output/0000/slave-033/client-174.log: file already closed
zerolog: could not write event: write experiment-output/0000/slave-033/client-178.log: file already closed
zerolog: could not write event: write experiment-output/0000/slave-033/client-177.log: file already closed
zerolog: could not write event: write experiment-output/0000/slave-033/client-174.log: file already closed
zerolog: could not write event: write experiment-output/0000/slave-033/client-191.log: file already closed
zerolog: could not write event: write experiment-output/0000/slave-033/client-177.log: file already closed
zerolog: could not write event: write experiment-output/0000/slave-033/client-178.log: file already closed
zerolog: could not write event: write experiment-output/0000/slave-033/client-174.log: file already closed
zerolog: could not write event: write experiment-output/0000/slave-033/client-191.log: file already closed
zerolog: could not write event: write experiment-output/0000/slave-033/client-191.log: file already closed
zerolog: could not write event: write experiment-output/0000/slave-033/client-174.log: file already closed
zerolog: could not write event: write experiment-output/0000/slave-033/client-178.log: file already closed
zerolog: could not write event: write experiment-output/0000/slave-033/client-179.log: file already closed
zerolog: could not write event: write experiment-output/0000/slave-033/client-179.log: file already closed
zerolog: could not write event: write experiment-output/0000/slave-033/client-179.log: file already closed
zerolog: could not write event: write experiment-output/0000/slave-033/client-179.log: file already closed
zerolog: could not write event: write experiment-output/0000/slave-033/client-171.log: file already closed
zerolog: could not write event: write experiment-output/0000/slave-033/client-171.log: file already closed
zerolog: could not write event: write experiment-output/0000/slave-033/client-171.log: file already closed
zerolog: could not write event: write experiment-output/0000/slave-033/client-171.log: file already closed
05:50:02.654 INF Profile data written. filename=experiment-output/0000/slave-033/prof-client.cpu name=cpu
zerolog: could not write event: write experiment-output/0000/slave-033/client-156.log: file already closed
zerolog: could not write event: write experiment-output/0000/slave-033/client-156.log: file already closed
zerolog: could not write event: write experiment-output/0000/slave-033/client-154.log: file already closed
zerolog: could not write event: write experiment-output/0000/slave-033/client-156.log: file already closed
zerolog: could not write event: write experiment-output/0000/slave-033/client-154.log: file already closed
zerolog: could not write event: write experiment-output/0000/slave-033/client-156.log: file already closed
zerolog: could not write event: write experiment-output/0000/slave-033/client-154.log: file already closed
zerolog: could not write event: write experiment-output/0000/slave-033/client-154.log: file already closed
zerolog: could not write event: write experiment-output/0000/slave-033/client-174.log: file already closed
zerolog: could not write event: write experiment-output/0000/slave-033/client-178.log: file already closed
zerolog: could not write event: write experiment-output/0000/slave-033/client-174.log: file already closed
zerolog: could not write event: write experiment-output/0000/slave-033/client-191.log: file already closed
zerolog: could not write event: write experiment-output/0000/slave-033/client-177.log: file already closed
zerolog: could not write event: write experiment-output/0000/slave-033/client-177.log: file already closed
zerolog: could not write event: write experiment-output/0000/slave-033/client-191.log: file already closed
zerolog: could not write event: write experiment-output/0000/slave-033/client-174.log: file already closed
zerolog: could not write event: write experiment-output/0000/slave-033/client-177.log: file already closed
zerolog: could not write event: write experiment-output/0000/slave-033/client-191.log: file already closed
zerolog: could not write event: write experiment-output/0000/slave-033/client-174.log: file already closed
zerolog: could not write event: write experiment-output/0000/slave-033/client-178.log: file already closed
zerolog: could not write event: write experiment-output/0000/slave-033/client-178.log: file already closed
zerolog: could not write event: write experiment-output/0000/slave-033/client-178.log: file already closed
zerolog: could not write event: write experiment-output/0000/slave-033/client-191.log: file already closed
zerolog: could not write event: write experiment-output/0000/slave-033/client-177.log: file already closed
05:50:02.673 INF Profile data written. filename=experiment-output/0000/slave-033/prof-client.block name=block
zerolog: could not write event: write experiment-output/0000/slave-033/client-179.log: file already closed
zerolog: could not write event: write experiment-output/0000/slave-033/client-179.log: file already closed
zerolog: could not write event: write experiment-output/0000/slave-033/client-179.log: file already closed
zerolog: could not write event: write experiment-output/0000/slave-033/client-179.log: file already closed
05:50:02.680 INF Profile data written. filename=experiment-output/0000/slave-033/prof-client.mutex name=mutex
