{"level":"debug","Logging":"info","time":"2023-07-11T07:24:17Z","message":"Config"}
{"level":"debug","UseTLS":false,"time":"2023-07-11T07:24:17Z","message":"Config"}
{"level":"debug","CACertFile":"tls-data/ca.pem","time":"2023-07-11T07:24:17Z","message":"Config"}
{"level":"debug","KeyFile":"tls-data/auth.key","time":"2023-07-11T07:24:17Z","message":"Config"}
{"level":"debug","CertFile":"tls-data/auth.pem","time":"2023-07-11T07:24:17Z","message":"Config"}
{"level":"debug","PriorityConnections":2,"time":"2023-07-11T07:24:17Z","message":"Config"}
{"level":"debug","BasicConnections":1,"time":"2023-07-11T07:24:17Z","message":"Config"}
{"level":"debug","TestConnections":false,"time":"2023-07-11T07:24:17Z","message":"Config"}
{"level":"debug","ExcessConnections":1,"time":"2023-07-11T07:24:17Z","message":"Config"}
{"level":"debug","ConnectionTestMsgs":4,"time":"2023-07-11T07:24:17Z","message":"Config"}
{"level":"debug","ConnectionTestPayload":131072,"time":"2023-07-11T07:24:17Z","message":"Config"}
{"level":"debug","OutMessageBufsize":1024,"time":"2023-07-11T07:24:17Z","message":"Config"}
{"level":"debug","OutMessageBufsize":8,"time":"2023-07-11T07:24:17Z","message":"Config"}
{"level":"debug","ThroughputCap":131072000,"time":"2023-07-11T07:24:17Z","message":"Config"}
{"level":"debug","StragglerTolerance":1000,"time":"2023-07-11T07:24:17Z","message":"Config"}
{"level":"debug","BatchSizeIncrement":256,"time":"2023-07-11T07:24:17Z","message":"Config"}
{"level":"debug","Orderer":"Pbft","time":"2023-07-11T07:24:17Z","message":"Config"}
{"level":"debug","Manager":"Mir","time":"2023-07-11T07:24:17Z","message":"Config"}
{"level":"debug","Failures":0,"time":"2023-07-11T07:24:17Z","message":"Config"}
{"level":"debug","StragglerCnt":0,"time":"2023-07-11T07:24:17Z","message":"Config"}
{"level":"debug","CrashTiming":"Straggler","time":"2023-07-11T07:24:17Z","message":"Config"}
{"level":"debug","CheckpointInterval":2048,"time":"2023-07-11T07:24:17Z","message":"Config"}
{"level":"debug","WatermarkWindowSize":2048,"time":"2023-07-11T07:24:17Z","message":"Config"}
{"level":"debug","EpochLength":2048,"time":"2023-07-11T07:24:17Z","message":"Config"}
{"level":"debug","SegmentLength":64,"time":"2023-07-11T07:24:17Z","message":"Config"}
{"level":"debug","WaitForCheckpoints":true,"time":"2023-07-11T07:24:17Z","message":"Config"}
{"level":"debug","ClientWatermarkWindowSize":49152,"time":"2023-07-11T07:24:17Z","message":"Config"}
{"level":"debug","ClientRequestBacklogSize":49152,"time":"2023-07-11T07:24:17Z","message":"Config"}
{"level":"debug","RandomSeed":26123,"time":"2023-07-11T07:24:17Z","message":"Config"}
{"level":"debug","NodeToLeaderRatio":1,"time":"2023-07-11T07:24:17Z","message":"Config"}
{"level":"debug","LeaderPolicy":"Simple","time":"2023-07-11T07:24:17Z","message":"Config"}
{"level":"debug","DefaultLeaderBan":2,"time":"2023-07-11T07:24:17Z","message":"Config"}
{"level":"debug","NumBuckets":512,"time":"2023-07-11T07:24:17Z","message":"Config"}
{"level":"debug","BatchSize":4000,"time":"2023-07-11T07:24:17Z","message":"Config"}
{"level":"debug","DisabledViewChange":false,"time":"2023-07-11T07:24:17Z","message":"Config"}
{"level":"debug","ViewChangeTimeout":60000,"time":"2023-07-11T07:24:17Z","message":"Config"}
{"level":"debug","ClientTraceSampling":10,"time":"2023-07-11T07:24:17Z","message":"Config"}
{"level":"debug","EventBufferSize":2097152,"time":"2023-07-11T07:24:17Z","message":"Config"}
{"level":"debug","TraceSampling":1,"time":"2023-07-11T07:24:17Z","message":"Config"}
{"level":"debug","ClientsPerProcess":8,"time":"2023-07-11T07:24:17Z","message":"Config"}
{"level":"debug","RequestsPerClient":4101,"time":"2023-07-11T07:24:17Z","message":"Config"}
{"level":"debug","ClientRunTime":15000,"time":"2023-07-11T07:24:17Z","message":"Config"}
{"level":"debug","RequestRate":136,"time":"2023-07-11T07:24:17Z","message":"Config"}
{"level":"debug","HardRequestRateLimit":false,"time":"2023-07-11T07:24:17Z","message":"Config"}
{"level":"debug","RequestPayloadSize":500,"time":"2023-07-11T07:24:17Z","message":"Config"}
{"level":"debug","SignRequests":true,"time":"2023-07-11T07:24:17Z","message":"Config"}
{"level":"debug","ClientPrivKeyFile":"tls-data/client-ecdsa-256.key","time":"2023-07-11T07:24:17Z","message":"Config"}
{"level":"debug","ClientPubKeyFile":"tls-data/client-ecdsa-256.pem","time":"2023-07-11T07:24:17Z","message":"Config"}
{"level":"debug","PrecomputeRequests":false,"time":"2023-07-11T07:24:17Z","message":"Config"}
{"level":"debug","RequestHandlerThreads":32,"time":"2023-07-11T07:24:17Z","message":"Config"}
{"level":"debug","RequestInputChannelBuffer":8192,"time":"2023-07-11T07:24:17Z","message":"Config"}
{"level":"debug","BatchVerifier":"external","time":"2023-07-11T07:24:17Z","message":"Config"}
07:24:17.331 INF Started Profiler: CPU
07:24:17.331 INF Started Profiler: BLOCK
07:24:17.331 INF Started Profiler: MUTEX
07:24:17.331 INF Starting clients. numClients=8 numRequests=4101
07:24:17.331 INF Initilizing clients.
07:24:17.604 INF Registared with discovery server. numOrderers=32 ownClientId=25
07:24:17.616 INF Registared with discovery server. numOrderers=32 ownClientId=23
07:24:17.617 INF Registared with discovery server. numOrderers=32 ownClientId=58
07:24:17.622 INF Registared with discovery server. numOrderers=32 ownClientId=13
07:24:17.639 INF Registared with discovery server. numOrderers=32 ownClientId=57
07:24:17.650 INF Registared with discovery server. numOrderers=32 ownClientId=121
07:24:17.657 INF Registared with discovery server. numOrderers=32 ownClientId=177
07:24:17.665 INF Registared with discovery server. numOrderers=32 ownClientId=138
07:24:17.665 INF Clients initialized.
07:24:17.665 INF Launching clients.
07:24:17.665 INF Waiting for clients.
07:24:37.285 INF Stopping Tracer. events=833 fileName=experiment-output/0001/slave-009/client-138.trc
07:24:37.287 INF Trace data written.
07:24:37.298 INF Stopping Tracer. events=939 fileName=experiment-output/0001/slave-009/client-057.trc
07:24:37.300 INF Stopping Tracer. events=1419 fileName=experiment-output/0001/slave-009/client-023.trc
07:24:37.300 INF Trace data written.
07:24:37.302 INF Stopping Tracer. events=1374 fileName=experiment-output/0001/slave-009/client-025.trc
07:24:37.302 INF Stopping Tracer. events=1415 fileName=experiment-output/0001/slave-009/client-013.trc
07:24:37.303 INF Trace data written.
07:24:37.305 INF Trace data written.
07:24:37.305 INF Trace data written.
07:24:37.314 INF Stopping Tracer. events=827 fileName=experiment-output/0001/slave-009/client-058.trc
07:24:37.316 INF Trace data written.
07:24:37.330 INF Stopping Tracer. events=1203 fileName=experiment-output/0001/slave-009/client-177.trc
07:24:37.333 INF Trace data written.
zerolog: could not write event: write experiment-output/0001/slave-009/client-138.log: file already closed
zerolog: could not write event: write experiment-output/0001/slave-009/client-025.log: file already closed
zerolog: could not write event: write experiment-output/0001/slave-009/client-138.log: file already closed
zerolog: could not write event: write experiment-output/0001/slave-009/client-138.log: file already closed
zerolog: could not write event: write experiment-output/0001/slave-009/client-138.log: file already closed
zerolog: could not write event: write experiment-output/0001/slave-009/client-138.log: file already closed
zerolog: could not write event: write experiment-output/0001/slave-009/client-057.log: file already closed
zerolog: could not write event: write experiment-output/0001/slave-009/client-138.log: file already closed
zerolog: could not write event: write experiment-output/0001/slave-009/client-138.log: file already closed
zerolog: could not write event: write experiment-output/0001/slave-009/client-023.log: file already closed
zerolog: could not write event: write experiment-output/0001/slave-009/client-023.log: file already closed
zerolog: could not write event: write experiment-output/0001/slave-009/client-138.log: file already closed
zerolog: could not write event: write experiment-output/0001/slave-009/client-138.log: file already closed
zerolog: could not write event: write experiment-output/0001/slave-009/client-013.log: file already closed
zerolog: could not write event: write experiment-output/0001/slave-009/client-138.log: file already closed
zerolog: could not write event: write experiment-output/0001/slave-009/client-138.log: file already closed
zerolog: could not write event: write experiment-output/0001/slave-009/client-138.log: file already closed
zerolog: could not write event: write experiment-output/0001/slave-009/client-138.log: file already closed
zerolog: could not write event: write experiment-output/0001/slave-009/client-138.log: file already closed
zerolog: could not write event: write experiment-output/0001/slave-009/client-023.log: file already closed
zerolog: could not write event: write experiment-output/0001/slave-009/client-138.log: file already closed
zerolog: could not write event: write experiment-output/0001/slave-009/client-023.log: file already closed
zerolog: could not write event: write experiment-output/0001/slave-009/client-023.log: file already closed
zerolog: could not write event: write experiment-output/0001/slave-009/client-025.log: file already closed
zerolog: could not write event: write experiment-output/0001/slave-009/client-058.log: file already closed
zerolog: could not write event: write experiment-output/0001/slave-009/client-013.log: file already closed
zerolog: could not write event: write experiment-output/0001/slave-009/client-057.log: file already closed
zerolog: could not write event: write experiment-output/0001/slave-009/client-023.log: file already closed
zerolog: could not write event: write experiment-output/0001/slave-009/client-138.log: file already closed
zerolog: could not write event: write experiment-output/0001/slave-009/client-057.log: file already closed
zerolog: could not write event: write experiment-output/0001/slave-009/client-023.log: file already closed
zerolog: could not write event: write experiment-output/0001/slave-009/client-057.log: file already closed
zerolog: could not write event: write experiment-output/0001/slave-009/client-057.log: file already closed
zerolog: could not write event: write experiment-output/0001/slave-009/client-057.log: file already closed
zerolog: could not write event: write experiment-output/0001/slave-009/client-058.log: file already closed
zerolog: could not write event: write experiment-output/0001/slave-009/client-057.log: file already closed
zerolog: could not write event: write experiment-output/0001/slave-009/client-013.log: file already closed
zerolog: could not write event: write experiment-output/0001/slave-009/client-057.log: file already closed
zerolog: could not write event: write experiment-output/0001/slave-009/client-138.log: file already closed
zerolog: could not write event: write experiment-output/0001/slave-009/client-058.log: file already closed
zerolog: could not write event: write experiment-output/0001/slave-009/client-138.log: file already closed
zerolog: could not write event: write experiment-output/0001/slave-009/client-138.log: file already closed
zerolog: could not write event: write experiment-output/0001/slave-009/client-057.log: file already closed
zerolog: could not write event: write experiment-output/0001/slave-009/client-058.log: file already closed
zerolog: could not write event: write experiment-output/0001/slave-009/client-057.log: file already closed
zerolog: could not write event: write experiment-output/0001/slave-009/client-057.log: file already closed
zerolog: could not write event: write experiment-output/0001/slave-009/client-057.log: file already closed
zerolog: could not write event: write experiment-output/0001/slave-009/client-013.log: file already closed
zerolog: could not write event: write experiment-output/0001/slave-009/client-138.log: file already closed
zerolog: could not write event: write experiment-output/0001/slave-009/client-058.log: file already closed
zerolog: could not write event: write experiment-output/0001/slave-009/client-023.log: file already closed
zerolog: could not write event: write experiment-output/0001/slave-009/client-023.log: file already closed
zerolog: could not write event: write experiment-output/0001/slave-009/client-025.log: file already closed
zerolog: could not write event: write experiment-output/0001/slave-009/client-025.log: file already closed
zerolog: could not write event: write experiment-output/0001/slave-009/client-023.log: file already closed
zerolog: could not write event: write experiment-output/0001/slave-009/client-023.log: file already closed
zerolog: could not write event: write experiment-output/0001/slave-009/client-023.log: file already closed
zerolog: could not write event: write experiment-output/0001/slave-009/client-057.log: file already closed
zerolog: could not write event: write experiment-output/0001/slave-009/client-138.log: file already closed
zerolog: could not write event: write experiment-output/0001/slave-009/client-025.log: file already closed
zerolog: could not write event: write experiment-output/0001/slave-009/client-025.log: file already closed
zerolog: could not write event: write experiment-output/0001/slave-009/client-138.log: file already closed
zerolog: could not write event: write experiment-output/0001/slave-009/client-013.log: file already closed
zerolog: could not write event: write experiment-output/0001/slave-009/client-013.log: file already closed
zerolog: could not write event: write experiment-output/0001/slave-009/client-138.log: file already closed
zerolog: could not write event: write experiment-output/0001/slave-009/client-138.log: file already closed
zerolog: could not write event: write experiment-output/0001/slave-009/client-013.log: file already closed
zerolog: could not write event: write experiment-output/0001/slave-009/client-025.log: file already closed
zerolog: could not write event: write experiment-output/0001/slave-009/client-058.log: file already closed
zerolog: could not write event: write experiment-output/0001/slave-009/client-057.log: file already closed
zerolog: could not write event: write experiment-output/0001/slave-009/client-057.log: file already closed
zerolog: could not write event: write experiment-output/0001/slave-009/client-177.log: file already closed
zerolog: could not write event: write experiment-output/0001/slave-009/client-025.log: file already closed
zerolog: could not write event: write experiment-output/0001/slave-009/client-138.log: file already closed
zerolog: could not write event: write experiment-output/0001/slave-009/client-138.log: file already closed
zerolog: could not write event: write experiment-output/0001/slave-009/client-023.log: file already closed
zerolog: could not write event: write experiment-output/0001/slave-009/client-025.log: file already closed
zerolog: could not write event: write experiment-output/0001/slave-009/client-025.log: file already closed
zerolog: could not write event: write experiment-output/0001/slave-009/client-013.log: file already closed
zerolog: could not write event: write experiment-output/0001/slave-009/client-057.log: file already closed
zerolog: could not write event: write experiment-output/0001/slave-009/client-013.log: file already closed
zerolog: could not write event: write experiment-output/0001/slave-009/client-013.log: file already closed
zerolog: could not write event: write experiment-output/0001/slave-009/client-023.log: file already closed
zerolog: could not write event: write experiment-output/0001/slave-009/client-013.log: file already closed
zerolog: could not write event: write experiment-output/0001/slave-009/client-058.log: file already closed
zerolog: could not write event: write experiment-output/0001/slave-009/client-138.log: file already closed
zerolog: could not write event: write experiment-output/0001/slave-009/client-013.log: file already closed
zerolog: could not write event: write experiment-output/0001/slave-009/client-057.log: file already closed
zerolog: could not write event: write experiment-output/0001/slave-009/client-025.log: file already closed
zerolog: could not write event: write experiment-output/0001/slave-009/client-058.log: file already closed
zerolog: could not write event: write experiment-output/0001/slave-009/client-025.log: file already closed
zerolog: could not write event: write experiment-output/0001/slave-009/client-013.log: file already closed
zerolog: could not write event: write experiment-output/0001/slave-009/client-138.log: file already closed
zerolog: could not write event: write experiment-output/0001/slave-009/client-057.log: file already closed
zerolog: could not write event: write experiment-output/0001/slave-009/client-025.log: file already closed
zerolog: could not write event: write experiment-output/0001/slave-009/client-025.log: file already closed
zerolog: could not write event: write experiment-output/0001/slave-009/client-013.log: file already closed
zerolog: could not write event: write experiment-output/0001/slave-009/client-057.log: file already closed
zerolog: could not write event: write experiment-output/0001/slave-009/client-025.log: file already closed
zerolog: could not write event: write experiment-output/0001/slave-009/client-025.log: file already closed
zerolog: could not write event: write experiment-output/0001/slave-009/client-058.log: file already closed
zerolog: could not write event: write experiment-output/0001/slave-009/client-025.log: file already closed
zerolog: could not write event: write experiment-output/0001/slave-009/client-138.log: file already closed
zerolog: could not write event: write experiment-output/0001/slave-009/client-025.log: file already closed
zerolog: could not write event: write experiment-output/0001/slave-009/client-023.log: file already closed
zerolog: could not write event: write experiment-output/0001/slave-009/client-057.log: file already closed
zerolog: could not write event: write experiment-output/0001/slave-009/client-013.log: file already closed
zerolog: could not write event: write experiment-output/0001/slave-009/client-057.log: file already closed
zerolog: could not write event: write experiment-output/0001/slave-009/client-013.log: file already closed
zerolog: could not write event: write experiment-output/0001/slave-009/client-058.log: file already closed
zerolog: could not write event: write experiment-output/0001/slave-009/client-025.log: file already closed
zerolog: could not write event: write experiment-output/0001/slave-009/client-057.log: file already closed
zerolog: could not write event: write experiment-output/0001/slave-009/client-023.log: file already closed
zerolog: could not write event: write experiment-output/0001/slave-009/client-013.log: file already closed
zerolog: could not write event: write experiment-output/0001/slave-009/client-057.log: file already closed
zerolog: could not write event: write experiment-output/0001/slave-009/client-025.log: file already closed
zerolog: could not write event: write experiment-output/0001/slave-009/client-013.log: file already closed
zerolog: could not write event: write experiment-output/0001/slave-009/client-025.log: file already closed
zerolog: could not write event: write experiment-output/0001/slave-009/client-023.log: file already closed
zerolog: could not write event: write experiment-output/0001/slave-009/client-013.log: file already closed
zerolog: could not write event: write experiment-output/0001/slave-009/client-025.log: file already closed
zerolog: could not write event: write experiment-output/0001/slave-009/client-057.log: file already closed
zerolog: could not write event: write experiment-output/0001/slave-009/client-058.log: file already closed
zerolog: could not write event: write experiment-output/0001/slave-009/client-023.log: file already closed
zerolog: could not write event: write experiment-output/0001/slave-009/client-057.log: file already closed
zerolog: could not write event: write experiment-output/0001/slave-009/client-023.log: file already closed
zerolog: could not write event: write experiment-output/0001/slave-009/client-138.log: file already closed
zerolog: could not write event: write experiment-output/0001/slave-009/client-025.log: file already closed
zerolog: could not write event: write experiment-output/0001/slave-009/client-025.log: file already closed
zerolog: could not write event: write experiment-output/0001/slave-009/client-057.log: file already closed
zerolog: could not write event: write experiment-output/0001/slave-009/client-057.log: file already closed
zerolog: could not write event: write experiment-output/0001/slave-009/client-025.log: file already closed
zerolog: could not write event: write experiment-output/0001/slave-009/client-013.log: file already closed
zerolog: could not write event: write experiment-output/0001/slave-009/client-025.log: file already closed
zerolog: could not write event: write experiment-output/0001/slave-009/client-057.log: file already closed
zerolog: could not write event: write experiment-output/0001/slave-009/client-025.log: file already closed
zerolog: could not write event: write experiment-output/0001/slave-009/client-138.log: file already closed
zerolog: could not write event: write experiment-output/0001/slave-009/client-023.log: file already closed
zerolog: could not write event: write experiment-output/0001/slave-009/client-058.log: file already closed
zerolog: could not write event: write experiment-output/0001/slave-009/client-013.log: file already closed
zerolog: could not write event: write experiment-output/0001/slave-009/client-023.log: file already closed
zerolog: could not write event: write experiment-output/0001/slave-009/client-058.log: file already closed
zerolog: could not write event: write experiment-output/0001/slave-009/client-023.log: file already closed
zerolog: could not write event: write experiment-output/0001/slave-009/client-023.log: file already closed
zerolog: could not write event: write experiment-output/0001/slave-009/client-057.log: file already closed
zerolog: could not write event: write experiment-output/0001/slave-009/client-013.log: file already closed
zerolog: could not write event: write experiment-output/0001/slave-009/client-057.log: file already closed
zerolog: could not write event: write experiment-output/0001/slave-009/client-013.log: file already closed
zerolog: could not write event: write experiment-output/0001/slave-009/client-013.log: file already closed
zerolog: could not write event: write experiment-output/0001/slave-009/client-058.log: file already closed
zerolog: could not write event: write experiment-output/0001/slave-009/client-025.log: file already closed
zerolog: could not write event: write experiment-output/0001/slave-009/client-057.log: file already closed
zerolog: could not write event: write experiment-output/0001/slave-009/client-013.log: file already closed
zerolog: could not write event: write experiment-output/0001/slave-009/client-058.log: file already closed
zerolog: could not write event: write experiment-output/0001/slave-009/client-025.log: file already closed
zerolog: could not write event: write experiment-output/0001/slave-009/client-023.log: file already closed
zerolog: could not write event: write experiment-output/0001/slave-009/client-058.log: file already closed
zerolog: could not write event: write experiment-output/0001/slave-009/client-023.log: file already closed
zerolog: could not write event: write experiment-output/0001/slave-009/client-023.log: file already closed
zerolog: could not write event: write experiment-output/0001/slave-009/client-058.log: file already closed
zerolog: could not write event: write experiment-output/0001/slave-009/client-177.log: file already closed
zerolog: could not write event: write experiment-output/0001/slave-009/client-025.log: file already closed
zerolog: could not write event: write experiment-output/0001/slave-009/client-013.log: file already closed
zerolog: could not write event: write experiment-output/0001/slave-009/client-058.log: file already closed
zerolog: could not write event: write experiment-output/0001/slave-009/client-058.log: file already closed
zerolog: could not write event: write experiment-output/0001/slave-009/client-177.log: file already closed
zerolog: could not write event: write experiment-output/0001/slave-009/client-138.log: file already closed
zerolog: could not write event: write experiment-output/0001/slave-009/client-177.log: file already closed
zerolog: could not write event: write experiment-output/0001/slave-009/client-013.log: file already closed
zerolog: could not write event: write experiment-output/0001/slave-009/client-025.log: file already closed
zerolog: could not write event: write experiment-output/0001/slave-009/client-013.log: file already closed
zerolog: could not write event: write experiment-output/0001/slave-009/client-013.log: file already closed
zerolog: could not write event: write experiment-output/0001/slave-009/client-058.log: file already closed
zerolog: could not write event: write experiment-output/0001/slave-009/client-013.log: file already closed
zerolog: could not write event: write experiment-output/0001/slave-009/client-058.log: file already closed
zerolog: could not write event: write experiment-output/0001/slave-009/client-023.log: file already closed
zerolog: could not write event: write experiment-output/0001/slave-009/client-023.log: file already closed
zerolog: could not write event: write experiment-output/0001/slave-009/client-023.log: file already closed
zerolog: could not write event: write experiment-output/0001/slave-009/client-058.log: file already closed
zerolog: could not write event: write experiment-output/0001/slave-009/client-023.log: file already closed
zerolog: could not write event: write experiment-output/0001/slave-009/client-058.log: file already closed
zerolog: could not write event: write experiment-output/0001/slave-009/client-058.log: file already closed
zerolog: could not write event: write experiment-output/0001/slave-009/client-013.log: file already closed
zerolog: could not write event: write experiment-output/0001/slave-009/client-058.log: file already closed
zerolog: could not write event: write experiment-output/0001/slave-009/client-177.log: file already closed
zerolog: could not write event: write experiment-output/0001/slave-009/client-058.log: file already closed
zerolog: could not write event: write experiment-output/0001/slave-009/client-177.log: file already closed
zerolog: could not write event: write experiment-output/0001/slave-009/client-025.log: file already closed
zerolog: could not write event: write experiment-output/0001/slave-009/client-023.log: file already closed
zerolog: could not write event: write experiment-output/0001/slave-009/client-177.log: file already closed
zerolog: could not write event: write experiment-output/0001/slave-009/client-057.log: file already closed
zerolog: could not write event: write experiment-output/0001/slave-009/client-023.log: file already closed
zerolog: could not write event: write experiment-output/0001/slave-009/client-177.log: file already closed
zerolog: could not write event: write experiment-output/0001/slave-009/client-177.log: file already closed
zerolog: could not write event: write experiment-output/0001/slave-009/client-058.log: file already closed
zerolog: could not write event: write experiment-output/0001/slave-009/client-058.log: file already closed
zerolog: could not write event: write experiment-output/0001/slave-009/client-177.log: file already closed
zerolog: could not write event: write experiment-output/0001/slave-009/client-177.log: file already closed
zerolog: could not write event: write experiment-output/0001/slave-009/client-177.log: file already closed
zerolog: could not write event: write experiment-output/0001/slave-009/client-013.log: file already closed
zerolog: could not write event: write experiment-output/0001/slave-009/client-177.log: file already closed
zerolog: could not write event: write experiment-output/0001/slave-009/client-177.log: file already closed
zerolog: could not write event: write experiment-output/0001/slave-009/client-177.log: file already closed
zerolog: could not write event: write experiment-output/0001/slave-009/client-058.log: file already closed
zerolog: could not write event: write experiment-output/0001/slave-009/client-058.log: file already closed
zerolog: could not write event: write experiment-output/0001/slave-009/client-058.log: file already closed
zerolog: could not write event: write experiment-output/0001/slave-009/client-058.log: file already closed
zerolog: could not write event: write experiment-output/0001/slave-009/client-177.log: file already closed
zerolog: could not write event: write experiment-output/0001/slave-009/client-177.log: file already closed
zerolog: could not write event: write experiment-output/0001/slave-009/client-177.log: file already closed
zerolog: could not write event: write experiment-output/0001/slave-009/client-177.log: file already closed
zerolog: could not write event: write experiment-output/0001/slave-009/client-177.log: file already closed
zerolog: could not write event: write experiment-output/0001/slave-009/client-177.log: file already closed
zerolog: could not write event: write experiment-output/0001/slave-009/client-177.log: file already closed
zerolog: could not write event: write experiment-output/0001/slave-009/client-177.log: file already closed
zerolog: could not write event: write experiment-output/0001/slave-009/client-177.log: file already closed
zerolog: could not write event: write experiment-output/0001/slave-009/client-177.log: file already closed
zerolog: could not write event: write experiment-output/0001/slave-009/client-177.log: file already closed
zerolog: could not write event: write experiment-output/0001/slave-009/client-177.log: file already closed
zerolog: could not write event: write experiment-output/0001/slave-009/client-177.log: file already closed
zerolog: could not write event: write experiment-output/0001/slave-009/client-177.log: file already closed
zerolog: could not write event: write experiment-output/0001/slave-009/client-177.log: file already closed
zerolog: could not write event: write experiment-output/0001/slave-009/client-177.log: file already closed
zerolog: could not write event: write experiment-output/0001/slave-009/client-177.log: file already closed
07:24:38.270 INF Stopping Tracer. events=1230 fileName=experiment-output/0001/slave-009/client-121.trc
07:24:38.272 INF Trace data written.
07:24:38.272 INF Done.
07:24:38.272 INF Stopping profiler.
07:24:38.292 INF Profile data written. filename=experiment-output/0001/slave-009/prof-client.block name=block
07:24:38.297 INF Profile data written. filename=experiment-output/0001/slave-009/prof-client.mutex name=mutex
zerolog: could not write event: write experiment-output/0001/slave-009/client-121.log: file already closed
zerolog: could not write event: write experiment-output/0001/slave-009/client-121.log: file already closed
zerolog: could not write event: write experiment-output/0001/slave-009/client-121.log: file already closed
zerolog: could not write event: write experiment-output/0001/slave-009/client-121.log: file already closed
zerolog: could not write event: write experiment-output/0001/slave-009/client-121.log: file already closed
zerolog: could not write event: write experiment-output/0001/slave-009/client-121.log: file already closed
zerolog: could not write event: write experiment-output/0001/slave-009/client-121.log: file already closed
zerolog: could not write event: write experiment-output/0001/slave-009/client-121.log: file already closed
zerolog: could not write event: write experiment-output/0001/slave-009/client-121.log: file already closed
zerolog: could not write event: write experiment-output/0001/slave-009/client-121.log: file already closed
zerolog: could not write event: write experiment-output/0001/slave-009/client-121.log: file already closed
zerolog: could not write event: write experiment-output/0001/slave-009/client-121.log: file already closed
zerolog: could not write event: write experiment-output/0001/slave-009/client-121.log: file already closed
zerolog: could not write event: write experiment-output/0001/slave-009/client-121.log: file already closed
zerolog: could not write event: write experiment-output/0001/slave-009/client-121.log: file already closed
zerolog: could not write event: write experiment-output/0001/slave-009/client-121.log: file already closed
zerolog: could not write event: write experiment-output/0001/slave-009/client-121.log: file already closed
zerolog: could not write event: write experiment-output/0001/slave-009/client-121.log: file already closed
zerolog: could not write event: write experiment-output/0001/slave-009/client-121.log: file already closed
zerolog: could not write event: write experiment-output/0001/slave-009/client-121.log: file already closed
zerolog: could not write event: write experiment-output/0001/slave-009/client-121.log: file already closed
zerolog: could not write event: write experiment-output/0001/slave-009/client-121.log: file already closed
zerolog: could not write event: write experiment-output/0001/slave-009/client-121.log: file already closed
zerolog: could not write event: write experiment-output/0001/slave-009/client-121.log: file already closed
zerolog: could not write event: write experiment-output/0001/slave-009/client-121.log: file already closed
zerolog: could not write event: write experiment-output/0001/slave-009/client-121.log: file already closed
zerolog: could not write event: write experiment-output/0001/slave-009/client-121.log: file already closed
zerolog: could not write event: write experiment-output/0001/slave-009/client-121.log: file already closed
zerolog: could not write event: write experiment-output/0001/slave-009/client-121.log: file already closed
zerolog: could not write event: write experiment-output/0001/slave-009/client-121.log: file already closed
zerolog: could not write event: write experiment-output/0001/slave-009/client-121.log: file already closed
zerolog: could not write event: write experiment-output/0001/slave-009/client-121.log: file already closed
07:24:38.476 INF Profile data written. filename=experiment-output/0001/slave-009/prof-client.cpu name=cpu
