{"level":"debug","Logging":"info","time":"2023-03-19T08:42:35Z","message":"Config"}
{"level":"debug","UseTLS":false,"time":"2023-03-19T08:42:35Z","message":"Config"}
{"level":"debug","CACertFile":"tls-data/ca.pem","time":"2023-03-19T08:42:35Z","message":"Config"}
{"level":"debug","KeyFile":"tls-data/auth.key","time":"2023-03-19T08:42:35Z","message":"Config"}
{"level":"debug","CertFile":"tls-data/auth.pem","time":"2023-03-19T08:42:35Z","message":"Config"}
{"level":"debug","PriorityConnections":2,"time":"2023-03-19T08:42:35Z","message":"Config"}
{"level":"debug","BasicConnections":1,"time":"2023-03-19T08:42:35Z","message":"Config"}
{"level":"debug","TestConnections":false,"time":"2023-03-19T08:42:35Z","message":"Config"}
{"level":"debug","ExcessConnections":1,"time":"2023-03-19T08:42:35Z","message":"Config"}
{"level":"debug","ConnectionTestMsgs":4,"time":"2023-03-19T08:42:35Z","message":"Config"}
{"level":"debug","ConnectionTestPayload":131072,"time":"2023-03-19T08:42:35Z","message":"Config"}
{"level":"debug","OutMessageBufsize":1024,"time":"2023-03-19T08:42:35Z","message":"Config"}
{"level":"debug","OutMessageBufsize":4,"time":"2023-03-19T08:42:35Z","message":"Config"}
{"level":"debug","ThroughputCap":131072000,"time":"2023-03-19T08:42:35Z","message":"Config"}
{"level":"debug","StragglerTolerance":1000,"time":"2023-03-19T08:42:35Z","message":"Config"}
{"level":"debug","BatchSizeIncrement":256,"time":"2023-03-19T08:42:35Z","message":"Config"}
{"level":"debug","Orderer":"Pbft","time":"2023-03-19T08:42:35Z","message":"Config"}
{"level":"debug","Manager":"Mir","time":"2023-03-19T08:42:35Z","message":"Config"}
{"level":"debug","Failures":0,"time":"2023-03-19T08:42:35Z","message":"Config"}
{"level":"debug","StragglerCnt":1,"time":"2023-03-19T08:42:35Z","message":"Config"}
{"level":"debug","PrivKeyCnt":10,"time":"2023-03-19T08:42:35Z","message":"Config"}
{"level":"debug","UseSig":false,"time":"2023-03-19T08:42:35Z","message":"Config"}
{"level":"debug","CrashTiming":"Straggler","time":"2023-03-19T08:42:35Z","message":"Config"}
{"level":"debug","CheckpointInterval":512,"time":"2023-03-19T08:42:35Z","message":"Config"}
{"level":"debug","WatermarkWindowSize":512,"time":"2023-03-19T08:42:35Z","message":"Config"}
{"level":"debug","EpochLength":512,"time":"2023-03-19T08:42:35Z","message":"Config"}
{"level":"debug","SegmentLength":32,"time":"2023-03-19T08:42:35Z","message":"Config"}
{"level":"debug","WaitForCheckpoints":true,"time":"2023-03-19T08:42:35Z","message":"Config"}
{"level":"debug","ClientWatermarkWindowSize":16384,"time":"2023-03-19T08:42:35Z","message":"Config"}
{"level":"debug","ClientRequestBacklogSize":16384,"time":"2023-03-19T08:42:35Z","message":"Config"}
{"level":"debug","RandomSeed":29320,"time":"2023-03-19T08:42:35Z","message":"Config"}
{"level":"debug","NodeToLeaderRatio":1,"time":"2023-03-19T08:42:35Z","message":"Config"}
{"level":"debug","LeaderPolicy":"Simple","time":"2023-03-19T08:42:35Z","message":"Config"}
{"level":"debug","DefaultLeaderBan":2,"time":"2023-03-19T08:42:35Z","message":"Config"}
{"level":"debug","NumBuckets":256,"time":"2023-03-19T08:42:35Z","message":"Config"}
{"level":"debug","BatchSize":1000,"time":"2023-03-19T08:42:35Z","message":"Config"}
{"level":"debug","DisabledViewChange":false,"time":"2023-03-19T08:42:35Z","message":"Config"}
{"level":"debug","ViewChangeTimeout":60000,"time":"2023-03-19T08:42:35Z","message":"Config"}
{"level":"debug","ClientTraceSampling":10,"time":"2023-03-19T08:42:35Z","message":"Config"}
{"level":"debug","EventBufferSize":2097152,"time":"2023-03-19T08:42:35Z","message":"Config"}
{"level":"debug","TraceSampling":1,"time":"2023-03-19T08:42:35Z","message":"Config"}
{"level":"debug","ClientsPerProcess":8,"time":"2023-03-19T08:42:35Z","message":"Config"}
{"level":"debug","RequestsPerClient":3840,"time":"2023-03-19T08:42:35Z","message":"Config"}
{"level":"debug","ClientRunTime":15000,"time":"2023-03-19T08:42:35Z","message":"Config"}
{"level":"debug","RequestRate":128,"time":"2023-03-19T08:42:35Z","message":"Config"}
{"level":"debug","HardRequestRateLimit":false,"time":"2023-03-19T08:42:35Z","message":"Config"}
{"level":"debug","RequestPayloadSize":500,"time":"2023-03-19T08:42:35Z","message":"Config"}
{"level":"debug","SignRequests":true,"time":"2023-03-19T08:42:35Z","message":"Config"}
{"level":"debug","ClientPrivKeyFile":"tls-data/client-ecdsa-256.key","time":"2023-03-19T08:42:35Z","message":"Config"}
{"level":"debug","ClientPubKeyFile":"tls-data/client-ecdsa-256.pem","time":"2023-03-19T08:42:35Z","message":"Config"}
{"level":"debug","PrecomputeRequests":false,"time":"2023-03-19T08:42:35Z","message":"Config"}
{"level":"debug","RequestHandlerThreads":32,"time":"2023-03-19T08:42:35Z","message":"Config"}
{"level":"debug","RequestInputChannelBuffer":8192,"time":"2023-03-19T08:42:35Z","message":"Config"}
{"level":"debug","BatchVerifier":"external","time":"2023-03-19T08:42:35Z","message":"Config"}
08:42:35.244 INF Started Profiler: CPU
08:42:35.244 INF Started Profiler: BLOCK
08:42:35.244 INF Started Profiler: MUTEX
08:42:35.244 INF Starting clients. numClients=8 numRequests=3840
08:42:35.244 INF Initilizing clients.
08:42:35.249 INF Registared with discovery server. numOrderers=16 ownClientId=12
08:42:35.259 INF Registared with discovery server. numOrderers=16 ownClientId=180
08:42:35.259 INF Registared with discovery server. numOrderers=16 ownClientId=200
08:42:35.260 INF Registared with discovery server. numOrderers=16 ownClientId=212
08:42:35.260 INF Registared with discovery server. numOrderers=16 ownClientId=151
08:42:35.260 INF Registared with discovery server. numOrderers=16 ownClientId=193
08:42:35.260 INF Registared with discovery server. numOrderers=16 ownClientId=148
08:42:35.261 INF Registared with discovery server. numOrderers=16 ownClientId=221
08:42:35.261 INF Clients initialized.
08:42:35.261 INF Launching clients.
08:42:35.261 INF Waiting for clients.
08:43:06.374 INF Stopping Tracer. events=1211 fileName=experiment-output/0002/slave-032/client-212.trc
zerolog: could not write event: write experiment-output/0002/slave-032/client-212.log: file already closed
zerolog: could not write event: write experiment-output/0002/slave-032/client-212.log: file already closed
zerolog: could not write event: write experiment-output/0002/slave-032/client-212.log: file already closed
zerolog: could not write event: write experiment-output/0002/slave-032/client-212.log: file already closed
08:43:06.374 INF Stopping Tracer. events=1221 fileName=experiment-output/0002/slave-032/client-200.trc
zerolog: could not write event: write experiment-output/0002/slave-032/client-212.log: file already closed
zerolog: could not write event: write experiment-output/0002/slave-032/client-212.log: file already closed
zerolog: could not write event: write experiment-output/0002/slave-032/client-212.log: file already closed
zerolog: could not write event: write experiment-output/0002/slave-032/client-212.log: file already closed
zerolog: could not write event: write experiment-output/0002/slave-032/client-212.log: file already closed
zerolog: could not write event: write experiment-output/0002/slave-032/client-212.log: file already closed
zerolog: could not write event: write experiment-output/0002/slave-032/client-212.log: file already closed
zerolog: could not write event: write experiment-output/0002/slave-032/client-212.log: file already closed
zerolog: could not write event: write experiment-output/0002/slave-032/client-212.log: file already closed
zerolog: could not write event: write experiment-output/0002/slave-032/client-212.log: file already closed
zerolog: could not write event: write experiment-output/0002/slave-032/client-212.log: file already closed
zerolog: could not write event: write experiment-output/0002/slave-032/client-212.log: file already closed
zerolog: could not write event: write experiment-output/0002/slave-032/client-200.log: file already closed
zerolog: could not write event: write experiment-output/0002/slave-032/client-200.log: file already closed
zerolog: could not write event: write experiment-output/0002/slave-032/client-200.log: file already closed
zerolog: could not write event: write experiment-output/0002/slave-032/client-200.log: file already closed
zerolog: could not write event: write experiment-output/0002/slave-032/client-200.log: file already closed
zerolog: could not write event: write experiment-output/0002/slave-032/client-200.log: file already closed
zerolog: could not write event: write experiment-output/0002/slave-032/client-200.log: file already closed
zerolog: could not write event: write experiment-output/0002/slave-032/client-200.log: file already closed
zerolog: could not write event: write experiment-output/0002/slave-032/client-200.log: file already closed
zerolog: could not write event: write experiment-output/0002/slave-032/client-200.log: file already closed
zerolog: could not write event: write experiment-output/0002/slave-032/client-200.log: file already closed
zerolog: could not write event: write experiment-output/0002/slave-032/client-200.log: file already closed
zerolog: could not write event: write experiment-output/0002/slave-032/client-200.log: file already closed
zerolog: could not write event: write experiment-output/0002/slave-032/client-200.log: file already closed
zerolog: could not write event: write experiment-output/0002/slave-032/client-200.log: file already closed
zerolog: could not write event: write experiment-output/0002/slave-032/client-200.log: file already closed
08:43:06.376 INF Trace data written.
08:43:06.377 INF Stopping Tracer. events=1158 fileName=experiment-output/0002/slave-032/client-148.trc
08:43:06.377 INF Trace data written.
zerolog: could not write event: write experiment-output/0002/slave-032/client-148.log: file already closed
zerolog: could not write event: write experiment-output/0002/slave-032/client-148.log: file already closed
zerolog: could not write event: write experiment-output/0002/slave-032/client-148.log: file already closed
zerolog: could not write event: write experiment-output/0002/slave-032/client-148.log: file already closed
zerolog: could not write event: write experiment-output/0002/slave-032/client-148.log: file already closed
zerolog: could not write event: write experiment-output/0002/slave-032/client-148.log: file already closed
zerolog: could not write event: write experiment-output/0002/slave-032/client-148.log: file already closed
zerolog: could not write event: write experiment-output/0002/slave-032/client-148.log: file already closed
zerolog: could not write event: write experiment-output/0002/slave-032/client-148.log: file already closed
zerolog: could not write event: write experiment-output/0002/slave-032/client-148.log: file already closed
zerolog: could not write event: write experiment-output/0002/slave-032/client-148.log: file already closed
zerolog: could not write event: write experiment-output/0002/slave-032/client-148.log: file already closed
zerolog: could not write event: write experiment-output/0002/slave-032/client-148.log: file already closed
zerolog: could not write event: write experiment-output/0002/slave-032/client-148.log: file already closed
zerolog: could not write event: write experiment-output/0002/slave-032/client-148.log: file already closed
zerolog: could not write event: write experiment-output/0002/slave-032/client-148.log: file already closed
08:43:06.380 INF Trace data written.
08:43:06.387 INF Stopping Tracer. events=773 fileName=experiment-output/0002/slave-032/client-151.trc
08:43:06.387 INF Stopping Tracer. events=1222 fileName=experiment-output/0002/slave-032/client-180.trc
zerolog: could not write event: write experiment-output/0002/slave-032/client-151.log: file already closed
zerolog: could not write event: write experiment-output/0002/slave-032/client-151.log: file already closed
zerolog: could not write event: write experiment-output/0002/slave-032/client-151.log: file already closed
08:43:06.387 INF Stopping Tracer. events=774 fileName=experiment-output/0002/slave-032/client-193.trc
zerolog: could not write event: write experiment-output/0002/slave-032/client-151.log: file already closed
zerolog: could not write event: write experiment-output/0002/slave-032/client-151.log: file already closed
zerolog: could not write event: write experiment-output/0002/slave-032/client-151.log: file already closed
zerolog: could not write event: write experiment-output/0002/slave-032/client-151.log: file already closed
zerolog: could not write event: write experiment-output/0002/slave-032/client-151.log: file already closed
zerolog: could not write event: write experiment-output/0002/slave-032/client-151.log: file already closed
zerolog: could not write event: write experiment-output/0002/slave-032/client-151.log: file already closed
zerolog: could not write event: write experiment-output/0002/slave-032/client-151.log: file already closed
zerolog: could not write event: write experiment-output/0002/slave-032/client-151.log: file already closed
zerolog: could not write event: write experiment-output/0002/slave-032/client-151.log: file already closed
zerolog: could not write event: write experiment-output/0002/slave-032/client-151.log: file already closed
zerolog: could not write event: write experiment-output/0002/slave-032/client-151.log: file already closed
zerolog: could not write event: write experiment-output/0002/slave-032/client-151.log: file already closed
zerolog: could not write event: write experiment-output/0002/slave-032/client-193.log: file already closed
zerolog: could not write event: write experiment-output/0002/slave-032/client-193.log: file already closed
zerolog: could not write event: write experiment-output/0002/slave-032/client-193.log: file already closed
zerolog: could not write event: write experiment-output/0002/slave-032/client-180.log: file already closed
zerolog: could not write event: write experiment-output/0002/slave-032/client-193.log: file already closed
zerolog: could not write event: write experiment-output/0002/slave-032/client-180.log: file already closed
zerolog: could not write event: write experiment-output/0002/slave-032/client-193.log: file already closed
zerolog: could not write event: write experiment-output/0002/slave-032/client-180.log: file already closed
zerolog: could not write event: write experiment-output/0002/slave-032/client-193.log: file already closed
zerolog: could not write event: write experiment-output/0002/slave-032/client-193.log: file already closed
zerolog: could not write event: write experiment-output/0002/slave-032/client-180.log: file already closed
zerolog: could not write event: write experiment-output/0002/slave-032/client-180.log: file already closed
zerolog: could not write event: write experiment-output/0002/slave-032/client-193.log: file already closed
zerolog: could not write event: write experiment-output/0002/slave-032/client-193.log: file already closed
zerolog: could not write event: write experiment-output/0002/slave-032/client-193.log: file already closed
zerolog: could not write event: write experiment-output/0002/slave-032/client-180.log: file already closed
zerolog: could not write event: write experiment-output/0002/slave-032/client-193.log: file already closed
zerolog: could not write event: write experiment-output/0002/slave-032/client-180.log: file already closed
zerolog: could not write event: write experiment-output/0002/slave-032/client-193.log: file already closed
zerolog: could not write event: write experiment-output/0002/slave-032/client-180.log: file already closed
zerolog: could not write event: write experiment-output/0002/slave-032/client-193.log: file already closed
zerolog: could not write event: write experiment-output/0002/slave-032/client-193.log: file already closed
zerolog: could not write event: write experiment-output/0002/slave-032/client-180.log: file already closed
zerolog: could not write event: write experiment-output/0002/slave-032/client-180.log: file already closed
zerolog: could not write event: write experiment-output/0002/slave-032/client-180.log: file already closed
zerolog: could not write event: write experiment-output/0002/slave-032/client-193.log: file already closed
zerolog: could not write event: write experiment-output/0002/slave-032/client-180.log: file already closed
zerolog: could not write event: write experiment-output/0002/slave-032/client-180.log: file already closed
zerolog: could not write event: write experiment-output/0002/slave-032/client-193.log: file already closed
zerolog: could not write event: write experiment-output/0002/slave-032/client-180.log: file already closed
zerolog: could not write event: write experiment-output/0002/slave-032/client-180.log: file already closed
zerolog: could not write event: write experiment-output/0002/slave-032/client-180.log: file already closed
08:43:06.389 INF Trace data written.
08:43:06.389 INF Trace data written.
08:43:06.390 INF Trace data written.
08:43:06.404 INF Stopping Tracer. events=773 fileName=experiment-output/0002/slave-032/client-221.trc
08:43:06.404 INF Stopping Tracer. events=1141 fileName=experiment-output/0002/slave-032/client-012.trc
zerolog: could not write event: write experiment-output/0002/slave-032/client-012.log: file already closed
zerolog: could not write event: write experiment-output/0002/slave-032/client-012.log: file already closed
zerolog: could not write event: write experiment-output/0002/slave-032/client-012.log: file already closed
zerolog: could not write event: write experiment-output/0002/slave-032/client-012.log: file already closed
zerolog: could not write event: write experiment-output/0002/slave-032/client-221.log: file already closed
zerolog: could not write event: write experiment-output/0002/slave-032/client-012.log: file already closed
zerolog: could not write event: write experiment-output/0002/slave-032/client-012.log: file already closed
zerolog: could not write event: write experiment-output/0002/slave-032/client-012.log: file already closed
zerolog: could not write event: write experiment-output/0002/slave-032/client-012.log: file already closed
zerolog: could not write event: write experiment-output/0002/slave-032/client-221.log: file already closed
zerolog: could not write event: write experiment-output/0002/slave-032/client-221.log: file already closed
zerolog: could not write event: write experiment-output/0002/slave-032/client-221.log: file already closed
zerolog: could not write event: write experiment-output/0002/slave-032/client-221.log: file already closed
zerolog: could not write event: write experiment-output/0002/slave-032/client-221.log: file already closed
zerolog: could not write event: write experiment-output/0002/slave-032/client-012.log: file already closed
zerolog: could not write event: write experiment-output/0002/slave-032/client-221.log: file already closed
zerolog: could not write event: write experiment-output/0002/slave-032/client-221.log: file already closed
zerolog: could not write event: write experiment-output/0002/slave-032/client-012.log: file already closed
zerolog: could not write event: write experiment-output/0002/slave-032/client-012.log: file already closed
zerolog: could not write event: write experiment-output/0002/slave-032/client-221.log: file already closed
zerolog: could not write event: write experiment-output/0002/slave-032/client-012.log: file already closed
zerolog: could not write event: write experiment-output/0002/slave-032/client-221.log: file already closed
zerolog: could not write event: write experiment-output/0002/slave-032/client-012.log: file already closed
zerolog: could not write event: write experiment-output/0002/slave-032/client-012.log: file already closed
zerolog: could not write event: write experiment-output/0002/slave-032/client-221.log: file already closed
zerolog: could not write event: write experiment-output/0002/slave-032/client-221.log: file already closed
zerolog: could not write event: write experiment-output/0002/slave-032/client-012.log: file already closed
zerolog: could not write event: write experiment-output/0002/slave-032/client-221.log: file already closed
zerolog: could not write event: write experiment-output/0002/slave-032/client-012.log: file already closed
zerolog: could not write event: write experiment-output/0002/slave-032/client-221.log: file already closed
zerolog: could not write event: write experiment-output/0002/slave-032/client-221.log: file already closed
zerolog: could not write event: write experiment-output/0002/slave-032/client-221.log: file already closed
08:43:06.407 INF Trace data written.
08:43:06.407 INF Trace data written.
08:43:06.407 INF Done.
08:43:06.407 INF Stopping profiler.
08:43:06.583 INF Profile data written. filename=experiment-output/0002/slave-032/prof-client.cpu name=cpu
08:43:06.607 INF Profile data written. filename=experiment-output/0002/slave-032/prof-client.block name=block
08:43:06.613 INF Profile data written. filename=experiment-output/0002/slave-032/prof-client.mutex name=mutex
