{"level":"debug","Logging":"info","time":"2023-03-25T17:54:26Z","message":"Config"}
{"level":"debug","UseTLS":false,"time":"2023-03-25T17:54:26Z","message":"Config"}
{"level":"debug","CACertFile":"tls-data/ca.pem","time":"2023-03-25T17:54:26Z","message":"Config"}
{"level":"debug","KeyFile":"tls-data/auth.key","time":"2023-03-25T17:54:26Z","message":"Config"}
{"level":"debug","CertFile":"tls-data/auth.pem","time":"2023-03-25T17:54:26Z","message":"Config"}
{"level":"debug","PriorityConnections":2,"time":"2023-03-25T17:54:26Z","message":"Config"}
{"level":"debug","BasicConnections":1,"time":"2023-03-25T17:54:26Z","message":"Config"}
{"level":"debug","TestConnections":false,"time":"2023-03-25T17:54:26Z","message":"Config"}
{"level":"debug","ExcessConnections":1,"time":"2023-03-25T17:54:26Z","message":"Config"}
{"level":"debug","ConnectionTestMsgs":4,"time":"2023-03-25T17:54:26Z","message":"Config"}
{"level":"debug","ConnectionTestPayload":131072,"time":"2023-03-25T17:54:26Z","message":"Config"}
{"level":"debug","OutMessageBufsize":1024,"time":"2023-03-25T17:54:26Z","message":"Config"}
{"level":"debug","OutMessageBufsize":4,"time":"2023-03-25T17:54:26Z","message":"Config"}
{"level":"debug","ThroughputCap":131072000,"time":"2023-03-25T17:54:26Z","message":"Config"}
{"level":"debug","StragglerTolerance":1000,"time":"2023-03-25T17:54:26Z","message":"Config"}
{"level":"debug","BatchSizeIncrement":256,"time":"2023-03-25T17:54:26Z","message":"Config"}
{"level":"debug","Orderer":"Pbft","time":"2023-03-25T17:54:26Z","message":"Config"}
{"level":"debug","Manager":"Mir","time":"2023-03-25T17:54:26Z","message":"Config"}
{"level":"debug","Failures":0,"time":"2023-03-25T17:54:26Z","message":"Config"}
{"level":"debug","StragglerCnt":1,"time":"2023-03-25T17:54:26Z","message":"Config"}
{"level":"debug","PrivKeyCnt":10,"time":"2023-03-25T17:54:26Z","message":"Config"}
{"level":"debug","UseSig":false,"time":"2023-03-25T17:54:26Z","message":"Config"}
{"level":"debug","CrashTiming":"Straggler","time":"2023-03-25T17:54:26Z","message":"Config"}
{"level":"debug","CheckpointInterval":512,"time":"2023-03-25T17:54:26Z","message":"Config"}
{"level":"debug","WatermarkWindowSize":512,"time":"2023-03-25T17:54:26Z","message":"Config"}
{"level":"debug","EpochLength":512,"time":"2023-03-25T17:54:26Z","message":"Config"}
{"level":"debug","SegmentLength":32,"time":"2023-03-25T17:54:26Z","message":"Config"}
{"level":"debug","WaitForCheckpoints":true,"time":"2023-03-25T17:54:26Z","message":"Config"}
{"level":"debug","ClientWatermarkWindowSize":16384,"time":"2023-03-25T17:54:26Z","message":"Config"}
{"level":"debug","ClientRequestBacklogSize":16384,"time":"2023-03-25T17:54:26Z","message":"Config"}
{"level":"debug","RandomSeed":24189,"time":"2023-03-25T17:54:26Z","message":"Config"}
{"level":"debug","NodeToLeaderRatio":1,"time":"2023-03-25T17:54:26Z","message":"Config"}
{"level":"debug","LeaderPolicy":"Simple","time":"2023-03-25T17:54:26Z","message":"Config"}
{"level":"debug","DefaultLeaderBan":2,"time":"2023-03-25T17:54:26Z","message":"Config"}
{"level":"debug","NumBuckets":256,"time":"2023-03-25T17:54:26Z","message":"Config"}
{"level":"debug","BatchSize":2500,"time":"2023-03-25T17:54:26Z","message":"Config"}
{"level":"debug","DisabledViewChange":false,"time":"2023-03-25T17:54:26Z","message":"Config"}
{"level":"debug","ViewChangeTimeout":60000,"time":"2023-03-25T17:54:26Z","message":"Config"}
{"level":"debug","ClientTraceSampling":10,"time":"2023-03-25T17:54:26Z","message":"Config"}
{"level":"debug","EventBufferSize":2097152,"time":"2023-03-25T17:54:26Z","message":"Config"}
{"level":"debug","TraceSampling":1,"time":"2023-03-25T17:54:26Z","message":"Config"}
{"level":"debug","ClientsPerProcess":8,"time":"2023-03-25T17:54:26Z","message":"Config"}
{"level":"debug","RequestsPerClient":8203,"time":"2023-03-25T17:54:26Z","message":"Config"}
{"level":"debug","ClientRunTime":15000,"time":"2023-03-25T17:54:26Z","message":"Config"}
{"level":"debug","RequestRate":273,"time":"2023-03-25T17:54:26Z","message":"Config"}
{"level":"debug","HardRequestRateLimit":false,"time":"2023-03-25T17:54:26Z","message":"Config"}
{"level":"debug","RequestPayloadSize":500,"time":"2023-03-25T17:54:26Z","message":"Config"}
{"level":"debug","SignRequests":true,"time":"2023-03-25T17:54:26Z","message":"Config"}
{"level":"debug","ClientPrivKeyFile":"tls-data/client-ecdsa-256.key","time":"2023-03-25T17:54:26Z","message":"Config"}
{"level":"debug","ClientPubKeyFile":"tls-data/client-ecdsa-256.pem","time":"2023-03-25T17:54:26Z","message":"Config"}
{"level":"debug","PrecomputeRequests":false,"time":"2023-03-25T17:54:26Z","message":"Config"}
{"level":"debug","RequestHandlerThreads":32,"time":"2023-03-25T17:54:26Z","message":"Config"}
{"level":"debug","RequestInputChannelBuffer":8192,"time":"2023-03-25T17:54:26Z","message":"Config"}
{"level":"debug","BatchVerifier":"external","time":"2023-03-25T17:54:26Z","message":"Config"}
17:54:26.527 INF Started Profiler: CPU
17:54:26.527 INF Started Profiler: BLOCK
17:54:26.527 INF Started Profiler: MUTEX
17:54:26.527 INF Starting clients. numClients=8 numRequests=8203
17:54:26.527 INF Initilizing clients.
17:54:26.532 INF Registared with discovery server. numOrderers=16 ownClientId=3
17:54:26.532 INF Registared with discovery server. numOrderers=16 ownClientId=5
17:54:26.534 INF Registared with discovery server. numOrderers=16 ownClientId=1
17:54:26.535 INF Registared with discovery server. numOrderers=16 ownClientId=11
17:54:26.535 INF Registared with discovery server. numOrderers=16 ownClientId=32
17:54:26.536 INF Registared with discovery server. numOrderers=16 ownClientId=54
17:54:26.536 INF Registared with discovery server. numOrderers=16 ownClientId=2
17:54:26.536 INF Registared with discovery server. numOrderers=16 ownClientId=60
17:54:26.537 INF Clients initialized.
17:54:26.537 INF Launching clients.
17:54:26.537 INF Waiting for clients.
17:56:04.560 INF Stopping Tracer. events=1646 fileName=experiment-output/0002/slave-015/client-054.trc
zerolog: could not write event: write experiment-output/0002/slave-015/client-054.log: file already closed
zerolog: could not write event: write experiment-output/0002/slave-015/client-054.log: file already closed
zerolog: could not write event: write experiment-output/0002/slave-015/client-054.log: file already closed
zerolog: could not write event: write experiment-output/0002/slave-015/client-054.log: file already closed
17:56:04.563 INF Trace data written.
17:56:04.588 INF Stopping Tracer. events=1641 fileName=experiment-output/0002/slave-015/client-060.trc
zerolog: could not write event: write experiment-output/0002/slave-015/client-060.log: file already closed
zerolog: could not write event: write experiment-output/0002/slave-015/client-060.log: file already closed
17:56:04.588 INF Stopping Tracer. events=2472 fileName=experiment-output/0002/slave-015/client-005.trc
17:56:04.588 INF Stopping Tracer. events=1641 fileName=experiment-output/0002/slave-015/client-002.trc
zerolog: could not write event: write experiment-output/0002/slave-015/client-060.log: file already closed
zerolog: could not write event: write experiment-output/0002/slave-015/client-005.log: file already closed
zerolog: could not write event: write experiment-output/0002/slave-015/client-005.log: file already closed
zerolog: could not write event: write experiment-output/0002/slave-015/client-005.log: file already closed
17:56:04.589 INF Stopping Tracer. events=2457 fileName=experiment-output/0002/slave-015/client-001.trc
zerolog: could not write event: write experiment-output/0002/slave-015/client-005.log: file already closed
zerolog: could not write event: write experiment-output/0002/slave-015/client-001.log: file already closed
zerolog: could not write event: write experiment-output/0002/slave-015/client-002.log: file already closed
zerolog: could not write event: write experiment-output/0002/slave-015/client-002.log: file already closed
17:56:04.589 INF Stopping Tracer. events=2441 fileName=experiment-output/0002/slave-015/client-003.trc
zerolog: could not write event: write experiment-output/0002/slave-015/client-001.log: file already closed
zerolog: could not write event: write experiment-output/0002/slave-015/client-001.log: file already closed
zerolog: could not write event: write experiment-output/0002/slave-015/client-001.log: file already closed
zerolog: could not write event: write experiment-output/0002/slave-015/client-002.log: file already closed
zerolog: could not write event: write experiment-output/0002/slave-015/client-003.log: file already closed
zerolog: could not write event: write experiment-output/0002/slave-015/client-003.log: file already closed
zerolog: could not write event: write experiment-output/0002/slave-015/client-060.log: file already closed
zerolog: could not write event: write experiment-output/0002/slave-015/client-002.log: file already closed
zerolog: could not write event: write experiment-output/0002/slave-015/client-003.log: file already closed
zerolog: could not write event: write experiment-output/0002/slave-015/client-003.log: file already closed
17:56:04.591 INF Trace data written.
17:56:04.592 INF Trace data written.
17:56:04.592 INF Stopping Tracer. events=1645 fileName=experiment-output/0002/slave-015/client-032.trc
17:56:04.593 INF Stopping Tracer. events=2521 fileName=experiment-output/0002/slave-015/client-011.trc
zerolog: could not write event: write experiment-output/0002/slave-015/client-032.log: file already closed
zerolog: could not write event: write experiment-output/0002/slave-015/client-011.log: file already closed
zerolog: could not write event: write experiment-output/0002/slave-015/client-032.log: file already closed
zerolog: could not write event: write experiment-output/0002/slave-015/client-011.log: file already closed
zerolog: could not write event: write experiment-output/0002/slave-015/client-011.log: file already closed
zerolog: could not write event: write experiment-output/0002/slave-015/client-011.log: file already closed
zerolog: could not write event: write experiment-output/0002/slave-015/client-032.log: file already closed
zerolog: could not write event: write experiment-output/0002/slave-015/client-032.log: file already closed
17:56:04.594 INF Trace data written.
17:56:04.595 INF Trace data written.
17:56:04.595 INF Trace data written.
17:56:04.596 INF Trace data written.
17:56:04.597 INF Trace data written.
17:56:04.597 INF Done.
17:56:04.597 INF Stopping profiler.
zerolog: could not write event: write experiment-output/0002/slave-015/client-054.log: file already closed
zerolog: could not write event: write experiment-output/0002/slave-015/client-054.log: file already closed
zerolog: could not write event: write experiment-output/0002/slave-015/client-054.log: file already closed
zerolog: could not write event: write experiment-output/0002/slave-015/client-054.log: file already closed
zerolog: could not write event: write experiment-output/0002/slave-015/client-060.log: file already closed
zerolog: could not write event: write experiment-output/0002/slave-015/client-005.log: file already closed
zerolog: could not write event: write experiment-output/0002/slave-015/client-060.log: file already closed
zerolog: could not write event: write experiment-output/0002/slave-015/client-060.log: file already closed
zerolog: could not write event: write experiment-output/0002/slave-015/client-060.log: file already closed
zerolog: could not write event: write experiment-output/0002/slave-015/client-005.log: file already closed
zerolog: could not write event: write experiment-output/0002/slave-015/client-005.log: file already closed
zerolog: could not write event: write experiment-output/0002/slave-015/client-005.log: file already closed
zerolog: could not write event: write experiment-output/0002/slave-015/client-001.log: file already closed
zerolog: could not write event: write experiment-output/0002/slave-015/client-001.log: file already closed
zerolog: could not write event: write experiment-output/0002/slave-015/client-003.log: file already closed
zerolog: could not write event: write experiment-output/0002/slave-015/client-002.log: file already closed
zerolog: could not write event: write experiment-output/0002/slave-015/client-001.log: file already closed
zerolog: could not write event: write experiment-output/0002/slave-015/client-002.log: file already closed
zerolog: could not write event: write experiment-output/0002/slave-015/client-001.log: file already closed
zerolog: could not write event: write experiment-output/0002/slave-015/client-002.log: file already closed
zerolog: could not write event: write experiment-output/0002/slave-015/client-002.log: file already closed
zerolog: could not write event: write experiment-output/0002/slave-015/client-003.log: file already closed
zerolog: could not write event: write experiment-output/0002/slave-015/client-003.log: file already closed
zerolog: could not write event: write experiment-output/0002/slave-015/client-003.log: file already closed
zerolog: could not write event: write experiment-output/0002/slave-015/client-032.log: file already closed
zerolog: could not write event: write experiment-output/0002/slave-015/client-032.log: file already closed
zerolog: could not write event: write experiment-output/0002/slave-015/client-011.log: file already closed
zerolog: could not write event: write experiment-output/0002/slave-015/client-011.log: file already closed
zerolog: could not write event: write experiment-output/0002/slave-015/client-011.log: file already closed
zerolog: could not write event: write experiment-output/0002/slave-015/client-032.log: file already closed
zerolog: could not write event: write experiment-output/0002/slave-015/client-032.log: file already closed
zerolog: could not write event: write experiment-output/0002/slave-015/client-011.log: file already closed
zerolog: could not write event: write experiment-output/0002/slave-015/client-054.log: file already closed
zerolog: could not write event: write experiment-output/0002/slave-015/client-054.log: file already closed
zerolog: could not write event: write experiment-output/0002/slave-015/client-054.log: file already closed
zerolog: could not write event: write experiment-output/0002/slave-015/client-054.log: file already closed
zerolog: could not write event: write experiment-output/0002/slave-015/client-060.log: file already closed
zerolog: could not write event: write experiment-output/0002/slave-015/client-060.log: file already closed
zerolog: could not write event: write experiment-output/0002/slave-015/client-005.log: file already closed
zerolog: could not write event: write experiment-output/0002/slave-015/client-001.log: file already closed
zerolog: could not write event: write experiment-output/0002/slave-015/client-060.log: file already closed
zerolog: could not write event: write experiment-output/0002/slave-015/client-005.log: file already closed
zerolog: could not write event: write experiment-output/0002/slave-015/client-005.log: file already closed
zerolog: could not write event: write experiment-output/0002/slave-015/client-002.log: file already closed
zerolog: could not write event: write experiment-output/0002/slave-015/client-005.log: file already closed
zerolog: could not write event: write experiment-output/0002/slave-015/client-003.log: file already closed
zerolog: could not write event: write experiment-output/0002/slave-015/client-001.log: file already closed
zerolog: could not write event: write experiment-output/0002/slave-015/client-002.log: file already closed
zerolog: could not write event: write experiment-output/0002/slave-015/client-060.log: file already closed
zerolog: could not write event: write experiment-output/0002/slave-015/client-002.log: file already closed
zerolog: could not write event: write experiment-output/0002/slave-015/client-002.log: file already closed
zerolog: could not write event: write experiment-output/0002/slave-015/client-003.log: file already closed
zerolog: could not write event: write experiment-output/0002/slave-015/client-001.log: file already closed
zerolog: could not write event: write experiment-output/0002/slave-015/client-001.log: file already closed
zerolog: could not write event: write experiment-output/0002/slave-015/client-003.log: file already closed
zerolog: could not write event: write experiment-output/0002/slave-015/client-003.log: file already closed
zerolog: could not write event: write experiment-output/0002/slave-015/client-032.log: file already closed
zerolog: could not write event: write experiment-output/0002/slave-015/client-032.log: file already closed
zerolog: could not write event: write experiment-output/0002/slave-015/client-032.log: file already closed
zerolog: could not write event: write experiment-output/0002/slave-015/client-011.log: file already closed
zerolog: could not write event: write experiment-output/0002/slave-015/client-011.log: file already closed
zerolog: could not write event: write experiment-output/0002/slave-015/client-011.log: file already closed
zerolog: could not write event: write experiment-output/0002/slave-015/client-011.log: file already closed
zerolog: could not write event: write experiment-output/0002/slave-015/client-032.log: file already closed
zerolog: could not write event: write experiment-output/0002/slave-015/client-054.log: file already closed
zerolog: could not write event: write experiment-output/0002/slave-015/client-054.log: file already closed
zerolog: could not write event: write experiment-output/0002/slave-015/client-054.log: file already closed
zerolog: could not write event: write experiment-output/0002/slave-015/client-054.log: file already closed
17:56:04.770 INF Profile data written. filename=experiment-output/0002/slave-015/prof-client.cpu name=cpu
zerolog: could not write event: write experiment-output/0002/slave-015/client-060.log: file already closed
zerolog: could not write event: write experiment-output/0002/slave-015/client-060.log: file already closed
zerolog: could not write event: write experiment-output/0002/slave-015/client-060.log: file already closed
zerolog: could not write event: write experiment-output/0002/slave-015/client-001.log: file already closed
zerolog: could not write event: write experiment-output/0002/slave-015/client-001.log: file already closed
zerolog: could not write event: write experiment-output/0002/slave-015/client-002.log: file already closed
zerolog: could not write event: write experiment-output/0002/slave-015/client-002.log: file already closed
zerolog: could not write event: write experiment-output/0002/slave-015/client-005.log: file already closed
zerolog: could not write event: write experiment-output/0002/slave-015/client-005.log: file already closed
zerolog: could not write event: write experiment-output/0002/slave-015/client-060.log: file already closed
zerolog: could not write event: write experiment-output/0002/slave-015/client-001.log: file already closed
zerolog: could not write event: write experiment-output/0002/slave-015/client-005.log: file already closed
zerolog: could not write event: write experiment-output/0002/slave-015/client-003.log: file already closed
zerolog: could not write event: write experiment-output/0002/slave-015/client-003.log: file already closed
zerolog: could not write event: write experiment-output/0002/slave-015/client-001.log: file already closed
zerolog: could not write event: write experiment-output/0002/slave-015/client-003.log: file already closed
zerolog: could not write event: write experiment-output/0002/slave-015/client-002.log: file already closed
zerolog: could not write event: write experiment-output/0002/slave-015/client-003.log: file already closed
zerolog: could not write event: write experiment-output/0002/slave-015/client-002.log: file already closed
zerolog: could not write event: write experiment-output/0002/slave-015/client-005.log: file already closed
zerolog: could not write event: write experiment-output/0002/slave-015/client-032.log: file already closed
zerolog: could not write event: write experiment-output/0002/slave-015/client-032.log: file already closed
zerolog: could not write event: write experiment-output/0002/slave-015/client-011.log: file already closed
zerolog: could not write event: write experiment-output/0002/slave-015/client-011.log: file already closed
zerolog: could not write event: write experiment-output/0002/slave-015/client-011.log: file already closed
zerolog: could not write event: write experiment-output/0002/slave-015/client-011.log: file already closed
zerolog: could not write event: write experiment-output/0002/slave-015/client-032.log: file already closed
zerolog: could not write event: write experiment-output/0002/slave-015/client-032.log: file already closed
17:56:04.790 INF Profile data written. filename=experiment-output/0002/slave-015/prof-client.block name=block
17:56:04.799 INF Profile data written. filename=experiment-output/0002/slave-015/prof-client.mutex name=mutex
